Loading database information...ak2-timing	opts	0.002489	0.000012	0	0	0.000000	0.000011
ak2-timing	taxo	0.002506	0.075226	87824	0	0.010544	0.077886
ak2-engine	mem	t_s	15.0	rss_kib	43098872	hwm_kib	43098876	heap_inuse	403906560	sys	434231656	avail_kib	51669808
ak2-timing	shard-load-14	0.140822	25.464909	42058	0	32.654855	26.121041
ak2-engine	mem	t_s	30.0	rss_kib	72975400	hwm_kib	72975404	heap_inuse	407027712	sys	434493800	avail_kib	21902868
ak2-timing	rendezvous	26.042900	5.135480	901	0	0.042171	0.009151
ak2-timing	connect	31.178390	0.017134	289	0	0.005642	0.004524
ak2-timing	hash	0.077767	31.117767	45108	0	32.703408	26.146232
 done.
16180463 sequences (3026.48 Mbp) processed in 7.558s (128451.2 Kseq/m, 24026.22 Mbp/m).
  15739294 sequences classified (97.27%)
  441169 sequences unclassified (2.73%)
ak2-sample	batch	0	name	0-SRR5935770	mode	parallel	s3client	sdk	rank	14	role	home	inflight	1	threads	16	start_s	31.195572	wall_s	8.357261	setup_s	0.000036	classify_s	7.557948	close_s	0.221381	report_s	0.570091	status	0	sequences	16180463	bases	3026482353	classified	15739294	place	lpt	weight	16180463
ak2-engine	mem	t_s	45.0	rss_kib	78394752	hwm_kib	78455720	heap_inuse	3093749760	sys	6158290872	avail_kib	15969692
15500933 sequences (2889.47 Mbp) processed in 7.138s (130292.0 Kseq/m, 24287.23 Mbp/m).
  14777244 sequences classified (95.33%)
  723689 sequences unclassified (4.67%)
ak2-sample	batch	0	name	0-SRR5935808	mode	parallel	s3client	sdk	rank	14	role	home	inflight	1	threads	16	start_s	39.552849	wall_s	7.677010	setup_s	0.000040	classify_s	7.138246	close_s	0.329363	report_s	0.202571	status	0	sequences	15500933	bases	2889469649	classified	14777244	place	lpt	weight	15500933
13253368 sequences (2414.15 Mbp) processed in 5.940s (133874.1 Kseq/m, 24385.69 Mbp/m).
  12329188 sequences classified (93.03%)
  924180 sequences unclassified (6.97%)
ak2-sample	batch	0	name	0-SRR5935804	mode	parallel	s3client	sdk	rank	14	role	home	inflight	1	threads	16	start_s	47.229873	wall_s	6.392410	setup_s	0.000038	classify_s	5.939927	close_s	0.300377	report_s	0.144068	status	0	sequences	13253368	bases	2414153428	classified	12329188	place	lpt	weight	13253368
11374148 sequences (2063.47 Mbp) processed in 5.203s (131158.9 Kseq/m, 23794.49 Mbp/m).
  10686284 sequences classified (93.95%)
  687864 sequences unclassified (6.05%)
ak2-sample	batch	0	name	0-SRR5935769	mode	parallel	s3client	sdk	rank	14	role	home	inflight	1	threads	16	start_s	53.622296	wall_s	5.597177	setup_s	0.000038	classify_s	5.203222	close_s	0.242055	report_s	0.143460	status	0	sequences	11374148	bases	2063466726	classified	10686284	place	lpt	weight	11374148
ak2-engine	mem	t_s	60.0	rss_kib	77517296	hwm_kib	78955672	heap_inuse	4662018048	sys	6667153576	avail_kib	16007184
8439357 sequences (1550.81 Mbp) processed in 4.105s (123354.2 Kseq/m, 22667.51 Mbp/m).
  8138623 sequences classified (96.44%)
  300734 sequences unclassified (3.56%)
ak2-sample	batch	0	name	0-SRR5935797	mode	parallel	s3client	sdk	rank	14	role	home	inflight	1	threads	16	start_s	59.219486	wall_s	4.503761	setup_s	0.000048	classify_s	4.104937	close_s	0.256769	report_s	0.135847	status	0	sequences	8439357	bases	1550811438	classified	8138623	place	lpt	weight	8439357
7153468 sequences (1337.27 Mbp) processed in 3.469s (123733.3 Kseq/m, 23130.67 Mbp/m).
  6947959 sequences classified (97.13%)
  205509 sequences unclassified (2.87%)
ak2-sample	batch	0	name	0-SRR5935815	mode	parallel	s3client	sdk	rank	14	role	home	inflight	1	threads	16	start_s	63.723259	wall_s	3.919612	setup_s	0.000040	classify_s	3.468818	close_s	0.301350	report_s	0.144110	status	0	sequences	7153468	bases	1337267943	classified	6947959	place	lpt	weight	7153468
ak2-timing	batch-barrier-0	67.642881	0.503386	0	0	0.095743	0.001682
10479816 sequences (1916.83 Mbp) processed in 4.736s (132779.0 Kseq/m, 24286.19 Mbp/m).
  9679024 sequences classified (92.36%)
  800792 sequences unclassified (7.64%)
ak2-sample	batch	1	name	1-SRR5935754	mode	parallel	s3client	sdk	rank	14	role	home	inflight	1	threads	16	start_s	68.146290	wall_s	5.120439	setup_s	0.000039	classify_s	4.735605	close_s	0.236806	report_s	0.137541	status	0	sequences	10479816	bases	1916830360	classified	9679024	place	mod	weight	10479816
ak2-engine	mem	t_s	75.0	rss_kib	78848392	hwm_kib	79156356	heap_inuse	4760584192	sys	6926045416	avail_kib	15553868
16180463 sequences (3026.48 Mbp) processed in 7.523s (129047.3 Kseq/m, 24137.72 Mbp/m).
  15739294 sequences classified (97.27%)
  441169 sequences unclassified (2.73%)
ak2-sample	batch	1	name	1-SRR5935770	mode	parallel	s3client	sdk	rank	14	role	home	inflight	1	threads	16	start_s	73.266741	wall_s	7.935378	setup_s	0.000034	classify_s	7.523037	close_s	0.248609	report_s	0.156161	status	0	sequences	16180463	bases	3026482353	classified	15739294	place	mod	weight	16180463
10054299 sequences (1885.64 Mbp) processed in 4.670s (129167.1 Kseq/m, 24224.77 Mbp/m).
  9575405 sequences classified (95.24%)
  478894 sequences unclassified (4.76%)
ak2-sample	batch	1	name	1-SRR5935786	mode	parallel	s3client	sdk	rank	14	role	home	inflight	1	threads	16	start_s	81.202137	wall_s	5.085880	setup_s	0.000034	classify_s	4.670369	close_s	0.223843	report_s	0.184368	status	0	sequences	10054299	bases	1885642952	classified	9575405	place	mod	weight	10054299
ak2-engine	mem	t_s	90.0	rss_kib	78705940	hwm_kib	79647436	heap_inuse	3361529856	sys	7471214952	avail_kib	15462100
16720060 sequences (3103.13 Mbp) processed in 7.683s (130579.9 Kseq/m, 24234.76 Mbp/m).
  16427692 sequences classified (98.25%)
  292368 sequences unclassified (1.75%)
ak2-sample	batch	1	name	1-SRR5935802	mode	parallel	s3client	sdk	rank	14	role	home	inflight	1	threads	16	start_s	86.288031	wall_s	8.080218	setup_s	0.000043	classify_s	7.682680	close_s	0.271456	report_s	0.120186	status	0	sequences	16720060	bases	3103131942	classified	16427692	place	mod	weight	16720060
8877621 sequences (1663.95 Mbp) processed in 4.173s (127647.0 Kseq/m, 23925.06 Mbp/m).
  8212460 sequences classified (92.51%)
  665161 sequences unclassified (7.49%)
ak2-sample	batch	1	name	1-SRR5935818	mode	parallel	s3client	sdk	rank	14	role	home	inflight	1	threads	16	start_s	94.368264	wall_s	4.534075	setup_s	0.000041	classify_s	4.172893	close_s	0.214965	report_s	0.138755	status	0	sequences	8877621	bases	1663945574	classified	8212460	place	mod	weight	8877621
ak2-engine	mem	t_s	105.0	rss_kib	78691748	hwm_kib	79647436	heap_inuse	3554705408	sys	7471247720	avail_kib	15646556
12610038 sequences (2321.59 Mbp) processed in 5.861s (129094.7 Kseq/m, 23767.20 Mbp/m).
  12099380 sequences classified (95.95%)
  510658 sequences unclassified (4.05%)
ak2-sample	batch	1	name	1-SRR5935834	mode	parallel	s3client	sdk	rank	14	role	home	inflight	1	threads	16	start_s	98.902352	wall_s	6.256605	setup_s	0.000035	classify_s	5.860831	close_s	0.260289	report_s	0.128632	status	0	sequences	12610038	bases	2321592529	classified	12099380	place	mod	weight	12610038
ak2-timing	batch-barrier-1	105.158969	9.394216	5	0	1.689804	0.202248
ak2-engine	mem	t_s	120.0	rss_kib	79333500	hwm_kib	79909036	heap_inuse	5552414720	sys	7593283976	avail_kib	15188764
16180463 sequences (3026.48 Mbp) processed in 7.556s (128476.5 Kseq/m, 24030.96 Mbp/m).
  15739294 sequences classified (97.27%)
  441169 sequences unclassified (2.73%)
ak2-sample	batch	2	name	2-SRR5935770	mode	parallel	s3client	sdk	rank	14	role	home	inflight	1	threads	16	start_s	114.553218	wall_s	8.031751	setup_s	0.000034	classify_s	7.556460	close_s	0.331695	report_s	0.136005	status	0	sequences	16180463	bases	3026482353	classified	15739294	place	lpt	weight	16180463
15500933 sequences (2889.47 Mbp) processed in 7.128s (130470.2 Kseq/m, 24320.45 Mbp/m).
  14777244 sequences classified (95.33%)
  723689 sequences unclassified (4.67%)
ak2-sample	batch	2	name	2-SRR5935808	mode	parallel	s3client	sdk	rank	14	role	home	inflight	1	threads	16	start_s	122.584984	wall_s	7.572070	setup_s	0.000032	classify_s	7.128494	close_s	0.226867	report_s	0.209704	status	0	sequences	15500933	bases	2889469649	classified	14777244	place	lpt	weight	15500933
ak2-engine	mem	t_s	135.0	rss_kib	78912156	hwm_kib	79909036	heap_inuse	5570199552	sys	7593283976	avail_kib	15408984
13253368 sequences (2414.15 Mbp) processed in 5.961s (133389.6 Kseq/m, 24297.45 Mbp/m).
  12329188 sequences classified (93.03%)
  924180 sequences unclassified (6.97%)
ak2-sample	batch	2	name	2-SRR5935804	mode	parallel	s3client	sdk	rank	14	role	home	inflight	1	threads	16	start_s	130.157068	wall_s	6.434610	setup_s	0.000043	classify_s	5.961499	close_s	0.323484	report_s	0.141259	status	0	sequences	13253368	bases	2414153428	classified	12329188	place	lpt	weight	13253368
11374148 sequences (2063.47 Mbp) processed in 5.213s (130925.4 Kseq/m, 23752.12 Mbp/m).
  10686284 sequences classified (93.95%)
  687864 sequences unclassified (6.05%)
ak2-sample	batch	2	name	2-SRR5935769	mode	parallel	s3client	sdk	rank	14	role	home	inflight	1	threads	16	start_s	136.591692	wall_s	5.638669	setup_s	0.000081	classify_s	5.212504	close_s	0.277448	report_s	0.139527	status	0	sequences	11374148	bases	2063466726	classified	10686284	place	lpt	weight	11374148
8439357 sequences (1550.81 Mbp) processed in 4.134s (122472.6 Kseq/m, 22505.50 Mbp/m).
  8138623 sequences classified (96.44%)
  300734 sequences unclassified (3.56%)
ak2-sample	batch	2	name	2-SRR5935797	mode	parallel	s3client	sdk	rank	14	role	home	inflight	1	threads	16	start_s	142.230376	wall_s	4.520791	setup_s	0.000037	classify_s	4.134487	close_s	0.213795	report_s	0.166256	status	0	sequences	8439357	bases	1550811438	classified	8138623	place	lpt	weight	8439357
ak2-engine	mem	t_s	150.0	rss_kib	79192776	hwm_kib	79909036	heap_inuse	4391067648	sys	7593283976	avail_kib	15108904
7153468 sequences (1337.27 Mbp) processed in 3.460s (124036.0 Kseq/m, 23187.26 Mbp/m).
  6947959 sequences classified (97.13%)
  205509 sequences unclassified (2.87%)
ak2-sample	batch	2	name	2-SRR5935815	mode	parallel	s3client	sdk	rank	14	role	home	inflight	1	threads	16	start_s	146.751182	wall_s	3.802682	setup_s	0.000038	classify_s	3.460352	close_s	0.223250	report_s	0.113473	status	0	sequences	7153468	bases	1337267943	classified	6947959	place	lpt	weight	7153468
ak2-timing	batch-barrier-2	150.553876	1.309756	0	0	0.092645	0.001624
ak2-timing	barrier	157.171104	0.988159	0	0	0.026608	0.001195
ak2-sample	batch	3	name	3-SRR5935740	mode	striped	s3client	sdk	rank	14	role	peer	inflight	1	threads	16	start_s	152.486308	wall_s	5.673010	setup_s	0.000030	classify_s	4.680759	close_s	0.000000	report_s	0.000000	status	0	sequences	0	bases	0	classified	0	place	-	weight	-
ak2-timing	batch-barrier-3	158.159328	0.531628	173	0	0.003775	0.000272
ak2-timing	barrier	164.198793	0.147965	0	0	0.002424	0.000175
ak2-sample	batch	4	name	4-SRR5935740	mode	striped	s3client	sdk	rank	14	role	peer	inflight	1	threads	16	start_s	159.521525	wall_s	4.825269	setup_s	0.000034	classify_s	4.674155	close_s	0.000000	report_s	0.000000	status	0	sequences	0	bases	0	classified	0	place	-	weight	-
ak2-timing	batch-barrier-4	164.346801	0.499732	1	0	0.000000	0.004051
ak2-engine	mem	t_s	165.0	rss_kib	76221968	hwm_kib	79909036	heap_inuse	3478749184	sys	7593283976	avail_kib	18638488
ak2-timing	barrier	170.310710	0.067833	0	0	0.000077	0.000006
ak2-sample	batch	5	name	5-SRR5935740	mode	striped	s3client	sdk	rank	14	role	peer	inflight	1	threads	16	start_s	165.621820	wall_s	4.756757	setup_s	0.000030	classify_s	4.685869	close_s	0.000000	report_s	0.000000	status	0	sequences	0	bases	0	classified	0	place	-	weight	-
ak2-timing	batch-barrier-5	170.378584	0.509716	0	0	0.000000	0.004168
ak2-timing	batch-barrier-6	170.888311	6.091015	0	0	0.566884	0.064309
ak2-engine	mem	t_s	180.0	rss_kib	76457188	hwm_kib	79909036	heap_inuse	2934300672	sys	7593283976	avail_kib	18520996
ak2-timing	batch-barrier-7	176.979340	5.050413	20	0	0.554928	0.063305
ak2-timing	batch-barrier-8	182.029770	6.127574	2	0	0.567596	0.047756
ak2-engine	shard	0	n	16	lo	260113803199	hi	278693360570	tail	302	full	false	empty_at	18579557380	keys	8473287081	batches	89910	probe_s	162.640446	tail_probes	0	wrap_probes	0
ak2-engine	mem	t_s	188.2	rss_kib	76457200	hwm_kib	79909036	heap_inuse	2935545856	sys	7593283976	avail_kib	18709964
ak2-engine	rendezvous	puts	13	gets	318
ak2-engine	s3	client	sdk	put	31	get	318	create_multipart	18	upload_part	2301	complete_multipart	18	abort_multipart	0	part_bytes	19229712437
ak2-engine	s3	client	cli	put	0	get	0	create_multipart	0	upload_part	0	complete_multipart	0	abort_multipart	0	part_bytes	0
ak2-engine	load	seconds	25.464907	requests	1126	retries	0	bytes	74318296292
ak2-engine	route	transport	nodes	calls	5794	keys	8744465919	batches	92704	route_s	58.873954	wait_s	47.617993	gather_s	12.662410
ak2-engine	worker	scan_s	440.840992	lookup_s	119.156454	classify_s	379.111988
ak2-timing	total	0.000000	188.262643	12600770	0	1385.672556	99.696564
