ak2: log tee up
ak2-phase	2026-10-08T05:44:07Z	1791438247	preamble	no
ak2: [2026-10-08T05:44:07Z] inherited $-=hBc (stub, as spawn started it: $-=hBc)
ak2: [2026-10-08T05:44:07Z] after set +e $-=hBc
ak2: [2026-10-08T05:44:07Z] gate=g3 run=20261008-054327-1a4dbfe-0536-n16-r9
ak2: [2026-10-08T05:44:07Z] aws shim installed and self-tested (/tmp/ak2-bin/aws -> /usr/bin/aws)
ak2: [2026-10-08T05:44:07Z] imds region=us-west-2 az=us-west-2a instance=i-04a2917ebbdec9c18 type=c8g.16xlarge ami=ami-09325776a00699513
ak2: [2026-10-08T05:44:07Z] bucket aws-kraken2-942542972736-us-west-2 region=us-west-2
ak2: [2026-10-08T05:44:08Z] bucket aws-kraken2-942542972736-us-west-2 payer=UNKNOWN
ak2: [2026-10-08T05:44:08Z] WARN: could not read Payer of aws-kraken2-942542972736-us-west-2 from the instance (launch host verified it)
ak2: [2026-10-08T05:44:08Z] bucket kraken2-ncbi-refseq-complete-v205 region=us-west-2
ak2: [2026-10-08T05:44:09Z] bucket kraken2-ncbi-refseq-complete-v205 payer=BucketOwner
ak2: [2026-10-08T05:44:09Z] region assert passed
ak2: [2026-10-08T05:44:09Z] drop_caches_ok=true
ak2: [2026-10-08T05:44:09Z] preamble done; spec body starts
ak2-phase	2026-10-08T05:44:09Z	1791438249	body	no
ak2: [2026-10-08T05:44:09Z] e3 cohort 20261008-054327-1a4dbfe-0536-n16 rank 9 of 16, commit 1a4dbfe; RODA kraken2-ncbi-refseq-complete-v205/Kraken2_RefSeqCompleteV205; samples aws-kraken2-942542972736-us-west-2/aws-kraken2/data/cohort; cohort 100
ak2-phase	2026-10-08T05:44:09Z	1791438249	setup	no
ak2: [2026-10-08T05:44:44Z] built 1a4dbfe0bf36fd5744d2631453752d4e835af8b7; go version go1.27.1 linux/arm64; ip 172.31.22.10; nproc 64; mem_gib 123; threads 16, inflight 4
ak2-phase	2026-10-08T05:44:44Z	1791438284	manifest	no
ak2: [2026-10-08T05:44:45Z] staged s3://kraken2-ncbi-refseq-complete-v205/Kraken2_RefSeqCompleteV205/opts.k2d -> /home/ec2-user/ak2/db/roda/opts.k2d (56 bytes)
ak2: [2026-10-08T05:44:46Z] staged s3://kraken2-ncbi-refseq-complete-v205/Kraken2_RefSeqCompleteV205/taxo.k2d -> /home/ec2-user/ak2/db/roda/taxo.k2d (179150665 bytes)
ak2: [2026-10-08T05:44:46Z] RODA hash.k2d etag=f80959f9556b50d76b3e744afdd3b22a-8860 size=1189091671800
ak2: [2026-10-08T05:44:47Z] pushed out/rank9/c100.tsv
ak2: [2026-10-08T05:44:47Z] pushed out/rank9/placement.tsv
ak2: [2026-10-08T05:44:47Z] manifest c100: 306 lines in 9 batches; rank 9 reads 13 samples
ak2-phase	2026-10-08T05:44:47Z	1791438287	fetch	no
ak2: [2026-10-08T05:44:55Z] inputs staged and verified: 26 files, 15.08 GB
ak2: [2026-10-08T05:44:55Z] manifest c100: cohort: 306 samples in 9 batches check
ak2-phase	2026-10-08T05:44:55Z	1791438295	inv-c100	no
[c100] ak2-timing	taxo	0.003310	0.093148	87894	0	0.020828	0.074416
[c100] ak2-engine	mem	t_s	15.0	rss_kib	51571664	hwm_kib	51571664	heap_inuse	408264704	sys	446159208	avail_kib	75382824
[c100] ak2-timing	shard-load-9	0.164633	21.332217	42896	0	35.105641	34.417407
[c100] ak2-engine	mem	t_s	30.0	rss_kib	72980136	hwm_kib	72980148	heap_inuse	411738112	sys	446421352	avail_kib	54177544
[c100] ak2-engine	mem	t_s	45.0	rss_kib	72980396	hwm_kib	72980396	heap_inuse	412393472	sys	446421352	avail_kib	54442612
[c100] ak2-engine	mem	t_s	60.0	rss_kib	72980608	hwm_kib	72980608	heap_inuse	412852224	sys	446421352	avail_kib	54525900
[c100] ak2-engine	mem	t_s	75.0	rss_kib	72980656	hwm_kib	72980656	heap_inuse	413360128	sys	446421352	avail_kib	54594456
[c100] ak2-engine	mem	t_s	90.0	rss_kib	72981156	hwm_kib	72981160	heap_inuse	413925376	sys	450685304	avail_kib	54611784
[c100] ak2-engine	mem	t_s	105.0	rss_kib	72981740	hwm_kib	72981744	heap_inuse	414507008	sys	450685304	avail_kib	54627348
[c100] ak2-engine	mem	t_s	120.0	rss_kib	72982372	hwm_kib	72982376	heap_inuse	415145984	sys	450685304	avail_kib	54622776
[c100] ak2-engine	mem	t_s	135.0	rss_kib	72983496	hwm_kib	72983500	heap_inuse	190447616	sys	455707000	avail_kib	54631036
[c100] ak2-engine	mem	t_s	150.0	rss_kib	72984036	hwm_kib	72984040	heap_inuse	190914560	sys	455707000	avail_kib	54580308
[c100] ak2-engine	mem	t_s	165.0	rss_kib	72984308	hwm_kib	72984312	heap_inuse	191389696	sys	455707000	avail_kib	54633956
[c100] ak2-engine	mem	t_s	180.0	rss_kib	72984440	hwm_kib	72984440	heap_inuse	191905792	sys	455707000	avail_kib	54602924
[c100] ak2-engine	mem	t_s	195.0	rss_kib	72984456	hwm_kib	72984460	heap_inuse	192421888	sys	455707000	avail_kib	54614568
[c100] ak2-engine	mem	t_s	210.0	rss_kib	72984476	hwm_kib	72984476	heap_inuse	192970752	sys	455707000	avail_kib	54610068
[c100] ak2-engine	mem	t_s	225.0	rss_kib	72984484	hwm_kib	72984484	heap_inuse	193585152	sys	455707000	avail_kib	54597768
[c100] ak2-engine	mem	t_s	240.0	rss_kib	72984512	hwm_kib	72984512	heap_inuse	194281472	sys	455707000	avail_kib	54597956
[c100] ak2-engine	mem	t_s	255.0	rss_kib	72799792	hwm_kib	72982316	heap_inuse	188006400	sys	455731576	avail_kib	54798256
[c100] ak2-engine	mem	t_s	270.0	rss_kib	72799808	hwm_kib	72982316	heap_inuse	188448768	sys	455731576	avail_kib	54794616
[c100] ak2-engine	mem	t_s	285.0	rss_kib	72799820	hwm_kib	72982316	heap_inuse	188915712	sys	455731576	avail_kib	54808596
[c100] ak2-engine	mem	t_s	300.0	rss_kib	72799824	hwm_kib	72982316	heap_inuse	189489152	sys	455731576	avail_kib	54775436
[c100] ak2-engine	mem	t_s	315.0	rss_kib	72799824	hwm_kib	72982316	heap_inuse	190029824	sys	455731576	avail_kib	54818228
[c100] ak2-engine	mem	t_s	330.0	rss_kib	72799824	hwm_kib	72982316	heap_inuse	190676992	sys	455731576	avail_kib	54826876
[c100] ak2-engine	mem	t_s	345.0	rss_kib	72799824	hwm_kib	72982316	heap_inuse	191463424	sys	455731576	avail_kib	54831732
[c100] ak2-engine	mem	t_s	360.0	rss_kib	72799824	hwm_kib	72982316	heap_inuse	192159744	sys	455731576	avail_kib	54817892
[c100] ak2-engine	mem	t_s	375.0	rss_kib	72797544	hwm_kib	72982316	heap_inuse	187973632	sys	455764344	avail_kib	54827668
[c100] ak2-engine	mem	t_s	390.0	rss_kib	72797560	hwm_kib	72982316	heap_inuse	188375040	sys	455764344	avail_kib	54770016
[c100] ak2-engine	mem	t_s	405.0	rss_kib	72797568	hwm_kib	72982316	heap_inuse	188841984	sys	455764344	avail_kib	54823580
[c100] ak2-engine	mem	t_s	420.0	rss_kib	72797576	hwm_kib	72982316	heap_inuse	189349888	sys	455764344	avail_kib	54810848
[c100] ak2-engine	mem	t_s	435.0	rss_kib	72797584	hwm_kib	72982316	heap_inuse	189980672	sys	455764344	avail_kib	54823536
[c100] ak2-engine	mem	t_s	450.0	rss_kib	72797592	hwm_kib	72982316	heap_inuse	190619648	sys	455764344	avail_kib	54816648
[c100] ak2-engine	mem	t_s	465.0	rss_kib	72797592	hwm_kib	72982316	heap_inuse	191324160	sys	455764344	avail_kib	54810668
[c100] ak2-engine	mem	t_s	480.0	rss_kib	72797600	hwm_kib	72982316	heap_inuse	192004096	sys	455764344	avail_kib	54819588
[c100] ak2-engine	mem	t_s	495.0	rss_kib	72797632	hwm_kib	72982316	heap_inuse	187752448	sys	455772536	avail_kib	54784948
[c100] ak2-engine	mem	t_s	510.0	rss_kib	72797636	hwm_kib	72982316	heap_inuse	188178432	sys	455772536	avail_kib	54805224
[c100] ak2-engine	mem	t_s	525.0	rss_kib	72797636	hwm_kib	72982316	heap_inuse	188645376	sys	455772536	avail_kib	54809816
[c100] ak2-engine	mem	t_s	540.0	rss_kib	72797640	hwm_kib	72982316	heap_inuse	189284352	sys	455772536	avail_kib	54826924
[c100] ak2-engine	mem	t_s	555.0	rss_kib	72797644	hwm_kib	72982316	heap_inuse	189972480	sys	455772536	avail_kib	54806580
