Loading database information...ak2-timing	opts	0.002799	0.000013	0	0	0.000014	0.000000
ak2-timing	taxo	0.002817	0.077412	87834	0	0.014170	0.076886
ak2-engine	mem	t_s	15.0	rss_kib	44719588	hwm_kib	44719592	heap_inuse	404848640	sys	439867752	avail_kib	49982936
ak2-timing	shard-load-5	0.145536	24.842469	42230	0	27.567735	22.643762
ak2-engine	mem	t_s	30.0	rss_kib	72978688	hwm_kib	72978692	heap_inuse	409968640	sys	444062056	avail_kib	21867584
ak2-engine	mem	t_s	45.0	rss_kib	72981612	hwm_kib	72981616	heap_inuse	413556736	sys	444062056	avail_kib	22225968
ak2-timing	rendezvous	25.591290	23.925009	2350	0	0.048693	0.009644
ak2-timing	connect	49.516312	0.006122	0	0	0.000656	0.000000
ak2-timing	hash	0.080324	49.442119	46408	0	27.617731	22.664609
 done.
18392491 sequences (3418.71 Mbp) processed in 8.330s (132478.5 Kseq/m, 24624.44 Mbp/m).
  18064386 sequences classified (98.22%)
  328105 sequences unclassified (1.78%)
ak2-sample	batch	0	name	0-SRR5935803	mode	parallel	s3client	sdk	rank	5	role	home	inflight	1	threads	16	start_s	49.522466	wall_s	8.793172	setup_s	0.000030	classify_s	8.330029	close_s	0.300999	report_s	0.155439	status	0	sequences	18392491	bases	3418705365	classified	18064386	place	lpt	weight	18392491
ak2-engine	mem	t_s	60.0	rss_kib	78482880	hwm_kib	78482880	heap_inuse	4916903936	sys	6062907416	avail_kib	16644636
14472574 sequences (2738.53 Mbp) processed in 6.779s (128098.6 Kseq/m, 24239.08 Mbp/m).
  14022498 sequences classified (96.89%)
  450076 sequences unclassified (3.11%)
ak2-sample	batch	0	name	0-SRR5935806	mode	parallel	s3client	sdk	rank	5	role	home	inflight	1	threads	16	start_s	58.315650	wall_s	7.152007	setup_s	0.000040	classify_s	6.778796	close_s	0.241171	report_s	0.125694	status	0	sequences	14472574	bases	2738529910	classified	14022498	place	lpt	weight	14472574
12325847 sequences (2261.51 Mbp) processed in 5.544s (133402.1 Kseq/m, 24476.25 Mbp/m).
  11791754 sequences classified (95.67%)
  534093 sequences unclassified (4.33%)
ak2-sample	batch	0	name	0-SRR5935742	mode	parallel	s3client	sdk	rank	5	role	home	inflight	1	threads	16	start_s	65.467670	wall_s	5.946028	setup_s	0.000036	classify_s	5.543771	close_s	0.237336	report_s	0.157773	status	0	sequences	12325847	bases	2261511731	classified	11791754	place	lpt	weight	12325847
ak2-engine	mem	t_s	75.0	rss_kib	78468560	hwm_kib	79331888	heap_inuse	4274864128	sys	6974288104	avail_kib	15432368
10896278 sequences (2024.82 Mbp) processed in 5.194s (125860.2 Kseq/m, 23388.22 Mbp/m).
  10712521 sequences classified (98.31%)
  183757 sequences unclassified (1.69%)
ak2-sample	batch	0	name	0-SRR5935819	mode	parallel	s3client	sdk	rank	5	role	home	inflight	1	threads	16	start_s	71.413712	wall_s	5.604695	setup_s	0.000069	classify_s	5.194466	close_s	0.273634	report_s	0.132576	status	0	sequences	10896278	bases	2024821947	classified	10712521	place	lpt	weight	10896278
9108174 sequences (1698.33 Mbp) processed in 4.209s (129850.5 Kseq/m, 24212.24 Mbp/m).
  8923230 sequences classified (97.97%)
  184944 sequences unclassified (2.03%)
ak2-sample	batch	0	name	0-SRR5935812	mode	parallel	s3client	sdk	rank	5	role	home	inflight	1	threads	16	start_s	77.018419	wall_s	4.588411	setup_s	0.000037	classify_s	4.208613	close_s	0.228395	report_s	0.146261	status	0	sequences	9108174	bases	1698332428	classified	8923230	place	lpt	weight	9108174
5174437 sequences (978.78 Mbp) processed in 2.501s (124128.1 Kseq/m, 23479.62 Mbp/m).
  5104140 sequences classified (98.64%)
  70297 sequences unclassified (1.36%)
ak2-sample	batch	0	name	0-SRR5935763	mode	parallel	s3client	sdk	rank	5	role	home	inflight	1	threads	16	start_s	81.606843	wall_s	3.046955	setup_s	0.000044	classify_s	2.501176	close_s	0.377220	report_s	0.165370	status	0	sequences	5174437	bases	978777662	classified	5104140	place	lpt	weight	5174437
ak2-timing	batch-barrier-0	84.653811	2.201580	2	0	0.490759	0.053046
ak2-engine	mem	t_s	90.0	rss_kib	78737064	hwm_kib	79331888	heap_inuse	4047265792	sys	6974288104	avail_kib	14791160
10492437 sequences (1984.14 Mbp) processed in 5.031s (125125.2 Kseq/m, 23661.42 Mbp/m).
  9889429 sequences classified (94.25%)
  603008 sequences unclassified (5.75%)
ak2-sample	batch	1	name	1-SRR5935745	mode	parallel	s3client	sdk	rank	5	role	home	inflight	1	threads	16	start_s	86.855411	wall_s	5.463000	setup_s	0.000040	classify_s	5.031332	close_s	0.297323	report_s	0.126526	status	0	sequences	10492437	bases	1984140901	classified	9889429	place	mod	weight	10492437
14191749 sequences (2646.88 Mbp) processed in 6.532s (130352.7 Kseq/m, 24311.86 Mbp/m).
  13987275 sequences classified (98.56%)
  204474 sequences unclassified (1.44%)
ak2-sample	batch	1	name	1-SRR5935761	mode	parallel	s3client	sdk	rank	5	role	home	inflight	1	threads	16	start_s	92.318423	wall_s	6.890220	setup_s	0.000038	classify_s	6.532314	close_s	0.213921	report_s	0.138649	status	0	sequences	14191749	bases	2646878118	classified	13987275	place	mod	weight	14191749
8173049 sequences (1459.57 Mbp) processed in 3.900s (125751.5 Kseq/m, 22457.05 Mbp/m).
  7956066 sequences classified (97.35%)
  216983 sequences unclassified (2.65%)
ak2-sample	batch	1	name	1-SRR5935777	mode	parallel	s3client	sdk	rank	5	role	home	inflight	1	threads	16	start_s	99.208657	wall_s	4.355971	setup_s	0.000043	classify_s	3.899620	close_s	0.299629	report_s	0.152040	status	0	sequences	8173049	bases	1459565869	classified	7956066	place	mod	weight	8173049
1771479 sequences (333.19 Mbp) processed in 0.979s (108577.8 Kseq/m, 20421.76 Mbp/m).
  1476454 sequences classified (83.35%)
  295025 sequences unclassified (16.65%)
ak2-sample	batch	1	name	1-SRR5935793	mode	parallel	s3client	sdk	rank	5	role	home	inflight	1	threads	16	start_s	103.564640	wall_s	1.366856	setup_s	0.000043	classify_s	0.978919	close_s	0.217713	report_s	0.164595	status	0	sequences	1771479	bases	333187068	classified	1476454	place	mod	weight	1771479
ak2-engine	mem	t_s	105.0	rss_kib	77388188	hwm_kib	79331888	heap_inuse	1863131136	sys	6978523368	avail_kib	15711284
1539039 sequences (293.66 Mbp) processed in 0.912s (101286.4 Kseq/m, 19326.05 Mbp/m).
  1494119 sequences classified (97.08%)
  44920 sequences unclassified (2.92%)
ak2-sample	batch	1	name	1-SRR5935809	mode	parallel	s3client	sdk	rank	5	role	home	inflight	1	threads	16	start_s	104.931509	wall_s	1.287827	setup_s	0.000042	classify_s	0.911695	close_s	0.223145	report_s	0.150130	status	0	sequences	1539039	bases	293657718	classified	1494119	place	mod	weight	1539039
11458367 sequences (2115.94 Mbp) processed in 5.223s (131622.6 Kseq/m, 24305.81 Mbp/m).
  9654089 sequences classified (84.25%)
  1804278 sequences unclassified (15.75%)
ak2-sample	batch	1	name	1-SRR5935825	mode	parallel	s3client	sdk	rank	5	role	home	inflight	1	threads	16	start_s	106.219349	wall_s	5.609566	setup_s	0.000042	classify_s	5.223283	close_s	0.240623	report_s	0.132279	status	0	sequences	11458367	bases	2115935464	classified	9654089	place	mod	weight	11458367
ak2-engine	mem	t_s	120.0	rss_kib	78588604	hwm_kib	79331888	heap_inuse	5402394624	sys	6978523368	avail_kib	15405208
ak2-timing	batch-barrier-1	111.828928	22.020757	6	0	13.673335	1.615125
ak2-engine	mem	t_s	135.0	rss_kib	77717824	hwm_kib	79331888	heap_inuse	3182567424	sys	6978785512	avail_kib	17000120
18392491 sequences (3418.71 Mbp) processed in 8.347s (132205.5 Kseq/m, 24573.70 Mbp/m).
  18064386 sequences classified (98.22%)
  328105 sequences unclassified (1.78%)
ak2-sample	batch	2	name	2-SRR5935803	mode	parallel	s3client	sdk	rank	5	role	home	inflight	1	threads	16	start_s	133.849721	wall_s	8.785782	setup_s	0.000037	classify_s	8.347230	close_s	0.278397	report_s	0.153410	status	0	sequences	18392491	bases	3418705365	classified	18064386	place	lpt	weight	18392491
14472574 sequences (2738.53 Mbp) processed in 6.760s (128454.0 Kseq/m, 24306.33 Mbp/m).
  14022498 sequences classified (96.89%)
  450076 sequences unclassified (3.11%)
ak2-sample	batch	2	name	2-SRR5935806	mode	parallel	s3client	sdk	rank	5	role	home	inflight	1	threads	16	start_s	142.635518	wall_s	7.139683	setup_s	0.000049	classify_s	6.760040	close_s	0.238568	report_s	0.134499	status	0	sequences	14472574	bases	2738529910	classified	14022498	place	lpt	weight	14472574
ak2-engine	mem	t_s	150.0	rss_kib	78740796	hwm_kib	79331888	heap_inuse	3428728832	sys	7130784024	avail_kib	15491216
12325847 sequences (2261.51 Mbp) processed in 5.543s (133423.2 Kseq/m, 24480.11 Mbp/m).
  11791754 sequences classified (95.67%)
  534093 sequences unclassified (4.33%)
ak2-sample	batch	2	name	2-SRR5935742	mode	parallel	s3client	sdk	rank	5	role	home	inflight	1	threads	16	start_s	149.775215	wall_s	5.947549	setup_s	0.000040	classify_s	5.542896	close_s	0.245894	report_s	0.151734	status	0	sequences	12325847	bases	2261511731	classified	11791754	place	lpt	weight	12325847
10896278 sequences (2024.82 Mbp) processed in 5.208s (125528.2 Kseq/m, 23326.51 Mbp/m).
  10712521 sequences classified (98.31%)
  183757 sequences unclassified (1.69%)
ak2-sample	batch	2	name	2-SRR5935819	mode	parallel	s3client	sdk	rank	5	role	home	inflight	1	threads	16	start_s	155.722778	wall_s	5.592614	setup_s	0.000039	classify_s	5.208207	close_s	0.217840	report_s	0.162491	status	0	sequences	10896278	bases	2024821947	classified	10712521	place	lpt	weight	10896278
ak2-engine	mem	t_s	165.0	rss_kib	79189188	hwm_kib	79807244	heap_inuse	4322369536	sys	7659848088	avail_kib	14482764
9108174 sequences (1698.33 Mbp) processed in 4.204s (129996.8 Kseq/m, 24239.52 Mbp/m).
  8923230 sequences classified (97.97%)
  184944 sequences unclassified (2.03%)
ak2-sample	batch	2	name	2-SRR5935812	mode	parallel	s3client	sdk	rank	5	role	home	inflight	1	threads	16	start_s	161.315418	wall_s	4.620157	setup_s	0.000057	classify_s	4.203876	close_s	0.265825	report_s	0.145594	status	0	sequences	9108174	bases	1698332428	classified	8923230	place	lpt	weight	9108174
5174437 sequences (978.78 Mbp) processed in 2.501s (124158.5 Kseq/m, 23485.36 Mbp/m).
  5104140 sequences classified (98.64%)
  70297 sequences unclassified (1.36%)
ak2-sample	batch	2	name	2-SRR5935763	mode	parallel	s3client	sdk	rank	5	role	home	inflight	1	threads	16	start_s	165.935588	wall_s	2.885652	setup_s	0.000044	classify_s	2.500565	close_s	0.287956	report_s	0.094002	status	0	sequences	5174437	bases	978777662	classified	5104140	place	lpt	weight	5174437
ak2-timing	batch-barrier-2	168.821253	1.392588	1	0	0.131678	0.022344
ak2-timing	barrier	175.557029	1.027861	0	0	0.030197	0.000729
ak2-sample	batch	3	name	3-SRR5935740	mode	striped	s3client	sdk	rank	5	role	peer	inflight	1	threads	16	start_s	170.951946	wall_s	5.632976	setup_s	0.000030	classify_s	4.601228	close_s	0.000000	report_s	0.000000	status	0	sequences	0	bases	0	classified	0	place	-	weight	-
ak2-timing	batch-barrier-3	176.584929	0.566142	188	0	0.004170	0.000000
ak2-engine	mem	t_s	180.0	rss_kib	74761212	hwm_kib	79807244	heap_inuse	2135924736	sys	7659856280	avail_kib	19559272
ak2-timing	barrier	182.547118	0.225260	0	0	0.012825	0.000000
ak2-sample	batch	4	name	4-SRR5935740	mode	striped	s3client	sdk	rank	5	role	peer	inflight	1	threads	16	start_s	177.947508	wall_s	4.824906	setup_s	0.000029	classify_s	4.596473	close_s	0.000000	report_s	0.000000	status	0	sequences	0	bases	0	classified	0	place	-	weight	-
ak2-timing	batch-barrier-4	182.772420	0.591501	77	0	0.004043	0.000000
ak2-timing	barrier	188.656323	0.147808	0	0	0.006054	0.009034
ak2-sample	batch	5	name	5-SRR5935740	mode	striped	s3client	sdk	rank	5	role	peer	inflight	1	threads	16	start_s	184.047745	wall_s	4.756422	setup_s	0.000031	classify_s	4.605139	close_s	0.000000	report_s	0.000000	status	0	sequences	0	bases	0	classified	0	place	-	weight	-
ak2-timing	batch-barrier-5	188.804174	0.486101	8	0	0.004176	0.000300
ak2-engine	mem	t_s	195.0	rss_kib	76312844	hwm_kib	79807244	heap_inuse	3740639232	sys	7659856280	avail_kib	18553388
ak2-timing	batch-barrier-6	189.290285	6.121164	0	0	0.580270	0.046503
ak2-timing	batch-barrier-7	195.411464	5.129525	0	0	0.545570	0.069088
ak2-timing	batch-barrier-8	200.541002	6.106931	1	0	0.558025	0.061384
ak2-engine	shard	0	n	16	lo	92897786856	hi	111477344228	tail	302	full	false	empty_at	18579557371	keys	8481868707	batches	89910	probe_s	160.515594	tail_probes	0	wrap_probes	0
ak2-engine	mem	t_s	206.6	rss_kib	76312848	hwm_kib	79807244	heap_inuse	3742801920	sys	7659856280	avail_kib	18802040
ak2-engine	rendezvous	puts	13	gets	668
ak2-engine	s3	client	sdk	put	31	get	668	create_multipart	18	upload_part	1954	complete_multipart	18	abort_multipart	0	part_bytes	16316237306
ak2-engine	s3	client	cli	put	0	get	0	create_multipart	0	upload_part	0	complete_multipart	0	abort_multipart	0	part_bytes	0
ak2-engine	load	seconds	24.842468	requests	1126	retries	0	bytes	74318296296
ak2-engine	route	transport	nodes	calls	5023	keys	7604277505	batches	80368	route_s	51.040749	wait_s	42.633625	gather_s	11.012225
ak2-engine	worker	scan_s	386.023923	lookup_s	104.688211	classify_s	328.848239
ak2-timing	total	0.000000	206.753281	10555595	0	1228.580234	88.388614
