Loading database information...ak2-timing	opts	0.002515	0.000013	0	0	0.000013	0.000000
ak2-timing	taxo	0.002533	0.090614	87857	0	0.026668	0.077739
ak2-engine	mem	t_s	15.0	rss_kib	44854680	hwm_kib	44854688	heap_inuse	404922368	sys	439400808	avail_kib	49820016
ak2-timing	shard-load-6	0.161058	25.204682	42228	0	27.146671	19.329002
ak2-engine	mem	t_s	30.0	rss_kib	72977592	hwm_kib	72977596	heap_inuse	409436160	sys	440187240	avail_kib	21862356
ak2-engine	mem	t_s	45.0	rss_kib	72982380	hwm_kib	72982384	heap_inuse	414892032	sys	444381544	avail_kib	22193584
ak2-timing	rendezvous	25.790649	19.420629	4245	0	0.145910	0.000000
ak2-timing	connect	45.211289	0.013609	293	0	0.009281	0.004559
ak2-timing	hash	0.093241	45.131673	48573	0	27.313202	19.334081
 done.
18129553 sequences (3409.03 Mbp) processed in 8.462s (128551.4 Kseq/m, 24172.44 Mbp/m).
  17831449 sequences classified (98.36%)
  298104 sequences unclassified (1.64%)
ak2-sample	batch	0	name	0-SRR5935762	mode	parallel	s3client	sdk	rank	6	role	home	inflight	1	threads	16	start_s	45.224941	wall_s	8.821539	setup_s	0.000045	classify_s	8.461775	close_s	0.224472	report_s	0.128949	status	0	sequences	18129553	bases	3409028279	classified	17831449	place	lpt	weight	18129553
ak2-engine	mem	t_s	60.0	rss_kib	79113996	hwm_kib	79282324	heap_inuse	5508284416	sys	6938398952	avail_kib	15475040
14615323 sequences (2691.06 Mbp) processed in 6.828s (128427.4 Kseq/m, 23646.83 Mbp/m).
  14358414 sequences classified (98.24%)
  256909 sequences unclassified (1.76%)
ak2-sample	batch	0	name	0-SRR5935838	mode	parallel	s3client	sdk	rank	6	role	home	inflight	1	threads	16	start_s	54.046493	wall_s	7.247348	setup_s	0.000046	classify_s	6.828136	close_s	0.295813	report_s	0.117960	status	0	sequences	14615323	bases	2691062094	classified	14358414	place	lpt	weight	14615323
12610038 sequences (2321.59 Mbp) processed in 5.841s (129543.5 Kseq/m, 23849.83 Mbp/m).
  12099380 sequences classified (95.95%)
  510658 sequences unclassified (4.05%)
ak2-sample	batch	0	name	0-SRR5935834	mode	parallel	s3client	sdk	rank	6	role	home	inflight	1	threads	16	start_s	61.293855	wall_s	6.242130	setup_s	0.000039	classify_s	5.840526	close_s	0.268436	report_s	0.126260	status	0	sequences	12610038	bases	2321592529	classified	12099380	place	lpt	weight	12610038
10716528 sequences (1994.96 Mbp) processed in 4.976s (129208.4 Kseq/m, 24053.10 Mbp/m).
  10376259 sequences classified (96.82%)
  340269 sequences unclassified (3.18%)
ak2-sample	batch	0	name	0-SRR5935780	mode	parallel	s3client	sdk	rank	6	role	home	inflight	1	threads	16	start_s	67.535998	wall_s	5.398436	setup_s	0.000043	classify_s	4.976391	close_s	0.231381	report_s	0.185709	status	0	sequences	10716528	bases	1994960359	classified	10376259	place	lpt	weight	10716528
ak2-engine	mem	t_s	75.0	rss_kib	78399492	hwm_kib	79282324	heap_inuse	5219811328	sys	6938947816	avail_kib	15398856
9202475 sequences (1711.99 Mbp) processed in 4.283s (128917.9 Kseq/m, 23983.37 Mbp/m).
  8810259 sequences classified (95.74%)
  392216 sequences unclassified (4.26%)
ak2-sample	batch	0	name	0-SRR5935790	mode	parallel	s3client	sdk	rank	6	role	home	inflight	1	threads	16	start_s	72.934448	wall_s	4.690820	setup_s	0.000039	classify_s	4.282947	close_s	0.270765	report_s	0.130947	status	0	sequences	9202475	bases	1711991411	classified	8810259	place	lpt	weight	9202475
3168882 sequences (592.65 Mbp) processed in 1.644s (115657.5 Kseq/m, 21630.39 Mbp/m).
  3127330 sequences classified (98.69%)
  41552 sequences unclassified (1.31%)
ak2-sample	batch	0	name	0-SRR5935776	mode	parallel	s3client	sdk	rank	6	role	home	inflight	1	threads	16	start_s	77.625281	wall_s	2.017101	setup_s	0.000035	classify_s	1.643931	close_s	0.231649	report_s	0.138815	status	0	sequences	3168882	bases	592648009	classified	3127330	place	lpt	weight	3168882
ak2-timing	batch-barrier-0	79.642396	2.449295	0	0	0.578745	0.086712
11012615 sequences (2057.95 Mbp) processed in 5.045s (130972.4 Kseq/m, 24475.13 Mbp/m).
  10686469 sequences classified (97.04%)
  326146 sequences unclassified (2.96%)
ak2-sample	batch	1	name	1-SRR5935746	mode	parallel	s3client	sdk	rank	6	role	home	inflight	1	threads	16	start_s	82.091714	wall_s	5.523771	setup_s	0.000037	classify_s	5.045009	close_s	0.316632	report_s	0.156567	status	0	sequences	11012615	bases	2057953866	classified	10686469	place	mod	weight	11012615
ak2-engine	mem	t_s	90.0	rss_kib	78563084	hwm_kib	79282324	heap_inuse	5578006528	sys	6938972392	avail_kib	15629076
18129553 sequences (3409.03 Mbp) processed in 8.441s (128873.2 Kseq/m, 24232.94 Mbp/m).
  17831449 sequences classified (98.36%)
  298104 sequences unclassified (1.64%)
ak2-sample	batch	1	name	1-SRR5935762	mode	parallel	s3client	sdk	rank	6	role	home	inflight	1	threads	16	start_s	87.615497	wall_s	8.932207	setup_s	0.000039	classify_s	8.440649	close_s	0.314579	report_s	0.170898	status	0	sequences	18129553	bases	3409028279	classified	17831449	place	mod	weight	18129553
10554303 sequences (1946.56 Mbp) processed in 5.215s (121429.4 Kseq/m, 22395.62 Mbp/m).
  10062971 sequences classified (95.34%)
  491332 sequences unclassified (4.66%)
ak2-sample	batch	1	name	1-SRR5935778	mode	parallel	s3client	sdk	rank	6	role	home	inflight	1	threads	16	start_s	96.547719	wall_s	5.775770	setup_s	0.000050	classify_s	5.215033	close_s	0.265987	report_s	0.286269	status	0	sequences	10554303	bases	1946564732	classified	10062971	place	mod	weight	10554303
ak2-engine	mem	t_s	105.0	rss_kib	78513052	hwm_kib	79282324	heap_inuse	5526183936	sys	6938988776	avail_kib	15367740
13404063 sequences (2484.45 Mbp) processed in 6.108s (131678.9 Kseq/m, 24406.73 Mbp/m).
  13071600 sequences classified (97.52%)
  332463 sequences unclassified (2.48%)
ak2-sample	batch	1	name	1-SRR5935794	mode	parallel	s3client	sdk	rank	6	role	home	inflight	1	threads	16	start_s	102.323505	wall_s	6.497821	setup_s	0.000042	classify_s	6.107612	close_s	0.243182	report_s	0.142354	status	0	sequences	13404063	bases	2484447317	classified	13071600	place	mod	weight	13404063
15280552 sequences (2858.11 Mbp) processed in 6.987s (131228.7 Kseq/m, 24545.32 Mbp/m).
  13785544 sequences classified (90.22%)
  1495008 sequences unclassified (9.78%)
ak2-sample	batch	1	name	1-SRR5935810	mode	parallel	s3client	sdk	rank	6	role	home	inflight	1	threads	16	start_s	108.821342	wall_s	7.369862	setup_s	0.000048	classify_s	6.986528	close_s	0.240461	report_s	0.130111	status	0	sequences	15280552	bases	2858109884	classified	13785544	place	mod	weight	15280552
ak2-engine	mem	t_s	120.0	rss_kib	78949940	hwm_kib	79282324	heap_inuse	4606533632	sys	6938996968	avail_kib	15572732
8766123 sequences (1609.93 Mbp) processed in 4.039s (130226.5 Kseq/m, 23916.53 Mbp/m).
  8639469 sequences classified (98.56%)
  126654 sequences unclassified (1.44%)
ak2-sample	batch	1	name	1-SRR5935826	mode	parallel	s3client	sdk	rank	6	role	home	inflight	1	threads	16	start_s	116.191218	wall_s	4.403480	setup_s	0.000046	classify_s	4.038867	close_s	0.246693	report_s	0.114254	status	0	sequences	8766123	bases	1609927653	classified	8639469	place	mod	weight	8766123
ak2-timing	batch-barrier-1	120.594710	8.256626	1	0	0.962393	0.152166
ak2-engine	mem	t_s	135.0	rss_kib	78825956	hwm_kib	79282324	heap_inuse	4777000960	sys	6938996968	avail_kib	15478932
18129553 sequences (3409.03 Mbp) processed in 8.446s (128788.8 Kseq/m, 24217.06 Mbp/m).
  17831449 sequences classified (98.36%)
  298104 sequences unclassified (1.64%)
ak2-sample	batch	2	name	2-SRR5935762	mode	parallel	s3client	sdk	rank	6	role	home	inflight	1	threads	16	start_s	128.851370	wall_s	8.858463	setup_s	0.000032	classify_s	8.446181	close_s	0.261838	report_s	0.144396	status	0	sequences	18129553	bases	3409028279	classified	17831449	place	lpt	weight	18129553
14615323 sequences (2691.06 Mbp) processed in 6.845s (128108.9 Kseq/m, 23588.20 Mbp/m).
  14358414 sequences classified (98.24%)
  256909 sequences unclassified (1.76%)
ak2-sample	batch	2	name	2-SRR5935838	mode	parallel	s3client	sdk	rank	6	role	home	inflight	1	threads	16	start_s	137.709847	wall_s	7.224514	setup_s	0.000047	classify_s	6.845107	close_s	0.216929	report_s	0.157103	status	0	sequences	14615323	bases	2691062094	classified	14358414	place	lpt	weight	14615323
ak2-engine	mem	t_s	150.0	rss_kib	79096220	hwm_kib	79282324	heap_inuse	5784444928	sys	6939046120	avail_kib	15455784
12610038 sequences (2321.59 Mbp) processed in 5.836s (129633.1 Kseq/m, 23866.33 Mbp/m).
  12099380 sequences classified (95.95%)
  510658 sequences unclassified (4.05%)
ak2-sample	batch	2	name	2-SRR5935834	mode	parallel	s3client	sdk	rank	6	role	home	inflight	1	threads	16	start_s	144.934375	wall_s	6.214925	setup_s	0.000039	classify_s	5.836488	close_s	0.229936	report_s	0.141762	status	0	sequences	12610038	bases	2321592529	classified	12099380	place	lpt	weight	12610038
10716528 sequences (1994.96 Mbp) processed in 4.966s (129479.5 Kseq/m, 24103.55 Mbp/m).
  10376259 sequences classified (96.82%)
  340269 sequences unclassified (3.18%)
ak2-sample	batch	2	name	2-SRR5935780	mode	parallel	s3client	sdk	rank	6	role	home	inflight	1	threads	16	start_s	151.149316	wall_s	5.406010	setup_s	0.000040	classify_s	4.965974	close_s	0.318942	report_s	0.116055	status	0	sequences	10716528	bases	1994960359	classified	10376259	place	lpt	weight	10716528
9202475 sequences (1711.99 Mbp) processed in 4.280s (129007.3 Kseq/m, 23999.99 Mbp/m).
  8810259 sequences classified (95.74%)
  392216 sequences unclassified (4.26%)
ak2-sample	batch	2	name	2-SRR5935790	mode	parallel	s3client	sdk	rank	6	role	home	inflight	1	threads	16	start_s	156.555338	wall_s	4.642296	setup_s	0.000041	classify_s	4.279980	close_s	0.225029	report_s	0.130811	status	0	sequences	9202475	bases	1711991411	classified	8810259	place	lpt	weight	9202475
3168882 sequences (592.65 Mbp) processed in 1.643s (115728.9 Kseq/m, 21643.76 Mbp/m).
  3127330 sequences classified (98.69%)
  41552 sequences unclassified (1.31%)
ak2-sample	batch	2	name	2-SRR5935776	mode	parallel	s3client	sdk	rank	6	role	home	inflight	1	threads	16	start_s	161.197648	wall_s	1.998208	setup_s	0.000039	classify_s	1.642916	close_s	0.245207	report_s	0.107321	status	0	sequences	3168882	bases	592648009	classified	3127330	place	lpt	weight	3168882
ak2-engine	mem	t_s	165.0	rss_kib	78814364	hwm_kib	79339868	heap_inuse	5695619072	sys	7061115144	avail_kib	15511464
ak2-timing	batch-barrier-2	163.195867	2.527905	3	0	0.786266	0.090522
ak2-timing	barrier	171.011320	1.055804	0	0	0.035847	0.000385
ak2-sample	batch	3	name	3-SRR5935740	mode	striped	s3client	sdk	rank	6	role	peer	inflight	1	threads	16	start_s	166.394270	wall_s	5.672884	setup_s	0.000030	classify_s	4.613961	close_s	0.000000	report_s	0.000000	status	0	sequences	0	bases	0	classified	0	place	-	weight	-
ak2-timing	batch-barrier-3	172.067160	0.567210	1	0	0.003925	0.000000
ak2-timing	barrier	178.025077	0.229533	0	0	0.013259	0.000000
ak2-sample	batch	4	name	4-SRR5935740	mode	striped	s3client	sdk	rank	6	role	peer	inflight	1	threads	16	start_s	173.429697	wall_s	4.824951	setup_s	0.000032	classify_s	4.592236	close_s	0.000000	report_s	0.000000	status	0	sequences	0	bases	0	classified	0	place	-	weight	-
ak2-timing	batch-barrier-4	178.254655	0.508780	16	0	0.000000	0.003920
ak2-engine	mem	t_s	180.0	rss_kib	76975496	hwm_kib	79339868	heap_inuse	4488552448	sys	7061377288	avail_kib	17751164
ak2-timing	barrier	184.144626	0.141736	0	0	0.012465	0.000162
ak2-sample	batch	5	name	5-SRR5935740	mode	striped	s3client	sdk	rank	6	role	peer	inflight	1	threads	16	start_s	179.529462	wall_s	4.756954	setup_s	0.000030	classify_s	4.612094	close_s	0.000000	report_s	0.000000	status	0	sequences	0	bases	0	classified	0	place	-	weight	-
ak2-timing	batch-barrier-5	184.286424	0.507179	5	0	0.000000	0.003618
ak2-timing	batch-barrier-6	184.793611	6.072296	0	0	0.521686	0.107930
ak2-engine	mem	t_s	195.0	rss_kib	76305556	hwm_kib	79339868	heap_inuse	3554967552	sys	7061377288	avail_kib	18795380
ak2-timing	batch-barrier-7	190.865921	5.156774	4	0	0.566121	0.053099
ak2-timing	batch-barrier-8	196.022711	6.150335	1	0	0.529219	0.082051
ak2-engine	shard	0	n	16	lo	111477344228	hi	130056901599	tail	302	full	false	empty_at	18579557370	keys	8468165301	batches	89910	probe_s	162.751233	tail_probes	0	wrap_probes	0
ak2-engine	mem	t_s	202.2	rss_kib	76305560	hwm_kib	79339868	heap_inuse	3556139008	sys	7061377288	avail_kib	18904544
ak2-engine	rendezvous	puts	13	gets	482
ak2-engine	s3	client	sdk	put	31	get	482	create_multipart	18	upload_part	2218	complete_multipart	18	abort_multipart	0	part_bytes	18519412405
ak2-engine	s3	client	cli	put	0	get	0	create_multipart	0	upload_part	0	complete_multipart	0	abort_multipart	0	part_bytes	0
ak2-engine	load	seconds	25.204679	requests	1126	retries	0	bytes	74318296292
ak2-engine	route	transport	nodes	calls	5695	keys	8622128948	batches	91120	route_s	58.382640	wait_s	43.997927	gather_s	12.669659
ak2-engine	worker	scan_s	435.259611	lookup_s	115.052120	classify_s	373.448814
ak2-timing	total	0.000000	202.277306	11707372	0	1362.073926	90.636227
