Loading database information...ak2-timing	opts	0.002890	0.000019	0	0	0.000019	0.000000
ak2-timing	taxo	0.002918	0.116066	87893	0	0.034161	0.087470
ak2-timing	shard-load-0	0.355644	324.448254	587435	0	581.143672	538.433556
ak2-timing	rendezvous	325.249036	0.078152	22	0	0.001615	0.001496
ak2-timing	connect	325.327207	0.000003	0	0	0.000001	0.000001
ak2-timing	hash	0.119106	325.208110	589349	0	581.158153	538.437383
 done.
16351397 sequences (3065.56 Mbp) processed in 19.450s (50440.4 Kseq/m, 9456.56 Mbp/m).
  16166849 sequences classified (98.87%)
  184548 sequences unclassified (1.13%)
ak2-sample	batch	0	name	0-SRR5935787	mode	parallel	s3client	sdk	rank	0	role	home	inflight	12	threads	16	start_s	325.327251	wall_s	20.011866	setup_s	0.000036	classify_s	19.450363	close_s	0.314684	report_s	0.236944	status	0	sequences	16351397	bases	3065557655	classified	16166849	place	lpt	weight	16351397
16708997 sequences (3043.02 Mbp) processed in 19.640s (51045.9 Kseq/m, 9296.42 Mbp/m).
  15000245 sequences classified (89.77%)
  1708752 sequences unclassified (10.23%)
ak2-sample	batch	0	name	0-SRR5935807	mode	parallel	s3client	sdk	rank	0	role	home	inflight	12	threads	16	start_s	325.327314	wall_s	20.369594	setup_s	0.102726	classify_s	19.639977	close_s	0.311371	report_s	0.284210	status	0	sequences	16708997	bases	3043023590	classified	15000245	place	lpt	weight	16708997
16518263 sequences (3051.28 Mbp) processed in 20.029s (49481.8 Kseq/m, 9140.38 Mbp/m).
  16141470 sequences classified (97.72%)
  376793 sequences unclassified (2.28%)
16720060 sequences (3103.13 Mbp) processed in 20.300s (49419.8 Kseq/m, 9171.99 Mbp/m).
  16427692 sequences classified (98.25%)
  292368 sequences unclassified (1.75%)
ak2-sample	batch	0	name	0-SRR5935741	mode	parallel	s3client	sdk	rank	0	role	home	inflight	12	threads	16	start_s	325.327360	wall_s	20.814924	setup_s	0.102892	classify_s	20.029491	close_s	0.344016	report_s	0.321587	status	0	sequences	16518263	bases	3051284850	classified	16141470	place	lpt	weight	16518263
16980616 sequences (3155.64 Mbp) processed in 20.514s (49666.1 Kseq/m, 9229.83 Mbp/m).
  16106690 sequences classified (94.85%)
  873926 sequences unclassified (5.15%)
ak2-sample	batch	0	name	0-SRR5935802	mode	parallel	s3client	sdk	rank	0	role	home	inflight	12	threads	16	start_s	325.327313	wall_s	21.142255	setup_s	0.000064	classify_s	20.299614	close_s	0.462386	report_s	0.359435	status	0	sequences	16720060	bases	3103131942	classified	16427692	place	lpt	weight	16720060
ak2-sample	batch	0	name	0-SRR5935813	mode	parallel	s3client	sdk	rank	0	role	home	inflight	12	threads	16	start_s	325.327373	wall_s	21.384547	setup_s	0.102901	classify_s	20.513742	close_s	0.200209	report_s	0.521127	status	0	sequences	16980616	bases	3155638888	classified	16106690	place	lpt	weight	16980616
18392491 sequences (3418.71 Mbp) processed in 21.757s (50722.1 Kseq/m, 9427.98 Mbp/m).
  18064386 sequences classified (98.22%)
  328105 sequences unclassified (1.78%)
18645445 sequences (3449.57 Mbp) processed in 21.916s (51046.1 Kseq/m, 9443.98 Mbp/m).
  18393099 sequences classified (98.65%)
  252346 sequences unclassified (1.35%)
18129553 sequences (3409.03 Mbp) processed in 21.892s (49687.0 Kseq/m, 9343.00 Mbp/m).
  17831449 sequences classified (98.36%)
  298104 sequences unclassified (1.64%)
ak2-sample	batch	0	name	0-SRR5935751	mode	parallel	s3client	sdk	rank	0	role	home	inflight	12	threads	16	start_s	325.327285	wall_s	22.634532	setup_s	0.000044	classify_s	21.916020	close_s	0.252858	report_s	0.430671	status	0	sequences	18645445	bases	3449573600	classified	18393099	place	lpt	weight	18645445
ak2-sample	batch	0	name	0-SRR5935803	mode	parallel	s3client	sdk	rank	0	role	home	inflight	12	threads	16	start_s	325.327335	wall_s	22.693582	setup_s	0.001064	classify_s	21.756764	close_s	0.390285	report_s	0.509583	status	0	sequences	18392491	bases	3418705365	classified	18064386	place	lpt	weight	18392491
18879904 sequences (3539.14 Mbp) processed in 22.406s (50557.8 Kseq/m, 9477.32 Mbp/m).
  18627146 sequences classified (98.66%)
  252758 sequences unclassified (1.34%)
ak2-sample	batch	0	name	0-SRR5935762	mode	parallel	s3client	sdk	rank	0	role	home	inflight	12	threads	16	start_s	325.327266	wall_s	22.763292	setup_s	0.000047	classify_s	21.892498	close_s	0.352756	report_s	0.470300	status	0	sequences	18129553	bases	3409028279	classified	17831449	place	lpt	weight	18129553
20086542 sequences (3689.65 Mbp) processed in 22.601s (53324.5 Kseq/m, 9795.04 Mbp/m).
  19142785 sequences classified (95.30%)
  943757 sequences unclassified (4.70%)
ak2-sample	batch	0	name	0-SRR5935749	mode	parallel	s3client	sdk	rank	0	role	home	inflight	12	threads	16	start_s	325.327295	wall_s	23.233241	setup_s	0.000069	classify_s	22.405934	close_s	0.229927	report_s	0.479776	status	0	sequences	18879904	bases	3539135454	classified	18627146	place	lpt	weight	18879904
ak2-sample	batch	0	name	0-SRR5935798	mode	parallel	s3client	sdk	rank	0	role	home	inflight	12	threads	16	start_s	325.327250	wall_s	23.563320	setup_s	0.000036	classify_s	22.601115	close_s	0.344529	report_s	0.566384	status	0	sequences	20086542	bases	3689648337	classified	19142785	place	lpt	weight	20086542
20770968 sequences (3886.70 Mbp) processed in 23.617s (52769.2 Kseq/m, 9874.26 Mbp/m).
  20594735 sequences classified (99.15%)
  176233 sequences unclassified (0.85%)
ak2-sample	batch	0	name	0-SRR5935823	mode	parallel	s3client	sdk	rank	0	role	home	inflight	12	threads	16	start_s	325.327255	wall_s	24.196351	setup_s	0.000034	classify_s	23.617141	close_s	0.263185	report_s	0.306772	status	0	sequences	20770968	bases	3886695944	classified	20594735	place	lpt	weight	20770968
20671571 sequences (3786.10 Mbp) processed in 23.963s (51759.7 Kseq/m, 9480.06 Mbp/m).
  19204656 sequences classified (92.90%)
  1466915 sequences unclassified (7.10%)
ak2-sample	batch	0	name	0-SRR5935773	mode	parallel	s3client	sdk	rank	0	role	home	inflight	12	threads	16	start_s	325.327275	wall_s	24.764269	setup_s	0.000044	classify_s	23.962527	close_s	0.269999	report_s	0.500883	status	0	sequences	20671571	bases	3786101975	classified	19204656	place	lpt	weight	20671571
16286650 sequences (3018.35 Mbp) processed in 18.686s (52294.8 Kseq/m, 9691.62 Mbp/m).
  15278935 sequences classified (93.81%)
  1007715 sequences unclassified (6.19%)
16260968 sequences (3012.84 Mbp) processed in 18.484s (52784.6 Kseq/m, 9779.94 Mbp/m).
  15948766 sequences classified (98.08%)
  312202 sequences unclassified (1.92%)
ak2-sample	batch	0	name	0-SRR5935757	mode	parallel	s3client	sdk	rank	0	role	home	inflight	12	threads	16	start_s	345.339212	wall_s	19.408590	setup_s	0.000097	classify_s	18.686367	close_s	0.287745	report_s	0.365608	status	0	sequences	16286650	bases	3018354004	classified	15278935	place	lpt	weight	16286650
ak2-sample	batch	0	name	0-SRR5935827	mode	parallel	s3client	sdk	rank	0	role	home	inflight	12	threads	16	start_s	345.696992	wall_s	19.067236	setup_s	0.000109	classify_s	18.483781	close_s	0.296028	report_s	0.253815	status	0	sequences	16260968	bases	3012837135	classified	15948766	place	lpt	weight	16260968
16053448 sequences (2993.47 Mbp) processed in 18.214s (52882.6 Kseq/m, 9860.95 Mbp/m).
  15204484 sequences classified (94.71%)
  848964 sequences unclassified (5.29%)
16180463 sequences (3026.48 Mbp) processed in 18.811s (51610.9 Kseq/m, 9653.59 Mbp/m).
  15739294 sequences classified (97.27%)
  441169 sequences unclassified (2.73%)
ak2-sample	batch	0	name	0-SRR5935756	mode	parallel	s3client	sdk	rank	0	role	home	inflight	12	threads	16	start_s	346.469651	wall_s	18.770517	setup_s	0.000088	classify_s	18.214077	close_s	0.226208	report_s	0.299661	status	0	sequences	16053448	bases	2993468449	classified	15204484	place	lpt	weight	16053448
15746753 sequences (2888.34 Mbp) processed in 18.342s (51509.5 Kseq/m, 9448.10 Mbp/m).
  14105631 sequences classified (89.58%)
  1641122 sequences unclassified (10.42%)
ak2-sample	batch	0	name	0-SRR5935770	mode	parallel	s3client	sdk	rank	0	role	home	inflight	12	threads	16	start_s	346.142368	wall_s	19.588176	setup_s	0.000136	classify_s	18.810520	close_s	0.250021	report_s	0.510215	status	0	sequences	16180463	bases	3026482353	classified	15739294	place	lpt	weight	16180463
ak2-sample	batch	0	name	0-SRR5935768	mode	parallel	s3client	sdk	rank	0	role	home	inflight	12	threads	16	start_s	346.712021	wall_s	19.188309	setup_s	0.000142	classify_s	18.342345	close_s	0.265203	report_s	0.544100	status	0	sequences	15746753	bases	2888337209	classified	14105631	place	lpt	weight	15746753
15328347 sequences (2853.53 Mbp) processed in 17.941s (51261.4 Kseq/m, 9542.82 Mbp/m).
  14998872 sequences classified (97.85%)
  329475 sequences unclassified (2.15%)
15312868 sequences (2847.18 Mbp) processed in 18.123s (50696.9 Kseq/m, 9426.26 Mbp/m).
  13152387 sequences classified (85.89%)
  2160481 sequences unclassified (14.11%)
15500933 sequences (2889.47 Mbp) processed in 18.190s (51131.1 Kseq/m, 9531.15 Mbp/m).
  14777244 sequences classified (95.33%)
  723689 sequences unclassified (4.67%)
15280552 sequences (2858.11 Mbp) processed in 17.869s (51307.5 Kseq/m, 9596.67 Mbp/m).
  13785544 sequences classified (90.22%)
  1495008 sequences unclassified (9.78%)
ak2-sample	batch	0	name	0-SRR5935744	mode	parallel	s3client	sdk	rank	0	role	home	inflight	12	threads	16	start_s	348.021005	wall_s	18.769268	setup_s	0.000195	classify_s	17.941404	close_s	0.381893	report_s	0.409244	status	0	sequences	15328347	bases	2853526686	classified	14998872	place	lpt	weight	15328347
ak2-sample	batch	0	name	0-SRR5935759	mode	parallel	s3client	sdk	rank	0	role	home	inflight	12	threads	16	start_s	348.090690	wall_s	18.941955	setup_s	0.000112	classify_s	18.122837	close_s	0.226929	report_s	0.562174	status	0	sequences	15312868	bases	2847175138	classified	13152387	place	lpt	weight	15312868
ak2-sample	batch	0	name	0-SRR5935808	mode	parallel	s3client	sdk	rank	0	role	home	inflight	12	threads	16	start_s	347.962040	wall_s	19.098347	setup_s	0.000144	classify_s	18.189646	close_s	0.320242	report_s	0.459749	status	0	sequences	15500933	bases	2889469649	classified	14777244	place	lpt	weight	15500933
ak2-sample	batch	0	name	0-SRR5935810	mode	parallel	s3client	sdk	rank	0	role	home	inflight	12	threads	16	start_s	348.560632	wall_s	18.717622	setup_s	0.000132	classify_s	17.869388	close_s	0.275951	report_s	0.488089	status	0	sequences	15280552	bases	2858109884	classified	13785544	place	lpt	weight	15280552
15271512 sequences (2845.36 Mbp) processed in 18.027s (50829.4 Kseq/m, 9470.44 Mbp/m).
  14502211 sequences classified (94.96%)
  769301 sequences unclassified (5.04%)
15080696 sequences (2770.85 Mbp) processed in 17.482s (51757.2 Kseq/m, 9509.59 Mbp/m).
  14478381 sequences classified (96.01%)
  602315 sequences unclassified (3.99%)
14959235 sequences (2745.67 Mbp) processed in 16.957s (52930.5 Kseq/m, 9715.04 Mbp/m).
  13888405 sequences classified (92.84%)
  1070830 sequences unclassified (7.16%)
ak2-sample	batch	0	name	0-SRR5935800	mode	parallel	s3client	sdk	rank	0	role	home	inflight	12	threads	16	start_s	349.523695	wall_s	18.447390	setup_s	0.000136	classify_s	17.482442	close_s	0.289187	report_s	0.650596	status	0	sequences	15080696	bases	2770846238	classified	14478381	place	lpt	weight	15080696
ak2-sample	batch	0	name	0-SRR5935772	mode	parallel	s3client	sdk	rank	0	role	home	inflight	12	threads	16	start_s	348.890674	wall_s	19.364426	setup_s	0.000118	classify_s	18.026796	close_s	0.327803	report_s	0.965515	status	0	sequences	15271512	bases	2845360298	classified	14502211	place	lpt	weight	15271512
ak2-sample	batch	0	name	0-SRR5935796	mode	parallel	s3client	sdk	rank	0	role	home	inflight	12	threads	16	start_s	350.091683	wall_s	18.535803	setup_s	0.000213	classify_s	16.957206	close_s	0.338022	report_s	1.183506	status	0	sequences	14959235	bases	2745665723	classified	13888405	place	lpt	weight	14959235
14800056 sequences (2772.79 Mbp) processed in 16.841s (52729.2 Kseq/m, 9878.82 Mbp/m).
  14536791 sequences classified (98.22%)
  263265 sequences unclassified (1.78%)
14615323 sequences (2691.06 Mbp) processed in 17.016s (51536.2 Kseq/m, 9489.16 Mbp/m).
  14358414 sequences classified (98.24%)
  256909 sequences unclassified (1.76%)
ak2-sample	batch	0	name	0-SRR5935784	mode	parallel	s3client	sdk	rank	0	role	home	inflight	12	threads	16	start_s	364.747904	wall_s	17.343802	setup_s	0.000116	classify_s	16.840829	close_s	0.258027	report_s	0.221528	status	0	sequences	14800056	bases	2772790740	classified	14536791	place	lpt	weight	14800056
ak2-sample	batch	0	name	0-SRR5935838	mode	parallel	s3client	sdk	rank	0	role	home	inflight	12	threads	16	start_s	364.764317	wall_s	17.516746	setup_s	0.000173	classify_s	17.015600	close_s	0.267182	report_s	0.210165	status	0	sequences	14615323	bases	2691062094	classified	14358414	place	lpt	weight	14615323
14303962 sequences (2635.98 Mbp) processed in 16.438s (52211.7 Kseq/m, 9621.73 Mbp/m).
  14029845 sequences classified (98.08%)
  274117 sequences unclassified (1.92%)
14472574 sequences (2738.53 Mbp) processed in 17.069s (50873.9 Kseq/m, 9626.46 Mbp/m).
  14022498 sequences classified (96.89%)
  450076 sequences unclassified (3.11%)
14298074 sequences (2663.28 Mbp) processed in 16.575s (51757.0 Kseq/m, 9640.70 Mbp/m).
  14234512 sequences classified (99.56%)
  63562 sequences unclassified (0.44%)
ak2-sample	batch	0	name	0-SRR5935806	mode	parallel	s3client	sdk	rank	0	role	home	inflight	12	threads	16	start_s	365.240257	wall_s	17.687324	setup_s	0.000125	classify_s	17.068771	close_s	0.253967	report_s	0.346691	status	0	sequences	14472574	bases	2738529910	classified	14022498	place	lpt	weight	14472574
ak2-sample	batch	0	name	0-SRR5935830	mode	parallel	s3client	sdk	rank	0	role	home	inflight	12	threads	16	start_s	365.730653	wall_s	17.227911	setup_s	0.000130	classify_s	16.437661	close_s	0.346444	report_s	0.429181	status	0	sequences	14303962	bases	2635979010	classified	14029845	place	lpt	weight	14303962
ak2-sample	batch	0	name	0-SRR5935752	mode	parallel	s3client	sdk	rank	0	role	home	inflight	12	threads	16	start_s	365.900427	wall_s	17.309582	setup_s	0.000117	classify_s	16.575229	close_s	0.328430	report_s	0.389213	status	0	sequences	14298074	bases	2663280360	classified	14234512	place	lpt	weight	14298074
14261195 sequences (2665.70 Mbp) processed in 16.871s (50719.9 Kseq/m, 9480.54 Mbp/m).
  13980324 sequences classified (98.03%)
  280871 sequences unclassified (1.97%)
13404063 sequences (2484.45 Mbp) processed in 15.519s (51823.0 Kseq/m, 9605.41 Mbp/m).
  13071600 sequences classified (97.52%)
  332463 sequences unclassified (2.48%)
ak2-sample	batch	0	name	0-SRR5935817	mode	parallel	s3client	sdk	rank	0	role	home	inflight	12	threads	16	start_s	366.790338	wall_s	17.487206	setup_s	0.000118	classify_s	16.870537	close_s	0.237498	report_s	0.347324	status	0	sequences	14261195	bases	2665696979	classified	13980324	place	lpt	weight	14261195
14164085 sequences (2640.40 Mbp) processed in 16.915s (50241.9 Kseq/m, 9365.84 Mbp/m).
  13689575 sequences classified (96.65%)
  474510 sequences unclassified (3.35%)
ak2-sample	batch	0	name	0-SRR5935794	mode	parallel	s3client	sdk	rank	0	role	home	inflight	12	threads	16	start_s	368.255181	wall_s	16.035791	setup_s	0.000090	classify_s	15.519051	close_s	0.241267	report_s	0.246584	status	0	sequences	13404063	bases	2484447317	classified	13071600	place	lpt	weight	13404063
14120624 sequences (2649.39 Mbp) processed in 16.781s (50488.4 Kseq/m, 9472.92 Mbp/m).
  13394795 sequences classified (94.86%)
  725829 sequences unclassified (5.14%)
14191749 sequences (2646.88 Mbp) processed in 16.977s (50156.3 Kseq/m, 9354.55 Mbp/m).
  13987275 sequences classified (98.56%)
  204474 sequences unclassified (1.44%)
13365245 sequences (2460.33 Mbp) processed in 15.585s (51455.8 Kseq/m, 9472.20 Mbp/m).
  13192260 sequences classified (98.71%)
  172985 sequences unclassified (1.29%)
13817496 sequences (2535.87 Mbp) processed in 16.262s (50980.7 Kseq/m, 9356.27 Mbp/m).
  12277050 sequences classified (88.85%)
  1540446 sequences unclassified (11.15%)
ak2-sample	batch	0	name	0-SRR5935766	mode	parallel	s3client	sdk	rank	0	role	home	inflight	12	threads	16	start_s	367.278352	wall_s	17.732228	setup_s	0.005392	classify_s	16.780836	close_s	0.277070	report_s	0.633772	status	0	sequences	14120624	bases	2649393059	classified	13394795	place	lpt	weight	14120624
ak2-sample	batch	0	name	0-SRR5935822	mode	parallel	s3client	sdk	rank	0	role	home	inflight	12	threads	16	start_s	368.627519	wall_s	16.763347	setup_s	0.000097	classify_s	15.584523	close_s	0.283804	report_s	0.793056	status	0	sequences	13365245	bases	2460327516	classified	13192260	place	lpt	weight	13365245
ak2-sample	batch	0	name	0-SRR5935761	mode	parallel	s3client	sdk	rank	0	role	home	inflight	12	threads	16	start_s	367.032743	wall_s	18.407866	setup_s	0.000154	classify_s	16.977046	close_s	0.447287	report_s	0.947047	status	0	sequences	14191749	bases	2646878118	classified	13987275	place	lpt	weight	14191749
ak2-sample	batch	0	name	0-SRR5935753	mode	parallel	s3client	sdk	rank	0	role	home	inflight	12	threads	16	start_s	367.060658	wall_s	18.464765	setup_s	0.000188	classify_s	16.915069	close_s	0.256069	report_s	1.234705	status	0	sequences	14164085	bases	2640398097	classified	13689575	place	lpt	weight	14164085
ak2-sample	batch	0	name	0-SRR5935785	mode	parallel	s3client	sdk	rank	0	role	home	inflight	12	threads	16	start_s	367.971150	wall_s	17.682061	setup_s	0.000162	classify_s	16.262028	close_s	0.277100	report_s	0.953007	status	0	sequences	13817496	bases	2535866229	classified	12277050	place	lpt	weight	13817496
13253368 sequences (2414.15 Mbp) processed in 15.865s (50121.6 Kseq/m, 9129.85 Mbp/m).
  12329188 sequences classified (93.03%)
  924180 sequences unclassified (6.97%)
ak2-sample	batch	0	name	0-SRR5935804	mode	parallel	s3client	sdk	rank	0	role	home	inflight	12	threads	16	start_s	382.091770	wall_s	16.763153	setup_s	0.000089	classify_s	15.865458	close_s	0.216662	report_s	0.414347	status	0	sequences	13253368	bases	2414153428	classified	12329188	place	lpt	weight	13253368
13162386 sequences (2465.10 Mbp) processed in 16.341s (48330.0 Kseq/m, 9051.41 Mbp/m).
  12297712 sequences classified (93.43%)
  864674 sequences unclassified (6.57%)
ak2-sample	batch	0	name	0-SRR5935801	mode	parallel	s3client	sdk	rank	0	role	home	inflight	12	threads	16	start_s	382.281104	wall_s	17.109851	setup_s	0.000105	classify_s	16.340638	close_s	0.289580	report_s	0.438598	status	0	sequences	13162386	bases	2465096767	classified	12297712	place	lpt	weight	13162386
12793053 sequences (2357.69 Mbp) processed in 16.606s (46222.4 Kseq/m, 8518.52 Mbp/m).
  12609886 sequences classified (98.57%)
  183167 sequences unclassified (1.43%)
12610038 sequences (2321.59 Mbp) processed in 15.370s (49226.5 Kseq/m, 9062.93 Mbp/m).
  12099380 sequences classified (95.95%)
  510658 sequences unclassified (4.05%)
12325847 sequences (2261.51 Mbp) processed in 15.249s (48497.9 Kseq/m, 8898.25 Mbp/m).
  11791754 sequences classified (95.67%)
  534093 sequences unclassified (4.33%)
12711109 sequences (2382.42 Mbp) processed in 16.375s (46575.4 Kseq/m, 8729.54 Mbp/m).
  11452616 sequences classified (90.10%)
  1258493 sequences unclassified (9.90%)
ak2-sample	batch	0	name	0-SRR5935831	mode	parallel	s3client	sdk	rank	0	role	home	inflight	12	threads	16	start_s	382.959290	wall_s	17.076958	setup_s	0.000175	classify_s	16.606309	close_s	0.262713	report_s	0.186539	status	0	sequences	12793053	bases	2357685670	classified	12609886	place	lpt	weight	12793053
13010149 sequences (2394.73 Mbp) processed in 16.793s (46484.6 Kseq/m, 8556.25 Mbp/m).
  12910203 sequences classified (99.23%)
  99946 sequences unclassified (0.77%)
12252617 sequences (2212.67 Mbp) processed in 14.838s (49544.7 Kseq/m, 8947.18 Mbp/m).
  10208851 sequences classified (83.32%)
  2043766 sequences unclassified (16.68%)
ak2-sample	batch	0	name	0-SRR5935742	mode	parallel	s3client	sdk	rank	0	role	home	inflight	12	threads	16	start_s	384.291016	wall_s	15.890541	setup_s	0.000102	classify_s	15.249138	close_s	0.365949	report_s	0.245428	status	0	sequences	12325847	bases	2261511731	classified	11791754	place	lpt	weight	12325847
ak2-sample	batch	0	name	0-SRR5935775	mode	parallel	s3client	sdk	rank	0	role	home	inflight	12	threads	16	start_s	382.927666	wall_s	17.279784	setup_s	0.000118	classify_s	16.792863	close_s	0.296730	report_s	0.166963	status	0	sequences	13010149	bases	2394732661	classified	12910203	place	lpt	weight	13010149
ak2-sample	batch	0	name	0-SRR5935834	mode	parallel	s3client	sdk	rank	0	role	home	inflight	12	threads	16	start_s	384.279608	wall_s	15.948279	setup_s	0.016316	classify_s	15.369808	close_s	0.217316	report_s	0.317696	status	0	sequences	12610038	bases	2321592529	classified	12099380	place	lpt	weight	12610038
ak2-sample	batch	0	name	0-SRR5935833	mode	parallel	s3client	sdk	rank	0	role	home	inflight	12	threads	16	start_s	383.210104	wall_s	17.047203	setup_s	0.014810	classify_s	16.374880	close_s	0.353958	report_s	0.262803	status	0	sequences	12711109	bases	2382418955	classified	11452616	place	lpt	weight	12711109
ak2-sample	batch	0	name	0-SRR5935774	mode	parallel	s3client	sdk	rank	0	role	home	inflight	12	threads	16	start_s	385.010722	wall_s	15.459522	setup_s	0.000206	classify_s	14.838247	close_s	0.256518	report_s	0.316243	status	0	sequences	12252617	bases	2212674525	classified	10208851	place	lpt	weight	12252617
11859598 sequences (2188.90 Mbp) processed in 14.654s (48558.6 Kseq/m, 8962.36 Mbp/m).
  10951240 sequences classified (92.34%)
  908358 sequences unclassified (7.66%)
12062510 sequences (2207.30 Mbp) processed in 14.874s (48660.0 Kseq/m, 8904.21 Mbp/m).
  10926608 sequences classified (90.58%)
  1135902 sequences unclassified (9.42%)
11924297 sequences (2214.84 Mbp) processed in 15.001s (47694.6 Kseq/m, 8858.89 Mbp/m).
  11742476 sequences classified (98.48%)
  181821 sequences unclassified (1.52%)
12244248 sequences (2292.24 Mbp) processed in 15.175s (48410.6 Kseq/m, 9062.92 Mbp/m).
  11933067 sequences classified (97.46%)
  311181 sequences unclassified (2.54%)
ak2-sample	batch	0	name	0-SRR5935748	mode	parallel	s3client	sdk	rank	0	role	home	inflight	12	threads	16	start_s	385.654618	wall_s	15.525338	setup_s	0.000116	classify_s	14.653978	close_s	0.240740	report_s	0.579749	status	0	sequences	11859598	bases	2188903487	classified	10951240	place	lpt	weight	11859598
ak2-sample	batch	0	name	0-SRR5935820	mode	parallel	s3client	sdk	rank	0	role	home	inflight	12	threads	16	start_s	385.440730	wall_s	16.019766	setup_s	0.000155	classify_s	14.873632	close_s	0.250878	report_s	0.840258	status	0	sequences	12062510	bases	2207297835	classified	10926608	place	lpt	weight	12062510
ak2-sample	batch	0	name	0-SRR5935816	mode	parallel	s3client	sdk	rank	0	role	home	inflight	12	threads	16	start_s	385.391806	wall_s	16.478378	setup_s	0.000195	classify_s	15.175492	close_s	0.337204	report_s	0.939715	status	0	sequences	12244248	bases	2292238030	classified	11933067	place	lpt	weight	12244248
ak2-sample	batch	0	name	0-SRR5935795	mode	parallel	s3client	sdk	rank	0	role	home	inflight	12	threads	16	start_s	385.525483	wall_s	16.566376	setup_s	0.000091	classify_s	15.000818	close_s	0.355432	report_s	1.187654	status	0	sequences	11924297	bases	2214843465	classified	11742476	place	lpt	weight	11924297
11689489 sequences (2123.44 Mbp) processed in 13.840s (50676.8 Kseq/m, 9205.63 Mbp/m).
  11327502 sequences classified (96.90%)
  361987 sequences unclassified (3.10%)
ak2-sample	batch	0	name	0-SRR5935764	mode	parallel	s3client	sdk	rank	0	role	home	inflight	12	threads	16	start_s	398.855012	wall_s	14.445519	setup_s	0.000100	classify_s	13.840057	close_s	0.244135	report_s	0.292098	status	0	sequences	11689489	bases	2123440867	classified	11327502	place	lpt	weight	11689489
11458367 sequences (2115.94 Mbp) processed in 14.106s (48739.3 Kseq/m, 9000.34 Mbp/m).
  9654089 sequences classified (84.25%)
  1804278 sequences unclassified (15.75%)
ak2-sample	batch	0	name	0-SRR5935825	mode	parallel	s3client	sdk	rank	0	role	home	inflight	12	threads	16	start_s	399.391043	wall_s	14.849069	setup_s	0.000160	classify_s	14.105712	close_s	0.274819	report_s	0.428789	status	0	sequences	11458367	bases	2115935464	classified	9654089	place	lpt	weight	11458367
11073410 sequences (2024.07 Mbp) processed in 13.847s (47982.8 Kseq/m, 8770.62 Mbp/m).
  10832572 sequences classified (97.83%)
  240838 sequences unclassified (2.17%)
11374148 sequences (2063.47 Mbp) processed in 13.954s (48907.8 Kseq/m, 8872.73 Mbp/m).
  10686284 sequences classified (93.95%)
  687864 sequences unclassified (6.05%)
ak2-sample	batch	0	name	0-SRR5935788	mode	parallel	s3client	sdk	rank	0	role	home	inflight	12	threads	16	start_s	400.227969	wall_s	14.273832	setup_s	0.000104	classify_s	13.846740	close_s	0.219460	report_s	0.180588	status	0	sequences	11073410	bases	2024074094	classified	10832572	place	lpt	weight	11073410
ak2-sample	batch	0	name	0-SRR5935769	mode	parallel	s3client	sdk	rank	0	role	home	inflight	12	threads	16	start_s	400.181645	wall_s	14.461496	setup_s	0.000159	classify_s	13.953774	close_s	0.261893	report_s	0.204018	status	0	sequences	11374148	bases	2063466726	classified	10686284	place	lpt	weight	11374148
10896278 sequences (2024.82 Mbp) processed in 14.035s (46582.8 Kseq/m, 8656.34 Mbp/m).
  10712521 sequences classified (98.31%)
  183757 sequences unclassified (1.69%)
11437813 sequences (2096.18 Mbp) processed in 14.359s (47792.4 Kseq/m, 8758.80 Mbp/m).
  10922134 sequences classified (95.49%)
  515679 sequences unclassified (4.51%)
11220767 sequences (2068.35 Mbp) processed in 14.301s (47075.4 Kseq/m, 8677.51 Mbp/m).
  10523542 sequences classified (93.79%)
  697225 sequences unclassified (6.21%)
11012615 sequences (2057.95 Mbp) processed in 14.232s (46426.6 Kseq/m, 8675.84 Mbp/m).
  10686469 sequences classified (97.04%)
  326146 sequences unclassified (2.96%)
10834778 sequences (1957.59 Mbp) processed in 13.388s (48556.0 Kseq/m, 8772.91 Mbp/m).
  10642489 sequences classified (98.23%)
  192289 sequences unclassified (1.77%)
10716528 sequences (1994.96 Mbp) processed in 13.134s (48957.5 Kseq/m, 9113.79 Mbp/m).
  10376259 sequences classified (96.82%)
  340269 sequences unclassified (3.18%)
ak2-sample	batch	0	name	0-SRR5935792	mode	parallel	s3client	sdk	rank	0	role	home	inflight	12	threads	16	start_s	400.036340	wall_s	14.909708	setup_s	0.000157	classify_s	14.359382	close_s	0.300998	report_s	0.225935	status	0	sequences	11437813	bases	2096182336	classified	10922134	place	lpt	weight	11437813
ak2-sample	batch	0	name	0-SRR5935819	mode	parallel	s3client	sdk	rank	0	role	home	inflight	12	threads	16	start_s	400.470335	wall_s	14.485333	setup_s	0.000106	classify_s	14.034728	close_s	0.198731	report_s	0.238797	status	0	sequences	10896278	bases	2024821947	classified	10712521	place	lpt	weight	10896278
10590116 sequences (1935.91 Mbp) processed in 12.769s (49760.3 Kseq/m, 9096.35 Mbp/m).
  10426493 sequences classified (98.45%)
  163623 sequences unclassified (1.55%)
ak2-sample	batch	0	name	0-SRR5935760	mode	parallel	s3client	sdk	rank	0	role	home	inflight	12	threads	16	start_s	401.180054	wall_s	13.830304	setup_s	0.011586	classify_s	13.388396	close_s	0.263460	report_s	0.153767	status	0	sequences	10834778	bases	1957586977	classified	10642489	place	lpt	weight	10834778
ak2-sample	batch	0	name	0-SRR5935829	mode	parallel	s3client	sdk	rank	0	role	home	inflight	12	threads	16	start_s	400.207531	wall_s	14.807461	setup_s	0.000096	classify_s	14.301456	close_s	0.220235	report_s	0.261453	status	0	sequences	11220767	bases	2068350513	classified	10523542	place	lpt	weight	11220767
ak2-sample	batch	0	name	0-SRR5935746	mode	parallel	s3client	sdk	rank	0	role	home	inflight	12	threads	16	start_s	400.257398	wall_s	14.764737	setup_s	0.000104	classify_s	14.232302	close_s	0.244817	report_s	0.268322	status	0	sequences	11012615	bases	2057953866	classified	10686469	place	lpt	weight	11012615
ak2-sample	batch	0	name	0-SRR5935780	mode	parallel	s3client	sdk	rank	0	role	home	inflight	12	threads	16	start_s	401.460604	wall_s	13.597615	setup_s	0.000150	classify_s	13.133682	close_s	0.248311	report_s	0.201424	status	0	sequences	10716528	bases	1994960359	classified	10376259	place	lpt	weight	10716528
10554303 sequences (1946.56 Mbp) processed in 12.862s (49233.5 Kseq/m, 9080.29 Mbp/m).
  10062971 sequences classified (95.34%)
  491332 sequences unclassified (4.66%)
ak2-sample	batch	0	name	0-SRR5935765	mode	parallel	s3client	sdk	rank	0	role	home	inflight	12	threads	16	start_s	401.870336	wall_s	13.443468	setup_s	0.000200	classify_s	12.769356	close_s	0.322233	report_s	0.344094	status	0	sequences	10590116	bases	1935908855	classified	10426493	place	lpt	weight	10590116
ak2-sample	batch	0	name	0-SRR5935778	mode	parallel	s3client	sdk	rank	0	role	home	inflight	12	threads	16	start_s	402.091965	wall_s	13.792814	setup_s	0.000129	classify_s	12.862353	close_s	0.235808	report_s	0.665972	status	0	sequences	10554303	bases	1946564732	classified	10062971	place	lpt	weight	10554303
10532910 sequences (1945.09 Mbp) processed in 13.104s (48228.5 Kseq/m, 8906.27 Mbp/m).
  9366399 sequences classified (88.93%)
  1166511 sequences unclassified (11.07%)
ak2-sample	batch	0	name	0-SRR5935740	mode	parallel	s3client	sdk	rank	0	role	home	inflight	12	threads	16	start_s	413.300752	wall_s	13.744547	setup_s	0.000091	classify_s	13.103758	close_s	0.246816	report_s	0.354231	status	0	sequences	10532910	bases	1945093294	classified	9366399	place	lpt	weight	10532910
10492437 sequences (1984.14 Mbp) processed in 12.821s (49100.9 Kseq/m, 9285.08 Mbp/m).
  9889429 sequences classified (94.25%)
  603008 sequences unclassified (5.75%)
10479816 sequences (1916.83 Mbp) processed in 13.127s (47898.8 Kseq/m, 8761.02 Mbp/m).
  9679024 sequences classified (92.36%)
  800792 sequences unclassified (7.64%)
9337913 sequences (1691.90 Mbp) processed in 12.803s (43759.5 Kseq/m, 7928.62 Mbp/m).
  8897092 sequences classified (95.28%)
  440821 sequences unclassified (4.72%)
ak2-sample	batch	0	name	0-SRR5935745	mode	parallel	s3client	sdk	rank	0	role	home	inflight	12	threads	16	start_s	414.240153	wall_s	13.830903	setup_s	0.000147	classify_s	12.821485	close_s	0.178564	report_s	0.263331	status	0	sequences	10492437	bases	1984140901	classified	9889429	place	lpt	weight	10492437
10140194 sequences (1929.10 Mbp) processed in 13.250s (45917.1 Kseq/m, 8735.41 Mbp/m).
  10096895 sequences classified (99.57%)
  43299 sequences unclassified (0.43%)
ak2-sample	batch	0	name	0-SRR5935754	mode	parallel	s3client	sdk	rank	0	role	home	inflight	12	threads	16	start_s	414.501831	wall_s	13.722898	setup_s	0.000123	classify_s	13.127450	close_s	0.276753	report_s	0.205316	status	0	sequences	10479816	bases	1916830360	classified	9679024	place	lpt	weight	10479816
ak2-sample	batch	0	name	0-SRR5935791	mode	parallel	s3client	sdk	rank	0	role	home	inflight	12	threads	16	start_s	414.643182	wall_s	13.613993	setup_s	0.000073	classify_s	13.250217	close_s	0.234161	report_s	0.118662	status	0	sequences	10140194	bases	1929101997	classified	10096895	place	lpt	weight	10140194
ak2-sample	batch	0	name	0-SRR5935837	mode	parallel	s3client	sdk	rank	0	role	home	inflight	12	threads	16	start_s	415.015027	wall_s	13.248332	setup_s	0.000139	classify_s	12.803493	close_s	0.220365	report_s	0.195209	status	0	sequences	9337913	bases	1691901005	classified	8897092	place	lpt	weight	9337913
9230220 sequences (1688.15 Mbp) processed in 12.953s (42754.3 Kseq/m, 7819.50 Mbp/m).
  8736529 sequences classified (94.65%)
  493691 sequences unclassified (5.35%)
9108174 sequences (1698.33 Mbp) processed in 12.835s (42578.9 Kseq/m, 7939.38 Mbp/m).
  8923230 sequences classified (97.97%)
  184944 sequences unclassified (2.03%)
ak2-sample	batch	0	name	0-SRR5935771	mode	parallel	s3client	sdk	rank	0	role	home	inflight	12	threads	16	start_s	415.022174	wall_s	13.529995	setup_s	0.000233	classify_s	12.953403	close_s	0.318420	report_s	0.229190	status	0	sequences	9230220	bases	1688151903	classified	8736529	place	lpt	weight	9230220
ak2-sample	batch	0	name	0-SRR5935812	mode	parallel	s3client	sdk	rank	0	role	home	inflight	12	threads	16	start_s	415.313905	wall_s	13.279581	setup_s	0.000135	classify_s	12.834757	close_s	0.275339	report_s	0.153111	status	0	sequences	9108174	bases	1698332428	classified	8923230	place	lpt	weight	9108174
10128070 sequences (1876.81 Mbp) processed in 13.400s (45348.3 Kseq/m, 8403.40 Mbp/m).
  9942775 sequences classified (98.17%)
  185295 sequences unclassified (1.83%)
10067025 sequences (1870.49 Mbp) processed in 13.305s (45397.2 Kseq/m, 8434.98 Mbp/m).
  9884918 sequences classified (98.19%)
  182107 sequences unclassified (1.81%)
10054299 sequences (1885.64 Mbp) processed in 13.529s (44590.0 Kseq/m, 8362.66 Mbp/m).
  9575405 sequences classified (95.24%)
  478894 sequences unclassified (4.76%)
9202475 sequences (1711.99 Mbp) processed in 13.117s (42094.6 Kseq/m, 7831.11 Mbp/m).
  8810259 sequences classified (95.74%)
  392216 sequences unclassified (4.26%)
9090205 sequences (1661.37 Mbp) processed in 12.234s (44582.0 Kseq/m, 8148.03 Mbp/m).
  7439975 sequences classified (81.85%)
  1650230 sequences unclassified (18.15%)
ak2-sample	batch	0	name	0-SRR5935811	mode	parallel	s3client	sdk	rank	0	role	home	inflight	12	threads	16	start_s	414.955692	wall_s	14.074661	setup_s	0.000078	classify_s	13.305272	close_s	0.532599	report_s	0.228015	status	0	sequences	10067025	bases	1870494351	classified	9884918	place	lpt	weight	10067025
ak2-sample	batch	0	name	0-SRR5935782	mode	parallel	s3client	sdk	rank	0	role	home	inflight	12	threads	16	start_s	414.946077	wall_s	14.125453	setup_s	0.000091	classify_s	13.400370	close_s	0.241200	report_s	0.459895	status	0	sequences	10128070	bases	1876810820	classified	9942775	place	lpt	weight	10128070
ak2-sample	batch	0	name	0-SRR5935786	mode	parallel	s3client	sdk	rank	0	role	home	inflight	12	threads	16	start_s	415.010410	wall_s	14.340038	setup_s	0.000117	classify_s	13.529012	close_s	0.279978	report_s	0.518567	status	0	sequences	10054299	bases	1885642952	classified	9575405	place	lpt	weight	10054299
ak2-sample	batch	0	name	0-SRR5935790	mode	parallel	s3client	sdk	rank	0	role	home	inflight	12	threads	16	start_s	415.058263	wall_s	14.312128	setup_s	0.000287	classify_s	13.116849	close_s	0.672198	report_s	0.508624	status	0	sequences	9202475	bases	1711991411	classified	8810259	place	lpt	weight	9202475
ak2-sample	batch	0	name	0-SRR5935799	mode	parallel	s3client	sdk	rank	0	role	home	inflight	12	threads	16	start_s	415.884850	wall_s	13.667298	setup_s	0.001429	classify_s	12.233920	close_s	0.764465	report_s	0.634122	status	0	sequences	9090205	bases	1661371324	classified	7439975	place	lpt	weight	9090205
8877621 sequences (1663.95 Mbp) processed in 11.954s (44559.6 Kseq/m, 8351.86 Mbp/m).
  8212460 sequences classified (92.51%)
  665161 sequences unclassified (7.49%)
8766123 sequences (1609.93 Mbp) processed in 11.098s (47392.5 Kseq/m, 8703.79 Mbp/m).
  8639469 sequences classified (98.56%)
  126654 sequences unclassified (1.44%)
8439357 sequences (1550.81 Mbp) processed in 11.204s (45193.3 Kseq/m, 8304.70 Mbp/m).
  8138623 sequences classified (96.44%)
  300734 sequences unclassified (3.56%)
ak2-sample	batch	0	name	0-SRR5935826	mode	parallel	s3client	sdk	rank	0	role	home	inflight	12	threads	16	start_s	428.071162	wall_s	11.932897	setup_s	0.000098	classify_s	11.098112	close_s	0.289874	report_s	0.501362	status	0	sequences	8766123	bases	1609927653	classified	8639469	place	lpt	weight	8766123
ak2-sample	batch	0	name	0-SRR5935818	mode	parallel	s3client	sdk	rank	0	role	home	inflight	12	threads	16	start_s	427.045366	wall_s	12.963763	setup_s	0.003752	classify_s	11.953830	close_s	0.243421	report_s	0.739284	status	0	sequences	8877621	bases	1663945574	classified	8212460	place	lpt	weight	8877621
8486948 sequences (1613.12 Mbp) processed in 11.326s (44958.7 Kseq/m, 8545.33 Mbp/m).
  8270605 sequences classified (97.45%)
  216343 sequences unclassified (2.55%)
8745078 sequences (1626.83 Mbp) processed in 11.352s (46221.7 Kseq/m, 8598.55 Mbp/m).
  8520266 sequences classified (97.43%)
  224812 sequences unclassified (2.57%)
ak2-sample	batch	0	name	0-SRR5935797	mode	parallel	s3client	sdk	rank	0	role	home	inflight	12	threads	16	start_s	428.263389	wall_s	11.895840	setup_s	0.000090	classify_s	11.204347	close_s	0.280101	report_s	0.166854	status	0	sequences	8439357	bases	1550811438	classified	8138623	place	lpt	weight	8439357
ak2-sample	batch	0	name	0-SRR5935781	mode	parallel	s3client	sdk	rank	0	role	home	inflight	12	threads	16	start_s	428.257204	wall_s	11.977762	setup_s	0.000088	classify_s	11.326337	close_s	0.226390	report_s	0.166850	status	0	sequences	8486948	bases	1613121343	classified	8270605	place	lpt	weight	8486948
6552107 sequences (1182.80 Mbp) processed in 10.447s (37631.9 Kseq/m, 6793.37 Mbp/m).
  6331866 sequences classified (96.64%)
  220241 sequences unclassified (3.36%)
ak2-sample	batch	0	name	0-SRR5935824	mode	parallel	s3client	sdk	rank	0	role	home	inflight	12	threads	16	start_s	428.224777	wall_s	12.058353	setup_s	0.000086	classify_s	11.351916	close_s	0.273751	report_s	0.156965	status	0	sequences	8745078	bases	1626833325	classified	8520266	place	lpt	weight	8745078
6882441 sequences (1244.79 Mbp) processed in 10.722s (38512.8 Kseq/m, 6965.59 Mbp/m).
  6619730 sequences classified (96.18%)
  262711 sequences unclassified (3.82%)
ak2-sample	batch	0	name	0-SRR5935750	mode	parallel	s3client	sdk	rank	0	role	home	inflight	12	threads	16	start_s	429.553001	wall_s	10.826275	setup_s	0.009804	classify_s	10.446631	close_s	0.226754	report_s	0.135551	status	0	sequences	6552107	bases	1182796919	classified	6331866	place	lpt	weight	6552107
ak2-sample	batch	0	name	0-SRR5935832	mode	parallel	s3client	sdk	rank	0	role	home	inflight	12	threads	16	start_s	429.370480	wall_s	11.099034	setup_s	0.000101	classify_s	10.722314	close_s	0.203897	report_s	0.155364	status	0	sequences	6882441	bases	1244786679	classified	6619730	place	lpt	weight	6882441
7326365 sequences (1333.07 Mbp) processed in 11.112s (39559.3 Kseq/m, 7198.01 Mbp/m).
  6965607 sequences classified (95.08%)
  360758 sequences unclassified (4.92%)
8206591 sequences (1523.97 Mbp) processed in 11.737s (41951.8 Kseq/m, 7790.47 Mbp/m).
  7998445 sequences classified (97.46%)
  208146 sequences unclassified (2.54%)
8326050 sequences (1540.09 Mbp) processed in 11.737s (42562.8 Kseq/m, 7872.95 Mbp/m).
  8094378 sequences classified (97.22%)
  231672 sequences unclassified (2.78%)
7153468 sequences (1337.27 Mbp) processed in 11.096s (38680.1 Kseq/m, 7230.86 Mbp/m).
  6947959 sequences classified (97.13%)
  205509 sequences unclassified (2.87%)
ak2-sample	batch	0	name	0-SRR5935836	mode	parallel	s3client	sdk	rank	0	role	home	inflight	12	threads	16	start_s	429.071661	wall_s	11.723331	setup_s	0.000204	classify_s	11.111968	close_s	0.288636	report_s	0.310114	status	0	sequences	7326365	bases	1333066620	classified	6965607	place	lpt	weight	7326365
ak2-sample	batch	0	name	0-SRR5935828	mode	parallel	s3client	sdk	rank	0	role	home	inflight	12	threads	16	start_s	428.552199	wall_s	12.391030	setup_s	0.000073	classify_s	11.737090	close_s	0.301113	report_s	0.338277	status	0	sequences	8326050	bases	1540092338	classified	8094378	place	lpt	weight	8326050
8173049 sequences (1459.57 Mbp) processed in 11.695s (41930.8 Kseq/m, 7488.12 Mbp/m).
  7956066 sequences classified (97.35%)
  216983 sequences unclassified (2.65%)
ak2-sample	batch	0	name	0-SRR5935758	mode	parallel	s3client	sdk	rank	0	role	home	inflight	12	threads	16	start_s	428.593534	wall_s	12.452256	setup_s	0.000073	classify_s	11.737176	close_s	0.234790	report_s	0.468319	status	0	sequences	8206591	bases	1523967713	classified	7998445	place	lpt	weight	8206591
ak2-sample	batch	0	name	0-SRR5935815	mode	parallel	s3client	sdk	rank	0	role	home	inflight	12	threads	16	start_s	429.350558	wall_s	11.760104	setup_s	0.000150	classify_s	11.096343	close_s	0.268870	report_s	0.378175	status	0	sequences	7153468	bases	1337267943	classified	6947959	place	lpt	weight	7153468
ak2-sample	batch	0	name	0-SRR5935777	mode	parallel	s3client	sdk	rank	0	role	home	inflight	12	threads	16	start_s	429.030490	wall_s	12.555434	setup_s	0.000200	classify_s	11.695054	close_s	0.250248	report_s	0.590287	status	0	sequences	8173049	bases	1459565869	classified	7956066	place	lpt	weight	8173049
3168882 sequences (592.65 Mbp) processed in 6.604s (28792.2 Kseq/m, 5384.75 Mbp/m).
  3127330 sequences classified (98.69%)
  41552 sequences unclassified (1.31%)
1539039 sequences (293.66 Mbp) processed in 5.876s (15716.0 Kseq/m, 2998.70 Mbp/m).
  1494119 sequences classified (97.08%)
  44920 sequences unclassified (2.92%)
ak2-sample	batch	0	name	0-SRR5935809	mode	parallel	s3client	sdk	rank	0	role	home	inflight	12	threads	16	start_s	441.110767	wall_s	6.223434	setup_s	0.000226	classify_s	5.875704	close_s	0.242319	report_s	0.098020	status	0	sequences	1539039	bases	293657718	classified	1494119	place	lpt	weight	1539039
1513694 sequences (270.73 Mbp) processed in 5.486s (16555.1 Kseq/m, 2960.97 Mbp/m).
  1488159 sequences classified (98.31%)
  25535 sequences unclassified (1.69%)
3036382 sequences (569.20 Mbp) processed in 6.623s (27508.2 Kseq/m, 5156.73 Mbp/m).
  2817388 sequences classified (92.79%)
  218994 sequences unclassified (7.21%)
1771479 sequences (333.19 Mbp) processed in 6.127s (17348.2 Kseq/m, 3262.93 Mbp/m).
  1476454 sequences classified (83.35%)
  295025 sequences unclassified (16.65%)
ak2-sample	batch	0	name	0-SRR5935789	mode	parallel	s3client	sdk	rank	0	role	home	inflight	12	threads	16	start_s	441.585950	wall_s	5.899028	setup_s	0.072763	classify_s	5.486021	close_s	0.211941	report_s	0.125203	status	0	sequences	1513694	bases	270732465	classified	1488159	place	lpt	weight	1513694
ak2-sample	batch	0	name	0-SRR5935776	mode	parallel	s3client	sdk	rank	0	role	home	inflight	12	threads	16	start_s	440.379364	wall_s	7.118283	setup_s	0.000141	classify_s	6.603632	close_s	0.235876	report_s	0.271423	status	0	sequences	3168882	bases	592648009	classified	3127330	place	lpt	weight	3168882
ak2-sample	batch	0	name	0-SRR5935747	mode	parallel	s3client	sdk	rank	0	role	home	inflight	12	threads	16	start_s	440.469605	wall_s	7.038022	setup_s	0.000183	classify_s	6.622853	close_s	0.262603	report_s	0.145185	status	0	sequences	3036382	bases	569204188	classified	2817388	place	lpt	weight	3036382
2565282 sequences (465.56 Mbp) processed in 6.383s (24112.5 Kseq/m, 4376.08 Mbp/m).
  2508539 sequences classified (97.79%)
  56743 sequences unclassified (2.21%)
ak2-sample	batch	0	name	0-SRR5935793	mode	parallel	s3client	sdk	rank	0	role	home	inflight	12	threads	16	start_s	441.045867	wall_s	6.596618	setup_s	0.000065	classify_s	6.126778	close_s	0.269158	report_s	0.189252	status	0	sequences	1771479	bases	333187068	classified	1476454	place	lpt	weight	1771479
2823474 sequences (526.09 Mbp) processed in 6.582s (25740.1 Kseq/m, 4796.10 Mbp/m).
  2761157 sequences classified (97.79%)
  62317 sequences unclassified (2.21%)
ak2-sample	batch	0	name	0-SRR5935783	mode	parallel	s3client	sdk	rank	0	role	home	inflight	12	threads	16	start_s	440.943297	wall_s	6.784457	setup_s	0.004513	classify_s	6.383292	close_s	0.219854	report_s	0.172673	status	0	sequences	2565282	bases	465562992	classified	2508539	place	lpt	weight	2565282
5174437 sequences (978.78 Mbp) processed in 7.404s (41934.2 Kseq/m, 7932.13 Mbp/m).
  5104140 sequences classified (98.64%)
  70297 sequences unclassified (1.36%)
ak2-sample	batch	0	name	0-SRR5935805	mode	parallel	s3client	sdk	rank	0	role	home	inflight	12	threads	16	start_s	440.795092	wall_s	7.123901	setup_s	0.000082	classify_s	6.581502	close_s	0.283304	report_s	0.254611	status	0	sequences	2823474	bases	526092284	classified	2761157	place	lpt	weight	2823474
5166420 sequences (956.19 Mbp) processed in 7.465s (41526.6 Kseq/m, 7685.68 Mbp/m).
  4901709 sequences classified (94.88%)
  264711 sequences unclassified (5.12%)
ak2-sample	batch	0	name	0-SRR5935763	mode	parallel	s3client	sdk	rank	0	role	home	inflight	12	threads	16	start_s	440.159315	wall_s	7.772963	setup_s	0.000092	classify_s	7.403648	close_s	0.222787	report_s	0.134709	status	0	sequences	5174437	bases	978777662	classified	5104140	place	lpt	weight	5174437
5948317 sequences (1093.47 Mbp) processed in 7.712s (46277.0 Kseq/m, 8507.01 Mbp/m).
  5682744 sequences classified (95.54%)
  265573 sequences unclassified (4.46%)
ak2-sample	batch	0	name	0-SRR5935767	mode	parallel	s3client	sdk	rank	0	role	home	inflight	12	threads	16	start_s	440.234991	wall_s	7.850607	setup_s	0.000072	classify_s	7.464733	close_s	0.212399	report_s	0.155452	status	0	sequences	5166420	bases	956191777	classified	4901709	place	lpt	weight	5166420
6071697 sequences (1090.39 Mbp) processed in 7.867s (46304.7 Kseq/m, 8315.65 Mbp/m).
  5415115 sequences classified (89.19%)
  656582 sequences unclassified (10.81%)
ak2-sample	batch	0	name	0-SRR5935779	mode	parallel	s3client	sdk	rank	0	role	home	inflight	12	threads	16	start_s	440.009153	wall_s	8.103984	setup_s	0.000067	classify_s	7.712235	close_s	0.213922	report_s	0.161066	status	0	sequences	5948317	bases	1093467848	classified	5682744	place	lpt	weight	5948317
ak2-sample	batch	0	name	0-SRR5935755	mode	parallel	s3client	sdk	rank	0	role	home	inflight	12	threads	16	start_s	440.004085	wall_s	8.262554	setup_s	0.000067	classify_s	7.867496	close_s	0.206982	report_s	0.168041	status	0	sequences	6071697	bases	1090388750	classified	5415115	place	lpt	weight	6071697
5072545 sequences (950.40 Mbp) processed in 7.795s (39045.3 Kseq/m, 7315.60 Mbp/m).
  4982177 sequences classified (98.22%)
  90368 sequences unclassified (1.78%)
ak2-sample	batch	0	name	0-SRR5935814	mode	parallel	s3client	sdk	rank	0	role	home	inflight	12	threads	16	start_s	440.283161	wall_s	8.135157	setup_s	0.000092	classify_s	7.794856	close_s	0.199698	report_s	0.123381	status	0	sequences	5072545	bases	950400325	classified	4982177	place	lpt	weight	5072545
201473 sequences (36.75 Mbp) processed in 0.742s (16295.6 Kseq/m, 2972.05 Mbp/m).
  197603 sequences classified (98.08%)
  3870 sequences unclassified (1.92%)
297656 sequences (54.18 Mbp) processed in 0.754s (23672.3 Kseq/m, 4308.59 Mbp/m).
  290837 sequences classified (97.71%)
  6819 sequences unclassified (2.29%)
ak2-sample	batch	0	name	0-SRR5935743	mode	parallel	s3client	sdk	rank	0	role	home	inflight	12	threads	16	start_s	447.507648	wall_s	1.045155	setup_s	0.000074	classify_s	0.741821	close_s	0.201643	report_s	0.100774	status	0	sequences	201473	bases	36745424	classified	197603	place	lpt	weight	201473
ak2-sample	batch	0	name	0-SRR5935821	mode	parallel	s3client	sdk	rank	0	role	home	inflight	12	threads	16	start_s	447.497678	wall_s	1.093403	setup_s	0.000064	classify_s	0.754443	close_s	0.231447	report_s	0.106320	status	0	sequences	297656	bases	54176352	classified	290837	place	lpt	weight	297656
1085628 sequences (199.24 Mbp) processed in 1.019s (63935.1 Kseq/m, 11733.96 Mbp/m).
  1061820 sequences classified (97.81%)
  23808 sequences unclassified (2.19%)
1341509 sequences (254.99 Mbp) processed in 1.147s (70157.5 Kseq/m, 13335.51 Mbp/m).
  1320808 sequences classified (98.46%)
  20701 sequences unclassified (1.54%)
ak2-sample	batch	0	name	0-SRR5935835	mode	parallel	s3client	sdk	rank	0	role	home	inflight	12	threads	16	start_s	447.334224	wall_s	1.533772	setup_s	0.000064	classify_s	1.147285	close_s	0.267148	report_s	0.116798	status	0	sequences	1341509	bases	254993682	classified	1320808	place	lpt	weight	1341509
ak2-sample	batch	0	name	0-SRR5935839	mode	parallel	s3client	sdk	rank	0	role	home	inflight	12	threads	16	start_s	447.485006	wall_s	1.444721	setup_s	0.000062	classify_s	1.018810	close_s	0.201558	report_s	0.221929	status	0	sequences	1085628	bases	199244471	classified	1061820	place	lpt	weight	1085628
ak2-timing	batch-barrier-0	448.929746	0.067639	0	0	0.063114	0.000000
16351397 sequences (3065.56 Mbp) processed in 20.272s (48396.5 Kseq/m, 9073.37 Mbp/m).
  16166849 sequences classified (98.87%)
  184548 sequences unclassified (1.13%)
16518263 sequences (3051.28 Mbp) processed in 20.348s (48707.1 Kseq/m, 8997.27 Mbp/m).
  16141470 sequences classified (97.72%)
  376793 sequences unclassified (2.28%)
16708997 sequences (3043.02 Mbp) processed in 20.376s (49202.1 Kseq/m, 8960.64 Mbp/m).
  15000245 sequences classified (89.77%)
  1708752 sequences unclassified (10.23%)
16720060 sequences (3103.13 Mbp) processed in 20.411s (49150.4 Kseq/m, 9121.99 Mbp/m).
  16427692 sequences classified (98.25%)
  292368 sequences unclassified (1.75%)
ak2-sample	batch	1	name	1-SRR5935787	mode	parallel	s3client	sdk	rank	0	role	home	inflight	12	threads	16	start_s	448.997438	wall_s	21.036710	setup_s	0.000040	classify_s	20.271784	close_s	0.312288	report_s	0.442696	status	0	sequences	16351397	bases	3065557655	classified	16166849	place	lpt	weight	16351397
ak2-sample	batch	1	name	1-SRR5935807	mode	parallel	s3client	sdk	rank	0	role	home	inflight	12	threads	16	start_s	448.998546	wall_s	21.075738	setup_s	0.000056	classify_s	20.375939	close_s	0.227582	report_s	0.443649	status	0	sequences	16708997	bases	3043023590	classified	15000245	place	lpt	weight	16708997
ak2-sample	batch	1	name	1-SRR5935802	mode	parallel	s3client	sdk	rank	0	role	home	inflight	12	threads	16	start_s	448.998560	wall_s	21.102836	setup_s	0.000060	classify_s	20.410887	close_s	0.333693	report_s	0.344415	status	0	sequences	16720060	bases	3103131942	classified	16427692	place	lpt	weight	16720060
ak2-sample	batch	1	name	1-SRR5935741	mode	parallel	s3client	sdk	rank	0	role	home	inflight	12	threads	16	start_s	448.998636	wall_s	21.114057	setup_s	0.000057	classify_s	20.348064	close_s	0.235228	report_s	0.518598	status	0	sequences	16518263	bases	3051284850	classified	16141470	place	lpt	weight	16518263
16980616 sequences (3155.64 Mbp) processed in 21.076s (48341.6 Kseq/m, 8983.69 Mbp/m).
  16106690 sequences classified (94.85%)
  873926 sequences unclassified (5.15%)
18392491 sequences (3418.71 Mbp) processed in 21.534s (51247.0 Kseq/m, 9525.54 Mbp/m).
  18064386 sequences classified (98.22%)
  328105 sequences unclassified (1.78%)
18129553 sequences (3409.03 Mbp) processed in 21.604s (50350.0 Kseq/m, 9467.66 Mbp/m).
  17831449 sequences classified (98.36%)
  298104 sequences unclassified (1.64%)
ak2-sample	batch	1	name	1-SRR5935813	mode	parallel	s3client	sdk	rank	0	role	home	inflight	12	threads	16	start_s	448.997459	wall_s	21.901919	setup_s	0.000041	classify_s	21.075791	close_s	0.341598	report_s	0.447870	status	0	sequences	16980616	bases	3155638888	classified	16106690	place	lpt	weight	16980616
ak2-sample	batch	1	name	1-SRR5935762	mode	parallel	s3client	sdk	rank	0	role	home	inflight	12	threads	16	start_s	448.997479	wall_s	22.256481	setup_s	0.000054	classify_s	21.604255	close_s	0.257324	report_s	0.365394	status	0	sequences	18129553	bases	3409028279	classified	17831449	place	lpt	weight	18129553
ak2-sample	batch	1	name	1-SRR5935803	mode	parallel	s3client	sdk	rank	0	role	home	inflight	12	threads	16	start_s	448.997470	wall_s	22.256703	setup_s	0.000052	classify_s	21.533929	close_s	0.224422	report_s	0.445997	status	0	sequences	18392491	bases	3418705365	classified	18064386	place	lpt	weight	18392491
18879904 sequences (3539.14 Mbp) processed in 22.021s (51441.8 Kseq/m, 9643.03 Mbp/m).
  18627146 sequences classified (98.66%)
  252758 sequences unclassified (1.34%)
18645445 sequences (3449.57 Mbp) processed in 22.100s (50620.8 Kseq/m, 9365.30 Mbp/m).
  18393099 sequences classified (98.65%)
  252346 sequences unclassified (1.35%)
ak2-sample	batch	1	name	1-SRR5935749	mode	parallel	s3client	sdk	rank	0	role	home	inflight	12	threads	16	start_s	448.997492	wall_s	22.722701	setup_s	0.000054	classify_s	22.020895	close_s	0.229609	report_s	0.428845	status	0	sequences	18879904	bases	3539135454	classified	18627146	place	lpt	weight	18879904
ak2-sample	batch	1	name	1-SRR5935751	mode	parallel	s3client	sdk	rank	0	role	home	inflight	12	threads	16	start_s	448.997441	wall_s	23.063171	setup_s	0.000037	classify_s	22.100127	close_s	0.390087	report_s	0.529454	status	0	sequences	18645445	bases	3449573600	classified	18393099	place	lpt	weight	18645445
20086542 sequences (3689.65 Mbp) processed in 24.433s (49326.1 Kseq/m, 9060.59 Mbp/m).
  19142785 sequences classified (95.30%)
  943757 sequences unclassified (4.70%)
20770968 sequences (3886.70 Mbp) processed in 24.629s (50600.7 Kseq/m, 9468.48 Mbp/m).
  20594735 sequences classified (99.15%)
  176233 sequences unclassified (0.85%)
ak2-sample	batch	1	name	1-SRR5935823	mode	parallel	s3client	sdk	rank	0	role	home	inflight	12	threads	16	start_s	448.997434	wall_s	25.662665	setup_s	0.000045	classify_s	24.629283	close_s	0.358079	report_s	0.655118	status	0	sequences	20770968	bases	3886695944	classified	20594735	place	lpt	weight	20770968
20671571 sequences (3786.10 Mbp) processed in 25.439s (48756.0 Kseq/m, 8929.90 Mbp/m).
  19204656 sequences classified (92.90%)
  1466915 sequences unclassified (7.10%)
ak2-sample	batch	1	name	1-SRR5935798	mode	parallel	s3client	sdk	rank	0	role	home	inflight	12	threads	16	start_s	448.997452	wall_s	25.793301	setup_s	0.000045	classify_s	24.433154	close_s	0.259851	report_s	1.018080	status	0	sequences	20086542	bases	3689648337	classified	19142785	place	lpt	weight	20086542
ak2-sample	batch	1	name	1-SRR5935773	mode	parallel	s3client	sdk	rank	0	role	home	inflight	12	threads	16	start_s	448.997485	wall_s	26.344060	setup_s	0.000047	classify_s	25.438824	close_s	0.306141	report_s	0.562246	status	0	sequences	20671571	bases	3786101975	classified	19204656	place	lpt	weight	20671571
16053448 sequences (2993.47 Mbp) processed in 18.403s (52340.2 Kseq/m, 9759.81 Mbp/m).
  15204484 sequences classified (94.71%)
  848964 sequences unclassified (5.29%)
16286650 sequences (3018.35 Mbp) processed in 18.612s (52503.9 Kseq/m, 9730.38 Mbp/m).
  15278935 sequences classified (93.81%)
  1007715 sequences unclassified (6.19%)
ak2-sample	batch	1	name	1-SRR5935756	mode	parallel	s3client	sdk	rank	0	role	home	inflight	12	threads	16	start_s	470.112805	wall_s	18.847254	setup_s	0.000089	classify_s	18.402820	close_s	0.227606	report_s	0.199151	status	0	sequences	16053448	bases	2993468449	classified	15204484	place	lpt	weight	16053448
16180463 sequences (3026.48 Mbp) processed in 18.652s (52048.2 Kseq/m, 9735.38 Mbp/m).
  15739294 sequences classified (97.27%)
  441169 sequences unclassified (2.73%)
ak2-sample	batch	1	name	1-SRR5935757	mode	parallel	s3client	sdk	rank	0	role	home	inflight	12	threads	16	start_s	470.034258	wall_s	19.187149	setup_s	0.000139	classify_s	18.611941	close_s	0.260436	report_s	0.290325	status	0	sequences	16286650	bases	3018354004	classified	15278935	place	lpt	weight	16286650
16260968 sequences (3012.84 Mbp) processed in 18.774s (51969.6 Kseq/m, 9628.94 Mbp/m).
  15948766 sequences classified (98.08%)
  312202 sequences unclassified (1.92%)
ak2-sample	batch	1	name	1-SRR5935770	mode	parallel	s3client	sdk	rank	0	role	home	inflight	12	threads	16	start_s	470.101474	wall_s	19.460137	setup_s	0.000093	classify_s	18.652477	close_s	0.243685	report_s	0.549493	status	0	sequences	16180463	bases	3026482353	classified	15739294	place	lpt	weight	16180463
15746753 sequences (2888.34 Mbp) processed in 18.328s (51550.1 Kseq/m, 9455.54 Mbp/m).
  14105631 sequences classified (89.58%)
  1641122 sequences unclassified (10.42%)
ak2-sample	batch	1	name	1-SRR5935827	mode	parallel	s3client	sdk	rank	0	role	home	inflight	12	threads	16	start_s	470.074379	wall_s	19.595375	setup_s	0.000074	classify_s	18.773648	close_s	0.376651	report_s	0.425336	status	0	sequences	16260968	bases	3012837135	classified	15948766	place	lpt	weight	16260968
15328347 sequences (2853.53 Mbp) processed in 18.222s (50471.2 Kseq/m, 9395.73 Mbp/m).
  14998872 sequences classified (97.85%)
  329475 sequences unclassified (2.15%)
15312868 sequences (2847.18 Mbp) processed in 17.862s (51437.2 Kseq/m, 9563.90 Mbp/m).
  13152387 sequences classified (85.89%)
  2160481 sequences unclassified (14.11%)
ak2-sample	batch	1	name	1-SRR5935768	mode	parallel	s3client	sdk	rank	0	role	home	inflight	12	threads	16	start_s	470.899407	wall_s	19.071106	setup_s	0.000108	classify_s	18.327900	close_s	0.203547	report_s	0.336786	status	0	sequences	15746753	bases	2888337209	classified	14105631	place	lpt	weight	15746753
15500933 sequences (2889.47 Mbp) processed in 18.540s (50163.9 Kseq/m, 9350.85 Mbp/m).
  14777244 sequences classified (95.33%)
  723689 sequences unclassified (4.67%)
15280552 sequences (2858.11 Mbp) processed in 17.723s (51730.0 Kseq/m, 9675.69 Mbp/m).
  13785544 sequences classified (90.22%)
  1495008 sequences unclassified (9.78%)
ak2-sample	batch	1	name	1-SRR5935744	mode	parallel	s3client	sdk	rank	0	role	home	inflight	12	threads	16	start_s	471.254236	wall_s	18.907857	setup_s	0.000126	classify_s	18.222283	close_s	0.331816	report_s	0.335614	status	0	sequences	15328347	bases	2853526686	classified	14998872	place	lpt	weight	15328347
ak2-sample	batch	1	name	1-SRR5935759	mode	parallel	s3client	sdk	rank	0	role	home	inflight	12	threads	16	start_s	471.730818	wall_s	18.516340	setup_s	0.000119	classify_s	17.862014	close_s	0.241526	report_s	0.392574	status	0	sequences	15312868	bases	2847175138	classified	13152387	place	lpt	weight	15312868
ak2-sample	batch	1	name	1-SRR5935808	mode	parallel	s3client	sdk	rank	0	role	home	inflight	12	threads	16	start_s	471.254124	wall_s	19.234301	setup_s	0.000153	classify_s	18.540362	close_s	0.219453	report_s	0.449541	status	0	sequences	15500933	bases	2889469649	classified	14777244	place	lpt	weight	15500933
ak2-sample	batch	1	name	1-SRR5935810	mode	parallel	s3client	sdk	rank	0	role	home	inflight	12	threads	16	start_s	472.060706	wall_s	18.452902	setup_s	0.000136	classify_s	17.723446	close_s	0.248458	report_s	0.439315	status	0	sequences	15280552	bases	2858109884	classified	13785544	place	lpt	weight	15280552
14959235 sequences (2745.67 Mbp) processed in 15.781s (56876.0 Kseq/m, 10439.20 Mbp/m).
  13888405 sequences classified (92.84%)
  1070830 sequences unclassified (7.16%)
15271512 sequences (2845.36 Mbp) processed in 16.547s (55375.6 Kseq/m, 10317.48 Mbp/m).
  14502211 sequences classified (94.96%)
  769301 sequences unclassified (5.04%)
15080696 sequences (2770.85 Mbp) processed in 16.943s (53405.2 Kseq/m, 9812.38 Mbp/m).
  14478381 sequences classified (96.01%)
  602315 sequences unclassified (3.99%)
ak2-sample	batch	1	name	1-SRR5935800	mode	parallel	s3client	sdk	rank	0	role	home	inflight	12	threads	16	start_s	474.790894	wall_s	17.705853	setup_s	0.000141	classify_s	16.942969	close_s	0.339915	report_s	0.377071	status	0	sequences	15080696	bases	2770846238	classified	14478381	place	lpt	weight	15080696
ak2-sample	batch	1	name	1-SRR5935796	mode	parallel	s3client	sdk	rank	0	role	home	inflight	12	threads	16	start_s	475.341659	wall_s	17.203328	setup_s	0.000188	classify_s	15.780906	close_s	0.255476	report_s	1.088588	status	0	sequences	14959235	bases	2745665723	classified	13888405	place	lpt	weight	14959235
ak2-sample	batch	1	name	1-SRR5935772	mode	parallel	s3client	sdk	rank	0	role	home	inflight	12	threads	16	start_s	474.660127	wall_s	18.132972	setup_s	0.000067	classify_s	16.546830	close_s	0.368951	report_s	1.120457	status	0	sequences	15271512	bases	2845360298	classified	14502211	place	lpt	weight	15271512
14800056 sequences (2772.79 Mbp) processed in 18.000s (49333.8 Kseq/m, 9242.69 Mbp/m).
  14536791 sequences classified (98.22%)
  263265 sequences unclassified (1.78%)
ak2-sample	batch	1	name	1-SRR5935784	mode	parallel	s3client	sdk	rank	0	role	home	inflight	12	threads	16	start_s	488.960150	wall_s	18.552567	setup_s	0.000098	classify_s	17.999894	close_s	0.239034	report_s	0.232581	status	0	sequences	14800056	bases	2772790740	classified	14536791	place	lpt	weight	14800056
14615323 sequences (2691.06 Mbp) processed in 18.184s (48223.6 Kseq/m, 8879.22 Mbp/m).
  14358414 sequences classified (98.24%)
  256909 sequences unclassified (1.76%)
14303962 sequences (2635.98 Mbp) processed in 17.838s (48112.0 Kseq/m, 8866.24 Mbp/m).
  14029845 sequences classified (98.08%)
  274117 sequences unclassified (1.92%)
ak2-sample	batch	1	name	1-SRR5935838	mode	parallel	s3client	sdk	rank	0	role	home	inflight	12	threads	16	start_s	489.221480	wall_s	18.705844	setup_s	0.015107	classify_s	18.184455	close_s	0.317293	report_s	0.178711	status	0	sequences	14615323	bases	2691062094	classified	14358414	place	lpt	weight	14615323
ak2-sample	batch	1	name	1-SRR5935830	mode	parallel	s3client	sdk	rank	0	role	home	inflight	12	threads	16	start_s	489.669784	wall_s	18.383280	setup_s	0.000073	classify_s	17.838319	close_s	0.242099	report_s	0.291351	status	0	sequences	14303962	bases	2635979010	classified	14029845	place	lpt	weight	14303962
14472574 sequences (2738.53 Mbp) processed in 18.169s (47793.7 Kseq/m, 9043.62 Mbp/m).
  14022498 sequences classified (96.89%)
  450076 sequences unclassified (3.11%)
14298074 sequences (2663.28 Mbp) processed in 17.989s (47689.0 Kseq/m, 8882.96 Mbp/m).
  14234512 sequences classified (99.56%)
  63562 sequences unclassified (0.44%)
14261195 sequences (2665.70 Mbp) processed in 17.921s (47746.7 Kseq/m, 8924.80 Mbp/m).
  13980324 sequences classified (98.03%)
  280871 sequences unclassified (1.97%)
ak2-sample	batch	1	name	1-SRR5935806	mode	parallel	s3client	sdk	rank	0	role	home	inflight	12	threads	16	start_s	489.561663	wall_s	18.759423	setup_s	0.000170	classify_s	18.168803	close_s	0.333214	report_s	0.242938	status	0	sequences	14472574	bases	2738529910	classified	14022498	place	lpt	weight	14472574
ak2-sample	batch	1	name	1-SRR5935752	mode	parallel	s3client	sdk	rank	0	role	home	inflight	12	threads	16	start_s	489.970629	wall_s	18.437211	setup_s	0.000149	classify_s	17.989137	close_s	0.279187	report_s	0.153032	status	0	sequences	14298074	bases	2663280360	classified	14234512	place	lpt	weight	14298074
14191749 sequences (2646.88 Mbp) processed in 17.868s (47655.4 Kseq/m, 8888.13 Mbp/m).
  13987275 sequences classified (98.56%)
  204474 sequences unclassified (1.44%)
ak2-sample	batch	1	name	1-SRR5935817	mode	parallel	s3client	sdk	rank	0	role	home	inflight	12	threads	16	start_s	490.162182	wall_s	18.309571	setup_s	0.000216	classify_s	17.921065	close_s	0.204641	report_s	0.156418	status	0	sequences	14261195	bases	2665696979	classified	13980324	place	lpt	weight	14261195
14164085 sequences (2640.40 Mbp) processed in 17.736s (47915.6 Kseq/m, 8932.20 Mbp/m).
  13689575 sequences classified (96.65%)
  474510 sequences unclassified (3.35%)
14120624 sequences (2649.39 Mbp) processed in 17.755s (47717.3 Kseq/m, 8952.99 Mbp/m).
  13394795 sequences classified (94.86%)
  725829 sequences unclassified (5.14%)
ak2-sample	batch	1	name	1-SRR5935761	mode	parallel	s3client	sdk	rank	0	role	home	inflight	12	threads	16	start_s	490.247242	wall_s	18.369189	setup_s	0.000146	classify_s	17.867947	close_s	0.304437	report_s	0.169462	status	0	sequences	14191749	bases	2646878118	classified	13987275	place	lpt	weight	14191749
13404063 sequences (2484.45 Mbp) processed in 15.786s (50947.2 Kseq/m, 9443.08 Mbp/m).
  13071600 sequences classified (97.52%)
  332463 sequences unclassified (2.48%)
13817496 sequences (2535.87 Mbp) processed in 15.900s (52142.9 Kseq/m, 9569.57 Mbp/m).
  12277050 sequences classified (88.85%)
  1540446 sequences unclassified (11.15%)
13365245 sequences (2460.33 Mbp) processed in 15.508s (51711.4 Kseq/m, 9519.24 Mbp/m).
  13192260 sequences classified (98.71%)
  172985 sequences unclassified (1.29%)
ak2-sample	batch	1	name	1-SRR5935766	mode	parallel	s3client	sdk	rank	0	role	home	inflight	12	threads	16	start_s	490.513697	wall_s	18.556228	setup_s	0.012193	classify_s	17.755362	close_s	0.255785	report_s	0.514498	status	0	sequences	14120624	bases	2649393059	classified	13394795	place	lpt	weight	14120624
ak2-sample	batch	1	name	1-SRR5935753	mode	parallel	s3client	sdk	rank	0	role	home	inflight	12	threads	16	start_s	490.488546	wall_s	18.632399	setup_s	0.000164	classify_s	17.736278	close_s	0.272707	report_s	0.604886	status	0	sequences	14164085	bases	2640398097	classified	13689575	place	lpt	weight	14164085
ak2-sample	batch	1	name	1-SRR5935794	mode	parallel	s3client	sdk	rank	0	role	home	inflight	12	threads	16	start_s	492.545019	wall_s	16.576337	setup_s	0.000063	classify_s	15.785832	close_s	0.295441	report_s	0.480963	status	0	sequences	13404063	bases	2484447317	classified	13071600	place	lpt	weight	13404063
ak2-sample	batch	1	name	1-SRR5935785	mode	parallel	s3client	sdk	rank	0	role	home	inflight	12	threads	16	start_s	492.496776	wall_s	16.714037	setup_s	0.000067	classify_s	15.899560	close_s	0.309907	report_s	0.475151	status	0	sequences	13817496	bases	2535866229	classified	12277050	place	lpt	weight	13817496
ak2-sample	batch	1	name	1-SRR5935822	mode	parallel	s3client	sdk	rank	0	role	home	inflight	12	threads	16	start_s	492.793170	wall_s	16.432206	setup_s	0.000124	classify_s	15.507504	close_s	0.420310	report_s	0.465310	status	0	sequences	13365245	bases	2460327516	classified	13192260	place	lpt	weight	13365245
13253368 sequences (2414.15 Mbp) processed in 15.729s (50557.7 Kseq/m, 9209.28 Mbp/m).
  12329188 sequences classified (93.03%)
  924180 sequences unclassified (6.97%)
13010149 sequences (2394.73 Mbp) processed in 15.789s (49441.0 Kseq/m, 9100.44 Mbp/m).
  12910203 sequences classified (99.23%)
  99946 sequences unclassified (0.77%)
ak2-sample	batch	1	name	1-SRR5935804	mode	parallel	s3client	sdk	rank	0	role	home	inflight	12	threads	16	start_s	507.512812	wall_s	16.790391	setup_s	0.000116	classify_s	15.728618	close_s	0.253863	report_s	0.792599	status	0	sequences	13253368	bases	2414153428	classified	12329188	place	lpt	weight	13253368
ak2-sample	batch	1	name	1-SRR5935775	mode	parallel	s3client	sdk	rank	0	role	home	inflight	12	threads	16	start_s	508.053140	wall_s	16.391673	setup_s	0.000129	classify_s	15.788689	close_s	0.248202	report_s	0.193651	status	0	sequences	13010149	bases	2394732661	classified	12910203	place	lpt	weight	13010149
12793053 sequences (2357.69 Mbp) processed in 15.860s (48397.1 Kseq/m, 8919.31 Mbp/m).
  12609886 sequences classified (98.57%)
  183167 sequences unclassified (1.43%)
12711109 sequences (2382.42 Mbp) processed in 16.037s (47556.9 Kseq/m, 8913.50 Mbp/m).
  11452616 sequences classified (90.10%)
  1258493 sequences unclassified (9.90%)
ak2-sample	batch	1	name	1-SRR5935831	mode	parallel	s3client	sdk	rank	0	role	home	inflight	12	threads	16	start_s	508.321124	wall_s	16.399117	setup_s	0.000092	classify_s	15.860097	close_s	0.358744	report_s	0.153381	status	0	sequences	12793053	bases	2357685670	classified	12609886	place	lpt	weight	12793053
12325847 sequences (2261.51 Mbp) processed in 15.964s (46326.5 Kseq/m, 8499.85 Mbp/m).
  11791754 sequences classified (95.67%)
  534093 sequences unclassified (4.33%)
13162386 sequences (2465.10 Mbp) processed in 16.411s (48123.1 Kseq/m, 9012.65 Mbp/m).
  12297712 sequences classified (93.43%)
  864674 sequences unclassified (6.57%)
ak2-sample	batch	1	name	1-SRR5935833	mode	parallel	s3client	sdk	rank	0	role	home	inflight	12	threads	16	start_s	508.407889	wall_s	16.486262	setup_s	0.000091	classify_s	16.036930	close_s	0.236959	report_s	0.177512	status	0	sequences	12711109	bases	2382418955	classified	11452616	place	lpt	weight	12711109
11924297 sequences (2214.84 Mbp) processed in 15.644s (45734.1 Kseq/m, 8494.74 Mbp/m).
  11742476 sequences classified (98.48%)
  181821 sequences unclassified (1.52%)
11859598 sequences (2188.90 Mbp) processed in 15.612s (45578.8 Kseq/m, 8412.39 Mbp/m).
  10951240 sequences classified (92.34%)
  908358 sequences unclassified (7.66%)
ak2-sample	batch	1	name	1-SRR5935742	mode	parallel	s3client	sdk	rank	0	role	home	inflight	12	threads	16	start_s	508.616519	wall_s	16.506049	setup_s	0.000137	classify_s	15.963900	close_s	0.232895	report_s	0.291008	status	0	sequences	12325847	bases	2261511731	classified	11791754	place	lpt	weight	12325847
12610038 sequences (2321.59 Mbp) processed in 16.350s (46274.1 Kseq/m, 8519.36 Mbp/m).
  12099380 sequences classified (95.95%)
  510658 sequences unclassified (4.05%)
12252617 sequences (2212.67 Mbp) processed in 15.768s (46622.2 Kseq/m, 8419.41 Mbp/m).
  10208851 sequences classified (83.32%)
  2043766 sequences unclassified (16.68%)
ak2-sample	batch	1	name	1-SRR5935801	mode	parallel	s3client	sdk	rank	0	role	home	inflight	12	threads	16	start_s	507.927411	wall_s	17.258287	setup_s	0.000136	classify_s	16.410907	close_s	0.496665	report_s	0.327782	status	0	sequences	13162386	bases	2465096767	classified	12297712	place	lpt	weight	13162386
ak2-sample	batch	1	name	1-SRR5935795	mode	parallel	s3client	sdk	rank	0	role	home	inflight	12	threads	16	start_s	509.210939	wall_s	16.105115	setup_s	0.000184	classify_s	15.643870	close_s	0.244965	report_s	0.204834	status	0	sequences	11924297	bases	2214843465	classified	11742476	place	lpt	weight	11924297
ak2-sample	batch	1	name	1-SRR5935748	mode	parallel	s3client	sdk	rank	0	role	home	inflight	12	threads	16	start_s	509.225489	wall_s	16.127147	setup_s	0.000148	classify_s	15.611992	close_s	0.255948	report_s	0.236932	status	0	sequences	11859598	bases	2188903487	classified	10951240	place	lpt	weight	11859598
ak2-sample	batch	1	name	1-SRR5935834	mode	parallel	s3client	sdk	rank	0	role	home	inflight	12	threads	16	start_s	508.471784	wall_s	16.898447	setup_s	0.000097	classify_s	16.350463	close_s	0.293422	report_s	0.240252	status	0	sequences	12610038	bases	2321592529	classified	12099380	place	lpt	weight	12610038
ak2-sample	batch	1	name	1-SRR5935774	mode	parallel	s3client	sdk	rank	0	role	home	inflight	12	threads	16	start_s	509.070012	wall_s	16.350884	setup_s	0.000139	classify_s	15.768381	close_s	0.303242	report_s	0.252976	status	0	sequences	12252617	bases	2212674525	classified	10208851	place	lpt	weight	12252617
12062510 sequences (2207.30 Mbp) processed in 15.711s (46067.7 Kseq/m, 8429.84 Mbp/m).
  10926608 sequences classified (90.58%)
  1135902 sequences unclassified (9.42%)
12244248 sequences (2292.24 Mbp) processed in 16.178s (45411.6 Kseq/m, 8501.49 Mbp/m).
  11933067 sequences classified (97.46%)
  311181 sequences unclassified (2.54%)
ak2-sample	batch	1	name	1-SRR5935816	mode	parallel	s3client	sdk	rank	0	role	home	inflight	12	threads	16	start_s	509.121054	wall_s	16.894686	setup_s	0.000215	classify_s	16.177677	close_s	0.220196	report_s	0.472286	status	0	sequences	12244248	bases	2292238030	classified	11933067	place	lpt	weight	12244248
ak2-sample	batch	1	name	1-SRR5935820	mode	parallel	s3client	sdk	rank	0	role	home	inflight	12	threads	16	start_s	509.121533	wall_s	17.262117	setup_s	0.000150	classify_s	15.710598	close_s	0.630018	report_s	0.897708	status	0	sequences	12062510	bases	2207297835	classified	10926608	place	lpt	weight	12062510
11689489 sequences (2123.44 Mbp) processed in 14.794s (47408.0 Kseq/m, 8611.84 Mbp/m).
  11327502 sequences classified (96.90%)
  361987 sequences unclassified (3.10%)
ak2-sample	batch	1	name	1-SRR5935764	mode	parallel	s3client	sdk	rank	0	role	home	inflight	12	threads	16	start_s	524.303291	wall_s	15.329245	setup_s	0.000790	classify_s	14.794336	close_s	0.294181	report_s	0.187087	status	0	sequences	11689489	bases	2123440867	classified	11327502	place	lpt	weight	11689489
11458367 sequences (2115.94 Mbp) processed in 15.037s (45719.3 Kseq/m, 8442.66 Mbp/m).
  9654089 sequences classified (84.25%)
  1804278 sequences unclassified (15.75%)
11437813 sequences (2096.18 Mbp) processed in 14.803s (46359.5 Kseq/m, 8496.20 Mbp/m).
  10922134 sequences classified (95.49%)
  515679 sequences unclassified (4.51%)
ak2-sample	batch	1	name	1-SRR5935825	mode	parallel	s3client	sdk	rank	0	role	home	inflight	12	threads	16	start_s	524.444904	wall_s	15.512758	setup_s	0.000101	classify_s	15.037464	close_s	0.219891	report_s	0.214885	status	0	sequences	11458367	bases	2115935464	classified	9654089	place	lpt	weight	11458367
ak2-sample	batch	1	name	1-SRR5935792	mode	parallel	s3client	sdk	rank	0	role	home	inflight	12	threads	16	start_s	524.720319	wall_s	15.286477	setup_s	0.000143	classify_s	14.803209	close_s	0.270956	report_s	0.197254	status	0	sequences	11437813	bases	2096182336	classified	10922134	place	lpt	weight	11437813
11374148 sequences (2063.47 Mbp) processed in 14.814s (46069.0 Kseq/m, 8357.71 Mbp/m).
  10686284 sequences classified (93.95%)
  687864 sequences unclassified (6.05%)
ak2-sample	batch	1	name	1-SRR5935769	mode	parallel	s3client	sdk	rank	0	role	home	inflight	12	threads	16	start_s	524.894240	wall_s	15.409755	setup_s	0.000078	classify_s	14.813632	close_s	0.289489	report_s	0.289149	status	0	sequences	11374148	bases	2063466726	classified	10686284	place	lpt	weight	11374148
10896278 sequences (2024.82 Mbp) processed in 14.735s (44368.7 Kseq/m, 8244.90 Mbp/m).
  10712521 sequences classified (98.31%)
  183757 sequences unclassified (1.69%)
10716528 sequences (1994.96 Mbp) processed in 14.671s (43827.1 Kseq/m, 8158.74 Mbp/m).
  10376259 sequences classified (96.82%)
  340269 sequences unclassified (3.18%)
11073410 sequences (2024.07 Mbp) processed in 14.915s (44545.4 Kseq/m, 8142.31 Mbp/m).
  10832572 sequences classified (97.83%)
  240838 sequences unclassified (2.17%)
10834778 sequences (1957.59 Mbp) processed in 14.723s (44154.9 Kseq/m, 7977.74 Mbp/m).
  10642489 sequences classified (98.23%)
  192289 sequences unclassified (1.77%)
11220767 sequences (2068.35 Mbp) processed in 15.039s (44767.3 Kseq/m, 8252.07 Mbp/m).
  10523542 sequences classified (93.79%)
  697225 sequences unclassified (6.21%)
ak2-sample	batch	1	name	1-SRR5935819	mode	parallel	s3client	sdk	rank	0	role	home	inflight	12	threads	16	start_s	525.352705	wall_s	15.108921	setup_s	0.000098	classify_s	14.735087	close_s	0.216119	report_s	0.142534	status	0	sequences	10896278	bases	2024821947	classified	10712521	place	lpt	weight	10896278
ak2-sample	batch	1	name	1-SRR5935788	mode	parallel	s3client	sdk	rank	0	role	home	inflight	12	threads	16	start_s	525.185746	wall_s	15.312221	setup_s	0.000103	classify_s	14.915226	close_s	0.231005	report_s	0.148451	status	0	sequences	11073410	bases	2024074094	classified	10832572	place	lpt	weight	11073410
ak2-sample	batch	1	name	1-SRR5935780	mode	parallel	s3client	sdk	rank	0	role	home	inflight	12	threads	16	start_s	525.420977	wall_s	15.115634	setup_s	0.000126	classify_s	14.671092	close_s	0.211002	report_s	0.215663	status	0	sequences	10716528	bases	1994960359	classified	10376259	place	lpt	weight	10716528
ak2-sample	batch	1	name	1-SRR5935760	mode	parallel	s3client	sdk	rank	0	role	home	inflight	12	threads	16	start_s	525.370315	wall_s	15.186338	setup_s	0.000121	classify_s	14.722874	close_s	0.274079	report_s	0.173494	status	0	sequences	10834778	bases	1957586977	classified	10642489	place	lpt	weight	10834778
ak2-sample	batch	1	name	1-SRR5935829	mode	parallel	s3client	sdk	rank	0	role	home	inflight	12	threads	16	start_s	525.122618	wall_s	15.487262	setup_s	0.000119	classify_s	15.038780	close_s	0.221143	report_s	0.198151	status	0	sequences	11220767	bases	2068350513	classified	10523542	place	lpt	weight	11220767
10590116 sequences (1935.91 Mbp) processed in 14.382s (44180.1 Kseq/m, 8076.27 Mbp/m).
  10426493 sequences classified (98.45%)
  163623 sequences unclassified (1.55%)
11012615 sequences (2057.95 Mbp) processed in 15.120s (43699.5 Kseq/m, 8166.22 Mbp/m).
  10686469 sequences classified (97.04%)
  326146 sequences unclassified (2.96%)
10554303 sequences (1946.56 Mbp) processed in 14.095s (44928.0 Kseq/m, 8286.22 Mbp/m).
  10062971 sequences classified (95.34%)
  491332 sequences unclassified (4.66%)
ak2-sample	batch	1	name	1-SRR5935746	mode	parallel	s3client	sdk	rank	0	role	home	inflight	12	threads	16	start_s	525.316090	wall_s	15.839788	setup_s	0.000160	classify_s	15.120480	close_s	0.204432	report_s	0.496285	status	0	sequences	11012615	bases	2057953866	classified	10686469	place	lpt	weight	11012615
ak2-sample	batch	1	name	1-SRR5935765	mode	parallel	s3client	sdk	rank	0	role	home	inflight	12	threads	16	start_s	526.015900	wall_s	15.185290	setup_s	0.028629	classify_s	14.382205	close_s	0.210732	report_s	0.549676	status	0	sequences	10590116	bases	1935908855	classified	10426493	place	lpt	weight	10590116
ak2-sample	batch	1	name	1-SRR5935778	mode	parallel	s3client	sdk	rank	0	role	home	inflight	12	threads	16	start_s	526.383998	wall_s	15.141467	setup_s	0.000328	classify_s	14.094946	close_s	0.183316	report_s	0.830906	status	0	sequences	10554303	bases	1946564732	classified	10062971	place	lpt	weight	10554303
10532910 sequences (1945.09 Mbp) processed in 13.155s (48040.2 Kseq/m, 8871.49 Mbp/m).
  9366399 sequences classified (88.93%)
  1166511 sequences unclassified (11.07%)
ak2-sample	batch	1	name	1-SRR5935740	mode	parallel	s3client	sdk	rank	0	role	home	inflight	12	threads	16	start_s	539.632621	wall_s	14.025156	setup_s	0.000101	classify_s	13.155123	close_s	0.294100	report_s	0.284297	status	0	sequences	10532910	bases	1945093294	classified	9366399	place	lpt	weight	10532910
10492437 sequences (1984.14 Mbp) processed in 13.570s (46394.1 Kseq/m, 8773.23 Mbp/m).
  9889429 sequences classified (94.25%)
  603008 sequences unclassified (5.75%)
10479816 sequences (1916.83 Mbp) processed in 13.649s (46068.6 Kseq/m, 8426.25 Mbp/m).
  9679024 sequences classified (92.36%)
  800792 sequences unclassified (7.64%)
ak2-sample	batch	1	name	1-SRR5935745	mode	parallel	s3client	sdk	rank	0	role	home	inflight	12	threads	16	start_s	539.957694	wall_s	14.098690	setup_s	0.000120	classify_s	13.569521	close_s	0.243684	report_s	0.271025	status	0	sequences	10492437	bases	1984140901	classified	9889429	place	lpt	weight	10492437
ak2-sample	batch	1	name	1-SRR5935754	mode	parallel	s3client	sdk	rank	0	role	home	inflight	12	threads	16	start_s	540.006823	wall_s	14.243796	setup_s	0.000109	classify_s	13.648986	close_s	0.315936	report_s	0.255561	status	0	sequences	10479816	bases	1916830360	classified	9679024	place	lpt	weight	10479816
9337913 sequences (1691.90 Mbp) processed in 13.408s (41787.7 Kseq/m, 7571.35 Mbp/m).
  8897092 sequences classified (95.28%)
  440821 sequences unclassified (4.72%)
9230220 sequences (1688.15 Mbp) processed in 13.526s (40944.1 Kseq/m, 7488.44 Mbp/m).
  8736529 sequences classified (94.65%)
  493691 sequences unclassified (5.35%)
10140194 sequences (1929.10 Mbp) processed in 13.947s (43623.9 Kseq/m, 8299.14 Mbp/m).
  10096895 sequences classified (99.57%)
  43299 sequences unclassified (0.43%)
ak2-sample	batch	1	name	1-SRR5935837	mode	parallel	s3client	sdk	rank	0	role	home	inflight	12	threads	16	start_s	540.556717	wall_s	13.938941	setup_s	0.000115	classify_s	13.407660	close_s	0.330843	report_s	0.181313	status	0	sequences	9337913	bases	1691901005	classified	8897092	place	lpt	weight	9337913
10067025 sequences (1870.49 Mbp) processed in 13.715s (44042.1 Kseq/m, 8183.20 Mbp/m).
  9884918 sequences classified (98.19%)
  182107 sequences unclassified (1.81%)
9108174 sequences (1698.33 Mbp) processed in 13.090s (41749.3 Kseq/m, 7784.67 Mbp/m).
  8923230 sequences classified (97.97%)
  184944 sequences unclassified (2.03%)
ak2-sample	batch	1	name	1-SRR5935771	mode	parallel	s3client	sdk	rank	0	role	home	inflight	12	threads	16	start_s	540.609925	wall_s	13.990659	setup_s	0.000103	classify_s	13.526073	close_s	0.232888	report_s	0.196090	status	0	sequences	9230220	bases	1688151903	classified	8736529	place	lpt	weight	9230220
ak2-sample	batch	1	name	1-SRR5935791	mode	parallel	s3client	sdk	rank	0	role	home	inflight	12	threads	16	start_s	540.304034	wall_s	14.303915	setup_s	0.000100	classify_s	13.946758	close_s	0.214768	report_s	0.132209	status	0	sequences	10140194	bases	1929101997	classified	10096895	place	lpt	weight	10140194
ak2-sample	batch	1	name	1-SRR5935811	mode	parallel	s3client	sdk	rank	0	role	home	inflight	12	threads	16	start_s	540.497998	wall_s	14.151805	setup_s	0.000115	classify_s	13.714637	close_s	0.284668	report_s	0.136811	status	0	sequences	10067025	bases	1870494351	classified	9884918	place	lpt	weight	10067025
10054299 sequences (1885.64 Mbp) processed in 13.816s (43664.7 Kseq/m, 8189.13 Mbp/m).
  9575405 sequences classified (95.24%)
  478894 sequences unclassified (4.76%)
ak2-sample	batch	1	name	1-SRR5935812	mode	parallel	s3client	sdk	rank	0	role	home	inflight	12	threads	16	start_s	541.201211	wall_s	13.543868	setup_s	0.000200	classify_s	13.089826	close_s	0.235785	report_s	0.201965	status	0	sequences	9108174	bases	1698332428	classified	8923230	place	lpt	weight	9108174
9090205 sequences (1661.37 Mbp) processed in 12.907s (42256.5 Kseq/m, 7723.01 Mbp/m).
  7439975 sequences classified (81.85%)
  1650230 sequences unclassified (18.15%)
10128070 sequences (1876.81 Mbp) processed in 14.133s (42997.1 Kseq/m, 7967.70 Mbp/m).
  9942775 sequences classified (98.17%)
  185295 sequences unclassified (1.83%)
9202475 sequences (1711.99 Mbp) processed in 13.117s (42094.1 Kseq/m, 7831.01 Mbp/m).
  8810259 sequences classified (95.74%)
  392216 sequences unclassified (4.26%)
ak2-sample	batch	1	name	1-SRR5935786	mode	parallel	s3client	sdk	rank	0	role	home	inflight	12	threads	16	start_s	540.536638	wall_s	14.654950	setup_s	0.000115	classify_s	13.815698	close_s	0.307046	report_s	0.512039	status	0	sequences	10054299	bases	1885642952	classified	9575405	place	lpt	weight	10054299
ak2-sample	batch	1	name	1-SRR5935799	mode	parallel	s3client	sdk	rank	0	role	home	inflight	12	threads	16	start_s	541.525543	wall_s	13.842214	setup_s	0.060635	classify_s	12.907173	close_s	0.244008	report_s	0.598450	status	0	sequences	9090205	bases	1661371324	classified	7439975	place	lpt	weight	9090205
ak2-sample	batch	1	name	1-SRR5935782	mode	parallel	s3client	sdk	rank	0	role	home	inflight	12	threads	16	start_s	540.461683	wall_s	14.906134	setup_s	0.000114	classify_s	14.133140	close_s	0.198216	report_s	0.557943	status	0	sequences	10128070	bases	1876810820	classified	9942775	place	lpt	weight	10128070
ak2-sample	batch	1	name	1-SRR5935790	mode	parallel	s3client	sdk	rank	0	role	home	inflight	12	threads	16	start_s	541.155950	wall_s	14.335658	setup_s	0.004741	classify_s	13.117019	close_s	0.636955	report_s	0.559348	status	0	sequences	9202475	bases	1711991411	classified	8810259	place	lpt	weight	9202475
8877621 sequences (1663.95 Mbp) processed in 11.490s (46357.1 Kseq/m, 8688.79 Mbp/m).
  8212460 sequences classified (92.51%)
  665161 sequences unclassified (7.49%)
8766123 sequences (1609.93 Mbp) processed in 11.357s (46313.4 Kseq/m, 8505.61 Mbp/m).
  8639469 sequences classified (98.56%)
  126654 sequences unclassified (1.44%)
ak2-sample	batch	1	name	1-SRR5935818	mode	parallel	s3client	sdk	rank	0	role	home	inflight	12	threads	16	start_s	553.657867	wall_s	12.046321	setup_s	0.000103	classify_s	11.490295	close_s	0.238716	report_s	0.286826	status	0	sequences	8877621	bases	1663945574	classified	8212460	place	lpt	weight	8877621
ak2-sample	batch	1	name	1-SRR5935826	mode	parallel	s3client	sdk	rank	0	role	home	inflight	12	threads	16	start_s	554.056502	wall_s	11.743607	setup_s	0.000134	classify_s	11.356700	close_s	0.216786	report_s	0.162900	status	0	sequences	8766123	bases	1609927653	classified	8639469	place	lpt	weight	8766123
8745078 sequences (1626.83 Mbp) processed in 11.444s (45850.2 Kseq/m, 8529.44 Mbp/m).
  8520266 sequences classified (97.43%)
  224812 sequences unclassified (2.57%)
6552107 sequences (1182.80 Mbp) processed in 10.283s (38229.9 Kseq/m, 6901.33 Mbp/m).
  6331866 sequences classified (96.64%)
  220241 sequences unclassified (3.36%)
6882441 sequences (1244.79 Mbp) processed in 10.601s (38951.9 Kseq/m, 7045.00 Mbp/m).
  6619730 sequences classified (96.18%)
  262711 sequences unclassified (3.82%)
ak2-sample	batch	1	name	1-SRR5935750	mode	parallel	s3client	sdk	rank	0	role	home	inflight	12	threads	16	start_s	555.491632	wall_s	10.750756	setup_s	0.001680	classify_s	10.283217	close_s	0.222446	report_s	0.232000	status	0	sequences	6552107	bases	1182796919	classified	6331866	place	lpt	weight	6552107
ak2-sample	batch	1	name	1-SRR5935824	mode	parallel	s3client	sdk	rank	0	role	home	inflight	12	threads	16	start_s	554.250669	wall_s	12.026541	setup_s	0.000104	classify_s	11.443900	close_s	0.233985	report_s	0.337139	status	0	sequences	8745078	bases	1626833325	classified	8520266	place	lpt	weight	8745078
7326365 sequences (1333.07 Mbp) processed in 10.956s (40122.0 Kseq/m, 7300.38 Mbp/m).
  6965607 sequences classified (95.08%)
  360758 sequences unclassified (4.92%)
ak2-sample	batch	1	name	1-SRR5935832	mode	parallel	s3client	sdk	rank	0	role	home	inflight	12	threads	16	start_s	555.367853	wall_s	11.066515	setup_s	0.000110	classify_s	10.601447	close_s	0.221285	report_s	0.226799	status	0	sequences	6882441	bases	1244786679	classified	6619730	place	lpt	weight	6882441
ak2-sample	batch	1	name	1-SRR5935836	mode	parallel	s3client	sdk	rank	0	role	home	inflight	12	threads	16	start_s	555.191693	wall_s	11.380803	setup_s	0.000145	classify_s	10.956141	close_s	0.202140	report_s	0.193516	status	0	sequences	7326365	bases	1333066620	classified	6965607	place	lpt	weight	7326365
8173049 sequences (1459.57 Mbp) processed in 11.727s (41815.6 Kseq/m, 7467.55 Mbp/m).
  7956066 sequences classified (97.35%)
  216983 sequences unclassified (2.65%)
8439357 sequences (1550.81 Mbp) processed in 11.939s (42412.0 Kseq/m, 7793.61 Mbp/m).
  8138623 sequences classified (96.44%)
  300734 sequences unclassified (3.56%)
8486948 sequences (1613.12 Mbp) processed in 11.833s (43032.4 Kseq/m, 8179.20 Mbp/m).
  8270605 sequences classified (97.45%)
  216343 sequences unclassified (2.55%)
8326050 sequences (1540.09 Mbp) processed in 11.958s (41776.8 Kseq/m, 7727.56 Mbp/m).
  8094378 sequences classified (97.22%)
  231672 sequences unclassified (2.78%)
8206591 sequences (1523.97 Mbp) processed in 11.927s (41284.4 Kseq/m, 7666.53 Mbp/m).
  7998445 sequences classified (97.46%)
  208146 sequences unclassified (2.54%)
7153468 sequences (1337.27 Mbp) processed in 11.185s (38373.4 Kseq/m, 7173.52 Mbp/m).
  6947959 sequences classified (97.13%)
  205509 sequences unclassified (2.87%)
ak2-sample	batch	1	name	1-SRR5935777	mode	parallel	s3client	sdk	rank	0	role	home	inflight	12	threads	16	start_s	554.745162	wall_s	12.335211	setup_s	0.000109	classify_s	11.727268	close_s	0.268937	report_s	0.329268	status	0	sequences	8173049	bases	1459565869	classified	7956066	place	lpt	weight	8173049
ak2-sample	batch	1	name	1-SRR5935797	mode	parallel	s3client	sdk	rank	0	role	home	inflight	12	threads	16	start_s	554.600616	wall_s	12.520065	setup_s	0.000090	classify_s	11.939104	close_s	0.213271	report_s	0.350549	status	0	sequences	8439357	bases	1550811438	classified	8138623	place	lpt	weight	8439357
ak2-sample	batch	1	name	1-SRR5935758	mode	parallel	s3client	sdk	rank	0	role	home	inflight	12	threads	16	start_s	554.649831	wall_s	12.491406	setup_s	0.000070	classify_s	11.926924	close_s	0.210134	report_s	0.336991	status	0	sequences	8206591	bases	1523967713	classified	7998445	place	lpt	weight	8206591
ak2-sample	batch	1	name	1-SRR5935828	mode	parallel	s3client	sdk	rank	0	role	home	inflight	12	threads	16	start_s	554.607980	wall_s	12.572756	setup_s	0.000113	classify_s	11.957918	close_s	0.220407	report_s	0.376590	status	0	sequences	8326050	bases	1540092338	classified	8094378	place	lpt	weight	8326050
ak2-sample	batch	1	name	1-SRR5935781	mode	parallel	s3client	sdk	rank	0	role	home	inflight	12	threads	16	start_s	554.495682	wall_s	12.738094	setup_s	0.000087	classify_s	11.833342	close_s	0.433684	report_s	0.445081	status	0	sequences	8486948	bases	1613121343	classified	8270605	place	lpt	weight	8486948
ak2-sample	batch	1	name	1-SRR5935815	mode	parallel	s3client	sdk	rank	0	role	home	inflight	12	threads	16	start_s	555.367838	wall_s	11.872354	setup_s	0.000124	classify_s	11.185041	close_s	0.267209	report_s	0.397574	status	0	sequences	7153468	bases	1337267943	classified	6947959	place	lpt	weight	7153468
3168882 sequences (592.65 Mbp) processed in 6.069s (31326.5 Kseq/m, 5858.73 Mbp/m).
  3127330 sequences classified (98.69%)
  41552 sequences unclassified (1.31%)
1513694 sequences (270.73 Mbp) processed in 5.532s (16418.8 Kseq/m, 2936.58 Mbp/m).
  1488159 sequences classified (98.31%)
  25535 sequences unclassified (1.69%)
1539039 sequences (293.66 Mbp) processed in 5.553s (16628.3 Kseq/m, 3172.77 Mbp/m).
  1494119 sequences classified (97.08%)
  44920 sequences unclassified (2.92%)
ak2-sample	batch	1	name	1-SRR5935789	mode	parallel	s3client	sdk	rank	0	role	home	inflight	12	threads	16	start_s	567.240261	wall_s	5.897570	setup_s	0.000107	classify_s	5.531580	close_s	0.234917	report_s	0.127790	status	0	sequences	1513694	bases	270732465	classified	1488159	place	lpt	weight	1513694
1771479 sequences (333.19 Mbp) processed in 5.713s (18603.3 Kseq/m, 3498.99 Mbp/m).
  1476454 sequences classified (83.35%)
  295025 sequences unclassified (16.65%)
ak2-sample	batch	1	name	1-SRR5935809	mode	parallel	s3client	sdk	rank	0	role	home	inflight	12	threads	16	start_s	567.233819	wall_s	5.955260	setup_s	0.000126	classify_s	5.553334	close_s	0.260353	report_s	0.135551	status	0	sequences	1539039	bases	293657718	classified	1494119	place	lpt	weight	1539039
ak2-sample	batch	1	name	1-SRR5935776	mode	parallel	s3client	sdk	rank	0	role	home	inflight	12	threads	16	start_s	566.572526	wall_s	6.667701	setup_s	0.000100	classify_s	6.069390	close_s	0.253843	report_s	0.338785	status	0	sequences	3168882	bases	592648009	classified	3127330	place	lpt	weight	3168882
ak2-sample	batch	1	name	1-SRR5935793	mode	parallel	s3client	sdk	rank	0	role	home	inflight	12	threads	16	start_s	567.180782	wall_s	6.132660	setup_s	0.000123	classify_s	5.713434	close_s	0.228252	report_s	0.166481	status	0	sequences	1771479	bases	333187068	classified	1476454	place	lpt	weight	1771479
2823474 sequences (526.09 Mbp) processed in 6.160s (27502.7 Kseq/m, 5124.52 Mbp/m).
  2761157 sequences classified (97.79%)
  62317 sequences unclassified (2.21%)
5174437 sequences (978.78 Mbp) processed in 7.119s (43612.0 Kseq/m, 8249.48 Mbp/m).
  5104140 sequences classified (98.64%)
  70297 sequences unclassified (1.36%)
ak2-sample	batch	1	name	1-SRR5935805	mode	parallel	s3client	sdk	rank	0	role	home	inflight	12	threads	16	start_s	567.120778	wall_s	6.541815	setup_s	0.000145	classify_s	6.159704	close_s	0.207953	report_s	0.164354	status	0	sequences	2823474	bases	526092284	classified	2761157	place	lpt	weight	2823474
2565282 sequences (465.56 Mbp) processed in 6.099s (25234.6 Kseq/m, 4579.73 Mbp/m).
  2508539 sequences classified (97.79%)
  56743 sequences unclassified (2.21%)
3036382 sequences (569.20 Mbp) processed in 6.401s (28459.8 Kseq/m, 5335.10 Mbp/m).
  2817388 sequences classified (92.79%)
  218994 sequences unclassified (7.21%)
ak2-sample	batch	1	name	1-SRR5935763	mode	parallel	s3client	sdk	rank	0	role	home	inflight	12	threads	16	start_s	566.242573	wall_s	7.464397	setup_s	0.000203	classify_s	7.118832	close_s	0.214262	report_s	0.117212	status	0	sequences	5174437	bases	978777662	classified	5104140	place	lpt	weight	5174437
6071697 sequences (1090.39 Mbp) processed in 7.821s (46582.4 Kseq/m, 8365.52 Mbp/m).
  5415115 sequences classified (89.19%)
  656582 sequences unclassified (10.81%)
ak2-sample	batch	1	name	1-SRR5935783	mode	parallel	s3client	sdk	rank	0	role	home	inflight	12	threads	16	start_s	567.141345	wall_s	6.661238	setup_s	0.000124	classify_s	6.099438	close_s	0.422965	report_s	0.130345	status	0	sequences	2565282	bases	465562992	classified	2508539	place	lpt	weight	2565282
5948317 sequences (1093.47 Mbp) processed in 7.626s (46800.2 Kseq/m, 8603.19 Mbp/m).
  5682744 sequences classified (95.54%)
  265573 sequences unclassified (4.46%)
ak2-sample	batch	1	name	1-SRR5935747	mode	parallel	s3client	sdk	rank	0	role	home	inflight	12	threads	16	start_s	567.080473	wall_s	6.785805	setup_s	0.000186	classify_s	6.401425	close_s	0.187139	report_s	0.181782	status	0	sequences	3036382	bases	569204188	classified	2817388	place	lpt	weight	3036382
5072545 sequences (950.40 Mbp) processed in 7.246s (42004.4 Kseq/m, 7870.02 Mbp/m).
  4982177 sequences classified (98.22%)
  90368 sequences unclassified (1.78%)
5166420 sequences (956.19 Mbp) processed in 7.368s (42070.2 Kseq/m, 7786.29 Mbp/m).
  4901709 sequences classified (94.88%)
  264711 sequences unclassified (5.12%)
ak2-sample	batch	1	name	1-SRR5935755	mode	parallel	s3client	sdk	rank	0	role	home	inflight	12	threads	16	start_s	565.704296	wall_s	8.252494	setup_s	0.000099	classify_s	7.820597	close_s	0.238605	report_s	0.170008	status	0	sequences	6071697	bases	1090388750	classified	5415115	place	lpt	weight	6071697
ak2-sample	batch	1	name	1-SRR5935814	mode	parallel	s3client	sdk	rank	0	role	home	inflight	12	threads	16	start_s	566.434456	wall_s	7.583995	setup_s	0.000147	classify_s	7.245728	close_s	0.185333	report_s	0.141275	status	0	sequences	5072545	bases	950400325	classified	4982177	place	lpt	weight	5072545
ak2-sample	batch	1	name	1-SRR5935779	mode	parallel	s3client	sdk	rank	0	role	home	inflight	12	threads	16	start_s	565.800203	wall_s	8.239634	setup_s	0.000115	classify_s	7.626014	close_s	0.412175	report_s	0.186116	status	0	sequences	5948317	bases	1093467848	classified	5682744	place	lpt	weight	5948317
ak2-sample	batch	1	name	1-SRR5935767	mode	parallel	s3client	sdk	rank	0	role	home	inflight	12	threads	16	start_s	566.277310	wall_s	7.763086	setup_s	0.000154	classify_s	7.368279	close_s	0.221687	report_s	0.160843	status	0	sequences	5166420	bases	956191777	classified	4901709	place	lpt	weight	5166420
201473 sequences (36.75 Mbp) processed in 0.686s (17614.7 Kseq/m, 3212.65 Mbp/m).
  197603 sequences classified (98.08%)
  3870 sequences unclassified (1.92%)
ak2-sample	batch	1	name	1-SRR5935743	mode	parallel	s3client	sdk	rank	0	role	home	inflight	12	threads	16	start_s	573.313486	wall_s	0.989671	setup_s	0.000096	classify_s	0.686266	close_s	0.221498	report_s	0.080954	status	0	sequences	201473	bases	36745424	classified	197603	place	lpt	weight	201473
297656 sequences (54.18 Mbp) processed in 0.720s (24818.5 Kseq/m, 4517.22 Mbp/m).
  290837 sequences classified (97.71%)
  6819 sequences unclassified (2.29%)
1085628 sequences (199.24 Mbp) processed in 1.025s (63570.6 Kseq/m, 11667.07 Mbp/m).
  1061820 sequences classified (97.81%)
  23808 sequences unclassified (2.19%)
1341509 sequences (254.99 Mbp) processed in 1.144s (70376.1 Kseq/m, 13377.08 Mbp/m).
  1320808 sequences classified (98.46%)
  20701 sequences unclassified (1.54%)
ak2-sample	batch	1	name	1-SRR5935839	mode	parallel	s3client	sdk	rank	0	role	home	inflight	12	threads	16	start_s	573.189192	wall_s	1.360444	setup_s	0.000105	classify_s	1.024651	close_s	0.243151	report_s	0.090169	status	0	sequences	1085628	bases	199244471	classified	1061820	place	lpt	weight	1085628
ak2-sample	batch	1	name	1-SRR5935821	mode	parallel	s3client	sdk	rank	0	role	home	inflight	12	threads	16	start_s	573.240318	wall_s	1.316372	setup_s	0.000084	classify_s	0.719599	close_s	0.457901	report_s	0.137674	status	0	sequences	297656	bases	54176352	classified	290837	place	lpt	weight	297656
ak2-sample	batch	1	name	1-SRR5935835	mode	parallel	s3client	sdk	rank	0	role	home	inflight	12	threads	16	start_s	573.137916	wall_s	1.440159	setup_s	0.000101	classify_s	1.143720	close_s	0.192486	report_s	0.101430	status	0	sequences	1341509	bases	254993682	classified	1320808	place	lpt	weight	1341509
ak2-timing	batch-barrier-1	574.578094	0.069499	0	0	0.033342	0.020162
10532910 sequences (1945.09 Mbp) processed in 5.775s (109429.6 Kseq/m, 20208.17 Mbp/m).
  9366399 sequences classified (88.93%)
  1166511 sequences unclassified (11.07%)
ak2-sample	batch	2	name	2-SRR5935740	mode	parallel	s3client	sdk	rank	0	role	home	inflight	12	threads	16	start_s	574.647623	wall_s	6.213206	setup_s	0.000048	classify_s	5.775168	close_s	0.271874	report_s	0.151157	status	0	sequences	10532910	bases	1945093294	classified	9366399	place	lpt	weight	10532910
ak2-timing	batch-barrier-2	580.860853	0.071808	0	0	0.001571	0.040152
10532910 sequences (1945.09 Mbp) processed in 5.884s (107405.6 Kseq/m, 19834.41 Mbp/m).
  9366399 sequences classified (88.93%)
  1166511 sequences unclassified (11.07%)
ak2-sample	batch	3	name	3-SRR5935740	mode	parallel	s3client	sdk	rank	0	role	home	inflight	12	threads	16	start_s	580.932688	wall_s	6.265933	setup_s	0.000045	classify_s	5.883998	close_s	0.213995	report_s	0.152762	status	0	sequences	10532910	bases	1945093294	classified	9366399	place	lpt	weight	10532910
ak2-timing	batch-barrier-3	587.198644	0.074861	0	0	0.002359	0.000081
10532910 sequences (1945.09 Mbp) processed in 5.803s (108906.4 Kseq/m, 20111.54 Mbp/m).
  9366399 sequences classified (88.93%)
  1166511 sequences unclassified (11.07%)
ak2-sample	batch	4	name	4-SRR5935740	mode	parallel	s3client	sdk	rank	0	role	home	inflight	12	threads	16	start_s	587.273526	wall_s	6.246869	setup_s	0.000045	classify_s	5.802918	close_s	0.280204	report_s	0.148752	status	0	sequences	10532910	bases	1945093294	classified	9366399	place	lpt	weight	10532910
ak2-timing	batch-barrier-4	593.520414	0.072577	0	0	0.002361	0.000082
ak2-engine	shard	0	n	1	lo	0	hi	297272917942	tail	0	full	true	empty_at	297272917942	keys	89988475081	batches	59664	probe_s	4547.819355	tail_probes	0	wrap_probes	0
ak2-engine	rendezvous	puts	6	gets	6
ak2-engine	s3	client	sdk	put	209	get	6	create_multipart	203	upload_part	23693	complete_multipart	203	abort_multipart	0	part_bytes	197936325790
ak2-engine	s3	client	cli	put	0	get	0	create_multipart	0	upload_part	0	complete_multipart	0	abort_multipart	0	part_bytes	0
ak2-engine	load	seconds	324.448250	requests	17737	retries	0	bytes	1189091737368
ak2-engine	route	transport	nodes	calls	59664	keys	89988475081	batches	59664	route_s	432.339897	wait_s	4583.289213	gather_s	456.202375
ak2-engine	worker	scan_s	15068.710619	lookup_s	5471.944653	classify_s	7778.367648
ak2-timing	total	0.000001	595.752617	56130751	0	22452.493483	778.377025
