spawn: shell options for --command: $-=ehB
spawn: errexit is ON. set -uo pipefail does NOT clear it; use set +e to opt out.
spawn: [2026-10-09T06:44:49Z] wrapper start
spawn: [2026-10-09T06:44:49Z] stage-in start
spawn: [2026-10-09T06:44:49Z] stage-in done rc=0
spawn: [2026-10-09T06:44:49Z] command start
ak2-stub: inherited $-=hBc
ak2-stub: imds region=us-west-2 expected=us-west-2 payload bucket aws-kraken2-942542972736-us-west-2 region=us-west-2
ak2-stub: payload verified (sha256 f99c23c4d439c85787ba884a1c5357c94010fa7dd20283867e4bf53c29df239e); exec
ak2: log tee up
ak2-phase	2026-10-09T06:44:49Z	1791528289	preamble	no
ak2: [2026-10-09T06:44:49Z] inherited $-=hBc (stub, as spawn started it: $-=hBc)
ak2: [2026-10-09T06:44:49Z] after set +e $-=hBc
ak2: [2026-10-09T06:44:49Z] gate=g3 run=20261009-064231-4c67532-2a5c-n64-r57
ak2: [2026-10-09T06:44:49Z] aws shim installed and self-tested (/tmp/ak2-bin/aws -> /usr/bin/aws)
ak2: [2026-10-09T06:44:49Z] imds region=us-west-2 az=us-west-2b instance=i-0304e15deaff2b657 type=c8gn.4xlarge ami=ami-09325776a00699513
ak2: [2026-10-09T06:44:49Z] bucket aws-kraken2-942542972736-us-west-2 region=us-west-2
ak2: [2026-10-09T06:44:50Z] bucket aws-kraken2-942542972736-us-west-2 payer=UNKNOWN
ak2: [2026-10-09T06:44:50Z] WARN: could not read Payer of aws-kraken2-942542972736-us-west-2 from the instance (launch host verified it)
ak2: [2026-10-09T06:44:50Z] bucket kraken2-ncbi-refseq-complete-v205 region=us-west-2
ak2: [2026-10-09T06:44:51Z] bucket kraken2-ncbi-refseq-complete-v205 payer=BucketOwner
ak2: [2026-10-09T06:44:51Z] region assert passed
ak2: [2026-10-09T06:44:51Z] drop_caches_ok=true
ak2: [2026-10-09T06:44:51Z] preamble done; spec body starts
ak2-phase	2026-10-09T06:44:51Z	1791528291	body	no
ak2-phase	2026-10-09T06:44:51Z	1791528291	setup	no
go: downloading github.com/aws/aws-sdk-go-v2 v1.47.1
go: downloading github.com/aws/aws-sdk-go-v2/config v1.33.7
go: downloading github.com/aws/aws-sdk-go-v2/credentials v1.20.7
go: downloading github.com/aws/aws-sdk-go-v2/service/s3 v1.114.1
go: downloading github.com/klauspost/compress v1.20.0
go: downloading github.com/aws/smithy-go v1.28.1
go: downloading github.com/aws/aws-sdk-go-v2/feature/ec2/imds v1.20.1
go: downloading github.com/aws/aws-sdk-go-v2/service/sso v1.38.2
go: downloading github.com/aws/aws-sdk-go-v2/service/ssooidc v1.43.2
go: downloading github.com/aws/aws-sdk-go-v2/service/sts v1.51.2
go: downloading github.com/aws/aws-sdk-go-v2/service/signin v1.10.2
go: downloading github.com/aws/aws-sdk-go-v2/aws/protocol/eventstream v1.7.20
go: downloading github.com/aws/aws-sdk-go-v2/internal/v4a v1.5.4
go: downloading github.com/aws/aws-sdk-go-v2/internal/configsources v1.5.4
go: downloading github.com/aws/aws-sdk-go-v2/service/internal/accept-encoding v1.13.19
go: downloading github.com/aws/aws-sdk-go-v2/service/internal/checksum v1.11.5
go: downloading github.com/aws/aws-sdk-go-v2/service/internal/presigned-url v1.14.4
go: downloading github.com/aws/aws-sdk-go-v2/service/internal/s3shared v1.20.4
go: downloading github.com/aws/aws-sdk-go-v2/internal/endpoints/v2 v2.8.4
ak2: [2026-10-09T06:45:26Z] rank 57 of 64; hash.k2d etag=f80959f9556b50d76b3e744afdd3b22a-8860 size=1189091671800; stages 1 16 32 64 x 60s
ak2-phase	2026-10-09T06:45:26Z	1791528326	rendezvous	no
ak2: [2026-10-09T06:45:48Z] rendezvous: all 64 ready; stages start at 1791528368 (20 s from now)
ak2-phase	2026-10-09T06:45:48Z	1791528348	stage-n1	no
ak2: [2026-10-09T06:46:08Z] stage n1: rank 57 waits
ak2-phase	2026-10-09T06:46:08Z	1791528368	stage-n16	no
ak2: [2026-10-09T06:47:28Z] stage n16: rank 57 waits
ak2-phase	2026-10-09T06:47:28Z	1791528448	stage-n32	no
ak2: [2026-10-09T06:48:48Z] stage n32: rank 57 waits
ak2-phase	2026-10-09T06:48:48Z	1791528528	stage-n64	no
probe-cont {"kind":"progress","label":"n64-r57","unix_s":1791528613.0228293,"elapsed_s":5.000075832,"bytes":28789702656,"gbps_cum":5.757853205295147,"gbps_interval":5.757853205295147,"requests":493,"retries":0,"complete":false}
probe-cont {"kind":"progress","label":"n64-r57","unix_s":1791528618.0228333,"elapsed_s":10.000079793,"bytes":58384711680,"gbps_cum":5.838424581458737,"gbps_interval":5.918997115770485,"requests":934,"retries":0,"complete":false}
probe-cont {"kind":"progress","label":"n64-r57","unix_s":1791528623.0228257,"elapsed_s":15.000072093,"bytes":90462748672,"gbps_cum":6.0308209261351315,"gbps_interval":6.415617278450609,"requests":1412,"retries":0,"complete":false}
probe-cont {"kind":"progress","label":"n64-r57","unix_s":1791528628.0229099,"elapsed_s":20.00015647,"bytes":120661737472,"gbps_cum":6.033039674114109,"gbps_interval":6.0396958377168595,"requests":1862,"retries":0,"complete":false}
probe-cont {"kind":"progress","label":"n64-r57","unix_s":1791528633.022832,"elapsed_s":25.00007831,"bytes":150659399680,"gbps_cum":6.026357110238988,"gbps_interval":5.999626227757193,"requests":2309,"retries":0,"complete":false}
probe-cont {"kind":"progress","label":"n64-r57","unix_s":1791528638.0228267,"elapsed_s":30.000073336,"bytes":182871654400,"gbps_cum":6.095706912174597,"gbps_interval":6.442457352956575,"requests":2789,"retries":0,"complete":false}
probe-cont {"kind":"progress","label":"n64-r57","unix_s":1791528643.0228252,"elapsed_s":35.000071749,"bytes":213070643200,"gbps_cum":6.087720183204702,"gbps_interval":6.039799677032417,"requests":3239,"retries":0,"complete":false}
probe-cont {"kind":"progress","label":"n64-r57","unix_s":1791528648.0228543,"elapsed_s":40.00010074,"bytes":244746027008,"gbps_cum":6.118635265417084,"gbps_interval":6.3350400297709,"requests":3711,"retries":0,"complete":false}
probe-cont {"kind":"progress","label":"n64-r57","unix_s":1791528653.0228288,"elapsed_s":45.000075337,"bytes":275280560128,"gbps_cum":6.117335539250944,"gbps_interval":6.10693765090743,"requests":4166,"retries":0,"complete":false}
probe-cont {"kind":"progress","label":"n64-r57","unix_s":1791528658.0228293,"elapsed_s":50.00007581,"bytes":306486181888,"gbps_cum":6.129714343887112,"gbps_interval":6.241123761589692,"requests":4631,"retries":0,"complete":false}
probe-cont {"kind":"progress","label":"n64-r57","unix_s":1791528663.0228276,"elapsed_s":55.000074059,"bytes":337154932736,"gbps_cum":6.130081431787259,"gbps_interval":6.133752317640061,"requests":5088,"retries":0,"complete":false}
probe-cont {"kind":"progress","label":"n64-r57","unix_s":1791528668.0229993,"elapsed_s":60.000245854,"bytes":367689465856,"gbps_cum":6.128132653834576,"gbps_interval":6.106696804004511,"requests":5543,"retries":0,"complete":false}
probe-cont {"kind":"done","label":"n64-r57","unix_s":1791528668.0230625,"elapsed_s":60.000308982,"bytes":367689465856,"gbps_cum":6.128126206255142,"gbps_interval":0,"requests":5543,"retries":0,"complete":false,"workers":64,"chunk_mib":64,"object":"https://kraken2-ncbi-refseq-complete-v205.s3.us-west-2.amazonaws.com/Kraken2_RefSeqCompleteV205/hash.k2d","object_bytes":1189091671800,"stopped_by":"seconds"}
ak2-phase	2026-10-09T06:51:13Z	1791528673	push	no
ak2: [2026-10-09T06:51:13Z] pushed out/cont-57.jsonl
ak2: [2026-10-09T06:51:13Z] contention probe done FAIL=0
spawn: [2026-10-09T06:51:14Z] command exit rc=0
