Loading database information...ak2-timing	opts	0.002792	0.000017	0	0	0.000000	0.000018
ak2-timing	taxo	0.002818	0.094081	87768	0	0.016456	0.092665
ak2-timing	shard-load-1	0.299212	41.695863	41165	0	53.003108	61.484533
ak2-timing	rendezvous	43.501248	28.113580	8529	0	0.123934	0.045413
ak2-timing	connect	71.614844	0.262119	7716	0	0.212688	0.000000
ak2-timing	hash	0.096924	71.780061	59409	0	53.353408	61.531973
 done.
14191749 sequences (2646.88 Mbp) processed in 14.540s (58563.9 Kseq/m, 10922.64 Mbp/m).
  13987275 sequences classified (98.56%)
  204474 sequences unclassified (1.44%)
ak2-sample	batch	0	name	0-SRR5935761	mode	parallel	s3client	sdk	rank	1	role	home	inflight	2	threads	16	start_s	71.877021	wall_s	14.958203	setup_s	0.000049	classify_s	14.539767	close_s	0.253240	report_s	0.158232	status	0	sequences	14191749	bases	2646878118	classified	13987275	place	lpt	weight	14191749
20671571 sequences (3786.10 Mbp) processed in 20.084s (61755.8 Kseq/m, 11310.88 Mbp/m).
  19204656 sequences classified (92.90%)
  1466915 sequences unclassified (7.10%)
ak2-sample	batch	0	name	0-SRR5935773	mode	parallel	s3client	sdk	rank	1	role	home	inflight	2	threads	16	start_s	71.877032	wall_s	20.655732	setup_s	0.000044	classify_s	20.083859	close_s	0.359757	report_s	0.203164	status	0	sequences	20671571	bases	3786101975	classified	19204656	place	lpt	weight	20671571
11924297 sequences (2214.84 Mbp) processed in 11.613s (61610.7 Kseq/m, 11443.69 Mbp/m).
  11742476 sequences classified (98.48%)
  181821 sequences unclassified (1.52%)
ak2-sample	batch	0	name	0-SRR5935795	mode	parallel	s3client	sdk	rank	1	role	home	inflight	2	threads	16	start_s	86.835245	wall_s	11.966565	setup_s	0.000059	classify_s	11.612567	close_s	0.216293	report_s	0.130760	status	0	sequences	11924297	bases	2214843465	classified	11742476	place	lpt	weight	11924297
10479816 sequences (1916.83 Mbp) processed in 9.860s (63774.3 Kseq/m, 11664.76 Mbp/m).
  9679024 sequences classified (92.36%)
  800792 sequences unclassified (7.64%)
ak2-sample	batch	0	name	0-SRR5935754	mode	parallel	s3client	sdk	rank	1	role	home	inflight	2	threads	16	start_s	92.532960	wall_s	10.281805	setup_s	0.000090	classify_s	9.859594	close_s	0.218062	report_s	0.189567	status	0	sequences	10479816	bases	1916830360	classified	9679024	place	lpt	weight	10479816
2565282 sequences (465.56 Mbp) processed in 2.766s (55655.7 Kseq/m, 10100.74 Mbp/m).
  2508539 sequences classified (97.79%)
  56743 sequences unclassified (2.21%)
ak2-sample	batch	0	name	0-SRR5935783	mode	parallel	s3client	sdk	rank	1	role	home	inflight	2	threads	16	start_s	102.814789	wall_s	3.097947	setup_s	0.000071	classify_s	2.765518	close_s	0.218805	report_s	0.109958	status	0	sequences	2565282	bases	465562992	classified	2508539	place	lpt	weight	2565282
8173049 sequences (1459.57 Mbp) processed in 7.392s (66337.9 Kseq/m, 11846.81 Mbp/m).
  7956066 sequences classified (97.35%)
  216983 sequences unclassified (2.65%)
ak2-sample	batch	0	name	0-SRR5935777	mode	parallel	s3client	sdk	rank	1	role	home	inflight	2	threads	16	start_s	98.801838	wall_s	7.788396	setup_s	0.000059	classify_s	7.392200	close_s	0.244651	report_s	0.144714	status	0	sequences	8173049	bases	1459565869	classified	7956066	place	lpt	weight	8173049
201473 sequences (36.75 Mbp) processed in 0.458s (26412.9 Kseq/m, 4817.28 Mbp/m).
  197603 sequences classified (98.08%)
  3870 sequences unclassified (1.92%)
ak2-sample	batch	0	name	0-SRR5935743	mode	parallel	s3client	sdk	rank	1	role	home	inflight	2	threads	16	start_s	105.912800	wall_s	0.782611	setup_s	0.000065	classify_s	0.457670	close_s	0.220433	report_s	0.103667	status	0	sequences	201473	bases	36745424	classified	197603	place	lpt	weight	201473
ak2-timing	batch-barrier-0	106.695438	4.834923	5	0	1.955860	0.193554
16286650 sequences (3018.35 Mbp) processed in 16.390s (59621.4 Kseq/m, 11049.45 Mbp/m).
  15278935 sequences classified (93.81%)
  1007715 sequences unclassified (6.19%)
ak2-sample	batch	1	name	1-SRR5935757	mode	parallel	s3client	sdk	rank	1	role	home	inflight	2	threads	16	start_s	111.530384	wall_s	16.768517	setup_s	0.000047	classify_s	16.390066	close_s	0.210370	report_s	0.152945	status	0	sequences	16286650	bases	3018354004	classified	15278935	place	mod	weight	16286650
16518263 sequences (3051.28 Mbp) processed in 16.830s (58888.8 Kseq/m, 10878.05 Mbp/m).
  16141470 sequences classified (97.72%)
  376793 sequences unclassified (2.28%)
ak2-sample	batch	1	name	1-SRR5935741	mode	parallel	s3client	sdk	rank	1	role	home	inflight	2	threads	16	start_s	111.530420	wall_s	17.337417	setup_s	0.000038	classify_s	16.829949	close_s	0.278813	report_s	0.209745	status	0	sequences	16518263	bases	3051284850	classified	16141470	place	mod	weight	16518263
1513694 sequences (270.73 Mbp) processed in 1.982s (45826.0 Kseq/m, 8196.23 Mbp/m).
  1488159 sequences classified (98.31%)
  25535 sequences unclassified (1.69%)
ak2-sample	batch	1	name	1-SRR5935789	mode	parallel	s3client	sdk	rank	1	role	home	inflight	2	threads	16	start_s	128.867907	wall_s	2.664603	setup_s	0.000060	classify_s	1.981880	close_s	0.523890	report_s	0.156436	status	0	sequences	1513694	bases	270732465	classified	1488159	place	mod	weight	1513694
2823474 sequences (526.09 Mbp) processed in 3.008s (56327.2 Kseq/m, 10495.34 Mbp/m).
  2761157 sequences classified (97.79%)
  62317 sequences unclassified (2.21%)
ak2-sample	batch	1	name	1-SRR5935805	mode	parallel	s3client	sdk	rank	1	role	home	inflight	2	threads	16	start_s	131.532542	wall_s	3.370537	setup_s	0.000080	classify_s	3.007577	close_s	0.222490	report_s	0.136864	status	0	sequences	2823474	bases	526092284	classified	2761157	place	mod	weight	2823474
297656 sequences (54.18 Mbp) processed in 0.674s (26481.5 Kseq/m, 4819.90 Mbp/m).
  290837 sequences classified (97.71%)
  6819 sequences unclassified (2.29%)
ak2-sample	batch	1	name	1-SRR5935821	mode	parallel	s3client	sdk	rank	1	role	home	inflight	2	threads	16	start_s	134.903108	wall_s	1.248928	setup_s	0.000061	classify_s	0.674409	close_s	0.434090	report_s	0.139306	status	0	sequences	297656	bases	54176352	classified	290837	place	mod	weight	297656
9337913 sequences (1691.90 Mbp) processed in 9.038s (61988.6 Kseq/m, 11231.47 Mbp/m).
  8897092 sequences classified (95.28%)
  440821 sequences unclassified (4.72%)
ak2-sample	batch	1	name	1-SRR5935837	mode	parallel	s3client	sdk	rank	1	role	home	inflight	2	threads	16	start_s	136.152067	wall_s	9.519721	setup_s	0.000064	classify_s	9.038357	close_s	0.223912	report_s	0.246809	status	0	sequences	9337913	bases	1691901005	classified	8897092	place	mod	weight	9337913
20671571 sequences (3786.10 Mbp) processed in 17.971s (69016.8 Kseq/m, 12640.78 Mbp/m).
  19204656 sequences classified (92.90%)
  1466915 sequences unclassified (7.10%)
ak2-sample	batch	1	name	1-SRR5935773	mode	parallel	s3client	sdk	rank	1	role	home	inflight	2	threads	16	start_s	128.298921	wall_s	26.049968	setup_s	0.000063	classify_s	17.970900	close_s	7.947538	report_s	0.122924	status	0	sequences	20671571	bases	3786101975	classified	19204656	place	mod	weight	20671571
ak2-timing	batch-barrier-1	154.348911	2.230355	2	0	0.270329	0.022954
14191749 sequences (2646.88 Mbp) processed in 14.387s (59186.9 Kseq/m, 11038.84 Mbp/m).
  13987275 sequences classified (98.56%)
  204474 sequences unclassified (1.44%)
ak2-sample	batch	2	name	2-SRR5935761	mode	parallel	s3client	sdk	rank	1	role	home	inflight	2	threads	16	start_s	156.579306	wall_s	14.758533	setup_s	0.000053	classify_s	14.386724	close_s	0.215637	report_s	0.148747	status	0	sequences	14191749	bases	2646878118	classified	13987275	place	lpt	weight	14191749
20671571 sequences (3786.10 Mbp) processed in 20.193s (61422.3 Kseq/m, 11249.79 Mbp/m).
  19204656 sequences classified (92.90%)
  1466915 sequences unclassified (7.10%)
ak2-sample	batch	2	name	2-SRR5935773	mode	parallel	s3client	sdk	rank	1	role	home	inflight	2	threads	16	start_s	156.579315	wall_s	20.573636	setup_s	0.000040	classify_s	20.192915	close_s	0.223651	report_s	0.147397	status	0	sequences	20671571	bases	3786101975	classified	19204656	place	lpt	weight	20671571
11924297 sequences (2214.84 Mbp) processed in 11.328s (63156.8 Kseq/m, 11730.88 Mbp/m).
  11742476 sequences classified (98.48%)
  181821 sequences unclassified (1.52%)
ak2-sample	batch	2	name	2-SRR5935795	mode	parallel	s3client	sdk	rank	1	role	home	inflight	2	threads	16	start_s	171.337864	wall_s	11.714188	setup_s	0.000056	classify_s	11.328274	close_s	0.232117	report_s	0.147189	status	0	sequences	11924297	bases	2214843465	classified	11742476	place	lpt	weight	11924297
10479816 sequences (1916.83 Mbp) processed in 10.054s (62540.8 Kseq/m, 11439.14 Mbp/m).
  9679024 sequences classified (92.36%)
  800792 sequences unclassified (7.64%)
ak2-sample	batch	2	name	2-SRR5935754	mode	parallel	s3client	sdk	rank	1	role	home	inflight	2	threads	16	start_s	177.153029	wall_s	10.575205	setup_s	0.000048	classify_s	10.054064	close_s	0.255686	report_s	0.250534	status	0	sequences	10479816	bases	1916830360	classified	9679024	place	lpt	weight	10479816
8173049 sequences (1459.57 Mbp) processed in 7.741s (63346.7 Kseq/m, 11312.64 Mbp/m).
  7956066 sequences classified (97.35%)
  216983 sequences unclassified (2.65%)
ak2-sample	batch	2	name	2-SRR5935777	mode	parallel	s3client	sdk	rank	1	role	home	inflight	2	threads	16	start_s	183.052131	wall_s	8.111990	setup_s	0.000060	classify_s	7.741249	close_s	0.235742	report_s	0.128658	status	0	sequences	8173049	bases	1459565869	classified	7956066	place	lpt	weight	8173049
2565282 sequences (465.56 Mbp) processed in 3.085s (49890.8 Kseq/m, 9054.49 Mbp/m).
  2508539 sequences classified (97.79%)
  56743 sequences unclassified (2.21%)
ak2-sample	batch	2	name	2-SRR5935783	mode	parallel	s3client	sdk	rank	1	role	home	inflight	2	threads	16	start_s	187.728255	wall_s	3.645112	setup_s	0.000066	classify_s	3.085075	close_s	0.376667	report_s	0.178774	status	0	sequences	2565282	bases	465562992	classified	2508539	place	lpt	weight	2565282
201473 sequences (36.75 Mbp) processed in 0.481s (25142.7 Kseq/m, 4585.63 Mbp/m).
  197603 sequences classified (98.08%)
  3870 sequences unclassified (1.92%)
ak2-sample	batch	2	name	2-SRR5935743	mode	parallel	s3client	sdk	rank	1	role	home	inflight	2	threads	16	start_s	191.164141	wall_s	0.804945	setup_s	0.000057	classify_s	0.480791	close_s	0.231779	report_s	0.091538	status	0	sequences	201473	bases	36745424	classified	197603	place	lpt	weight	201473
ak2-timing	batch-barrier-2	191.969103	5.731439	3	0	2.053983	0.334777
ak2-timing	barrier	203.867163	0.106840	0	0	0.002593	0.000207
ak2-sample	batch	3	name	3-SRR5935740	mode	striped	s3client	sdk	rank	1	role	peer	inflight	1	threads	16	start_s	198.132839	wall_s	5.841215	setup_s	0.000047	classify_s	5.729393	close_s	0.000000	report_s	0.000000	status	0	sequences	0	bases	0	classified	0	place	-	weight	-
ak2-timing	batch-barrier-3	203.974063	0.505153	159	0	0.005740	0.000000
ak2-timing	barrier	211.006341	0.040559	0	0	0.000160	0.000013
ak2-sample	batch	4	name	4-SRR5935740	mode	striped	s3client	sdk	rank	1	role	peer	inflight	1	threads	16	start_s	205.277621	wall_s	5.769316	setup_s	0.000056	classify_s	5.724407	close_s	0.000000	report_s	0.000000	status	0	sequences	0	bases	0	classified	0	place	-	weight	-
ak2-timing	batch-barrier-4	211.046947	0.481228	2	0	0.005701	0.000000
ak2-timing	barrier	218.087739	0.061438	0	0	0.000103	0.000008
ak2-sample	batch	5	name	5-SRR5935740	mode	striped	s3client	sdk	rank	1	role	peer	inflight	1	threads	16	start_s	212.370579	wall_s	5.778649	setup_s	0.000042	classify_s	5.713030	close_s	0.000000	report_s	0.000000	status	0	sequences	0	bases	0	classified	0	place	-	weight	-
ak2-timing	batch-barrier-5	218.149237	0.840418	0	0	0.000000	0.006667
ak2-timing	batch-barrier-6	218.989674	7.129447	1	0	0.660049	0.097906
ak2-timing	batch-barrier-7	226.119142	8.058101	0	0	0.697867	0.126488
ak2-timing	batch-barrier-8	234.177262	6.100359	0	0	0.587811	0.108785
ak2-engine	shard	0	n	16	lo	18579557371	hi	37159114742	tail	302	full	false	empty_at	18579557385	keys	8473234428	batches	89910	probe_s	200.177737	tail_probes	0	wrap_probes	0
ak2-engine	rendezvous	puts	13	gets	581
ak2-engine	s3	client	sdk	put	34	get	581	create_multipart	21	upload_part	2111	complete_multipart	21	abort_multipart	0	part_bytes	17624130341
ak2-engine	s3	client	cli	put	0	get	0	create_multipart	0	upload_part	0	complete_multipart	0	abort_multipart	0	part_bytes	0
ak2-engine	load	seconds	41.695859	requests	1126	retries	0	bytes	74318296292
ak2-engine	route	transport	nodes	calls	5378	keys	8071347759	batches	86048	route_s	93.928433	wait_s	334.439381	gather_s	17.808260
ak2-engine	worker	scan_s	711.163142	lookup_s	446.179715	classify_s	606.482524
ak2-timing	total	0.000001	240.405856	10104366	0	1594.272577	126.908780
