spawn: shell options for --command: $-=ehB
spawn: errexit is ON. set -uo pipefail does NOT clear it; use set +e to opt out.
spawn: [2026-10-09T06:44:51Z] wrapper start
spawn: [2026-10-09T06:44:51Z] stage-in start
spawn: [2026-10-09T06:44:51Z] stage-in done rc=0
spawn: [2026-10-09T06:44:51Z] command start
ak2-stub: inherited $-=hBc
ak2-stub: imds region=us-west-2 expected=us-west-2 payload bucket aws-kraken2-942542972736-us-west-2 region=us-west-2
ak2-stub: payload verified (sha256 f99c23c4d439c85787ba884a1c5357c94010fa7dd20283867e4bf53c29df239e); exec
ak2: log tee up
ak2-phase	2026-10-09T06:44:51Z	1791528291	preamble	no
ak2: [2026-10-09T06:44:51Z] inherited $-=hBc (stub, as spawn started it: $-=hBc)
ak2: [2026-10-09T06:44:51Z] after set +e $-=hBc
ak2: [2026-10-09T06:44:51Z] gate=g3 run=20261009-064231-4c67532-2a5c-n64-r58
ak2: [2026-10-09T06:44:51Z] aws shim installed and self-tested (/tmp/ak2-bin/aws -> /usr/bin/aws)
ak2: [2026-10-09T06:44:51Z] imds region=us-west-2 az=us-west-2b instance=i-0148924788aa05880 type=c8gn.4xlarge ami=ami-09325776a00699513
ak2: [2026-10-09T06:44:51Z] bucket aws-kraken2-942542972736-us-west-2 region=us-west-2
ak2: [2026-10-09T06:44:52Z] bucket aws-kraken2-942542972736-us-west-2 payer=UNKNOWN
ak2: [2026-10-09T06:44:52Z] WARN: could not read Payer of aws-kraken2-942542972736-us-west-2 from the instance (launch host verified it)
ak2: [2026-10-09T06:44:52Z] bucket kraken2-ncbi-refseq-complete-v205 region=us-west-2
ak2: [2026-10-09T06:44:52Z] bucket kraken2-ncbi-refseq-complete-v205 payer=BucketOwner
ak2: [2026-10-09T06:44:52Z] region assert passed
ak2: [2026-10-09T06:44:52Z] drop_caches_ok=true
ak2: [2026-10-09T06:44:53Z] preamble done; spec body starts
ak2-phase	2026-10-09T06:44:53Z	1791528293	body	no
ak2-phase	2026-10-09T06:44:53Z	1791528293	setup	no
go: downloading github.com/aws/aws-sdk-go-v2 v1.47.1
go: downloading github.com/aws/aws-sdk-go-v2/config v1.33.7
go: downloading github.com/aws/aws-sdk-go-v2/credentials v1.20.7
go: downloading github.com/aws/aws-sdk-go-v2/service/s3 v1.114.1
go: downloading github.com/klauspost/compress v1.20.0
go: downloading github.com/aws/smithy-go v1.28.1
go: downloading github.com/aws/aws-sdk-go-v2/feature/ec2/imds v1.20.1
go: downloading github.com/aws/aws-sdk-go-v2/service/signin v1.10.2
go: downloading github.com/aws/aws-sdk-go-v2/service/sso v1.38.2
go: downloading github.com/aws/aws-sdk-go-v2/service/ssooidc v1.43.2
go: downloading github.com/aws/aws-sdk-go-v2/service/sts v1.51.2
go: downloading github.com/aws/aws-sdk-go-v2/aws/protocol/eventstream v1.7.20
go: downloading github.com/aws/aws-sdk-go-v2/internal/configsources v1.5.4
go: downloading github.com/aws/aws-sdk-go-v2/internal/v4a v1.5.4
go: downloading github.com/aws/aws-sdk-go-v2/service/internal/accept-encoding v1.13.19
go: downloading github.com/aws/aws-sdk-go-v2/service/internal/checksum v1.11.5
go: downloading github.com/aws/aws-sdk-go-v2/service/internal/presigned-url v1.14.4
go: downloading github.com/aws/aws-sdk-go-v2/service/internal/s3shared v1.20.4
go: downloading github.com/aws/aws-sdk-go-v2/internal/endpoints/v2 v2.8.4
ak2: [2026-10-09T06:45:23Z] rank 58 of 64; hash.k2d etag=f80959f9556b50d76b3e744afdd3b22a-8860 size=1189091671800; stages 1 16 32 64 x 60s
ak2-phase	2026-10-09T06:45:23Z	1791528323	rendezvous	no
ak2: [2026-10-09T06:45:45Z] rendezvous: all 64 ready; stages start at 1791528368 (23 s from now)
ak2-phase	2026-10-09T06:45:45Z	1791528345	stage-n1	no
ak2: [2026-10-09T06:46:08Z] stage n1: rank 58 waits
ak2-phase	2026-10-09T06:46:08Z	1791528368	stage-n16	no
ak2: [2026-10-09T06:47:28Z] stage n16: rank 58 waits
ak2-phase	2026-10-09T06:47:28Z	1791528448	stage-n32	no
ak2: [2026-10-09T06:48:48Z] stage n32: rank 58 waits
ak2-phase	2026-10-09T06:48:48Z	1791528528	stage-n64	no
probe-cont {"kind":"progress","label":"n64-r58","unix_s":1791528613.1737025,"elapsed_s":5.000095173,"bytes":28454158336,"gbps_cum":5.690723346557387,"gbps_interval":5.690723346557387,"requests":488,"retries":0,"complete":false}
probe-cont {"kind":"progress","label":"n64-r58","unix_s":1791528618.17371,"elapsed_s":10.000103005,"bytes":58586038272,"gbps_cum":5.858543481272871,"gbps_interval":6.02636654749944,"requests":937,"retries":0,"complete":false}
probe-cont {"kind":"progress","label":"n64-r58","unix_s":1791528623.1736982,"elapsed_s":15.000091175,"bytes":90999619584,"gbps_cum":6.066604430756068,"gbps_interval":6.482731600542967,"requests":1420,"retries":0,"complete":false}
probe-cont {"kind":"progress","label":"n64-r58","unix_s":1791528628.1737022,"elapsed_s":20.000094939,"bytes":120863064064,"gbps_cum":6.043124516790075,"gbps_interval":5.972684399763184,"requests":1865,"retries":0,"complete":false}
probe-cont {"kind":"progress","label":"n64-r58","unix_s":1791528633.1737008,"elapsed_s":25.000093718,"bytes":152202903552,"gbps_cum":6.0880933195228115,"gbps_interval":6.267969428238135,"requests":2332,"retries":0,"complete":false}
probe-cont {"kind":"progress","label":"n64-r58","unix_s":1791528638.1737003,"elapsed_s":30.000093159,"bytes":183207198720,"gbps_cum":6.106887660281749,"gbps_interval":6.200859726856117,"requests":2794,"retries":0,"complete":false}
probe-cont {"kind":"progress","label":"n64-r58","unix_s":1791528643.1737115,"elapsed_s":35.00010448,"bytes":213339078656,"gbps_cum":6.095384051722122,"gbps_interval":6.026362342310385,"requests":3243,"retries":0,"complete":false}
probe-cont {"kind":"progress","label":"n64-r58","unix_s":1791528648.17371,"elapsed_s":40.000102969,"bytes":245081571328,"gbps_cum":6.127023510862903,"gbps_interval":6.348500452916837,"requests":3716,"retries":0,"complete":false}
probe-cont {"kind":"progress","label":"n64-r58","unix_s":1791528653.173698,"elapsed_s":45.000090947,"bytes":275616104448,"gbps_cum":6.12478994259398,"gbps_interval":6.106921307481591,"requests":4171,"retries":0,"complete":false}
probe-cont {"kind":"progress","label":"n64-r58","unix_s":1791528658.1737032,"elapsed_s":50.000096027,"bytes":306821726208,"gbps_cum":6.136422738914673,"gbps_interval":6.2411180110241,"requests":4636,"retries":0,"complete":false}
probe-cont {"kind":"progress","label":"n64-r58","unix_s":1791528663.173711,"elapsed_s":55.000104049,"bytes":337691803648,"gbps_cum":6.139839360070081,"gbps_interval":6.174005582425444,"requests":5096,"retries":0,"complete":false}
probe-cont {"kind":"progress","label":"n64-r58","unix_s":1791528668.1736968,"elapsed_s":60.000089673,"bytes":368226336768,"gbps_cum":6.137096440602515,"gbps_interval":6.10692418262841,"requests":5551,"retries":0,"complete":false}
probe-cont {"kind":"done","label":"n64-r58","unix_s":1791528668.1739302,"elapsed_s":60.000322997,"bytes":368226336768,"gbps_cum":6.137072575199491,"gbps_interval":0,"requests":5551,"retries":0,"complete":false,"workers":64,"chunk_mib":64,"object":"https://kraken2-ncbi-refseq-complete-v205.s3.us-west-2.amazonaws.com/Kraken2_RefSeqCompleteV205/hash.k2d","object_bytes":1189091671800,"stopped_by":"seconds"}
ak2-phase	2026-10-09T06:51:13Z	1791528673	push	no
ak2: [2026-10-09T06:51:13Z] pushed out/cont-58.jsonl
ak2: [2026-10-09T06:51:13Z] contention probe done FAIL=0
spawn: [2026-10-09T06:51:14Z] command exit rc=0
