Loading database information...ak2-timing	opts	0.003116	0.000016	0	0	0.000015	0.000000
ak2-timing	taxo	0.003140	0.092700	87868	0	0.012743	0.082948
ak2-engine	mem	t_s	15.0	rss_kib	36667236	hwm_kib	36667236	heap_inuse	405381120	sys	440662376	avail_kib	58088720
ak2-timing	shard-load-9	0.179494	15.025363	24484	0	21.380296	21.097053
ak2-engine	mem	t_s	30.0	rss_kib	36695920	hwm_kib	36695924	heap_inuse	416301056	sys	449313128	avail_kib	58584144
ak2-engine	mem	t_s	45.0	rss_kib	36704000	hwm_kib	36704004	heap_inuse	424648704	sys	457701736	avail_kib	58780288
ak2-engine	mem	t_s	60.0	rss_kib	36708204	hwm_kib	36708208	heap_inuse	428851200	sys	461896040	avail_kib	58784680
ak2-timing	rendezvous	16.075494	45.476996	6503	0	0.088823	0.036278
ak2-timing	connect	61.552507	0.579425	10269	0	0.286478	0.025180
ak2-timing	hash	0.095897	62.036066	43073	0	21.757464	21.172449
 done.
6071697 sequences (1090.39 Mbp) processed in 5.729s (63585.3 Kseq/m, 11419.00 Mbp/m).
  5415115 sequences classified (89.19%)
  656582 sequences unclassified (10.81%)
ak2-sample	batch	0	name	0-SRR5935755	mode	parallel	s3client	sdk	rank	9	role	home	inflight	6	threads	16	start_s	62.132024	wall_s	6.403463	setup_s	0.000073	classify_s	5.729342	close_s	0.438345	report_s	0.223670	status	0	sequences	6071697	bases	1090388750	classified	5415115	place	lpt	weight	6071697
11012615 sequences (2057.95 Mbp) processed in 8.827s (74855.4 Kseq/m, 13988.41 Mbp/m).
  10686469 sequences classified (97.04%)
  326146 sequences unclassified (2.96%)
ak2-sample	batch	0	name	0-SRR5935746	mode	parallel	s3client	sdk	rank	9	role	home	inflight	6	threads	16	start_s	62.132021	wall_s	9.193731	setup_s	0.000074	classify_s	8.827114	close_s	0.218589	report_s	0.140431	status	0	sequences	11012615	bases	2057953866	classified	10686469	place	lpt	weight	11012615
16708997 sequences (3043.02 Mbp) processed in 11.154s (89881.3 Kseq/m, 16369.09 Mbp/m).
  15000245 sequences classified (89.77%)
  1708752 sequences unclassified (10.23%)
ak2-sample	batch	0	name	0-SRR5935807	mode	parallel	s3client	sdk	rank	9	role	home	inflight	6	threads	16	start_s	62.132017	wall_s	11.739528	setup_s	0.000076	classify_s	11.154037	close_s	0.352265	report_s	0.216371	status	0	sequences	16708997	bases	3043023590	classified	15000245	place	lpt	weight	16708997
ak2-engine	mem	t_s	75.0	rss_kib	45811056	hwm_kib	55332256	heap_inuse	5002936320	sys	19957168856	avail_kib	43827172
ak2-timing	batch-barrier-0	73.871567	2.106859	2	0	0.193618	0.058173
8486948 sequences (1613.12 Mbp) processed in 8.852s (57523.3 Kseq/m, 10933.50 Mbp/m).
  8270605 sequences classified (97.45%)
  216343 sequences unclassified (2.55%)
ak2-sample	batch	1	name	1-SRR5935781	mode	parallel	s3client	sdk	rank	9	role	home	inflight	6	threads	16	start_s	75.978475	wall_s	9.352675	setup_s	0.000047	classify_s	8.852359	close_s	0.256646	report_s	0.238210	status	0	sequences	8486948	bases	1613121343	classified	8270605	place	mod	weight	8486948
16980616 sequences (3155.64 Mbp) processed in 12.608s (80808.8 Kseq/m, 15017.32 Mbp/m).
  16106690 sequences classified (94.85%)
  873926 sequences unclassified (5.15%)
ak2-sample	batch	1	name	1-SRR5935813	mode	parallel	s3client	sdk	rank	9	role	home	inflight	6	threads	16	start_s	75.978459	wall_s	13.053500	setup_s	0.000046	classify_s	12.607997	close_s	0.271854	report_s	0.159739	status	0	sequences	16980616	bases	3155638888	classified	16106690	place	mod	weight	16980616
18879904 sequences (3539.14 Mbp) processed in 12.969s (87347.6 Kseq/m, 16373.76 Mbp/m).
  18627146 sequences classified (98.66%)
  252758 sequences unclassified (1.34%)
ak2-sample	batch	1	name	1-SRR5935749	mode	parallel	s3client	sdk	rank	9	role	home	inflight	6	threads	16	start_s	75.978462	wall_s	13.401943	setup_s	0.000042	classify_s	12.968806	close_s	0.243364	report_s	0.182130	status	0	sequences	18879904	bases	3539135454	classified	18627146	place	mod	weight	18879904
ak2-engine	mem	t_s	90.0	rss_kib	49922448	hwm_kib	55947036	heap_inuse	11261534208	sys	20391189304	avail_kib	40597724
ak2-timing	batch-barrier-1	89.380426	2.544856	2907	0	0.189502	0.013927
6071697 sequences (1090.39 Mbp) processed in 6.874s (52996.5 Kseq/m, 9517.40 Mbp/m).
  5415115 sequences classified (89.19%)
  656582 sequences unclassified (10.81%)
ak2-sample	batch	2	name	2-SRR5935755	mode	parallel	s3client	sdk	rank	9	role	home	inflight	6	threads	16	start_s	91.925336	wall_s	7.298504	setup_s	0.000045	classify_s	6.874079	close_s	0.206998	report_s	0.205680	status	0	sequences	6071697	bases	1090388750	classified	5415115	place	lpt	weight	6071697
11012615 sequences (2057.95 Mbp) processed in 8.761s (75418.5 Kseq/m, 14093.63 Mbp/m).
  10686469 sequences classified (97.04%)
  326146 sequences unclassified (2.96%)
ak2-sample	batch	2	name	2-SRR5935746	mode	parallel	s3client	sdk	rank	9	role	home	inflight	6	threads	16	start_s	91.925345	wall_s	9.252398	setup_s	0.000058	classify_s	8.761208	close_s	0.226524	report_s	0.257144	status	0	sequences	11012615	bases	2057953866	classified	10686469	place	lpt	weight	11012615
16708997 sequences (3043.02 Mbp) processed in 10.812s (92721.4 Kseq/m, 16886.32 Mbp/m).
  15000245 sequences classified (89.77%)
  1708752 sequences unclassified (10.23%)
ak2-sample	batch	2	name	2-SRR5935807	mode	parallel	s3client	sdk	rank	9	role	home	inflight	6	threads	16	start_s	91.925339	wall_s	11.231780	setup_s	0.000048	classify_s	10.812389	close_s	0.247332	report_s	0.155411	status	0	sequences	16708997	bases	3043023590	classified	15000245	place	lpt	weight	16708997
ak2-engine	mem	t_s	105.0	rss_kib	52568648	hwm_kib	55947036	heap_inuse	12919922688	sys	20394580792	avail_kib	39381216
ak2-timing	batch-barrier-2	103.157142	2.964371	11	0	0.514826	0.057673
ak2-timing	barrier	112.836498	0.474883	0	0	0.000000	0.009966
ak2-sample	batch	3	name	3-SRR5935740	mode	striped	s3client	sdk	rank	9	role	peer	inflight	1	threads	16	start_s	107.237637	wall_s	6.073786	setup_s	0.000042	classify_s	5.596459	close_s	0.000000	report_s	0.000000	status	0	sequences	0	bases	0	classified	0	place	-	weight	-
ak2-timing	batch-barrier-3	113.311433	0.893479	25	0	0.000000	0.007776
ak2-engine	mem	t_s	120.0	rss_kib	38892580	hwm_kib	55947036	heap_inuse	2459721728	sys	20394580792	avail_kib	55012736
ak2-timing	barrier	121.009859	0.190481	0	0	0.008857	0.000000
ak2-sample	batch	4	name	4-SRR5935740	mode	striped	s3client	sdk	rank	9	role	peer	inflight	1	threads	16	start_s	115.377936	wall_s	5.822449	setup_s	0.000041	classify_s	5.629548	close_s	0.000000	report_s	0.000000	status	0	sequences	0	bases	0	classified	0	place	-	weight	-
ak2-timing	batch-barrier-4	121.200393	0.949451	6	0	0.007386	0.000546
ak2-timing	barrier	128.931931	0.170663	0	0	0.006701	0.000585
ak2-sample	batch	5	name	5-SRR5935740	mode	striped	s3client	sdk	rank	9	role	peer	inflight	1	threads	16	start_s	123.313209	wall_s	5.789432	setup_s	0.000042	classify_s	5.615709	close_s	0.000000	report_s	0.000000	status	0	sequences	0	bases	0	classified	0	place	-	weight	-
ak2-timing	batch-barrier-5	129.102649	0.907748	282	0	0.007571	0.000661
ak2-engine	mem	t_s	135.0	rss_kib	39304612	hwm_kib	55947036	heap_inuse	2909970432	sys	20394580792	avail_kib	55837548
ak2-timing	batch-barrier-6	130.010421	7.491807	358	0	0.310956	0.051178
ak2-timing	batch-barrier-7	137.502252	6.523912	318	0	0.302506	0.059653
ak2-engine	mem	t_s	150.0	rss_kib	39307468	hwm_kib	55947036	heap_inuse	2913271808	sys	20394580792	avail_kib	56121728
ak2-timing	batch-barrier-8	144.026188	7.582841	409	0	0.317397	0.047333
ak2-engine	shard	0	n	32	lo	83608008171	hi	92897786856	tail	302	full	false	empty_at	9289778684	keys	4241116200	batches	89910	probe_s	88.654806	tail_probes	0	wrap_probes	0
ak2-engine	mem	t_s	151.6	rss_kib	39307532	hwm_kib	55947036	heap_inuse	2913337344	sys	20394580792	avail_kib	56138612
ak2-engine	rendezvous	puts	13	gets	1075
ak2-engine	s3	client	sdk	put	22	get	1075	create_multipart	9	upload_part	1125	complete_multipart	9	abort_multipart	0	part_bytes	9411540389
ak2-engine	s3	client	cli	put	0	get	0	create_multipart	0	upload_part	0	complete_multipart	0	abort_multipart	0	part_bytes	0
ak2-engine	load	seconds	15.025360	requests	572	retries	0	bytes	37159181548
ak2-engine	route	transport	nodes	calls	2963	keys	4462669853	batches	94816	route_s	39.993493	wait_s	634.594712	gather_s	8.401769
ak2-engine	worker	scan_s	320.061666	lookup_s	682.991772	classify_s	244.230565
ak2-timing	total	0.000001	151.674222	11893478	0	897.163864	78.430968
