Loading database information...ak2-timing	opts	0.000041	0.000027	5	0	0.000029	0.000000
ak2-timing	taxo	0.000078	0.095787	87893	0	0.034470	0.075563
ak2-timing	shard-load-2	0.166675	80.634251	77996	0	77.518950	74.110264
ak2-timing	rendezvous	82.626641	3.499258	114	0	0.003303	0.003160
ak2-timing	connect	86.125911	0.003248	4	0	0.000275	0.000264
ak2-timing	connect-control	86.129170	0.229741	8	0	0.000400	0.000383
ak2-timing	hash	0.095951	86.262973	80301	0	77.525072	74.127063
 done.
ak2-timing	setup	86.358929	0.000047	4	0	0.000028	0.000027
ak2-timing	classify	86.358980	11.443430	1046615	0	22.437358	0.483162
ak2-timing	barrier	97.808242	2.623741	0	0	0.000831	0.000000
ak2-engine	shard	0	n	8	lo	74318229485	hi	111477344228	tail	302	full	false	empty_at	37159114742	keys	52023124	batches	276	probe_s	1.467228	tail_probes	0	wrap_probes	0
ak2-engine	rendezvous	puts	1	gets	9
ak2-engine	s3	client	sdk	put	0	get	0	create_multipart	0	upload_part	0	complete_multipart	0	abort_multipart	0	part_bytes	0
ak2-engine	s3	client	cli	put	1	get	9	create_multipart	0	upload_part	0	complete_multipart	0	abort_multipart	0	part_bytes	0
ak2-engine	node	rank	2	n	8	emitter	false	blocks_cut	276	blocks_mine	35	read_s	5.126223	window_wait_s	6.127549	send_s	0.482063	sent_bytes	120437504	emit_wait_s	0.000000	emit_s	0.000000
ak2-engine	load	seconds	80.634248	requests	2233	retries	0	bytes	148636525780
ak2-engine	route	transport	nodes	calls	35	keys	52789791	batches	280	route_s	0.507901	wait_s	0.466285	gather_s	0.130662
ak2-engine	worker	scan_s	3.960962	lookup_s	1.104881	classify_s	2.744340
ak2-timing	unmap	100.432047	0.274334	0	0	0.000000	0.274534
ak2-timing	total	0.000001	100.706411	1215016	0	100.003853	74.960592
