Loading database information...ak2-timing	opts	0.003137	0.000016	0	0	0.000000	0.000015
ak2-timing	taxo	0.003160	0.113164	87815	0	0.027729	0.088203
ak2-timing	shard-load-28	0.159133	14.391672	23567	0	16.630541	14.725172
ak2-engine	mem	t_s	15.0	rss_kib	36683512	hwm_kib	36683516	heap_inuse	402178048	sys	428988776	avail_kib	58140492
ak2-timing	rendezvous	14.953652	5.869124	439	0	0.008222	0.007318
ak2-timing	connect	20.822790	0.058266	0	0	0.001198	0.001066
ak2-timing	hash	0.116416	20.764649	25830	0	16.641400	14.746606
 done.
8173049 sequences (1459.57 Mbp) processed in 7.902s (62056.6 Kseq/m, 11082.24 Mbp/m).
  7956066 sequences classified (97.35%)
  216983 sequences unclassified (2.65%)
ak2-sample	batch	0	name	0-SRR5935777	mode	parallel	s3client	sdk	rank	28	role	home	inflight	6	threads	16	start_s	20.881095	wall_s	8.418297	setup_s	0.000049	classify_s	7.902189	close_s	0.288617	report_s	0.220445	status	0	sequences	8173049	bases	1459565869	classified	7956066	place	lpt	weight	8173049
ak2-engine	mem	t_s	30.0	rss_kib	55709704	hwm_kib	55744672	heap_inuse	13684776960	sys	20357450552	avail_kib	39467728
13365245 sequences (2460.33 Mbp) processed in 10.183s (78751.9 Kseq/m, 14496.96 Mbp/m).
  13192260 sequences classified (98.71%)
  172985 sequences unclassified (1.29%)
ak2-sample	batch	0	name	0-SRR5935822	mode	parallel	s3client	sdk	rank	28	role	home	inflight	6	threads	16	start_s	20.881106	wall_s	10.628479	setup_s	0.000038	classify_s	10.182804	close_s	0.284939	report_s	0.153824	status	0	sequences	13365245	bases	2460327516	classified	13192260	place	lpt	weight	13365245
14298074 sequences (2663.28 Mbp) processed in 10.914s (78601.5 Kseq/m, 14640.98 Mbp/m).
  14234512 sequences classified (99.56%)
  63562 sequences unclassified (0.44%)
ak2-sample	batch	0	name	0-SRR5935752	mode	parallel	s3client	sdk	rank	28	role	home	inflight	6	threads	16	start_s	20.881100	wall_s	11.285006	setup_s	0.000040	classify_s	10.914350	close_s	0.232744	report_s	0.133955	status	0	sequences	14298074	bases	2663280360	classified	14234512	place	lpt	weight	14298074
ak2-timing	batch-barrier-0	32.166129	3.576024	4	0	1.410254	0.271892
6882441 sequences (1244.79 Mbp) processed in 6.368s (64848.7 Kseq/m, 11728.81 Mbp/m).
  6619730 sequences classified (96.18%)
  262711 sequences unclassified (3.82%)
ak2-sample	batch	1	name	1-SRR5935832	mode	parallel	s3client	sdk	rank	28	role	home	inflight	6	threads	16	start_s	35.742185	wall_s	6.968119	setup_s	0.000048	classify_s	6.367842	close_s	0.412238	report_s	0.180870	status	0	sequences	6882441	bases	1244786679	classified	6619730	place	mod	weight	6882441
ak2-engine	mem	t_s	45.0	rss_kib	53494956	hwm_kib	55885468	heap_inuse	8157806592	sys	20358269752	avail_kib	38727148
15080696 sequences (2770.85 Mbp) processed in 10.607s (85306.8 Kseq/m, 15673.81 Mbp/m).
  14478381 sequences classified (96.01%)
  602315 sequences unclassified (3.99%)
ak2-sample	batch	1	name	1-SRR5935800	mode	parallel	s3client	sdk	rank	28	role	home	inflight	6	threads	16	start_s	35.742209	wall_s	11.102229	setup_s	0.000039	classify_s	10.606914	close_s	0.310394	report_s	0.177138	status	0	sequences	15080696	bases	2770846238	classified	14478381	place	mod	weight	15080696
15746753 sequences (2888.34 Mbp) processed in 11.039s (85585.1 Kseq/m, 15698.38 Mbp/m).
  14105631 sequences classified (89.58%)
  1641122 sequences unclassified (10.42%)
ak2-sample	batch	1	name	1-SRR5935768	mode	parallel	s3client	sdk	rank	28	role	home	inflight	6	threads	16	start_s	35.742202	wall_s	11.528779	setup_s	0.000054	classify_s	11.039371	close_s	0.321184	report_s	0.153406	status	0	sequences	15746753	bases	2888337209	classified	14105631	place	mod	weight	15746753
ak2-timing	batch-barrier-1	47.271003	3.927243	1765	0	0.927479	0.139964
8173049 sequences (1459.57 Mbp) processed in 7.891s (62144.5 Kseq/m, 11097.95 Mbp/m).
  7956066 sequences classified (97.35%)
  216983 sequences unclassified (2.65%)
ak2-sample	batch	2	name	2-SRR5935777	mode	parallel	s3client	sdk	rank	28	role	home	inflight	6	threads	16	start_s	51.198290	wall_s	8.511942	setup_s	0.000053	classify_s	7.891006	close_s	0.446026	report_s	0.168116	status	0	sequences	8173049	bases	1459565869	classified	7956066	place	lpt	weight	8173049
ak2-engine	mem	t_s	60.0	rss_kib	55748120	hwm_kib	55885468	heap_inuse	15481544704	sys	20359629624	avail_kib	38555780
13365245 sequences (2460.33 Mbp) processed in 10.051s (79785.4 Kseq/m, 14687.21 Mbp/m).
  13192260 sequences classified (98.71%)
  172985 sequences unclassified (1.29%)
ak2-sample	batch	2	name	2-SRR5935822	mode	parallel	s3client	sdk	rank	28	role	home	inflight	6	threads	16	start_s	51.198306	wall_s	10.529678	setup_s	0.000037	classify_s	10.050902	close_s	0.267654	report_s	0.203562	status	0	sequences	13365245	bases	2460327516	classified	13192260	place	lpt	weight	13365245
14298074 sequences (2663.28 Mbp) processed in 10.350s (82885.9 Kseq/m, 15439.03 Mbp/m).
  14234512 sequences classified (99.56%)
  63562 sequences unclassified (0.44%)
ak2-sample	batch	2	name	2-SRR5935752	mode	parallel	s3client	sdk	rank	28	role	home	inflight	6	threads	16	start_s	51.198300	wall_s	10.817127	setup_s	0.000043	classify_s	10.350184	close_s	0.293715	report_s	0.169088	status	0	sequences	14298074	bases	2663280360	classified	14234512	place	lpt	weight	14298074
ak2-timing	batch-barrier-2	62.015448	4.317309	190	0	1.240929	0.227624
ak2-timing	barrier	72.736731	0.285569	0	0	0.048574	0.000714
ak2-sample	batch	3	name	3-SRR5935740	mode	striped	s3client	sdk	rank	28	role	peer	inflight	1	threads	16	start_s	67.180045	wall_s	5.842306	setup_s	0.000042	classify_s	5.554436	close_s	0.000000	report_s	0.000000	status	0	sequences	0	bases	0	classified	0	place	-	weight	-
ak2-timing	batch-barrier-3	73.022362	0.871876	0	0	0.007908	0.000000
ak2-engine	mem	t_s	75.0	rss_kib	40246304	hwm_kib	55885468	heap_inuse	2091991040	sys	20359637816	avail_kib	52299432
ak2-timing	barrier	80.635702	0.275558	0	0	0.014529	0.000375
ak2-sample	batch	4	name	4-SRR5935740	mode	striped	s3client	sdk	rank	28	role	peer	inflight	1	threads	16	start_s	75.087583	wall_s	5.823732	setup_s	0.000046	classify_s	5.545514	close_s	0.000000	report_s	0.000000	status	0	sequences	0	bases	0	classified	0	place	-	weight	-
ak2-timing	batch-barrier-4	80.911323	0.907169	278	0	0.007657	0.000635
ak2-timing	barrier	88.574872	0.238660	0	0	0.011469	0.000120
ak2-sample	batch	5	name	5-SRR5935740	mode	striped	s3client	sdk	rank	28	role	peer	inflight	1	threads	16	start_s	83.024091	wall_s	5.789490	setup_s	0.000041	classify_s	5.548527	close_s	0.000000	report_s	0.000000	status	0	sequences	0	bases	0	classified	0	place	-	weight	-
ak2-timing	batch-barrier-5	88.813592	0.939265	16	0	0.007860	0.000000
ak2-engine	mem	t_s	90.0	rss_kib	38930520	hwm_kib	55885468	heap_inuse	2271232000	sys	20359637816	avail_kib	56056948
ak2-timing	batch-barrier-6	89.752877	7.614644	9	0	0.342511	0.024134
ak2-timing	batch-barrier-7	97.367545	6.474368	11	0	0.326872	0.044004
ak2-engine	mem	t_s	105.0	rss_kib	38930580	hwm_kib	55885468	heap_inuse	2275115008	sys	20359637816	avail_kib	56417184
ak2-timing	batch-barrier-8	103.841937	7.457335	1	0	0.347121	0.023046
ak2-engine	shard	0	n	32	lo	260113803199	hi	269403581884	tail	302	full	false	empty_at	9289778685	keys	4238316045	batches	89910	probe_s	88.071924	tail_probes	0	wrap_probes	0
ak2-engine	mem	t_s	111.3	rss_kib	38930584	hwm_kib	55885468	heap_inuse	2275590144	sys	20359637816	avail_kib	56423520
ak2-engine	rendezvous	puts	13	gets	707
ak2-engine	s3	client	sdk	put	22	get	707	create_multipart	9	upload_part	1143	complete_multipart	9	abort_multipart	0	part_bytes	9553870558
ak2-engine	s3	client	cli	put	0	get	0	create_multipart	0	upload_part	0	complete_multipart	0	abort_multipart	0	part_bytes	0
ak2-engine	load	seconds	14.391669	requests	572	retries	0	bytes	37159181548
ak2-engine	route	transport	nodes	calls	2877	keys	4313327229	batches	92064	route_s	39.023079	wait_s	663.871803	gather_s	8.424649
ak2-engine	worker	scan_s	310.984915	lookup_s	711.321234	classify_s	241.439414
ak2-timing	total	0.000000	111.365562	9777278	0	871.444843	71.622066
