Loading database information...ak2-timing	opts	0.002768	0.000019	0	0	0.000018	0.000000
ak2-timing	taxo	0.002796	0.097461	87767	0	0.025730	0.087203
ak2-engine	mem	t_s	15.0	rss_kib	26050960	hwm_kib	26050964	heap_inuse	394993664	sys	409991528	avail_kib	101563768
ak2-engine	mem	t_s	30.0	rss_kib	52189600	hwm_kib	52189600	heap_inuse	397164544	sys	409991528	avail_kib	75431140
ak2-timing	shard-load-5	0.169125	42.142215	40621	0	55.993355	77.246854
ak2-engine	mem	t_s	45.0	rss_kib	72970836	hwm_kib	72970840	heap_inuse	401620992	sys	418445672	avail_kib	54642764
ak2-engine	mem	t_s	60.0	rss_kib	72975200	hwm_kib	72975204	heap_inuse	406601728	sys	422639976	avail_kib	54813188
ak2-engine	mem	t_s	75.0	rss_kib	72977956	hwm_kib	72977956	heap_inuse	409468928	sys	426834280	avail_kib	54834848
ak2-timing	rendezvous	42.994512	34.128117	2571	0	0.055309	0.008146
ak2-timing	connect	77.122643	0.074566	298	0	0.001557	0.002147
ak2-timing	hash	0.100286	77.096943	45464	0	56.065996	77.258769
 done.
ak2-engine	mem	t_s	90.0	rss_kib	78263360	hwm_kib	78263360	heap_inuse	4506943488	sys	5928423288	avail_kib	48930504
18392491 sequences (3418.71 Mbp) processed in 18.501s (59647.0 Kseq/m, 11086.88 Mbp/m).
  18064386 sequences classified (98.22%)
  328105 sequences unclassified (1.78%)
ak2-sample	batch	0	name	0-SRR5935803	mode	parallel	s3client	sdk	rank	5	role	home	inflight	1	threads	16	start_s	77.197269	wall_s	18.881815	setup_s	0.000049	classify_s	18.501356	close_s	0.237226	report_s	0.134195	status	0	sequences	18392491	bases	3418705365	classified	18064386	place	lpt	weight	18392491
ak2-engine	mem	t_s	105.0	rss_kib	78358704	hwm_kib	78393996	heap_inuse	4413874176	sys	6047559576	avail_kib	49045144
14472574 sequences (2738.53 Mbp) processed in 15.162s (57271.9 Kseq/m, 10837.11 Mbp/m).
  14022498 sequences classified (96.89%)
  450076 sequences unclassified (3.11%)
ak2-sample	batch	0	name	0-SRR5935806	mode	parallel	s3client	sdk	rank	5	role	home	inflight	1	threads	16	start_s	96.079111	wall_s	15.614537	setup_s	0.000058	classify_s	15.161954	close_s	0.309548	report_s	0.134455	status	0	sequences	14472574	bases	2738529910	classified	14022498	place	lpt	weight	14472574
ak2-engine	mem	t_s	120.1	rss_kib	78390700	hwm_kib	78453424	heap_inuse	3305848832	sys	6102335400	avail_kib	49080704
12325847 sequences (2261.51 Mbp) processed in 12.454s (59384.9 Kseq/m, 10895.78 Mbp/m).
  11791754 sequences classified (95.67%)
  534093 sequences unclassified (4.33%)
ak2-sample	batch	0	name	0-SRR5935742	mode	parallel	s3client	sdk	rank	5	role	home	inflight	1	threads	16	start_s	111.693674	wall_s	12.946225	setup_s	0.000065	classify_s	12.453511	close_s	0.316077	report_s	0.167036	status	0	sequences	12325847	bases	2261511731	classified	11791754	place	lpt	weight	12325847
ak2-engine	mem	t_s	135.1	rss_kib	78411788	hwm_kib	78453424	heap_inuse	3647250432	sys	6102351784	avail_kib	49069948
10896278 sequences (2024.82 Mbp) processed in 11.333s (57688.3 Kseq/m, 10720.04 Mbp/m).
  10712521 sequences classified (98.31%)
  183757 sequences unclassified (1.69%)
ak2-sample	batch	0	name	0-SRR5935819	mode	parallel	s3client	sdk	rank	5	role	home	inflight	1	threads	16	start_s	124.639924	wall_s	11.685190	setup_s	0.000068	classify_s	11.332918	close_s	0.198983	report_s	0.147399	status	0	sequences	10896278	bases	2024821947	classified	10712521	place	lpt	weight	10896278
9108174 sequences (1698.33 Mbp) processed in 9.546s (57245.6 Kseq/m, 10674.15 Mbp/m).
  8923230 sequences classified (97.97%)
  184944 sequences unclassified (2.03%)
ak2-sample	batch	0	name	0-SRR5935812	mode	parallel	s3client	sdk	rank	5	role	home	inflight	1	threads	16	start_s	136.325137	wall_s	9.943659	setup_s	0.000076	classify_s	9.546424	close_s	0.225591	report_s	0.164706	status	0	sequences	9108174	bases	1698332428	classified	8923230	place	lpt	weight	9108174
ak2-engine	mem	t_s	150.1	rss_kib	78259472	hwm_kib	78691792	heap_inuse	4708802560	sys	6289420360	avail_kib	49088604
5174437 sequences (978.78 Mbp) processed in 5.628s (55169.2 Kseq/m, 10435.60 Mbp/m).
  5104140 sequences classified (98.64%)
  70297 sequences unclassified (1.36%)
ak2-sample	batch	0	name	0-SRR5935763	mode	parallel	s3client	sdk	rank	5	role	home	inflight	1	threads	16	start_s	146.268820	wall_s	6.382623	setup_s	0.000058	classify_s	5.627530	close_s	0.631704	report_s	0.118739	status	0	sequences	5174437	bases	978777662	classified	5104140	place	lpt	weight	5174437
ak2-timing	batch-barrier-0	152.651463	4.266750	3	0	0.876360	0.153038
ak2-engine	mem	t_s	165.1	rss_kib	78823184	hwm_kib	78842820	heap_inuse	5504188416	sys	6681972904	avail_kib	48535152
10492437 sequences (1984.14 Mbp) processed in 11.209s (56164.5 Kseq/m, 10620.82 Mbp/m).
  9889429 sequences classified (94.25%)
  603008 sequences unclassified (5.75%)
ak2-sample	batch	1	name	1-SRR5935745	mode	parallel	s3client	sdk	rank	5	role	home	inflight	1	threads	16	start_s	156.918239	wall_s	11.588056	setup_s	0.000060	classify_s	11.208973	close_s	0.211610	report_s	0.156356	status	0	sequences	10492437	bases	1984140901	classified	9889429	place	mod	weight	10492437
ak2-engine	mem	t_s	180.1	rss_kib	78966404	hwm_kib	79161144	heap_inuse	5478031360	sys	6853755096	avail_kib	48478048
14191749 sequences (2646.88 Mbp) processed in 14.527s (58615.3 Kseq/m, 10932.23 Mbp/m).
  13987275 sequences classified (98.56%)
  204474 sequences unclassified (1.44%)
ak2-sample	batch	1	name	1-SRR5935761	mode	parallel	s3client	sdk	rank	5	role	home	inflight	1	threads	16	start_s	168.506318	wall_s	14.909194	setup_s	0.000066	classify_s	14.527014	close_s	0.236186	report_s	0.138858	status	0	sequences	14191749	bases	2646878118	classified	13987275	place	mod	weight	14191749
8173049 sequences (1459.57 Mbp) processed in 8.452s (58022.4 Kseq/m, 10361.81 Mbp/m).
  7956066 sequences classified (97.35%)
  216983 sequences unclassified (2.65%)
ak2-sample	batch	1	name	1-SRR5935777	mode	parallel	s3client	sdk	rank	5	role	home	inflight	1	threads	16	start_s	183.415538	wall_s	8.829108	setup_s	0.000068	classify_s	8.451608	close_s	0.228419	report_s	0.142676	status	0	sequences	8173049	bases	1459565869	classified	7956066	place	mod	weight	8173049
1771479 sequences (333.19 Mbp) processed in 2.267s (46890.6 Kseq/m, 8819.39 Mbp/m).
  1476454 sequences classified (83.35%)
  295025 sequences unclassified (16.65%)
ak2-sample	batch	1	name	1-SRR5935793	mode	parallel	s3client	sdk	rank	5	role	home	inflight	1	threads	16	start_s	192.244675	wall_s	2.714303	setup_s	0.000069	classify_s	2.266737	close_s	0.250848	report_s	0.189028	status	0	sequences	1771479	bases	333187068	classified	1476454	place	mod	weight	1771479
ak2-engine	mem	t_s	195.1	rss_kib	78091296	hwm_kib	79161144	heap_inuse	1952735232	sys	6971265256	avail_kib	49281984
1539039 sequences (293.66 Mbp) processed in 2.075s (44512.1 Kseq/m, 8493.18 Mbp/m).
  1494119 sequences classified (97.08%)
  44920 sequences unclassified (2.92%)
ak2-sample	batch	1	name	1-SRR5935809	mode	parallel	s3client	sdk	rank	5	role	home	inflight	1	threads	16	start_s	194.959005	wall_s	2.599090	setup_s	0.000075	classify_s	2.074544	close_s	0.425588	report_s	0.094789	status	0	sequences	1539039	bases	293657718	classified	1494119	place	mod	weight	1539039
11458367 sequences (2115.94 Mbp) processed in 11.589s (59325.4 Kseq/m, 10955.19 Mbp/m).
  9654089 sequences classified (84.25%)
  1804278 sequences unclassified (15.75%)
ak2-sample	batch	1	name	1-SRR5935825	mode	parallel	s3client	sdk	rank	5	role	home	inflight	1	threads	16	start_s	197.558122	wall_s	12.019090	setup_s	0.000065	classify_s	11.588671	close_s	0.234428	report_s	0.177638	status	0	sequences	11458367	bases	2115935464	classified	9654089	place	mod	weight	11458367
ak2-engine	mem	t_s	210.1	rss_kib	78352772	hwm_kib	79161144	heap_inuse	5413380096	sys	6971265256	avail_kib	49137936
ak2-engine	mem	t_s	225.1	rss_kib	78352784	hwm_kib	79161144	heap_inuse	5431836672	sys	6971265256	avail_kib	49331996
ak2-engine	mem	t_s	240.1	rss_kib	78352788	hwm_kib	79161144	heap_inuse	5438742528	sys	6971265256	avail_kib	49384248
ak2-timing	batch-barrier-1	209.577239	36.743742	10	0	18.958151	2.583664
ak2-engine	mem	t_s	255.1	rss_kib	78478140	hwm_kib	79161144	heap_inuse	4446642176	sys	6971265256	avail_kib	49068264
18392491 sequences (3418.71 Mbp) processed in 18.570s (59427.5 Kseq/m, 11046.10 Mbp/m).
  18064386 sequences classified (98.22%)
  328105 sequences unclassified (1.78%)
ak2-sample	batch	2	name	2-SRR5935803	mode	parallel	s3client	sdk	rank	5	role	home	inflight	1	threads	16	start_s	246.321027	wall_s	18.956544	setup_s	0.000060	classify_s	18.569664	close_s	0.244091	report_s	0.133621	status	0	sequences	18392491	bases	3418705365	classified	18064386	place	lpt	weight	18392491
ak2-engine	mem	t_s	270.1	rss_kib	79415464	hwm_kib	79415464	heap_inuse	4178829312	sys	7044743416	avail_kib	48161172
14472574 sequences (2738.53 Mbp) processed in 15.158s (57288.1 Kseq/m, 10840.16 Mbp/m).
  14022498 sequences classified (96.89%)
  450076 sequences unclassified (3.11%)
ak2-sample	batch	2	name	2-SRR5935806	mode	parallel	s3client	sdk	rank	5	role	home	inflight	1	threads	16	start_s	265.277597	wall_s	15.593259	setup_s	0.000057	classify_s	15.157689	close_s	0.270925	report_s	0.155971	status	0	sequences	14472574	bases	2738529910	classified	14022498	place	lpt	weight	14472574
ak2-engine	mem	t_s	285.2	rss_kib	78157004	hwm_kib	79414848	heap_inuse	4710400000	sys	7111921928	avail_kib	49120012
12325847 sequences (2261.51 Mbp) processed in 12.502s (59154.6 Kseq/m, 10853.53 Mbp/m).
  11791754 sequences classified (95.67%)
  534093 sequences unclassified (4.33%)
ak2-sample	batch	2	name	2-SRR5935742	mode	parallel	s3client	sdk	rank	5	role	home	inflight	1	threads	16	start_s	280.870880	wall_s	12.886856	setup_s	0.000080	classify_s	12.501993	close_s	0.207221	report_s	0.167774	status	0	sequences	12325847	bases	2261511731	classified	11791754	place	lpt	weight	12325847
ak2-engine	mem	t_s	300.2	rss_kib	78237472	hwm_kib	79414848	heap_inuse	4608917504	sys	7111921928	avail_kib	49256364
10896278 sequences (2024.82 Mbp) processed in 11.192s (58415.1 Kseq/m, 10855.10 Mbp/m).
  10712521 sequences classified (98.31%)
  183757 sequences unclassified (1.69%)
ak2-sample	batch	2	name	2-SRR5935819	mode	parallel	s3client	sdk	rank	5	role	home	inflight	1	threads	16	start_s	293.757767	wall_s	11.551289	setup_s	0.000074	classify_s	11.191908	close_s	0.226912	report_s	0.126677	status	0	sequences	10896278	bases	2024821947	classified	10712521	place	lpt	weight	10896278
9108174 sequences (1698.33 Mbp) processed in 9.479s (57650.2 Kseq/m, 10749.59 Mbp/m).
  8923230 sequences classified (97.97%)
  184944 sequences unclassified (2.03%)
ak2-engine	mem	t_s	315.2	rss_kib	78734024	hwm_kib	79414848	heap_inuse	5319491584	sys	7111921928	avail_kib	48641460
ak2-sample	batch	2	name	2-SRR5935812	mode	parallel	s3client	sdk	rank	5	role	home	inflight	1	threads	16	start_s	305.309081	wall_s	9.866972	setup_s	0.000064	classify_s	9.479424	close_s	0.227812	report_s	0.152960	status	0	sequences	9108174	bases	1698332428	classified	8923230	place	lpt	weight	9108174
5174437 sequences (978.78 Mbp) processed in 5.597s (55467.2 Kseq/m, 10491.98 Mbp/m).
  5104140 sequences classified (98.64%)
  70297 sequences unclassified (1.36%)
ak2-sample	batch	2	name	2-SRR5935763	mode	parallel	s3client	sdk	rank	5	role	home	inflight	1	threads	16	start_s	315.176094	wall_s	5.946843	setup_s	0.000070	classify_s	5.597291	close_s	0.211168	report_s	0.133948	status	0	sequences	5174437	bases	978777662	classified	5104140	place	lpt	weight	5174437
ak2-timing	batch-barrier-2	321.122959	5.488705	2	0	1.312321	0.167732
ak2-engine	mem	t_s	330.2	rss_kib	75745448	hwm_kib	79414848	heap_inuse	1840078848	sys	7111987464	avail_kib	51888468
ak2-timing	barrier	333.322982	0.382535	0	0	0.023214	0.000000
ak2-sample	batch	3	name	3-SRR5935740	mode	striped	s3client	sdk	rank	5	role	peer	inflight	1	threads	16	start_s	327.731856	wall_s	5.973702	setup_s	0.000054	classify_s	5.586917	close_s	0.000000	report_s	0.000000	status	0	sequences	0	bases	0	classified	0	place	-	weight	-
ak2-timing	batch-barrier-3	333.705568	0.493787	1	0	0.006073	0.000000
ak2-timing	barrier	340.553729	0.358693	0	0	0.065801	0.000000
ak2-sample	batch	4	name	4-SRR5935740	mode	striped	s3client	sdk	rank	5	role	peer	inflight	1	threads	16	start_s	334.968404	wall_s	5.944069	setup_s	0.000052	classify_s	5.579255	close_s	0.000000	report_s	0.000000	status	0	sequences	0	bases	0	classified	0	place	-	weight	-
ak2-timing	batch-barrier-4	340.912485	0.545218	8	0	0.005662	0.000028
ak2-engine	mem	t_s	345.2	rss_kib	75725380	hwm_kib	79414848	heap_inuse	2151104512	sys	7111987464	avail_kib	51152320
ak2-timing	barrier	347.770103	0.208110	0	0	0.022626	0.000216
ak2-sample	batch	5	name	5-SRR5935740	mode	striped	s3client	sdk	rank	5	role	peer	inflight	1	threads	16	start_s	342.187345	wall_s	5.790907	setup_s	0.000049	classify_s	5.578637	close_s	0.000000	report_s	0.000000	status	0	sequences	0	bases	0	classified	0	place	-	weight	-
ak2-timing	batch-barrier-5	347.978263	0.496714	0	0	0.005749	0.000000
ak2-timing	batch-barrier-6	348.474994	11.153608	0	0	0.807428	0.060002
ak2-engine	mem	t_s	360.2	rss_kib	76412232	hwm_kib	79414848	heap_inuse	3682140160	sys	7111987464	avail_kib	51248172
ak2-timing	batch-barrier-7	359.628621	9.182261	2	0	0.714654	0.105358
ak2-engine	mem	t_s	375.2	rss_kib	76412236	hwm_kib	79414848	heap_inuse	3684139008	sys	7111987464	avail_kib	51391368
ak2-timing	batch-barrier-8	368.810903	10.250161	0	0	0.788618	0.046016
ak2-engine	shard	0	n	16	lo	92897786856	hi	111477344228	tail	302	full	false	empty_at	18579557371	keys	8481868707	batches	89910	probe_s	218.848926	tail_probes	0	wrap_probes	0
ak2-engine	mem	t_s	379.1	rss_kib	76412236	hwm_kib	79414848	heap_inuse	3684499456	sys	7111987464	avail_kib	51372940
ak2-engine	rendezvous	puts	13	gets	926
ak2-engine	s3	client	sdk	put	31	get	926	create_multipart	18	upload_part	1954	complete_multipart	18	abort_multipart	0	part_bytes	16316237306
ak2-engine	s3	client	cli	put	0	get	0	create_multipart	0	upload_part	0	complete_multipart	0	abort_multipart	0	part_bytes	0
ak2-engine	load	seconds	42.142210	requests	1126	retries	0	bytes	74318296296
ak2-engine	route	transport	nodes	calls	5023	keys	7604277505	batches	80368	route_s	92.447733	wait_s	300.592115	gather_s	16.664759
ak2-engine	worker	scan_s	686.884440	lookup_s	409.713758	classify_s	603.377421
ak2-timing	total	0.000001	379.202484	6355050	0	1531.803143	145.777392
