Loading database information...ak2-timing	opts	0.003177	0.000018	0	0	0.000016	0.000000
ak2-timing	taxo	0.003203	0.097209	87809	0	0.002208	0.097934
ak2-engine	mem	t_s	15.0	rss_kib	40402352	hwm_kib	40402352	heap_inuse	405331968	sys	443136360	avail_kib	54651016
ak2-timing	shard-load-3	0.169321	27.229290	42347	0	35.293908	30.604138
ak2-engine	mem	t_s	30.0	rss_kib	72977496	hwm_kib	72977496	heap_inuse	409608192	sys	443398504	avail_kib	22068788
ak2-engine	mem	t_s	45.0	rss_kib	72979784	hwm_kib	72979788	heap_inuse	412622848	sys	447592808	avail_kib	22239780
ak2-timing	rendezvous	27.905086	28.756130	2450	0	0.031597	0.030217
ak2-timing	connect	56.661233	0.024979	398	0	0.010948	0.000373
ak2-timing	hash	0.100507	56.585725	47016	0	35.350701	30.635629
 done.
ak2-engine	mem	t_s	60.0	rss_kib	78211600	hwm_kib	78211600	heap_inuse	4507885568	sys	5912887160	avail_kib	17043760
18879904 sequences (3539.14 Mbp) processed in 10.333s (109629.2 Kseq/m, 20550.55 Mbp/m).
  18627146 sequences classified (98.66%)
  252758 sequences unclassified (1.34%)
ak2-sample	batch	0	name	0-SRR5935749	mode	parallel	s3client	sdk	rank	3	role	home	inflight	1	threads	16	start_s	56.686266	wall_s	10.744239	setup_s	0.000046	classify_s	10.332966	close_s	0.219570	report_s	0.184509	status	0	sequences	18879904	bases	3539135454	classified	18627146	place	lpt	weight	18879904
ak2-engine	mem	t_s	75.0	rss_kib	78873900	hwm_kib	79257388	heap_inuse	5364662272	sys	6926016744	avail_kib	16229460
14298074 sequences (2663.28 Mbp) processed in 8.067s (106343.7 Kseq/m, 19808.47 Mbp/m).
  14234512 sequences classified (99.56%)
  63562 sequences unclassified (0.44%)
ak2-sample	batch	0	name	0-SRR5935752	mode	parallel	s3client	sdk	rank	3	role	home	inflight	1	threads	16	start_s	67.430529	wall_s	8.583741	setup_s	0.000052	classify_s	8.067096	close_s	0.348383	report_s	0.164423	status	0	sequences	14298074	bases	2663280360	classified	14234512	place	lpt	weight	14298074
12244248 sequences (2292.24 Mbp) processed in 6.981s (105231.5 Kseq/m, 19700.32 Mbp/m).
  11933067 sequences classified (97.46%)
  311181 sequences unclassified (2.54%)
ak2-sample	batch	0	name	0-SRR5935816	mode	parallel	s3client	sdk	rank	3	role	home	inflight	1	threads	16	start_s	76.014310	wall_s	7.425941	setup_s	0.000060	classify_s	6.981321	close_s	0.256017	report_s	0.181831	status	0	sequences	12244248	bases	2292238030	classified	11933067	place	lpt	weight	12244248
10554303 sequences (1946.56 Mbp) processed in 6.251s (101308.6 Kseq/m, 18684.67 Mbp/m).
  10062971 sequences classified (95.34%)
  491332 sequences unclassified (4.66%)
ak2-engine	mem	t_s	90.0	rss_kib	78860920	hwm_kib	79308312	heap_inuse	4661420032	sys	7137317144	avail_kib	15957532
ak2-sample	batch	0	name	0-SRR5935778	mode	parallel	s3client	sdk	rank	3	role	home	inflight	1	threads	16	start_s	83.440271	wall_s	6.749525	setup_s	0.000048	classify_s	6.250787	close_s	0.214818	report_s	0.272690	status	0	sequences	10554303	bases	1946564732	classified	10062971	place	lpt	weight	10554303
10128070 sequences (1876.81 Mbp) processed in 5.961s (101946.9 Kseq/m, 18891.56 Mbp/m).
  9942775 sequences classified (98.17%)
  185295 sequences unclassified (1.83%)
ak2-sample	batch	0	name	0-SRR5935782	mode	parallel	s3client	sdk	rank	3	role	home	inflight	1	threads	16	start_s	90.189836	wall_s	6.403355	setup_s	0.000056	classify_s	5.960790	close_s	0.286443	report_s	0.150249	status	0	sequences	10128070	bases	1876810820	classified	9942775	place	lpt	weight	10128070
1513694 sequences (270.73 Mbp) processed in 1.053s (86248.5 Kseq/m, 15426.02 Mbp/m).
  1488159 sequences classified (98.31%)
  25535 sequences unclassified (1.69%)
ak2-sample	batch	0	name	0-SRR5935789	mode	parallel	s3client	sdk	rank	3	role	home	inflight	1	threads	16	start_s	96.593210	wall_s	1.460918	setup_s	0.000054	classify_s	1.053023	close_s	0.233132	report_s	0.172579	status	0	sequences	1513694	bases	270732465	classified	1488159	place	lpt	weight	1513694
1341509 sequences (254.99 Mbp) processed in 0.990s (81330.6 Kseq/m, 15459.29 Mbp/m).
  1320808 sequences classified (98.46%)
  20701 sequences unclassified (1.54%)
ak2-sample	batch	0	name	0-SRR5935835	mode	parallel	s3client	sdk	rank	3	role	home	inflight	1	threads	16	start_s	98.054146	wall_s	1.386546	setup_s	0.000050	classify_s	0.989672	close_s	0.283788	report_s	0.110627	status	0	sequences	1341509	bases	254993682	classified	1320808	place	lpt	weight	1341509
ak2-timing	batch-barrier-0	99.440710	0.459498	1	0	0.004655	0.000441
201473 sequences (36.75 Mbp) processed in 0.431s (28028.0 Kseq/m, 5111.85 Mbp/m).
  197603 sequences classified (98.08%)
  3870 sequences unclassified (1.92%)
ak2-sample	batch	1	name	1-SRR5935743	mode	parallel	s3client	sdk	rank	3	role	home	inflight	1	threads	16	start_s	99.900236	wall_s	0.853280	setup_s	0.000060	classify_s	0.431297	close_s	0.261713	report_s	0.159453	status	0	sequences	201473	bases	36745424	classified	197603	place	mod	weight	201473
ak2-engine	mem	t_s	105.0	rss_kib	78457908	hwm_kib	79308312	heap_inuse	5412200448	sys	7137317144	avail_kib	16671084
15312868 sequences (2847.18 Mbp) processed in 8.482s (108324.2 Kseq/m, 20141.09 Mbp/m).
  13152387 sequences classified (85.89%)
  2160481 sequences unclassified (14.11%)
ak2-sample	batch	1	name	1-SRR5935759	mode	parallel	s3client	sdk	rank	3	role	home	inflight	1	threads	16	start_s	100.753539	wall_s	8.971768	setup_s	0.000061	classify_s	8.481690	close_s	0.309742	report_s	0.167914	status	0	sequences	15312868	bases	2847175138	classified	13152387	place	mod	weight	15312868
13010149 sequences (2394.73 Mbp) processed in 7.083s (110206.3 Kseq/m, 20285.30 Mbp/m).
  12910203 sequences classified (99.23%)
  99946 sequences unclassified (0.77%)
ak2-sample	batch	1	name	1-SRR5935775	mode	parallel	s3client	sdk	rank	3	role	home	inflight	1	threads	16	start_s	109.725330	wall_s	7.494364	setup_s	0.000053	classify_s	7.083158	close_s	0.270613	report_s	0.135496	status	0	sequences	13010149	bases	2394732661	classified	12910203	place	mod	weight	13010149
ak2-engine	mem	t_s	120.0	rss_kib	78786312	hwm_kib	79308312	heap_inuse	4660510720	sys	7137317144	avail_kib	15891788
10140194 sequences (1929.10 Mbp) processed in 5.879s (103487.3 Kseq/m, 19687.75 Mbp/m).
  10096895 sequences classified (99.57%)
  43299 sequences unclassified (0.43%)
ak2-sample	batch	1	name	1-SRR5935791	mode	parallel	s3client	sdk	rank	3	role	home	inflight	1	threads	16	start_s	117.219720	wall_s	6.263985	setup_s	0.000054	classify_s	5.879095	close_s	0.229614	report_s	0.151254	status	0	sequences	10140194	bases	1929101997	classified	10096895	place	mod	weight	10140194
16708997 sequences (3043.02 Mbp) processed in 8.922s (112361.7 Kseq/m, 20463.18 Mbp/m).
  15000245 sequences classified (89.77%)
  1708752 sequences unclassified (10.23%)
ak2-sample	batch	1	name	1-SRR5935807	mode	parallel	s3client	sdk	rank	3	role	home	inflight	1	threads	16	start_s	123.483730	wall_s	9.323112	setup_s	0.000052	classify_s	8.922436	close_s	0.214697	report_s	0.168556	status	0	sequences	16708997	bases	3043023590	classified	15000245	place	mod	weight	16708997
ak2-engine	mem	t_s	135.0	rss_kib	78232068	hwm_kib	79308312	heap_inuse	5056053248	sys	7137317144	avail_kib	16307132
20770968 sequences (3886.70 Mbp) processed in 11.524s (108144.5 Kseq/m, 20236.17 Mbp/m).
  20594735 sequences classified (99.15%)
  176233 sequences unclassified (0.85%)
ak2-sample	batch	1	name	1-SRR5935823	mode	parallel	s3client	sdk	rank	3	role	home	inflight	1	threads	16	start_s	132.806869	wall_s	11.939211	setup_s	0.000051	classify_s	11.524009	close_s	0.263180	report_s	0.146486	status	0	sequences	20770968	bases	3886695944	classified	20594735	place	mod	weight	20770968
1085628 sequences (199.24 Mbp) processed in 0.900s (72391.1 Kseq/m, 13285.89 Mbp/m).
  1061820 sequences classified (97.81%)
  23808 sequences unclassified (2.19%)
ak2-sample	batch	1	name	1-SRR5935839	mode	parallel	s3client	sdk	rank	3	role	home	inflight	1	threads	16	start_s	144.746105	wall_s	1.387050	setup_s	0.000052	classify_s	0.899802	close_s	0.360213	report_s	0.124661	status	0	sequences	1085628	bases	199244471	classified	1061820	place	mod	weight	1085628
ak2-engine	mem	t_s	150.0	rss_kib	78051212	hwm_kib	79308312	heap_inuse	3836977152	sys	7137317144	avail_kib	16587624
ak2-timing	batch-barrier-1	146.133172	7.285131	0	0	1.283466	0.151270
18879904 sequences (3539.14 Mbp) processed in 10.248s (110542.6 Kseq/m, 20721.78 Mbp/m).
  18627146 sequences classified (98.66%)
  252758 sequences unclassified (1.34%)
ak2-sample	batch	2	name	2-SRR5935749	mode	parallel	s3client	sdk	rank	3	role	home	inflight	1	threads	16	start_s	153.418354	wall_s	11.003535	setup_s	0.000044	classify_s	10.247584	close_s	0.512303	report_s	0.236536	status	0	sequences	18879904	bases	3539135454	classified	18627146	place	lpt	weight	18879904
ak2-engine	mem	t_s	165.0	rss_kib	77453480	hwm_kib	79345984	heap_inuse	4140163072	sys	7250641192	avail_kib	16999456
14298074 sequences (2663.28 Mbp) processed in 8.032s (106806.0 Kseq/m, 19894.60 Mbp/m).
  14234512 sequences classified (99.56%)
  63562 sequences unclassified (0.44%)
ak2-sample	batch	2	name	2-SRR5935752	mode	parallel	s3client	sdk	rank	3	role	home	inflight	1	threads	16	start_s	164.421920	wall_s	8.445123	setup_s	0.000056	classify_s	8.032172	close_s	0.282562	report_s	0.126599	status	0	sequences	14298074	bases	2663280360	classified	14234512	place	lpt	weight	14298074
ak2-engine	mem	t_s	180.0	rss_kib	78712756	hwm_kib	79345984	heap_inuse	3918045184	sys	7250641192	avail_kib	15796488
12244248 sequences (2292.24 Mbp) processed in 6.996s (105006.9 Kseq/m, 19658.27 Mbp/m).
  11933067 sequences classified (97.46%)
  311181 sequences unclassified (2.54%)
ak2-sample	batch	2	name	2-SRR5935816	mode	parallel	s3client	sdk	rank	3	role	home	inflight	1	threads	16	start_s	172.867066	wall_s	7.393210	setup_s	0.000050	classify_s	6.996254	close_s	0.234154	report_s	0.156222	status	0	sequences	12244248	bases	2292238030	classified	11933067	place	lpt	weight	12244248
10554303 sequences (1946.56 Mbp) processed in 6.231s (101629.3 Kseq/m, 18743.83 Mbp/m).
  10062971 sequences classified (95.34%)
  491332 sequences unclassified (4.66%)
ak2-sample	batch	2	name	2-SRR5935778	mode	parallel	s3client	sdk	rank	3	role	home	inflight	1	threads	16	start_s	180.260296	wall_s	6.660687	setup_s	0.000050	classify_s	6.231059	close_s	0.242870	report_s	0.175910	status	0	sequences	10554303	bases	1946564732	classified	10062971	place	lpt	weight	10554303
10128070 sequences (1876.81 Mbp) processed in 5.950s (102135.4 Kseq/m, 18926.50 Mbp/m).
  9942775 sequences classified (98.17%)
  185295 sequences unclassified (1.83%)
ak2-sample	batch	2	name	2-SRR5935782	mode	parallel	s3client	sdk	rank	3	role	home	inflight	1	threads	16	start_s	186.921010	wall_s	6.547541	setup_s	0.000050	classify_s	5.949788	close_s	0.345853	report_s	0.246034	status	0	sequences	10128070	bases	1876810820	classified	9942775	place	lpt	weight	10128070
1513694 sequences (270.73 Mbp) processed in 1.020s (89022.6 Kseq/m, 15922.17 Mbp/m).
  1488159 sequences classified (98.31%)
  25535 sequences unclassified (1.69%)
ak2-sample	batch	2	name	2-SRR5935789	mode	parallel	s3client	sdk	rank	3	role	home	inflight	1	threads	16	start_s	193.468579	wall_s	1.379027	setup_s	0.000054	classify_s	1.020210	close_s	0.249314	report_s	0.107196	status	0	sequences	1513694	bases	270732465	classified	1488159	place	lpt	weight	1513694
ak2-engine	mem	t_s	195.0	rss_kib	77879480	hwm_kib	79345984	heap_inuse	4943806464	sys	7250665768	avail_kib	16238772
1341509 sequences (254.99 Mbp) processed in 0.973s (82751.3 Kseq/m, 15729.34 Mbp/m).
  1320808 sequences classified (98.46%)
  20701 sequences unclassified (1.54%)
ak2-sample	batch	2	name	2-SRR5935835	mode	parallel	s3client	sdk	rank	3	role	home	inflight	1	threads	16	start_s	194.847630	wall_s	1.520792	setup_s	0.000049	classify_s	0.972681	close_s	0.385171	report_s	0.160464	status	0	sequences	1341509	bases	254993682	classified	1320808	place	lpt	weight	1341509
ak2-timing	batch-barrier-2	196.368442	1.312522	1	0	0.046468	0.019872
ak2-timing	barrier	204.336729	1.434600	0	0	0.015951	0.000954
ak2-sample	batch	3	name	3-SRR5935740	mode	striped	s3client	sdk	rank	3	role	peer	inflight	1	threads	16	start_s	198.544752	wall_s	7.226626	setup_s	0.000043	classify_s	5.787227	close_s	0.000000	report_s	0.000000	status	0	sequences	0	bases	0	classified	0	place	-	weight	-
ak2-timing	batch-barrier-3	205.771389	0.507227	131	0	0.000000	0.005799
ak2-engine	mem	t_s	210.0	rss_kib	75061332	hwm_kib	79345984	heap_inuse	2427887616	sys	7250673960	avail_kib	19733724
ak2-timing	barrier	212.731611	0.074725	2	0	0.000208	0.000012
ak2-sample	batch	4	name	4-SRR5935740	mode	striped	s3client	sdk	rank	3	role	peer	inflight	1	threads	16	start_s	207.042299	wall_s	5.764077	setup_s	0.000045	classify_s	5.684131	close_s	0.000000	report_s	0.000000	status	0	sequences	0	bases	0	classified	0	place	-	weight	-
ak2-timing	batch-barrier-4	212.806385	0.507365	228	0	0.000000	0.006977
ak2-timing	barrier	219.830707	0.080053	0	0	0.000245	0.000015
ak2-sample	batch	5	name	5-SRR5935740	mode	striped	s3client	sdk	rank	3	role	peer	inflight	1	threads	16	start_s	214.141839	wall_s	5.768960	setup_s	0.000056	classify_s	5.684523	close_s	0.000000	report_s	0.000000	status	0	sequences	0	bases	0	classified	0	place	-	weight	-
ak2-timing	batch-barrier-5	219.910813	0.615542	2	0	0.006032	0.000360
ak2-engine	mem	t_s	225.0	rss_kib	76471352	hwm_kib	79345984	heap_inuse	3189727232	sys	7250673960	avail_kib	18470268
ak2-timing	batch-barrier-6	220.526378	7.144560	1	0	0.677652	0.079433
ak2-timing	batch-barrier-7	227.670962	7.098031	2	0	0.641170	0.107382
ak2-engine	mem	t_s	240.0	rss_kib	76471364	hwm_kib	79345984	heap_inuse	3191996416	sys	7250673960	avail_kib	18743480
ak2-timing	batch-barrier-8	234.769016	7.246173	1	0	0.641291	0.114600
ak2-engine	shard	0	n	16	lo	55738672114	hi	74318229485	tail	302	full	false	empty_at	18579557370	keys	8470412349	batches	89910	probe_s	179.738180	tail_probes	0	wrap_probes	0
ak2-engine	mem	t_s	242.0	rss_kib	76471364	hwm_kib	79345984	heap_inuse	3192029184	sys	7250673960	avail_kib	18766336
ak2-engine	rendezvous	puts	13	gets	453
ak2-engine	s3	client	sdk	put	34	get	453	create_multipart	21	upload_part	2157	complete_multipart	21	abort_multipart	0	part_bytes	18001191177
ak2-engine	s3	client	cli	put	0	get	0	create_multipart	0	upload_part	0	complete_multipart	0	abort_multipart	0	part_bytes	0
ak2-engine	load	seconds	27.229286	requests	1126	retries	0	bytes	74318296292
ak2-engine	route	transport	nodes	calls	5734	keys	8665196449	batches	91744	route_s	70.933377	wait_s	49.986772	gather_s	15.779989
ak2-engine	worker	scan_s	532.764101	lookup_s	136.703767	classify_s	471.800157
ak2-timing	total	0.000001	242.142510	12592043	1	1659.465216	99.467486
