spawn: shell options for --command: $-=ehB
spawn: errexit is ON. set -uo pipefail does NOT clear it; use set +e to opt out.
spawn: [2026-10-08T16:26:45Z] wrapper start
spawn: [2026-10-08T16:26:45Z] stage-in start
spawn: [2026-10-08T16:26:45Z] stage-in done rc=0
spawn: [2026-10-08T16:26:45Z] command start
ak2-stub: inherited $-=hBc
ak2-stub: imds region=us-west-2 expected=us-west-2 payload bucket aws-kraken2-942542972736-us-west-2 region=us-west-2
ak2-stub: payload verified (sha256 1950534ae561ab7c7598a3577759f0bbc9f5c6c1e2462e2d09290e5efd649783); exec
ak2: log tee up
ak2-phase	2026-10-08T16:26:45Z	1791476805	preamble	no
ak2: [2026-10-08T16:26:45Z] inherited $-=hBc (stub, as spawn started it: $-=hBc)
ak2: [2026-10-08T16:26:45Z] after set +e $-=hBc
ak2: [2026-10-08T16:26:45Z] gate=g3 run=20261008-162516-ec47001-e4a7-n32-r25
ak2: [2026-10-08T16:26:45Z] aws shim installed and self-tested (/tmp/ak2-bin/aws -> /usr/bin/aws)
ak2: [2026-10-08T16:26:45Z] imds region=us-west-2 az=us-west-2b instance=i-0f328bbd3bb6134c1 type=c8g.12xlarge ami=ami-09325776a00699513
ak2: [2026-10-08T16:26:45Z] bucket aws-kraken2-942542972736-us-west-2 region=us-west-2
ak2: [2026-10-08T16:26:46Z] bucket aws-kraken2-942542972736-us-west-2 payer=UNKNOWN
ak2: [2026-10-08T16:26:46Z] WARN: could not read Payer of aws-kraken2-942542972736-us-west-2 from the instance (launch host verified it)
ak2: [2026-10-08T16:26:46Z] bucket kraken2-ncbi-refseq-complete-v205 region=us-west-2
ak2: [2026-10-08T16:26:47Z] bucket kraken2-ncbi-refseq-complete-v205 payer=BucketOwner
ak2: [2026-10-08T16:26:47Z] region assert passed
ak2: [2026-10-08T16:26:47Z] drop_caches_ok=true
ak2: [2026-10-08T16:26:47Z] preamble done; spec body starts
ak2-phase	2026-10-08T16:26:47Z	1791476807	body	no
ak2: [2026-10-08T16:26:47Z] e4 cohort 20261008-162516-ec47001-e4a7-n32 rank 25 of 32, commit ec47001; RODA kraken2-ncbi-refseq-complete-v205/Kraken2_RefSeqCompleteV205; samples aws-kraken2-942542972736-us-west-2/aws-kraken2/data/cohort; cohort 100
ak2-phase	2026-10-08T16:26:47Z	1791476807	setup	no
ak2: [2026-10-08T16:27:26Z] built ec4700168b3540a134729f919ba109c4d4bbd92a; go version go1.27.1 linux/arm64; ip 172.31.59.60; nproc 48; mem_gib 92; threads 16, inflight 6
ak2-phase	2026-10-08T16:27:26Z	1791476846	manifest	no
ak2: [2026-10-08T16:27:26Z] staged s3://kraken2-ncbi-refseq-complete-v205/Kraken2_RefSeqCompleteV205/opts.k2d -> /home/ec2-user/ak2/db/roda/opts.k2d (56 bytes)
ak2: [2026-10-08T16:27:27Z] staged s3://kraken2-ncbi-refseq-complete-v205/Kraken2_RefSeqCompleteV205/taxo.k2d -> /home/ec2-user/ak2/db/roda/taxo.k2d (179150665 bytes)
ak2: [2026-10-08T16:27:28Z] RODA hash.k2d etag=f80959f9556b50d76b3e744afdd3b22a-8860 size=1189091671800
ak2: [2026-10-08T16:27:28Z] pushed out/rank25/c100.tsv
ak2: [2026-10-08T16:27:29Z] pushed out/rank25/placement.tsv
ak2: [2026-10-08T16:27:29Z] manifest c100: 306 lines in 9 batches; rank 25 reads 7 samples
ak2-phase	2026-10-08T16:27:29Z	1791476849	fetch	no
ak2: [2026-10-08T16:27:34Z] inputs staged and verified: 14 files, 7.41 GB
ak2: [2026-10-08T16:27:34Z] manifest c100: cohort: 306 samples in 9 batches check
ak2-phase	2026-10-08T16:27:34Z	1791476854	inv-c100	no
[c100] ak2-timing	taxo	0.003097	0.113265	87863	0	0.033311	0.083207
[c100] ak2-timing	shard-load-25	0.178597	14.120859	24555	0	22.726188	21.011956
[c100] ak2-engine	mem	t_s	15.0	rss_kib	36687648	hwm_kib	36687656	heap_inuse	406945792	sys	440277352	avail_kib	58126848
[c100] ak2-timing	rendezvous	14.758992	12.181673	7895	0	0.104569	0.023032
[c100] ak2-timing	connect	26.940683	0.293978	5569	0	0.204010	0.008941
[c100] ak2-timing	hash	0.116427	27.118259	39803	0	23.036797	21.057279
[c100] ak2-engine	mem	t_s	30.0	rss_kib	52824928	hwm_kib	52824932	heap_inuse	11058102272	sys	17435199608	avail_kib	42380300
[c100] ak2-sample	batch	0	name	0-SRR5935781	mode	parallel	s3client	sdk	rank	25	role	home	inflight	6	threads	16	start_s	27.234721	wall_s	9.200948	setup_s	0.000045	classify_s	8.719688	close_s	0.284841	report_s	0.190912	status	0	sequences	8486948	bases	1613121343	classified	8270605	place	lpt	weight	8486948
[c100] ak2-sample	batch	0	name	0-SRR5935775	mode	parallel	s3client	sdk	rank	25	role	home	inflight	6	threads	16	start_s	27.234785	wall_s	10.888338	setup_s	0.000040	classify_s	10.465838	close_s	0.239065	report_s	0.178111	status	0	sequences	13010149	bases	2394732661	classified	12910203	place	lpt	weight	13010149
[c100] ak2-sample	batch	0	name	0-SRR5935838	mode	parallel	s3client	sdk	rank	25	role	home	inflight	6	threads	16	start_s	27.234778	wall_s	11.326611	setup_s	0.000056	classify_s	10.808089	close_s	0.369053	report_s	0.142317	status	0	sequences	14615323	bases	2691062094	classified	14358414	place	lpt	weight	14615323
[c100] ak2-timing	batch-barrier-0	38.561413	2.853074	242	0	0.496794	0.159270
[c100] ak2-engine	mem	t_s	45.0	rss_kib	54615800	hwm_kib	55466276	heap_inuse	13562544128	sys	20034243288	avail_kib	39224884
[c100] ak2-sample	batch	1	name	1-SRR5935797	mode	parallel	s3client	sdk	rank	25	role	home	inflight	6	threads	16	start_s	41.414534	wall_s	8.820063	setup_s	0.000038	classify_s	8.168946	close_s	0.485426	report_s	0.155583	status	0	sequences	8439357	bases	1550811438	classified	8138623	place	mod	weight	8439357
[c100] ak2-sample	batch	1	name	1-SRR5935829	mode	parallel	s3client	sdk	rank	25	role	home	inflight	6	threads	16	start_s	41.414517	wall_s	9.873698	setup_s	0.000051	classify_s	9.404156	close_s	0.288544	report_s	0.167993	status	0	sequences	11220767	bases	2068350513	classified	10523542	place	mod	weight	11220767
[c100] ak2-sample	batch	1	name	1-SRR5935765	mode	parallel	s3client	sdk	rank	25	role	home	inflight	6	threads	16	start_s	41.414527	wall_s	9.901045	setup_s	0.000043	classify_s	9.405530	close_s	0.314475	report_s	0.174729	status	0	sequences	10590116	bases	1935908855	classified	10426493	place	mod	weight	10590116
[c100] ak2-timing	batch-barrier-1	51.315600	5.690805	2	0	2.731970	0.355900
[c100] ak2-engine	mem	t_s	60.0	rss_kib	56508176	hwm_kib	56508176	heap_inuse	12251406336	sys	20933040984	avail_kib	37637316
[c100] ak2-sample	batch	2	name	2-SRR5935781	mode	parallel	s3client	sdk	rank	25	role	home	inflight	6	threads	16	start_s	57.006458	wall_s	9.704664	setup_s	0.000046	classify_s	8.877490	close_s	0.608967	report_s	0.212367	status	0	sequences	8486948	bases	1613121343	classified	8270605	place	lpt	weight	8486948
[c100] ak2-sample	batch	2	name	2-SRR5935775	mode	parallel	s3client	sdk	rank	25	role	home	inflight	6	threads	16	start_s	57.006464	wall_s	10.877218	setup_s	0.000039	classify_s	10.282330	close_s	0.413638	report_s	0.176128	status	0	sequences	13010149	bases	2394732661	classified	12910203	place	lpt	weight	13010149
[c100] ak2-sample	batch	2	name	2-SRR5935838	mode	parallel	s3client	sdk	rank	25	role	home	inflight	6	threads	16	start_s	57.006460	wall_s	11.127976	setup_s	0.000043	classify_s	10.676822	close_s	0.251759	report_s	0.192441	status	0	sequences	14615323	bases	2691062094	classified	14358414	place	lpt	weight	14615323
[c100] ak2-timing	batch-barrier-2	68.134459	2.994226	2	0	0.628370	0.146543
[c100] ak2-engine	mem	t_s	75.0	rss_kib	53724104	hwm_kib	59507352	heap_inuse	12138332160	sys	23935168040	avail_kib	38185884
[c100] ak2-timing	barrier	77.897489	0.517121	0	0	0.015376	0.000499
[c100] ak2-sample	batch	3	name	3-SRR5935740	mode	striped	s3client	sdk	rank	25	role	peer	inflight	1	threads	16	start_s	72.340532	wall_s	6.074124	setup_s	0.000047	classify_s	5.554725	close_s	0.000000	report_s	0.000000	status	0	sequences	0	bases	0	classified	0	place	-	weight	-
[c100] ak2-timing	batch-barrier-3	78.414666	0.925896	0	0	0.007433	0.000695
[c100] ak2-timing	barrier	86.033114	0.270460	0	0	0.035739	0.000000
[c100] ak2-sample	batch	4	name	4-SRR5935740	mode	striped	s3client	sdk	rank	25	role	peer	inflight	1	threads	16	start_s	80.481364	wall_s	5.822263	setup_s	0.000049	classify_s	5.547866	close_s	0.000000	report_s	0.000000	status	0	sequences	0	bases	0	classified	0	place	-	weight	-
[c100] ak2-timing	batch-barrier-4	86.303638	0.881297	66	0	0.007834	0.000318
[c100] ak2-engine	mem	t_s	90.0	rss_kib	38296832	hwm_kib	59507352	heap_inuse	1357750272	sys	23935168040	avail_kib	56026004
[c100] ak2-timing	barrier	93.964037	0.241803	0	0	0.011469	0.000000
[c100] ak2-sample	batch	5	name	5-SRR5935740	mode	striped	s3client	sdk	rank	25	role	peer	inflight	1	threads	16	start_s	88.415520	wall_s	5.790372	setup_s	0.000045	classify_s	5.545896	close_s	0.000000	report_s	0.000000	status	0	sequences	0	bases	0	classified	0	place	-	weight	-
[c100] ak2-timing	batch-barrier-5	94.205901	0.899807	268	0	0.000000	0.008343
[c100] ak2-timing	batch-barrier-6	95.105733	7.523781	432	0	0.329009	0.039084
[c100] ak2-engine	mem	t_s	105.0	rss_kib	39202968	hwm_kib	59507352	heap_inuse	2764292096	sys	23935168040	avail_kib	55987748
[c100] ak2-timing	batch-barrier-7	102.629537	6.515000	393	0	0.338340	0.031609
[c100] ak2-timing	batch-barrier-8	109.144560	6.883578	402	0	0.321116	0.040992
[c100] ak2-engine	shard	0	n	32	lo	232244467142	hi	241534245827	tail	302	full	false	empty_at	9289778696	keys	4228602399	batches	89910	probe_s	90.383276	tail_probes	0	wrap_probes	0
[c100] ak2-engine	mem	t_s	116.0	rss_kib	39204672	hwm_kib	59507352	heap_inuse	2766069760	sys	23935168040	avail_kib	56173212
[c100] ak2-engine	rendezvous	puts	13	gets	718
[c100] ak2-engine	s3	client	sdk	put	22	get	718	create_multipart	9	upload_part	1042	complete_multipart	9	abort_multipart	0	part_bytes	8719068294
[c100] ak2-engine	s3	client	cli	put	0	get	0	create_multipart	0	upload_part	0	complete_multipart	0	abort_multipart	0	part_bytes	0
[c100] ak2-engine	load	seconds	14.120856	requests	572	retries	0	bytes	37159181548
[c100] ak2-engine	route	transport	nodes	calls	2712	keys	4083172698	batches	86784	route_s	37.942403	wait_s	705.498529	gather_s	8.736392
[c100] ak2-engine	worker	scan_s	304.481455	lookup_s	752.178964	classify_s	230.177685
[c100] ak2-timing	total	0.000001	116.097990	10071173	0	848.623926	77.797863
ak2: [2026-10-08T16:29:32Z] inv c100 rank 25 exit 0
[c100 stderr] Loading database information...ak2-timing	opts	0.003073	0.000016	0	0	0.000014	0.000000
[c100 stderr]  done.
ak2: [2026-10-08T16:29:32Z] pushed out/rank25/eng-c100.stderr
ak2: [2026-10-08T16:29:32Z] rank 25 done (rc=0)
spawn: [2026-10-08T16:29:33Z] command exit rc=0
