ak2: log tee up
ak2-phase	2026-10-08T15:09:43Z	1791472183	preamble	no
ak2: [2026-10-08T15:09:43Z] inherited $-=hBc (stub, as spawn started it: $-=hBc)
ak2: [2026-10-08T15:09:43Z] after set +e $-=hBc
ak2: [2026-10-08T15:09:43Z] gate=g3 run=20261008-150917-a6b2c95-9214-n16-r1
ak2: [2026-10-08T15:09:43Z] aws shim installed and self-tested (/tmp/ak2-bin/aws -> /usr/bin/aws)
ak2: [2026-10-08T15:09:43Z] imds region=us-west-2 az=us-west-2a instance=i-01546d1d8048dec09 type=c8g.12xlarge ami=ami-09325776a00699513
ak2: [2026-10-08T15:09:43Z] bucket aws-kraken2-942542972736-us-west-2 region=us-west-2
ak2: [2026-10-08T15:09:43Z] bucket aws-kraken2-942542972736-us-west-2 payer=UNKNOWN
ak2: [2026-10-08T15:09:43Z] WARN: could not read Payer of aws-kraken2-942542972736-us-west-2 from the instance (launch host verified it)
ak2: [2026-10-08T15:09:43Z] bucket kraken2-ncbi-refseq-complete-v205 region=us-west-2
ak2: [2026-10-08T15:09:44Z] bucket kraken2-ncbi-refseq-complete-v205 payer=BucketOwner
ak2: [2026-10-08T15:09:44Z] region assert passed
ak2: [2026-10-08T15:09:44Z] drop_caches_ok=true
ak2: [2026-10-08T15:09:45Z] preamble done; spec body starts
ak2-phase	2026-10-08T15:09:45Z	1791472185	body	no
ak2: [2026-10-08T15:09:45Z] e3 cohort 20261008-150917-a6b2c95-9214-n16 rank 1 of 16, commit a6b2c95; RODA kraken2-ncbi-refseq-complete-v205/Kraken2_RefSeqCompleteV205; samples aws-kraken2-942542972736-us-west-2/aws-kraken2/data/cohort; cohort 100
ak2-phase	2026-10-08T15:09:45Z	1791472185	setup	no
ak2: [2026-10-08T15:10:23Z] built a6b2c95e321fbcb6096c941622994b6dd277e936; go version go1.27.1 linux/arm64; ip 172.31.17.206; nproc 48; mem_gib 92; threads 16, inflight 3
ak2-phase	2026-10-08T15:10:23Z	1791472223	manifest	no
ak2: [2026-10-08T15:10:24Z] staged s3://kraken2-ncbi-refseq-complete-v205/Kraken2_RefSeqCompleteV205/opts.k2d -> /home/ec2-user/ak2/db/roda/opts.k2d (56 bytes)
ak2: [2026-10-08T15:10:25Z] staged s3://kraken2-ncbi-refseq-complete-v205/Kraken2_RefSeqCompleteV205/taxo.k2d -> /home/ec2-user/ak2/db/roda/taxo.k2d (179150665 bytes)
ak2: [2026-10-08T15:10:26Z] RODA hash.k2d etag=f80959f9556b50d76b3e744afdd3b22a-8860 size=1189091671800
ak2: [2026-10-08T15:10:26Z] pushed out/rank1/c100.tsv
ak2: [2026-10-08T15:10:26Z] pushed out/rank1/placement.tsv
ak2: [2026-10-08T15:10:26Z] manifest c100: 306 lines in 9 batches; rank 1 reads 14 samples
ak2-phase	2026-10-08T15:10:26Z	1791472226	fetch	no
ak2: [2026-10-08T15:10:40Z] inputs staged and verified: 28 files, 12.17 GB
ak2: [2026-10-08T15:10:40Z] manifest c100: cohort: 306 samples in 9 batches check
ak2-phase	2026-10-08T15:10:40Z	1791472240	inv-c100	no
[c100] ak2-timing	taxo	0.003255	0.112862	87825	0	0.022585	0.092986
[c100] ak2-engine	mem	t_s	15.0	rss_kib	39107024	hwm_kib	39107032	heap_inuse	405635072	sys	439400808	avail_kib	55734564
[c100] ak2-timing	shard-load-1	0.180481	28.273022	42881	0	43.411199	42.880546
[c100] ak2-engine	mem	t_s	30.0	rss_kib	72979300	hwm_kib	72979304	heap_inuse	410599424	sys	444119400	avail_kib	21925864
[c100] ak2-engine	mem	t_s	45.0	rss_kib	72982976	hwm_kib	72982980	heap_inuse	414908416	sys	448837992	avail_kib	22301376
[c100] ak2-timing	rendezvous	29.040316	25.273919	1755	0	0.040906	0.009621
[c100] ak2-timing	connect	54.314255	0.018142	0	0	0.000472	0.000466
[c100] ak2-timing	hash	0.116212	54.216200	46439	0	43.464589	42.893273
[c100] ak2-engine	mem	t_s	60.0	rss_kib	86360888	hwm_kib	86360888	heap_inuse	13768261632	sys	14599218648	avail_kib	8779032
[c100] ak2-engine	mem	t_s	75.0	rss_kib	87109156	hwm_kib	87109156	heap_inuse	14755282944	sys	15393040024	avail_kib	8121924
[c100] ak2-engine	mem	t_s	90.0	rss_kib	87746332	hwm_kib	87746332	heap_inuse	15455436800	sys	16065087288	avail_kib	7520876
[c100] ak2-engine	mem	t_s	105.0	rss_kib	87746332	hwm_kib	87746332	heap_inuse	15456591872	sys	16065087288	avail_kib	7633176
[c100] ak2-engine	mem	t_s	120.0	rss_kib	87746332	hwm_kib	87746332	heap_inuse	15456608256	sys	16065087288	avail_kib	7632416
[c100] ak2-engine	mem	t_s	135.0	rss_kib	87746332	hwm_kib	87746332	heap_inuse	15456616448	sys	16065087288	avail_kib	7611720
[c100] ak2-engine	mem	t_s	150.0	rss_kib	87746332	hwm_kib	87746332	heap_inuse	15456632832	sys	16065087288	avail_kib	7635400
[c100] ak2-engine	mem	t_s	165.1	rss_kib	87746332	hwm_kib	87746332	heap_inuse	15456641024	sys	16065087288	avail_kib	7611880
[c100] ak2-engine	mem	t_s	180.1	rss_kib	87219660	hwm_kib	87737524	heap_inuse	8337309696	sys	16065193784	avail_kib	8159488
[c100] ak2-engine	mem	t_s	195.1	rss_kib	87219664	hwm_kib	87737524	heap_inuse	8339652608	sys	16065193784	avail_kib	8168120
[c100] ak2-sample	batch	0	name	0-SRR5935761	mode	parallel	s3client	sdk	rank	1	role	home	inflight	3	threads	16	start_s	54.332456	wall_s	152.033532	setup_s	0.000034	classify_s	152.031182	close_s	0.000000	report_s	0.000000	status	1	sequences	1488845	bases	277740863	classified	1467618	place	lpt	weight	14191749
[c100] ak2-sample	batch	0	name	0-SRR5935795	mode	parallel	s3client	sdk	rank	1	role	home	inflight	3	threads	16	start_s	54.332447	wall_s	152.045335	setup_s	0.000041	classify_s	152.042959	close_s	0.000000	report_s	0.000000	status	1	sequences	1455350	bases	268825490	classified	1432915	place	lpt	weight	11924297
[c100] ak2-sample	batch	0	name	0-SRR5935773	mode	parallel	s3client	sdk	rank	1	role	home	inflight	3	threads	16	start_s	54.332450	wall_s	152.103350	setup_s	0.000038	classify_s	152.100109	close_s	0.000000	report_s	0.000000	status	1	sequences	1509935	bases	277145948	classified	1403394	place	lpt	weight	20671571
[c100] ak2-sample	batch	0	name	0-SRR5935777	mode	parallel	s3client	sdk	rank	1	role	home	inflight	3	threads	16	start_s	206.377819	wall_s	0.383397	setup_s	0.001183	classify_s	0.382210	close_s	0.000000	report_s	0.000000	status	1	sequences	0	bases	0	classified	0	place	lpt	weight	8173049
[c100] ak2-sample	batch	0	name	0-SRR5935754	mode	parallel	s3client	sdk	rank	1	role	home	inflight	3	threads	16	start_s	206.366017	wall_s	0.400668	setup_s	0.000626	classify_s	0.400035	close_s	0.000000	report_s	0.000000	status	1	sequences	0	bases	0	classified	0	place	lpt	weight	10479816
[c100] ak2-sample	batch	0	name	0-SRR5935783	mode	parallel	s3client	sdk	rank	1	role	home	inflight	3	threads	16	start_s	206.435832	wall_s	0.365444	setup_s	0.001183	classify_s	0.364252	close_s	0.000000	report_s	0.000000	status	1	sequences	0	bases	0	classified	0	place	lpt	weight	2565282
[c100] ak2-sample	batch	0	name	0-SRR5935743	mode	parallel	s3client	sdk	rank	1	role	home	inflight	3	threads	16	start_s	206.761241	wall_s	0.283775	setup_s	0.000601	classify_s	0.283171	close_s	0.000000	report_s	0.000000	status	1	sequences	0	bases	0	classified	0	place	lpt	weight	201473
[c100] ak2-engine	mem	t_s	210.1	rss_kib	86728752	hwm_kib	87893972	heap_inuse	5249040384	sys	16116467432	avail_kib	8626728
[c100] ak2-engine	mem	t_s	225.1	rss_kib	86728756	hwm_kib	87893972	heap_inuse	5249499136	sys	16116467432	avail_kib	8648148
[c100] ak2-engine	mem	t_s	240.1	rss_kib	86728900	hwm_kib	87893972	heap_inuse	5249998848	sys	16116467432	avail_kib	8673084
[c100] ak2-engine	mem	t_s	255.1	rss_kib	86729072	hwm_kib	87893972	heap_inuse	5250449408	sys	16116467432	avail_kib	8669048
[c100] ak2-engine	mem	t_s	270.1	rss_kib	86729208	hwm_kib	87893972	heap_inuse	5250973696	sys	16116467432	avail_kib	8675164
[c100] ak2-engine	mem	t_s	285.1	rss_kib	86729216	hwm_kib	87893972	heap_inuse	5251506176	sys	16116467432	avail_kib	8675652
[c100] ak2-engine	mem	t_s	300.1	rss_kib	86729216	hwm_kib	87893972	heap_inuse	5251989504	sys	16116467432	avail_kib	8694624
[c100] ak2-engine	mem	t_s	315.1	rss_kib	86729216	hwm_kib	87893972	heap_inuse	5252653056	sys	16116467432	avail_kib	8675320
Terminated
ak2: [2026-10-08T15:16:03Z] spec body exit rc=129 (SIGHUP)
ak2-phase	2026-10-08T15:16:03Z	1791472563	end	no
