ak2: log tee up
ak2-phase	2026-10-06T12:20:48Z	1791289248	preamble	no
ak2: [2026-10-06T12:20:48Z] inherited $-=hBc (stub, as spawn started it: $-=hBc)
ak2: [2026-10-06T12:20:48Z] after set +e $-=hBc
ak2: [2026-10-06T12:20:48Z] gate=g2 run=20261006-121954-dab2575
ak2: [2026-10-06T12:20:48Z] aws shim installed and self-tested (/tmp/ak2-bin/aws -> /usr/bin/aws)
ak2: [2026-10-06T12:20:48Z] imds region=us-west-2 az=us-west-2a instance=i-0760f4ac995b116e3 type=m7g.2xlarge ami=ami-09325776a00699513
ak2: [2026-10-06T12:20:48Z] bucket cookbook-942542972736-us-west-2 region=us-west-2
ak2: [2026-10-06T12:20:49Z] bucket cookbook-942542972736-us-west-2 payer=UNKNOWN
ak2: [2026-10-06T12:20:49Z] WARN: could not read Payer of cookbook-942542972736-us-west-2 from the instance (launch host verified it)
ak2: [2026-10-06T12:20:49Z] region assert passed
ak2: [2026-10-06T12:20:49Z] drop_caches_ok=true
ak2: [2026-10-06T12:20:49Z] preamble done; spec body starts
ak2-phase	2026-10-06T12:20:49Z	1791289249	body	no
ak2-phase	2026-10-06T12:20:49Z	1791289249	setup	no
ak2: [2026-10-06T12:21:26Z] dnf ok (gcc (GCC) 11.5.0 20240719 (Red Hat 11.5.0-5); perf version 6.1.188-233.386.amzn2023.aarch64)
ak2: [2026-10-06T12:21:26Z] thp enabled=[always [madvise] never] defrag=[always defer defer+madvise [madvise] never] kernel=6.18.51-120.163.amzn2023.aarch64 nproc=8
ak2: [2026-10-06T12:21:26Z] disks: nvme0n1  80G Amazon Elastic Block Store vol049b534f7b147ca3e;
ak2: [2026-10-06T12:21:26Z] storage: no instance store; database on the EBS root volume
ak2: [2026-10-06T12:21:27Z] checkout dab2575 head=dab2575cfdf4546f3a6c9effb66fb5ad43c458d1
ak2: [2026-10-06T12:21:29Z] go: go version go1.27.1 linux/arm64
ak2-phase	2026-10-06T12:21:29Z	1791289289	fetch	no
ak2: [2026-10-06T12:21:57Z] staged s3://cookbook-942542972736-us-west-2/aws-kraken2/data/k2_standard_08_GB_20260626/ -> /home/ec2-user/ak2/repo/.cache/db/k2_standard_08_GB_20260626/ (8004818876 bytes)
ak2: [2026-10-06T12:22:03Z] staged aws-kraken2/data/k2_standard_08_GB_20260626/hash.k2d bytes=8000000032 sha256=6c60e422b621b8116b7a3451fe25c682edfcf7c159c0ef757fb7de271b318d46 object-metadata=6c60e422b621b8116b7a3451fe25c682edfcf7c159c0ef757fb7de271b318d46
ak2: [2026-10-06T12:22:04Z] staged aws-kraken2/data/k2_standard_08_GB_20260626/opts.k2d bytes=64 sha256=5d80247b7332536ff08f4afa0fbc29e897e0e178fdf4aa9c28e84028fdbcc235 object-metadata=5d80247b7332536ff08f4afa0fbc29e897e0e178fdf4aa9c28e84028fdbcc235
ak2: [2026-10-06T12:22:05Z] staged aws-kraken2/data/k2_standard_08_GB_20260626/taxo.k2d bytes=4818575 sha256=65f9dd8c9a859dc613db5444160e989d275b386475486a013c6ca7f4dd09bc2e object-metadata=65f9dd8c9a859dc613db5444160e989d275b386475486a013c6ca7f4dd09bc2e
ak2: [2026-10-06T12:22:05Z] staged aws-kraken2/data/k2_standard_08_GB_20260626/SOURCE bytes=137 sha256=2a5827a124b438ddd053330317aeaf07063d1868a537ea3cff7bd286421afd53 object-metadata=2a5827a124b438ddd053330317aeaf07063d1868a537ea3cff7bd286421afd53
ak2: [2026-10-06T12:22:06Z] staged s3://cookbook-942542972736-us-west-2/aws-kraken2/data/reads/SRR062634_200000.SOURCE -> /home/ec2-user/ak2/repo/.cache/reads/SRR062634_200000.SOURCE (400 bytes)
ak2: [2026-10-06T12:22:06Z] staged aws-kraken2/data/reads/SRR062634_200000.SOURCE bytes=400 sha256=6d38490b67153a1acd8fce4f0e49fc45024bed6c813dd6537dc0093990d57f4c object-metadata=6d38490b67153a1acd8fce4f0e49fc45024bed6c813dd6537dc0093990d57f4c
ak2: [2026-10-06T12:22:07Z] staged s3://cookbook-942542972736-us-west-2/aws-kraken2/data/reads/SRR062634_200000_1.fq -> /home/ec2-user/ak2/repo/.cache/reads/SRR062634_200000_1.fq (51895574 bytes)
ak2: [2026-10-06T12:22:08Z] staged aws-kraken2/data/reads/SRR062634_200000_1.fq bytes=51895574 sha256=7a4a504d49771af64cefe8842bfffdedea13e07129111d4fcf4e52b4fe77c6b5 object-metadata=7a4a504d49771af64cefe8842bfffdedea13e07129111d4fcf4e52b4fe77c6b5
ak2: [2026-10-06T12:22:09Z] staged s3://cookbook-942542972736-us-west-2/aws-kraken2/data/reads/SRR062634_200000_2.fq -> /home/ec2-user/ak2/repo/.cache/reads/SRR062634_200000_2.fq (51895574 bytes)
ak2: [2026-10-06T12:22:09Z] staged aws-kraken2/data/reads/SRR062634_200000_2.fq bytes=51895574 sha256=e2665fb52aa4600891a93e86bd9cf7ff3f779b766017e261c106429b2ae854a1 object-metadata=e2665fb52aa4600891a93e86bd9cf7ff3f779b766017e261c106429b2ae854a1
ak2: [2026-10-06T12:22:10Z] reads SRR062634 verified against SOURCE
ak2-phase	2026-10-06T12:22:10Z	1791289330	build	no
ak2: [2026-10-06T12:22:38Z] oracle-build ok: /home/ec2-user/ak2/repo/.oracle/2731b35f7abb26ec926517274f3d87e78d42fd76
ak2: [2026-10-06T12:22:46Z] make build ok
loadbench: shell flags hBc
loadbench: db=/home/ec2-user/ak2/repo/.cache/db/k2_standard_08_GB_20260626 threads=8 reps=3 states=cold warm inputs=empty pe impls=upstream base thp fill scan recycle rc matesize batch final cold=true (ak2_drop_caches) thp=[always [madvise] never] defrag=[always defer defer+madvise [madvise] never]
loadbench: results /home/ec2-user/ak2/repo/results/g2/loadbench-k2_standard_08_GB_20260626-t8-20261006T122249Z
ak2: [2026-10-06T12:22:50Z] drop_caches done; next phase is cold
ak2-phase	2026-10-06T12:22:50Z	1791289370	lb-1-upstream-empty-cold	yes
loadbench: 1-upstream-empty-cold {"wall_s":61.735418,"load_s":61.719403,"classify_s":0.001,"tail_s":0.015336,"minflt":6474}
ak2-phase	2026-10-06T12:23:52Z	1791289432	lb-1-upstream-empty-warm	no
loadbench: 1-upstream-empty-warm {"wall_s":0.188969,"load_s":0.174361,"classify_s":0.001,"tail_s":0.013898,"minflt":6502}
ak2: [2026-10-06T12:23:53Z] drop_caches done; next phase is cold
ak2-phase	2026-10-06T12:23:53Z	1791289433	lb-1-base-empty-cold	yes
loadbench: 1-base-empty-cold {"wall_s":60.701694,"load_s":60.326774,"classify_s":0.0,"tail_s":0.373976,"minflt":1956211}
ak2-phase	2026-10-06T12:24:55Z	1791289495	lb-1-base-empty-warm	no
loadbench: 1-base-empty-warm {"wall_s":0.87954,"load_s":0.502066,"classify_s":0.0,"tail_s":0.377188,"minflt":1956187}
ak2: [2026-10-06T12:24:56Z] drop_caches done; next phase is cold
ak2-phase	2026-10-06T12:24:56Z	1791289496	lb-1-thp-empty-cold	yes
loadbench: 1-thp-empty-cold {"wall_s":60.34354,"load_s":60.32849,"classify_s":0.0,"tail_s":0.014248,"minflt":7265}
ak2-phase	2026-10-06T12:25:57Z	1791289557	lb-1-thp-empty-warm	no
loadbench: 1-thp-empty-warm {"wall_s":0.172912,"load_s":0.159419,"classify_s":0.0,"tail_s":0.013102,"minflt":7237}
ak2: [2026-10-06T12:25:58Z] drop_caches done; next phase is cold
ak2-phase	2026-10-06T12:25:58Z	1791289558	lb-1-fill-empty-cold	yes
loadbench: 1-fill-empty-cold {"wall_s":60.418022,"load_s":60.402442,"classify_s":0.0,"tail_s":0.014503,"minflt":7238}
ak2-phase	2026-10-06T12:26:59Z	1791289619	lb-1-fill-empty-warm	no
loadbench: 1-fill-empty-warm {"wall_s":0.173982,"load_s":0.160385,"classify_s":0.0,"tail_s":0.013211,"minflt":7276}
ak2: [2026-10-06T12:27:00Z] drop_caches done; next phase is cold
ak2-phase	2026-10-06T12:27:00Z	1791289620	lb-1-scan-empty-cold	yes
loadbench: 1-scan-empty-cold {"wall_s":60.311424,"load_s":60.295804,"classify_s":0.0,"tail_s":0.014745,"minflt":7224}
ak2-phase	2026-10-06T12:28:01Z	1791289681	lb-1-scan-empty-warm	no
loadbench: 1-scan-empty-warm {"wall_s":0.172497,"load_s":0.158985,"classify_s":0.0,"tail_s":0.013143,"minflt":7259}
ak2: [2026-10-06T12:28:02Z] drop_caches done; next phase is cold
ak2-phase	2026-10-06T12:28:02Z	1791289682	lb-1-recycle-empty-cold	yes
loadbench: 1-recycle-empty-cold {"wall_s":60.275958,"load_s":60.260444,"classify_s":0.0,"tail_s":0.014801,"minflt":7220}
ak2-phase	2026-10-06T12:29:03Z	1791289743	lb-1-recycle-empty-warm	no
loadbench: 1-recycle-empty-warm {"wall_s":0.172137,"load_s":0.158531,"classify_s":0.0,"tail_s":0.013162,"minflt":7263}
ak2: [2026-10-06T12:29:03Z] drop_caches done; next phase is cold
ak2-phase	2026-10-06T12:29:03Z	1791289743	lb-1-rc-empty-cold	yes
loadbench: 1-rc-empty-cold {"wall_s":60.342097,"load_s":60.326891,"classify_s":0.0,"tail_s":0.014472,"minflt":7158}
ak2-phase	2026-10-06T12:30:04Z	1791289804	lb-1-rc-empty-warm	no
loadbench: 1-rc-empty-warm {"wall_s":0.172382,"load_s":0.158278,"classify_s":0.0,"tail_s":0.013716,"minflt":7259}
ak2: [2026-10-06T12:30:05Z] drop_caches done; next phase is cold
ak2-phase	2026-10-06T12:30:05Z	1791289805	lb-1-matesize-empty-cold	yes
loadbench: 1-matesize-empty-cold {"wall_s":60.341831,"load_s":60.325887,"classify_s":0.0,"tail_s":0.014474,"minflt":7258}
ak2-phase	2026-10-06T12:31:06Z	1791289866	lb-1-matesize-empty-warm	no
loadbench: 1-matesize-empty-warm {"wall_s":0.1736,"load_s":0.159996,"classify_s":0.0,"tail_s":0.013163,"minflt":7267}
ak2: [2026-10-06T12:31:07Z] drop_caches done; next phase is cold
ak2-phase	2026-10-06T12:31:07Z	1791289867	lb-1-batch-empty-cold	yes
loadbench: 1-batch-empty-cold {"wall_s":60.412809,"load_s":60.397403,"classify_s":0.0,"tail_s":0.014535,"minflt":7216}
ak2-phase	2026-10-06T12:32:08Z	1791289928	lb-1-batch-empty-warm	no
loadbench: 1-batch-empty-warm {"wall_s":0.171496,"load_s":0.157261,"classify_s":0.0,"tail_s":0.013771,"minflt":7263}
ak2: [2026-10-06T12:32:09Z] drop_caches done; next phase is cold
ak2-phase	2026-10-06T12:32:09Z	1791289929	lb-1-final-empty-cold	yes
loadbench: 1-final-empty-cold {"wall_s":60.34218,"load_s":60.327046,"classify_s":0.0,"tail_s":0.014234,"minflt":7235}
ak2-phase	2026-10-06T12:33:10Z	1791289990	lb-1-final-empty-warm	no
loadbench: 1-final-empty-warm {"wall_s":0.182704,"load_s":0.168431,"classify_s":0.0,"tail_s":0.013719,"minflt":7304}
ak2: [2026-10-06T12:33:11Z] drop_caches done; next phase is cold
ak2-phase	2026-10-06T12:33:11Z	1791289991	lb-2-base-empty-cold	yes
loadbench: 2-base-empty-cold {"wall_s":60.643107,"load_s":60.26951,"classify_s":0.0,"tail_s":0.372675,"minflt":1956225}
ak2-phase	2026-10-06T12:34:12Z	1791290052	lb-2-base-empty-warm	no
loadbench: 2-base-empty-warm {"wall_s":0.895268,"load_s":0.516313,"classify_s":0.0,"tail_s":0.378677,"minflt":1956210}
ak2: [2026-10-06T12:34:14Z] drop_caches done; next phase is cold
ak2-phase	2026-10-06T12:34:14Z	1791290054	lb-2-thp-empty-cold	yes
loadbench: 2-thp-empty-cold {"wall_s":60.340554,"load_s":60.324681,"classify_s":0.0,"tail_s":0.015008,"minflt":7233}
ak2-phase	2026-10-06T12:35:15Z	1791290115	lb-2-thp-empty-warm	no
loadbench: 2-thp-empty-warm {"wall_s":0.174817,"load_s":0.160633,"classify_s":0.0,"tail_s":0.013736,"minflt":7281}
ak2: [2026-10-06T12:35:15Z] drop_caches done; next phase is cold
ak2-phase	2026-10-06T12:35:15Z	1791290115	lb-2-fill-empty-cold	yes
loadbench: 2-fill-empty-cold {"wall_s":60.387608,"load_s":60.371858,"classify_s":0.0,"tail_s":0.014704,"minflt":7237}
ak2-phase	2026-10-06T12:36:16Z	1791290176	lb-2-fill-empty-warm	no
loadbench: 2-fill-empty-warm {"wall_s":0.174848,"load_s":0.160755,"classify_s":0.0,"tail_s":0.013697,"minflt":7278}
ak2: [2026-10-06T12:36:17Z] drop_caches done; next phase is cold
ak2-phase	2026-10-06T12:36:17Z	1791290177	lb-2-scan-empty-cold	yes
loadbench: 2-scan-empty-cold {"wall_s":60.423818,"load_s":60.408446,"classify_s":0.0,"tail_s":0.014675,"minflt":7242}
ak2-phase	2026-10-06T12:37:18Z	1791290238	lb-2-scan-empty-warm	no
loadbench: 2-scan-empty-warm {"wall_s":0.173212,"load_s":0.158975,"classify_s":0.0,"tail_s":0.013811,"minflt":7284}
ak2: [2026-10-06T12:37:19Z] drop_caches done; next phase is cold
ak2-phase	2026-10-06T12:37:19Z	1791290239	lb-2-recycle-empty-cold	yes
loadbench: 2-recycle-empty-cold {"wall_s":60.345899,"load_s":60.330703,"classify_s":0.0,"tail_s":0.01434,"minflt":7268}
ak2-phase	2026-10-06T12:38:20Z	1791290300	lb-2-recycle-empty-warm	no
loadbench: 2-recycle-empty-warm {"wall_s":0.191873,"load_s":0.177709,"classify_s":0.0,"tail_s":0.013849,"minflt":7257}
ak2: [2026-10-06T12:38:21Z] drop_caches done; next phase is cold
ak2-phase	2026-10-06T12:38:21Z	1791290301	lb-2-rc-empty-cold	yes
loadbench: 2-rc-empty-cold {"wall_s":60.242405,"load_s":60.227096,"classify_s":0.0,"tail_s":0.014457,"minflt":7247}
ak2-phase	2026-10-06T12:39:22Z	1791290362	lb-2-rc-empty-warm	no
loadbench: 2-rc-empty-warm {"wall_s":0.172633,"load_s":0.158567,"classify_s":0.0,"tail_s":0.013741,"minflt":7264}
ak2: [2026-10-06T12:39:23Z] drop_caches done; next phase is cold
ak2-phase	2026-10-06T12:39:23Z	1791290363	lb-2-matesize-empty-cold	yes
loadbench: 2-matesize-empty-cold {"wall_s":60.392223,"load_s":60.376622,"classify_s":0.0,"tail_s":0.014556,"minflt":7238}
ak2-phase	2026-10-06T12:40:24Z	1791290424	lb-2-matesize-empty-warm	no
loadbench: 2-matesize-empty-warm {"wall_s":0.171011,"load_s":0.157389,"classify_s":0.0,"tail_s":0.013194,"minflt":7253}
ak2: [2026-10-06T12:40:25Z] drop_caches done; next phase is cold
ak2-phase	2026-10-06T12:40:25Z	1791290425	lb-2-batch-empty-cold	yes
loadbench: 2-batch-empty-cold {"wall_s":60.345553,"load_s":60.329421,"classify_s":0.0,"tail_s":0.01466,"minflt":7258}
ak2-phase	2026-10-06T12:41:26Z	1791290486	lb-2-batch-empty-warm	no
loadbench: 2-batch-empty-warm {"wall_s":0.171465,"load_s":0.157243,"classify_s":0.0,"tail_s":0.013751,"minflt":7275}
ak2: [2026-10-06T12:41:26Z] drop_caches done; next phase is cold
ak2-phase	2026-10-06T12:41:26Z	1791290486	lb-2-final-empty-cold	yes
loadbench: 2-final-empty-cold {"wall_s":60.354409,"load_s":60.338671,"classify_s":0.0,"tail_s":0.014399,"minflt":7231}
ak2-phase	2026-10-06T12:42:27Z	1791290547	lb-2-final-empty-warm	no
loadbench: 2-final-empty-warm {"wall_s":0.173283,"load_s":0.159096,"classify_s":0.0,"tail_s":0.013729,"minflt":7285}
ak2: [2026-10-06T12:42:28Z] drop_caches done; next phase is cold
ak2-phase	2026-10-06T12:42:28Z	1791290548	lb-2-upstream-empty-cold	yes
loadbench: 2-upstream-empty-cold {"wall_s":60.342628,"load_s":60.325991,"classify_s":0.001,"tail_s":0.015918,"minflt":6476}
ak2-phase	2026-10-06T12:43:29Z	1791290609	lb-2-upstream-empty-warm	no
loadbench: 2-upstream-empty-warm {"wall_s":0.205141,"load_s":0.191026,"classify_s":0.001,"tail_s":0.013374,"minflt":6500}
ak2: [2026-10-06T12:43:30Z] drop_caches done; next phase is cold
ak2-phase	2026-10-06T12:43:30Z	1791290610	lb-3-thp-empty-cold	yes
loadbench: 3-thp-empty-cold {"wall_s":60.340539,"load_s":60.325344,"classify_s":0.0,"tail_s":0.014197,"minflt":7233}
ak2-phase	2026-10-06T12:44:31Z	1791290671	lb-3-thp-empty-warm	no
loadbench: 3-thp-empty-warm {"wall_s":0.172978,"load_s":0.158857,"classify_s":0.0,"tail_s":0.013722,"minflt":7219}
ak2: [2026-10-06T12:44:32Z] drop_caches done; next phase is cold
ak2-phase	2026-10-06T12:44:32Z	1791290672	lb-3-fill-empty-cold	yes
loadbench: 3-fill-empty-cold {"wall_s":60.340736,"load_s":60.324845,"classify_s":0.0,"tail_s":0.014592,"minflt":7223}
ak2-phase	2026-10-06T12:45:33Z	1791290733	lb-3-fill-empty-warm	no
loadbench: 3-fill-empty-warm {"wall_s":0.171377,"load_s":0.157661,"classify_s":0.0,"tail_s":0.013198,"minflt":7261}
ak2: [2026-10-06T12:45:34Z] drop_caches done; next phase is cold
ak2-phase	2026-10-06T12:45:34Z	1791290734	lb-3-scan-empty-cold	yes
loadbench: 3-scan-empty-cold {"wall_s":60.361936,"load_s":60.346107,"classify_s":0.0,"tail_s":0.014968,"minflt":7265}
ak2-phase	2026-10-06T12:46:35Z	1791290795	lb-3-scan-empty-warm	no
loadbench: 3-scan-empty-warm {"wall_s":0.172264,"load_s":0.158605,"classify_s":0.0,"tail_s":0.013329,"minflt":7247}
ak2: [2026-10-06T12:46:36Z] drop_caches done; next phase is cold
ak2-phase	2026-10-06T12:46:36Z	1791290796	lb-3-recycle-empty-cold	yes
loadbench: 3-recycle-empty-cold {"wall_s":60.343958,"load_s":60.327836,"classify_s":0.0,"tail_s":0.01468,"minflt":7238}
ak2-phase	2026-10-06T12:47:37Z	1791290857	lb-3-recycle-empty-warm	no
loadbench: 3-recycle-empty-warm {"wall_s":0.177397,"load_s":0.163531,"classify_s":0.0,"tail_s":0.013398,"minflt":7252}
ak2: [2026-10-06T12:47:38Z] drop_caches done; next phase is cold
ak2-phase	2026-10-06T12:47:38Z	1791290858	lb-3-rc-empty-cold	yes
loadbench: 3-rc-empty-cold {"wall_s":60.389153,"load_s":60.37363,"classify_s":0.0,"tail_s":0.014765,"minflt":7228}
ak2-phase	2026-10-06T12:48:39Z	1791290919	lb-3-rc-empty-warm	no
loadbench: 3-rc-empty-warm {"wall_s":0.189208,"load_s":0.17557,"classify_s":0.0,"tail_s":0.013193,"minflt":7259}
ak2: [2026-10-06T12:48:39Z] drop_caches done; next phase is cold
ak2-phase	2026-10-06T12:48:39Z	1791290919	lb-3-matesize-empty-cold	yes
loadbench: 3-matesize-empty-cold {"wall_s":60.384812,"load_s":60.369355,"classify_s":0.0,"tail_s":0.014328,"minflt":7241}
ak2-phase	2026-10-06T12:49:40Z	1791290980	lb-3-matesize-empty-warm	no
loadbench: 3-matesize-empty-warm {"wall_s":0.173992,"load_s":0.160342,"classify_s":0.0,"tail_s":0.013218,"minflt":7254}
ak2: [2026-10-06T12:49:41Z] drop_caches done; next phase is cold
ak2-phase	2026-10-06T12:49:41Z	1791290981	lb-3-batch-empty-cold	yes
loadbench: 3-batch-empty-cold {"wall_s":60.345807,"load_s":60.330136,"classify_s":0.0,"tail_s":0.014751,"minflt":7239}
ak2-phase	2026-10-06T12:50:42Z	1791291042	lb-3-batch-empty-warm	no
loadbench: 3-batch-empty-warm {"wall_s":0.176365,"load_s":0.162408,"classify_s":0.0,"tail_s":0.013389,"minflt":7272}
ak2: [2026-10-06T12:50:43Z] drop_caches done; next phase is cold
ak2-phase	2026-10-06T12:50:43Z	1791291043	lb-3-final-empty-cold	yes
loadbench: 3-final-empty-cold {"wall_s":60.351184,"load_s":60.335221,"classify_s":0.0,"tail_s":0.014531,"minflt":7233}
ak2-phase	2026-10-06T12:51:44Z	1791291104	lb-3-final-empty-warm	no
loadbench: 3-final-empty-warm {"wall_s":0.173124,"load_s":0.159234,"classify_s":0.0,"tail_s":0.013359,"minflt":7272}
ak2: [2026-10-06T12:51:45Z] drop_caches done; next phase is cold
ak2-phase	2026-10-06T12:51:45Z	1791291105	lb-3-upstream-empty-cold	yes
loadbench: 3-upstream-empty-cold {"wall_s":60.392573,"load_s":60.375825,"classify_s":0.001,"tail_s":0.016157,"minflt":6474}
ak2-phase	2026-10-06T12:52:46Z	1791291166	lb-3-upstream-empty-warm	no
loadbench: 3-upstream-empty-warm {"wall_s":0.188402,"load_s":0.174148,"classify_s":0.001,"tail_s":0.013572,"minflt":6509}
ak2: [2026-10-06T12:52:47Z] drop_caches done; next phase is cold
ak2-phase	2026-10-06T12:52:47Z	1791291167	lb-3-base-empty-cold	yes
loadbench: 3-base-empty-cold {"wall_s":60.670844,"load_s":60.296354,"classify_s":0.0,"tail_s":0.373661,"minflt":1956182}
ak2-phase	2026-10-06T12:53:48Z	1791291228	lb-3-base-empty-warm	no
loadbench: 3-base-empty-warm {"wall_s":0.819789,"load_s":0.438573,"classify_s":0.0,"tail_s":0.380782,"minflt":1956208}
ak2: [2026-10-06T12:53:50Z] drop_caches done; next phase is cold
ak2-phase	2026-10-06T12:53:50Z	1791291230	lb-1-upstream-pe-cold	yes
loadbench: 1-upstream-pe-cold {"wall_s":61.341776,"load_s":60.377127,"classify_s":0.948,"tail_s":0.016703,"minflt":49564}
ak2-phase	2026-10-06T12:54:52Z	1791291292	lb-1-upstream-pe-warm	no
loadbench: 1-upstream-pe-warm {"wall_s":0.408811,"load_s":0.174709,"classify_s":0.218,"tail_s":0.015832,"minflt":50598}
ak2: [2026-10-06T12:54:53Z] drop_caches done; next phase is cold
ak2-phase	2026-10-06T12:54:53Z	1791291293	lb-1-base-pe-cold	yes
loadbench: 1-base-pe-cold {"wall_s":61.671921,"load_s":60.325692,"classify_s":0.966,"tail_s":0.37903,"minflt":1995343}
ak2-phase	2026-10-06T12:55:55Z	1791291355	lb-1-base-pe-warm	no
loadbench: 1-base-pe-warm {"wall_s":1.109277,"load_s":0.445382,"classify_s":0.275,"tail_s":0.388264,"minflt":2017223}
ak2: [2026-10-06T12:55:57Z] drop_caches done; next phase is cold
ak2-phase	2026-10-06T12:55:57Z	1791291357	lb-1-thp-pe-cold	yes
loadbench: 1-thp-pe-cold {"wall_s":61.233651,"load_s":60.243333,"classify_s":0.967,"tail_s":0.02189,"minflt":44476}
ak2-phase	2026-10-06T12:56:59Z	1791291419	lb-1-thp-pe-warm	no
loadbench: 1-thp-pe-warm {"wall_s":0.474115,"load_s":0.161652,"classify_s":0.288,"tail_s":0.024296,"minflt":67090}
ak2: [2026-10-06T12:57:00Z] drop_caches done; next phase is cold
ak2-phase	2026-10-06T12:57:00Z	1791291420	lb-1-fill-pe-cold	yes
loadbench: 1-fill-pe-cold {"wall_s":61.235394,"load_s":60.251147,"classify_s":0.962,"tail_s":0.02106,"minflt":46119}
ak2-phase	2026-10-06T12:58:02Z	1791291482	lb-1-fill-pe-warm	no
loadbench: 1-fill-pe-warm {"wall_s":0.470771,"load_s":0.159062,"classify_s":0.286,"tail_s":0.025514,"minflt":72110}
ak2: [2026-10-06T12:58:03Z] drop_caches done; next phase is cold
ak2-phase	2026-10-06T12:58:03Z	1791291483	lb-1-scan-pe-cold	yes
loadbench: 1-scan-pe-cold {"wall_s":61.266466,"load_s":60.322165,"classify_s":0.922,"tail_s":0.021414,"minflt":44637}
ak2-phase	2026-10-06T12:59:05Z	1791291545	lb-1-scan-pe-warm	no
loadbench: 1-scan-pe-warm {"wall_s":0.401096,"load_s":0.158266,"classify_s":0.219,"tail_s":0.023485,"minflt":65551}
ak2: [2026-10-06T12:59:06Z] drop_caches done; next phase is cold
ak2-phase	2026-10-06T12:59:06Z	1791291546	lb-1-recycle-pe-cold	yes
loadbench: 1-recycle-pe-cold {"wall_s":61.268881,"load_s":60.328773,"classify_s":0.918,"tail_s":0.021103,"minflt":42417}
ak2-phase	2026-10-06T13:00:08Z	1791291608	lb-1-recycle-pe-warm	no
loadbench: 1-recycle-pe-warm {"wall_s":0.418413,"load_s":0.169961,"classify_s":0.224,"tail_s":0.023823,"minflt":69174}
ak2: [2026-10-06T13:00:09Z] drop_caches done; next phase is cold
ak2-phase	2026-10-06T13:00:09Z	1791291609	lb-1-rc-pe-cold	yes
loadbench: 1-rc-pe-cold {"wall_s":61.25511,"load_s":60.326015,"classify_s":0.907,"tail_s":0.021132,"minflt":40767}
ak2-phase	2026-10-06T13:01:11Z	1791291671	lb-1-rc-pe-warm	no
loadbench: 1-rc-pe-warm {"wall_s":0.399443,"load_s":0.158406,"classify_s":0.215,"tail_s":0.025887,"minflt":69527}
ak2: [2026-10-06T13:01:12Z] drop_caches done; next phase is cold
ak2-phase	2026-10-06T13:01:12Z	1791291672	lb-1-matesize-pe-cold	yes
loadbench: 1-matesize-pe-cold {"wall_s":61.255144,"load_s":60.326521,"classify_s":0.908,"tail_s":0.019584,"minflt":34991}
ak2-phase	2026-10-06T13:02:14Z	1791291734	lb-1-matesize-pe-warm	no
loadbench: 1-matesize-pe-warm {"wall_s":0.385435,"load_s":0.159088,"classify_s":0.201,"tail_s":0.025087,"minflt":65848}
ak2: [2026-10-06T13:02:15Z] drop_caches done; next phase is cold
ak2-phase	2026-10-06T13:02:15Z	1791291735	lb-1-batch-pe-cold	yes
loadbench: 1-batch-pe-cold {"wall_s":61.141596,"load_s":60.212054,"classify_s":0.907,"tail_s":0.020926,"minflt":38613}
ak2-phase	2026-10-06T13:03:17Z	1791291797	lb-1-batch-pe-warm	no
loadbench: 1-batch-pe-warm {"wall_s":0.395419,"load_s":0.162124,"classify_s":0.208,"tail_s":0.025363,"minflt":65889}
ak2: [2026-10-06T13:03:18Z] drop_caches done; next phase is cold
ak2-phase	2026-10-06T13:03:18Z	1791291798	lb-1-final-pe-cold	yes
loadbench: 1-final-pe-cold {"wall_s":61.194677,"load_s":60.267726,"classify_s":0.906,"tail_s":0.020305,"minflt":37062}
ak2-phase	2026-10-06T13:04:20Z	1791291860	lb-1-final-pe-warm	no
loadbench: 1-final-pe-warm {"wall_s":0.380717,"load_s":0.158271,"classify_s":0.197,"tail_s":0.02483,"minflt":66584}
ak2: [2026-10-06T13:04:21Z] drop_caches done; next phase is cold
ak2-phase	2026-10-06T13:04:21Z	1791291861	lb-2-base-pe-cold	yes
loadbench: 2-base-pe-cold {"wall_s":61.586894,"load_s":60.229739,"classify_s":0.972,"tail_s":0.384217,"minflt":1994340}
ak2-phase	2026-10-06T13:05:23Z	1791291923	lb-2-base-pe-warm	no
loadbench: 2-base-pe-warm {"wall_s":1.069437,"load_s":0.400554,"classify_s":0.274,"tail_s":0.394654,"minflt":2016402}
ak2: [2026-10-06T13:05:25Z] drop_caches done; next phase is cold
ak2-phase	2026-10-06T13:05:25Z	1791291925	lb-2-thp-pe-cold	yes
loadbench: 2-thp-pe-cold {"wall_s":61.280767,"load_s":60.291962,"classify_s":0.966,"tail_s":0.021886,"minflt":46677}
ak2-phase	2026-10-06T13:06:27Z	1791291987	lb-2-thp-pe-warm	no
loadbench: 2-thp-pe-warm {"wall_s":0.48034,"load_s":0.1635,"classify_s":0.292,"tail_s":0.025073,"minflt":66341}
ak2: [2026-10-06T13:06:28Z] drop_caches done; next phase is cold
ak2-phase	2026-10-06T13:06:28Z	1791291988	lb-2-fill-pe-cold	yes
loadbench: 2-fill-pe-cold {"wall_s":61.247418,"load_s":60.24756,"classify_s":0.977,"tail_s":0.021927,"minflt":45872}
ak2-phase	2026-10-06T13:07:30Z	1791292050	lb-2-fill-pe-warm	no
loadbench: 2-fill-pe-warm {"wall_s":0.469026,"load_s":0.159947,"classify_s":0.285,"tail_s":0.024081,"minflt":67399}
ak2: [2026-10-06T13:07:31Z] drop_caches done; next phase is cold
ak2-phase	2026-10-06T13:07:31Z	1791292051	lb-2-scan-pe-cold	yes
loadbench: 2-scan-pe-cold {"wall_s":61.268151,"load_s":60.327273,"classify_s":0.919,"tail_s":0.021213,"minflt":46009}
ak2-phase	2026-10-06T13:08:33Z	1791292113	lb-2-scan-pe-warm	no
loadbench: 2-scan-pe-warm {"wall_s":0.408616,"load_s":0.159981,"classify_s":0.224,"tail_s":0.0246,"minflt":66511}
ak2: [2026-10-06T13:08:34Z] drop_caches done; next phase is cold
ak2-phase	2026-10-06T13:08:34Z	1791292114	lb-2-recycle-pe-cold	yes
loadbench: 2-recycle-pe-cold {"wall_s":61.236805,"load_s":60.292987,"classify_s":0.921,"tail_s":0.021421,"minflt":45001}
ak2-phase	2026-10-06T13:09:36Z	1791292176	lb-2-recycle-pe-warm	no
loadbench: 2-recycle-pe-warm {"wall_s":0.438985,"load_s":0.177016,"classify_s":0.237,"tail_s":0.024954,"minflt":70498}
ak2: [2026-10-06T13:09:37Z] drop_caches done; next phase is cold
ak2-phase	2026-10-06T13:09:37Z	1791292177	lb-2-rc-pe-cold	yes
loadbench: 2-rc-pe-cold {"wall_s":61.304784,"load_s":60.374129,"classify_s":0.908,"tail_s":0.021317,"minflt":44903}
ak2-phase	2026-10-06T13:10:39Z	1791292239	lb-2-rc-pe-warm	no
loadbench: 2-rc-pe-warm {"wall_s":0.399306,"load_s":0.159968,"classify_s":0.214,"tail_s":0.025624,"minflt":70195}
ak2: [2026-10-06T13:10:40Z] drop_caches done; next phase is cold
ak2-phase	2026-10-06T13:10:40Z	1791292240	lb-2-matesize-pe-cold	yes
loadbench: 2-matesize-pe-cold {"wall_s":61.255768,"load_s":60.326181,"classify_s":0.908,"tail_s":0.019836,"minflt":35816}
ak2-phase	2026-10-06T13:11:42Z	1791292302	lb-2-matesize-pe-warm	no
loadbench: 2-matesize-pe-warm {"wall_s":0.403112,"load_s":0.18079,"classify_s":0.198,"tail_s":0.024027,"minflt":65904}
ak2: [2026-10-06T13:11:43Z] drop_caches done; next phase is cold
ak2-phase	2026-10-06T13:11:43Z	1791292303	lb-2-batch-pe-cold	yes
loadbench: 2-batch-pe-cold {"wall_s":61.193349,"load_s":60.264667,"classify_s":0.907,"tail_s":0.019562,"minflt":35141}
ak2-phase	2026-10-06T13:12:45Z	1791292365	lb-2-batch-pe-warm	no
loadbench: 2-batch-pe-warm {"wall_s":0.39874,"load_s":0.173071,"classify_s":0.202,"tail_s":0.023611,"minflt":66863}
ak2: [2026-10-06T13:12:46Z] drop_caches done; next phase is cold
ak2-phase	2026-10-06T13:12:46Z	1791292366	lb-2-final-pe-cold	yes
loadbench: 2-final-pe-cold {"wall_s":61.312231,"load_s":60.382905,"classify_s":0.908,"tail_s":0.020398,"minflt":39708}
ak2-phase	2026-10-06T13:13:48Z	1791292428	lb-2-final-pe-warm	no
loadbench: 2-final-pe-warm {"wall_s":0.386679,"load_s":0.160381,"classify_s":0.202,"tail_s":0.024565,"minflt":66666}
ak2: [2026-10-06T13:13:49Z] drop_caches done; next phase is cold
ak2-phase	2026-10-06T13:13:49Z	1791292429	lb-2-upstream-pe-cold	yes
loadbench: 2-upstream-pe-cold {"wall_s":61.358275,"load_s":60.395521,"classify_s":0.946,"tail_s":0.016346,"minflt":50176}
ak2-phase	2026-10-06T13:14:51Z	1791292491	lb-2-upstream-pe-warm	no
loadbench: 2-upstream-pe-warm {"wall_s":0.418339,"load_s":0.181673,"classify_s":0.221,"tail_s":0.015702,"minflt":50626}
ak2: [2026-10-06T13:14:52Z] drop_caches done; next phase is cold
ak2-phase	2026-10-06T13:14:52Z	1791292492	lb-3-thp-pe-cold	yes
loadbench: 3-thp-pe-cold {"wall_s":61.262173,"load_s":60.264724,"classify_s":0.974,"tail_s":0.021823,"minflt":46633}
ak2-phase	2026-10-06T13:15:54Z	1791292554	lb-3-thp-pe-warm	no
loadbench: 3-thp-pe-warm {"wall_s":0.459739,"load_s":0.161092,"classify_s":0.274,"tail_s":0.024033,"minflt":66865}
ak2: [2026-10-06T13:15:56Z] drop_caches done; next phase is cold
ak2-phase	2026-10-06T13:15:56Z	1791292556	lb-3-fill-pe-cold	yes
loadbench: 3-fill-pe-cold {"wall_s":61.374816,"load_s":60.384382,"classify_s":0.967,"tail_s":0.022272,"minflt":46385}
ak2-phase	2026-10-06T13:16:58Z	1791292618	lb-3-fill-pe-warm	no
loadbench: 3-fill-pe-warm {"wall_s":0.509218,"load_s":0.186538,"classify_s":0.297,"tail_s":0.025859,"minflt":67260}
ak2: [2026-10-06T13:16:59Z] drop_caches done; next phase is cold
ak2-phase	2026-10-06T13:16:59Z	1791292619	lb-3-scan-pe-cold	yes
loadbench: 3-scan-pe-cold {"wall_s":61.271731,"load_s":60.327541,"classify_s":0.921,"tail_s":0.022626,"minflt":48015}
ak2-phase	2026-10-06T13:18:01Z	1791292681	lb-3-scan-pe-warm	no
loadbench: 3-scan-pe-warm {"wall_s":0.407148,"load_s":0.160414,"classify_s":0.222,"tail_s":0.024988,"minflt":66404}
ak2: [2026-10-06T13:18:02Z] drop_caches done; next phase is cold
ak2-phase	2026-10-06T13:18:02Z	1791292682	lb-3-recycle-pe-cold	yes
loadbench: 3-recycle-pe-cold {"wall_s":61.270102,"load_s":60.329453,"classify_s":0.919,"tail_s":0.020382,"minflt":38791}
ak2-phase	2026-10-06T13:19:04Z	1791292744	lb-3-recycle-pe-warm	no
loadbench: 3-recycle-pe-warm {"wall_s":0.433911,"load_s":0.183679,"classify_s":0.223,"tail_s":0.026767,"minflt":70109}
ak2: [2026-10-06T13:19:05Z] drop_caches done; next phase is cold
ak2-phase	2026-10-06T13:19:05Z	1791292745	lb-3-rc-pe-cold	yes
loadbench: 3-rc-pe-cold {"wall_s":61.310374,"load_s":60.381464,"classify_s":0.908,"tail_s":0.020207,"minflt":39445}
ak2-phase	2026-10-06T13:20:07Z	1791292807	lb-3-rc-pe-warm	no
loadbench: 3-rc-pe-warm {"wall_s":0.394032,"load_s":0.157269,"classify_s":0.21,"tail_s":0.02646,"minflt":69445}
ak2: [2026-10-06T13:20:08Z] drop_caches done; next phase is cold
ak2-phase	2026-10-06T13:20:08Z	1791292808	lb-3-matesize-pe-cold	yes
loadbench: 3-matesize-pe-cold {"wall_s":61.277028,"load_s":60.345519,"classify_s":0.909,"tail_s":0.020498,"minflt":39616}
ak2-phase	2026-10-06T13:21:10Z	1791292870	lb-3-matesize-pe-warm	no
loadbench: 3-matesize-pe-warm {"wall_s":0.404665,"load_s":0.178029,"classify_s":0.203,"tail_s":0.023778,"minflt":67224}
ak2: [2026-10-06T13:21:11Z] drop_caches done; next phase is cold
ak2-phase	2026-10-06T13:21:11Z	1791292871	lb-3-batch-pe-cold	yes
loadbench: 3-batch-pe-cold {"wall_s":61.253235,"load_s":60.326623,"classify_s":0.905,"tail_s":0.020146,"minflt":37180}
ak2-phase	2026-10-06T13:22:13Z	1791292933	lb-3-batch-pe-warm	no
loadbench: 3-batch-pe-warm {"wall_s":0.381141,"load_s":0.15879,"classify_s":0.197,"tail_s":0.024812,"minflt":66196}
ak2: [2026-10-06T13:22:14Z] drop_caches done; next phase is cold
ak2-phase	2026-10-06T13:22:14Z	1791292934	lb-3-final-pe-cold	yes
loadbench: 3-final-pe-cold {"wall_s":61.273355,"load_s":60.345968,"classify_s":0.906,"tail_s":0.020245,"minflt":37453}
ak2-phase	2026-10-06T13:23:16Z	1791292996	lb-3-final-pe-warm	no
loadbench: 3-final-pe-warm {"wall_s":0.405558,"load_s":0.185179,"classify_s":0.196,"tail_s":0.023938,"minflt":66378}
ak2: [2026-10-06T13:23:17Z] drop_caches done; next phase is cold
ak2-phase	2026-10-06T13:23:17Z	1791292997	lb-3-upstream-pe-cold	yes
loadbench: 3-upstream-pe-cold {"wall_s":61.342183,"load_s":60.378788,"classify_s":0.947,"tail_s":0.016774,"minflt":49560}
ak2-phase	2026-10-06T13:24:19Z	1791293059	lb-3-upstream-pe-warm	no
loadbench: 3-upstream-pe-warm {"wall_s":0.408042,"load_s":0.17386,"classify_s":0.218,"tail_s":0.015681,"minflt":50596}
ak2: [2026-10-06T13:24:20Z] drop_caches done; next phase is cold
ak2-phase	2026-10-06T13:24:20Z	1791293060	lb-3-base-pe-cold	yes
loadbench: 3-base-pe-cold {"wall_s":61.746667,"load_s":60.384774,"classify_s":0.974,"tail_s":0.386934,"minflt":1994146}
ak2-phase	2026-10-06T13:25:23Z	1791293123	lb-3-base-pe-warm	no
loadbench: 3-base-pe-warm {"wall_s":1.120453,"load_s":0.450438,"classify_s":0.273,"tail_s":0.397329,"minflt":2017926}
ak2: [2026-10-06T13:25:24Z] drop_caches done; next phase is cold
ak2-phase	2026-10-06T13:25:24Z	1791293124	lb-perf-upstream-pe-cold	yes
loadbench: perf stat upstream-pe-cold rc=0
ak2-phase	2026-10-06T13:26:26Z	1791293186	lb-perf-upstream-pe-warm	no
loadbench: perf stat upstream-pe-warm rc=0
ak2: [2026-10-06T13:26:27Z] drop_caches done; next phase is cold
ak2-phase	2026-10-06T13:26:27Z	1791293187	lb-perf-base-pe-cold	yes
loadbench: perf stat base-pe-cold rc=0
ak2: [2026-10-06T13:27:29Z] drop_caches done; next phase is cold
ak2-phase	2026-10-06T13:27:29Z	1791293249	lb-pprof-base-pe-cold	yes
loadbench: pprof base-pe-cold rc=0
ak2-phase	2026-10-06T13:28:40Z	1791293320	lb-perf-base-pe-warm	no
loadbench: perf stat base-pe-warm rc=0
ak2-phase	2026-10-06T13:28:41Z	1791293321	lb-pprof-base-pe-warm	no
loadbench: pprof base-pe-warm rc=0
ak2: [2026-10-06T13:28:43Z] drop_caches done; next phase is cold
ak2-phase	2026-10-06T13:28:43Z	1791293323	lb-perf-final-pe-cold	yes
loadbench: perf stat final-pe-cold rc=0
ak2: [2026-10-06T13:29:45Z] drop_caches done; next phase is cold
ak2-phase	2026-10-06T13:29:45Z	1791293385	lb-pprof-final-pe-cold	yes
loadbench: pprof final-pe-cold rc=0
ak2-phase	2026-10-06T13:30:48Z	1791293448	lb-perf-final-pe-warm	no
loadbench: perf stat final-pe-warm rc=0
ak2-phase	2026-10-06T13:30:49Z	1791293449	lb-pprof-final-pe-warm	no
loadbench: pprof final-pe-warm rc=0
ak2: [2026-10-06T13:30:51Z] pushed out/loadbench-k2_standard_08_GB_20260626-t8-20261006T122249Z/runs.tsv
ak2: [2026-10-06T13:30:51Z] pushed out/loadbench-k2_standard_08_GB_20260626-t8-20261006T122249Z/summary.tsv
ak2: [2026-10-06T13:30:52Z] pushed out/loadbench-k2_standard_08_GB_20260626-t8-20261006T122249Z/timings.tsv
ak2: [2026-10-06T13:30:52Z] pushed out/loadbench-k2_standard_08_GB_20260626-t8-20261006T122249Z/manifest.json
ak2: [2026-10-06T13:30:53Z] pushed out/loadbench-k2_standard_08_GB_20260626-t8-20261006T122249Z/summary.md
ak2: [2026-10-06T13:30:53Z] pushed out/loadbench-k2_standard_08_GB_20260626-t8-20261006T122249Z/stderr/1-base-empty-cold.txt
ak2: [2026-10-06T13:30:54Z] pushed out/loadbench-k2_standard_08_GB_20260626-t8-20261006T122249Z/stderr/1-base-empty-warm.txt
ak2: [2026-10-06T13:30:54Z] pushed out/loadbench-k2_standard_08_GB_20260626-t8-20261006T122249Z/stderr/1-base-pe-cold.txt
ak2: [2026-10-06T13:30:55Z] pushed out/loadbench-k2_standard_08_GB_20260626-t8-20261006T122249Z/stderr/1-base-pe-warm.txt
ak2: [2026-10-06T13:30:55Z] pushed out/loadbench-k2_standard_08_GB_20260626-t8-20261006T122249Z/stderr/1-batch-empty-cold.txt
ak2: [2026-10-06T13:30:56Z] pushed out/loadbench-k2_standard_08_GB_20260626-t8-20261006T122249Z/stderr/1-batch-empty-warm.txt
ak2: [2026-10-06T13:30:56Z] pushed out/loadbench-k2_standard_08_GB_20260626-t8-20261006T122249Z/stderr/1-batch-pe-cold.txt
ak2: [2026-10-06T13:30:56Z] pushed out/loadbench-k2_standard_08_GB_20260626-t8-20261006T122249Z/stderr/1-batch-pe-warm.txt
ak2: [2026-10-06T13:30:57Z] pushed out/loadbench-k2_standard_08_GB_20260626-t8-20261006T122249Z/stderr/1-fill-empty-cold.txt
ak2: [2026-10-06T13:30:57Z] pushed out/loadbench-k2_standard_08_GB_20260626-t8-20261006T122249Z/stderr/1-fill-empty-warm.txt
ak2: [2026-10-06T13:30:58Z] pushed out/loadbench-k2_standard_08_GB_20260626-t8-20261006T122249Z/stderr/1-fill-pe-cold.txt
ak2: [2026-10-06T13:30:58Z] pushed out/loadbench-k2_standard_08_GB_20260626-t8-20261006T122249Z/stderr/1-fill-pe-warm.txt
ak2: [2026-10-06T13:30:59Z] pushed out/loadbench-k2_standard_08_GB_20260626-t8-20261006T122249Z/stderr/1-final-empty-cold.txt
ak2: [2026-10-06T13:30:59Z] pushed out/loadbench-k2_standard_08_GB_20260626-t8-20261006T122249Z/stderr/1-final-empty-warm.txt
ak2: [2026-10-06T13:31:00Z] pushed out/loadbench-k2_standard_08_GB_20260626-t8-20261006T122249Z/stderr/1-final-pe-cold.txt
ak2: [2026-10-06T13:31:00Z] pushed out/loadbench-k2_standard_08_GB_20260626-t8-20261006T122249Z/stderr/1-final-pe-warm.txt
ak2: [2026-10-06T13:31:01Z] pushed out/loadbench-k2_standard_08_GB_20260626-t8-20261006T122249Z/stderr/1-matesize-empty-cold.txt
ak2: [2026-10-06T13:31:01Z] pushed out/loadbench-k2_standard_08_GB_20260626-t8-20261006T122249Z/stderr/1-matesize-empty-warm.txt
ak2: [2026-10-06T13:31:02Z] pushed out/loadbench-k2_standard_08_GB_20260626-t8-20261006T122249Z/stderr/1-matesize-pe-cold.txt
ak2: [2026-10-06T13:31:02Z] pushed out/loadbench-k2_standard_08_GB_20260626-t8-20261006T122249Z/stderr/1-matesize-pe-warm.txt
ak2: [2026-10-06T13:31:03Z] pushed out/loadbench-k2_standard_08_GB_20260626-t8-20261006T122249Z/stderr/1-rc-empty-cold.txt
ak2: [2026-10-06T13:31:03Z] pushed out/loadbench-k2_standard_08_GB_20260626-t8-20261006T122249Z/stderr/1-rc-empty-warm.txt
ak2: [2026-10-06T13:31:04Z] pushed out/loadbench-k2_standard_08_GB_20260626-t8-20261006T122249Z/stderr/1-rc-pe-cold.txt
ak2: [2026-10-06T13:31:04Z] pushed out/loadbench-k2_standard_08_GB_20260626-t8-20261006T122249Z/stderr/1-rc-pe-warm.txt
ak2: [2026-10-06T13:31:04Z] pushed out/loadbench-k2_standard_08_GB_20260626-t8-20261006T122249Z/stderr/1-recycle-empty-cold.txt
ak2: [2026-10-06T13:31:05Z] pushed out/loadbench-k2_standard_08_GB_20260626-t8-20261006T122249Z/stderr/1-recycle-empty-warm.txt
ak2: [2026-10-06T13:31:05Z] pushed out/loadbench-k2_standard_08_GB_20260626-t8-20261006T122249Z/stderr/1-recycle-pe-cold.txt
ak2: [2026-10-06T13:31:06Z] pushed out/loadbench-k2_standard_08_GB_20260626-t8-20261006T122249Z/stderr/1-recycle-pe-warm.txt
ak2: [2026-10-06T13:31:06Z] pushed out/loadbench-k2_standard_08_GB_20260626-t8-20261006T122249Z/stderr/1-scan-empty-cold.txt
ak2: [2026-10-06T13:31:07Z] pushed out/loadbench-k2_standard_08_GB_20260626-t8-20261006T122249Z/stderr/1-scan-empty-warm.txt
ak2: [2026-10-06T13:31:07Z] pushed out/loadbench-k2_standard_08_GB_20260626-t8-20261006T122249Z/stderr/1-scan-pe-cold.txt
ak2: [2026-10-06T13:31:08Z] pushed out/loadbench-k2_standard_08_GB_20260626-t8-20261006T122249Z/stderr/1-scan-pe-warm.txt
ak2: [2026-10-06T13:31:08Z] pushed out/loadbench-k2_standard_08_GB_20260626-t8-20261006T122249Z/stderr/1-thp-empty-cold.txt
ak2: [2026-10-06T13:31:09Z] pushed out/loadbench-k2_standard_08_GB_20260626-t8-20261006T122249Z/stderr/1-thp-empty-warm.txt
ak2: [2026-10-06T13:31:09Z] pushed out/loadbench-k2_standard_08_GB_20260626-t8-20261006T122249Z/stderr/1-thp-pe-cold.txt
ak2: [2026-10-06T13:31:10Z] pushed out/loadbench-k2_standard_08_GB_20260626-t8-20261006T122249Z/stderr/1-thp-pe-warm.txt
ak2: [2026-10-06T13:31:10Z] pushed out/loadbench-k2_standard_08_GB_20260626-t8-20261006T122249Z/stderr/1-upstream-empty-cold.txt
ak2: [2026-10-06T13:31:11Z] pushed out/loadbench-k2_standard_08_GB_20260626-t8-20261006T122249Z/stderr/1-upstream-empty-warm.txt
ak2: [2026-10-06T13:31:11Z] pushed out/loadbench-k2_standard_08_GB_20260626-t8-20261006T122249Z/stderr/1-upstream-pe-cold.txt
ak2: [2026-10-06T13:31:12Z] pushed out/loadbench-k2_standard_08_GB_20260626-t8-20261006T122249Z/stderr/1-upstream-pe-warm.txt
ak2: [2026-10-06T13:31:12Z] pushed out/loadbench-k2_standard_08_GB_20260626-t8-20261006T122249Z/stderr/2-base-empty-cold.txt
ak2: [2026-10-06T13:31:13Z] pushed out/loadbench-k2_standard_08_GB_20260626-t8-20261006T122249Z/stderr/2-base-empty-warm.txt
ak2: [2026-10-06T13:31:13Z] pushed out/loadbench-k2_standard_08_GB_20260626-t8-20261006T122249Z/stderr/2-base-pe-cold.txt
ak2: [2026-10-06T13:31:13Z] pushed out/loadbench-k2_standard_08_GB_20260626-t8-20261006T122249Z/stderr/2-base-pe-warm.txt
ak2: [2026-10-06T13:31:14Z] pushed out/loadbench-k2_standard_08_GB_20260626-t8-20261006T122249Z/stderr/2-batch-empty-cold.txt
ak2: [2026-10-06T13:31:14Z] pushed out/loadbench-k2_standard_08_GB_20260626-t8-20261006T122249Z/stderr/2-batch-empty-warm.txt
ak2: [2026-10-06T13:31:15Z] pushed out/loadbench-k2_standard_08_GB_20260626-t8-20261006T122249Z/stderr/2-batch-pe-cold.txt
ak2: [2026-10-06T13:31:15Z] pushed out/loadbench-k2_standard_08_GB_20260626-t8-20261006T122249Z/stderr/2-batch-pe-warm.txt
ak2: [2026-10-06T13:31:16Z] pushed out/loadbench-k2_standard_08_GB_20260626-t8-20261006T122249Z/stderr/2-fill-empty-cold.txt
ak2: [2026-10-06T13:31:16Z] pushed out/loadbench-k2_standard_08_GB_20260626-t8-20261006T122249Z/stderr/2-fill-empty-warm.txt
ak2: [2026-10-06T13:31:17Z] pushed out/loadbench-k2_standard_08_GB_20260626-t8-20261006T122249Z/stderr/2-fill-pe-cold.txt
ak2: [2026-10-06T13:31:17Z] pushed out/loadbench-k2_standard_08_GB_20260626-t8-20261006T122249Z/stderr/2-fill-pe-warm.txt
ak2: [2026-10-06T13:31:18Z] pushed out/loadbench-k2_standard_08_GB_20260626-t8-20261006T122249Z/stderr/2-final-empty-cold.txt
ak2: [2026-10-06T13:31:18Z] pushed out/loadbench-k2_standard_08_GB_20260626-t8-20261006T122249Z/stderr/2-final-empty-warm.txt
ak2: [2026-10-06T13:31:19Z] pushed out/loadbench-k2_standard_08_GB_20260626-t8-20261006T122249Z/stderr/2-final-pe-cold.txt
ak2: [2026-10-06T13:31:19Z] pushed out/loadbench-k2_standard_08_GB_20260626-t8-20261006T122249Z/stderr/2-final-pe-warm.txt
ak2: [2026-10-06T13:31:20Z] pushed out/loadbench-k2_standard_08_GB_20260626-t8-20261006T122249Z/stderr/2-matesize-empty-cold.txt
ak2: [2026-10-06T13:31:20Z] pushed out/loadbench-k2_standard_08_GB_20260626-t8-20261006T122249Z/stderr/2-matesize-empty-warm.txt
ak2: [2026-10-06T13:31:21Z] pushed out/loadbench-k2_standard_08_GB_20260626-t8-20261006T122249Z/stderr/2-matesize-pe-cold.txt
ak2: [2026-10-06T13:31:21Z] pushed out/loadbench-k2_standard_08_GB_20260626-t8-20261006T122249Z/stderr/2-matesize-pe-warm.txt
ak2: [2026-10-06T13:31:22Z] pushed out/loadbench-k2_standard_08_GB_20260626-t8-20261006T122249Z/stderr/2-rc-empty-cold.txt
ak2: [2026-10-06T13:31:22Z] pushed out/loadbench-k2_standard_08_GB_20260626-t8-20261006T122249Z/stderr/2-rc-empty-warm.txt
ak2: [2026-10-06T13:31:23Z] pushed out/loadbench-k2_standard_08_GB_20260626-t8-20261006T122249Z/stderr/2-rc-pe-cold.txt
ak2: [2026-10-06T13:31:23Z] pushed out/loadbench-k2_standard_08_GB_20260626-t8-20261006T122249Z/stderr/2-rc-pe-warm.txt
ak2: [2026-10-06T13:31:24Z] pushed out/loadbench-k2_standard_08_GB_20260626-t8-20261006T122249Z/stderr/2-recycle-empty-cold.txt
ak2: [2026-10-06T13:31:24Z] pushed out/loadbench-k2_standard_08_GB_20260626-t8-20261006T122249Z/stderr/2-recycle-empty-warm.txt
ak2: [2026-10-06T13:31:24Z] pushed out/loadbench-k2_standard_08_GB_20260626-t8-20261006T122249Z/stderr/2-recycle-pe-cold.txt
ak2: [2026-10-06T13:31:25Z] pushed out/loadbench-k2_standard_08_GB_20260626-t8-20261006T122249Z/stderr/2-recycle-pe-warm.txt
ak2: [2026-10-06T13:31:25Z] pushed out/loadbench-k2_standard_08_GB_20260626-t8-20261006T122249Z/stderr/2-scan-empty-cold.txt
ak2: [2026-10-06T13:31:26Z] pushed out/loadbench-k2_standard_08_GB_20260626-t8-20261006T122249Z/stderr/2-scan-empty-warm.txt
ak2: [2026-10-06T13:31:26Z] pushed out/loadbench-k2_standard_08_GB_20260626-t8-20261006T122249Z/stderr/2-scan-pe-cold.txt
ak2: [2026-10-06T13:31:27Z] pushed out/loadbench-k2_standard_08_GB_20260626-t8-20261006T122249Z/stderr/2-scan-pe-warm.txt
ak2: [2026-10-06T13:31:27Z] pushed out/loadbench-k2_standard_08_GB_20260626-t8-20261006T122249Z/stderr/2-thp-empty-cold.txt
ak2: [2026-10-06T13:31:28Z] pushed out/loadbench-k2_standard_08_GB_20260626-t8-20261006T122249Z/stderr/2-thp-empty-warm.txt
ak2: [2026-10-06T13:31:28Z] pushed out/loadbench-k2_standard_08_GB_20260626-t8-20261006T122249Z/stderr/2-thp-pe-cold.txt
ak2: [2026-10-06T13:31:29Z] pushed out/loadbench-k2_standard_08_GB_20260626-t8-20261006T122249Z/stderr/2-thp-pe-warm.txt
ak2: [2026-10-06T13:31:29Z] pushed out/loadbench-k2_standard_08_GB_20260626-t8-20261006T122249Z/stderr/2-upstream-empty-cold.txt
ak2: [2026-10-06T13:31:30Z] pushed out/loadbench-k2_standard_08_GB_20260626-t8-20261006T122249Z/stderr/2-upstream-empty-warm.txt
ak2: [2026-10-06T13:31:30Z] pushed out/loadbench-k2_standard_08_GB_20260626-t8-20261006T122249Z/stderr/2-upstream-pe-cold.txt
ak2: [2026-10-06T13:31:31Z] pushed out/loadbench-k2_standard_08_GB_20260626-t8-20261006T122249Z/stderr/2-upstream-pe-warm.txt
ak2: [2026-10-06T13:31:31Z] pushed out/loadbench-k2_standard_08_GB_20260626-t8-20261006T122249Z/stderr/3-base-empty-cold.txt
ak2: [2026-10-06T13:31:32Z] pushed out/loadbench-k2_standard_08_GB_20260626-t8-20261006T122249Z/stderr/3-base-empty-warm.txt
ak2: [2026-10-06T13:31:32Z] pushed out/loadbench-k2_standard_08_GB_20260626-t8-20261006T122249Z/stderr/3-base-pe-cold.txt
ak2: [2026-10-06T13:31:33Z] pushed out/loadbench-k2_standard_08_GB_20260626-t8-20261006T122249Z/stderr/3-base-pe-warm.txt
ak2: [2026-10-06T13:31:33Z] pushed out/loadbench-k2_standard_08_GB_20260626-t8-20261006T122249Z/stderr/3-batch-empty-cold.txt
ak2: [2026-10-06T13:31:33Z] pushed out/loadbench-k2_standard_08_GB_20260626-t8-20261006T122249Z/stderr/3-batch-empty-warm.txt
ak2: [2026-10-06T13:31:34Z] pushed out/loadbench-k2_standard_08_GB_20260626-t8-20261006T122249Z/stderr/3-batch-pe-cold.txt
ak2: [2026-10-06T13:31:34Z] pushed out/loadbench-k2_standard_08_GB_20260626-t8-20261006T122249Z/stderr/3-batch-pe-warm.txt
ak2: [2026-10-06T13:31:35Z] pushed out/loadbench-k2_standard_08_GB_20260626-t8-20261006T122249Z/stderr/3-fill-empty-cold.txt
ak2: [2026-10-06T13:31:35Z] pushed out/loadbench-k2_standard_08_GB_20260626-t8-20261006T122249Z/stderr/3-fill-empty-warm.txt
ak2: [2026-10-06T13:31:36Z] pushed out/loadbench-k2_standard_08_GB_20260626-t8-20261006T122249Z/stderr/3-fill-pe-cold.txt
ak2: [2026-10-06T13:31:36Z] pushed out/loadbench-k2_standard_08_GB_20260626-t8-20261006T122249Z/stderr/3-fill-pe-warm.txt
ak2: [2026-10-06T13:31:37Z] pushed out/loadbench-k2_standard_08_GB_20260626-t8-20261006T122249Z/stderr/3-final-empty-cold.txt
ak2: [2026-10-06T13:31:37Z] pushed out/loadbench-k2_standard_08_GB_20260626-t8-20261006T122249Z/stderr/3-final-empty-warm.txt
ak2: [2026-10-06T13:31:38Z] pushed out/loadbench-k2_standard_08_GB_20260626-t8-20261006T122249Z/stderr/3-final-pe-cold.txt
ak2: [2026-10-06T13:31:38Z] pushed out/loadbench-k2_standard_08_GB_20260626-t8-20261006T122249Z/stderr/3-final-pe-warm.txt
ak2: [2026-10-06T13:31:39Z] pushed out/loadbench-k2_standard_08_GB_20260626-t8-20261006T122249Z/stderr/3-matesize-empty-cold.txt
ak2: [2026-10-06T13:31:39Z] pushed out/loadbench-k2_standard_08_GB_20260626-t8-20261006T122249Z/stderr/3-matesize-empty-warm.txt
ak2: [2026-10-06T13:31:40Z] pushed out/loadbench-k2_standard_08_GB_20260626-t8-20261006T122249Z/stderr/3-matesize-pe-cold.txt
ak2: [2026-10-06T13:31:40Z] pushed out/loadbench-k2_standard_08_GB_20260626-t8-20261006T122249Z/stderr/3-matesize-pe-warm.txt
ak2: [2026-10-06T13:31:41Z] pushed out/loadbench-k2_standard_08_GB_20260626-t8-20261006T122249Z/stderr/3-rc-empty-cold.txt
ak2: [2026-10-06T13:31:41Z] pushed out/loadbench-k2_standard_08_GB_20260626-t8-20261006T122249Z/stderr/3-rc-empty-warm.txt
ak2: [2026-10-06T13:31:42Z] pushed out/loadbench-k2_standard_08_GB_20260626-t8-20261006T122249Z/stderr/3-rc-pe-cold.txt
ak2: [2026-10-06T13:31:42Z] pushed out/loadbench-k2_standard_08_GB_20260626-t8-20261006T122249Z/stderr/3-rc-pe-warm.txt
ak2: [2026-10-06T13:31:42Z] pushed out/loadbench-k2_standard_08_GB_20260626-t8-20261006T122249Z/stderr/3-recycle-empty-cold.txt
ak2: [2026-10-06T13:31:43Z] pushed out/loadbench-k2_standard_08_GB_20260626-t8-20261006T122249Z/stderr/3-recycle-empty-warm.txt
ak2: [2026-10-06T13:31:43Z] pushed out/loadbench-k2_standard_08_GB_20260626-t8-20261006T122249Z/stderr/3-recycle-pe-cold.txt
ak2: [2026-10-06T13:31:44Z] pushed out/loadbench-k2_standard_08_GB_20260626-t8-20261006T122249Z/stderr/3-recycle-pe-warm.txt
ak2: [2026-10-06T13:31:44Z] pushed out/loadbench-k2_standard_08_GB_20260626-t8-20261006T122249Z/stderr/3-scan-empty-cold.txt
ak2: [2026-10-06T13:31:45Z] pushed out/loadbench-k2_standard_08_GB_20260626-t8-20261006T122249Z/stderr/3-scan-empty-warm.txt
ak2: [2026-10-06T13:31:45Z] pushed out/loadbench-k2_standard_08_GB_20260626-t8-20261006T122249Z/stderr/3-scan-pe-cold.txt
ak2: [2026-10-06T13:31:46Z] pushed out/loadbench-k2_standard_08_GB_20260626-t8-20261006T122249Z/stderr/3-scan-pe-warm.txt
ak2: [2026-10-06T13:31:46Z] pushed out/loadbench-k2_standard_08_GB_20260626-t8-20261006T122249Z/stderr/3-thp-empty-cold.txt
ak2: [2026-10-06T13:31:47Z] pushed out/loadbench-k2_standard_08_GB_20260626-t8-20261006T122249Z/stderr/3-thp-empty-warm.txt
ak2: [2026-10-06T13:31:47Z] pushed out/loadbench-k2_standard_08_GB_20260626-t8-20261006T122249Z/stderr/3-thp-pe-cold.txt
ak2: [2026-10-06T13:31:48Z] pushed out/loadbench-k2_standard_08_GB_20260626-t8-20261006T122249Z/stderr/3-thp-pe-warm.txt
ak2: [2026-10-06T13:31:48Z] pushed out/loadbench-k2_standard_08_GB_20260626-t8-20261006T122249Z/stderr/3-upstream-empty-cold.txt
ak2: [2026-10-06T13:31:49Z] pushed out/loadbench-k2_standard_08_GB_20260626-t8-20261006T122249Z/stderr/3-upstream-empty-warm.txt
ak2: [2026-10-06T13:31:49Z] pushed out/loadbench-k2_standard_08_GB_20260626-t8-20261006T122249Z/stderr/3-upstream-pe-cold.txt
ak2: [2026-10-06T13:31:50Z] pushed out/loadbench-k2_standard_08_GB_20260626-t8-20261006T122249Z/stderr/3-upstream-pe-warm.txt
ak2: [2026-10-06T13:31:50Z] pushed out/loadbench-k2_standard_08_GB_20260626-t8-20261006T122249Z/profile/gctrace-base-pe-cold.txt
ak2: [2026-10-06T13:31:51Z] pushed out/loadbench-k2_standard_08_GB_20260626-t8-20261006T122249Z/profile/gctrace-base-pe-warm.txt
ak2: [2026-10-06T13:31:51Z] pushed out/loadbench-k2_standard_08_GB_20260626-t8-20261006T122249Z/profile/gctrace-final-pe-cold.txt
ak2: [2026-10-06T13:31:52Z] pushed out/loadbench-k2_standard_08_GB_20260626-t8-20261006T122249Z/profile/gctrace-final-pe-warm.txt
ak2: [2026-10-06T13:31:52Z] pushed out/loadbench-k2_standard_08_GB_20260626-t8-20261006T122249Z/profile/perf-base-pe-cold.csv
ak2: [2026-10-06T13:31:52Z] pushed out/loadbench-k2_standard_08_GB_20260626-t8-20261006T122249Z/profile/perf-base-pe-cold.stderr
ak2: [2026-10-06T13:31:53Z] pushed out/loadbench-k2_standard_08_GB_20260626-t8-20261006T122249Z/profile/perf-base-pe-warm.csv
ak2: [2026-10-06T13:31:53Z] pushed out/loadbench-k2_standard_08_GB_20260626-t8-20261006T122249Z/profile/perf-base-pe-warm.stderr
ak2: [2026-10-06T13:31:54Z] pushed out/loadbench-k2_standard_08_GB_20260626-t8-20261006T122249Z/profile/perf-final-pe-cold.csv
ak2: [2026-10-06T13:31:54Z] pushed out/loadbench-k2_standard_08_GB_20260626-t8-20261006T122249Z/profile/perf-final-pe-cold.stderr
ak2: [2026-10-06T13:31:55Z] pushed out/loadbench-k2_standard_08_GB_20260626-t8-20261006T122249Z/profile/perf-final-pe-warm.csv
ak2: [2026-10-06T13:31:55Z] pushed out/loadbench-k2_standard_08_GB_20260626-t8-20261006T122249Z/profile/perf-final-pe-warm.stderr
ak2: [2026-10-06T13:31:56Z] pushed out/loadbench-k2_standard_08_GB_20260626-t8-20261006T122249Z/profile/perf-upstream-pe-cold.csv
ak2: [2026-10-06T13:31:56Z] pushed out/loadbench-k2_standard_08_GB_20260626-t8-20261006T122249Z/profile/perf-upstream-pe-cold.stderr
ak2: [2026-10-06T13:31:57Z] pushed out/loadbench-k2_standard_08_GB_20260626-t8-20261006T122249Z/profile/perf-upstream-pe-warm.csv
ak2: [2026-10-06T13:31:57Z] pushed out/loadbench-k2_standard_08_GB_20260626-t8-20261006T122249Z/profile/perf-upstream-pe-warm.stderr
ak2: [2026-10-06T13:31:58Z] pushed out/loadbench-k2_standard_08_GB_20260626-t8-20261006T122249Z/profile/pprof-base-pe-cold.cpu
ak2: [2026-10-06T13:31:58Z] pushed out/loadbench-k2_standard_08_GB_20260626-t8-20261006T122249Z/profile/pprof-base-pe-cold.top.txt
ak2: [2026-10-06T13:31:59Z] pushed out/loadbench-k2_standard_08_GB_20260626-t8-20261006T122249Z/profile/pprof-base-pe-warm.cpu
ak2: [2026-10-06T13:31:59Z] pushed out/loadbench-k2_standard_08_GB_20260626-t8-20261006T122249Z/profile/pprof-base-pe-warm.top.txt
ak2: [2026-10-06T13:32:00Z] pushed out/loadbench-k2_standard_08_GB_20260626-t8-20261006T122249Z/profile/pprof-final-pe-cold.cpu
ak2: [2026-10-06T13:32:00Z] pushed out/loadbench-k2_standard_08_GB_20260626-t8-20261006T122249Z/profile/pprof-final-pe-cold.top.txt
ak2: [2026-10-06T13:32:01Z] pushed out/loadbench-k2_standard_08_GB_20260626-t8-20261006T122249Z/profile/pprof-final-pe-warm.cpu
ak2: [2026-10-06T13:32:01Z] pushed out/loadbench-k2_standard_08_GB_20260626-t8-20261006T122249Z/profile/pprof-final-pe-warm.top.txt
results: results/g2/loadbench-k2_standard_08_GB_20260626-t8-20261006T122249Z
ak2: [2026-10-06T13:32:01Z] loadbench rc=0
ak2-phase	2026-10-06T13:32:01Z	1791293521	push	no
ak2: [2026-10-06T13:32:01Z] spec body exit rc=0
ak2-phase	2026-10-06T13:32:01Z	1791293521	end	no
