ak2: log tee up
ak2-phase	2026-10-08T04:02:11Z	1791432131	preamble	no
ak2: [2026-10-08T04:02:11Z] inherited $-=hBc (stub, as spawn started it: $-=hBc)
ak2: [2026-10-08T04:02:11Z] after set +e $-=hBc
ak2: [2026-10-08T04:02:11Z] gate=g3 run=20261008-040133-ad4af00-18db-n8-r3
ak2: [2026-10-08T04:02:11Z] aws shim installed and self-tested (/tmp/ak2-bin/aws -> /usr/bin/aws)
ak2: [2026-10-08T04:02:11Z] imds region=us-west-2 az=us-west-2a instance=i-0e8ffe47b9c195fc6 type=c8g.large ami=ami-09325776a00699513
ak2: [2026-10-08T04:02:11Z] bucket aws-kraken2-942542972736-us-west-2 region=us-west-2
ak2: [2026-10-08T04:02:12Z] bucket aws-kraken2-942542972736-us-west-2 payer=UNKNOWN
ak2: [2026-10-08T04:02:12Z] WARN: could not read Payer of aws-kraken2-942542972736-us-west-2 from the instance (launch host verified it)
ak2: [2026-10-08T04:02:12Z] region assert passed
ak2: [2026-10-08T04:02:12Z] drop_caches_ok=true
ak2: [2026-10-08T04:02:13Z] preamble done; spec body starts
ak2-phase	2026-10-08T04:02:13Z	1791432133	body	no
ak2-phase	2026-10-08T04:02:13Z	1791432133	setup	no
ak2: [2026-10-08T04:02:33Z] checkout ad4af00; nproc 2; disk /dev/nvme0n1p1 40G 2.4G 38G 6% /; slice 3 of 8, ranks 11..1000
ak2-phase	2026-10-08T04:02:33Z	1791432153	stage	no
stage-cohort: shell flags huB (on instance: 1)
stage-cohort: ranks 11..1000, every 8th from offset 3; 6 files at once, 4 ranges each
stage-cohort: SRR5935769_2.fastq.gz staged (538575210 bytes, md5 7464db5d3b565aa449bbf4e5c73f3f99, sha256 acde42fc2b418717d71b8d7118fa44c93b5323d213cf70d1b892afe039c6856f) at 2026-10-08T04:04:45Z
stage-cohort: SRR5935761_2.fastq.gz staged (684367420 bytes, md5 e7921ced7c5487c49fe16e3bfc9da762, sha256 13133a1662974a8ef8d6f0aae100276586094bd4e9512fc97699eb9e6166c682) at 2026-10-08T04:04:56Z
stage-cohort: SRR5935761_1.fastq.gz staged (681907443 bytes, md5 6c609d32ca393a44f664717b9d4b6cde, sha256 f18c510c99c7e2526a32ef969d939e7e8ee940778d45736054af0db419d63eb7) at 2026-10-08T04:05:06Z
stage-cohort: SRR5935753_1.fastq.gz staged (669107924 bytes, md5 be8fdd934e5de8a17b8a09ccca8f9e6e, sha256 c233e74d749d7966259f7f97f20d874093e3e3750fbf71c5a48a0145b6fbd7b5) at 2026-10-08T04:05:19Z
stage-cohort: SRR5935753_2.fastq.gz staged (676211798 bytes, md5 8784706ab2a8fa5efbc440072a98c5c4, sha256 197c86248414e664ba8823476e7e71776770d6445c93327e877add01cab1d5de) at 2026-10-08T04:05:24Z
stage-cohort: SRR5935793_1.fastq.gz staged (85603994 bytes, md5 eca095851ff7adfe772e7676edf942bc, sha256 8b47a1a6a21bed336d59bb5538907ffc14dbbd8684b5e57c00ac8c930ce62950) at 2026-10-08T04:05:49Z
stage-cohort: SRR5935769_1.fastq.gz staged (544844668 bytes, md5 8ab45cdaaa1f70aa675b310060e4e25a, sha256 2d8f60da27dbae571153e155084e17e26fdf73d9b27151961cb483717d1e9d33) at 2026-10-08T04:06:02Z
stage-cohort: SRR5935793_2.fastq.gz staged (85828016 bytes, md5 2287d4ee9f1d6ee80440c4903d58d94d, sha256 1f3e8e6ddde1437355512f45d53afc372efefe9175145ba85a6151a0fefba2a5) at 2026-10-08T04:06:17Z
stage-cohort: SRR5935777_2.fastq.gz staged (402570015 bytes, md5 eb972e35b7c503044542008fd0246ca2, sha256 3a960910c2d47da6d1e25efe38b45becd34899aa993af54480a265ccc42db356) at 2026-10-08T04:06:31Z
stage-cohort: SRR5935809_1.fastq.gz staged (76170029 bytes, md5 ea5891c1bbac6d6ab76fd638e8489834, sha256 4c3f65a1a5858b750b7af3f8a7d9100ba9878d00bcb63bd98b33ac8f53cbd582) at 2026-10-08T04:06:55Z
stage-cohort: SRR5935777_1.fastq.gz staged (399147758 bytes, md5 cf02a6edab08fd3d707f99e476240016, sha256 ac587a5d152c63eed3607a1c589595cc3bff2dbafd4d0bff0b92406d72dc9ca3) at 2026-10-08T04:06:58Z
stage-cohort: SRR5935809_2.fastq.gz staged (76827920 bytes, md5 a003279027699fef139d7ba723ad9e29, sha256 718131b95eb9e7044c5f1ba9cb3f03a7b75d4a26065bfe19c559184aed4dc709) at 2026-10-08T04:07:18Z
stage-cohort: SRR5935785_1.fastq.gz staged (668920970 bytes, md5 c9b2b05e01c1a5f637e1914148cc0815, sha256 758bbb3b0602d906c4e45b4514c92547f6ba8d3bec561c436021f181c84761ea) at 2026-10-08T04:07:47Z
stage-cohort: SRR5935785_2.fastq.gz staged (667648176 bytes, md5 173212b18c840c7aa460f68d6df06073, sha256 00c018819384e354e0eded3fd4a9ea3c771a458b03358086925c6fc763a05fab) at 2026-10-08T04:07:59Z
stage-cohort: SRR5935801_1.fastq.gz staged (626604569 bytes, md5 83dd527fb465ba2ac90d6611095b3e05, sha256 c6e1358350ad593c5eac9006b0bb7b3902f8cadd9037b435b5a6459995ed5b16) at 2026-10-08T04:08:35Z
stage-cohort: SRR5935801_2.fastq.gz staged (635725992 bytes, md5 9deabea2772703319c0fe4ec48f42724, sha256 2d5bba091fe8b378845d5567a6d655f5e69ff8898c8bd34bc6f4317492574eb0) at 2026-10-08T04:08:57Z
stage-cohort: SRR5935817_1.fastq.gz staged (677516757 bytes, md5 5487610a70872a141d603102aee696a6, sha256 d0f0df6f37cd27d10ee69f54526c0ef38f0336f0678e776e17d1dbc21510237b) at 2026-10-08T04:09:38Z
stage-cohort: SRR5935817_2.fastq.gz staged (680780667 bytes, md5 5bae31987416f2283a7c7d9f9c5c0672, sha256 5ee9dc1b3fd07d6d6016364036d0bd672f978c833c4d9812f25fcce89517bc77) at 2026-10-08T04:09:55Z
stage-cohort: SRR5935825_1.fastq.gz staged (548823805 bytes, md5 cd633ca5d5ec3ae634429e2bb001cd1d, sha256 ea0e5b1d550212caabadd5a280b409d4d8e734b0d559e248b5823e00b0d920cc) at 2026-10-08T04:10:04Z
stage-cohort: SRR5935825_2.fastq.gz staged (541777765 bytes, md5 c4bd17b6f5a245f4ad9904a42c33d00f, sha256 72f4a3e9a607d8decd00917306f2c560dc5e0e17e384864c67d8d2bffa4ddc87) at 2026-10-08T04:10:09Z
stage-cohort: SRR5935833_1.fastq.gz staged (616434895 bytes, md5 e9b02756bed3df14f1202255c48b9018, sha256 df1fd05783c71d439bac89f652acc2444c41573a5c819d5fdb9f69e0af288e1b) at 2026-10-08T04:10:57Z
stage-cohort: SRR5935833_2.fastq.gz staged (613799259 bytes, md5 a7721b92cfbc6c6d076fca5a25f1404b, sha256 0c88ff92166d4bc61b3c1f2e3298c7d9e3c5ccafefb8a2fb0e475ef0f1dae713) at 2026-10-08T04:11:20Z
stage-cohort: SRR5935841_1.fastq.gz staged (532028907 bytes, md5 1855692d9f187386b3661eda34478bd7, sha256 b3f665e89f0d49835e93ec557eacaaad0c240a4d70cdb2d54a4aff0eccb776a5) at 2026-10-08T04:11:37Z
stage-cohort: SRR5935841_2.fastq.gz staged (534693891 bytes, md5 5aac7307bf2dfce4c3c9208b5f2b6158, sha256 628930db93e2bc73419d2135ccd37833db476924e2d655ffe866ca460358726d) at 2026-10-08T04:12:28Z
stage-cohort: SRR5935857_1.fastq.gz staged (586828027 bytes, md5 f8a322c4b6a80b0467fc3d22a92fffa8, sha256 4c215c1c68b2b1165503f8396d7ead22967be95d97a525b360e957d0bb3a7387) at 2026-10-08T04:13:28Z
stage-cohort: SRR5935849_2.fastq.gz staged (909337304 bytes, md5 b06dfffef28c3e0ace2d646520cb6015, sha256 30ddb11370ea7884e7f64b574de400c0efd630690974d666e34d86eb9ef4d27d) at 2026-10-08T04:13:38Z
stage-cohort: SRR5935857_2.fastq.gz staged (577769129 bytes, md5 e8a9219d859f968432d4910f6944c132, sha256 5e2d50df489576d8640334db82a64f0b03eac2526d804d98e0439b94c9ca9470) at 2026-10-08T04:13:43Z
stage-cohort: SRR5935849_1.fastq.gz staged (915274029 bytes, md5 714379138964ad2afd35eda2d203401e, sha256 4b7d5be361e7e33b0ce44451014bfdfb256e4870f26d4624b3161e7069b09665) at 2026-10-08T04:13:50Z
stage-cohort: SRR5935865_2.fastq.gz staged (371472829 bytes, md5 ff4035dda4a2f80e1eb4cfc49c3e3efc, sha256 ae6196214fde65b8969c75dea8ae04c870a7e071d81066ba18abae39887e9b9b) at 2026-10-08T04:14:11Z
stage-cohort: SRR5935865_1.fastq.gz md5 d632ca62c11852925a2c50aa118355c1, ENA says 9c14853818f118b1fe34bac7a07d5321
stage-cohort: SRR5935873_1.fastq.gz staged (620468227 bytes, md5 566a2d2fc1af2f1d8ecc165aea5eafcf, sha256 451f8c0a82fa861528e7d55fc0e82757cfc697267d1054d4d34b17ffc7d44c52) at 2026-10-08T04:16:01Z
stage-cohort: SRR5935873_2.fastq.gz staged (621308541 bytes, md5 29de626c27633431685f9dbf1aa0cb42, sha256 0de27c5fcfbff81003769f564685050ffa4983b7ace8c6a1ea19de9455af8520) at 2026-10-08T04:16:13Z
stage-cohort: SRR5935881_2.fastq.gz staged (624938822 bytes, md5 16df0e77612891011be9bad325b37691, sha256 f1834a6d386117ac64a45a73e13038096b553ca961a3842a1af126126b50b2f2) at 2026-10-08T04:16:19Z
stage-cohort: SRR5935889_1.fastq.gz staged (530483327 bytes, md5 de190cb3212c6c427fc09e93f078ca81, sha256 76d46b12c519a25c4195efd26cda20b7034ed6eaf358d897c2032de412c1ced4) at 2026-10-08T04:16:20Z
stage-cohort: SRR5935889_2.fastq.gz staged (537874761 bytes, md5 48481823ded0b6184bffa4a94cd5989f, sha256 3d80928991e3ac6c26436b36947ae98f78ae6c7d2aaf5b253d1b2d4739bf771c) at 2026-10-08T04:16:29Z
stage-cohort: SRR5935905_2.fastq.gz staged (120302937 bytes, md5 3861f89f1a9d223f8ecec33e0fe704ac, sha256 4a0e4fd8362159320a095b092dc93385b605e08823c714fea1412f63d685e49f) at 2026-10-08T04:16:53Z
stage-cohort: SRR5935881_1.fastq.gz staged (623105775 bytes, md5 d52b281cbffc3280036a22beacb3e150, sha256 410f47955745c7eb7b54d3057e64d5a2d7c53ec8d4028f8d32cd23b9bcaa6218) at 2026-10-08T04:16:54Z
stage-cohort: SRR5935905_1.fastq.gz staged (121863321 bytes, md5 d4dcc8d37ea829153eb4b16d258f6fee, sha256 a645d1decbb7401f8baa927123cdc4185d1e55afc7638ee50e93dd9272679fd0) at 2026-10-08T04:16:56Z
stage-cohort: SRR5935913_1.fastq.gz staged (514287996 bytes, md5 019b41c13491505779188adb5e0642fc, sha256 b2230f2775473acf8977003b5c72e33af36cffa2808311ca3f7efab6ebb912e7) at 2026-10-08T04:18:22Z
stage-cohort: SRR5935921_1.fastq.gz staged (351307598 bytes, md5 12043088b364b66400e53106e531f04d, sha256 23cdf0870026d28b7b6237d26e8a30b7f44b683a91b54ababa46b88c4b462c0d) at 2026-10-08T04:18:24Z
stage-cohort: SRR5935921_2.fastq.gz staged (351745449 bytes, md5 d22ddd66725714ef757369d91934cbf4, sha256 31235bdd07e63fb2c469269409535c633bde5712bb6754cc1b475ae0aef2da6e) at 2026-10-08T04:18:36Z
stage-cohort: SRR5935913_2.fastq.gz staged (519487970 bytes, md5 4d91f3b967fdf6c2573eb156104c6cd8, sha256 ad606950d626a134848953449b2e7de16c0f1e37130dc5a054b5623949f9d9eb) at 2026-10-08T04:19:05Z
stage-cohort: SRR5935897_2.fastq.gz staged (874225662 bytes, md5 d62f2e974eecb9695cce1936f0c2cd5f, sha256 b7297416ad5bf4708f4f7551920150c034f5401e8fa7dccda77d9026a8b32b5b) at 2026-10-08T04:19:35Z
stage-cohort: SRR5935897_1.fastq.gz staged (885320902 bytes, md5 a1ae996b4134e30c8f39d5182a4b5103, sha256 92372ae281639067c8cf9f0cc026a51e67a9a740d21bd484a4d77b2cabb041fe) at 2026-10-08T04:20:38Z
stage-cohort: SRR5935929_2.fastq.gz staged (728868819 bytes, md5 efde332446f69c5e13a0adbf6b5aa7dd, sha256 59b4125abb25014c1fb48061f886fe203aca7c5cda1295689cf47dbd41df4988) at 2026-10-08T04:21:16Z
stage-cohort: SRR5935929_1.fastq.gz staged (739902656 bytes, md5 6283582087bf148da4f223e74e711339, sha256 aa4abd24ae0ab78a3f4d0249eec02d92b96ed21a04d432abb010706f31a1c304) at 2026-10-08T04:21:23Z
stage-cohort: SRR5935937_2.fastq.gz staged (637477873 bytes, md5 e6e71d5edb889221b77859dd9c8c6a83, sha256 4f56ff2dc780f450098174848034dc4a3b15e87c24c338fe92fb137a34666bfe) at 2026-10-08T04:21:53Z
stage-cohort: SRR5935945_1.fastq.gz staged (655145591 bytes, md5 8791a427cec2fbe04b30178f24103933, sha256 8bc047c7757c779b15db25926a9e2d4a0b79755ab877370ff564dabcbe92a749) at 2026-10-08T04:22:13Z
stage-cohort: SRR5935937_1.fastq.gz staged (629458203 bytes, md5 b94589e8b82aace9ed49c0d89b6aae9a, sha256 385aa2e6141cf913e0fd04a97550886999fe04435d57d5c53551e531fb7def38) at 2026-10-08T04:22:27Z
stage-cohort: SRR5935961_1.fastq.gz staged (158117973 bytes, md5 6de0b81cdc35b93bc7747900adf08cab, sha256 150e304c6774045e5037763e77d545c3b62ef8fcd721d9567ce37f9cc9d7b238) at 2026-10-08T04:22:42Z
stage-cohort: SRR5935961_2.fastq.gz staged (157200860 bytes, md5 7f481f0a2aec75f810eea4a513bea3cd, sha256 491f7e49ed06cc458a4f5416ed90057f26ce2d4057d79d696a3ad7feabd7928b) at 2026-10-08T04:22:59Z
stage-cohort: SRR5935945_2.fastq.gz staged (677661987 bytes, md5 dcde15a9a2e6fb05f1d600cc6b63c7f1, sha256 13401f5ede5c6fcfdf06d79664e473b0987246ccedce472035373b8cead2c616) at 2026-10-08T04:23:24Z
stage-cohort: SRR5935953_1.fastq.gz staged (637125466 bytes, md5 4d20b5e132aa23249a633837c50975a8, sha256 3857f23e171549c59a588c60303e9610d55b4d2f14886cfb5895c2b52728aa3a) at 2026-10-08T04:23:49Z
stage-cohort: SRR5935953_2.fastq.gz staged (636250424 bytes, md5 92ad4674b53b55ef023c0ff39a82cf27, sha256 55ea5cce640bdee04d1d2e1a52c32d16107c556b62e6f76d530be0d84c6b8a13) at 2026-10-08T04:24:20Z
stage-cohort: SRR5935969_1.fastq.gz staged (595557180 bytes, md5 79137f8877acf96c04d59569f27bc826, sha256 1a71b78db7f292dfdcb11445b646b8bf8037c9815fe86dbdd7abf6d014b7e363) at 2026-10-08T04:25:03Z
stage-cohort: SRR5935969_2.fastq.gz staged (591841744 bytes, md5 4b62b956d503deb14aec51acff0e0ef2, sha256 5e5c91882fe9e394f987b04c929d5c07f422508cbb52430780043926b07f6ae0) at 2026-10-08T04:25:17Z
stage-cohort: SRR5935977_1.fastq.gz staged (609123418 bytes, md5 c4da7fcb76727415809ef1882c9c6eae, sha256 712071a3a24a90232e3d0450e66e48383f8c732bcf678bfc3d38973884dd56ff) at 2026-10-08T04:25:39Z
stage-cohort: SRR5935977_2.fastq.gz staged (616067913 bytes, md5 e7567223dfb56156c1d06678c85e1477, sha256 38a67ca6f63bd65b6cf464184b3570f81ace431c64a6771369966592955c6d54) at 2026-10-08T04:25:59Z
stage-cohort: SRR5935985_1.fastq.gz staged (702941950 bytes, md5 ce9afeff8ffb15c85242f41b083353e7, sha256 f539d97ccb3dd57561ef84f547f3c4a36f9d3d1cbad311e784da17a26478bc19) at 2026-10-08T04:26:33Z
stage-cohort: SRR5935985_2.fastq.gz staged (706527486 bytes, md5 af0a0c59b4ec09cc2870b7147cc2bb19, sha256 f441a27d871b896b1203568c5dec433ba64a7f0195af0f9fbe6943d9403e0ca4) at 2026-10-08T04:27:14Z
stage-cohort: SRR5935993_2.fastq.gz staged (660417962 bytes, md5 9305c5dd381f78c0c354edc00f668685, sha256 5f67ba951e831a984da01fe784c58bf381c6ebfb1a63d488b7e4b370b0b639fd) at 2026-10-08T04:27:45Z
stage-cohort: SRR5935993_1.fastq.gz staged (647948254 bytes, md5 4b4b1855e227bccf8c83a3dc271a7158, sha256 e5851b897e45e70b77ae4bd23f6ada458247ad044d2edb2660d4c66b9bf03fc3) at 2026-10-08T04:27:54Z
stage-cohort: SRR5936009_1.fastq.gz staged (573259192 bytes, md5 64f9203cbc0f569a3c0e205d811c9270, sha256 65ad757cf1af1055f92cf2248ed7f5e7fcb20b8f835ac1dcf5849947c73e2214) at 2026-10-08T04:28:58Z
stage-cohort: SRR5936001_1.fastq.gz staged (916154271 bytes, md5 c4dc1c4c474164f69d75311a21eed7b2, sha256 9a01541969c358994c780ec566e80623c948182fd0497c3c5a4bbe5e27ef5aa0) at 2026-10-08T04:29:17Z
stage-cohort: SRR5936009_2.fastq.gz staged (561661024 bytes, md5 40622636c3510ca28e7353a520f43624, sha256 8b31fba4972bb6796f6d5f9b0308d20c09392ad9df83c4e98daca9b0ec631daf) at 2026-10-08T04:29:23Z
stage-cohort: SRR5936001_2.fastq.gz staged (914918847 bytes, md5 848b4e851c9dd82182c07304d053601e, sha256 37f2f73cc9a12744b2b7a957f03d71b7ece1b60b9637b40de6d05459a2f3555e) at 2026-10-08T04:29:31Z
stage-cohort: SRR5936017_2.fastq.gz staged (464286200 bytes, md5 159198200fb26526c37df9104a154b57, sha256 86d37fe3d6f3e131b5954444c884e2ab97b802c916a7d13adcee60cdd7fd7dcb) at 2026-10-08T04:29:37Z
stage-cohort: SRR5936017_1.fastq.gz staged (464133891 bytes, md5 4d3e1ace99249a320b82a2e6e01987fa, sha256 576a540d5d353104ff6646a169db4e029edc0db3152fd80c97c4aadc0a755cff) at 2026-10-08T04:29:41Z
stage-cohort: SRR5936025_2.fastq.gz staged (681726511 bytes, md5 6381c2ecf420f687d24300c41f13caa8, sha256 d3a9dee7c100ec7b7fd0a66b162ec4ae24f4fdc1cc515cc0e19ee78cf4d78ce8) at 2026-10-08T04:32:00Z
stage-cohort: SRR5936033_1.fastq.gz staged (725450185 bytes, md5 588fa9053838d762421a8f147151889a, sha256 2248f23e1983c9a8b218072c670385836c3e19a664cb7f0656f416955aac836c) at 2026-10-08T04:32:22Z
stage-cohort: SRR5936025_1.fastq.gz staged (685528454 bytes, md5 4d89c4614e090b8ad7d5486cb7935c23, sha256 d7856719b5533df4f752492baa0da1aa7c9af406c10b7b74dab4fa5a7baedef3) at 2026-10-08T04:32:55Z
stage-cohort: SRR5936041_2.fastq.gz staged (824982822 bytes, md5 88f985f76f5bc12821c2627a009960c0, sha256 25ef9c22866fab8891ca7e01a12a9a66f1687960fb7dce0e9a898b8c317a65e0) at 2026-10-08T04:33:01Z
stage-cohort: SRR5936041_1.fastq.gz staged (828074793 bytes, md5 d351ce342d86b53d0ae4a7258867beee, sha256 c577569a2d049bfa32cf210d7474fb5c808384aff6d78cdc8c72bd3cd38562a1) at 2026-10-08T04:33:26Z
stage-cohort: SRR5936033_2.fastq.gz staged (731254616 bytes, md5 29ee6cb7adcc680c8ca569908bfcc155, sha256 c04bbd56212821a8785b55b1d16eb20bf77706dcb6edc34d9cea7143d044a0c0) at 2026-10-08T04:33:33Z
stage-cohort: SRR5936057_2.fastq.gz staged (216234326 bytes, md5 39ce5d388f3cf9f0e8879040821d3754, sha256 cf8277541e8c652e226f7d8d530eed225cd0dd6e43e2d028de7a180db187a94b) at 2026-10-08T04:34:02Z
stage-cohort: SRR5936057_1.fastq.gz staged (217159555 bytes, md5 1cb43fc98a106ba8930927fc8e71bcbe, sha256 a1de265027bca29744e3be6732c93081dc29f49732f65ff7cebf3a0b982ca623) at 2026-10-08T04:34:45Z
stage-cohort: SRR5936049_1.fastq.gz staged (865091488 bytes, md5 e92c4f1cc6cf9191bd6a381efc9f42b0, sha256 55dbab5a5db62c7f83423a5a8fc8c2c0814527b902d407d1f8bd0a5743f4b250) at 2026-10-08T04:35:25Z
stage-cohort: SRR5936049_2.fastq.gz staged (849460258 bytes, md5 015c291f8bfbbc0606e4f9414ebe68e7, sha256 dd05f68e0686d6a8f2634aa6691f40603a307291406339e06ce1a6c3adb5b534) at 2026-10-08T04:35:33Z
stage-cohort: SRR5936073_1.fastq.gz staged (546510110 bytes, md5 4c220cbe61c5bd992765badfe3e4b78b, sha256 28e7465071e65b782165bc584002c9aaf5ede5d2aebbd54d4b0b2355a8990313) at 2026-10-08T04:36:14Z
stage-cohort: SRR5936065_1.fastq.gz staged (823153566 bytes, md5 3651f60f8350ba596ae36e4d95fdb47e, sha256 d1339e1703de32724531899eca8f9f93f2ba73101e1196519b22a83d890d4f07) at 2026-10-08T04:36:54Z
stage-cohort: SRR5936065_2.fastq.gz staged (819150074 bytes, md5 d257574551001390e984400594c78995, sha256 be333e0d84aa25c762f0ab12e0adae4d41ecfa3424a5c6ae972b00f2cddf28b0) at 2026-10-08T04:37:04Z
stage-cohort: SRR5936073_2.fastq.gz staged (547782973 bytes, md5 6fe77242873fbcb0da75dc1c221ca75c, sha256 ced711f200220ea190625bb2cfaa63e5e513bd97fbbaa18971bda4f24ba6b6f2) at 2026-10-08T04:37:05Z
stage-cohort: SRR5936089_1.fastq.gz staged (234666918 bytes, md5 c68dceae614cba5e3693cbb29dacd74e, sha256 6248274a7c23aaeac68b36783d2973b0f17fc0c31459b794ce417cdd3149346e) at 2026-10-08T04:37:18Z
stage-cohort: SRR5936081_2.fastq.gz staged (560686760 bytes, md5 570c3ebc53d3f4bd666313ba6f118633, sha256 81f46a9e07b25a2b8643716696f1079fef5c97071d7d32b3cabbe43827213b92) at 2026-10-08T04:37:58Z
stage-cohort: SRR5936089_2.fastq.gz staged (233148487 bytes, md5 aa8ce02c7649f1df4e497791a9b3b9e3, sha256 95e2acbe7f3dd9824b7573d7bd85451c148bcdadd7c47d3d308b5a0201a7b590) at 2026-10-08T04:38:02Z
stage-cohort: SRR5936081_1.fastq.gz staged (555476310 bytes, md5 17de629e275b5e41110fc6f8ce503235, sha256 f2b2cdaf0c68ac6556d70d38ae1ad36fadecce01223f185c2cf5ca7653ee0b58) at 2026-10-08T04:38:04Z
stage-cohort: SRR5936097_2.fastq.gz staged (645367106 bytes, md5 b083e705af7f6f6a4cb9654d0e76ab4a, sha256 e0b75d2319f29ed4290044a24ddc34f3f6d2ce04535ddd884e73c245bca9c4cf) at 2026-10-08T04:39:32Z
stage-cohort: SRR5936105_1.fastq.gz staged (533653031 bytes, md5 74cefe621a0277d9e4b1d0669bd2da07, sha256 e6e39ce8ee2cf7963b0e49df32a42272a01245ae2f00f6a169b1e5c11d24da66) at 2026-10-08T04:39:36Z
stage-cohort: SRR5936097_1.fastq.gz staged (631876168 bytes, md5 13bbba14a1e6c652e1e18eb9e52b707a, sha256 e140782a16e8e154f0b1c79d81492df7c1e4a4a6823572b7138dab7de8e2f253) at 2026-10-08T04:39:52Z
stage-cohort: SRR5936113_1.fastq.gz staged (647583217 bytes, md5 127ddf69fa51bc746f567b674e7cc84b, sha256 f2e98a4f2ef24cbe1d9382929a57c79e2efee89ea9a4094aa7c8dd2d3295f12a) at 2026-10-08T04:40:41Z
stage-cohort: SRR5936113_2.fastq.gz staged (644459232 bytes, md5 9ee05c576f92a96334ea8cfcbf3212bd, sha256 cf658b5d98a14495f3c8258b8ec0ce26e8a86a6271f03d00103ea7fc5af251e8) at 2026-10-08T04:41:07Z
stage-cohort: SRR5936105_2.fastq.gz staged (536818624 bytes, md5 599661e7bcca5e6a0a8362cf90ce95fa, sha256 92bd8e8234f5cda29c64a4472862473b7421deedf8622be7c1f80c24ac5da0a3) at 2026-10-08T04:41:10Z
stage-cohort: SRR5936121_2.fastq.gz staged (476765477 bytes, md5 1e2a7951c0397a5063c5c222dbb2a3a8, sha256 7ad7ab1e6be96a110cf293be7577db66a766ffb68e835dbc8454efcbbdd239b4) at 2026-10-08T04:41:39Z
stage-cohort: SRR5936137_1.fastq.gz staged (279775280 bytes, md5 177ab874ea0dd66c68780841a4e883ac, sha256 67111412b907aaf30860789b4ff81503025e515028e690d838aae2ba0b447594) at 2026-10-08T04:42:28Z
stage-cohort: SRR5936121_1.fastq.gz staged (469752030 bytes, md5 c6ff8bbcf54574e0b2b16f632a7ef6ed, sha256 210452e2947e4d1f4e75375e22f8407edfd009b80915ba2f5b8519c621c67a7b) at 2026-10-08T04:42:35Z
stage-cohort: SRR5936129_2.fastq.gz staged (597588902 bytes, md5 381ea2647b9a6927fdd964090c9bd946, sha256 8a4b2bfb51b00219c17b6ed0e23386786e35af23fd34e3c494958208af4d63c3) at 2026-10-08T04:43:04Z
stage-cohort: SRR5936129_1.fastq.gz staged (608557977 bytes, md5 2faee55ee75bef5e820b3acd8b73a1e7, sha256 d28fdcc68be8dc1ef2a5a1168c566792f69bf13e38fc9aa47cf2dba1f323c0df) at 2026-10-08T04:43:17Z
stage-cohort: SRR5936137_2.fastq.gz staged (281128612 bytes, md5 6cd991802fef6c89029d2088bdd8a224, sha256 61d394b3e41a95651760417ad9908c56d4c87edcf0e6239ac82461d3f74660b0) at 2026-10-08T04:43:52Z
stage-cohort: SRR5936153_1.fastq.gz staged (474267322 bytes, md5 aa11cebd0852d9efc8ea1824a13e7069, sha256 e05c8d871664bae25050dde0df7f83d1c7c16b69f61e2307f1e3413be7a41e8f) at 2026-10-08T04:44:29Z
stage-cohort: SRR5936145_1.fastq.gz staged (725954546 bytes, md5 3ba81a1823f9a6e379f2b3eeff836169, sha256 3c832637368d3fd33afeaf95b62ff6190dd57b502a224eb280417347ecd1eef9) at 2026-10-08T04:44:49Z
stage-cohort: SRR5936145_2.fastq.gz staged (744230635 bytes, md5 f348f6e16631c422e8aad6d612074c8b, sha256 86a205d3c849cc25e81285a4f01d3de3afb2ba0dc393833f37425e8b971d41b5) at 2026-10-08T04:45:25Z
stage-cohort: SRR5936153_2.fastq.gz staged (479868626 bytes, md5 87216dbd79ca12317f34efe2ebcc047d, sha256 b1d523110fdbecd8bee9efd728b7a935fe82a41f1ed4db9a518f4990710294e3) at 2026-10-08T04:45:27Z
stage-cohort: SRR5936161_1.fastq.gz staged (761766636 bytes, md5 d6655571453610c717a8e90ba339c9e0, sha256 8cd2037c477079588393f0ea66c067b093d92e0d03c4b558bc0409e95addb8da) at 2026-10-08T04:46:08Z
stage-cohort: SRR5936161_2.fastq.gz staged (762976268 bytes, md5 eaba20e273e3f7f46401328b281a567c, sha256 96833af30d893711a23f0dfb81bab8f80f7c3ccc80faa4c94b5f2b44012f1530) at 2026-10-08T04:46:50Z
stage-cohort: SRR5936177_2.fastq.gz staged (427516888 bytes, md5 7b63a21bd9629a58976481825602a269, sha256 af9a8c2244d1c92147eaa197dfd0f9097ec4cafa34b8b36dcdbbee9b85343aee) at 2026-10-08T04:47:26Z
stage-cohort: SRR5936169_2.fastq.gz staged (606642581 bytes, md5 20627b6d41721ab66ff4d3cdf31bcc21, sha256 cfc80710c80cf70274f264c9858db5e608af9bb405b6e4e8d4c66b42521c9c30) at 2026-10-08T04:47:31Z
stage-cohort: SRR5936169_1.fastq.gz staged (592604276 bytes, md5 74464efc25a916bb3310d30e26b4ff31, sha256 16720ac14949ed2416ac652e4d0c7173b0e14cdb5ef99c45a3cc4017e73ef97c) at 2026-10-08T04:47:35Z
stage-cohort: SRR5936177_1.fastq.gz staged (426988071 bytes, md5 7b160542aa94e5516a225cf4b154c178, sha256 1ac873ce8673ba98c5071a2142545a773f68159d0d67f276f9d1f0ab2c419dda) at 2026-10-08T04:47:36Z
stage-cohort: SRR5936185_1.fastq.gz staged (499475149 bytes, md5 42d6c4c6962fbc1e6e758f6a0d76229a, sha256 227f6fce4b9b4e34f6dfff5dda3dd9124eea9d455e118313bf07d4c334cc7aac) at 2026-10-08T04:48:04Z
stage-cohort: SRR5936185_2.fastq.gz staged (498240015 bytes, md5 3b0fbf6dea7da960e279a03d1fd2ac0b, sha256 9fd8d7b144a9dfef51360e56d23c7b0d20dacd60aeea22f5c97214dc5fb6e366) at 2026-10-08T04:49:01Z
stage-cohort: SRR5936193_2.fastq.gz staged (652251477 bytes, md5 a7eba832e42818dc26b60d7b5e0d0390, sha256 c25050ec6e541be8c0e70bdec8d4f59d64681063599263301b34c57be73ddcdb) at 2026-10-08T04:49:58Z
stage-cohort: SRR5936193_1.fastq.gz staged (649907849 bytes, md5 699e2dd55e3ef66a706eeaa8584d9497, sha256 69b9830aa82b68a8352f6cc4f9c2e73b10f173ecedaf9abc7caafb7fddcbb302) at 2026-10-08T04:50:11Z
stage-cohort: SRR5936209_1.fastq.gz staged (550763170 bytes, md5 b5c8b1b73235bea3d128cb5dbebee30a, sha256 9c90a0674dbf8fd03deecb5c57bc10e313c6606270976003847bb47c62964ace) at 2026-10-08T04:50:31Z
stage-cohort: SRR5936201_1.fastq.gz staged (964467988 bytes, md5 d9197138e90a3c31359e0579b2ab357a, sha256 75a94de781bb689bf00a615d82838fb63890dc0f7b7eea844f10dc096d987ce2) at 2026-10-08T04:51:18Z
stage-cohort: SRR5936209_2.fastq.gz staged (518858598 bytes, md5 b6ceceb9278ad6f238deb4a8508e02a1, sha256 601f2c8947e066cd4305c35909407f477123fcfe73fe7d83e734bb40d1bb0926) at 2026-10-08T04:51:22Z
stage-cohort: SRR5936201_2.fastq.gz staged (987008148 bytes, md5 128189d6370c11063efd5b784b5c27e5, sha256 9de60ecc635395fc5f6613de3150774a9cdec7b3981fa914740b39c704f6b5e8) at 2026-10-08T04:51:32Z
stage-cohort: SRR5936225_1.fastq.gz staged (294849365 bytes, md5 d8f4f074af368dd3f7806870065d11c4, sha256 9fe79f2ce0ad50c5131fdcd7bd1141896dee8f0e3e5d5e6cb9381c194b54dc7c) at 2026-10-08T04:51:53Z
stage-cohort: SRR5936225_2.fastq.gz staged (295273074 bytes, md5 bd8a4dad7371b0aabdaa8e79c6360929, sha256 f1dc1e759f63cc9cc8ec1dbcb9172f972a1ad7327f88b048bc153829add637f6) at 2026-10-08T04:52:48Z
stage-cohort: SRR5936217_1.fastq.gz staged (761110219 bytes, md5 f3423e432d0495a12d6c8bce4d14dca1, sha256 acc75103f5868bf3b5cab240ec13dcf214cffcfd33f6f0a2112759b86840e34e) at 2026-10-08T04:52:56Z
stage-cohort: SRR5936217_2.fastq.gz staged (754507653 bytes, md5 f2c292b99f569954134a3be97d13b018, sha256 1a46d2fbdebbaa491103aaa97f2c0b7e3b07d537ce05ee0db1da92befc9c448b) at 2026-10-08T04:53:24Z
stage-cohort: SRR5946606_1.fastq.gz staged (418467691 bytes, md5 c98430abd2da29c41b4ee7c4dd4700d2, sha256 8fc8bba03838fdee7052db8a813f9b332223104f22930167d687ff192fe89aef) at 2026-10-08T04:53:36Z
stage-cohort: SRR5946614_1.fastq.gz staged (186653969 bytes, md5 36639cd1ff8686c9318d2ef56e3fbc25, sha256 eb752f186541fb70ac310ced8b11ba182cafc18a9c9a14bcdc9abf9638a1406a) at 2026-10-08T04:53:53Z
stage-cohort: SRR5946614_2.fastq.gz staged (180615562 bytes, md5 abed8d94ad11d085369756ebc972cd0e, sha256 9ef2b3a63a55c63d29c5588d5bf61b0cb10ad27ed11aa9da5a09aa46bfae052e) at 2026-10-08T04:54:18Z
stage-cohort: SRR5936233_1.fastq.gz staged (809389069 bytes, md5 7983e9a0e77ac8f5c505ba9625023de9, sha256 e88d8e3bfb52db61ae83940d7baaef32a87a167af7e5efabed3ee58453736c41) at 2026-10-08T04:54:43Z
stage-cohort: SRR5946606_2.fastq.gz staged (420419721 bytes, md5 26fe7f1173e1bf59d97f2809ec70c80b, sha256 e68f5df54fe5d564b0349ed8093b3afa112f011f70d86ff27e12950abe2cd446) at 2026-10-08T04:54:44Z
stage-cohort: SRR5936233_2.fastq.gz staged (815628003 bytes, md5 d964f3bf322ccd9c106ad90735c2066a, sha256 7c21438c56d0edeae4a801f8a60096ea77e2011ad769d83ec575596b93b9c8a3) at 2026-10-08T04:55:12Z
stage-cohort: SRR5946622_1.fastq.gz staged (426554972 bytes, md5 4b1c6d3bbe23e6f5d01af8e9b84b44ef, sha256 7801cd9b74a10c63a0341e31c558c3c995f3bd94919585fc2c27ebf17041fd91) at 2026-10-08T04:55:18Z
stage-cohort: SRR5946622_2.fastq.gz staged (420894726 bytes, md5 4b752335dd02c550b1a994cb3d029f0d, sha256 7f1acf46a0b523cbe10c8c53eedc0e381ba5c0eb059a501ffc4032f9a8d5edb5) at 2026-10-08T04:55:34Z
stage-cohort: SRR5946630_1.fastq.gz staged (564998775 bytes, md5 322f644b8caff9008750b1cbdb87dca5, sha256 de4b3c29a0178ce5f08af25ab4870f8a8692228cac8f524087cc61637e4f6735) at 2026-10-08T04:56:46Z
stage-cohort: SRR5946630_2.fastq.gz staged (558706363 bytes, md5 cbb19336c4eab23f984d1fe6b9848e14, sha256 b1f7b67f785b74f209337334a07fe348bf2328b85c44d1de2d10f2c6b72e1c32) at 2026-10-08T04:57:09Z
stage-cohort: SRR5946638_1.fastq.gz staged (536516403 bytes, md5 6fcb42229f54371c77930aae31c9f71a, sha256 8ebeff0c580dff8f803497a56607985e453730af15b2561110b41fd9f97dc23b) at 2026-10-08T04:57:15Z
stage-cohort: SRR5946638_2.fastq.gz staged (529519548 bytes, md5 9a1bf3aaa8b431bee2ecc5c29a2eda3a, sha256 d8bf027938ed1d1135df3bc6244d787bfdd711c4861f0ec29d09ff7d27140cd9) at 2026-10-08T04:57:25Z
stage-cohort: SRR5946646_1.fastq.gz staged (547417572 bytes, md5 95e09c782f661738621794196d6440da, sha256 f3387072f3957188519367fef0558c654d1484d790edfd62448c33d0ebe77f4a) at 2026-10-08T04:57:36Z
stage-cohort: SRR5946646_2.fastq.gz staged (541559650 bytes, md5 1288e565ada839119271878deb88f293, sha256 712b167f9f33191eb9fa8d3224aac64d56c9511c0a8663bad20bff7c334f46dc) at 2026-10-08T04:57:58Z
stage-cohort: SRR5946654_1.fastq.gz staged (659039002 bytes, md5 8e5011e147c04f3c12ce19cad4cb3dc6, sha256 97828b3b91f119f2fe32e5bd178735cc4aa427a27385f6e133a0283a20f4a951) at 2026-10-08T04:59:27Z
stage-cohort: SRR5946662_1.fastq.gz staged (580376079 bytes, md5 eb5e4637cb0f767a40e6a312d95e7661, sha256 a5c4783b894b73654cb048db4117641fd270ea78442bd2979604a959e8478c65) at 2026-10-08T04:59:56Z
stage-cohort: SRR5946662_2.fastq.gz staged (577182451 bytes, md5 e9b1a4207109d0bd4f8e4f701bd9422f, sha256 fd1d84ffab5383ad0cb33808eedccb3e81960b40ca3c45e5413a8e0bf068e4c8) at 2026-10-08T04:59:57Z
stage-cohort: SRR5946654_2.fastq.gz staged (645067079 bytes, md5 b6de48ac028e11d6dc25d80c91e4b15d, sha256 962ec7b1d87427a192d17919505ca3caa4106c3cf33bbec7dd60f732e52c9b9e) at 2026-10-08T05:00:04Z
stage-cohort: SRR5946670_1.fastq.gz staged (820221805 bytes, md5 757137c006a4fdc661bc19ae4992c669, sha256 65125c088458c34431b8025bf8b26db1d4d6d3547eb040080fc03fed778f6abb) at 2026-10-08T05:01:07Z
stage-cohort: SRR5946670_2.fastq.gz staged (839609343 bytes, md5 9cd1bcffb30af049f8aa2b4cdcbd6001, sha256 dd2c21cd3af6fed45d033038ef459d7ca51131e4391c20e20549bef6728f4829) at 2026-10-08T05:01:30Z
stage-cohort: SRR5946686_1.fastq.gz staged (331539881 bytes, md5 cc39060e69361e6d15ed6cf93a5db246, sha256 794bdb48167bc78b183835f705dad844385bef0f3dee999c4a91431d36726a3a) at 2026-10-08T05:01:32Z
stage-cohort: SRR5946686_2.fastq.gz staged (332668026 bytes, md5 0cbee3d9ab9d10da6578feca9c1ee407, sha256 223cd67855cc91362fba3c6aab54e57cead37756955f7480b0ac3414dd62d562) at 2026-10-08T05:01:40Z
stage-cohort: SRR5946678_1.fastq.gz staged (615287337 bytes, md5 cc2a7e8eff36f19fe28f4a3d019e3349, sha256 924d4c3f7287a129c6819d3d29ddd560ed46d493076e39d7a9878cbc67aeabb0) at 2026-10-08T05:02:13Z
stage-cohort: SRR5946678_2.fastq.gz staged (622968121 bytes, md5 49082b8d47b4ea53e646a4a7556c2a6c, sha256 c38642469bad5dc767a47bc3100ac6f33add95ae795a42ea09e874d514f33542) at 2026-10-08T05:02:23Z
stage-cohort: SRR5946702_1.fastq.gz staged (345033317 bytes, md5 91a479393446f46421f51b1f93bbb424, sha256 9e4477715816eee25c9a8a395a730fd78df7db7d9b41f409c8a0b4736f85fdde) at 2026-10-08T05:03:05Z
stage-cohort: SRR5946702_2.fastq.gz staged (341163269 bytes, md5 2705b4dfeddfdd922fe5486086d0ce4d, sha256 45b3541b11ab7a2a1a1909d64fd0fdb00cb50c82547592540254d451237bd4ac) at 2026-10-08T05:03:09Z
stage-cohort: SRR5946718_1.fastq.gz staged (42706437 bytes, md5 15734301dbe320523e44a9a34b791c3f, sha256 0e92e677cb46e0c424e12a0f08a0301e68cf291d0ccdb5648cc8fe877e25fd47) at 2026-10-08T05:03:21Z
stage-cohort: SRR5946718_2.fastq.gz staged (42509175 bytes, md5 75e7bfadd497e3bf208a2eeb72491996, sha256 41d6bfb32543933239585e20cf4325e2aa86bd530a02c4f54daa4d62d10d20f6) at 2026-10-08T05:03:24Z
stage-cohort: SRR5946694_1.fastq.gz staged (681532860 bytes, md5 34115991c937766c7b2d87434446837e, sha256 c99d37974605ba28dfa9ab1b26df192439959c2549dbd57835d792535ca24dea) at 2026-10-08T05:03:44Z
stage-cohort: SRR5946710_2.fastq.gz staged (339400925 bytes, md5 6aae79d770408d84d838f61a10fe7edc, sha256 7cd760f30e0edd41cb09227981736e041d667e1093958a32cfdcac2c7993fad0) at 2026-10-08T05:03:48Z
stage-cohort: SRR5946710_1.fastq.gz staged (334235699 bytes, md5 d69e448109d66c2c7a0704e54aace7e3, sha256 251b4f915aa8be3522de209564613383b772d6640f76eb3c74065f1c0260a010) at 2026-10-08T05:03:56Z
stage-cohort: SRR5946734_1.fastq.gz staged (57332640 bytes, md5 c98cb9c5e14088a37693af6a5a33f627, sha256 2d6d05e7831c8061178a6eac55cadd0ca1a7446a9842adf9d1d89a1ed86505ef) at 2026-10-08T05:04:04Z
stage-cohort: SRR5946734_2.fastq.gz staged (57116776 bytes, md5 760530a07bfe74cdb08ba49fcc58069e, sha256 88997f399c8b0f7351ac230e14aab634a86cbbfd81662df8b9f00f273c6fb41c) at 2026-10-08T05:04:08Z
stage-cohort: SRR5946726_2.fastq.gz staged (182992075 bytes, md5 afc2d39aa26d394922f008bf94d4c559, sha256 8da3a8ed97d7bea8b674a1344ba2f2b04dd3841c2783a471d5ed2b2fb5173d2c) at 2026-10-08T05:04:20Z
stage-cohort: SRR5946694_2.fastq.gz staged (708658920 bytes, md5 6f690871476de47c36131f8e3b4f8ff3, sha256 8d33a591fa3d910102b171fcc75f04d83a2fe283f16b2d0228b49412232cf719) at 2026-10-08T05:04:34Z
stage-cohort: SRR5946726_1.fastq.gz staged (186930412 bytes, md5 9f5797aae4f49a54763922dee3412e51, sha256 e48edf15f3a84c2a1db97ce400055086db9dfd3b8b4507015e24e986aa30a4a0) at 2026-10-08T05:04:39Z
stage-cohort: SRR5946758_1.fastq.gz staged (229976168 bytes, md5 0331924649b69c1b067d8440ef7cc4eb, sha256 6118c13bdf3dcab0969a82696148af971ae7ed4ced48241b45830d6104460b28) at 2026-10-08T05:05:34Z
stage-cohort: SRR5946758_2.fastq.gz staged (222577263 bytes, md5 27823a23f1df18d338f78667149c4645, sha256 0e381cf51237287a9bc832da0483ea707df15a3e5d9d067cd7640a6ec6cae2df) at 2026-10-08T05:05:51Z
stage-cohort: SRR5946742_2.fastq.gz staged (585848474 bytes, md5 5da431b695761fb9bb8ff95deaa5e9b2, sha256 fd799264e167227c173dd4193791babe92f3ac5d0870ace91d18b7f7f621dc62) at 2026-10-08T05:06:22Z
stage-cohort: SRR5946742_1.fastq.gz staged (596918818 bytes, md5 284bd719cf2b90942f04b0549fc4dcaa, sha256 56d76b23bb3d2ff261e7457ab0fe1d161ffce1f1174e0390e377ca9ede242648) at 2026-10-08T05:06:29Z
stage-cohort: SRR5946750_1.fastq.gz staged (961346466 bytes, md5 423c16445c3af812df973e2ae0980d48, sha256 d3b9be86f9008eaf76f335b288e02913e667c352ab727c11af7f81eb90312a02) at 2026-10-08T05:07:45Z
stage-cohort: SRR5946766_1.fastq.gz staged (543246525 bytes, md5 b6a8138e83794422719b2d92f3787bc8, sha256 c0992ccdd09701fe30d86492b0046c946c8f84f7065c84044aaa90bcbea607b0) at 2026-10-08T05:07:50Z
stage-cohort: SRR5946774_1.fastq.gz staged (344981860 bytes, md5 4438ce5dbd6b3078291ecbb55ea3dc0a, sha256 b84f93bdc10201457fd0c4e07cd95abdf1680844e74e073f8bd4bbfd1bbeae1d) at 2026-10-08T05:08:05Z
stage-cohort: SRR5946750_2.fastq.gz staged (990435596 bytes, md5 7988e2e2a6e7958676d9192b05a80dd2, sha256 2df66bf154b1f08b652caa59261104e58c95536058cba0574021f7c7d3aaad41) at 2026-10-08T05:08:24Z
stage-cohort: SRR5946766_2.fastq.gz staged (551786287 bytes, md5 1ee4aae236991f5dc3caedb4c409e5cd, sha256 5b7f8a7009e2d1ee49905d873a18f6149e4b42d4c95da228c0f91b4b2295d418) at 2026-10-08T05:08:28Z
stage-cohort: SRR5946774_2.fastq.gz staged (355770733 bytes, md5 bbabcc2b18d4b256ce48d8703be0018e, sha256 fa41ab4d4fc077ba87821068d64ba888365842c6ba07a899ca8ded583d7d4d19) at 2026-10-08T05:08:29Z
stage-cohort: SRR5946782_1.fastq.gz staged (509421089 bytes, md5 d02db7a378a23e36b9c0fc393a1a9342, sha256 d4841aaa146a06e36a07ba018a209d7cd5e53f10b4242450f418ffc28fe6940b) at 2026-10-08T05:09:43Z
stage-cohort: SRR5946782_2.fastq.gz staged (518799481 bytes, md5 c8002e676c7d1edd1b3184a1de6151ae, sha256 260b014872b54f4c50b41308e7b1d1fb840598a065d964e9f7ec92e2183115b2) at 2026-10-08T05:09:54Z
stage-cohort: SRR5946806_1.fastq.gz staged (385774127 bytes, md5 36dff017f9f1eb039a7d907d10df33ad, sha256 b2366182c35a4f3b9265586ceae0d893a3fe29988a2f64cb538a339c8d9c3bf4) at 2026-10-08T05:11:09Z
stage-cohort: SRR5946790_2.fastq.gz staged (1019276141 bytes, md5 dbcc67920fa2089ae4e74796b4758db7, sha256 22f45816b445bfdbda49743cd7481b47b97349de1566054ad8aad81550081583) at 2026-10-08T05:12:09Z
stage-cohort: SRR5946798_1.fastq.gz staged (863013823 bytes, md5 2fd94b1d00bd98bb3d93fc80f02270ee, sha256 c4eab15ee532275495578e1d0d030203ecad4a13f16a2964fba3cb3903409f98) at 2026-10-08T05:12:18Z
stage-cohort: SRR5946790_1.fastq.gz staged (1041217650 bytes, md5 8ffe7e5ed09a8de849622a124c9f41a7, sha256 b97de568e746b4403c196950a9fa83e35e96068008be1ed068f9fda5560efa84) at 2026-10-08T05:12:32Z
stage-cohort: SRR5946798_2.fastq.gz staged (892454342 bytes, md5 7472dd97438757105238c4a01aefcd2b, sha256 2e5277f7a9ae284463dabbb0ab37d7cb9ca8c0378f0ac5ea3cd37d5616f7a33e) at 2026-10-08T05:12:41Z
stage-cohort: SRR5946806_2.fastq.gz staged (392956135 bytes, md5 ceb4978b93b7221507b678dad41131b2, sha256 8fa1d43cca69aa2978c6a087ae0193a4694e683a3b05b7dfae3fbb5a487fad49) at 2026-10-08T05:12:50Z
stage-cohort: SRR5946822_1.fastq.gz staged (482855443 bytes, md5 31ed3acd597d7f3a3bf3d4aa61af447a, sha256 86a81d7917410385531baa1c391f25795c0bcbfd5e209fcb860f63e5a2cea8d5) at 2026-10-08T05:14:20Z
stage-cohort: SRR5946830_2.fastq.gz staged (449469918 bytes, md5 de036f0fb051e4041761a3272093fe42, sha256 f1d07b263a67cba08d41c0807200e551000f9fffc54a27df19ab32721b31de5a) at 2026-10-08T05:14:37Z
stage-cohort: SRR5946814_1.fastq.gz staged (880915729 bytes, md5 cecc7fadbd889c47ac91ab5c642fa9ac, sha256 ad6511ad378740971993f9283d617947aa3dafd86bce4c5f37f2ec3642cac83c) at 2026-10-08T05:14:47Z
stage-cohort: SRR5946830_1.fastq.gz staged (452452200 bytes, md5 5e672a317524159206fd73291ed150f1, sha256 d29ba70d46c3993b1aa33a0427dee4bc3962b99014889478a1ebbc643a91ed06) at 2026-10-08T05:14:49Z
stage-cohort: SRR5946822_2.fastq.gz staged (475707517 bytes, md5 e50fea2c61c6741c19560f88a5d1d900, sha256 df86b2ec62c94cd6908bf9a07a40c5e9d041cb75a630cf08e9416f2bc87d26c2) at 2026-10-08T05:14:51Z
stage-cohort: SRR5946814_2.fastq.gz staged (883114204 bytes, md5 5f1aff483e2a137e4f657ddd29c53e30, sha256 1b30a7304980676ccc8a1013422123a7e6a9812e481b65d923dde33e75d79eaf) at 2026-10-08T05:15:52Z
stage-cohort: SRR5946854_1.fastq.gz staged (582451505 bytes, md5 2660554c1c07393a7eaf02c27959f2c7, sha256 e2df8bde690836a330cb35333a353a944eb8345de3f849e5e506e4dadcdafff4) at 2026-10-08T05:17:25Z
stage-cohort: SRR5946846_2.fastq.gz staged (654667305 bytes, md5 ac0de7b31356c181e2763eb65f16b491, sha256 bb50e120f79f256c93259e52427368d57123235dab4db0ef5eb9dc0f14a79cfd) at 2026-10-08T05:17:30Z
stage-cohort: SRR5946846_1.fastq.gz staged (660956112 bytes, md5 c78572ee2930679c2fef3f70dd3567a2, sha256 74913da6ea48f38619134182d7abd77b9d4b86f7290992a52c24640c6eaf3b23) at 2026-10-08T05:17:42Z
stage-cohort: SRR5946854_2.fastq.gz staged (600749133 bytes, md5 7f60718243cc3173ab202720b53b7f29, sha256 352c8470729d240ae402bea235c28a112d458f37793e6fc1833131812bb48c0f) at 2026-10-08T05:18:17Z
stage-cohort: SRR5946838_1.fastq.gz staged (959592389 bytes, md5 9bec1c56acb35deee29ceca5af8ef359, sha256 46e2ee19f62bdb62cb07a4d65bdccfe442a6e433a795451a0265ec609199760e) at 2026-10-08T05:18:54Z
stage-cohort: SRR5946838_2.fastq.gz staged (1004846070 bytes, md5 417f54edf6a41da35afae9345b3876c1, sha256 412bc0d7a77f69389e3bb9e01f088b59c93080a1964e28c52a28a678ab73a99d) at 2026-10-08T05:19:00Z
stage-cohort: SRR5946870_1.fastq.gz staged (279288230 bytes, md5 85cf0205c8a9b2dbc63eaaf58218ea4c, sha256 27ba73e9b5afcf736cae8ce2ffdc7aa34c81dce3ad8c76711b59a1a8d4bd964d) at 2026-10-08T05:19:05Z
stage-cohort: SRR5946870_2.fastq.gz staged (274196402 bytes, md5 85b5a588ad53c69cd7ef41365b5cc677, sha256 fe16c6203a74bd7dd44cefdc4db2874815e54ed56aff3e0a346d8dec1df3550b) at 2026-10-08T05:19:25Z
stage-cohort: SRR5946878_1.fastq.gz staged (498766115 bytes, md5 646e9c7def090fc5b1985e569eff94ce, sha256 0101847fdd752de3e106856a2fa3b462b2be85211b690b727e7661d9e233717e) at 2026-10-08T05:21:02Z
stage-cohort: SRR5946862_1.fastq.gz staged (881625089 bytes, md5 dd3c7dc0bbe1dfb88f2df6b7d389b2cd, sha256 67e0f81eabcfeb8bb03d50e62ca49b30f4e025b56914c9db9faf842222389baf) at 2026-10-08T05:21:11Z
stage-cohort: SRR5946886_1.fastq.gz staged (534727666 bytes, md5 d26c9214650a0ed33f007a4796283a7e, sha256 80856bc0d5cf944130744385d3fdedccd5d50052cfa1fb8ed86c70091a03dafe) at 2026-10-08T05:21:13Z
stage-cohort: SRR5946878_2.fastq.gz staged (496265340 bytes, md5 eb50d50355fc14c5f97e76e730b3fbe0, sha256 38fc5fc6a639534332cb8214feddf82e48fa843472935a9760178be3e8c69936) at 2026-10-08T05:21:29Z
stage-cohort: SRR5946862_2.fastq.gz staged (887450730 bytes, md5 24264834e243987039c44108e1efdcb5, sha256 8d3f980cdec0076004ee35107e344bd0b6024d7dca8923d0ec29209ef651df03) at 2026-10-08T05:21:32Z
stage-cohort: SRR5946886_2.fastq.gz staged (525664745 bytes, md5 4b478f1fab1b55ac361b7db25681a073, sha256 1f199ac6d6fcc8137820c811f1b5a8eb2083122133ee24e74970b9cda8dd8e8d) at 2026-10-08T05:21:56Z
stage-cohort: SRR5946894_2.fastq.gz staged (599282557 bytes, md5 562a3961409677190ecde72e3241eb1d, sha256 3bb65886214e56cd4be4614a4587b99190192789a3b35acb13ba549f3c34fe53) at 2026-10-08T05:23:44Z
stage-cohort: SRR5946894_1.fastq.gz staged (603634167 bytes, md5 14cd4b97f82c3787d0721b8060571095, sha256 68d0fd7acb1c0be94dd1f27d9abe8c9f19d15ce64f00cf9290037f845dde3c42) at 2026-10-08T05:23:53Z
stage-cohort: SRR5946902_1.fastq.gz staged (1167738444 bytes, md5 66d729eb266bb5f14d41325d91d1d151, sha256 bbca1f7716c6f0837c20e7db7666259a55078c456a0764e3b7531e4d01bb6fdd) at 2026-10-08T05:26:24Z
stage-cohort: SRR5946910_1.fastq.gz staged (1112784878 bytes, md5 37ce5ded4c45aba4350934c5ff227259, sha256 dc845d46e7c5a08212a53796e84ca70768f9d0237e3d1cf445bcc26acd3a22d1) at 2026-10-08T05:26:47Z
stage-cohort: SRR5946918_2.fastq.gz staged (577228306 bytes, md5 c35eeab2bc4b58f3cfc030ed2ac87294, sha256 828884ff58758f52f731c490623dafcace78deb26bdb9eb90669a1cb848a8099) at 2026-10-08T05:27:00Z
stage-cohort: SRR5946918_1.fastq.gz staged (586433011 bytes, md5 f6360ce4c1b23693ca180ebcb13bd7ce, sha256 33194c9723b7ea1b782000fcafa8a54cdb38f8c3b6af8097ce6ffa639d9eb5c4) at 2026-10-08T05:27:03Z
stage-cohort: SRR5946910_2.fastq.gz staged (1087451283 bytes, md5 1e44100d2547fbe03dc328d9e6f4481c, sha256 24e376bd150a740630d677ba518795ec208ad34325881738dde34540894e14d0) at 2026-10-08T05:27:16Z
stage-cohort: SRR5946902_2.fastq.gz staged (1166895579 bytes, md5 ee193d0d2468cc0a36216c1b87d0eda9, sha256 dead361879f0585660cb0d02d9c1dbefbbe5e843fc24dc5a7fbfbc210ef97e0a) at 2026-10-08T05:27:18Z
stage-cohort: SRR5946926_2.fastq.gz staged (282473957 bytes, md5 565f29d74ba3e866d7011dae10c0f579, sha256 4d912efd73c9f7c61940ea6608ae2d68e4836a34584e72fdd551c6cab00f1bfc) at 2026-10-08T05:27:59Z
stage-cohort: SRR5946926_1.fastq.gz staged (277430550 bytes, md5 0d9be0ecf99677af4a001689649dd951, sha256 29371d46717bab0296cc90a2b093dd27461396c07e79941aa13ba131b886b2ce) at 2026-10-08T05:28:17Z
stage-cohort: SRR5946934_2.fastq.gz staged (306148772 bytes, md5 3a6f042329a041b6c04f694964510598, sha256 74a968d2b6faf4d6a221f183ee4242c3e117af6fb8783f7975690899051ec270) at 2026-10-08T05:28:21Z
stage-cohort: SRR5946934_1.fastq.gz staged (307638239 bytes, md5 f4e8c842aec384402d43e8fa2bbced71, sha256 7b1385743e35ca8762a93e0ad00796e5d8e6108809e0036a21f2b7852e3f64bc) at 2026-10-08T05:28:33Z
stage-cohort: SRR5946942_1.fastq.gz staged (492395062 bytes, md5 4f3f51a8e79b3f8163fb2a7ca087326b, sha256 07bdabf7a500c2971a539a631602b1c808b9afe80f160a03f6afa826f5453328) at 2026-10-08T05:29:22Z
stage-cohort: SRR5946950_1.fastq.gz staged (338818115 bytes, md5 b65d3ffe0d5b631995f297c71f3f30fd, sha256 7c403df87baa1711324551d4d61fbbe3fe34ef10f4565b6832231032b3652e78) at 2026-10-08T05:29:24Z
stage-cohort: SRR5946942_2.fastq.gz staged (488436193 bytes, md5 ac4acd109f60eb1ce22e032982673f17, sha256 9f721443f142040978eb4ccb3f7a65b49188b9d7d2312b54986eab2f0c1d2cb4) at 2026-10-08T05:29:31Z
stage-cohort: SRR5946950_2.fastq.gz staged (346650758 bytes, md5 94b460ae906826b8610eed23abba361f, sha256 e18cb46515ae9d4a92c5a43f97cd3735a66bcbf6953bd95ff834e317a9c028ce) at 2026-10-08T05:30:30Z
stage-cohort: SRR5946958_1.fastq.gz staged (629038143 bytes, md5 225ae7b34ce1695b424fee08a936bfb5, sha256 43bc9d420dfe84074a07ad7e071b3757274e30d8b98b1eb4fc73e94fef9c0bdd) at 2026-10-08T05:31:01Z
stage-cohort: SRR5946966_2.fastq.gz staged (486772043 bytes, md5 a2962fcab2407f9dfe4ab2dcd340a0f0, sha256 4ce97fa91220ce3efa8ac3f2a0942add98a21527fa62f2a03af19a6ce1a24c35) at 2026-10-08T05:31:23Z
stage-cohort: SRR5946958_2.fastq.gz staged (614129910 bytes, md5 60e55a5a1ee901c610d295fdc3e53518, sha256 1edae6216b84dbabd74704c5c4acabf0dc4d282ec96c1e3e88f3be7426db3e3a) at 2026-10-08T05:31:28Z
stage-cohort: SRR5946974_1.fastq.gz staged (317912795 bytes, md5 b4255b653a4600f5b585f1e9a0f1c69d, sha256 ab90df13ac4693310e587f32d23456617d980b1b4d00f394a9db79f35389fa85) at 2026-10-08T05:31:33Z
stage-cohort: SRR5946982_1.fastq.gz staged (137115564 bytes, md5 56c811caa299ee9fa469e12ec359d94e, sha256 89794298d38ea12088c0222468f887c4f295e3f6835d9e935c08e39658d3aa79) at 2026-10-08T05:31:43Z
stage-cohort: SRR5946966_1.fastq.gz staged (491408735 bytes, md5 260f0d124fc28f08713eb50597ba8269, sha256 37751ebeb2fe75fe65c66741cb0907c4157eec4a537dd790b05688685c6570fd) at 2026-10-08T05:31:46Z
stage-cohort: SRR5946974_2.fastq.gz staged (313815242 bytes, md5 dfc840f4db862f4ad626b01385a2ef12, sha256 88c43599dab6a46053958e62f7e79bab4ded4d534c562f982c195f86f499e567) at 2026-10-08T05:31:52Z
stage-cohort: SRR5946982_2.fastq.gz staged (135553133 bytes, md5 1606dafe9b8e5b09830e0be4f923c812, sha256 c8e06baefbc380cc9b66eeb52d0ec3b8d6511545d32cf961563025c1244f0f3f) at 2026-10-08T05:31:59Z
stage-cohort: SRR5946998_1.fastq.gz staged (438239746 bytes, md5 0fabce114048cee9f58017a9f72ba926, sha256 bb4cf44706b715037525db1797907d5f0e1c76777737d6dbd15d50f8667d4ff5) at 2026-10-08T05:33:28Z
stage-cohort: SRR5946998_2.fastq.gz staged (436852219 bytes, md5 27ef6318cf7f7edde2cef9008fbe5a50, sha256 363f269a7e9e555f67df10fd84d268ce8e5913193d48a34eab83614a2dc0d6a5) at 2026-10-08T05:33:51Z
stage-cohort: SRR5947014_1.fastq.gz staged (232501383 bytes, md5 9d82e61347d288cd7099d484a68ea4d2, sha256 9041f746df14b5393ac49866eaf8a0bfc59fad85ce185de49e435d0e55383c91) at 2026-10-08T05:34:25Z
stage-cohort: SRR5947006_1.fastq.gz staged (766697658 bytes, md5 4494873788a9616d9bdcc385d7c7ffb6, sha256 1b73ba89839a999f7dd12b2d8429188c20d122abddb784fef76a10c743112d48) at 2026-10-08T05:34:59Z
stage-cohort: SRR5947014_2.fastq.gz staged (230268931 bytes, md5 068ad410f4a179e25cf74f413a639d1f, sha256 1dd543887a42f8a6abcc1ac5ca30a173202615df4c6088fd1191ad0210270d2f) at 2026-10-08T05:35:00Z
stage-cohort: SRR5947006_2.fastq.gz staged (765009956 bytes, md5 f7a74e1589cd742b90f47d3ef05139b6, sha256 a98fa3ba8a59e3c374e375fefb3c2f5dccc118703981bfde93f5db9c75e82594) at 2026-10-08T05:35:08Z
stage-cohort: SRR5946990_2.fastq.gz staged (953838240 bytes, md5 2575d8da9aab0424fe7cb506bf9a4d17, sha256 feb6483b390893684abd00259c64b4019c69e6bcf770913ed158826899a8ea4e) at 2026-10-08T05:35:26Z
stage-cohort: SRR5947022_1.fastq.gz staged (467478619 bytes, md5 319982e1ce39a71c9c805c95e5e16784, sha256 91237fea6da4fe4558380c0da30a604862e3355ce538d1093695606eb7675b52) at 2026-10-08T05:36:10Z
stage-cohort: SRR5947038_1.fastq.gz staged (200585000 bytes, md5 bfb2ac9e40dca2c8d0efe9afd28256f0, sha256 e8d66b875005319c676a9f5ffcacfb33a537dd33c88768a7c1631894f3b71b5c) at 2026-10-08T05:36:16Z
stage-cohort: SRR5946990_1.fastq.gz staged (954850216 bytes, md5 75b5c97f79df2d78d4abc2b65a1987b6, sha256 0207f8d7945e1903abfe0a85843e766806744a92c4d1180e84cef0c8655e4774) at 2026-10-08T05:36:47Z
stage-cohort: SRR5947022_2.fastq.gz staged (465281070 bytes, md5 36ab651dabf575865a904d65c1f80947, sha256 a8917284aba43485ad673f582fbb6ed8972ea7be50cd5393451499dbd9428fb1) at 2026-10-08T05:36:49Z
stage-cohort: SRR5947054_1.fastq.gz staged (9224483 bytes, md5 3b27bf9e88be78651a0b8b3d30055fd1, sha256 c7c8ce61aec157eed1654a6dabb8f25c7136724bb6283c279a1d8a3f0d1b7f82) at 2026-10-08T05:36:54Z
stage-cohort: SRR5947054_2.fastq.gz staged (8991922 bytes, md5 7b115a9c4af214e53feb74eeb15d8812, sha256 d19d65ffcadc7cce451f3bf09cec8ba7d25e0bf63c1b7efef2c5a996f5c562ca) at 2026-10-08T05:36:59Z
stage-cohort: SRR5947038_2.fastq.gz staged (198359195 bytes, md5 b67ec1cf8526922ded0d4e1d20f6f67a, sha256 3295b91e67161218e0cd9c1003377bd9a8289023a46e5bbca7b441821d321af1) at 2026-10-08T05:37:03Z
stage-cohort: SRR5947030_1.fastq.gz staged (713290529 bytes, md5 063f465ebbdc62693ea65c92fbc1e0a6, sha256 be6a999c197ddfbec41c583685bd383dae34768abaee6ee56f95db155a62f1fd) at 2026-10-08T05:37:42Z
stage-cohort: SRR5947030_2.fastq.gz staged (734178415 bytes, md5 157aefc6746c433281bc490979b595f4, sha256 74a9bfd4c1273b15a50fbff9a10fd66f193d4cbfc3ad4f4f95028b33a4a0be2d) at 2026-10-08T05:37:49Z
Terminated
ak2: [2026-10-08T05:38:39Z] spec body exit rc=129 (SIGHUP)
ak2-phase	2026-10-08T05:38:39Z	1791437919	end	no
