Loading database information...ak2-timing	opts	0.003208	0.000015	0	0	0.000013	0.000000
ak2-timing	taxo	0.003230	0.114511	87875	0	0.023137	0.094812
ak2-timing	shard-load-22	0.182453	14.405885	24471	0	19.958645	20.528435
ak2-engine	mem	t_s	15.0	rss_kib	36685840	hwm_kib	36685844	heap_inuse	405872640	sys	444778872	avail_kib	58094948
ak2-timing	rendezvous	15.079872	13.101340	417	0	0.025829	0.001381
ak2-timing	connect	28.181229	0.115833	0	0	0.002420	0.000000
ak2-timing	hash	0.117797	28.179280	26739	0	19.999394	20.532740
 done.
ak2-engine	mem	t_s	30.0	rss_kib	50059532	hwm_kib	50059656	heap_inuse	13536395264	sys	14563313112	avail_kib	45129624
6882441 sequences (1244.79 Mbp) processed in 6.743s (61243.4 Kseq/m, 11076.74 Mbp/m).
  6619730 sequences classified (96.18%)
  262711 sequences unclassified (3.82%)
ak2-sample	batch	0	name	0-SRR5935832	mode	parallel	s3client	sdk	rank	22	role	home	inflight	6	threads	16	start_s	28.297112	wall_s	7.293630	setup_s	0.000035	classify_s	6.742708	close_s	0.388624	report_s	0.154503	status	0	sequences	6882441	bases	1244786679	classified	6619730	place	lpt	weight	6882441
12610038 sequences (2321.59 Mbp) processed in 9.107s (83078.3 Kseq/m, 15295.28 Mbp/m).
  12099380 sequences classified (95.95%)
  510658 sequences unclassified (4.05%)
ak2-sample	batch	0	name	0-SRR5935834	mode	parallel	s3client	sdk	rank	22	role	home	inflight	6	threads	16	start_s	28.297122	wall_s	9.569720	setup_s	0.000035	classify_s	9.107097	close_s	0.293927	report_s	0.159057	status	0	sequences	12610038	bases	2321592529	classified	12099380	place	lpt	weight	12610038
15080696 sequences (2770.85 Mbp) processed in 10.682s (84709.4 Kseq/m, 15564.04 Mbp/m).
  14478381 sequences classified (96.01%)
  602315 sequences unclassified (3.99%)
ak2-sample	batch	0	name	0-SRR5935800	mode	parallel	s3client	sdk	rank	22	role	home	inflight	6	threads	16	start_s	28.297115	wall_s	11.139512	setup_s	0.000036	classify_s	10.681722	close_s	0.313983	report_s	0.135889	status	0	sequences	15080696	bases	2770846238	classified	14478381	place	lpt	weight	15080696
ak2-timing	batch-barrier-0	39.436648	4.294559	36077	0	2.324006	0.351565
ak2-engine	mem	t_s	45.0	rss_kib	50107764	hwm_kib	55738856	heap_inuse	12485558272	sys	20316691256	avail_kib	42605556
8766123 sequences (1609.93 Mbp) processed in 8.445s (62283.8 Kseq/m, 11438.63 Mbp/m).
  8639469 sequences classified (98.56%)
  126654 sequences unclassified (1.44%)
ak2-sample	batch	1	name	1-SRR5935826	mode	parallel	s3client	sdk	rank	22	role	home	inflight	6	threads	16	start_s	43.731243	wall_s	9.382407	setup_s	0.000046	classify_s	8.444689	close_s	0.689413	report_s	0.242830	status	0	sequences	8766123	bases	1609927653	classified	8639469	place	mod	weight	8766123
13404063 sequences (2484.45 Mbp) processed in 10.418s (77196.7 Kseq/m, 14308.42 Mbp/m).
  13071600 sequences classified (97.52%)
  332463 sequences unclassified (2.48%)
ak2-sample	batch	1	name	1-SRR5935794	mode	parallel	s3client	sdk	rank	22	role	home	inflight	6	threads	16	start_s	43.731265	wall_s	10.863506	setup_s	0.000042	classify_s	10.418117	close_s	0.311382	report_s	0.127740	status	0	sequences	13404063	bases	2484447317	classified	13071600	place	mod	weight	13404063
18129553 sequences (3409.03 Mbp) processed in 12.813s (84898.2 Kseq/m, 15964.00 Mbp/m).
  17831449 sequences classified (98.36%)
  298104 sequences unclassified (1.64%)
ak2-sample	batch	1	name	1-SRR5935762	mode	parallel	s3client	sdk	rank	22	role	home	inflight	6	threads	16	start_s	43.731246	wall_s	13.296528	setup_s	0.000045	classify_s	12.812684	close_s	0.263522	report_s	0.212511	status	0	sequences	18129553	bases	3409028279	classified	17831449	place	mod	weight	18129553
ak2-timing	batch-barrier-1	57.027790	1.340725	3	0	0.027443	0.012004
ak2-engine	mem	t_s	60.0	rss_kib	51580400	hwm_kib	56410720	heap_inuse	14383955968	sys	20687096712	avail_kib	41878152
6882441 sequences (1244.79 Mbp) processed in 6.111s (67570.9 Kseq/m, 12221.15 Mbp/m).
  6619730 sequences classified (96.18%)
  262711 sequences unclassified (3.82%)
ak2-sample	batch	2	name	2-SRR5935832	mode	parallel	s3client	sdk	rank	22	role	home	inflight	6	threads	16	start_s	58.368562	wall_s	6.839982	setup_s	0.000043	classify_s	6.111306	close_s	0.533206	report_s	0.188351	status	0	sequences	6882441	bases	1244786679	classified	6619730	place	lpt	weight	6882441
12610038 sequences (2321.59 Mbp) processed in 9.027s (83819.8 Kseq/m, 15431.79 Mbp/m).
  12099380 sequences classified (95.95%)
  510658 sequences unclassified (4.05%)
ak2-sample	batch	2	name	2-SRR5935834	mode	parallel	s3client	sdk	rank	22	role	home	inflight	6	threads	16	start_s	58.368571	wall_s	9.459566	setup_s	0.000040	classify_s	9.026535	close_s	0.269963	report_s	0.153828	status	0	sequences	12610038	bases	2321592529	classified	12099380	place	lpt	weight	12610038
15080696 sequences (2770.85 Mbp) processed in 10.431s (86742.7 Kseq/m, 15937.63 Mbp/m).
  14478381 sequences classified (96.01%)
  602315 sequences unclassified (3.99%)
ak2-sample	batch	2	name	2-SRR5935800	mode	parallel	s3client	sdk	rank	22	role	home	inflight	6	threads	16	start_s	58.368565	wall_s	11.063564	setup_s	0.000040	classify_s	10.431335	close_s	0.459623	report_s	0.165208	status	0	sequences	15080696	bases	2770846238	classified	14478381	place	lpt	weight	15080696
ak2-timing	batch-barrier-2	69.432152	4.210354	2	0	1.023545	0.172860
ak2-engine	mem	t_s	75.0	rss_kib	51024672	hwm_kib	56410720	heap_inuse	9109118976	sys	20687383432	avail_kib	40158960
ak2-timing	barrier	80.045110	0.169732	0	0	0.000904	0.000089
ak2-sample	batch	3	name	3-SRR5935740	mode	striped	s3client	sdk	rank	22	role	peer	inflight	1	threads	16	start_s	74.476961	wall_s	5.737928	setup_s	0.000046	classify_s	5.565983	close_s	0.000000	report_s	0.000000	status	0	sequences	0	bases	0	classified	0	place	-	weight	-
ak2-timing	batch-barrier-3	80.214898	0.887027	4	0	0.007647	0.000750
ak2-timing	barrier	87.832229	0.271579	51	0	0.004429	0.009522
ak2-sample	batch	4	name	4-SRR5935740	mode	striped	s3client	sdk	rank	22	role	peer	inflight	1	threads	16	start_s	82.280769	wall_s	5.823085	setup_s	0.000045	classify_s	5.548954	close_s	0.000000	report_s	0.000000	status	0	sequences	0	bases	0	classified	0	place	-	weight	-
ak2-timing	batch-barrier-4	88.103863	1.069169	58	0	0.008131	0.000000
ak2-engine	mem	t_s	90.0	rss_kib	39038552	hwm_kib	56410720	heap_inuse	2386264064	sys	20687383432	avail_kib	55122412
ak2-timing	barrier	95.775108	0.230971	0	0	0.009452	0.000908
ak2-sample	batch	5	name	5-SRR5935740	mode	striped	s3client	sdk	rank	22	role	peer	inflight	1	threads	16	start_s	90.217091	wall_s	5.789039	setup_s	0.000035	classify_s	5.555886	close_s	0.000000	report_s	0.000000	status	0	sequences	0	bases	0	classified	0	place	-	weight	-
ak2-timing	batch-barrier-5	96.006138	0.882458	2	0	0.012691	0.000000
ak2-timing	batch-barrier-6	96.888617	6.857173	0	0	0.301174	0.058639
ak2-engine	mem	t_s	105.0	rss_kib	39042716	hwm_kib	56410720	heap_inuse	2288467968	sys	20687383432	avail_kib	56037248
ak2-timing	batch-barrier-7	103.745817	7.036615	3	0	0.352729	0.021139
ak2-timing	batch-barrier-8	110.782457	7.643791	0	0	0.298586	0.065875
ak2-engine	shard	0	n	32	lo	204375131085	hi	213664909770	tail	302	full	false	empty_at	9289778684	keys	4230672393	batches	89910	probe_s	89.070629	tail_probes	0	wrap_probes	0
ak2-engine	mem	t_s	118.4	rss_kib	39042716	hwm_kib	56410720	heap_inuse	2291302400	sys	20687383432	avail_kib	56334204
ak2-engine	rendezvous	puts	13	gets	762
ak2-engine	s3	client	sdk	put	22	get	762	create_multipart	9	upload_part	1214	complete_multipart	9	abort_multipart	0	part_bytes	10158794801
ak2-engine	s3	client	cli	put	0	get	0	create_multipart	0	upload_part	0	complete_multipart	0	abort_multipart	0	part_bytes	0
ak2-engine	load	seconds	14.405882	requests	572	retries	0	bytes	37159181548
ak2-engine	route	transport	nodes	calls	2887	keys	4357570662	batches	92384	route_s	40.118035	wait_s	627.220172	gather_s	8.455598
ak2-engine	worker	scan_s	314.103459	lookup_s	675.795579	classify_s	247.725556
ak2-timing	total	0.000001	118.493509	12338610	0	888.174065	85.428191
