ak2: log tee up
ak2-phase	2026-10-08T05:45:36Z	1791438336	preamble	no
ak2: [2026-10-08T05:45:36Z] inherited $-=hBc (stub, as spawn started it: $-=hBc)
ak2: [2026-10-08T05:45:36Z] after set +e $-=hBc
ak2: [2026-10-08T05:45:36Z] gate=g3 run=20261008-054457-805d7a2-7357-n12-r9
ak2: [2026-10-08T05:45:36Z] aws shim installed and self-tested (/tmp/ak2-bin/aws -> /usr/bin/aws)
ak2: [2026-10-08T05:45:36Z] imds region=us-west-2 az=us-west-2a instance=i-0a38dad6b32c48279 type=c8g.large ami=ami-09325776a00699513
ak2: [2026-10-08T05:45:37Z] bucket aws-kraken2-942542972736-us-west-2 region=us-west-2
ak2: [2026-10-08T05:45:37Z] bucket aws-kraken2-942542972736-us-west-2 payer=UNKNOWN
ak2: [2026-10-08T05:45:37Z] WARN: could not read Payer of aws-kraken2-942542972736-us-west-2 from the instance (launch host verified it)
ak2: [2026-10-08T05:45:37Z] region assert passed
ak2: [2026-10-08T05:45:37Z] drop_caches_ok=true
ak2: [2026-10-08T05:45:38Z] preamble done; spec body starts
ak2-phase	2026-10-08T05:45:38Z	1791438338	body	no
ak2-phase	2026-10-08T05:45:38Z	1791438338	setup	no
ak2: [2026-10-08T05:46:02Z] checkout 805d7a2; nproc 2; disk /dev/nvme0n1p1 40G 2.5G 38G 7% /; slice 9 of 12, ranks 11..1000
ak2-phase	2026-10-08T05:46:02Z	1791438362	stage	no
stage-cohort: shell flags huB (on instance: 1)
stage-cohort: ranks 11..1000, every 12th from offset 9; 6 files at once, 4 ranges each
stage-cohort: SRR5935771_2.fastq.gz present (md5 251724a0aff57717ceb1d84f0bbe3435)
stage-cohort: SRR5935771_1.fastq.gz present (md5 86b04a2c6525b1dacd9f3a965a0a46ea)
stage-cohort: SRR5935783_1.fastq.gz present (md5 554e11e9a708abb5262534c150b27f49)
stage-cohort: SRR5935759_1.fastq.gz present (md5 8cbfa211038fba3ece572d6b0dd01d71)
stage-cohort: SRR5935783_2.fastq.gz present (md5 1a9a17a16012a8b463c94f90cbafe407)
stage-cohort: SRR5935759_2.fastq.gz present (md5 ed0e549122f87f2ab9b0f8125cac4db1)
stage-cohort: SRR5935795_1.fastq.gz present (md5 d002d12d3b2ff1c54ae514ec4f98753f)
stage-cohort: SRR5935819_1.fastq.gz present (md5 8d9530bd2bdf4ef5ca8eb331765b7096)
stage-cohort: SRR5935795_2.fastq.gz present (md5 cc5764539038155381e07d56ef0ce4fb)
stage-cohort: SRR5935819_2.fastq.gz present (md5 f4367ff7d33332ccbdc6dd0668fcb901)
stage-cohort: SRR5935807_2.fastq.gz present (md5 4c4ab2966a0e7379df74989f07b86c5e)
stage-cohort: SRR5935807_1.fastq.gz present (md5 ee2a519342ea02d4205a9548e4d80d1a)
stage-cohort: SRR5935831_1.fastq.gz present (md5 0d7f8f302531c71a72f0d7af8f2afb26)
stage-cohort: SRR5935831_2.fastq.gz present (md5 7f81adc8b0d924683a6d9b775f60deff)
stage-cohort: SRR5935843_1.fastq.gz present (md5 e9d3eaaac6b3230557ea118c54a7ca4a)
stage-cohort: SRR5935843_2.fastq.gz present (md5 ebe539cc493921223c3b1a49a563308e)
stage-cohort: SRR5935855_2.fastq.gz present (md5 9f41afc9489672d8b41182e582f725f0)
stage-cohort: SRR5935855_1.fastq.gz present (md5 716247fbbfbc3e932a09edbe3ed3ac58)
stage-cohort: SRR5935867_1.fastq.gz present (md5 722869768b136cf97543326b74a9d736)
stage-cohort: SRR5935867_2.fastq.gz present (md5 f57cb753915235f591007487587df832)
stage-cohort: SRR5935891_1.fastq.gz present (md5 061027da964c650c5586ef4b6232b6b0)
stage-cohort: SRR5935879_2.fastq.gz present (md5 56ace09baf262d91de10753bc63272d3)
stage-cohort: SRR5935891_2.fastq.gz present (md5 56b0d6c1afdd193be1963f1faed99d59)
stage-cohort: SRR5935879_1.fastq.gz present (md5 118dc26d742c6f64b34d19fd032e0dcf)
stage-cohort: SRR5935903_1.fastq.gz present (md5 5281da66c60819a594ed2510d5d4e484)
stage-cohort: SRR5935915_1.fastq.gz present (md5 f511d2bdf9de5543d9739fb87679efca)
stage-cohort: SRR5935903_2.fastq.gz present (md5 fe4fa8f9354ae96bd8eecc0dbbb1cd4b)
stage-cohort: SRR5935927_2.fastq.gz present (md5 5b540e34cb8bb2823d3f0fa712cd83dd)
stage-cohort: SRR5935915_2.fastq.gz present (md5 df51e2516d85094fbb794c070b84bda8)
stage-cohort: SRR5935927_1.fastq.gz present (md5 0f03560ab1a84d714522e38278ce15d6)
stage-cohort: SRR5935939_1.fastq.gz present (md5 54ca62dcde7d923eef5da64ea900d70a)
stage-cohort: SRR5935939_2.fastq.gz present (md5 5b7a0e3425d2ec3997dfc5a89c92261a)
stage-cohort: SRR5935951_2.fastq.gz present (md5 096cd155ef60ad060c5332bee2390d01)
stage-cohort: SRR5935951_1.fastq.gz present (md5 7ed9a9a0ec3fad82513023cf9318bf1d)
stage-cohort: SRR5935963_2.fastq.gz present (md5 b9f5cfbf782388b9ed12a99a05c05d29)
stage-cohort: SRR5935963_1.fastq.gz present (md5 c20d03860401877feb2c88c2a9fbf8b4)
stage-cohort: SRR5935975_2.fastq.gz present (md5 6b6fabb6317892826c1bc2555f6efdef)
stage-cohort: SRR5935975_1.fastq.gz present (md5 03afb559ca5e1eccc0a000685af267ff)
stage-cohort: SRR5935987_1.fastq.gz present (md5 d80fcd30a7f0397cca81f8a3255694da)
stage-cohort: SRR5935987_2.fastq.gz present (md5 c2fbc1ae38804ae762188cb507f175de)
stage-cohort: SRR5935999_2.fastq.gz present (md5 9e66bfd02b3362b7d3375f3fef4d317a)
stage-cohort: SRR5935999_1.fastq.gz present (md5 a7f8397f3ef7ba37c4bf2c071a0babe2)
stage-cohort: SRR5936011_1.fastq.gz present (md5 5f10f1060babfc8724d66c07d2846576)
stage-cohort: SRR5936023_1.fastq.gz present (md5 b51411035ecc0e0eff39f3d1babca23d)
stage-cohort: SRR5936011_2.fastq.gz present (md5 748d0925f1ee40698a547a484095d334)
stage-cohort: SRR5936035_1.fastq.gz present (md5 e434ffd0ad47a3495e57d77721a54919)
stage-cohort: SRR5936023_2.fastq.gz present (md5 e41d7fb9d39cc185974574224f6ee9fb)
stage-cohort: SRR5936035_2.fastq.gz present (md5 c5c7f2f3c5d7e18abe527e4949b0f9c5)
stage-cohort: SRR5936047_2.fastq.gz present (md5 e03246d36ae3569e02b9876b57610480)
stage-cohort: SRR5936047_1.fastq.gz present (md5 6c7b91c1cedc79a97268ca91687837ce)
stage-cohort: SRR5936059_1.fastq.gz present (md5 d16a17f6eefac512e98bb564d905ba18)
stage-cohort: SRR5936059_2.fastq.gz present (md5 d36663a8112414ab4a4c12ffd66ad306)
stage-cohort: SRR5936071_1.fastq.gz present (md5 b574168813e5f6bbf6f0b2a3ff54eeb7)
stage-cohort: SRR5936071_2.fastq.gz present (md5 55ad7679bd2de41e728dd97cfee247a0)
stage-cohort: SRR5936083_1.fastq.gz present (md5 ee2cebb1308b78fbcd362bb3cb814665)
stage-cohort: SRR5936095_1.fastq.gz present (md5 d5eb9e42bc322befec0250493ac6613b)
stage-cohort: SRR5936083_2.fastq.gz present (md5 f3b0a1934d74d3cbc3225808bb497af5)
stage-cohort: SRR5936107_1.fastq.gz present (md5 2deef6aed2463d8058b543bd68d20926)
stage-cohort: SRR5936095_2.fastq.gz present (md5 df3b27c4eb5c7c50600783a8dfddcad1)
stage-cohort: SRR5936107_2.fastq.gz present (md5 844265b3d1e72baf8eac42ab4cd7e834)
stage-cohort: SRR5936119_2.fastq.gz present (md5 623fcca6e57835725db1dad6d32899eb)
stage-cohort: SRR5936131_1.fastq.gz present (md5 df8035f3cc68a042cabfc5227de8fb11)
stage-cohort: SRR5936119_1.fastq.gz present (md5 c6866b865dac2407fff88e387b47b8e9)
stage-cohort: SRR5936131_2.fastq.gz present (md5 ee71215a15efbc3ad9e4c08cfe046220)
stage-cohort: SRR5936143_1.fastq.gz present (md5 ec6a91b0abdfa1ca1daa81a9af7189b5)
stage-cohort: SRR5936143_2.fastq.gz present (md5 c2b2d7759edb629816a0cedc0f1076d1)
stage-cohort: SRR5936155_1.fastq.gz present (md5 1223c6929c0f3ae52cf278419a56e612)
stage-cohort: SRR5936155_2.fastq.gz present (md5 fce7ceb14c5282a8db3ca60ee4241cc1)
stage-cohort: SRR5936167_1.fastq.gz present (md5 e4a274bf76b9a50e439d49de981c4c35)
stage-cohort: SRR5936167_2.fastq.gz present (md5 20026af1fe6d17211f2e1d408e8a18b8)
stage-cohort: SRR5936179_1.fastq.gz present (md5 56222244738365eaf5e74ab7625920e6)
stage-cohort: SRR5936179_2.fastq.gz present (md5 6653fea1eeae60edac60ae80150c517b)
stage-cohort: SRR5936191_1.fastq.gz present (md5 0eb0420c036874b6d1574477121afcaf)
stage-cohort: SRR5936191_2.fastq.gz present (md5 982dbce5ce45fcd006d8076a4f50fe6d)
stage-cohort: SRR5936203_1.fastq.gz present (md5 fb52e5f1e6c725bbbc5a039734eefe17)
stage-cohort: SRR5936203_2.fastq.gz present (md5 ac5131142120af1db59c2f79deec8db4)
stage-cohort: SRR5936215_1.fastq.gz present (md5 52fc76b62b86501cd8fe688f0cd86fef)
stage-cohort: SRR5936227_1.fastq.gz present (md5 d1564f533770d4de9dbde31f10e9de9d)
stage-cohort: SRR5936215_2.fastq.gz present (md5 9468ec8744ccc06096e9e8a5de199193)
stage-cohort: SRR5936227_2.fastq.gz present (md5 dc51eda8658a3dcba42c891c3dacd927)
stage-cohort: SRR5936239_1.fastq.gz present (md5 5cbc56cd68c996d6c172c91a4a27c8f4)
stage-cohort: SRR5936239_2.fastq.gz present (md5 47b6df6bc15cb0d98202565f0a0e7848)
stage-cohort: SRR5946616_1.fastq.gz present (md5 672749caf2866e2472c8acbeb0c3a584)
stage-cohort: SRR5946628_1.fastq.gz present (md5 c453bebb81ab751e51c1ca748aead983)
stage-cohort: SRR5946616_2.fastq.gz present (md5 35fb68956396f83e5b86d12c11462077)
stage-cohort: SRR5946628_2.fastq.gz present (md5 07561f0569904076988c5836338c3c9c)
stage-cohort: SRR5946640_1.fastq.gz present (md5 77e0395457d5e92b1dd509efb72f8288)
stage-cohort: SRR5946652_1.fastq.gz present (md5 8692b3c11838e0583dd129a92710e943)
stage-cohort: SRR5946640_2.fastq.gz present (md5 d7333afc3eec764b488016e51b4b6fc8)
stage-cohort: SRR5946664_1.fastq.gz present (md5 cec8b75a89ea39e8374d69dbea50d830)
stage-cohort: SRR5946664_2.fastq.gz present (md5 ab26b150298d88a84a683d1e85e629e9)
stage-cohort: SRR5946652_2.fastq.gz present (md5 8770f2f3a03ba469fdf41e28a5c373f5)
stage-cohort: SRR5946676_2.fastq.gz present (md5 070d018ad00f390ab842858b9e51b650)
stage-cohort: SRR5946676_1.fastq.gz present (md5 8383363ac2f23d340bde0dcb658aeef3)
stage-cohort: SRR5946688_1.fastq.gz present (md5 348afdb63a80e77e65444bb4dbd0c4ff)
stage-cohort: SRR5946688_2.fastq.gz present (md5 442dcd97f74a7492528e9d8a2567f174)
stage-cohort: SRR5946700_2.fastq.gz present (md5 7ce104b4f7228644d189f6a87699822b)
stage-cohort: SRR5946700_1.fastq.gz present (md5 996e4b7ee0c6bc6f5b735b76e9914c46)
stage-cohort: SRR5946712_2.fastq.gz present (md5 6d6db63cef4765449f07119d2aa4fa42)
stage-cohort: SRR5946712_1.fastq.gz present (md5 3f04b84eb114b3862aff9dc626ecca2a)
stage-cohort: SRR5946724_1.fastq.gz present (md5 2850db3195099cc6744de067101f46d8)
stage-cohort: SRR5946724_2.fastq.gz present (md5 bf8a086ef68e1517da507e7cef530f69)
stage-cohort: SRR5946736_1.fastq.gz present (md5 ddace7559a9de569d9e1342589d4e6fa)
stage-cohort: SRR5946736_2.fastq.gz present (md5 cdd5005e086535f762b4a4d2709290e7)
stage-cohort: SRR5946748_1.fastq.gz present (md5 e20d697abc06e1e63df904d862273845)
stage-cohort: SRR5946748_2.fastq.gz present (md5 eb1c720a9dc3f0a2208cf2375afec14f)
stage-cohort: SRR5946760_1.fastq.gz present (md5 e2b8d11565361cf86b0f59d81cbfe422)
stage-cohort: SRR5946772_1.fastq.gz present (md5 bcb32afe5851f960dc0c3519b9cd530c)
stage-cohort: SRR5946760_2.fastq.gz present (md5 ce44513fca1df5b51f51802e0fd62d80)
stage-cohort: SRR5946772_2.fastq.gz present (md5 6f1450044c1634f8a7b31a29d5204d61)
stage-cohort: SRR5946784_1.fastq.gz present (md5 8a2e348edbe10ad81fcf51847e76f1c6)
stage-cohort: SRR5946784_2.fastq.gz present (md5 4c0429e5f767e58a8934908bf73524c7)
stage-cohort: SRR5946796_1.fastq.gz present (md5 8b77b48cf09ee5ec88899a5e30847373)
stage-cohort: SRR5946796_2.fastq.gz present (md5 10299e2fa5e7e6006d506aa461c4b014)
stage-cohort: SRR5946808_1.fastq.gz present (md5 46dbea5a9267b85bb8727b0d5e529d2e)
stage-cohort: SRR5946808_2.fastq.gz present (md5 0be083ac86b6849ea322bd64ec353019)
stage-cohort: SRR5946820_2.fastq.gz present (md5 71f4b3ff9db3c2490256c58718b7973d)
stage-cohort: SRR5946820_1.fastq.gz present (md5 283e85a80eff30208e9f493119cf93e2)
stage-cohort: SRR5946832_1.fastq.gz present (md5 f2f2fb11d684874f62de658ed9e7c922)
stage-cohort: SRR5946832_2.fastq.gz present (md5 e68196f0aef0ae06520e3404ba215849)
stage-cohort: SRR5946844_2.fastq.gz present (md5 363f215e8c1e778c1e80ccf9ba153418)
stage-cohort: SRR5946844_1.fastq.gz present (md5 a5ff1851647e9ea3c9eb7d3bb6be0f50)
stage-cohort: SRR5946856_1.fastq.gz present (md5 0c20836f155f797dcefd0fee1c6d385d)
stage-cohort: SRR5946856_2.fastq.gz present (md5 f81dcd0f14e073ba358764ba544d3cf9)
stage-cohort: SRR5946868_1.fastq.gz present (md5 618b37dd73a929b800938b5b1bafdc4a)
stage-cohort: SRR5946880_1.fastq.gz present (md5 0273dd0d072798f438c1fe66916761b9)
stage-cohort: SRR5946868_2.fastq.gz present (md5 6d339ff17f47652c6c92ca98c17af89d)
stage-cohort: SRR5946880_2.fastq.gz present (md5 7f9ceacd16e21f92b26a4ad18a7f3ed7)
stage-cohort: SRR5946892_1.fastq.gz present (md5 bc0cf83d2850dffb2022731edc170d50)
stage-cohort: SRR5946892_2.fastq.gz present (md5 0b326388697edd0acc36abf4d5acc668)
stage-cohort: SRR5946904_1.fastq.gz present (md5 1e172a2fb8b6c363fb422a4bb9b46628)
stage-cohort: SRR5946904_2.fastq.gz present (md5 bee4740c844b0efd58e3d150ddffc1da)
stage-cohort: SRR5946916_1.fastq.gz present (md5 24f5af901bb6ea1c14c4af6f14402a02)
stage-cohort: SRR5946916_2.fastq.gz present (md5 fa74c8ba9da0df083a75a3a5a6ebc84f)
stage-cohort: SRR5946928_1.fastq.gz present (md5 10337f3efd8e2aaef73735d7e14690ec)
stage-cohort: SRR5946928_2.fastq.gz present (md5 142d825d63efc672a2b9900d093592d0)
stage-cohort: SRR5946940_2.fastq.gz present (md5 911ac4a7a3ba1d180789aa6e1c18018a)
stage-cohort: SRR5946940_1.fastq.gz present (md5 425db339e0847bdac13157925b5a95e5)
stage-cohort: SRR5946952_1.fastq.gz present (md5 96634b013ce4ffd8b90d040ab01699fb)
stage-cohort: SRR5946952_2.fastq.gz present (md5 a932927bcbe9f5b0f5af13b7a69a0850)
stage-cohort: SRR5946964_1.fastq.gz present (md5 3c1a44739fd3ebb3f079f73d0286abef)
stage-cohort: SRR5946964_2.fastq.gz present (md5 db6e8180fa386ef7985426ba6303dc32)
stage-cohort: SRR5946976_2.fastq.gz present (md5 5fdead41b78c4106970bdae49d847b19)
stage-cohort: SRR5946976_1.fastq.gz present (md5 1abadfd3bda9fc8710b2d0ec46063921)
stage-cohort: SRR5946988_1.fastq.gz present (md5 d279fbb2f09d6f5f1171f8782ca9cb70)
stage-cohort: SRR5946988_2.fastq.gz present (md5 6145655d27897016177b6aa199f869fe)
stage-cohort: SRR5947000_1.fastq.gz present (md5 8ec32b7ff5c216eb0ab03e49f18940ea)
stage-cohort: SRR5947000_2.fastq.gz present (md5 a9c867cb4e71efe7d661f51eab81b5dd)
stage-cohort: SRR5947012_2.fastq.gz present (md5 3f07f3b7c3d0b1495501311a097ab04b)
stage-cohort: SRR5947012_1.fastq.gz present (md5 c43f45c8909929a68e361dd829bc0132)
stage-cohort: SRR5947024_1.fastq.gz present (md5 cb17d47525db076e0d436a47377cce82)
stage-cohort: SRR5947024_2.fastq.gz present (md5 ec9521c0ae95941903435a286ba280f3)
stage-cohort: SRR5947036_1.fastq.gz present (md5 4da12545dd55dd4e74087c7be9009859)
stage-cohort: SRR5947036_2.fastq.gz present (md5 2beb902656165039d9788784c5eec4c6)
stage-cohort: SRR5947048_2.fastq.gz present (md5 977a45677b3d95acf5a06d180db04c16)
stage-cohort: SRR5947048_1.fastq.gz present (md5 fef570de8325d190e36e5ebe5e2f6a76)
stage-cohort: SRR5947060_1.fastq.gz present (md5 9965b3e4a7b038d51715d9835c6205de)
stage-cohort: SRR5947072_1.fastq.gz present (md5 b7337ff0042ffbb7b79e0f1e5bb15da8)
stage-cohort: SRR5947060_2.fastq.gz present (md5 9ecbeb70da3ee7471c43356103be681b)
stage-cohort: SRR5947072_2.fastq.gz present (md5 c44c6da1d11312ed0800ce262e83e9f0)
stage-cohort: SRR5947084_1.fastq.gz present (md5 72f025e62dff9df82ed70558ce23e57e)
stage-cohort: SRR5947084_2.fastq.gz present (md5 abb636a1a2d809e1d161e2a4d8b6f988)
stage-cohort: SRR5947096_1.fastq.gz present (md5 aecbfb52ddae09a76e6bd3cecc0439c0)
stage-cohort: SRR5947096_2.fastq.gz present (md5 9463145e0978714367a2a1501138880a)
s3://aws-kraken2-942542972736-us-west-2/aws-kraken2/data/cohort/
ak2: [2026-10-08T05:46:35Z] stage-cohort: 0 files fetched and staged, 164 present
ak2-phase	2026-10-08T05:46:35Z	1791438395	push	no
ak2: [2026-10-08T05:46:35Z] pushed out/stage.log
ak2: [2026-10-08T05:46:36Z] pushed out/staged.tsv
ak2: [2026-10-08T05:46:36Z] stage-cohort rc=0
ak2: [2026-10-08T05:46:36Z] spec body exit rc=0
ak2-phase	2026-10-08T05:46:36Z	1791438396	end	no
