Loading database information...ak2-timing	opts	0.003362	0.000018	0	0	0.000000	0.000017
ak2-timing	taxo	0.003389	0.113235	87892	0	0.027725	0.088709
ak2-timing	shard-load-27	0.180644	14.548975	24255	0	19.714573	19.485778
ak2-engine	mem	t_s	15.0	rss_kib	36685164	hwm_kib	36685168	heap_inuse	405504000	sys	440265080	avail_kib	58185020
ak2-timing	rendezvous	15.310116	5.712805	235	0	0.013141	0.002842
ak2-timing	connect	21.022939	0.068669	1	0	0.000973	0.000965
ak2-timing	hash	0.116699	20.974923	26418	0	19.730620	19.503537
 done.
ak2-engine	mem	t_s	30.0	rss_kib	55350720	hwm_kib	55366776	heap_inuse	10593804288	sys	19842317000	avail_kib	39797972
9230220 sequences (1688.15 Mbp) processed in 9.452s (58590.8 Kseq/m, 10715.91 Mbp/m).
  8736529 sequences classified (94.65%)
  493691 sequences unclassified (5.35%)
ak2-sample	batch	0	name	0-SRR5935771	mode	parallel	s3client	sdk	rank	27	role	home	inflight	6	threads	16	start_s	21.091656	wall_s	9.950854	setup_s	0.000045	classify_s	9.452220	close_s	0.306559	report_s	0.180144	status	0	sequences	9230220	bases	1688151903	classified	8736529	place	lpt	weight	9230220
13253368 sequences (2414.15 Mbp) processed in 10.614s (74922.5 Kseq/m, 13647.43 Mbp/m).
  12329188 sequences classified (93.03%)
  924180 sequences unclassified (6.97%)
ak2-sample	batch	0	name	0-SRR5935804	mode	parallel	s3client	sdk	rank	27	role	home	inflight	6	threads	16	start_s	21.091667	wall_s	11.120794	setup_s	0.000039	classify_s	10.613660	close_s	0.343729	report_s	0.151406	status	0	sequences	13253368	bases	2414153428	classified	12329188	place	lpt	weight	13253368
14303962 sequences (2635.98 Mbp) processed in 11.265s (76185.7 Kseq/m, 14039.74 Mbp/m).
  14029845 sequences classified (98.08%)
  274117 sequences unclassified (1.92%)
ak2-sample	batch	0	name	0-SRR5935830	mode	parallel	s3client	sdk	rank	27	role	home	inflight	6	threads	16	start_s	21.091661	wall_s	11.792126	setup_s	0.000042	classify_s	11.265075	close_s	0.348215	report_s	0.171314	status	0	sequences	14303962	bases	2635979010	classified	14029845	place	lpt	weight	14303962
ak2-timing	batch-barrier-0	32.883808	3.148066	4	0	0.943153	0.117535
5166420 sequences (956.19 Mbp) processed in 5.624s (55118.5 Kseq/m, 10201.24 Mbp/m).
  4901709 sequences classified (94.88%)
  264711 sequences unclassified (5.12%)
ak2-sample	batch	1	name	1-SRR5935767	mode	parallel	s3client	sdk	rank	27	role	home	inflight	6	threads	16	start_s	36.031920	wall_s	6.242617	setup_s	0.000046	classify_s	5.623973	close_s	0.465511	report_s	0.146516	status	0	sequences	5166420	bases	956191777	classified	4901709	place	mod	weight	5166420
9090205 sequences (1661.37 Mbp) processed in 7.482s (72900.8 Kseq/m, 13323.72 Mbp/m).
  7439975 sequences classified (81.85%)
  1650230 sequences unclassified (18.15%)
ak2-sample	batch	1	name	1-SRR5935799	mode	parallel	s3client	sdk	rank	27	role	home	inflight	6	threads	16	start_s	36.031926	wall_s	8.084803	setup_s	0.000042	classify_s	7.481564	close_s	0.263716	report_s	0.319990	status	0	sequences	9090205	bases	1661371324	classified	7439975	place	mod	weight	9090205
ak2-engine	mem	t_s	45.0	rss_kib	51183844	hwm_kib	56582604	heap_inuse	8678768640	sys	20931779528	avail_kib	39223552
12793053 sequences (2357.69 Mbp) processed in 9.263s (82861.1 Kseq/m, 15270.83 Mbp/m).
  12609886 sequences classified (98.57%)
  183167 sequences unclassified (1.43%)
ak2-sample	batch	1	name	1-SRR5935831	mode	parallel	s3client	sdk	rank	27	role	home	inflight	6	threads	16	start_s	36.031905	wall_s	9.679075	setup_s	0.000050	classify_s	9.263490	close_s	0.285614	report_s	0.124289	status	0	sequences	12793053	bases	2357685670	classified	12609886	place	mod	weight	12793053
ak2-timing	batch-barrier-1	45.711001	6.598671	17639	0	3.954840	0.561169
ak2-engine	mem	t_s	60.0	rss_kib	55958592	hwm_kib	56582604	heap_inuse	14033387520	sys	20932869064	avail_kib	38577228
9230220 sequences (1688.15 Mbp) processed in 8.044s (68844.7 Kseq/m, 12591.28 Mbp/m).
  8736529 sequences classified (94.65%)
  493691 sequences unclassified (5.35%)
ak2-sample	batch	2	name	2-SRR5935771	mode	parallel	s3client	sdk	rank	27	role	home	inflight	6	threads	16	start_s	52.309723	wall_s	8.471818	setup_s	0.000052	classify_s	8.044389	close_s	0.248097	report_s	0.168101	status	0	sequences	9230220	bases	1688151903	classified	8736529	place	lpt	weight	9230220
13253368 sequences (2414.15 Mbp) processed in 9.965s (79800.8 Kseq/m, 14536.03 Mbp/m).
  12329188 sequences classified (93.03%)
  924180 sequences unclassified (6.97%)
ak2-sample	batch	2	name	2-SRR5935804	mode	parallel	s3client	sdk	rank	27	role	home	inflight	6	threads	16	start_s	52.309733	wall_s	10.409836	setup_s	0.000040	classify_s	9.964837	close_s	0.264161	report_s	0.169155	status	0	sequences	13253368	bases	2414153428	classified	12329188	place	lpt	weight	13253368
14303962 sequences (2635.98 Mbp) processed in 10.344s (82968.3 Kseq/m, 15289.65 Mbp/m).
  14029845 sequences classified (98.08%)
  274117 sequences unclassified (1.92%)
ak2-sample	batch	2	name	2-SRR5935830	mode	parallel	s3client	sdk	rank	27	role	home	inflight	6	threads	16	start_s	52.309728	wall_s	10.738181	setup_s	0.000050	classify_s	10.344168	close_s	0.245234	report_s	0.141323	status	0	sequences	14303962	bases	2635979010	classified	14029845	place	lpt	weight	14303962
ak2-timing	batch-barrier-2	63.047928	2.966087	3	0	0.464584	0.125389
ak2-timing	barrier	72.701572	0.486871	0	0	0.003105	0.010323
ak2-sample	batch	3	name	3-SRR5935740	mode	striped	s3client	sdk	rank	27	role	peer	inflight	1	threads	16	start_s	67.114400	wall_s	6.074097	setup_s	0.000048	classify_s	5.584917	close_s	0.000000	report_s	0.000000	status	0	sequences	0	bases	0	classified	0	place	-	weight	-
ak2-timing	batch-barrier-3	73.188506	0.865095	0	0	0.008490	0.000000
ak2-engine	mem	t_s	75.0	rss_kib	39246820	hwm_kib	56582604	heap_inuse	1949646848	sys	20932918216	avail_kib	53249116
ak2-timing	barrier	80.812160	0.265265	0	0	0.013136	0.000000
ak2-sample	batch	4	name	4-SRR5935740	mode	striped	s3client	sdk	rank	27	role	peer	inflight	1	threads	16	start_s	75.254050	wall_s	5.823430	setup_s	0.000054	classify_s	5.555931	close_s	0.000000	report_s	0.000000	status	0	sequences	0	bases	0	classified	0	place	-	weight	-
ak2-timing	batch-barrier-4	81.077490	0.877712	2	0	0.008555	0.000159
ak2-timing	barrier	88.746902	0.232793	0	0	0.009569	0.000887
ak2-sample	batch	5	name	5-SRR5935740	mode	striped	s3client	sdk	rank	27	role	peer	inflight	1	threads	16	start_s	83.190495	wall_s	5.789262	setup_s	0.000049	classify_s	5.554191	close_s	0.000000	report_s	0.000000	status	0	sequences	0	bases	0	classified	0	place	-	weight	-
ak2-timing	batch-barrier-5	88.979767	0.900334	13	0	0.000678	0.009157
ak2-engine	mem	t_s	90.0	rss_kib	38945844	hwm_kib	56582604	heap_inuse	2284437504	sys	20933180360	avail_kib	55934188
ak2-timing	batch-barrier-6	89.880129	7.519086	33	0	0.323537	0.057608
ak2-timing	batch-barrier-7	97.399242	6.505951	15	0	0.325579	0.066155
ak2-engine	mem	t_s	105.0	rss_kib	38946080	hwm_kib	56582604	heap_inuse	2290425856	sys	20933180360	avail_kib	56384520
ak2-timing	batch-barrier-8	103.905221	7.455521	33	0	0.357487	0.035334
ak2-engine	shard	0	n	32	lo	250824024513	hi	260113803199	tail	302	full	false	empty_at	9289778690	keys	4231484100	batches	89910	probe_s	92.706327	tail_probes	0	wrap_probes	0
ak2-engine	mem	t_s	111.4	rss_kib	38946152	hwm_kib	56582604	heap_inuse	2290950144	sys	20933180360	avail_kib	56432416
ak2-engine	rendezvous	puts	13	gets	717
ak2-engine	s3	client	sdk	put	22	get	717	create_multipart	9	upload_part	1061	complete_multipart	9	abort_multipart	0	part_bytes	8865748682
ak2-engine	s3	client	cli	put	0	get	0	create_multipart	0	upload_part	0	complete_multipart	0	abort_multipart	0	part_bytes	0
ak2-engine	load	seconds	14.548971	requests	572	retries	0	bytes	37159181552
ak2-engine	route	transport	nodes	calls	2646	keys	3971758351	batches	84672	route_s	36.704269	wait_s	648.737434	gather_s	7.833212
ak2-engine	worker	scan_s	311.040226	lookup_s	693.276649	classify_s	224.466871
ak2-timing	total	0.000001	111.431257	9095445	0	839.904660	77.927046
