Loading database information...ak2-timing	opts	0.002776	0.000020	0	0	0.000000	0.000018
ak2-timing	taxo	0.002805	0.098585	87781	0	0.026642	0.081670
ak2-timing	shard-load-5	0.162657	41.566526	41177	0	53.245893	63.696011
ak2-timing	rendezvous	42.158002	19.461955	1628	0	0.022698	0.012245
ak2-timing	connect	61.619973	0.070561	7	0	0.000545	0.000653
ak2-timing	hash	0.101418	61.589128	44751	0	53.271046	63.722780
 done.
14472574 sequences (2738.53 Mbp) processed in 15.548s (55850.7 Kseq/m, 10568.18 Mbp/m).
  14022498 sequences classified (96.89%)
  450076 sequences unclassified (3.11%)
ak2-sample	batch	0	name	0-SRR5935806	mode	parallel	s3client	sdk	rank	5	role	home	inflight	2	threads	16	start_s	61.690590	wall_s	16.048746	setup_s	0.000055	classify_s	15.547782	close_s	0.245005	report_s	0.246527	status	0	sequences	14472574	bases	2738529910	classified	14022498	place	lpt	weight	14472574
18392491 sequences (3418.71 Mbp) processed in 18.612s (59293.1 Kseq/m, 11021.11 Mbp/m).
  18064386 sequences classified (98.22%)
  328105 sequences unclassified (1.78%)
ak2-sample	batch	0	name	0-SRR5935803	mode	parallel	s3client	sdk	rank	5	role	home	inflight	2	threads	16	start_s	61.690594	wall_s	19.022221	setup_s	0.000058	classify_s	18.611763	close_s	0.218864	report_s	0.179644	status	0	sequences	18392491	bases	3418705365	classified	18064386	place	lpt	weight	18392491
12325847 sequences (2261.51 Mbp) processed in 12.283s (60210.9 Kseq/m, 11047.32 Mbp/m).
  11791754 sequences classified (95.67%)
  534093 sequences unclassified (4.33%)
ak2-sample	batch	0	name	0-SRR5935742	mode	parallel	s3client	sdk	rank	5	role	home	inflight	2	threads	16	start_s	77.739361	wall_s	12.745937	setup_s	0.000065	classify_s	12.282682	close_s	0.287207	report_s	0.165813	status	0	sequences	12325847	bases	2261511731	classified	11791754	place	lpt	weight	12325847
10896278 sequences (2024.82 Mbp) processed in 10.662s (61320.7 Kseq/m, 11395.04 Mbp/m).
  10712521 sequences classified (98.31%)
  183757 sequences unclassified (1.69%)
ak2-sample	batch	0	name	0-SRR5935819	mode	parallel	s3client	sdk	rank	5	role	home	inflight	2	threads	16	start_s	80.712843	wall_s	11.083416	setup_s	0.000071	classify_s	10.661600	close_s	0.236625	report_s	0.179019	status	0	sequences	10896278	bases	2024821947	classified	10712521	place	lpt	weight	10896278
5174437 sequences (978.78 Mbp) processed in 5.544s (56000.7 Kseq/m, 10592.89 Mbp/m).
  5104140 sequences classified (98.64%)
  70297 sequences unclassified (1.36%)
ak2-sample	batch	0	name	0-SRR5935763	mode	parallel	s3client	sdk	rank	5	role	home	inflight	2	threads	16	start_s	91.796300	wall_s	5.865308	setup_s	0.000087	classify_s	5.543971	close_s	0.207562	report_s	0.109082	status	0	sequences	5174437	bases	978777662	classified	5104140	place	lpt	weight	5174437
9108174 sequences (1698.33 Mbp) processed in 8.120s (67299.7 Kseq/m, 12548.87 Mbp/m).
  8923230 sequences classified (97.97%)
  184944 sequences unclassified (2.03%)
ak2-sample	batch	0	name	0-SRR5935812	mode	parallel	s3client	sdk	rank	5	role	home	inflight	2	threads	16	start_s	90.485367	wall_s	8.550943	setup_s	0.000073	classify_s	8.120250	close_s	0.284638	report_s	0.139057	status	0	sequences	9108174	bases	1698332428	classified	8923230	place	lpt	weight	9108174
ak2-timing	batch-barrier-0	99.036333	3.215816	0	0	0.491170	0.251675
10492437 sequences (1984.14 Mbp) processed in 11.385s (55298.2 Kseq/m, 10457.00 Mbp/m).
  9889429 sequences classified (94.25%)
  603008 sequences unclassified (5.75%)
ak2-sample	batch	1	name	1-SRR5935745	mode	parallel	s3client	sdk	rank	5	role	home	inflight	2	threads	16	start_s	102.252193	wall_s	11.818870	setup_s	0.000044	classify_s	11.384567	close_s	0.213651	report_s	0.208719	status	0	sequences	10492437	bases	1984140901	classified	9889429	place	mod	weight	10492437
14191749 sequences (2646.88 Mbp) processed in 14.243s (59786.0 Kseq/m, 11150.59 Mbp/m).
  13987275 sequences classified (98.56%)
  204474 sequences unclassified (1.44%)
ak2-sample	batch	1	name	1-SRR5935761	mode	parallel	s3client	sdk	rank	5	role	home	inflight	2	threads	16	start_s	102.252178	wall_s	14.721723	setup_s	0.000046	classify_s	14.242537	close_s	0.306630	report_s	0.164063	status	0	sequences	14191749	bases	2646878118	classified	13987275	place	mod	weight	14191749
1771479 sequences (333.19 Mbp) processed in 2.159s (49235.9 Kseq/m, 9260.48 Mbp/m).
  1476454 sequences classified (83.35%)
  295025 sequences unclassified (16.65%)
ak2-sample	batch	1	name	1-SRR5935793	mode	parallel	s3client	sdk	rank	5	role	home	inflight	2	threads	16	start_s	116.973930	wall_s	2.944031	setup_s	0.000068	classify_s	2.158767	close_s	0.535956	report_s	0.241208	status	0	sequences	1771479	bases	333187068	classified	1476454	place	mod	weight	1771479
8173049 sequences (1459.57 Mbp) processed in 7.367s (66562.7 Kseq/m, 11886.95 Mbp/m).
  7956066 sequences classified (97.35%)
  216983 sequences unclassified (2.65%)
ak2-sample	batch	1	name	1-SRR5935777	mode	parallel	s3client	sdk	rank	5	role	home	inflight	2	threads	16	start_s	114.071093	wall_s	7.747784	setup_s	0.000068	classify_s	7.367234	close_s	0.248058	report_s	0.125871	status	0	sequences	8173049	bases	1459565869	classified	7956066	place	mod	weight	8173049
1539039 sequences (293.66 Mbp) processed in 1.843s (50113.3 Kseq/m, 9561.90 Mbp/m).
  1494119 sequences classified (97.08%)
  44920 sequences unclassified (2.92%)
ak2-sample	batch	1	name	1-SRR5935809	mode	parallel	s3client	sdk	rank	5	role	home	inflight	2	threads	16	start_s	119.918025	wall_s	2.205672	setup_s	0.000071	classify_s	1.842674	close_s	0.206304	report_s	0.152385	status	0	sequences	1539039	bases	293657718	classified	1494119	place	mod	weight	1539039
11458367 sequences (2115.94 Mbp) processed in 6.565s (104722.8 Kseq/m, 19338.43 Mbp/m).
  9654089 sequences classified (84.25%)
  1804278 sequences unclassified (15.75%)
ak2-sample	batch	1	name	1-SRR5935825	mode	parallel	s3client	sdk	rank	5	role	home	inflight	2	threads	16	start_s	121.818906	wall_s	6.994911	setup_s	0.000072	classify_s	6.564968	close_s	0.231330	report_s	0.180272	status	0	sequences	11458367	bases	2115935464	classified	9654089	place	mod	weight	11458367
ak2-timing	batch-barrier-1	128.813844	18.498551	3	0	17.181328	2.282726
14472574 sequences (2738.53 Mbp) processed in 15.258s (56913.1 Kseq/m, 10769.22 Mbp/m).
  14022498 sequences classified (96.89%)
  450076 sequences unclassified (3.11%)
ak2-sample	batch	2	name	2-SRR5935806	mode	parallel	s3client	sdk	rank	5	role	home	inflight	2	threads	16	start_s	147.312440	wall_s	15.705602	setup_s	0.000049	classify_s	15.257545	close_s	0.277907	report_s	0.160074	status	0	sequences	14472574	bases	2738529910	classified	14022498	place	lpt	weight	14472574
18392491 sequences (3418.71 Mbp) processed in 18.725s (58935.8 Kseq/m, 10954.70 Mbp/m).
  18064386 sequences classified (98.22%)
  328105 sequences unclassified (1.78%)
ak2-sample	batch	2	name	2-SRR5935803	mode	parallel	s3client	sdk	rank	5	role	home	inflight	2	threads	16	start_s	147.312443	wall_s	19.149137	setup_s	0.000057	classify_s	18.724591	close_s	0.243396	report_s	0.171252	status	0	sequences	18392491	bases	3418705365	classified	18064386	place	lpt	weight	18392491
12325847 sequences (2261.51 Mbp) processed in 11.847s (62426.3 Kseq/m, 11453.80 Mbp/m).
  11791754 sequences classified (95.67%)
  534093 sequences unclassified (4.33%)
ak2-sample	batch	2	name	2-SRR5935742	mode	parallel	s3client	sdk	rank	5	role	home	inflight	2	threads	16	start_s	163.018068	wall_s	12.427764	setup_s	0.000069	classify_s	11.846785	close_s	0.342721	report_s	0.227113	status	0	sequences	12325847	bases	2261511731	classified	11791754	place	lpt	weight	12325847
10896278 sequences (2024.82 Mbp) processed in 10.999s (59437.4 Kseq/m, 11045.07 Mbp/m).
  10712521 sequences classified (98.31%)
  183757 sequences unclassified (1.69%)
ak2-sample	batch	2	name	2-SRR5935819	mode	parallel	s3client	sdk	rank	5	role	home	inflight	2	threads	16	start_s	166.461611	wall_s	11.444866	setup_s	0.000064	classify_s	10.999417	close_s	0.279632	report_s	0.158769	status	0	sequences	10896278	bases	2024821947	classified	10712521	place	lpt	weight	10896278
5174437 sequences (978.78 Mbp) processed in 5.516s (56287.3 Kseq/m, 10647.10 Mbp/m).
  5104140 sequences classified (98.64%)
  70297 sequences unclassified (1.36%)
ak2-sample	batch	2	name	2-SRR5935763	mode	parallel	s3client	sdk	rank	5	role	home	inflight	2	threads	16	start_s	177.906504	wall_s	5.869543	setup_s	0.000077	classify_s	5.515743	close_s	0.214019	report_s	0.134830	status	0	sequences	5174437	bases	978777662	classified	5104140	place	lpt	weight	5174437
9108174 sequences (1698.33 Mbp) processed in 8.545s (63957.2 Kseq/m, 11925.61 Mbp/m).
  8923230 sequences classified (97.97%)
  184944 sequences unclassified (2.03%)
ak2-sample	batch	2	name	2-SRR5935812	mode	parallel	s3client	sdk	rank	5	role	home	inflight	2	threads	16	start_s	175.445911	wall_s	8.962034	setup_s	0.000064	classify_s	8.544633	close_s	0.213339	report_s	0.196382	status	0	sequences	9108174	bases	1698332428	classified	8923230	place	lpt	weight	9108174
ak2-timing	batch-barrier-2	184.407972	3.231940	0	0	0.539117	0.105024
ak2-timing	barrier	194.138926	0.451540	0	0	0.022011	0.001059
ak2-sample	batch	3	name	3-SRR5935740	mode	striped	s3client	sdk	rank	5	role	peer	inflight	1	threads	16	start_s	188.561572	wall_s	6.028933	setup_s	0.000047	classify_s	5.573114	close_s	0.000000	report_s	0.000000	status	0	sequences	0	bases	0	classified	0	place	-	weight	-
ak2-timing	batch-barrier-3	194.590516	0.512844	0	0	0.006818	0.000605
ak2-timing	barrier	201.556878	0.106469	0	0	0.002907	0.000257
ak2-sample	batch	4	name	4-SRR5935740	mode	striped	s3client	sdk	rank	5	role	peer	inflight	1	threads	16	start_s	195.893730	wall_s	5.769654	setup_s	0.000048	classify_s	5.658899	close_s	0.000000	report_s	0.000000	status	0	sequences	0	bases	0	classified	0	place	-	weight	-
ak2-timing	batch-barrier-4	201.663395	0.493281	21	0	0.005154	0.000455
ak2-timing	barrier	208.573480	0.192152	0	0	0.004119	0.009559
ak2-sample	batch	5	name	5-SRR5935740	mode	striped	s3client	sdk	rank	5	role	peer	inflight	1	threads	16	start_s	202.987718	wall_s	5.777959	setup_s	0.000049	classify_s	5.581570	close_s	0.000000	report_s	0.000000	status	0	sequences	0	bases	0	classified	0	place	-	weight	-
ak2-timing	batch-barrier-5	208.765687	0.830197	0	0	0.000000	0.008622
ak2-timing	batch-barrier-6	209.595903	7.133242	0	0	0.674550	0.158577
ak2-timing	batch-barrier-7	216.729166	7.088622	2	0	0.769909	0.074446
ak2-timing	batch-barrier-8	223.817808	7.248644	0	0	0.734074	0.109283
ak2-engine	shard	0	n	16	lo	92897786856	hi	111477344228	tail	302	full	false	empty_at	18579557371	keys	8481868707	batches	89910	probe_s	209.100123	tail_probes	0	wrap_probes	0
ak2-engine	rendezvous	puts	13	gets	610
ak2-engine	s3	client	sdk	put	31	get	610	create_multipart	18	upload_part	1954	complete_multipart	18	abort_multipart	0	part_bytes	16316237306
ak2-engine	s3	client	cli	put	0	get	0	create_multipart	0	upload_part	0	complete_multipart	0	abort_multipart	0	part_bytes	0
ak2-engine	load	seconds	41.566522	requests	1126	retries	0	bytes	74318296296
ak2-engine	route	transport	nodes	calls	5023	keys	7604277505	batches	80368	route_s	90.958912	wait_s	304.459631	gather_s	17.342924
ak2-engine	worker	scan_s	677.873192	lookup_s	412.765341	classify_s	589.274943
ak2-timing	total	0.000001	231.202320	9047482	0	1535.169298	135.233653
