Loading database information...ak2-timing	opts	0.002995	0.000016	0	0	0.000015	0.000000
ak2-timing	taxo	0.003018	0.095409	87810	0	0.024632	0.086186
ak2-engine	mem	t_s	15.0	rss_kib	26637236	hwm_kib	26637240	heap_inuse	402710528	sys	428276072	avail_kib	488311748
ak2-engine	mem	t_s	30.0	rss_kib	53379240	hwm_kib	53381292	heap_inuse	404471808	sys	428538216	avail_kib	461556628
ak2-engine	mem	t_s	45.0	rss_kib	80128012	hwm_kib	80128016	heap_inuse	406560768	sys	436926824	avail_kib	434757984
ak2-engine	mem	t_s	60.0	rss_kib	106856616	hwm_kib	106856620	heap_inuse	408731648	sys	437188968	avail_kib	408006920
ak2-engine	mem	t_s	75.0	rss_kib	133583196	hwm_kib	133583200	heap_inuse	410968064	sys	441383272	avail_kib	381149928
ak2-engine	mem	t_s	90.0	rss_kib	160332012	hwm_kib	160332016	heap_inuse	412901376	sys	441383272	avail_kib	354347820
ak2-engine	mem	t_s	105.0	rss_kib	187034448	hwm_kib	187034452	heap_inuse	415825920	sys	441383272	avail_kib	327596016
ak2-engine	mem	t_s	120.0	rss_kib	213751308	hwm_kib	213753360	heap_inuse	419069952	sys	445577576	avail_kib	300869964
ak2-engine	mem	t_s	135.0	rss_kib	240439812	hwm_kib	240439812	heap_inuse	214605824	sys	445888872	avail_kib	274143528
ak2-engine	mem	t_s	150.0	rss_kib	267154076	hwm_kib	267154076	heap_inuse	216178688	sys	445888872	avail_kib	247394984
ak2-timing	shard-load-3	0.181851	164.153401	152097	0	209.914556	231.866564
ak2-engine	mem	t_s	165.0	rss_kib	290716048	hwm_kib	290716048	heap_inuse	218660864	sys	445888872	avail_kib	223817380
ak2-timing	rendezvous	165.754957	0.181984	50	0	0.001609	0.001777
ak2-timing	connect	165.936958	0.002924	0	0	0.000129	0.000142
ak2-timing	hash	0.098452	165.841443	153943	0	209.931104	231.869685
 done.
ak2-engine	mem	t_s	180.0	rss_kib	315634360	hwm_kib	315634360	heap_inuse	17406705664	sys	26338373736	avail_kib	194951128
16286650 sequences (3018.35 Mbp) processed in 17.660s (55333.3 Kseq/m, 10254.74 Mbp/m).
  15278935 sequences classified (93.81%)
  1007715 sequences unclassified (6.19%)
ak2-sample	batch	0	name	0-SRR5935757	mode	parallel	s3client	sdk	rank	3	role	home	inflight	4	threads	16	start_s	165.939925	wall_s	18.358933	setup_s	0.000036	classify_s	17.660240	close_s	0.511686	report_s	0.170664	status	0	sequences	16286650	bases	3018354004	classified	15278935	place	lpt	weight	16286650
16720060 sequences (3103.13 Mbp) processed in 18.420s (54462.8 Kseq/m, 10107.93 Mbp/m).
  16427692 sequences classified (98.25%)
  292368 sequences unclassified (1.75%)
ak2-sample	batch	0	name	0-SRR5935802	mode	parallel	s3client	sdk	rank	3	role	home	inflight	4	threads	16	start_s	165.939961	wall_s	19.430185	setup_s	0.000061	classify_s	18.419986	close_s	0.496097	report_s	0.505136	status	0	sequences	16720060	bases	3103131942	classified	16427692	place	lpt	weight	16720060
18645445 sequences (3449.57 Mbp) processed in 19.238s (58151.1 Kseq/m, 10758.46 Mbp/m).
  18393099 sequences classified (98.65%)
  252346 sequences unclassified (1.35%)
ak2-sample	batch	0	name	0-SRR5935751	mode	parallel	s3client	sdk	rank	3	role	home	inflight	4	threads	16	start_s	165.939945	wall_s	19.833413	setup_s	0.000057	classify_s	19.238287	close_s	0.390287	report_s	0.195686	status	0	sequences	18645445	bases	3449573600	classified	18393099	place	lpt	weight	18645445
18879904 sequences (3539.14 Mbp) processed in 19.557s (57922.9 Kseq/m, 10857.94 Mbp/m).
  18627146 sequences classified (98.66%)
  252758 sequences unclassified (1.34%)
ak2-sample	batch	0	name	0-SRR5935749	mode	parallel	s3client	sdk	rank	3	role	home	inflight	4	threads	16	start_s	165.939928	wall_s	20.207464	setup_s	0.000037	classify_s	19.556947	close_s	0.291504	report_s	0.351259	status	0	sequences	18879904	bases	3539135454	classified	18627146	place	lpt	weight	18879904
ak2-engine	mem	t_s	195.0	rss_kib	315533616	hwm_kib	316652788	heap_inuse	20199063552	sys	27281420616	avail_kib	194291760
15746753 sequences (2888.34 Mbp) processed in 15.726s (60079.8 Kseq/m, 11020.10 Mbp/m).
  14105631 sequences classified (89.58%)
  1641122 sequences unclassified (10.42%)
ak2-sample	batch	0	name	0-SRR5935768	mode	parallel	s3client	sdk	rank	3	role	home	inflight	4	threads	16	start_s	184.298927	wall_s	16.424134	setup_s	0.000069	classify_s	15.725831	close_s	0.383626	report_s	0.297036	status	0	sequences	15746753	bases	2888337209	classified	14105631	place	lpt	weight	15746753
15271512 sequences (2845.36 Mbp) processed in 15.545s (58945.3 Kseq/m, 10982.58 Mbp/m).
  14502211 sequences classified (94.96%)
  769301 sequences unclassified (5.04%)
14261195 sequences (2665.70 Mbp) processed in 14.917s (57363.9 Kseq/m, 10722.43 Mbp/m).
  13980324 sequences classified (98.03%)
  280871 sequences unclassified (1.97%)
14472574 sequences (2738.53 Mbp) processed in 15.265s (56886.5 Kseq/m, 10764.18 Mbp/m).
  14022498 sequences classified (96.89%)
  450076 sequences unclassified (3.11%)
ak2-sample	batch	0	name	0-SRR5935772	mode	parallel	s3client	sdk	rank	3	role	home	inflight	4	threads	16	start_s	185.370173	wall_s	15.985539	setup_s	0.000064	classify_s	15.544762	close_s	0.235342	report_s	0.190931	status	0	sequences	15271512	bases	2845360298	classified	14502211	place	lpt	weight	15271512
ak2-sample	batch	0	name	0-SRR5935806	mode	parallel	s3client	sdk	rank	3	role	home	inflight	4	threads	16	start_s	185.773440	wall_s	15.787981	setup_s	0.000075	classify_s	15.264682	close_s	0.298524	report_s	0.215151	status	0	sequences	14472574	bases	2738529910	classified	14022498	place	lpt	weight	14472574
ak2-sample	batch	0	name	0-SRR5935817	mode	parallel	s3client	sdk	rank	3	role	home	inflight	4	threads	16	start_s	186.147459	wall_s	15.448962	setup_s	0.000127	classify_s	14.916566	close_s	0.253714	report_s	0.268657	status	0	sequences	14261195	bases	2665696979	classified	13980324	place	lpt	weight	14261195
ak2-engine	mem	t_s	210.0	rss_kib	314319336	hwm_kib	316652788	heap_inuse	13227196416	sys	27281600840	avail_kib	193319956
12252617 sequences (2212.67 Mbp) processed in 13.081s (56201.4 Kseq/m, 10149.29 Mbp/m).
  10208851 sequences classified (83.32%)
  2043766 sequences unclassified (16.68%)
ak2-sample	batch	0	name	0-SRR5935774	mode	parallel	s3client	sdk	rank	3	role	home	inflight	4	threads	16	start_s	201.561447	wall_s	13.566239	setup_s	0.000066	classify_s	13.080769	close_s	0.304720	report_s	0.160879	status	0	sequences	12252617	bases	2212674525	classified	10208851	place	lpt	weight	12252617
13817496 sequences (2535.87 Mbp) processed in 14.377s (57666.9 Kseq/m, 10583.36 Mbp/m).
  12277050 sequences classified (88.85%)
  1540446 sequences unclassified (11.15%)
ak2-sample	batch	0	name	0-SRR5935785	mode	parallel	s3client	sdk	rank	3	role	home	inflight	4	threads	16	start_s	200.723250	wall_s	14.823958	setup_s	0.000101	classify_s	14.376538	close_s	0.233498	report_s	0.199052	status	0	sequences	13817496	bases	2535866229	classified	12277050	place	lpt	weight	13817496
12244248 sequences (2292.24 Mbp) processed in 13.702s (53617.8 Kseq/m, 10037.75 Mbp/m).
  11933067 sequences classified (97.46%)
  311181 sequences unclassified (2.54%)
ak2-sample	batch	0	name	0-SRR5935816	mode	parallel	s3client	sdk	rank	3	role	home	inflight	4	threads	16	start_s	201.596447	wall_s	14.144264	setup_s	0.000077	classify_s	13.701703	close_s	0.251877	report_s	0.182826	status	0	sequences	12244248	bases	2292238030	classified	11933067	place	lpt	weight	12244248
13010149 sequences (2394.73 Mbp) processed in 14.457s (53994.6 Kseq/m, 9938.59 Mbp/m).
  12910203 sequences classified (99.23%)
  99946 sequences unclassified (0.77%)
ak2-sample	batch	0	name	0-SRR5935775	mode	parallel	s3client	sdk	rank	3	role	home	inflight	4	threads	16	start_s	201.355742	wall_s	15.121904	setup_s	0.000073	classify_s	14.457175	close_s	0.306296	report_s	0.351862	status	0	sequences	13010149	bases	2394732661	classified	12910203	place	lpt	weight	13010149
ak2-engine	mem	t_s	225.1	rss_kib	314194916	hwm_kib	316652788	heap_inuse	16373104640	sys	27281715528	avail_kib	193180768
11374148 sequences (2063.47 Mbp) processed in 11.636s (58647.9 Kseq/m, 10639.73 Mbp/m).
  10686284 sequences classified (93.95%)
  687864 sequences unclassified (6.05%)
11012615 sequences (2057.95 Mbp) processed in 11.359s (58169.5 Kseq/m, 10870.27 Mbp/m).
  10686469 sequences classified (97.04%)
  326146 sequences unclassified (2.96%)
ak2-sample	batch	0	name	0-SRR5935769	mode	parallel	s3client	sdk	rank	3	role	home	inflight	4	threads	16	start_s	215.127712	wall_s	12.109876	setup_s	0.000064	classify_s	11.636384	close_s	0.283171	report_s	0.177096	status	0	sequences	11374148	bases	2063466726	classified	10686284	place	lpt	weight	11374148
10834778 sequences (1957.59 Mbp) processed in 11.396s (57046.0 Kseq/m, 10306.85 Mbp/m).
  10642489 sequences classified (98.23%)
  192289 sequences unclassified (1.77%)
ak2-sample	batch	0	name	0-SRR5935746	mode	parallel	s3client	sdk	rank	3	role	home	inflight	4	threads	16	start_s	215.547233	wall_s	11.886382	setup_s	0.000061	classify_s	11.359165	close_s	0.249181	report_s	0.270138	status	0	sequences	11012615	bases	2057953866	classified	10686469	place	lpt	weight	11012615
ak2-sample	batch	0	name	0-SRR5935760	mode	parallel	s3client	sdk	rank	3	role	home	inflight	4	threads	16	start_s	215.740737	wall_s	11.769269	setup_s	0.000073	classify_s	11.395843	close_s	0.213760	report_s	0.153357	status	0	sequences	10834778	bases	1957586977	classified	10642489	place	lpt	weight	10834778
10140194 sequences (1929.10 Mbp) processed in 10.900s (55819.1 Kseq/m, 10619.19 Mbp/m).
  10096895 sequences classified (99.57%)
  43299 sequences unclassified (0.43%)
ak2-sample	batch	0	name	0-SRR5935791	mode	parallel	s3client	sdk	rank	3	role	home	inflight	4	threads	16	start_s	216.477723	wall_s	11.371808	setup_s	0.000080	classify_s	10.899714	close_s	0.217693	report_s	0.249771	status	0	sequences	10140194	bases	1929101997	classified	10096895	place	lpt	weight	10140194
8766123 sequences (1609.93 Mbp) processed in 9.680s (54333.0 Kseq/m, 9978.43 Mbp/m).
  8639469 sequences classified (98.56%)
  126654 sequences unclassified (1.44%)
8206591 sequences (1523.97 Mbp) processed in 9.350s (52664.8 Kseq/m, 9779.89 Mbp/m).
  7998445 sequences classified (97.46%)
  208146 sequences unclassified (2.54%)
9202475 sequences (1711.99 Mbp) processed in 9.868s (55956.1 Kseq/m, 10409.85 Mbp/m).
  8810259 sequences classified (95.74%)
  392216 sequences unclassified (4.26%)
ak2-sample	batch	0	name	0-SRR5935758	mode	parallel	s3client	sdk	rank	3	role	home	inflight	4	threads	16	start_s	227.849559	wall_s	9.716391	setup_s	0.000097	classify_s	9.349605	close_s	0.229338	report_s	0.131223	status	0	sequences	8206591	bases	1523967713	classified	7998445	place	lpt	weight	8206591
ak2-sample	batch	0	name	0-SRR5935826	mode	parallel	s3client	sdk	rank	3	role	home	inflight	4	threads	16	start_s	227.510032	wall_s	10.069770	setup_s	0.000059	classify_s	9.680448	close_s	0.206366	report_s	0.177266	status	0	sequences	8766123	bases	1609927653	classified	8639469	place	lpt	weight	8766123
ak2-sample	batch	0	name	0-SRR5935790	mode	parallel	s3client	sdk	rank	3	role	home	inflight	4	threads	16	start_s	227.433637	wall_s	10.285524	setup_s	0.000058	classify_s	9.867529	close_s	0.229538	report_s	0.179334	status	0	sequences	9202475	bases	1711991411	classified	8810259	place	lpt	weight	9202475
10128070 sequences (1876.81 Mbp) processed in 10.521s (57758.9 Kseq/m, 10703.18 Mbp/m).
  9942775 sequences classified (98.17%)
  185295 sequences unclassified (1.83%)
ak2-sample	batch	0	name	0-SRR5935782	mode	parallel	s3client	sdk	rank	3	role	home	inflight	4	threads	16	start_s	227.237613	wall_s	11.367632	setup_s	0.000065	classify_s	10.521042	close_s	0.233639	report_s	0.603315	status	0	sequences	10128070	bases	1876810820	classified	9942775	place	lpt	weight	10128070
ak2-engine	mem	t_s	240.1	rss_kib	312413592	hwm_kib	316652788	heap_inuse	18339807232	sys	27302654280	avail_kib	193244832
1771479 sequences (333.19 Mbp) processed in 2.890s (36778.4 Kseq/m, 6917.44 Mbp/m).
  1476454 sequences classified (83.35%)
  295025 sequences unclassified (16.65%)
2823474 sequences (526.09 Mbp) processed in 3.888s (43576.4 Kseq/m, 8119.51 Mbp/m).
  2761157 sequences classified (97.79%)
  62317 sequences unclassified (2.21%)
ak2-sample	batch	0	name	0-SRR5935793	mode	parallel	s3client	sdk	rank	3	role	home	inflight	4	threads	16	start_s	238.605274	wall_s	3.356655	setup_s	0.000082	classify_s	2.889976	close_s	0.292409	report_s	0.165935	status	0	sequences	1771479	bases	333187068	classified	1476454	place	lpt	weight	1771479
ak2-sample	batch	0	name	0-SRR5935805	mode	parallel	s3client	sdk	rank	3	role	home	inflight	4	threads	16	start_s	237.719184	wall_s	4.296023	setup_s	0.000055	classify_s	3.887617	close_s	0.259783	report_s	0.145009	status	0	sequences	2823474	bases	526092284	classified	2761157	place	lpt	weight	2823474
1085628 sequences (199.24 Mbp) processed in 1.237s (52663.8 Kseq/m, 9665.35 Mbp/m).
  1061820 sequences classified (97.81%)
  23808 sequences unclassified (2.19%)
ak2-sample	batch	0	name	0-SRR5935839	mode	parallel	s3client	sdk	rank	3	role	home	inflight	4	threads	16	start_s	241.961955	wall_s	1.657582	setup_s	0.000072	classify_s	1.236858	close_s	0.238860	report_s	0.179145	status	0	sequences	1085628	bases	199244471	classified	1061820	place	lpt	weight	1085628
5948317 sequences (1093.47 Mbp) processed in 5.828s (61238.1 Kseq/m, 11257.29 Mbp/m).
  5682744 sequences classified (95.54%)
  265573 sequences unclassified (4.46%)
ak2-sample	batch	0	name	0-SRR5935779	mode	parallel	s3client	sdk	rank	3	role	home	inflight	4	threads	16	start_s	237.579827	wall_s	6.287822	setup_s	0.000055	classify_s	5.828055	close_s	0.297771	report_s	0.156229	status	0	sequences	5948317	bases	1093467848	classified	5682744	place	lpt	weight	5948317
6882441 sequences (1244.79 Mbp) processed in 6.218s (66409.7 Kseq/m, 12011.14 Mbp/m).
  6619730 sequences classified (96.18%)
  262711 sequences unclassified (3.82%)
ak2-sample	batch	0	name	0-SRR5935832	mode	parallel	s3client	sdk	rank	3	role	home	inflight	4	threads	16	start_s	237.565972	wall_s	6.753837	setup_s	0.000063	classify_s	6.218163	close_s	0.371405	report_s	0.157189	status	0	sequences	6882441	bases	1244786679	classified	6619730	place	lpt	weight	6882441
ak2-timing	batch-barrier-0	244.319829	0.203059	1	0	0.003120	0.000417
201473 sequences (36.75 Mbp) processed in 1.179s (10251.0 Kseq/m, 1869.61 Mbp/m).
  197603 sequences classified (98.08%)
  3870 sequences unclassified (1.92%)
ak2-sample	batch	1	name	1-SRR5935743	mode	parallel	s3client	sdk	rank	3	role	home	inflight	4	threads	16	start_s	244.522944	wall_s	2.011733	setup_s	0.000041	classify_s	1.179242	close_s	0.378202	report_s	0.451870	status	0	sequences	201473	bases	36745424	classified	197603	place	mod	weight	201473
3036382 sequences (569.20 Mbp) processed in 4.202s (43358.8 Kseq/m, 8128.09 Mbp/m).
  2817388 sequences classified (92.79%)
  218994 sequences unclassified (7.21%)
ak2-sample	batch	1	name	1-SRR5935747	mode	parallel	s3client	sdk	rank	3	role	home	inflight	4	threads	16	start_s	244.522939	wall_s	4.799832	setup_s	0.000042	classify_s	4.201757	close_s	0.375606	report_s	0.212944	status	0	sequences	3036382	bases	569204188	classified	2817388	place	mod	weight	3036382
6071697 sequences (1090.39 Mbp) processed in 6.884s (52918.1 Kseq/m, 9503.33 Mbp/m).
  5415115 sequences classified (89.19%)
  656582 sequences unclassified (10.81%)
ak2-sample	batch	1	name	1-SRR5935755	mode	parallel	s3client	sdk	rank	3	role	home	inflight	4	threads	16	start_s	244.522915	wall_s	7.456403	setup_s	0.000053	classify_s	6.884252	close_s	0.270505	report_s	0.284742	status	0	sequences	6071697	bases	1090388750	classified	5415115	place	mod	weight	6071697
ak2-engine	mem	t_s	255.1	rss_kib	313424332	hwm_kib	316652788	heap_inuse	17535795200	sys	27302719816	avail_kib	193632992
5174437 sequences (978.78 Mbp) processed in 5.937s (52295.0 Kseq/m, 9891.93 Mbp/m).
  5104140 sequences classified (98.64%)
  70297 sequences unclassified (1.36%)
ak2-sample	batch	1	name	1-SRR5935763	mode	parallel	s3client	sdk	rank	3	role	home	inflight	4	threads	16	start_s	249.322849	wall_s	6.324483	setup_s	0.000052	classify_s	5.936827	close_s	0.221343	report_s	0.161512	status	0	sequences	5174437	bases	978777662	classified	5104140	place	mod	weight	5174437
5166420 sequences (956.19 Mbp) processed in 6.023s (51469.4 Kseq/m, 9525.87 Mbp/m).
  4901709 sequences classified (94.88%)
  264711 sequences unclassified (5.12%)
ak2-sample	batch	1	name	1-SRR5935767	mode	parallel	s3client	sdk	rank	3	role	home	inflight	4	threads	16	start_s	251.979400	wall_s	6.541037	setup_s	0.000075	classify_s	6.022705	close_s	0.330209	report_s	0.166822	status	0	sequences	5166420	bases	956191777	classified	4901709	place	mod	weight	5166420
15312868 sequences (2847.18 Mbp) processed in 15.440s (59504.6 Kseq/m, 11063.90 Mbp/m).
  13152387 sequences classified (85.89%)
  2160481 sequences unclassified (14.11%)
ak2-sample	batch	1	name	1-SRR5935759	mode	parallel	s3client	sdk	rank	3	role	home	inflight	4	threads	16	start_s	246.534704	wall_s	16.058789	setup_s	0.000086	classify_s	15.440351	close_s	0.296751	report_s	0.308205	status	0	sequences	15312868	bases	2847175138	classified	13152387	place	mod	weight	15312868
18645445 sequences (3449.57 Mbp) processed in 18.540s (60341.9 Kseq/m, 11163.78 Mbp/m).
  18393099 sequences classified (98.65%)
  252346 sequences unclassified (1.35%)
ak2-sample	batch	1	name	1-SRR5935751	mode	parallel	s3client	sdk	rank	3	role	home	inflight	4	threads	16	start_s	244.522951	wall_s	19.387000	setup_s	0.000037	classify_s	18.539809	close_s	0.371263	report_s	0.462996	status	0	sequences	18645445	bases	3449573600	classified	18393099	place	mod	weight	18645445
9230220 sequences (1688.15 Mbp) processed in 8.738s (63381.2 Kseq/m, 11592.03 Mbp/m).
  8736529 sequences classified (94.65%)
  493691 sequences unclassified (5.35%)
ak2-sample	batch	1	name	1-SRR5935771	mode	parallel	s3client	sdk	rank	3	role	home	inflight	4	threads	16	start_s	255.647355	wall_s	9.668602	setup_s	0.000076	classify_s	8.737821	close_s	0.430873	report_s	0.484406	status	0	sequences	9230220	bases	1688151903	classified	8736529	place	mod	weight	9230220
2565282 sequences (465.56 Mbp) processed in 2.685s (57322.3 Kseq/m, 10403.20 Mbp/m).
  2508539 sequences classified (97.79%)
  56743 sequences unclassified (2.21%)
ak2-sample	batch	1	name	1-SRR5935783	mode	parallel	s3client	sdk	rank	3	role	home	inflight	4	threads	16	start_s	263.910037	wall_s	3.306189	setup_s	0.000092	classify_s	2.685115	close_s	0.265362	report_s	0.351651	status	0	sequences	2565282	bases	465562992	classified	2508539	place	mod	weight	2565282
5948317 sequences (1093.47 Mbp) processed in 5.640s (63279.6 Kseq/m, 11632.58 Mbp/m).
  5682744 sequences classified (95.54%)
  265573 sequences unclassified (4.46%)
ak2-sample	batch	1	name	1-SRR5935779	mode	parallel	s3client	sdk	rank	3	role	home	inflight	4	threads	16	start_s	262.593528	wall_s	6.328463	setup_s	0.000067	classify_s	5.640030	close_s	0.259856	report_s	0.421903	status	0	sequences	5948317	bases	1093467848	classified	5682744	place	mod	weight	5948317
ak2-engine	mem	t_s	270.1	rss_kib	314058120	hwm_kib	316652788	heap_inuse	21320638464	sys	27915952600	avail_kib	192238776
13010149 sequences (2394.73 Mbp) processed in 12.560s (62150.6 Kseq/m, 11439.85 Mbp/m).
  12910203 sequences classified (99.23%)
  99946 sequences unclassified (0.77%)
ak2-sample	batch	1	name	1-SRR5935775	mode	parallel	s3client	sdk	rank	3	role	home	inflight	4	threads	16	start_s	258.520520	wall_s	13.174570	setup_s	0.000069	classify_s	12.559957	close_s	0.265290	report_s	0.329553	status	0	sequences	13010149	bases	2394732661	classified	12910203	place	mod	weight	13010149
10140194 sequences (1929.10 Mbp) processed in 10.880s (55918.6 Kseq/m, 10638.13 Mbp/m).
  10096895 sequences classified (99.57%)
  43299 sequences unclassified (0.43%)
ak2-sample	batch	1	name	1-SRR5935791	mode	parallel	s3client	sdk	rank	3	role	home	inflight	4	threads	16	start_s	267.216307	wall_s	11.339596	setup_s	0.000070	classify_s	10.880304	close_s	0.245350	report_s	0.208836	status	0	sequences	10140194	bases	1929101997	classified	10096895	place	mod	weight	10140194
9090205 sequences (1661.37 Mbp) processed in 9.363s (58252.5 Kseq/m, 10646.51 Mbp/m).
  7439975 sequences classified (81.85%)
  1650230 sequences unclassified (18.15%)
ak2-sample	batch	1	name	1-SRR5935799	mode	parallel	s3client	sdk	rank	3	role	home	inflight	4	threads	16	start_s	271.695308	wall_s	9.857072	setup_s	0.000074	classify_s	9.362905	close_s	0.284066	report_s	0.186630	status	0	sequences	9090205	bases	1661371324	classified	7439975	place	mod	weight	9090205
16351397 sequences (3065.56 Mbp) processed in 16.294s (60211.8 Kseq/m, 11288.50 Mbp/m).
  16166849 sequences classified (98.87%)
  184548 sequences unclassified (1.13%)
11924297 sequences (2214.84 Mbp) processed in 12.243s (58439.8 Kseq/m, 10854.72 Mbp/m).
  11742476 sequences classified (98.48%)
  181821 sequences unclassified (1.52%)
ak2-sample	batch	1	name	1-SRR5935787	mode	parallel	s3client	sdk	rank	3	role	home	inflight	4	threads	16	start_s	265.316051	wall_s	16.759867	setup_s	0.000070	classify_s	16.293881	close_s	0.242037	report_s	0.215696	status	0	sequences	16351397	bases	3065557655	classified	16166849	place	mod	weight	16351397
ak2-sample	batch	1	name	1-SRR5935795	mode	parallel	s3client	sdk	rank	3	role	home	inflight	4	threads	16	start_s	268.922069	wall_s	13.289158	setup_s	0.000072	classify_s	12.242654	close_s	0.749174	report_s	0.290008	status	0	sequences	11924297	bases	2214843465	classified	11742476	place	mod	weight	11924297
ak2-engine	mem	t_s	285.1	rss_kib	311736916	hwm_kib	316652788	heap_inuse	17508532224	sys	27916050904	avail_kib	192693268
7153468 sequences (1337.27 Mbp) processed in 8.230s (52150.9 Kseq/m, 9749.07 Mbp/m).
  6947959 sequences classified (97.13%)
  205509 sequences unclassified (2.87%)
ak2-sample	batch	1	name	1-SRR5935815	mode	parallel	s3client	sdk	rank	3	role	home	inflight	4	threads	16	start_s	282.211322	wall_s	8.854062	setup_s	0.000081	classify_s	8.230126	close_s	0.289446	report_s	0.325998	status	0	sequences	7153468	bases	1337267943	classified	6947959	place	mod	weight	7153468
10067025 sequences (1870.49 Mbp) processed in 10.844s (55701.7 Kseq/m, 10349.59 Mbp/m).
  9884918 sequences classified (98.19%)
  182107 sequences unclassified (1.81%)
ak2-sample	batch	1	name	1-SRR5935811	mode	parallel	s3client	sdk	rank	3	role	home	inflight	4	threads	16	start_s	282.075944	wall_s	11.462721	setup_s	0.000093	classify_s	10.843871	close_s	0.396481	report_s	0.215282	status	0	sequences	10067025	bases	1870494351	classified	9884918	place	mod	weight	10067025
18392491 sequences (3418.71 Mbp) processed in 18.251s (60464.2 Kseq/m, 11238.78 Mbp/m).
  18064386 sequences classified (98.22%)
  328105 sequences unclassified (1.78%)
ak2-sample	batch	1	name	1-SRR5935803	mode	parallel	s3client	sdk	rank	3	role	home	inflight	4	threads	16	start_s	278.555933	wall_s	19.081191	setup_s	0.000083	classify_s	18.251297	close_s	0.541332	report_s	0.271793	status	0	sequences	18392491	bases	3418705365	classified	18064386	place	mod	weight	18392491
16708997 sequences (3043.02 Mbp) processed in 16.370s (61240.9 Kseq/m, 11153.13 Mbp/m).
  15000245 sequences classified (89.77%)
  1708752 sequences unclassified (10.23%)
ak2-sample	batch	1	name	1-SRR5935807	mode	parallel	s3client	sdk	rank	3	role	home	inflight	4	threads	16	start_s	281.552405	wall_s	17.062801	setup_s	0.000072	classify_s	16.370421	close_s	0.311341	report_s	0.358009	status	0	sequences	16708997	bases	3043023590	classified	15000245	place	mod	weight	16708997
ak2-engine	mem	t_s	300.1	rss_kib	313036172	hwm_kib	316652788	heap_inuse	17549705216	sys	27916018136	avail_kib	190673960
10896278 sequences (2024.82 Mbp) processed in 11.026s (59292.1 Kseq/m, 11018.07 Mbp/m).
  10712521 sequences classified (98.31%)
  183757 sequences unclassified (1.69%)
ak2-sample	batch	1	name	1-SRR5935819	mode	parallel	s3client	sdk	rank	3	role	home	inflight	4	threads	16	start_s	291.071020	wall_s	11.508403	setup_s	0.000069	classify_s	11.026369	close_s	0.278175	report_s	0.197675	status	0	sequences	10896278	bases	2024821947	classified	10712521	place	mod	weight	10896278
1341509 sequences (254.99 Mbp) processed in 2.045s (39359.9 Kseq/m, 7481.53 Mbp/m).
  1320808 sequences classified (98.46%)
  20701 sequences unclassified (1.54%)
ak2-sample	batch	1	name	1-SRR5935835	mode	parallel	s3client	sdk	rank	3	role	home	inflight	4	threads	16	start_s	302.579525	wall_s	2.597840	setup_s	0.000080	classify_s	2.044987	close_s	0.279282	report_s	0.270662	status	0	sequences	1341509	bases	254993682	classified	1320808	place	mod	weight	1341509
1085628 sequences (199.24 Mbp) processed in 1.507s (43226.2 Kseq/m, 7933.26 Mbp/m).
  1061820 sequences classified (97.81%)
  23808 sequences unclassified (2.19%)
ak2-sample	batch	1	name	1-SRR5935839	mode	parallel	s3client	sdk	rank	3	role	home	inflight	4	threads	16	start_s	305.177445	wall_s	2.073768	setup_s	0.000064	classify_s	1.506905	close_s	0.304222	report_s	0.259875	status	0	sequences	1085628	bases	199244471	classified	1061820	place	mod	weight	1085628
12793053 sequences (2357.69 Mbp) processed in 12.092s (63478.6 Kseq/m, 11698.75 Mbp/m).
  12609886 sequences classified (98.57%)
  183167 sequences unclassified (1.43%)
ak2-sample	batch	1	name	1-SRR5935831	mode	parallel	s3client	sdk	rank	3	role	home	inflight	4	threads	16	start_s	298.615281	wall_s	12.556651	setup_s	0.000065	classify_s	12.091991	close_s	0.330466	report_s	0.127883	status	0	sequences	12793053	bases	2357685670	classified	12609886	place	mod	weight	12793053
16260968 sequences (3012.84 Mbp) processed in 14.318s (68141.4 Kseq/m, 12625.26 Mbp/m).
  15948766 sequences classified (98.08%)
  312202 sequences unclassified (1.92%)
ak2-sample	batch	1	name	1-SRR5935827	mode	parallel	s3client	sdk	rank	3	role	home	inflight	4	threads	16	start_s	297.637243	wall_s	14.674855	setup_s	0.000097	classify_s	14.318139	close_s	0.204230	report_s	0.143686	status	0	sequences	16260968	bases	3012837135	classified	15948766	place	mod	weight	16260968
20770968 sequences (3886.70 Mbp) processed in 18.660s (66786.8 Kseq/m, 12497.25 Mbp/m).
  20594735 sequences classified (99.15%)
  176233 sequences unclassified (0.85%)
ak2-sample	batch	1	name	1-SRR5935823	mode	parallel	s3client	sdk	rank	3	role	home	inflight	4	threads	16	start_s	293.538745	wall_s	19.052541	setup_s	0.000083	classify_s	18.660253	close_s	0.248395	report_s	0.137618	status	0	sequences	20770968	bases	3886695944	classified	20594735	place	mod	weight	20770968
ak2-engine	mem	t_s	315.1	rss_kib	310010560	hwm_kib	316652788	heap_inuse	16938680320	sys	27916050904	avail_kib	192534216
ak2-timing	batch-barrier-1	312.591310	15.277528	851	0	26.675352	2.566804
ak2-engine	mem	t_s	330.2	rss_kib	311128044	hwm_kib	316652788	heap_inuse	17591746560	sys	27916116440	avail_kib	195687268
ak2-engine	mem	t_s	345.2	rss_kib	317511648	hwm_kib	317511648	heap_inuse	15528542208	sys	27979100648	avail_kib	191232248
16286650 sequences (3018.35 Mbp) processed in 18.083s (54040.1 Kseq/m, 10015.08 Mbp/m).
  15278935 sequences classified (93.81%)
  1007715 sequences unclassified (6.19%)
ak2-sample	batch	2	name	2-SRR5935757	mode	parallel	s3client	sdk	rank	3	role	home	inflight	4	threads	16	start_s	327.868889	wall_s	18.612740	setup_s	0.000063	classify_s	18.082847	close_s	0.268799	report_s	0.243803	status	0	sequences	16286650	bases	3018354004	classified	15278935	place	lpt	weight	16286650
16720060 sequences (3103.13 Mbp) processed in 18.592s (53959.1 Kseq/m, 10014.46 Mbp/m).
  16427692 sequences classified (98.25%)
  292368 sequences unclassified (1.75%)
ak2-sample	batch	2	name	2-SRR5935802	mode	parallel	s3client	sdk	rank	3	role	home	inflight	4	threads	16	start_s	327.868903	wall_s	19.331925	setup_s	0.000048	classify_s	18.591916	close_s	0.385377	report_s	0.345945	status	0	sequences	16720060	bases	3103131942	classified	16427692	place	lpt	weight	16720060
18645445 sequences (3449.57 Mbp) processed in 19.476s (57440.0 Kseq/m, 10626.91 Mbp/m).
  18393099 sequences classified (98.65%)
  252346 sequences unclassified (1.35%)
ak2-sample	batch	2	name	2-SRR5935751	mode	parallel	s3client	sdk	rank	3	role	home	inflight	4	threads	16	start_s	327.868893	wall_s	19.962638	setup_s	0.000055	classify_s	19.476453	close_s	0.234890	report_s	0.242673	status	0	sequences	18645445	bases	3449573600	classified	18393099	place	lpt	weight	18645445
18879904 sequences (3539.14 Mbp) processed in 19.734s (57403.2 Kseq/m, 10760.53 Mbp/m).
  18627146 sequences classified (98.66%)
  252758 sequences unclassified (1.34%)
ak2-sample	batch	2	name	2-SRR5935749	mode	parallel	s3client	sdk	rank	3	role	home	inflight	4	threads	16	start_s	327.868917	wall_s	20.493798	setup_s	0.000048	classify_s	19.733980	close_s	0.337044	report_s	0.413828	status	0	sequences	18879904	bases	3539135454	classified	18627146	place	lpt	weight	18879904
ak2-engine	mem	t_s	360.2	rss_kib	314788600	hwm_kib	317517552	heap_inuse	18331631616	sys	27979100648	avail_kib	191035072
15746753 sequences (2888.34 Mbp) processed in 16.004s (59037.0 Kseq/m, 10828.83 Mbp/m).
  14105631 sequences classified (89.58%)
  1641122 sequences unclassified (10.42%)
ak2-sample	batch	2	name	2-SRR5935768	mode	parallel	s3client	sdk	rank	3	role	home	inflight	4	threads	16	start_s	346.481668	wall_s	16.468142	setup_s	0.000074	classify_s	16.003599	close_s	0.216070	report_s	0.215149	status	0	sequences	15746753	bases	2888337209	classified	14105631	place	lpt	weight	15746753
15271512 sequences (2845.36 Mbp) processed in 15.796s (58007.7 Kseq/m, 10807.90 Mbp/m).
  14502211 sequences classified (94.96%)
  769301 sequences unclassified (5.04%)
14472574 sequences (2738.53 Mbp) processed in 15.288s (56801.4 Kseq/m, 10748.08 Mbp/m).
  14022498 sequences classified (96.89%)
  450076 sequences unclassified (3.11%)
ak2-sample	batch	2	name	2-SRR5935772	mode	parallel	s3client	sdk	rank	3	role	home	inflight	4	threads	16	start_s	347.200921	wall_s	16.244452	setup_s	0.000084	classify_s	15.796010	close_s	0.267712	report_s	0.167193	status	0	sequences	15271512	bases	2845360298	classified	14502211	place	lpt	weight	15271512
14261195 sequences (2665.70 Mbp) processed in 14.959s (57201.1 Kseq/m, 10692.02 Mbp/m).
  13980324 sequences classified (98.03%)
  280871 sequences unclassified (1.97%)
ak2-sample	batch	2	name	2-SRR5935806	mode	parallel	s3client	sdk	rank	3	role	home	inflight	4	threads	16	start_s	347.831617	wall_s	15.749255	setup_s	0.000077	classify_s	15.287546	close_s	0.315761	report_s	0.136741	status	0	sequences	14472574	bases	2738529910	classified	14022498	place	lpt	weight	14472574
ak2-sample	batch	2	name	2-SRR5935817	mode	parallel	s3client	sdk	rank	3	role	home	inflight	4	threads	16	start_s	348.362818	wall_s	15.424709	setup_s	0.000069	classify_s	14.958997	close_s	0.231428	report_s	0.224689	status	0	sequences	14261195	bases	2665696979	classified	13980324	place	lpt	weight	14261195
ak2-engine	mem	t_s	375.2	rss_kib	314503440	hwm_kib	317517552	heap_inuse	16365649920	sys	27979624936	avail_kib	190723532
12252617 sequences (2212.67 Mbp) processed in 13.293s (55305.7 Kseq/m, 9987.55 Mbp/m).
  10208851 sequences classified (83.32%)
  2043766 sequences unclassified (16.68%)
ak2-sample	batch	2	name	2-SRR5935774	mode	parallel	s3client	sdk	rank	3	role	home	inflight	4	threads	16	start_s	363.580896	wall_s	13.754015	setup_s	0.000069	classify_s	13.292599	close_s	0.232943	report_s	0.167776	status	0	sequences	12252617	bases	2212674525	classified	10208851	place	lpt	weight	12252617
13817496 sequences (2535.87 Mbp) processed in 14.245s (58200.9 Kseq/m, 10681.36 Mbp/m).
  12277050 sequences classified (88.85%)
  1540446 sequences unclassified (11.15%)
13010149 sequences (2394.73 Mbp) processed in 13.867s (56291.6 Kseq/m, 10361.40 Mbp/m).
  12910203 sequences classified (99.23%)
  99946 sequences unclassified (0.77%)
ak2-sample	batch	2	name	2-SRR5935785	mode	parallel	s3client	sdk	rank	3	role	home	inflight	4	threads	16	start_s	362.949833	wall_s	14.695942	setup_s	0.000072	classify_s	14.244627	close_s	0.282644	report_s	0.153071	status	0	sequences	13817496	bases	2535866229	classified	12277050	place	lpt	weight	13817496
ak2-sample	batch	2	name	2-SRR5935775	mode	parallel	s3client	sdk	rank	3	role	home	inflight	4	threads	16	start_s	363.445405	wall_s	14.246539	setup_s	0.000080	classify_s	13.867228	close_s	0.215130	report_s	0.158616	status	0	sequences	13010149	bases	2394732661	classified	12910203	place	lpt	weight	13010149
12244248 sequences (2292.24 Mbp) processed in 13.551s (54214.1 Kseq/m, 10149.40 Mbp/m).
  11933067 sequences classified (97.46%)
  311181 sequences unclassified (2.54%)
ak2-sample	batch	2	name	2-SRR5935816	mode	parallel	s3client	sdk	rank	3	role	home	inflight	4	threads	16	start_s	363.787595	wall_s	14.063965	setup_s	0.000059	classify_s	13.550983	close_s	0.369082	report_s	0.136527	status	0	sequences	12244248	bases	2292238030	classified	11933067	place	lpt	weight	12244248
11374148 sequences (2063.47 Mbp) processed in 12.210s (55893.4 Kseq/m, 10140.02 Mbp/m).
  10686284 sequences classified (93.95%)
  687864 sequences unclassified (6.05%)
10834778 sequences (1957.59 Mbp) processed in 11.967s (54324.6 Kseq/m, 9815.17 Mbp/m).
  10642489 sequences classified (98.23%)
  192289 sequences unclassified (1.77%)
10140194 sequences (1929.10 Mbp) processed in 11.869s (51258.7 Kseq/m, 9751.61 Mbp/m).
  10096895 sequences classified (99.57%)
  43299 sequences unclassified (0.43%)
ak2-sample	batch	2	name	2-SRR5935769	mode	parallel	s3client	sdk	rank	3	role	home	inflight	4	threads	16	start_s	377.334931	wall_s	12.645819	setup_s	0.000060	classify_s	12.209834	close_s	0.274404	report_s	0.149285	status	0	sequences	11374148	bases	2063466726	classified	10686284	place	lpt	weight	11374148
ak2-sample	batch	2	name	2-SRR5935791	mode	parallel	s3client	sdk	rank	3	role	home	inflight	4	threads	16	start_s	377.851641	wall_s	12.219530	setup_s	0.000078	classify_s	11.869437	close_s	0.243050	report_s	0.102564	status	0	sequences	10140194	bases	1929101997	classified	10096895	place	lpt	weight	10140194
ak2-sample	batch	2	name	2-SRR5935760	mode	parallel	s3client	sdk	rank	3	role	home	inflight	4	threads	16	start_s	377.691973	wall_s	12.385842	setup_s	0.000056	classify_s	11.966705	close_s	0.263789	report_s	0.149032	status	0	sequences	10834778	bases	1957586977	classified	10642489	place	lpt	weight	10834778
ak2-engine	mem	t_s	390.2	rss_kib	314256052	hwm_kib	317517552	heap_inuse	14855274496	sys	27994820976	avail_kib	189532700
11012615 sequences (2057.95 Mbp) processed in 12.379s (53377.8 Kseq/m, 9974.84 Mbp/m).
  10686469 sequences classified (97.04%)
  326146 sequences unclassified (2.96%)
ak2-sample	batch	2	name	2-SRR5935746	mode	parallel	s3client	sdk	rank	3	role	home	inflight	4	threads	16	start_s	377.645796	wall_s	12.880849	setup_s	0.000057	classify_s	12.378869	close_s	0.241794	report_s	0.252489	status	0	sequences	11012615	bases	2057953866	classified	10686469	place	lpt	weight	11012615
8766123 sequences (1609.93 Mbp) processed in 9.873s (53275.8 Kseq/m, 9784.28 Mbp/m).
  8639469 sequences classified (98.56%)
  126654 sequences unclassified (1.44%)
8206591 sequences (1523.97 Mbp) processed in 9.539s (51619.3 Kseq/m, 9585.72 Mbp/m).
  7998445 sequences classified (97.46%)
  208146 sequences unclassified (2.54%)
ak2-sample	batch	2	name	2-SRR5935826	mode	parallel	s3client	sdk	rank	3	role	home	inflight	4	threads	16	start_s	390.077836	wall_s	10.346916	setup_s	0.000047	classify_s	9.872536	close_s	0.309295	report_s	0.159109	status	0	sequences	8766123	bases	1609927653	classified	8639469	place	lpt	weight	8766123
ak2-sample	batch	2	name	2-SRR5935758	mode	parallel	s3client	sdk	rank	3	role	home	inflight	4	threads	16	start_s	390.526679	wall_s	9.962993	setup_s	0.000094	classify_s	9.538986	close_s	0.248633	report_s	0.169302	status	0	sequences	8206591	bases	1523967713	classified	7998445	place	lpt	weight	8206591
9202475 sequences (1711.99 Mbp) processed in 10.432s (52925.9 Kseq/m, 9846.12 Mbp/m).
  8810259 sequences classified (95.74%)
  392216 sequences unclassified (4.26%)
ak2-sample	batch	2	name	2-SRR5935790	mode	parallel	s3client	sdk	rank	3	role	home	inflight	4	threads	16	start_s	390.071191	wall_s	10.853442	setup_s	0.000052	classify_s	10.432484	close_s	0.232435	report_s	0.179080	status	0	sequences	9202475	bases	1711991411	classified	8810259	place	lpt	weight	9202475
10128070 sequences (1876.81 Mbp) processed in 10.762s (56467.5 Kseq/m, 10463.87 Mbp/m).
  9942775 sequences classified (98.17%)
  185295 sequences unclassified (1.83%)
ak2-sample	batch	2	name	2-SRR5935782	mode	parallel	s3client	sdk	rank	3	role	home	inflight	4	threads	16	start_s	389.980774	wall_s	11.233853	setup_s	0.000050	classify_s	10.761666	close_s	0.278680	report_s	0.185996	status	0	sequences	10128070	bases	1876810820	classified	9942775	place	lpt	weight	10128070
2823474 sequences (526.09 Mbp) processed in 3.612s (46897.3 Kseq/m, 8738.27 Mbp/m).
  2761157 sequences classified (97.79%)
  62317 sequences unclassified (2.21%)
1771479 sequences (333.19 Mbp) processed in 3.249s (32712.3 Kseq/m, 6152.67 Mbp/m).
  1476454 sequences classified (83.35%)
  295025 sequences unclassified (16.65%)
ak2-sample	batch	2	name	2-SRR5935805	mode	parallel	s3client	sdk	rank	3	role	home	inflight	4	threads	16	start_s	400.924659	wall_s	4.100084	setup_s	0.000071	classify_s	3.612332	close_s	0.233098	report_s	0.250407	status	0	sequences	2823474	bases	526092284	classified	2761157	place	lpt	weight	2823474
ak2-sample	batch	2	name	2-SRR5935793	mode	parallel	s3client	sdk	rank	3	role	home	inflight	4	threads	16	start_s	401.214693	wall_s	3.814618	setup_s	0.000077	classify_s	3.249196	close_s	0.401153	report_s	0.156242	status	0	sequences	1771479	bases	333187068	classified	1476454	place	lpt	weight	1771479
ak2-engine	mem	t_s	405.2	rss_kib	314329388	hwm_kib	318540452	heap_inuse	16589406208	sys	29417071296	avail_kib	187781040
5948317 sequences (1093.47 Mbp) processed in 5.555s (64253.7 Kseq/m, 11811.64 Mbp/m).
  5682744 sequences classified (95.54%)
  265573 sequences unclassified (4.46%)
6882441 sequences (1244.79 Mbp) processed in 5.689s (72589.0 Kseq/m, 13128.75 Mbp/m).
  6619730 sequences classified (96.18%)
  262711 sequences unclassified (3.82%)
ak2-sample	batch	2	name	2-SRR5935779	mode	parallel	s3client	sdk	rank	3	role	home	inflight	4	threads	16	start_s	400.489695	wall_s	5.950956	setup_s	0.000062	classify_s	5.554529	close_s	0.255015	report_s	0.135678	status	0	sequences	5948317	bases	1093467848	classified	5682744	place	lpt	weight	5948317
ak2-sample	batch	2	name	2-SRR5935832	mode	parallel	s3client	sdk	rank	3	role	home	inflight	4	threads	16	start_s	400.424778	wall_s	6.067810	setup_s	0.000071	classify_s	5.688827	close_s	0.224475	report_s	0.147319	status	0	sequences	6882441	bases	1244786679	classified	6619730	place	lpt	weight	6882441
1085628 sequences (199.24 Mbp) processed in 1.098s (59321.9 Kseq/m, 10887.30 Mbp/m).
  1061820 sequences classified (97.81%)
  23808 sequences unclassified (2.19%)
ak2-sample	batch	2	name	2-SRR5935839	mode	parallel	s3client	sdk	rank	3	role	home	inflight	4	threads	16	start_s	405.024767	wall_s	1.781314	setup_s	0.000088	classify_s	1.098038	close_s	0.567765	report_s	0.112997	status	0	sequences	1085628	bases	199244471	classified	1061820	place	lpt	weight	1085628
ak2-timing	batch-barrier-2	406.806101	0.139977	1	0	0.015548	0.060702
ak2-timing	barrier	413.462629	0.323304	0	0	0.073588	0.000249
ak2-sample	batch	3	name	3-SRR5935740	mode	striped	s3client	sdk	rank	3	role	peer	inflight	1	threads	16	start_s	407.745772	wall_s	6.040213	setup_s	0.000055	classify_s	5.708816	close_s	0.000000	report_s	0.000000	status	0	sequences	0	bases	0	classified	0	place	-	weight	-
ak2-timing	batch-barrier-3	413.785994	0.560536	0	0	0.005088	0.000387
ak2-engine	mem	t_s	420.2	rss_kib	296258460	hwm_kib	318540452	heap_inuse	3666927616	sys	29417595584	avail_kib	207876668
ak2-timing	barrier	420.319487	0.011630	0	0	0.000057	0.000004
ak2-sample	batch	4	name	4-SRR5935740	mode	striped	s3client	sdk	rank	3	role	peer	inflight	1	threads	16	start_s	414.557696	wall_s	5.773470	setup_s	0.000052	classify_s	5.753163	close_s	0.000000	report_s	0.000000	status	0	sequences	0	bases	0	classified	0	place	-	weight	-
ak2-timing	batch-barrier-4	420.331179	0.566313	0	0	0.004335	0.000330
ak2-timing	barrier	426.856629	0.053938	0	0	0.000187	0.000015
ak2-sample	batch	5	name	5-SRR5935740	mode	striped	s3client	sdk	rank	3	role	peer	inflight	1	threads	16	start_s	421.141448	wall_s	5.769163	setup_s	0.000057	classify_s	5.706868	close_s	0.000000	report_s	0.000000	status	0	sequences	0	bases	0	classified	0	place	-	weight	-
ak2-timing	batch-barrier-5	426.910620	0.527788	0	0	0.004715	0.000000
ak2-timing	batch-barrier-6	427.438429	6.897894	6858	0	3.225337	0.350485
ak2-engine	mem	t_s	435.2	rss_kib	296272080	hwm_kib	318540452	heap_inuse	5410684928	sys	29417595584	avail_kib	211379724
ak2-timing	batch-barrier-7	434.336347	5.955244	1	0	3.062663	0.271900
ak2-timing	batch-barrier-8	440.291620	6.909520	3032	0	3.143734	0.346984
ak2-engine	shard	0	n	4	lo	222954688456	hi	297272917942	tail	302	full	false	empty_at	74318229485	keys	33884131899	batches	89910	probe_s	1040.107442	tail_probes	0	wrap_probes	0
ak2-engine	mem	t_s	447.2	rss_kib	296284212	hwm_kib	318540452	heap_inuse	5425242112	sys	29417595584	avail_kib	213382820
ak2-engine	rendezvous	puts	13	gets	141
ak2-engine	s3	client	sdk	put	88	get	141	create_multipart	75	upload_part	8257	complete_multipart	75	abort_multipart	0	part_bytes	68981478589
ak2-engine	s3	client	cli	put	0	get	0	create_multipart	0	upload_part	0	complete_multipart	0	abort_multipart	0	part_bytes	0
ak2-engine	load	seconds	164.153397	requests	4449	retries	0	bytes	297272984752
ak2-engine	route	transport	nodes	calls	21420	keys	32312404702	batches	85680	route_s	374.074615	wait_s	4194.719264	gather_s	77.916829
ak2-engine	worker	scan_s	3126.981542	lookup_s	4646.726016	classify_s	2553.878152
ak2-timing	total	0.000001	447.779981	30273645	0	6498.985399	493.602728
