Loading database information...ak2-timing	opts	0.002707	0.000016	0	0	0.000016	0.000000
ak2-timing	taxo	0.002731	0.095967	87765	0	0.013691	0.094281
ak2-engine	mem	t_s	15.0	rss_kib	26108032	hwm_kib	26108032	heap_inuse	394674176	sys	409786728	avail_kib	101444012
ak2-engine	mem	t_s	30.0	rss_kib	52541532	hwm_kib	52541532	heap_inuse	396812288	sys	410048872	avail_kib	75064232
ak2-timing	shard-load-1	0.288766	41.499488	40653	0	53.299629	63.018710
ak2-engine	mem	t_s	45.0	rss_kib	72971088	hwm_kib	72971096	heap_inuse	401694720	sys	418699624	avail_kib	54596040
ak2-engine	mem	t_s	60.0	rss_kib	72977544	hwm_kib	72977548	heap_inuse	408600576	sys	422893928	avail_kib	54831236
ak2-engine	mem	t_s	75.0	rss_kib	72981956	hwm_kib	72981960	heap_inuse	413360128	sys	427157880	avail_kib	54833128
ak2-timing	rendezvous	43.736174	42.145076	3972	0	0.084941	0.000000
ak2-timing	connect	85.881265	0.027413	8	0	0.001079	0.000000
ak2-timing	hash	0.098723	85.809964	46525	0	53.387107	63.032717
 done.
ak2-engine	mem	t_s	90.0	rss_kib	77652236	hwm_kib	77652236	heap_inuse	4158799872	sys	5358567160	avail_kib	49758636
ak2-engine	mem	t_s	105.0	rss_kib	78410048	hwm_kib	78410048	heap_inuse	3416055808	sys	6084997032	avail_kib	48905136
20671571 sequences (3786.10 Mbp) processed in 19.955s (62153.3 Kseq/m, 11383.70 Mbp/m).
  19204656 sequences classified (92.90%)
  1466915 sequences unclassified (7.10%)
ak2-sample	batch	0	name	0-SRR5935773	mode	parallel	s3client	sdk	rank	1	role	home	inflight	1	threads	16	start_s	85.908721	wall_s	20.351645	setup_s	0.000053	classify_s	19.955390	close_s	0.243004	report_s	0.144835	status	0	sequences	20671571	bases	3786101975	classified	19204656	place	lpt	weight	20671571
ak2-engine	mem	t_s	120.1	rss_kib	78737204	hwm_kib	78751500	heap_inuse	4904443904	sys	6592037032	avail_kib	48710188
14191749 sequences (2646.88 Mbp) processed in 14.269s (59674.3 Kseq/m, 11129.76 Mbp/m).
  13987275 sequences classified (98.56%)
  204474 sequences unclassified (1.44%)
ak2-sample	batch	0	name	0-SRR5935761	mode	parallel	s3client	sdk	rank	1	role	home	inflight	1	threads	16	start_s	106.260396	wall_s	14.937139	setup_s	0.000058	classify_s	14.269196	close_s	0.486935	report_s	0.174246	status	0	sequences	14191749	bases	2646878118	classified	13987275	place	lpt	weight	14191749
11924297 sequences (2214.84 Mbp) processed in 12.177s (58753.2 Kseq/m, 10912.95 Mbp/m).
  11742476 sequences classified (98.48%)
  181821 sequences unclassified (1.52%)
ak2-sample	batch	0	name	0-SRR5935795	mode	parallel	s3client	sdk	rank	1	role	home	inflight	1	threads	16	start_s	121.197558	wall_s	12.538802	setup_s	0.000068	classify_s	12.177336	close_s	0.230692	report_s	0.124356	status	0	sequences	11924297	bases	2214843465	classified	11742476	place	lpt	weight	11924297
ak2-engine	mem	t_s	135.1	rss_kib	77580560	hwm_kib	78800324	heap_inuse	3720814592	sys	6592340136	avail_kib	49746492
10479816 sequences (1916.83 Mbp) processed in 10.377s (60593.8 Kseq/m, 11083.02 Mbp/m).
  9679024 sequences classified (92.36%)
  800792 sequences unclassified (7.64%)
ak2-sample	batch	0	name	0-SRR5935754	mode	parallel	s3client	sdk	rank	1	role	home	inflight	1	threads	16	start_s	133.736385	wall_s	10.873089	setup_s	0.000063	classify_s	10.377124	close_s	0.329951	report_s	0.152376	status	0	sequences	10479816	bases	1916830360	classified	9679024	place	lpt	weight	10479816
ak2-engine	mem	t_s	150.1	rss_kib	78001620	hwm_kib	78800324	heap_inuse	3646160896	sys	6592323752	avail_kib	49273116
8173049 sequences (1459.57 Mbp) processed in 8.293s (59133.0 Kseq/m, 10560.14 Mbp/m).
  7956066 sequences classified (97.35%)
  216983 sequences unclassified (2.65%)
ak2-sample	batch	0	name	0-SRR5935777	mode	parallel	s3client	sdk	rank	1	role	home	inflight	1	threads	16	start_s	144.609497	wall_s	8.707670	setup_s	0.000056	classify_s	8.292878	close_s	0.251400	report_s	0.156985	status	0	sequences	8173049	bases	1459565869	classified	7956066	place	lpt	weight	8173049
2565282 sequences (465.56 Mbp) processed in 2.936s (52432.6 Kseq/m, 9515.79 Mbp/m).
  2508539 sequences classified (97.79%)
  56743 sequences unclassified (2.21%)
ak2-sample	batch	0	name	0-SRR5935783	mode	parallel	s3client	sdk	rank	1	role	home	inflight	1	threads	16	start_s	153.317189	wall_s	3.364043	setup_s	0.000060	classify_s	2.935519	close_s	0.259536	report_s	0.165541	status	0	sequences	2565282	bases	465562992	classified	2508539	place	lpt	weight	2565282
201473 sequences (36.75 Mbp) processed in 0.491s (24601.3 Kseq/m, 4486.87 Mbp/m).
  197603 sequences classified (98.08%)
  3870 sequences unclassified (1.92%)
ak2-sample	batch	0	name	0-SRR5935743	mode	parallel	s3client	sdk	rank	1	role	home	inflight	1	threads	16	start_s	156.681266	wall_s	0.916053	setup_s	0.000057	classify_s	0.491373	close_s	0.296875	report_s	0.127004	status	0	sequences	201473	bases	36745424	classified	197603	place	lpt	weight	201473
ak2-engine	mem	t_s	165.1	rss_kib	75160808	hwm_kib	78800324	heap_inuse	1807122432	sys	6593831080	avail_kib	52176216
ak2-timing	batch-barrier-0	157.597344	8.215888	6	0	3.207676	0.473080
ak2-engine	mem	t_s	180.1	rss_kib	78485888	hwm_kib	78800324	heap_inuse	4026384384	sys	6593896616	avail_kib	48754348
16518263 sequences (3051.28 Mbp) processed in 16.686s (59398.2 Kseq/m, 10972.16 Mbp/m).
  16141470 sequences classified (97.72%)
  376793 sequences unclassified (2.28%)
ak2-sample	batch	1	name	1-SRR5935741	mode	parallel	s3client	sdk	rank	1	role	home	inflight	1	threads	16	start_s	165.813259	wall_s	17.137763	setup_s	0.000065	classify_s	16.685608	close_s	0.257681	report_s	0.185633	status	0	sequences	16518263	bases	3051284850	classified	16141470	place	mod	weight	16518263
ak2-engine	mem	t_s	195.1	rss_kib	78953484	hwm_kib	79254448	heap_inuse	4316684288	sys	6935458040	avail_kib	48200024
16286650 sequences (3018.35 Mbp) processed in 16.155s (60489.8 Kseq/m, 11210.38 Mbp/m).
  15278935 sequences classified (93.81%)
  1007715 sequences unclassified (6.19%)
ak2-sample	batch	1	name	1-SRR5935757	mode	parallel	s3client	sdk	rank	1	role	home	inflight	1	threads	16	start_s	182.951047	wall_s	16.777385	setup_s	0.000073	classify_s	16.154777	close_s	0.418384	report_s	0.190322	status	0	sequences	16286650	bases	3018354004	classified	15278935	place	mod	weight	16286650
ak2-engine	mem	t_s	210.2	rss_kib	78543772	hwm_kib	79254448	heap_inuse	4671815680	sys	6973206776	avail_kib	48733272
20671571 sequences (3786.10 Mbp) processed in 20.214s (61358.0 Kseq/m, 11238.03 Mbp/m).
  19204656 sequences classified (92.90%)
  1466915 sequences unclassified (7.10%)
ak2-sample	batch	1	name	1-SRR5935773	mode	parallel	s3client	sdk	rank	1	role	home	inflight	1	threads	16	start_s	199.728458	wall_s	20.659039	setup_s	0.000059	classify_s	20.214047	close_s	0.225160	report_s	0.210657	status	0	sequences	20671571	bases	3786101975	classified	19204656	place	mod	weight	20671571
1513694 sequences (270.73 Mbp) processed in 1.923s (47223.4 Kseq/m, 8446.16 Mbp/m).
  1488159 sequences classified (98.31%)
  25535 sequences unclassified (1.69%)
ak2-sample	batch	1	name	1-SRR5935789	mode	parallel	s3client	sdk	rank	1	role	home	inflight	1	threads	16	start_s	220.387525	wall_s	2.250653	setup_s	0.000072	classify_s	1.923236	close_s	0.216700	report_s	0.108505	status	0	sequences	1513694	bases	270732465	classified	1488159	place	mod	weight	1513694
ak2-engine	mem	t_s	225.2	rss_kib	78148248	hwm_kib	79254448	heap_inuse	3903365120	sys	6974648568	avail_kib	49199640
2823474 sequences (526.09 Mbp) processed in 3.161s (53593.3 Kseq/m, 9985.93 Mbp/m).
  2761157 sequences classified (97.79%)
  62317 sequences unclassified (2.21%)
ak2-sample	batch	1	name	1-SRR5935805	mode	parallel	s3client	sdk	rank	1	role	home	inflight	1	threads	16	start_s	222.638200	wall_s	3.543879	setup_s	0.000048	classify_s	3.161002	close_s	0.193768	report_s	0.185734	status	0	sequences	2823474	bases	526092284	classified	2761157	place	mod	weight	2823474
297656 sequences (54.18 Mbp) processed in 0.568s (31448.9 Kseq/m, 5724.00 Mbp/m).
  290837 sequences classified (97.71%)
  6819 sequences unclassified (2.29%)
ak2-sample	batch	1	name	1-SRR5935821	mode	parallel	s3client	sdk	rank	1	role	home	inflight	1	threads	16	start_s	226.182101	wall_s	1.421638	setup_s	0.000061	classify_s	0.567887	close_s	0.752427	report_s	0.100184	status	0	sequences	297656	bases	54176352	classified	290837	place	mod	weight	297656
9337913 sequences (1691.90 Mbp) processed in 9.019s (62120.9 Kseq/m, 11255.45 Mbp/m).
  8897092 sequences classified (95.28%)
  440821 sequences unclassified (4.72%)
ak2-sample	batch	1	name	1-SRR5935837	mode	parallel	s3client	sdk	rank	1	role	home	inflight	1	threads	16	start_s	227.603764	wall_s	9.424326	setup_s	0.000052	classify_s	9.019101	close_s	0.249913	report_s	0.145792	status	0	sequences	9337913	bases	1691901005	classified	8897092	place	mod	weight	9337913
ak2-engine	mem	t_s	240.2	rss_kib	78230428	hwm_kib	79254448	heap_inuse	3043844096	sys	6974714104	avail_kib	48963140
ak2-engine	mem	t_s	255.2	rss_kib	78230432	hwm_kib	79254448	heap_inuse	3047555072	sys	6974714104	avail_kib	49489484
ak2-timing	batch-barrier-1	237.028110	18.558177	1	0	5.752288	0.573796
ak2-engine	mem	t_s	270.2	rss_kib	78991416	hwm_kib	79254448	heap_inuse	3945963520	sys	7233466680	avail_kib	48479708
20671571 sequences (3786.10 Mbp) processed in 20.044s (61878.1 Kseq/m, 11333.28 Mbp/m).
  19204656 sequences classified (92.90%)
  1466915 sequences unclassified (7.10%)
ak2-sample	batch	2	name	2-SRR5935773	mode	parallel	s3client	sdk	rank	1	role	home	inflight	1	threads	16	start_s	255.586334	wall_s	20.539763	setup_s	0.000057	classify_s	20.044161	close_s	0.348080	report_s	0.139211	status	0	sequences	20671571	bases	3786101975	classified	19204656	place	lpt	weight	20671571
ak2-engine	mem	t_s	285.2	rss_kib	79004960	hwm_kib	79494140	heap_inuse	3577085952	sys	7233466680	avail_kib	48386120
14191749 sequences (2646.88 Mbp) processed in 14.308s (59511.3 Kseq/m, 11099.35 Mbp/m).
  13987275 sequences classified (98.56%)
  204474 sequences unclassified (1.44%)
ak2-sample	batch	2	name	2-SRR5935761	mode	parallel	s3client	sdk	rank	1	role	home	inflight	1	threads	16	start_s	276.126122	wall_s	14.680760	setup_s	0.000059	classify_s	14.308287	close_s	0.243126	report_s	0.122568	status	0	sequences	14191749	bases	2646878118	classified	13987275	place	lpt	weight	14191749
ak2-engine	mem	t_s	300.2	rss_kib	78408880	hwm_kib	79494140	heap_inuse	3508510720	sys	7233466680	avail_kib	49181900
11924297 sequences (2214.84 Mbp) processed in 12.103s (59115.0 Kseq/m, 10980.14 Mbp/m).
  11742476 sequences classified (98.48%)
  181821 sequences unclassified (1.52%)
ak2-sample	batch	2	name	2-SRR5935795	mode	parallel	s3client	sdk	rank	1	role	home	inflight	1	threads	16	start_s	290.806904	wall_s	12.493518	setup_s	0.000065	classify_s	12.102816	close_s	0.224205	report_s	0.159914	status	0	sequences	11924297	bases	2214843465	classified	11742476	place	lpt	weight	11924297
10479816 sequences (1916.83 Mbp) processed in 10.334s (60848.9 Kseq/m, 11129.68 Mbp/m).
  9679024 sequences classified (92.36%)
  800792 sequences unclassified (7.64%)
ak2-sample	batch	2	name	2-SRR5935754	mode	parallel	s3client	sdk	rank	1	role	home	inflight	1	threads	16	start_s	303.300445	wall_s	10.790676	setup_s	0.000054	classify_s	10.333612	close_s	0.287726	report_s	0.155751	status	0	sequences	10479816	bases	1916830360	classified	9679024	place	lpt	weight	10479816
ak2-engine	mem	t_s	315.2	rss_kib	78126152	hwm_kib	79494140	heap_inuse	3545718784	sys	7233663288	avail_kib	49028292
8173049 sequences (1459.57 Mbp) processed in 8.272s (59283.9 Kseq/m, 10587.09 Mbp/m).
  7956066 sequences classified (97.35%)
  216983 sequences unclassified (2.65%)
ak2-sample	batch	2	name	2-SRR5935777	mode	parallel	s3client	sdk	rank	1	role	home	inflight	1	threads	16	start_s	314.091144	wall_s	8.662932	setup_s	0.000067	classify_s	8.271767	close_s	0.252485	report_s	0.132380	status	0	sequences	8173049	bases	1459565869	classified	7956066	place	lpt	weight	8173049
2565282 sequences (465.56 Mbp) processed in 2.814s (54694.5 Kseq/m, 9926.30 Mbp/m).
  2508539 sequences classified (97.79%)
  56743 sequences unclassified (2.21%)
ak2-sample	batch	2	name	2-SRR5935783	mode	parallel	s3client	sdk	rank	1	role	home	inflight	1	threads	16	start_s	322.754099	wall_s	3.181879	setup_s	0.000044	classify_s	2.814119	close_s	0.194073	report_s	0.170267	status	0	sequences	2565282	bases	465562992	classified	2508539	place	lpt	weight	2565282
201473 sequences (36.75 Mbp) processed in 0.459s (26327.4 Kseq/m, 4801.68 Mbp/m).
  197603 sequences classified (98.08%)
  3870 sequences unclassified (1.92%)
ak2-sample	batch	2	name	2-SRR5935743	mode	parallel	s3client	sdk	rank	1	role	home	inflight	1	threads	16	start_s	325.936012	wall_s	0.851548	setup_s	0.000064	classify_s	0.459157	close_s	0.269430	report_s	0.122161	status	0	sequences	201473	bases	36745424	classified	197603	place	lpt	weight	201473
ak2-engine	mem	t_s	330.2	rss_kib	76790080	hwm_kib	79494140	heap_inuse	2157944832	sys	7233990968	avail_kib	50412500
ak2-timing	batch-barrier-2	326.787581	9.134301	1	0	3.256380	0.440968
ak2-timing	barrier	342.260281	0.221848	0	0	0.002889	0.000248
ak2-sample	batch	3	name	3-SRR5935740	mode	striped	s3client	sdk	rank	1	role	peer	inflight	1	threads	16	start_s	336.508815	wall_s	5.973357	setup_s	0.000043	classify_s	5.747072	close_s	0.000000	report_s	0.000000	status	0	sequences	0	bases	0	classified	0	place	-	weight	-
ak2-timing	batch-barrier-3	342.482184	0.513440	1	0	0.005755	0.000000
ak2-engine	mem	t_s	345.2	rss_kib	76288432	hwm_kib	79494140	heap_inuse	1462329344	sys	7234253112	avail_kib	50608976
ak2-timing	barrier	349.480162	0.208869	0	0	0.006271	0.000000
ak2-sample	batch	4	name	4-SRR5935740	mode	striped	s3client	sdk	rank	1	role	peer	inflight	1	threads	16	start_s	343.745582	wall_s	5.943491	setup_s	0.000053	classify_s	5.730077	close_s	0.000000	report_s	0.000000	status	0	sequences	0	bases	0	classified	0	place	-	weight	-
ak2-timing	batch-barrier-4	349.689084	0.504813	1	0	0.005353	0.000130
ak2-timing	barrier	356.711086	0.043736	0	0	0.000084	0.000008
ak2-sample	batch	5	name	5-SRR5935740	mode	striped	s3client	sdk	rank	1	role	peer	inflight	1	threads	16	start_s	350.963489	wall_s	5.791374	setup_s	0.000062	classify_s	5.743451	close_s	0.000000	report_s	0.000000	status	0	sequences	0	bases	0	classified	0	place	-	weight	-
ak2-timing	batch-barrier-5	356.754873	0.490218	8	0	0.005210	0.000442
ak2-engine	mem	t_s	360.2	rss_kib	76600952	hwm_kib	79494140	heap_inuse	2987081728	sys	7234253112	avail_kib	50940272
ak2-timing	batch-barrier-6	357.245114	11.189111	29	0	0.725927	0.061649
ak2-engine	mem	t_s	375.2	rss_kib	76600964	hwm_kib	79494140	heap_inuse	2988646400	sys	7234253112	avail_kib	51193532
ak2-timing	batch-barrier-7	368.434245	9.124880	4	0	0.638168	0.100408
ak2-timing	batch-barrier-8	377.559146	10.310484	4	0	0.706884	0.057335
ak2-engine	shard	0	n	16	lo	18579557371	hi	37159114742	tail	302	full	false	empty_at	18579557385	keys	8473234428	batches	89910	probe_s	211.543896	tail_probes	0	wrap_probes	0
ak2-engine	mem	t_s	387.9	rss_kib	76600980	hwm_kib	79494140	heap_inuse	2990841856	sys	7234253112	avail_kib	51212544
ak2-engine	rendezvous	puts	13	gets	917
ak2-engine	s3	client	sdk	put	34	get	917	create_multipart	21	upload_part	2111	complete_multipart	21	abort_multipart	0	part_bytes	17624130341
ak2-engine	s3	client	cli	put	0	get	0	create_multipart	0	upload_part	0	complete_multipart	0	abort_multipart	0	part_bytes	0
ak2-engine	load	seconds	41.499484	requests	1126	retries	0	bytes	74318296292
ak2-engine	route	transport	nodes	calls	5378	keys	8071347759	batches	86048	route_s	94.576004	wait_s	319.368531	gather_s	18.163681
ak2-engine	worker	scan_s	696.048425	lookup_s	432.111973	classify_s	607.343620
ak2-timing	total	0.000001	388.004654	8130852	0	1586.698909	134.802973
