ak2: log tee up
ak2-phase	2026-10-07T20:21:37Z	1791404497	preamble	no
ak2: [2026-10-07T20:21:37Z] inherited $-=hBc (stub, as spawn started it: $-=hBc)
ak2: [2026-10-07T20:21:37Z] after set +e $-=hBc
ak2: [2026-10-07T20:21:37Z] gate=g3 run=20261007-202107-5faa28c-1b65-n8-r1
ak2: [2026-10-07T20:21:37Z] aws shim installed and self-tested (/tmp/ak2-bin/aws -> /usr/bin/aws)
ak2: [2026-10-07T20:21:37Z] imds region=us-west-2 az=us-west-2a instance=i-0e6c9efd96545f99e type=x8g.4xlarge ami=ami-09325776a00699513
ak2: [2026-10-07T20:21:37Z] bucket aws-kraken2-942542972736-us-west-2 region=us-west-2
ak2: [2026-10-07T20:21:38Z] bucket aws-kraken2-942542972736-us-west-2 payer=UNKNOWN
ak2: [2026-10-07T20:21:38Z] WARN: could not read Payer of aws-kraken2-942542972736-us-west-2 from the instance (launch host verified it)
ak2: [2026-10-07T20:21:38Z] bucket kraken2-ncbi-refseq-complete-v205 region=us-west-2
ak2: [2026-10-07T20:21:38Z] bucket kraken2-ncbi-refseq-complete-v205 payer=BucketOwner
ak2: [2026-10-07T20:21:38Z] region assert passed
ak2: [2026-10-07T20:21:38Z] drop_caches_ok=true
ak2: [2026-10-07T20:21:39Z] preamble done; spec body starts
ak2-phase	2026-10-07T20:21:39Z	1791404499	body	no
ak2: [2026-10-07T20:21:39Z] cohort 20261007-202107-5faa28c-1b65-n8 rank 1 of 8, commit 5faa28c; RODA kraken2-ncbi-refseq-complete-v205/Kraken2_RefSeqCompleteV205, reads aws-kraken2-942542972736-us-west-2/aws-kraken2/data/reads
ak2-phase	2026-10-07T20:21:39Z	1791404499	setup	no
ak2: [2026-10-07T20:22:11Z] built 5faa28c5f02b24513cfbb005519aa414a492dcb7; go version go1.27.1 linux/arm64; ip 172.31.29.204; nproc 16; mem_gib 247
ak2-phase	2026-10-07T20:22:11Z	1791404531	fetch	no
ak2: [2026-10-07T20:22:11Z] staged s3://kraken2-ncbi-refseq-complete-v205/Kraken2_RefSeqCompleteV205/opts.k2d -> /home/ec2-user/ak2/db/roda/opts.k2d (56 bytes)
ak2: [2026-10-07T20:22:11Z] RODA opts.k2d bytes=56 sha256=719d8210ab7fa1ac97d9f7647ec5b9485935265be767fe4ce056f20bed513b0b
ak2: [2026-10-07T20:22:13Z] staged s3://kraken2-ncbi-refseq-complete-v205/Kraken2_RefSeqCompleteV205/taxo.k2d -> /home/ec2-user/ak2/db/roda/taxo.k2d (179150665 bytes)
ak2: [2026-10-07T20:22:13Z] RODA taxo.k2d bytes=179150665 sha256=6eacc5ef55db3cb2d05ebd85f7f2eac529e3d325087af58cee98d5615b27e53e
ak2: [2026-10-07T20:22:14Z] pushed out/rank1/head-hash.k2d.json
ak2: [2026-10-07T20:22:14Z] RODA hash.k2d etag=f80959f9556b50d76b3e744afdd3b22a-8860 size=1189091671800 version=null
ak2: [2026-10-07T20:22:14Z] staged s3://aws-kraken2-942542972736-us-west-2/aws-kraken2/data/reads/SRR062634_8000000.SOURCE -> /home/ec2-user/ak2/reads/SRR062634_8000000.SOURCE (403 bytes)
ak2: [2026-10-07T20:22:15Z] staged aws-kraken2/data/reads/SRR062634_8000000.SOURCE bytes=403 sha256=b876392120fdf2feac00e45502dcb444259d14eeb49ec4f502f05613a74928a9 object-metadata=b876392120fdf2feac00e45502dcb444259d14eeb49ec4f502f05613a74928a9
ak2: [2026-10-07T20:22:20Z] staged s3://aws-kraken2-942542972736-us-west-2/aws-kraken2/data/reads/SRR062634_8000000_1.fq -> /home/ec2-user/ak2/reads/SRR062634_8000000_1.fq (2093755239 bytes)
ak2: [2026-10-07T20:22:22Z] staged aws-kraken2/data/reads/SRR062634_8000000_1.fq bytes=2093755239 sha256=4adae422162ed57988a5b808ee761e54307d31c81e21f0988c1835cb722b598b object-metadata=4adae422162ed57988a5b808ee761e54307d31c81e21f0988c1835cb722b598b
ak2: [2026-10-07T20:22:28Z] staged s3://aws-kraken2-942542972736-us-west-2/aws-kraken2/data/reads/SRR062634_8000000_2.fq -> /home/ec2-user/ak2/reads/SRR062634_8000000_2.fq (2093755239 bytes)
ak2: [2026-10-07T20:22:30Z] staged aws-kraken2/data/reads/SRR062634_8000000_2.fq bytes=2093755239 sha256=ad320f634269e530a1f5c683bee8d212137e28da897aa40926d6b0420bc38728 object-metadata=ad320f634269e530a1f5c683bee8d212137e28da897aa40926d6b0420bc38728
ak2: [2026-10-07T20:22:30Z] staged s3://aws-kraken2-942542972736-us-west-2/aws-kraken2/data/reads/ERR478965_200000.SOURCE -> /home/ec2-user/ak2/reads/ERR478965_200000.SOURCE (400 bytes)
ak2: [2026-10-07T20:22:31Z] staged aws-kraken2/data/reads/ERR478965_200000.SOURCE bytes=400 sha256=19128ba212d865300b586dcb73d4e9543137f500e03f48cde8ce33c7e2fb3d89 object-metadata=19128ba212d865300b586dcb73d4e9543137f500e03f48cde8ce33c7e2fb3d89
ak2: [2026-10-07T20:22:31Z] staged s3://aws-kraken2-942542972736-us-west-2/aws-kraken2/data/reads/ERR478965_200000_1.fq.gz -> /home/ec2-user/ak2/reads/ERR478965_200000_1.fq.gz (13868909 bytes)
ak2: [2026-10-07T20:22:31Z] staged aws-kraken2/data/reads/ERR478965_200000_1.fq.gz bytes=13868909 sha256=12909ad81dcec618f9129cba37b63bbe5d83ded76ffc251afb462de5794a22c9 object-metadata=12909ad81dcec618f9129cba37b63bbe5d83ded76ffc251afb462de5794a22c9
ak2: [2026-10-07T20:22:32Z] staged s3://aws-kraken2-942542972736-us-west-2/aws-kraken2/data/reads/ERR478965_200000_2.fq.gz -> /home/ec2-user/ak2/reads/ERR478965_200000_2.fq.gz (13801673 bytes)
ak2: [2026-10-07T20:22:32Z] staged aws-kraken2/data/reads/ERR478965_200000_2.fq.gz bytes=13801673 sha256=64b73612b72ce90efcd8af1e3a8ae85a92227b6367a136936ea3307c65bf99ae object-metadata=64b73612b72ce90efcd8af1e3a8ae85a92227b6367a136936ea3307c65bf99ae
ak2: [2026-10-07T20:22:37Z] subset SRR062634_2000000: 73b7b8af194f9d8e0082b62532f3d140a44e1d5848b2cded1ce54276c497ffd6 bdd4b2d9a1e984dfa342bd104b92dec71f76171bc7753074d98d1d84a9f91e6b 
ak2-phase	2026-10-07T20:22:37Z	1791404557	case-SRR062634_2000000-fq	no
ak2: [2026-10-07T20:22:37Z] case SRR062634_2000000-fq: /home/ec2-user/ak2/repo/bin/aws-kraken2 --db /home/ec2-user/ak2/db/roda --threads 16 --paired --output <cohort>/out/SRR062634_2000000-fq/output.txt --report <local> /home/ec2-user/ak2/reads/SRR062634_2000000_1.fq /home/ec2-user/ak2/reads/SRR062634_2000000_2.fq
ak2: [2026-10-07T20:24:16Z] case SRR062634_2000000-fq rank 1 exit 0
[SRR062634_2000000-fq] ak2-timing	taxo	0.000077	0.102567	87862	0	0.039759	0.077340
[SRR062634_2000000-fq] ak2-timing	shard-load-1	0.426576	80.558198	78115	0	75.857191	70.961721
[SRR062634_2000000-fq] ak2-timing	rendezvous	82.825324	8.620956	140	0	0.000496	0.010610
[SRR062634_2000000-fq] ak2-timing	connect	91.446306	0.301985	7	0	0.000142	0.000584
[SRR062634_2000000-fq] ak2-timing	hash	0.102728	91.645582	80432	0	75.866445	70.979520
[SRR062634_2000000-fq] ak2-timing	setup	91.748315	0.000053	8	0	0.000031	0.000029
[SRR062634_2000000-fq] ak2-timing	classify	91.748372	2.182981	371546	0	2.766504	0.415220
[SRR062634_2000000-fq] ak2-timing	barrier	93.932363	4.623079	2	0	0.076701	0.000000
[SRR062634_2000000-fq] ak2-engine	shard	0	n	8	lo	37159114742	hi	74318229485	tail	302	full	false	empty_at	37159114742	keys	11161303	batches	63	probe_s	0.275739	tail_probes	0	wrap_probes	0
[SRR062634_2000000-fq] ak2-engine	node	rank	1	n	8	emitter	false	blocks_cut	63	blocks_mine	8	read_s	0.449017	window_wait_s	0.000002	send_s	12.952157	sent_bytes	40086021	emit_wait_s	0.000000	emit_s	0.000000
[SRR062634_2000000-fq] ak2-engine	rendezvous	requests	18
[SRR062634_2000000-fq] ak2-engine	load	seconds	80.558194	requests	2233	retries	0	bytes	148636525780
[SRR062634_2000000-fq] ak2-engine	route	transport	nodes	calls	8	keys	11468180	batches	64	route_s	0.152653	wait_s	0.083960	gather_s	0.040176
[SRR062634_2000000-fq] ak2-engine	worker	scan_s	1.138308	lookup_s	0.276796	classify_s	0.898221
[SRR062634_2000000-fq] ak2-timing	unmap	98.555513	0.272259	0	0	0.005723	0.265110
[SRR062634_2000000-fq] ak2-timing	total	0.000001	98.827824	539916	0	78.755900	71.737942
[SRR062634_2000000-fq stderr] Loading database information...ak2-timing	opts	0.000045	0.000026	5	0	0.000000	0.000028
[SRR062634_2000000-fq stderr]  done.
ak2: [2026-10-07T20:24:16Z] pushed out/rank1/eng-SRR062634_2000000-fq.stderr
ak2-phase	2026-10-07T20:24:16Z	1791404656	case-ERR478965_200000-gz	no
ak2: [2026-10-07T20:24:16Z] case ERR478965_200000-gz: /home/ec2-user/ak2/repo/bin/aws-kraken2 --db /home/ec2-user/ak2/db/roda --threads 16 --paired --output <cohort>/out/ERR478965_200000-gz/output.txt --report <local> /home/ec2-user/ak2/reads/ERR478965_200000_1.fq.gz /home/ec2-user/ak2/reads/ERR478965_200000_2.fq.gz
ak2: [2026-10-07T20:25:47Z] case ERR478965_200000-gz rank 1 exit 0
[ERR478965_200000-gz] ak2-timing	taxo	0.000070	0.110446	87859	0	0.046902	0.078122
[ERR478965_200000-gz] ak2-timing	shard-load-1	0.183991	80.572038	78145	0	73.465732	68.953922
[ERR478965_200000-gz] ak2-timing	rendezvous	82.671366	4.285991	88	0	0.001770	0.007025
[ERR478965_200000-gz] ak2-timing	connect	86.957381	2.345658	11	0	0.000000	0.001146
[ERR478965_200000-gz] ak2-timing	hash	0.110576	89.192486	80408	0	73.479754	68.965019
[ERR478965_200000-gz] ak2-timing	setup	89.303072	0.000051	4	0	0.000000	0.000080
[ERR478965_200000-gz] ak2-timing	classify	89.303127	0.311078	72605	0	0.559682	0.084940
[ERR478965_200000-gz] ak2-timing	barrier	89.614800	0.412270	0	0	0.000046	0.000042
[ERR478965_200000-gz] ak2-engine	shard	0	n	8	lo	37159114742	hi	74318229485	tail	302	full	false	empty_at	37159114742	keys	952760	batches	6	probe_s	0.029911	tail_probes	0	wrap_probes	0
[ERR478965_200000-gz] ak2-engine	node	rank	1	n	8	emitter	false	blocks_cut	6	blocks_mine	1	read_s	0.161111	window_wait_s	0.000000	send_s	0.008740	sent_bytes	3237314	emit_wait_s	0.000000	emit_s	0.000000
[ERR478965_200000-gz] ak2-engine	rendezvous	requests	12
[ERR478965_200000-gz] ak2-engine	load	seconds	80.572035	requests	2233	retries	0	bytes	148636525780
[ERR478965_200000-gz] ak2-engine	route	transport	nodes	calls	1	keys	1357402	batches	8	route_s	0.012380	wait_s	0.012787	gather_s	0.003420
[ERR478965_200000-gz] ak2-engine	worker	scan_s	0.131888	lookup_s	0.028588	classify_s	0.068402
[ERR478965_200000-gz] ak2-timing	unmap	90.027130	0.273981	2	0	0.000000	0.274134
[ERR478965_200000-gz] ak2-timing	total	0.000001	90.301146	240947	0	74.086836	69.402777
[ERR478965_200000-gz stderr] Loading database information...ak2-timing	opts	0.000038	0.000024	5	0	0.000024	0.000000
[ERR478965_200000-gz stderr]  done.
ak2: [2026-10-07T20:25:47Z] pushed out/rank1/eng-ERR478965_200000-gz.stderr
ak2: [2026-10-07T20:25:47Z] rank 1 done: 0 failed case(s)
ak2: [2026-10-07T20:25:47Z] spec body exit rc=0
ak2-phase	2026-10-07T20:25:47Z	1791404747	end	no
