make run: bucket aws-kraken2-942542972736-us-west-2 is in us-west-2
make run: bucket kraken2-ncbi-refseq-complete-v205 is in us-west-2
make run: run 20261008-162516-ec47001-e4a7-n32-r24  task ak2-g3-20261008-162516-ec47001-e4a7-n32-r24  ->  s3://aws-kraken2-942542972736-us-west-2/aws-kraken2/g3/20261008-162516-ec47001-e4a7-n32-r24
make run: user data: 12655 of 16384 bytes after base64 decoding (refuse above 15360)
make run: plan: Instance: c8g.12xlarge (0 vCPU, 0 GiB)
make run: launched i-0adea9c12eaf0094d (c8g.12xlarge) in us-west-2
  | ak2: log tee up
  | ak2-phase	2026-10-08T16:26:44Z	1791476804	preamble	no
  | ak2: [2026-10-08T16:26:44Z] inherited $-=hBc (stub, as spawn started it: $-=hBc)
  | ak2: [2026-10-08T16:26:44Z] after set +e $-=hBc
  | ak2: [2026-10-08T16:26:44Z] gate=g3 run=20261008-162516-ec47001-e4a7-n32-r24
  | ak2: [2026-10-08T16:26:44Z] aws shim installed and self-tested (/tmp/ak2-bin/aws -> /usr/bin/aws)
  | ak2: [2026-10-08T16:26:44Z] imds region=us-west-2 az=us-west-2b instance=i-0adea9c12eaf0094d type=c8g.12xlarge ami=ami-09325776a00699513
  | ak2: [2026-10-08T16:26:44Z] bucket aws-kraken2-942542972736-us-west-2 region=us-west-2
  | ak2: [2026-10-08T16:26:44Z] bucket aws-kraken2-942542972736-us-west-2 payer=UNKNOWN
  | ak2: [2026-10-08T16:26:44Z] WARN: could not read Payer of aws-kraken2-942542972736-us-west-2 from the instance (launch host verified it)
  | ak2: [2026-10-08T16:26:44Z] bucket kraken2-ncbi-refseq-complete-v205 region=us-west-2
  | ak2: [2026-10-08T16:26:45Z] bucket kraken2-ncbi-refseq-complete-v205 payer=BucketOwner
  | ak2: [2026-10-08T16:26:45Z] region assert passed
  | ak2: [2026-10-08T16:26:45Z] drop_caches_ok=true
  | ak2: [2026-10-08T16:26:45Z] preamble done; spec body starts
  | ak2-phase	2026-10-08T16:26:45Z	1791476805	body	no
  | ak2: [2026-10-08T16:26:45Z] e4 cohort 20261008-162516-ec47001-e4a7-n32 rank 24 of 32, commit ec47001; RODA kraken2-ncbi-refseq-complete-v205/Kraken2_RefSeqCompleteV205; samples aws-kraken2-942542972736-us-west-2/aws-kraken2/data/cohort; cohort 100
  | ak2-phase	2026-10-08T16:26:45Z	1791476805	setup	no
  | ak2: [2026-10-08T16:27:24Z] built ec4700168b3540a134729f919ba109c4d4bbd92a; go version go1.27.1 linux/arm64; ip 172.31.51.254; nproc 48; mem_gib 92; threads 16, inflight 6
  | ak2-phase	2026-10-08T16:27:24Z	1791476844	manifest	no
  | ak2: [2026-10-08T16:27:24Z] staged s3://kraken2-ncbi-refseq-complete-v205/Kraken2_RefSeqCompleteV205/opts.k2d -> /home/ec2-user/ak2/db/roda/opts.k2d (56 bytes)
  | ak2: [2026-10-08T16:27:25Z] staged s3://kraken2-ncbi-refseq-complete-v205/Kraken2_RefSeqCompleteV205/taxo.k2d -> /home/ec2-user/ak2/db/roda/taxo.k2d (179150665 bytes)
  | ak2: [2026-10-08T16:27:26Z] RODA hash.k2d etag=f80959f9556b50d76b3e744afdd3b22a-8860 size=1189091671800
  | ak2: [2026-10-08T16:27:26Z] pushed out/rank24/c100.tsv
  | ak2: [2026-10-08T16:27:26Z] pushed out/rank24/placement.tsv
  | ak2: [2026-10-08T16:27:26Z] manifest c100: 306 lines in 9 batches; rank 24 reads 7 samples
  | ak2-phase	2026-10-08T16:27:26Z	1791476846	fetch	no
  | ak2: [2026-10-08T16:27:33Z] inputs staged and verified: 14 files, 7.80 GB
  | ak2: [2026-10-08T16:27:33Z] manifest c100: cohort: 306 samples in 9 batches check
  | ak2-phase	2026-10-08T16:27:33Z	1791476853	inv-c100	no
  | [c100] ak2-timing	taxo	0.003047	0.093663	87848	0	0.010470	0.086130
  | [c100] ak2-timing	shard-load-24	0.167003	14.668196	24060	0	19.493133	19.432889
  | [c100] ak2-engine	mem	t_s	15.0	rss_kib	36684196	hwm_kib	36684200	heap_inuse	404324352	sys	438892904	avail_kib	58183580
  | [c100] ak2-timing	rendezvous	15.308440	13.185883	1498	0	0.035707	0.002606
  | [c100] ak2-timing	connect	28.494338	0.515547	12703	0	0.219804	0.086856
  | [c100] ak2-timing	hash	0.096788	28.913123	40133	0	19.764233	19.522362
  | [c100] ak2-engine	mem	t_s	30.1	rss_kib	48369344	hwm_kib	48369544	heap_inuse	12749856768	sys	12913759304	avail_kib	46884484
  | [c100] ak2-sample	batch	0	name	0-SRR5935799	mode	parallel	s3client	sdk	rank	24	role	home	inflight	6	threads	16	start_s	29.009964	wall_s	9.071100	setup_s	0.000045	classify_s	8.553186	close_s	0.289999	report_s	0.210303	status	0	sequences	9090205	bases	1661371324	classified	7439975	place	lpt	weight	9090205
  | [c100] ak2-sample	batch	0	name	0-SRR5935831	mode	parallel	s3client	sdk	rank	24	role	home	inflight	6	threads	16	start_s	29.009980	wall_s	10.753074	setup_s	0.000061	classify_s	10.206586	close_s	0.397777	report_s	0.142751	status	0	sequences	12793053	bases	2357685670	classified	12609886	place	lpt	weight	12793053
  | [c100] ak2-sample	batch	0	name	0-SRR5935784	mode	parallel	s3client	sdk	rank	24	role	home	inflight	6	threads	16	start_s	29.009981	wall_s	11.419493	setup_s	0.000058	classify_s	10.875769	close_s	0.282493	report_s	0.253688	status	0	sequences	14800056	bases	2772790740	classified	14536791	place	lpt	weight	14800056
  | [c100] ak2-timing	batch-barrier-0	40.429496	2.866654	3762	0	0.636112	0.325521
  | [c100] ak2-engine	mem	t_s	45.1	rss_kib	53572412	hwm_kib	56544120	heap_inuse	14117273600	sys	21171932152	avail_kib	39826092
  | [c100] ak2-sample	batch	1	name	1-SRR5935828	mode	parallel	s3client	sdk	rank	24	role	home	inflight	6	threads	16	start_s	43.296184	wall_s	8.226974	setup_s	0.000048	classify_s	7.663255	close_s	0.340966	report_s	0.213910	status	0	sequences	8326050	bases	1540092338	classified	8094378	place	mod	weight	8326050
  | [c100] ak2-sample	batch	1	name	1-SRR5935764	mode	parallel	s3client	sdk	rank	24	role	home	inflight	6	threads	16	start_s	43.296187	wall_s	9.681016	setup_s	0.000042	classify_s	9.000692	close_s	0.507510	report_s	0.163409	status	0	sequences	11689489	bases	2123440867	classified	11327502	place	mod	weight	11689489
  | [c100] ak2-sample	batch	1	name	1-SRR5935796	mode	parallel	s3client	sdk	rank	24	role	home	inflight	6	threads	16	start_s	43.296193	wall_s	11.359466	setup_s	0.000038	classify_s	10.850828	close_s	0.302048	report_s	0.193892	status	0	sequences	14959235	bases	2745665723	classified	13888405	place	mod	weight	14959235
  | [c100] ak2-timing	batch-barrier-1	54.655678	3.780588	3	0	0.754874	0.133323
  | [c100] ak2-engine	mem	t_s	60.1	rss_kib	51277136	hwm_kib	56544120	heap_inuse	13038411776	sys	21172399096	avail_kib	40287604
  | [c100] ak2-sample	batch	2	name	2-SRR5935799	mode	parallel	s3client	sdk	rank	24	role	home	inflight	6	threads	16	start_s	58.436312	wall_s	8.249117	setup_s	0.000044	classify_s	7.765854	close_s	0.257861	report_s	0.207169	status	0	sequences	9090205	bases	1661371324	classified	7439975	place	lpt	weight	9090205
  | [c100] ak2-sample	batch	2	name	2-SRR5935831	mode	parallel	s3client	sdk	rank	24	role	home	inflight	6	threads	16	start_s	58.436325	wall_s	10.778923	setup_s	0.000039	classify_s	9.937880	close_s	0.616031	report_s	0.219310	status	0	sequences	12793053	bases	2357685670	classified	12609886	place	lpt	weight	12793053
  | [c100] ak2-sample	batch	2	name	2-SRR5935784	mode	parallel	s3client	sdk	rank	24	role	home	inflight	6	threads	16	start_s	58.436315	wall_s	11.250285	setup_s	0.000041	classify_s	10.784382	close_s	0.248894	report_s	0.209141	status	0	sequences	14800056	bases	2772790740	classified	14536791	place	lpt	weight	14800056
  | [c100] ak2-timing	batch-barrier-2	69.686621	3.067942	4	0	0.751424	0.118946
  | [c100] ak2-engine	mem	t_s	75.1	rss_kib	51050424	hwm_kib	56544120	heap_inuse	8510717952	sys	21174586360	avail_kib	39664352
  | [c100] ak2-timing	barrier	79.672630	0.517751	0	0	0.015262	0.000455
  | [c100] ak2-sample	batch	3	name	3-SRR5935740	mode	striped	s3client	sdk	rank	24	role	peer	inflight	1	threads	16	start_s	74.115475	wall_s	6.074954	setup_s	0.000041	classify_s	5.554906	close_s	0.000000	report_s	0.000000	status	0	sequences	0	bases	0	classified	0	place	-	weight	-
  | [c100] ak2-timing	batch-barrier-3	80.190437	0.901946	0	0	0.000000	0.007904
  | [c100] ak2-timing	barrier	87.808763	0.270581	0	0	0.004071	0.009583
  | [c100] ak2-sample	batch	4	name	4-SRR5935740	mode	striped	s3client	sdk	rank	24	role	peer	inflight	1	threads	16	start_s	82.256532	wall_s	5.822854	setup_s	0.000047	classify_s	5.549670	close_s	0.000000	report_s	0.000000	status	0	sequences	0	bases	0	classified	0	place	-	weight	-
  | [c100] ak2-timing	batch-barrier-4	88.079403	1.012500	244	0	0.008229	0.000000
  | [c100] ak2-engine	mem	t_s	90.1	rss_kib	39120972	hwm_kib	56544120	heap_inuse	2761768960	sys	21174586360	avail_kib	54991644
  | [c100] ak2-timing	barrier	95.753614	0.227999	0	0	0.009343	0.000807
  | [c100] ak2-sample	batch	5	name	5-SRR5935740	mode	striped	s3client	sdk	rank	24	role	peer	inflight	1	threads	16	start_s	90.192538	wall_s	5.789123	setup_s	0.000031	classify_s	5.558851	close_s	0.000000	report_s	0.000000	status	0	sequences	0	bases	0	classified	0	place	-	weight	-
  | [c100] ak2-timing	batch-barrier-5	95.981671	0.920102	4	0	0.007392	0.000639
  | [c100] ak2-timing	batch-barrier-6	96.901792	7.523024	6	0	0.296732	0.071080
  | [c100] ak2-engine	mem	t_s	105.1	rss_kib	38959352	hwm_kib	56544120	heap_inuse	2360377344	sys	21174586360	avail_kib	56224344
  | [c100] ak2-timing	batch-barrier-7	104.424843	6.409122	35	0	0.314949	0.053797
  | [c100] ak2-timing	batch-barrier-8	110.833987	7.705753	3	0	0.278819	0.099457
  | [c100] ak2-engine	shard	0	n	32	lo	222954688456	hi	232244467142	tail	302	full	false	empty_at	9289778690	keys	4241846196	batches	89910	probe_s	89.544648	tail_probes	0	wrap_probes	0
  | [c100] ak2-engine	mem	t_s	118.5	rss_kib	38959388	hwm_kib	56544120	heap_inuse	2362654720	sys	21174586360	avail_kib	56450448
  | [c100] ak2-engine	rendezvous	puts	13	gets	690
  | [c100] ak2-engine	s3	client	sdk	put	22	get	690	create_multipart	9	upload_part	1194	complete_multipart	9	abort_multipart	0	part_bytes	9982935341
  | [c100] ak2-engine	s3	client	cli	put	0	get	0	create_multipart	0	upload_part	0	complete_multipart	0	abort_multipart	0	part_bytes	0
  | [c100] ak2-engine	load	seconds	14.668194	requests	572	retries	0	bytes	37159181552
  | [c100] ak2-engine	route	transport	nodes	calls	2863	keys	4312844692	batches	91616	route_s	39.941774	wait_s	687.490696	gather_s	8.418286
  | [c100] ak2-engine	worker	scan_s	314.151945	lookup_s	735.852489	classify_s	243.520545
  | [c100] ak2-timing	total	0.000001	118.605053	10282755	0	883.118708	76.548250
  | ak2: [2026-10-08T16:29:32Z] inv c100 rank 24 exit 0
  | [c100 stderr] Loading database information...ak2-timing	opts	0.003024	0.000016	0	0	0.000000	0.000015
  | [c100 stderr]  done.
  | ak2: [2026-10-08T16:29:33Z] pushed out/rank24/eng-c100.stderr
  | ak2: [2026-10-08T16:29:33Z] rank 24 done (rc=0)
  | ak2: [2026-10-08T16:29:33Z] spec body exit rc=0
  | ak2-phase	2026-10-08T16:29:33Z	1791476973	end	no
make run: tag-objects: s3://aws-kraken2-942542972736-us-west-2/aws-kraken2/g3/20261008-162516-ec47001-e4a7-n32-r24/: 10 objects, 9 tagged now, 1 already tagged, 0 failed
make run: run dir: results/g3/20261008-162516-ec47001-e4a7-n32-r24  (task exit 0, state terminated, cost $0.11964)
orphans: other live ak2 instances (concurrent runs; informational, not this run's):
  us-west-2	i-05e2ea7d68460d65f	running	c8g.12xlarge	2026-10-08T16:26:04+00:00	ak2-g3-20261008-162516-ec47001-e4a7-n32-r12	ttl=40m	within TTL
  us-west-2	i-0fbb010407a9830b4	shutting-down	c8g.12xlarge	2026-10-08T16:26:00+00:00	ak2-g3-20261008-162516-ec47001-e4a7-n32-r11	ttl=40m	within TTL
  us-west-2	i-0b83b21b182bcaaf7	shutting-down	c8g.12xlarge	2026-10-08T16:25:59+00:00	ak2-g3-20261008-162516-ec47001-e4a7-n32-r10	ttl=40m	within TTL
orphans: this run's instance(s) and task ak2-g3-20261008-162516-ec47001-e4a7-n32-r24 are gone (18 regions checked)
