make run: bucket aws-kraken2-942542972736-us-west-2 is in us-west-2
make run: bucket kraken2-ncbi-refseq-complete-v205 is in us-west-2
make run: run 20261008-162516-ec47001-e4a7-n32-r14  task ak2-g3-20261008-162516-ec47001-e4a7-n32-r14  ->  s3://aws-kraken2-942542972736-us-west-2/aws-kraken2/g3/20261008-162516-ec47001-e4a7-n32-r14
make run: user data: 12654 of 16384 bytes after base64 decoding (refuse above 15360)
make run: plan: Instance: c8g.12xlarge (0 vCPU, 0 GiB)
make run: launched i-0583ef1e0d8ac9848 (c8g.12xlarge) in us-west-2
  | ak2: log tee up
  | ak2-phase	2026-10-08T16:26:21Z	1791476781	preamble	no
  | ak2: [2026-10-08T16:26:21Z] inherited $-=hBc (stub, as spawn started it: $-=hBc)
  | ak2: [2026-10-08T16:26:21Z] after set +e $-=hBc
  | ak2: [2026-10-08T16:26:21Z] gate=g3 run=20261008-162516-ec47001-e4a7-n32-r14
  | ak2: [2026-10-08T16:26:21Z] aws shim installed and self-tested (/tmp/ak2-bin/aws -> /usr/bin/aws)
  | ak2: [2026-10-08T16:26:21Z] imds region=us-west-2 az=us-west-2b instance=i-0583ef1e0d8ac9848 type=c8g.12xlarge ami=ami-09325776a00699513
  | ak2: [2026-10-08T16:26:21Z] bucket aws-kraken2-942542972736-us-west-2 region=us-west-2
  | ak2: [2026-10-08T16:26:22Z] bucket aws-kraken2-942542972736-us-west-2 payer=UNKNOWN
  | ak2: [2026-10-08T16:26:22Z] WARN: could not read Payer of aws-kraken2-942542972736-us-west-2 from the instance (launch host verified it)
  | ak2: [2026-10-08T16:26:22Z] bucket kraken2-ncbi-refseq-complete-v205 region=us-west-2
  | ak2: [2026-10-08T16:26:23Z] bucket kraken2-ncbi-refseq-complete-v205 payer=BucketOwner
  | ak2: [2026-10-08T16:26:23Z] region assert passed
  | ak2: [2026-10-08T16:26:23Z] drop_caches_ok=true
  | ak2: [2026-10-08T16:26:23Z] preamble done; spec body starts
  | ak2-phase	2026-10-08T16:26:23Z	1791476783	body	no
  | ak2: [2026-10-08T16:26:23Z] e4 cohort 20261008-162516-ec47001-e4a7-n32 rank 14 of 32, commit ec47001; RODA kraken2-ncbi-refseq-complete-v205/Kraken2_RefSeqCompleteV205; samples aws-kraken2-942542972736-us-west-2/aws-kraken2/data/cohort; cohort 100
  | ak2-phase	2026-10-08T16:26:23Z	1791476783	setup	no
  | ak2: [2026-10-08T16:26:57Z] built ec4700168b3540a134729f919ba109c4d4bbd92a; go version go1.27.1 linux/arm64; ip 172.31.51.203; nproc 48; mem_gib 92; threads 16, inflight 6
  | ak2-phase	2026-10-08T16:26:57Z	1791476817	manifest	no
  | ak2: [2026-10-08T16:26:58Z] staged s3://kraken2-ncbi-refseq-complete-v205/Kraken2_RefSeqCompleteV205/opts.k2d -> /home/ec2-user/ak2/db/roda/opts.k2d (56 bytes)
  | ak2: [2026-10-08T16:26:59Z] staged s3://kraken2-ncbi-refseq-complete-v205/Kraken2_RefSeqCompleteV205/taxo.k2d -> /home/ec2-user/ak2/db/roda/taxo.k2d (179150665 bytes)
  | ak2: [2026-10-08T16:26:59Z] RODA hash.k2d etag=f80959f9556b50d76b3e744afdd3b22a-8860 size=1189091671800
  | ak2: [2026-10-08T16:27:00Z] pushed out/rank14/c100.tsv
  | ak2: [2026-10-08T16:27:00Z] pushed out/rank14/placement.tsv
  | ak2: [2026-10-08T16:27:00Z] manifest c100: 306 lines in 9 batches; rank 14 reads 7 samples
  | ak2-phase	2026-10-08T16:27:00Z	1791476820	fetch	no
  | ak2: [2026-10-08T16:27:07Z] inputs staged and verified: 14 files, 7.27 GB
  | ak2: [2026-10-08T16:27:07Z] manifest c100: cohort: 306 samples in 9 batches check
  | ak2-phase	2026-10-08T16:27:07Z	1791476827	inv-c100	no
  | [c100] ak2-timing	taxo	0.003049	0.093794	87855	0	0.002105	0.094455
  | [c100] ak2-timing	shard-load-14	0.172226	14.204515	24052	0	17.452002	15.246438
  | [c100] ak2-engine	mem	t_s	15.0	rss_kib	36685860	hwm_kib	36685864	heap_inuse	405061632	sys	435411304	avail_kib	58138068
  | [c100] ak2-engine	mem	t_s	30.0	rss_kib	36694896	hwm_kib	36694900	heap_inuse	415334400	sys	443799912	avail_kib	58604096
  | [c100] ak2-engine	mem	t_s	45.0	rss_kib	36700576	hwm_kib	36700580	heap_inuse	421224448	sys	452450664	avail_kib	58728500
  | [c100] ak2-timing	rendezvous	14.825651	39.080931	4533	0	0.064759	0.031651
  | [c100] ak2-timing	connect	53.906598	0.094305	8	0	0.000000	0.002070
  | [c100] ak2-timing	hash	0.096888	53.904033	30381	0	17.517987	15.293829
  | [c100] ak2-engine	mem	t_s	60.0	rss_kib	54573640	hwm_kib	54573640	heap_inuse	15235153920	sys	19167570456	avail_kib	40610716
  | [c100] ak2-sample	batch	0	name	0-SRR5935828	mode	parallel	s3client	sdk	rank	14	role	home	inflight	6	threads	16	start_s	54.000967	wall_s	8.507557	setup_s	0.000042	classify_s	8.051443	close_s	0.247549	report_s	0.201160	status	0	sequences	8326050	bases	1540092338	classified	8094378	place	lpt	weight	8326050
  | [c100] ak2-sample	batch	0	name	0-SRR5935825	mode	parallel	s3client	sdk	rank	14	role	home	inflight	6	threads	16	start_s	54.000968	wall_s	10.526104	setup_s	0.000040	classify_s	9.958087	close_s	0.304096	report_s	0.245278	status	0	sequences	11458367	bases	2115935464	classified	9654089	place	lpt	weight	11458367
  | [c100] ak2-sample	batch	0	name	0-SRR5935770	mode	parallel	s3client	sdk	rank	14	role	home	inflight	6	threads	16	start_s	54.000967	wall_s	13.062109	setup_s	0.000040	classify_s	12.603445	close_s	0.222703	report_s	0.226027	status	0	sequences	16180463	bases	3026482353	classified	15739294	place	lpt	weight	16180463
  | [c100] ak2-timing	batch-barrier-0	67.063096	1.340275	5	0	0.091371	0.095019
  | [c100] ak2-engine	mem	t_s	75.0	rss_kib	55681912	hwm_kib	56063848	heap_inuse	9860096000	sys	20633045880	avail_kib	38616700
  | [c100] ak2-sample	batch	1	name	1-SRR5935818	mode	parallel	s3client	sdk	rank	14	role	home	inflight	6	threads	16	start_s	68.403396	wall_s	8.802339	setup_s	0.000048	classify_s	8.171490	close_s	0.479193	report_s	0.141073	status	0	sequences	8877621	bases	1663945574	classified	8212460	place	mod	weight	8877621
  | [c100] ak2-sample	batch	1	name	1-SRR5935754	mode	parallel	s3client	sdk	rank	14	role	home	inflight	6	threads	16	start_s	68.403420	wall_s	9.626669	setup_s	0.000045	classify_s	9.014002	close_s	0.450066	report_s	0.148430	status	0	sequences	10479816	bases	1916830360	classified	9679024	place	mod	weight	10479816
  | [c100] ak2-sample	batch	1	name	1-SRR5935786	mode	parallel	s3client	sdk	rank	14	role	home	inflight	6	threads	16	start_s	68.403428	wall_s	9.639397	setup_s	0.000039	classify_s	9.124439	close_s	0.314900	report_s	0.189853	status	0	sequences	10054299	bases	1885642952	classified	9575405	place	mod	weight	10054299
  | [c100] ak2-timing	batch-barrier-1	78.042845	6.662158	38	0	4.159786	0.800691
  | [c100] ak2-engine	mem	t_s	90.0	rss_kib	56212940	hwm_kib	56212940	heap_inuse	10245619712	sys	20633553784	avail_kib	38431172
  | [c100] ak2-sample	batch	2	name	2-SRR5935828	mode	parallel	s3client	sdk	rank	14	role	home	inflight	6	threads	16	start_s	84.705053	wall_s	8.388386	setup_s	0.000047	classify_s	7.703868	close_s	0.430074	report_s	0.246274	status	0	sequences	8326050	bases	1540092338	classified	8094378	place	lpt	weight	8326050
  | [c100] ak2-sample	batch	2	name	2-SRR5935825	mode	parallel	s3client	sdk	rank	14	role	home	inflight	6	threads	16	start_s	84.705063	wall_s	9.179085	setup_s	0.000037	classify_s	8.698958	close_s	0.286309	report_s	0.175236	status	0	sequences	11458367	bases	2115935464	classified	9654089	place	lpt	weight	11458367
  | [c100] ak2-sample	batch	2	name	2-SRR5935770	mode	parallel	s3client	sdk	rank	14	role	home	inflight	6	threads	16	start_s	84.705056	wall_s	12.084973	setup_s	0.000045	classify_s	11.240158	close_s	0.688625	report_s	0.146470	status	0	sequences	16180463	bases	3026482353	classified	15739294	place	lpt	weight	16180463
  | [c100] ak2-timing	batch-barrier-2	96.790052	1.724669	1	0	0.129100	0.024273
  | [c100] ak2-engine	mem	t_s	105.0	rss_kib	39254588	hwm_kib	56259472	heap_inuse	2381496320	sys	20633553784	avail_kib	53330856
  | [c100] ak2-timing	barrier	105.561147	0.357938	0	0	0.004761	0.000401
  | [c100] ak2-sample	batch	3	name	3-SRR5935740	mode	striped	s3client	sdk	rank	14	role	peer	inflight	1	threads	16	start_s	99.844389	wall_s	6.074745	setup_s	0.000049	classify_s	5.714431	close_s	0.000000	report_s	0.000000	status	0	sequences	0	bases	0	classified	0	place	-	weight	-
  | [c100] ak2-timing	batch-barrier-3	105.919144	0.886431	0	0	0.000000	0.008501
  | [c100] ak2-timing	barrier	113.708882	0.099175	0	0	0.000130	0.000011
  | [c100] ak2-sample	batch	4	name	4-SRR5935740	mode	striped	s3client	sdk	rank	14	role	peer	inflight	1	threads	16	start_s	107.984634	wall_s	5.823473	setup_s	0.000049	classify_s	5.721968	close_s	0.000000	report_s	0.000000	status	0	sequences	0	bases	0	classified	0	place	-	weight	-
  | [c100] ak2-timing	batch-barrier-4	113.808116	0.889583	2	0	0.008155	0.000000
  | [c100] ak2-engine	mem	t_s	120.0	rss_kib	38756240	hwm_kib	56259472	heap_inuse	1450721280	sys	20633553784	avail_kib	55931792
  | [c100] ak2-timing	barrier	121.642265	0.068035	0	0	0.000129	0.000011
  | [c100] ak2-sample	batch	5	name	5-SRR5935740	mode	striped	s3client	sdk	rank	14	role	peer	inflight	1	threads	16	start_s	115.920619	wall_s	5.789726	setup_s	0.000056	classify_s	5.719267	close_s	0.000000	report_s	0.000000	status	0	sequences	0	bases	0	classified	0	place	-	weight	-
  | [c100] ak2-timing	batch-barrier-5	121.710353	0.966133	2	0	0.008081	0.000668
  | [c100] ak2-timing	batch-barrier-6	122.676508	7.531661	2	0	0.319678	0.064460
  | [c100] ak2-engine	mem	t_s	135.0	rss_kib	39227340	hwm_kib	56259472	heap_inuse	1886388224	sys	20633553784	avail_kib	56029284
  | [c100] ak2-timing	batch-barrier-7	130.208194	6.443448	1	0	0.340534	0.034611
  | [c100] ak2-timing	batch-barrier-8	136.651663	7.428619	3	0	0.321666	0.055064
  | [c100] ak2-engine	shard	0	n	32	lo	130056901599	hi	139346680285	tail	302	full	false	empty_at	9289778704	keys	4240426374	batches	89910	probe_s	89.761021	tail_probes	0	wrap_probes	0
  | [c100] ak2-engine	mem	t_s	144.1	rss_kib	39227348	hwm_kib	56259472	heap_inuse	1888256000	sys	20633553784	avail_kib	56130140
  | [c100] ak2-engine	rendezvous	puts	13	gets	1029
  | [c100] ak2-engine	s3	client	sdk	put	22	get	1029	create_multipart	9	upload_part	1110	complete_multipart	9	abort_multipart	0	part_bytes	9267919011
  | [c100] ak2-engine	s3	client	cli	put	0	get	0	create_multipart	0	upload_part	0	complete_multipart	0	abort_multipart	0	part_bytes	0
  | [c100] ak2-engine	load	seconds	14.204510	requests	572	retries	0	bytes	37159181552
  | [c100] ak2-engine	route	transport	nodes	calls	2699	keys	4080482729	batches	86368	route_s	37.751386	wait_s	672.957293	gather_s	8.012620
  | [c100] ak2-engine	worker	scan_s	300.540928	lookup_s	718.723040	classify_s	225.487734
  | [c100] ak2-timing	total	0.000001	144.149977	9047287	0	836.298288	69.278909
  | ak2: [2026-10-08T16:29:32Z] inv c100 rank 14 exit 0
  | [c100 stderr] Loading database information...ak2-timing	opts	0.003024	0.000017	0	0	0.000015	0.000000
  | [c100 stderr]  done.
  | ak2: [2026-10-08T16:29:33Z] pushed out/rank14/eng-c100.stderr
  | ak2: [2026-10-08T16:29:33Z] rank 14 done (rc=0)
  | ak2: [2026-10-08T16:29:33Z] spec body exit rc=0
  | ak2-phase	2026-10-08T16:29:33Z	1791476973	end	no
make run: tag-objects: s3://aws-kraken2-942542972736-us-west-2/aws-kraken2/g3/20261008-162516-ec47001-e4a7-n32-r14/: 10 objects, 9 tagged now, 1 already tagged, 0 failed
make run: run dir: results/g3/20261008-162516-ec47001-e4a7-n32-r14  (task exit 0, state terminated, cost $0.11964)
orphans: other live ak2 instances (concurrent runs; informational, not this run's):
  us-west-2	i-05d3e80734db42a0d	shutting-down	c8g.12xlarge	2026-10-08T16:25:48+00:00	ak2-g3-20261008-162516-ec47001-e4a7-n32-r4	ttl=40m	within TTL
  us-west-2	i-06ea15eb9e71ec365	shutting-down	c8g.12xlarge	2026-10-08T16:25:43+00:00	ak2-g3-20261008-162516-ec47001-e4a7-n32-r2	ttl=40m	within TTL
  us-west-2	i-05e2ea7d68460d65f	running	c8g.12xlarge	2026-10-08T16:26:04+00:00	ak2-g3-20261008-162516-ec47001-e4a7-n32-r12	ttl=40m	within TTL
  us-west-2	i-0ad3f5699b39090e5	shutting-down	c8g.12xlarge	2026-10-08T16:26:41+00:00	ak2-g3-20261008-162516-ec47001-e4a7-n32-r29	ttl=40m	within TTL
  us-west-2	i-04f78543b59b9078b	shutting-down	c8g.12xlarge	2026-10-08T16:26:42+00:00	ak2-g3-20261008-162516-ec47001-e4a7-n32-r30	ttl=40m	within TTL
  us-west-2	i-03f7c899cc6f3af18	shutting-down	c8g.12xlarge	2026-10-08T16:26:26+00:00	ak2-g3-20261008-162516-ec47001-e4a7-n32-r22	ttl=40m	within TTL
  us-west-2	i-0a492c23630586ec8	shutting-down	c8g.12xlarge	2026-10-08T16:25:43+00:00	ak2-g3-20261008-162516-ec47001-e4a7-n32-r1	ttl=40m	within TTL
  us-west-2	i-06c6714f0efef51b3	shutting-down	c8g.12xlarge	2026-10-08T16:25:55+00:00	ak2-g3-20261008-162516-ec47001-e4a7-n32-r8	ttl=40m	within TTL
  us-west-2	i-010d8dad744c4a2c6	shutting-down	c8g.12xlarge	2026-10-08T16:25:48+00:00	ak2-g3-20261008-162516-ec47001-e4a7-n32-r5	ttl=40m	within TTL
  us-west-2	i-05acc7184af6b09a8	shutting-down	c8g.12xlarge	2026-10-08T16:25:41+00:00	ak2-g3-20261008-162516-ec47001-e4a7-n32-r0	ttl=40m	within TTL
  us-west-2	i-053aa5e735ae2b1fb	shutting-down	c8g.12xlarge	2026-10-08T16:26:44+00:00	ak2-g3-20261008-162516-ec47001-e4a7-n32-r31	ttl=40m	within TTL
  us-west-2	i-079de5f1ae99b45ea	shutting-down	c8g.12xlarge	2026-10-08T16:26:38+00:00	ak2-g3-20261008-162516-ec47001-e4a7-n32-r28	ttl=40m	within TTL
  us-west-2	i-072a9b9de763da6cc	shutting-down	c8g.12xlarge	2026-10-08T16:25:52+00:00	ak2-g3-20261008-162516-ec47001-e4a7-n32-r6	ttl=40m	within TTL
  us-west-2	i-006b685f16ac19c27	shutting-down	c8g.12xlarge	2026-10-08T16:25:58+00:00	ak2-g3-20261008-162516-ec47001-e4a7-n32-r9	ttl=40m	within TTL
  us-west-2	i-055e0f264658135f8	shutting-down	c8g.12xlarge	2026-10-08T16:25:53+00:00	ak2-g3-20261008-162516-ec47001-e4a7-n32-r7	ttl=40m	within TTL
  us-west-2	i-0b06cca0005f1a389	shutting-down	c8g.12xlarge	2026-10-08T16:25:45+00:00	ak2-g3-20261008-162516-ec47001-e4a7-n32-r3	ttl=40m	within TTL
  us-west-2	i-0fbb010407a9830b4	shutting-down	c8g.12xlarge	2026-10-08T16:26:00+00:00	ak2-g3-20261008-162516-ec47001-e4a7-n32-r11	ttl=40m	within TTL
  us-west-2	i-0b83b21b182bcaaf7	shutting-down	c8g.12xlarge	2026-10-08T16:25:59+00:00	ak2-g3-20261008-162516-ec47001-e4a7-n32-r10	ttl=40m	within TTL
orphans: this run's instance(s) and task ak2-g3-20261008-162516-ec47001-e4a7-n32-r14 are gone (18 regions checked)
