make run: bucket aws-kraken2-942542972736-us-west-2 is in us-west-2
make run: bucket kraken2-ncbi-refseq-complete-v205 is in us-west-2
make run: run 20261008-162516-ec47001-e4a7-n32-r28  task ak2-g3-20261008-162516-ec47001-e4a7-n32-r28  ->  s3://aws-kraken2-942542972736-us-west-2/aws-kraken2/g3/20261008-162516-ec47001-e4a7-n32-r28
make run: user data: 12654 of 16384 bytes after base64 decoding (refuse above 15360)
make run: plan: Instance: c8g.12xlarge (0 vCPU, 0 GiB)
make run: launched i-079de5f1ae99b45ea (c8g.12xlarge) in us-west-2
  | ak2: log tee up
  | ak2-phase	2026-10-08T16:26:50Z	1791476810	preamble	no
  | ak2: [2026-10-08T16:26:50Z] inherited $-=hBc (stub, as spawn started it: $-=hBc)
  | ak2: [2026-10-08T16:26:50Z] after set +e $-=hBc
  | ak2: [2026-10-08T16:26:50Z] gate=g3 run=20261008-162516-ec47001-e4a7-n32-r28
  | ak2: [2026-10-08T16:26:50Z] aws shim installed and self-tested (/tmp/ak2-bin/aws -> /usr/bin/aws)
  | ak2: [2026-10-08T16:26:50Z] imds region=us-west-2 az=us-west-2b instance=i-079de5f1ae99b45ea type=c8g.12xlarge ami=ami-09325776a00699513
  | ak2: [2026-10-08T16:26:51Z] bucket aws-kraken2-942542972736-us-west-2 region=us-west-2
  | ak2: [2026-10-08T16:26:51Z] bucket aws-kraken2-942542972736-us-west-2 payer=UNKNOWN
  | ak2: [2026-10-08T16:26:51Z] WARN: could not read Payer of aws-kraken2-942542972736-us-west-2 from the instance (launch host verified it)
  | ak2: [2026-10-08T16:26:51Z] bucket kraken2-ncbi-refseq-complete-v205 region=us-west-2
  | ak2: [2026-10-08T16:26:52Z] bucket kraken2-ncbi-refseq-complete-v205 payer=BucketOwner
  | ak2: [2026-10-08T16:26:52Z] region assert passed
  | ak2: [2026-10-08T16:26:52Z] drop_caches_ok=true
  | ak2: [2026-10-08T16:26:52Z] preamble done; spec body starts
  | ak2-phase	2026-10-08T16:26:52Z	1791476812	body	no
  | ak2: [2026-10-08T16:26:52Z] e4 cohort 20261008-162516-ec47001-e4a7-n32 rank 28 of 32, commit ec47001; RODA kraken2-ncbi-refseq-complete-v205/Kraken2_RefSeqCompleteV205; samples aws-kraken2-942542972736-us-west-2/aws-kraken2/data/cohort; cohort 100
  | ak2-phase	2026-10-08T16:26:52Z	1791476812	setup	no
  | ak2: [2026-10-08T16:27:31Z] built ec4700168b3540a134729f919ba109c4d4bbd92a; go version go1.27.1 linux/arm64; ip 172.31.56.66; nproc 48; mem_gib 92; threads 16, inflight 6
  | ak2-phase	2026-10-08T16:27:31Z	1791476851	manifest	no
  | ak2: [2026-10-08T16:27:31Z] staged s3://kraken2-ncbi-refseq-complete-v205/Kraken2_RefSeqCompleteV205/opts.k2d -> /home/ec2-user/ak2/db/roda/opts.k2d (56 bytes)
  | ak2: [2026-10-08T16:27:32Z] staged s3://kraken2-ncbi-refseq-complete-v205/Kraken2_RefSeqCompleteV205/taxo.k2d -> /home/ec2-user/ak2/db/roda/taxo.k2d (179150665 bytes)
  | ak2: [2026-10-08T16:27:33Z] RODA hash.k2d etag=f80959f9556b50d76b3e744afdd3b22a-8860 size=1189091671800
  | ak2: [2026-10-08T16:27:33Z] pushed out/rank28/c100.tsv
  | ak2: [2026-10-08T16:27:34Z] pushed out/rank28/placement.tsv
  | ak2: [2026-10-08T16:27:34Z] manifest c100: 306 lines in 9 batches; rank 28 reads 7 samples
  | ak2-phase	2026-10-08T16:27:34Z	1791476854	fetch	no
  | ak2: [2026-10-08T16:27:40Z] inputs staged and verified: 14 files, 8.16 GB
  | ak2: [2026-10-08T16:27:40Z] manifest c100: cohort: 306 samples in 9 batches check
  | ak2-phase	2026-10-08T16:27:40Z	1791476860	inv-c100	no
  | [c100] ak2-timing	taxo	0.003160	0.113164	87815	0	0.027729	0.088203
  | [c100] ak2-timing	shard-load-28	0.159133	14.391672	23567	0	16.630541	14.725172
  | [c100] ak2-engine	mem	t_s	15.0	rss_kib	36683512	hwm_kib	36683516	heap_inuse	402178048	sys	428988776	avail_kib	58140492
  | [c100] ak2-timing	rendezvous	14.953652	5.869124	439	0	0.008222	0.007318
  | [c100] ak2-timing	connect	20.822790	0.058266	0	0	0.001198	0.001066
  | [c100] ak2-timing	hash	0.116416	20.764649	25830	0	16.641400	14.746606
  | [c100] ak2-sample	batch	0	name	0-SRR5935777	mode	parallel	s3client	sdk	rank	28	role	home	inflight	6	threads	16	start_s	20.881095	wall_s	8.418297	setup_s	0.000049	classify_s	7.902189	close_s	0.288617	report_s	0.220445	status	0	sequences	8173049	bases	1459565869	classified	7956066	place	lpt	weight	8173049
  | [c100] ak2-engine	mem	t_s	30.0	rss_kib	55709704	hwm_kib	55744672	heap_inuse	13684776960	sys	20357450552	avail_kib	39467728
  | [c100] ak2-sample	batch	0	name	0-SRR5935822	mode	parallel	s3client	sdk	rank	28	role	home	inflight	6	threads	16	start_s	20.881106	wall_s	10.628479	setup_s	0.000038	classify_s	10.182804	close_s	0.284939	report_s	0.153824	status	0	sequences	13365245	bases	2460327516	classified	13192260	place	lpt	weight	13365245
  | [c100] ak2-sample	batch	0	name	0-SRR5935752	mode	parallel	s3client	sdk	rank	28	role	home	inflight	6	threads	16	start_s	20.881100	wall_s	11.285006	setup_s	0.000040	classify_s	10.914350	close_s	0.232744	report_s	0.133955	status	0	sequences	14298074	bases	2663280360	classified	14234512	place	lpt	weight	14298074
  | [c100] ak2-timing	batch-barrier-0	32.166129	3.576024	4	0	1.410254	0.271892
  | [c100] ak2-sample	batch	1	name	1-SRR5935832	mode	parallel	s3client	sdk	rank	28	role	home	inflight	6	threads	16	start_s	35.742185	wall_s	6.968119	setup_s	0.000048	classify_s	6.367842	close_s	0.412238	report_s	0.180870	status	0	sequences	6882441	bases	1244786679	classified	6619730	place	mod	weight	6882441
  | [c100] ak2-engine	mem	t_s	45.0	rss_kib	53494956	hwm_kib	55885468	heap_inuse	8157806592	sys	20358269752	avail_kib	38727148
  | [c100] ak2-sample	batch	1	name	1-SRR5935800	mode	parallel	s3client	sdk	rank	28	role	home	inflight	6	threads	16	start_s	35.742209	wall_s	11.102229	setup_s	0.000039	classify_s	10.606914	close_s	0.310394	report_s	0.177138	status	0	sequences	15080696	bases	2770846238	classified	14478381	place	mod	weight	15080696
  | [c100] ak2-sample	batch	1	name	1-SRR5935768	mode	parallel	s3client	sdk	rank	28	role	home	inflight	6	threads	16	start_s	35.742202	wall_s	11.528779	setup_s	0.000054	classify_s	11.039371	close_s	0.321184	report_s	0.153406	status	0	sequences	15746753	bases	2888337209	classified	14105631	place	mod	weight	15746753
  | [c100] ak2-timing	batch-barrier-1	47.271003	3.927243	1765	0	0.927479	0.139964
  | [c100] ak2-sample	batch	2	name	2-SRR5935777	mode	parallel	s3client	sdk	rank	28	role	home	inflight	6	threads	16	start_s	51.198290	wall_s	8.511942	setup_s	0.000053	classify_s	7.891006	close_s	0.446026	report_s	0.168116	status	0	sequences	8173049	bases	1459565869	classified	7956066	place	lpt	weight	8173049
  | [c100] ak2-engine	mem	t_s	60.0	rss_kib	55748120	hwm_kib	55885468	heap_inuse	15481544704	sys	20359629624	avail_kib	38555780
  | [c100] ak2-sample	batch	2	name	2-SRR5935822	mode	parallel	s3client	sdk	rank	28	role	home	inflight	6	threads	16	start_s	51.198306	wall_s	10.529678	setup_s	0.000037	classify_s	10.050902	close_s	0.267654	report_s	0.203562	status	0	sequences	13365245	bases	2460327516	classified	13192260	place	lpt	weight	13365245
  | [c100] ak2-sample	batch	2	name	2-SRR5935752	mode	parallel	s3client	sdk	rank	28	role	home	inflight	6	threads	16	start_s	51.198300	wall_s	10.817127	setup_s	0.000043	classify_s	10.350184	close_s	0.293715	report_s	0.169088	status	0	sequences	14298074	bases	2663280360	classified	14234512	place	lpt	weight	14298074
  | [c100] ak2-timing	batch-barrier-2	62.015448	4.317309	190	0	1.240929	0.227624
  | [c100] ak2-timing	barrier	72.736731	0.285569	0	0	0.048574	0.000714
  | [c100] ak2-sample	batch	3	name	3-SRR5935740	mode	striped	s3client	sdk	rank	28	role	peer	inflight	1	threads	16	start_s	67.180045	wall_s	5.842306	setup_s	0.000042	classify_s	5.554436	close_s	0.000000	report_s	0.000000	status	0	sequences	0	bases	0	classified	0	place	-	weight	-
  | [c100] ak2-timing	batch-barrier-3	73.022362	0.871876	0	0	0.007908	0.000000
  | [c100] ak2-engine	mem	t_s	75.0	rss_kib	40246304	hwm_kib	55885468	heap_inuse	2091991040	sys	20359637816	avail_kib	52299432
  | [c100] ak2-timing	barrier	80.635702	0.275558	0	0	0.014529	0.000375
  | [c100] ak2-sample	batch	4	name	4-SRR5935740	mode	striped	s3client	sdk	rank	28	role	peer	inflight	1	threads	16	start_s	75.087583	wall_s	5.823732	setup_s	0.000046	classify_s	5.545514	close_s	0.000000	report_s	0.000000	status	0	sequences	0	bases	0	classified	0	place	-	weight	-
  | [c100] ak2-timing	batch-barrier-4	80.911323	0.907169	278	0	0.007657	0.000635
  | [c100] ak2-timing	barrier	88.574872	0.238660	0	0	0.011469	0.000120
  | [c100] ak2-sample	batch	5	name	5-SRR5935740	mode	striped	s3client	sdk	rank	28	role	peer	inflight	1	threads	16	start_s	83.024091	wall_s	5.789490	setup_s	0.000041	classify_s	5.548527	close_s	0.000000	report_s	0.000000	status	0	sequences	0	bases	0	classified	0	place	-	weight	-
  | [c100] ak2-timing	batch-barrier-5	88.813592	0.939265	16	0	0.007860	0.000000
  | [c100] ak2-engine	mem	t_s	90.0	rss_kib	38930520	hwm_kib	55885468	heap_inuse	2271232000	sys	20359637816	avail_kib	56056948
  | [c100] ak2-timing	batch-barrier-6	89.752877	7.614644	9	0	0.342511	0.024134
  | [c100] ak2-timing	batch-barrier-7	97.367545	6.474368	11	0	0.326872	0.044004
  | [c100] ak2-engine	mem	t_s	105.0	rss_kib	38930580	hwm_kib	55885468	heap_inuse	2275115008	sys	20359637816	avail_kib	56417184
  | [c100] ak2-timing	batch-barrier-8	103.841937	7.457335	1	0	0.347121	0.023046
  | [c100] ak2-engine	shard	0	n	32	lo	260113803199	hi	269403581884	tail	302	full	false	empty_at	9289778685	keys	4238316045	batches	89910	probe_s	88.071924	tail_probes	0	wrap_probes	0
  | [c100] ak2-engine	mem	t_s	111.3	rss_kib	38930584	hwm_kib	55885468	heap_inuse	2275590144	sys	20359637816	avail_kib	56423520
  | [c100] ak2-engine	rendezvous	puts	13	gets	707
  | [c100] ak2-engine	s3	client	sdk	put	22	get	707	create_multipart	9	upload_part	1143	complete_multipart	9	abort_multipart	0	part_bytes	9553870558
  | [c100] ak2-engine	s3	client	cli	put	0	get	0	create_multipart	0	upload_part	0	complete_multipart	0	abort_multipart	0	part_bytes	0
  | [c100] ak2-engine	load	seconds	14.391669	requests	572	retries	0	bytes	37159181548
  | [c100] ak2-engine	route	transport	nodes	calls	2877	keys	4313327229	batches	92064	route_s	39.023079	wait_s	663.871803	gather_s	8.424649
  | [c100] ak2-engine	worker	scan_s	310.984915	lookup_s	711.321234	classify_s	241.439414
  | [c100] ak2-timing	total	0.000000	111.365562	9777278	0	871.444843	71.622066
  | ak2: [2026-10-08T16:29:32Z] inv c100 rank 28 exit 0
  | [c100 stderr] Loading database information...ak2-timing	opts	0.003137	0.000016	0	0	0.000000	0.000015
  | [c100 stderr]  done.
  | ak2: [2026-10-08T16:29:33Z] pushed out/rank28/eng-c100.stderr
  | ak2: [2026-10-08T16:29:33Z] rank 28 done (rc=0)
  | ak2: [2026-10-08T16:29:33Z] spec body exit rc=0
  | ak2-phase	2026-10-08T16:29:33Z	1791476973	end	no
make run: tag-objects: s3://aws-kraken2-942542972736-us-west-2/aws-kraken2/g3/20261008-162516-ec47001-e4a7-n32-r28/: 10 objects, 9 tagged now, 1 already tagged, 0 failed
make run: run dir: results/g3/20261008-162516-ec47001-e4a7-n32-r28  (task exit 0, state terminated, cost $0.120172)
orphans: other live ak2 instances (concurrent runs; informational, not this run's):
  us-west-2	i-05e2ea7d68460d65f	shutting-down	c8g.12xlarge	2026-10-08T16:26:04+00:00	ak2-g3-20261008-162516-ec47001-e4a7-n32-r12	ttl=40m	within TTL
orphans: this run's instance(s) and task ak2-g3-20261008-162516-ec47001-e4a7-n32-r28 are gone (18 regions checked)
