Loading database information...ak2-timing	opts	0.003413	0.000021	0	0	0.000019	0.000000
ak2-timing	taxo	0.003442	0.094426	87834	0	0.012283	0.085073
ak2-engine	mem	t_s	15.0	rss_kib	39227980	hwm_kib	39227980	heap_inuse	405905408	sys	436140392	avail_kib	55625988
ak2-timing	shard-load-10	0.177669	28.156950	42647	0	44.120405	41.849408
ak2-engine	mem	t_s	30.0	rss_kib	72977616	hwm_kib	72977620	heap_inuse	409214976	sys	440596840	avail_kib	21916712
ak2-timing	rendezvous	28.799318	14.594564	401	0	0.009492	0.009016
ak2-timing	connect	43.393900	0.021686	8	0	0.000665	0.000632
ak2-timing	hash	0.097958	43.317641	44915	0	44.140197	41.864649
 done.
ak2-engine	mem	t_s	45.0	rss_kib	77301944	hwm_kib	77301944	heap_inuse	3612213248	sys	4953288344	avail_kib	17958120
16518263 sequences (3051.28 Mbp) processed in 9.643s (102776.5 Kseq/m, 18985.07 Mbp/m).
  16141470 sequences classified (97.72%)
  376793 sequences unclassified (2.28%)
ak2-sample	batch	0	name	0-SRR5935741	mode	parallel	s3client	sdk	rank	10	role	home	inflight	1	threads	16	start_s	43.415630	wall_s	10.022493	setup_s	0.000043	classify_s	9.643212	close_s	0.216574	report_s	0.154227	status	0	sequences	16518263	bases	3051284850	classified	16141470	place	lpt	weight	16518263
ak2-engine	mem	t_s	60.0	rss_kib	78702892	hwm_kib	79032964	heap_inuse	3075162112	sys	6658543784	avail_kib	16341116
15271512 sequences (2845.36 Mbp) processed in 8.688s (105469.3 Kseq/m, 19650.84 Mbp/m).
  14502211 sequences classified (94.96%)
  769301 sequences unclassified (5.04%)
ak2-sample	batch	0	name	0-SRR5935772	mode	parallel	s3client	sdk	rank	10	role	home	inflight	1	threads	16	start_s	53.438147	wall_s	9.199494	setup_s	0.000059	classify_s	8.687751	close_s	0.261388	report_s	0.238381	status	0	sequences	15271512	bases	2845360298	classified	14502211	place	lpt	weight	15271512
12793053 sequences (2357.69 Mbp) processed in 7.010s (109500.0 Kseq/m, 20180.22 Mbp/m).
  12609886 sequences classified (98.57%)
  183167 sequences unclassified (1.43%)
ak2-sample	batch	0	name	0-SRR5935831	mode	parallel	s3client	sdk	rank	10	role	home	inflight	1	threads	16	start_s	62.637665	wall_s	7.546518	setup_s	0.000052	classify_s	7.009892	close_s	0.373249	report_s	0.157730	status	0	sequences	12793053	bases	2357685670	classified	12609886	place	lpt	weight	12793053
ak2-engine	mem	t_s	75.0	rss_kib	78714952	hwm_kib	79048548	heap_inuse	4036616192	sys	6709665976	avail_kib	16356788
11458367 sequences (2115.94 Mbp) processed in 6.333s (108556.1 Kseq/m, 20046.28 Mbp/m).
  9654089 sequences classified (84.25%)
  1804278 sequences unclassified (15.75%)
ak2-sample	batch	0	name	0-SRR5935825	mode	parallel	s3client	sdk	rank	10	role	home	inflight	1	threads	16	start_s	70.184208	wall_s	6.768346	setup_s	0.000064	classify_s	6.333151	close_s	0.268286	report_s	0.149604	status	0	sequences	11458367	bases	2115935464	classified	9654089	place	lpt	weight	11458367
9337913 sequences (1691.90 Mbp) processed in 5.086s (110165.6 Kseq/m, 19960.49 Mbp/m).
  8897092 sequences classified (95.28%)
  440821 sequences unclassified (4.72%)
ak2-sample	batch	0	name	0-SRR5935837	mode	parallel	s3client	sdk	rank	10	role	home	inflight	1	threads	16	start_s	76.952575	wall_s	5.527701	setup_s	0.000058	classify_s	5.085750	close_s	0.278473	report_s	0.154382	status	0	sequences	9337913	bases	1691901005	classified	8897092	place	lpt	weight	9337913
2823474 sequences (526.09 Mbp) processed in 1.804s (93912.7 Kseq/m, 17498.56 Mbp/m).
  2761157 sequences classified (97.79%)
  62317 sequences unclassified (2.21%)
ak2-sample	batch	0	name	0-SRR5935805	mode	parallel	s3client	sdk	rank	10	role	home	inflight	1	threads	16	start_s	82.480297	wall_s	2.174199	setup_s	0.000065	classify_s	1.803894	close_s	0.212027	report_s	0.155040	status	0	sequences	2823474	bases	526092284	classified	2761157	place	lpt	weight	2823474
ak2-timing	batch-barrier-0	84.654520	2.541186	1	0	1.237894	0.100886
ak2-engine	mem	t_s	90.0	rss_kib	78585080	hwm_kib	79048548	heap_inuse	4842192896	sys	6710452408	avail_kib	16419412
6552107 sequences (1182.80 Mbp) processed in 3.900s (100794.9 Kseq/m, 18195.66 Mbp/m).
  6331866 sequences classified (96.64%)
  220241 sequences unclassified (3.36%)
ak2-sample	batch	1	name	1-SRR5935750	mode	parallel	s3client	sdk	rank	10	role	home	inflight	1	threads	16	start_s	87.195735	wall_s	4.329430	setup_s	0.000047	classify_s	3.900261	close_s	0.281753	report_s	0.141323	status	0	sequences	6552107	bases	1182796919	classified	6331866	place	mod	weight	6552107
14120624 sequences (2649.39 Mbp) processed in 7.955s (106502.8 Kseq/m, 19982.66 Mbp/m).
  13394795 sequences classified (94.86%)
  725829 sequences unclassified (5.14%)
ak2-sample	batch	1	name	1-SRR5935766	mode	parallel	s3client	sdk	rank	10	role	home	inflight	1	threads	16	start_s	91.525188	wall_s	8.396842	setup_s	0.000055	classify_s	7.955076	close_s	0.265456	report_s	0.167327	status	0	sequences	14120624	bases	2649393059	classified	13394795	place	mod	weight	14120624
ak2-engine	mem	t_s	105.0	rss_kib	78871780	hwm_kib	79048548	heap_inuse	5586886656	sys	6765048008	avail_kib	16186680
10128070 sequences (1876.81 Mbp) processed in 5.957s (102004.3 Kseq/m, 18902.19 Mbp/m).
  9942775 sequences classified (98.17%)
  185295 sequences unclassified (1.83%)
ak2-sample	batch	1	name	1-SRR5935782	mode	parallel	s3client	sdk	rank	10	role	home	inflight	1	threads	16	start_s	99.922057	wall_s	6.473907	setup_s	0.000050	classify_s	5.957438	close_s	0.305915	report_s	0.204434	status	0	sequences	10128070	bases	1876810820	classified	9942775	place	mod	weight	10128070
20086542 sequences (3689.65 Mbp) processed in 11.087s (108703.1 Kseq/m, 19967.40 Mbp/m).
  19142785 sequences classified (95.30%)
  943757 sequences unclassified (4.70%)
ak2-sample	batch	1	name	1-SRR5935798	mode	parallel	s3client	sdk	rank	10	role	home	inflight	1	threads	16	start_s	106.395996	wall_s	11.514666	setup_s	0.000056	classify_s	11.087016	close_s	0.250459	report_s	0.163778	status	0	sequences	20086542	bases	3689648337	classified	19142785	place	mod	weight	20086542
ak2-engine	mem	t_s	120.0	rss_kib	78909692	hwm_kib	79048548	heap_inuse	3470778368	sys	6912250088	avail_kib	16218188
5072545 sequences (950.40 Mbp) processed in 2.956s (102971.7 Kseq/m, 19292.95 Mbp/m).
  4982177 sequences classified (98.22%)
  90368 sequences unclassified (1.78%)
ak2-sample	batch	1	name	1-SRR5935814	mode	parallel	s3client	sdk	rank	10	role	home	inflight	1	threads	16	start_s	117.910689	wall_s	4.046829	setup_s	0.000051	classify_s	2.955693	close_s	0.967488	report_s	0.118462	status	0	sequences	5072545	bases	950400325	classified	4982177	place	mod	weight	5072545
14303962 sequences (2635.98 Mbp) processed in 7.780s (110319.9 Kseq/m, 20330.11 Mbp/m).
  14029845 sequences classified (98.08%)
  274117 sequences unclassified (1.92%)
ak2-sample	batch	1	name	1-SRR5935830	mode	parallel	s3client	sdk	rank	10	role	home	inflight	1	threads	16	start_s	121.957546	wall_s	8.177672	setup_s	0.000047	classify_s	7.779534	close_s	0.221565	report_s	0.169227	status	0	sequences	14303962	bases	2635979010	classified	14029845	place	mod	weight	14303962
ak2-engine	mem	t_s	135.0	rss_kib	78911276	hwm_kib	79048548	heap_inuse	5757853696	sys	6912258280	avail_kib	16376348
ak2-timing	batch-barrier-1	130.135242	10.595732	2	0	2.986446	0.319365
ak2-engine	mem	t_s	150.0	rss_kib	78750840	hwm_kib	79048548	heap_inuse	4908736512	sys	6912258280	avail_kib	16536180
16518263 sequences (3051.28 Mbp) processed in 9.615s (103081.2 Kseq/m, 19041.36 Mbp/m).
  16141470 sequences classified (97.72%)
  376793 sequences unclassified (2.28%)
ak2-sample	batch	2	name	2-SRR5935741	mode	parallel	s3client	sdk	rank	10	role	home	inflight	1	threads	16	start_s	140.731020	wall_s	10.074937	setup_s	0.000046	classify_s	9.614706	close_s	0.318672	report_s	0.132972	status	0	sequences	16518263	bases	3051284850	classified	16141470	place	lpt	weight	16518263
15271512 sequences (2845.36 Mbp) processed in 8.639s (106065.1 Kseq/m, 19761.85 Mbp/m).
  14502211 sequences classified (94.96%)
  769301 sequences unclassified (5.04%)
ak2-sample	batch	2	name	2-SRR5935772	mode	parallel	s3client	sdk	rank	10	role	home	inflight	1	threads	16	start_s	150.805994	wall_s	9.044617	setup_s	0.000051	classify_s	8.638948	close_s	0.222466	report_s	0.171451	status	0	sequences	15271512	bases	2845360298	classified	14502211	place	lpt	weight	15271512
ak2-engine	mem	t_s	165.0	rss_kib	78925600	hwm_kib	79048548	heap_inuse	4667105280	sys	6912258280	avail_kib	15962672
12793053 sequences (2357.69 Mbp) processed in 7.044s (108969.5 Kseq/m, 20082.45 Mbp/m).
  12609886 sequences classified (98.57%)
  183167 sequences unclassified (1.43%)
ak2-sample	batch	2	name	2-SRR5935831	mode	parallel	s3client	sdk	rank	10	role	home	inflight	1	threads	16	start_s	159.850637	wall_s	7.532036	setup_s	0.000054	classify_s	7.044018	close_s	0.258408	report_s	0.224345	status	0	sequences	12793053	bases	2357685670	classified	12609886	place	lpt	weight	12793053
11458367 sequences (2115.94 Mbp) processed in 6.331s (108585.5 Kseq/m, 20051.72 Mbp/m).
  9654089 sequences classified (84.25%)
  1804278 sequences unclassified (15.75%)
ak2-sample	batch	2	name	2-SRR5935825	mode	parallel	s3client	sdk	rank	10	role	home	inflight	1	threads	16	start_s	167.382699	wall_s	6.836868	setup_s	0.000057	classify_s	6.331435	close_s	0.266578	report_s	0.221611	status	0	sequences	11458367	bases	2115935464	classified	9654089	place	lpt	weight	11458367
9337913 sequences (1691.90 Mbp) processed in 5.130s (109211.1 Kseq/m, 19787.55 Mbp/m).
  8897092 sequences classified (95.28%)
  440821 sequences unclassified (4.72%)
ak2-engine	mem	t_s	180.0	rss_kib	78607304	hwm_kib	79048548	heap_inuse	2769043456	sys	6912258280	avail_kib	16201252
ak2-sample	batch	2	name	2-SRR5935837	mode	parallel	s3client	sdk	rank	10	role	home	inflight	1	threads	16	start_s	174.219597	wall_s	6.052414	setup_s	0.000052	classify_s	5.130199	close_s	0.637113	report_s	0.275846	status	0	sequences	9337913	bases	1691901005	classified	8897092	place	lpt	weight	9337913
2823474 sequences (526.09 Mbp) processed in 1.795s (94363.7 Kseq/m, 17582.60 Mbp/m).
  2761157 sequences classified (97.79%)
  62317 sequences unclassified (2.21%)
ak2-sample	batch	2	name	2-SRR5935805	mode	parallel	s3client	sdk	rank	10	role	home	inflight	1	threads	16	start_s	180.272040	wall_s	2.568969	setup_s	0.000051	classify_s	1.795272	close_s	0.597814	report_s	0.172615	status	0	sequences	2823474	bases	526092284	classified	2761157	place	lpt	weight	2823474
ak2-timing	batch-barrier-2	182.841032	2.195960	0	0	0.259202	0.020636
ak2-timing	barrier	191.169150	1.591066	0	0	0.025771	0.001091
ak2-sample	batch	3	name	3-SRR5935740	mode	striped	s3client	sdk	rank	10	role	peer	inflight	1	threads	16	start_s	185.570247	wall_s	7.190021	setup_s	0.000046	classify_s	5.594768	close_s	0.000000	report_s	0.000000	status	0	sequences	0	bases	0	classified	0	place	-	weight	-
ak2-timing	batch-barrier-3	192.760280	0.501470	0	0	0.005625	0.000389
ak2-engine	mem	t_s	195.0	rss_kib	76813136	hwm_kib	79048548	heap_inuse	1142562816	sys	6919213288	avail_kib	18055220
ak2-timing	barrier	199.603476	0.191727	0	0	0.013816	0.000952
ak2-sample	batch	4	name	4-SRR5935740	mode	striped	s3client	sdk	rank	10	role	peer	inflight	1	threads	16	start_s	194.031404	wall_s	5.763862	setup_s	0.000058	classify_s	5.567502	close_s	0.000000	report_s	0.000000	status	0	sequences	0	bases	0	classified	0	place	-	weight	-
ak2-timing	batch-barrier-4	199.795278	0.580510	184	0	0.006131	0.000000
ak2-timing	barrier	206.733238	0.166417	0	0	0.014244	0.000981
ak2-sample	batch	5	name	5-SRR5935740	mode	striped	s3client	sdk	rank	10	role	peer	inflight	1	threads	16	start_s	201.148803	wall_s	5.750914	setup_s	0.000049	classify_s	5.579363	close_s	0.000000	report_s	0.000000	status	0	sequences	0	bases	0	classified	0	place	-	weight	-
ak2-timing	batch-barrier-5	206.899739	0.626377	224	0	0.006362	0.000000
ak2-engine	mem	t_s	210.0	rss_kib	76548868	hwm_kib	79048548	heap_inuse	4041252864	sys	6919475432	avail_kib	18284264
ak2-timing	batch-barrier-6	207.526140	7.175647	245	0	0.648915	0.104476
ak2-timing	batch-barrier-7	214.701810	7.115534	217	0	0.699177	0.050965
ak2-engine	mem	t_s	225.0	rss_kib	76550804	hwm_kib	79048548	heap_inuse	4043317248	sys	6919475432	avail_kib	18657544
ak2-timing	batch-barrier-8	221.817367	7.111891	292	0	0.662386	0.082223
ak2-engine	shard	0	n	16	lo	185795573713	hi	204375131085	tail	302	full	false	empty_at	18579557374	keys	8480246031	batches	89910	probe_s	178.662364	tail_probes	0	wrap_probes	0
ak2-engine	mem	t_s	228.9	rss_kib	76550948	hwm_kib	79048548	heap_inuse	4043530240	sys	6919475432	avail_kib	18683112
ak2-engine	rendezvous	puts	13	gets	439
ak2-engine	s3	client	sdk	put	31	get	439	create_multipart	18	upload_part	2163	complete_multipart	18	abort_multipart	0	part_bytes	18072138076
ak2-engine	s3	client	cli	put	0	get	0	create_multipart	0	upload_part	0	complete_multipart	0	abort_multipart	0	part_bytes	0
ak2-engine	load	seconds	28.156947	requests	1126	retries	0	bytes	74318296296
ak2-engine	route	transport	nodes	calls	5469	keys	8231397607	batches	87504	route_s	67.082023	wait_s	44.607963	gather_s	14.844387
ak2-engine	worker	scan_s	504.478710	lookup_s	126.537659	classify_s	448.656900
ak2-timing	total	0.000001	229.057051	10815309	0	1598.847650	110.305943
