ak2: log tee up
ak2-phase	2026-10-08T05:25:03Z	1791437103	preamble	no
ak2: [2026-10-08T05:25:03Z] inherited $-=hBc (stub, as spawn started it: $-=hBc)
ak2: [2026-10-08T05:25:03Z] after set +e $-=hBc
ak2: [2026-10-08T05:25:03Z] gate=g3 run=20261008-052413-306f827-5162-n16-r14
ak2: [2026-10-08T05:25:03Z] aws shim installed and self-tested (/tmp/ak2-bin/aws -> /usr/bin/aws)
ak2: [2026-10-08T05:25:03Z] imds region=us-west-2 az=us-west-2a instance=i-00bdad3ac0958ff05 type=c9g.12xlarge ami=ami-09325776a00699513
ak2: [2026-10-08T05:25:03Z] bucket aws-kraken2-942542972736-us-west-2 region=us-west-2
ak2: [2026-10-08T05:25:04Z] bucket aws-kraken2-942542972736-us-west-2 payer=UNKNOWN
ak2: [2026-10-08T05:25:04Z] WARN: could not read Payer of aws-kraken2-942542972736-us-west-2 from the instance (launch host verified it)
ak2: [2026-10-08T05:25:04Z] bucket kraken2-ncbi-refseq-complete-v205 region=us-west-2
ak2: [2026-10-08T05:25:05Z] bucket kraken2-ncbi-refseq-complete-v205 payer=BucketOwner
ak2: [2026-10-08T05:25:05Z] region assert passed
ak2: [2026-10-08T05:25:05Z] drop_caches_ok=true
ak2: [2026-10-08T05:25:05Z] preamble done; spec body starts
ak2-phase	2026-10-08T05:25:05Z	1791437105	body	no
ak2: [2026-10-08T05:25:05Z] e3 cohort 20261008-052413-306f827-5162-n16 rank 14 of 16, commit 306f827; RODA kraken2-ncbi-refseq-complete-v205/Kraken2_RefSeqCompleteV205; samples aws-kraken2-942542972736-us-west-2/aws-kraken2/data/cohort; cohort 100
ak2-phase	2026-10-08T05:25:05Z	1791437105	setup	no
ak2: [2026-10-08T05:25:30Z] built 306f827679d55c2395743f532e6da71aeae1bc11; go version go1.27.1 linux/arm64; ip 172.31.17.194; nproc 48; mem_gib 92; threads 16, inflight 6
ak2-phase	2026-10-08T05:25:30Z	1791437130	manifest	no
ak2: [2026-10-08T05:25:31Z] staged s3://kraken2-ncbi-refseq-complete-v205/Kraken2_RefSeqCompleteV205/opts.k2d -> /home/ec2-user/ak2/db/roda/opts.k2d (56 bytes)
ak2: [2026-10-08T05:25:32Z] staged s3://kraken2-ncbi-refseq-complete-v205/Kraken2_RefSeqCompleteV205/taxo.k2d -> /home/ec2-user/ak2/db/roda/taxo.k2d (179150665 bytes)
ak2: [2026-10-08T05:25:32Z] RODA hash.k2d etag=f80959f9556b50d76b3e744afdd3b22a-8860 size=1189091671800
ak2: [2026-10-08T05:25:33Z] pushed out/rank14/c100.tsv
ak2: [2026-10-08T05:25:33Z] pushed out/rank14/placement.tsv
ak2: [2026-10-08T05:25:33Z] manifest c100: 306 lines in 9 batches; rank 14 reads 12 samples
ak2-phase	2026-10-08T05:25:33Z	1791437133	fetch	no
ak2: [2026-10-08T05:25:41Z] inputs staged and verified: 24 files, 13.59 GB
ak2: [2026-10-08T05:25:41Z] manifest c100: cohort: 306 samples in 9 batches check
ak2-phase	2026-10-08T05:25:41Z	1791437141	inv-c100	no
[c100] ak2-timing	taxo	0.002526	0.092331	87838	0	0.034483	0.071879
[c100] ak2-timing	shard-load-14	0.165329	24.418756	41646	0	30.061593	20.892526
[c100] ak2-timing	rendezvous	24.990871	8.373579	643	0	0.000000	0.008817
[c100] ak2-timing	connect	33.364457	0.008755	7	0	0.000000	0.000783
[c100] ak2-timing	hash	0.094873	33.278345	44155	0	30.072733	20.902901
Terminated
ak2: [2026-10-08T05:31:24Z] spec body exit rc=129 (SIGHUP)
ak2-phase	2026-10-08T05:31:24Z	1791437484	end	no
