make run: bucket aws-kraken2-942542972736-us-west-2 is in us-west-2
make run: bucket kraken2-ncbi-refseq-complete-v205 is in us-west-2
make run: run 20261008-051043-9c4a5c7-f7bd-n16-r3  task ak2-g3-20261008-051043-9c4a5c7-f7bd-n16-r3  ->  s3://aws-kraken2-942542972736-us-west-2/aws-kraken2/g3/20261008-051043-9c4a5c7-f7bd-n16-r3
make run: user data: 12648 of 16384 bytes after base64 decoding (refuse above 15360)
make run: plan: Instance: c8g.12xlarge (0 vCPU, 0 GiB)
make run: launched i-0c009e163977943a6 (c8g.12xlarge) in us-west-2
  | ak2: log tee up
  | ak2-phase	2026-10-08T05:11:13Z	1791436273	preamble	no
  | ak2: [2026-10-08T05:11:13Z] inherited $-=hBc (stub, as spawn started it: $-=hBc)
  | ak2: [2026-10-08T05:11:13Z] after set +e $-=hBc
  | ak2: [2026-10-08T05:11:13Z] gate=g3 run=20261008-051043-9c4a5c7-f7bd-n16-r3
  | ak2: [2026-10-08T05:11:13Z] aws shim installed and self-tested (/tmp/ak2-bin/aws -> /usr/bin/aws)
  | ak2: [2026-10-08T05:11:13Z] imds region=us-west-2 az=us-west-2a instance=i-0c009e163977943a6 type=c8g.12xlarge ami=ami-09325776a00699513
  | ak2: [2026-10-08T05:11:13Z] bucket aws-kraken2-942542972736-us-west-2 region=us-west-2
  | ak2: [2026-10-08T05:11:14Z] bucket aws-kraken2-942542972736-us-west-2 payer=UNKNOWN
  | ak2: [2026-10-08T05:11:14Z] WARN: could not read Payer of aws-kraken2-942542972736-us-west-2 from the instance (launch host verified it)
  | ak2: [2026-10-08T05:11:14Z] bucket kraken2-ncbi-refseq-complete-v205 region=us-west-2
  | ak2: [2026-10-08T05:11:15Z] bucket kraken2-ncbi-refseq-complete-v205 payer=BucketOwner
  | ak2: [2026-10-08T05:11:15Z] region assert passed
  | ak2: [2026-10-08T05:11:15Z] drop_caches_ok=true
  | ak2: [2026-10-08T05:11:15Z] preamble done; spec body starts
  | ak2-phase	2026-10-08T05:11:15Z	1791436275	body	no
  | ak2: [2026-10-08T05:11:15Z] e3 cohort 20261008-051043-9c4a5c7-f7bd-n16 rank 3 of 16, commit 9c4a5c7; RODA kraken2-ncbi-refseq-complete-v205/Kraken2_RefSeqCompleteV205; samples aws-kraken2-942542972736-us-west-2/aws-kraken2/data/cohort; cohort 100
  | ak2-phase	2026-10-08T05:11:15Z	1791436275	setup	no
  | ak2: [2026-10-08T05:11:51Z] built 9c4a5c762db39c86a6d09e95a503f1b19d310b10; go version go1.27.1 linux/arm64; ip 172.31.20.130; nproc 48; mem_gib 92; threads 16, inflight 6
  | ak2-phase	2026-10-08T05:11:51Z	1791436311	manifest	no
  | ak2: [2026-10-08T05:11:52Z] staged s3://kraken2-ncbi-refseq-complete-v205/Kraken2_RefSeqCompleteV205/opts.k2d -> /home/ec2-user/ak2/db/roda/opts.k2d (56 bytes)
  | ak2: [2026-10-08T05:11:53Z] staged s3://kraken2-ncbi-refseq-complete-v205/Kraken2_RefSeqCompleteV205/taxo.k2d -> /home/ec2-user/ak2/db/roda/taxo.k2d (179150665 bytes)
  | ak2: [2026-10-08T05:11:53Z] RODA hash.k2d etag=f80959f9556b50d76b3e744afdd3b22a-8860 size=1189091671800
  | ak2: [2026-10-08T05:11:54Z] pushed out/rank3/c100.tsv
  | ak2: [2026-10-08T05:11:54Z] pushed out/rank3/placement.tsv
  | ak2: [2026-10-08T05:11:54Z] manifest c100: 306 lines in 9 batches; rank 3 reads 15 samples
  | ak2-phase	2026-10-08T05:11:54Z	1791436314	fetch	no
  | ak2: [2026-10-08T05:12:06Z] inputs staged and verified: 30 files, 15.12 GB
  | ak2: [2026-10-08T05:12:06Z] manifest c100: cohort: 306 samples in 9 batches check
  | ak2-phase	2026-10-08T05:12:06Z	1791436326	inv-c100	no
  | [c100] ak2-timing	taxo	0.003185	0.096169	87825	0	0.010488	0.088371
  | [c100] ak2-timing	shard-load-3	0.163624	27.685233	42649	0	34.633508	31.900577
  | Terminated
  | ak2: [2026-10-08T05:14:40Z] spec body exit rc=129 (SIGHUP)
  | ak2-phase	2026-10-08T05:14:40Z	1791436480	end	no
make run: instance is shutting-down
make run: tag-objects: s3://aws-kraken2-942542972736-us-west-2/aws-kraken2/g3/20261008-051043-9c4a5c7-f7bd-n16-r3/: 6 objects, 5 tagged now, 1 already tagged, 0 failed
make run: run dir: results/g3/20261008-051043-9c4a5c7-f7bd-n16-r3  (task exit 99, state terminated, cost $0.117513)
orphans: other live ak2 instances (concurrent runs; informational, not this run's):
  us-west-2	i-0e8ffe47b9c195fc6	running	c8g.large	2026-10-08T04:01:58+00:00	ak2-g3-20261008-040133-ad4af00-18db-n8-r3	ttl=4h	within TTL
  us-west-2	i-0fd6860a28e8c9c16	running	c8g.large	2026-10-08T04:01:59+00:00	ak2-g3-20261008-040133-ad4af00-18db-n8-r5	ttl=4h	within TTL
  us-west-2	i-05009407489225ea5	running	c8g.large	2026-10-08T04:01:56+00:00	ak2-g3-20261008-040133-ad4af00-18db-n8-r2	ttl=4h	within TTL
  us-west-2	i-0defe492920629bf8	running	c8g.large	2026-10-08T04:01:54+00:00	ak2-g3-20261008-040133-ad4af00-18db-n8-r1	ttl=4h	within TTL
  us-west-2	i-00bb0704d6505b613	running	c8g.large	2026-10-08T04:01:51+00:00	ak2-g3-20261008-040133-ad4af00-18db-n8-r0	ttl=4h	within TTL
  us-west-2	i-023c889e48febd7fb	running	c8g.large	2026-10-08T04:02:04+00:00	ak2-g3-20261008-040133-ad4af00-18db-n8-r7	ttl=4h	within TTL
  us-west-2	i-02a4f1f0db8694254	running	c8g.large	2026-10-08T04:01:58+00:00	ak2-g3-20261008-040133-ad4af00-18db-n8-r4	ttl=4h	within TTL
  us-west-2	i-0288f379cd764a220	shutting-down	c8g.12xlarge	2026-10-08T05:11:17+00:00	ak2-g3-20261008-051043-9c4a5c7-f7bd-n16-r12	ttl=60m	within TTL
  us-west-2	i-0b7815bebdb680885	running	c8g.large	2026-10-08T04:02:00+00:00	ak2-g3-20261008-040133-ad4af00-18db-n8-r6	ttl=4h	within TTL
  us-west-2	i-091e369b1bef67147	running	r8gd.16xlarge	2026-10-08T05:09:08+00:00	ak2-g3-20261008-050900-9c4a5c7	ttl=120m	within TTL
  us-west-2	i-0cac9a9e22b206a17	shutting-down	c8g.12xlarge	2026-10-08T05:11:09+00:00	ak2-g3-20261008-051043-9c4a5c7-f7bd-n16-r6	ttl=60m	within TTL
orphans: this run's instance(s) and task ak2-g3-20261008-051043-9c4a5c7-f7bd-n16-r3 are gone (18 regions checked)
