Loading database information...ak2-timing	opts	0.003253	0.000021	0	0	0.000019	0.000000
ak2-timing	taxo	0.003282	0.118967	87849	0	0.031355	0.090477
ak2-timing	shard-load-30	0.193059	14.491237	24088	0	20.006675	19.482678
ak2-engine	mem	t_s	15.0	rss_kib	36684556	hwm_kib	36684556	heap_inuse	404439040	sys	439679336	avail_kib	58178828
ak2-timing	rendezvous	15.346228	0.834695	2318	0	0.019547	0.016757
ak2-timing	connect	16.180939	0.438701	10782	0	0.231556	0.066348
ak2-timing	hash	0.122316	16.497350	39121	0	20.258787	19.580911
 done.
5166420 sequences (956.19 Mbp) processed in 6.193s (50054.9 Kseq/m, 9264.07 Mbp/m).
  4901709 sequences classified (94.88%)
  264711 sequences unclassified (5.12%)
ak2-sample	batch	0	name	0-SRR5935767	mode	parallel	s3client	sdk	rank	30	role	home	inflight	6	threads	16	start_s	16.619717	wall_s	6.723328	setup_s	0.000064	classify_s	6.192905	close_s	0.364590	report_s	0.157310	status	0	sequences	5166420	bases	956191777	classified	4901709	place	lpt	weight	5166420
14191749 sequences (2646.88 Mbp) processed in 10.018s (85000.0 Kseq/m, 15853.21 Mbp/m).
  13987275 sequences classified (98.56%)
  204474 sequences unclassified (1.44%)
13817496 sequences (2535.87 Mbp) processed in 9.933s (83464.8 Kseq/m, 15317.95 Mbp/m).
  12277050 sequences classified (88.85%)
  1540446 sequences unclassified (11.15%)
ak2-sample	batch	0	name	0-SRR5935761	mode	parallel	s3client	sdk	rank	30	role	home	inflight	6	threads	16	start_s	16.619720	wall_s	10.448865	setup_s	0.000063	classify_s	10.017702	close_s	0.256408	report_s	0.167546	status	0	sequences	14191749	bases	2646878118	classified	13987275	place	lpt	weight	14191749
ak2-sample	batch	0	name	0-SRR5935785	mode	parallel	s3client	sdk	rank	30	role	home	inflight	6	threads	16	start_s	16.619726	wall_s	10.496071	setup_s	0.000058	classify_s	9.932922	close_s	0.396428	report_s	0.151068	status	0	sequences	13817496	bases	2535866229	classified	12277050	place	lpt	weight	13817496
ak2-engine	mem	t_s	30.0	rss_kib	48904768	hwm_kib	55585120	heap_inuse	7267065856	sys	20188527368	avail_kib	40982396
ak2-timing	batch-barrier-0	27.115819	3.459053	4	0	1.365358	0.214469
12610038 sequences (2321.59 Mbp) processed in 11.283s (67054.8 Kseq/m, 12345.24 Mbp/m).
  12099380 sequences classified (95.95%)
  510658 sequences unclassified (4.05%)
ak2-sample	batch	1	name	1-SRR5935834	mode	parallel	s3client	sdk	rank	30	role	home	inflight	6	threads	16	start_s	30.574918	wall_s	11.717758	setup_s	0.000058	classify_s	11.283345	close_s	0.262214	report_s	0.162658	status	0	sequences	12610038	bases	2321592529	classified	12099380	place	mod	weight	12610038
16720060 sequences (3103.13 Mbp) processed in 12.221s (82086.2 Kseq/m, 15234.65 Mbp/m).
  16427692 sequences classified (98.25%)
  292368 sequences unclassified (1.75%)
16180463 sequences (3026.48 Mbp) processed in 12.499s (77673.9 Kseq/m, 14528.55 Mbp/m).
  15739294 sequences classified (97.27%)
  441169 sequences unclassified (2.73%)
ak2-sample	batch	1	name	1-SRR5935802	mode	parallel	s3client	sdk	rank	30	role	home	inflight	6	threads	16	start_s	30.574930	wall_s	12.823884	setup_s	0.000063	classify_s	12.221347	close_s	0.306362	report_s	0.287597	status	0	sequences	16720060	bases	3103131942	classified	16427692	place	mod	weight	16720060
ak2-sample	batch	1	name	1-SRR5935770	mode	parallel	s3client	sdk	rank	30	role	home	inflight	6	threads	16	start_s	30.574913	wall_s	12.895678	setup_s	0.000056	classify_s	12.498766	close_s	0.230115	report_s	0.155769	status	0	sequences	16180463	bases	3026482353	classified	15739294	place	mod	weight	16180463
ak2-engine	mem	t_s	45.0	rss_kib	56873640	hwm_kib	56873640	heap_inuse	18163335168	sys	21278596104	avail_kib	37700712
ak2-timing	batch-barrier-1	43.470612	2.594757	0	0	0.250955	0.026088
5166420 sequences (956.19 Mbp) processed in 5.642s (54944.1 Kseq/m, 10168.96 Mbp/m).
  4901709 sequences classified (94.88%)
  264711 sequences unclassified (5.12%)
ak2-sample	batch	2	name	2-SRR5935767	mode	parallel	s3client	sdk	rank	30	role	home	inflight	6	threads	16	start_s	46.065422	wall_s	6.075874	setup_s	0.000051	classify_s	5.641826	close_s	0.249227	report_s	0.177956	status	0	sequences	5166420	bases	956191777	classified	4901709	place	lpt	weight	5166420
13817496 sequences (2535.87 Mbp) processed in 10.448s (79351.5 Kseq/m, 14563.04 Mbp/m).
  12277050 sequences classified (88.85%)
  1540446 sequences unclassified (11.15%)
ak2-sample	batch	2	name	2-SRR5935785	mode	parallel	s3client	sdk	rank	30	role	home	inflight	6	threads	16	start_s	46.065431	wall_s	11.027112	setup_s	0.000041	classify_s	10.447820	close_s	0.415102	report_s	0.149752	status	0	sequences	13817496	bases	2535866229	classified	12277050	place	lpt	weight	13817496
14191749 sequences (2646.88 Mbp) processed in 10.529s (80873.0 Kseq/m, 15083.48 Mbp/m).
  13987275 sequences classified (98.56%)
  204474 sequences unclassified (1.44%)
ak2-sample	batch	2	name	2-SRR5935761	mode	parallel	s3client	sdk	rank	30	role	home	inflight	6	threads	16	start_s	46.065425	wall_s	11.376039	setup_s	0.000040	classify_s	10.528915	close_s	0.699926	report_s	0.140172	status	0	sequences	14191749	bases	2646878118	classified	13987275	place	lpt	weight	14191749
ak2-engine	mem	t_s	60.0	rss_kib	51452528	hwm_kib	56864948	heap_inuse	12341444608	sys	21279169544	avail_kib	38678728
ak2-timing	batch-barrier-2	57.441486	3.028709	8	0	0.684596	0.086007
ak2-timing	barrier	67.289999	0.509782	0	0	0.014865	0.001344
ak2-sample	batch	3	name	3-SRR5935740	mode	striped	s3client	sdk	rank	30	role	peer	inflight	1	threads	16	start_s	61.725557	wall_s	6.074278	setup_s	0.000050	classify_s	5.562285	close_s	0.000000	report_s	0.000000	status	0	sequences	0	bases	0	classified	0	place	-	weight	-
ak2-timing	batch-barrier-3	67.799847	0.917305	0	0	0.008090	0.000732
ak2-engine	mem	t_s	75.0	rss_kib	39013456	hwm_kib	56864948	heap_inuse	1809506304	sys	21279169544	avail_kib	54570844
ak2-timing	barrier	75.415345	0.273446	3	0	0.014531	0.000000
ak2-sample	batch	4	name	4-SRR5935740	mode	striped	s3client	sdk	rank	30	role	peer	inflight	1	threads	16	start_s	69.866135	wall_s	5.822702	setup_s	0.000050	classify_s	5.546522	close_s	0.000000	report_s	0.000000	status	0	sequences	0	bases	0	classified	0	place	-	weight	-
ak2-timing	batch-barrier-4	75.688847	0.968120	264	0	0.008146	0.000000
ak2-timing	barrier	83.362097	0.228964	0	0	0.010644	0.000000
ak2-sample	batch	5	name	5-SRR5935740	mode	striped	s3client	sdk	rank	30	role	peer	inflight	1	threads	16	start_s	77.801889	wall_s	5.789227	setup_s	0.000053	classify_s	5.558097	close_s	0.000000	report_s	0.000000	status	0	sequences	0	bases	0	classified	0	place	-	weight	-
ak2-timing	batch-barrier-5	83.591127	0.970376	3	0	0.008677	0.000000
ak2-engine	mem	t_s	90.0	rss_kib	39138676	hwm_kib	56864948	heap_inuse	1847451648	sys	21279169544	avail_kib	55908812
ak2-timing	batch-barrier-6	84.561527	7.531462	1	0	0.311317	0.071182
ak2-timing	batch-barrier-7	92.093014	6.454111	2	0	0.321011	0.063840
ak2-engine	mem	t_s	105.0	rss_kib	39138692	hwm_kib	56864948	heap_inuse	1851179008	sys	21279169544	avail_kib	56226556
ak2-timing	batch-barrier-8	98.547151	7.494892	2	0	0.363119	0.026691
ak2-engine	shard	0	n	32	lo	278693360570	hi	287983139256	tail	302	full	false	empty_at	9289778689	keys	4233242328	batches	89910	probe_s	96.328149	tail_probes	0	wrap_probes	0
ak2-engine	mem	t_s	106.0	rss_kib	39138692	hwm_kib	56864948	heap_inuse	1851203584	sys	21279169544	avail_kib	56250372
ak2-engine	rendezvous	puts	13	gets	621
ak2-engine	s3	client	sdk	put	22	get	621	create_multipart	9	upload_part	1189	complete_multipart	9	abort_multipart	0	part_bytes	9945731448
ak2-engine	s3	client	cli	put	0	get	0	create_multipart	0	upload_part	0	complete_multipart	0	abort_multipart	0	part_bytes	0
ak2-engine	load	seconds	14.491232	requests	572	retries	0	bytes	37159181552
ak2-engine	route	transport	nodes	calls	2967	keys	4479716092	batches	94944	route_s	42.309218	wait_s	682.046294	gather_s	9.237212
ak2-engine	worker	scan_s	336.858891	lookup_s	733.594686	classify_s	254.488716
ak2-timing	total	0.000001	106.110218	9145833	0	922.186248	82.049567
