ak2: log tee up
ak2-phase	2026-10-08T05:11:22Z	1791436282	preamble	no
ak2: [2026-10-08T05:11:22Z] inherited $-=hBc (stub, as spawn started it: $-=hBc)
ak2: [2026-10-08T05:11:22Z] after set +e $-=hBc
ak2: [2026-10-08T05:11:22Z] gate=g3 run=20261008-051043-9c4a5c7-f7bd-n16-r6
ak2: [2026-10-08T05:11:22Z] aws shim installed and self-tested (/tmp/ak2-bin/aws -> /usr/bin/aws)
ak2: [2026-10-08T05:11:22Z] imds region=us-west-2 az=us-west-2a instance=i-0cac9a9e22b206a17 type=c8g.12xlarge ami=ami-09325776a00699513
ak2: [2026-10-08T05:11:22Z] bucket aws-kraken2-942542972736-us-west-2 region=us-west-2
ak2: [2026-10-08T05:11:23Z] bucket aws-kraken2-942542972736-us-west-2 payer=UNKNOWN
ak2: [2026-10-08T05:11:23Z] WARN: could not read Payer of aws-kraken2-942542972736-us-west-2 from the instance (launch host verified it)
ak2: [2026-10-08T05:11:23Z] bucket kraken2-ncbi-refseq-complete-v205 region=us-west-2
ak2: [2026-10-08T05:11:24Z] bucket kraken2-ncbi-refseq-complete-v205 payer=BucketOwner
ak2: [2026-10-08T05:11:24Z] region assert passed
ak2: [2026-10-08T05:11:24Z] drop_caches_ok=true
ak2: [2026-10-08T05:11:24Z] preamble done; spec body starts
ak2-phase	2026-10-08T05:11:24Z	1791436284	body	no
ak2: [2026-10-08T05:11:24Z] e3 cohort 20261008-051043-9c4a5c7-f7bd-n16 rank 6 of 16, commit 9c4a5c7; RODA kraken2-ncbi-refseq-complete-v205/Kraken2_RefSeqCompleteV205; samples aws-kraken2-942542972736-us-west-2/aws-kraken2/data/cohort; cohort 100
ak2-phase	2026-10-08T05:11:24Z	1791436284	setup	no
ak2: [2026-10-08T05:11:59Z] built 9c4a5c762db39c86a6d09e95a503f1b19d310b10; go version go1.27.1 linux/arm64; ip 172.31.29.13; nproc 48; mem_gib 92; threads 16, inflight 6
ak2-phase	2026-10-08T05:11:59Z	1791436319	manifest	no
ak2: [2026-10-08T05:12:00Z] staged s3://kraken2-ncbi-refseq-complete-v205/Kraken2_RefSeqCompleteV205/opts.k2d -> /home/ec2-user/ak2/db/roda/opts.k2d (56 bytes)
ak2: [2026-10-08T05:12:01Z] staged s3://kraken2-ncbi-refseq-complete-v205/Kraken2_RefSeqCompleteV205/taxo.k2d -> /home/ec2-user/ak2/db/roda/taxo.k2d (179150665 bytes)
ak2: [2026-10-08T05:12:02Z] RODA hash.k2d etag=f80959f9556b50d76b3e744afdd3b22a-8860 size=1189091671800
ak2: [2026-10-08T05:12:02Z] pushed out/rank6/c100.tsv
ak2: [2026-10-08T05:12:02Z] pushed out/rank6/placement.tsv
ak2: [2026-10-08T05:12:02Z] manifest c100: 306 lines in 9 batches; rank 6 reads 12 samples
ak2-phase	2026-10-08T05:12:02Z	1791436322	fetch	no
ak2: [2026-10-08T05:12:11Z] inputs staged and verified: 24 files, 13.30 GB
ak2: [2026-10-08T05:12:11Z] manifest c100: cohort: 306 samples in 9 batches check
ak2-phase	2026-10-08T05:12:11Z	1791436331	inv-c100	no
[c100] ak2-timing	taxo	0.003118	0.095110	87850	0	0.000000	0.098401
[c100] ak2-timing	shard-load-6	0.176714	28.020490	42785	0	43.186201	41.184826
Terminated
ak2: [2026-10-08T05:14:44Z] spec body exit rc=129 (SIGHUP)
ak2-phase	2026-10-08T05:14:44Z	1791436484	end	no
