ak2: log tee up
ak2-phase	2026-10-08T16:26:57Z	1791476817	preamble	no
ak2: [2026-10-08T16:26:57Z] inherited $-=hBc (stub, as spawn started it: $-=hBc)
ak2: [2026-10-08T16:26:57Z] after set +e $-=hBc
ak2: [2026-10-08T16:26:57Z] gate=g3 run=20261008-162516-ec47001-e4a7-n32-r29
ak2: [2026-10-08T16:26:57Z] aws shim installed and self-tested (/tmp/ak2-bin/aws -> /usr/bin/aws)
ak2: [2026-10-08T16:26:57Z] imds region=us-west-2 az=us-west-2b instance=i-0ad3f5699b39090e5 type=c8g.12xlarge ami=ami-09325776a00699513
ak2: [2026-10-08T16:26:57Z] bucket aws-kraken2-942542972736-us-west-2 region=us-west-2
ak2: [2026-10-08T16:26:58Z] bucket aws-kraken2-942542972736-us-west-2 payer=UNKNOWN
ak2: [2026-10-08T16:26:58Z] WARN: could not read Payer of aws-kraken2-942542972736-us-west-2 from the instance (launch host verified it)
ak2: [2026-10-08T16:26:58Z] bucket kraken2-ncbi-refseq-complete-v205 region=us-west-2
ak2: [2026-10-08T16:26:58Z] bucket kraken2-ncbi-refseq-complete-v205 payer=BucketOwner
ak2: [2026-10-08T16:26:58Z] region assert passed
ak2: [2026-10-08T16:26:58Z] drop_caches_ok=true
ak2: [2026-10-08T16:26:59Z] preamble done; spec body starts
ak2-phase	2026-10-08T16:26:59Z	1791476819	body	no
ak2: [2026-10-08T16:26:59Z] e4 cohort 20261008-162516-ec47001-e4a7-n32 rank 29 of 32, commit ec47001; RODA kraken2-ncbi-refseq-complete-v205/Kraken2_RefSeqCompleteV205; samples aws-kraken2-942542972736-us-west-2/aws-kraken2/data/cohort; cohort 100
ak2-phase	2026-10-08T16:26:59Z	1791476819	setup	no
ak2: [2026-10-08T16:27:36Z] built ec4700168b3540a134729f919ba109c4d4bbd92a; go version go1.27.1 linux/arm64; ip 172.31.60.17; nproc 48; mem_gib 92; threads 16, inflight 6
ak2-phase	2026-10-08T16:27:36Z	1791476856	manifest	no
ak2: [2026-10-08T16:27:37Z] staged s3://kraken2-ncbi-refseq-complete-v205/Kraken2_RefSeqCompleteV205/opts.k2d -> /home/ec2-user/ak2/db/roda/opts.k2d (56 bytes)
ak2: [2026-10-08T16:27:38Z] staged s3://kraken2-ncbi-refseq-complete-v205/Kraken2_RefSeqCompleteV205/taxo.k2d -> /home/ec2-user/ak2/db/roda/taxo.k2d (179150665 bytes)
ak2: [2026-10-08T16:27:39Z] RODA hash.k2d etag=f80959f9556b50d76b3e744afdd3b22a-8860 size=1189091671800
ak2: [2026-10-08T16:27:39Z] pushed out/rank29/c100.tsv
ak2: [2026-10-08T16:27:39Z] pushed out/rank29/placement.tsv
ak2: [2026-10-08T16:27:39Z] manifest c100: 306 lines in 9 batches; rank 29 reads 7 samples
ak2-phase	2026-10-08T16:27:39Z	1791476859	fetch	no
ak2: [2026-10-08T16:27:45Z] inputs staged and verified: 14 files, 7.89 GB
ak2: [2026-10-08T16:27:45Z] manifest c100: cohort: 306 samples in 9 batches check
ak2-phase	2026-10-08T16:27:45Z	1791476865	inv-c100	no
[c100] ak2-timing	taxo	0.002998	0.094449	87832	0	0.002487	0.094558
[c100] ak2-timing	shard-load-29	0.171088	14.312187	24265	0	18.429041	15.439505
[c100] ak2-engine	mem	t_s	15.0	rss_kib	36686172	hwm_kib	36686176	heap_inuse	405676032	sys	433371496	avail_kib	58174340
[c100] ak2-timing	rendezvous	14.942186	0.859360	4812	0	0.043743	0.024151
[c100] ak2-timing	connect	15.801563	0.364579	8032	0	0.193636	0.054864
[c100] ak2-timing	hash	0.097552	16.068624	38888	0	18.680264	15.521247
[c100] ak2-sample	batch	0	name	0-SRR5935836	mode	parallel	s3client	sdk	rank	29	role	home	inflight	6	threads	16	start_s	16.166218	wall_s	7.343516	setup_s	0.000055	classify_s	6.799248	close_s	0.339316	report_s	0.197937	status	0	sequences	7326365	bases	1333066620	classified	6965607	place	lpt	weight	7326365
[c100] ak2-sample	batch	0	name	0-SRR5935817	mode	parallel	s3client	sdk	rank	29	role	home	inflight	6	threads	16	start_s	16.166220	wall_s	10.844112	setup_s	0.000055	classify_s	10.402057	close_s	0.283960	report_s	0.149789	status	0	sequences	14261195	bases	2665696979	classified	13980324	place	lpt	weight	14261195
[c100] ak2-sample	batch	0	name	0-SRR5935794	mode	parallel	s3client	sdk	rank	29	role	home	inflight	6	threads	16	start_s	16.166225	wall_s	10.950945	setup_s	0.000050	classify_s	10.063559	close_s	0.719806	report_s	0.159939	status	0	sequences	13404063	bases	2484447317	classified	13071600	place	lpt	weight	13404063
[c100] ak2-engine	mem	t_s	30.0	rss_kib	50138896	hwm_kib	56104916	heap_inuse	8535572480	sys	20663585656	avail_kib	40203364
[c100] ak2-timing	batch-barrier-0	27.117191	3.119993	10	0	0.769658	0.197822
[c100] ak2-sample	batch	1	name	1-SRR5935769	mode	parallel	s3client	sdk	rank	29	role	home	inflight	6	threads	16	start_s	30.237232	wall_s	10.635902	setup_s	0.000044	classify_s	10.132425	close_s	0.336742	report_s	0.155616	status	0	sequences	11374148	bases	2063466726	classified	10686284	place	mod	weight	11374148
[c100] ak2-sample	batch	1	name	1-SRR5935833	mode	parallel	s3client	sdk	rank	29	role	home	inflight	6	threads	16	start_s	30.237215	wall_s	10.776589	setup_s	0.000048	classify_s	10.354740	close_s	0.237271	report_s	0.168922	status	0	sequences	12711109	bases	2382418955	classified	11452616	place	mod	weight	12711109
[c100] ak2-sample	batch	1	name	1-SRR5935801	mode	parallel	s3client	sdk	rank	29	role	home	inflight	6	threads	16	start_s	30.237238	wall_s	11.307739	setup_s	0.000060	classify_s	10.835143	close_s	0.296374	report_s	0.164109	status	0	sequences	13162386	bases	2465096767	classified	12297712	place	mod	weight	13162386
[c100] ak2-engine	mem	t_s	45.0	rss_kib	55689436	hwm_kib	56364964	heap_inuse	11546976256	sys	20724071304	avail_kib	38257672
[c100] ak2-timing	batch-barrier-1	41.545000	4.860415	1	0	1.304443	0.243255
[c100] ak2-sample	batch	2	name	2-SRR5935836	mode	parallel	s3client	sdk	rank	29	role	home	inflight	6	threads	16	start_s	46.405469	wall_s	7.546414	setup_s	0.000051	classify_s	6.828479	close_s	0.434977	report_s	0.275503	status	0	sequences	7326365	bases	1333066620	classified	6965607	place	lpt	weight	7326365
[c100] ak2-sample	batch	2	name	2-SRR5935794	mode	parallel	s3client	sdk	rank	29	role	home	inflight	6	threads	16	start_s	46.405473	wall_s	10.480897	setup_s	0.000050	classify_s	9.894335	close_s	0.424764	report_s	0.155378	status	0	sequences	13404063	bases	2484447317	classified	13071600	place	lpt	weight	13404063
[c100] ak2-sample	batch	2	name	2-SRR5935817	mode	parallel	s3client	sdk	rank	29	role	home	inflight	6	threads	16	start_s	46.405472	wall_s	11.021003	setup_s	0.000061	classify_s	10.488904	close_s	0.328012	report_s	0.196250	status	0	sequences	14261195	bases	2665696979	classified	13980324	place	lpt	weight	14261195
[c100] ak2-engine	mem	t_s	60.0	rss_kib	50037072	hwm_kib	59072048	heap_inuse	9198395392	sys	23594032600	avail_kib	38710284
[c100] ak2-timing	batch-barrier-2	57.426496	2.809035	5	0	0.364523	0.060759
[c100] ak2-timing	barrier	66.922818	0.423797	0	0	0.007079	0.000606
[c100] ak2-sample	batch	3	name	3-SRR5935740	mode	striped	s3client	sdk	rank	29	role	peer	inflight	1	threads	16	start_s	61.372479	wall_s	5.974182	setup_s	0.000046	classify_s	5.548203	close_s	0.000000	report_s	0.000000	status	0	sequences	0	bases	0	classified	0	place	-	weight	-
[c100] ak2-timing	batch-barrier-3	67.346670	0.929072	2	0	0.007135	0.000611
[c100] ak2-engine	mem	t_s	75.0	rss_kib	39251308	hwm_kib	59072048	heap_inuse	1669857280	sys	23594032600	avail_kib	53810124
[c100] ak2-timing	barrier	74.970994	0.264603	0	0	0.012057	0.001023
[c100] ak2-sample	batch	4	name	4-SRR5935740	mode	striped	s3client	sdk	rank	29	role	peer	inflight	1	threads	16	start_s	69.412315	wall_s	5.823321	setup_s	0.000043	classify_s	5.556500	close_s	0.000000	report_s	0.000000	status	0	sequences	0	bases	0	classified	0	place	-	weight	-
[c100] ak2-timing	batch-barrier-4	75.235647	0.921314	35	0	0.007429	0.000630
[c100] ak2-timing	barrier	82.899199	0.238668	0	0	0.019402	0.009126
[c100] ak2-sample	batch	5	name	5-SRR5935740	mode	striped	s3client	sdk	rank	29	role	peer	inflight	1	threads	16	start_s	77.348163	wall_s	5.789746	setup_s	0.000046	classify_s	5.548823	close_s	0.000000	report_s	0.000000	status	0	sequences	0	bases	0	classified	0	place	-	weight	-
[c100] ak2-timing	batch-barrier-5	83.137917	0.881982	15	0	0.007682	0.000646
[c100] ak2-engine	mem	t_s	90.0	rss_kib	39323800	hwm_kib	59072048	heap_inuse	1628004352	sys	23594032600	avail_kib	55567256
[c100] ak2-timing	batch-barrier-6	84.019920	7.454074	2	0	0.313507	0.047914
[c100] ak2-timing	batch-barrier-7	91.474015	6.537717	2	0	0.343136	0.017714
[c100] ak2-engine	mem	t_s	105.0	rss_kib	39323812	hwm_kib	59072048	heap_inuse	1633181696	sys	23594032600	avail_kib	56064960
[c100] ak2-timing	batch-barrier-8	98.011758	7.538078	1	0	0.321002	0.048452
[c100] ak2-engine	shard	0	n	32	lo	269403581884	hi	278693360570	tail	302	full	false	empty_at	9289778695	keys	4234971036	batches	89910	probe_s	90.971555	tail_probes	0	wrap_probes	0
[c100] ak2-engine	mem	t_s	105.5	rss_kib	39323812	hwm_kib	59072048	heap_inuse	1633198080	sys	23594032600	avail_kib	56074144
[c100] ak2-engine	rendezvous	puts	13	gets	618
[c100] ak2-engine	s3	client	sdk	put	22	get	618	create_multipart	9	upload_part	1186	complete_multipart	9	abort_multipart	0	part_bytes	9906246583
[c100] ak2-engine	s3	client	cli	put	0	get	0	create_multipart	0	upload_part	0	complete_multipart	0	abort_multipart	0	part_bytes	0
[c100] ak2-engine	load	seconds	14.312184	requests	572	retries	0	bytes	37159181552
[c100] ak2-engine	route	transport	nodes	calls	2842	keys	4303021424	batches	90944	route_s	40.892401	wait_s	688.144039	gather_s	9.751234
[c100] ak2-engine	worker	scan_s	317.185348	lookup_s	738.789520	classify_s	243.373804
[c100] ak2-timing	total	0.000001	105.620429	9585170	0	877.012097	73.852247
ak2: [2026-10-08T16:29:32Z] inv c100 rank 29 exit 0
[c100 stderr] Loading database information...ak2-timing	opts	0.002974	0.000016	0	0	0.000015	0.000000
[c100 stderr]  done.
ak2: [2026-10-08T16:29:33Z] pushed out/rank29/eng-c100.stderr
ak2: [2026-10-08T16:29:33Z] rank 29 done (rc=0)
ak2: [2026-10-08T16:29:33Z] spec body exit rc=0
ak2-phase	2026-10-08T16:29:33Z	1791476973	end	no
