ak2: log tee up
ak2-phase	2026-10-08T05:24:09Z	1791437049	preamble	no
ak2: [2026-10-08T05:24:09Z] inherited $-=hBc (stub, as spawn started it: $-=hBc)
ak2: [2026-10-08T05:24:09Z] after set +e $-=hBc
ak2: [2026-10-08T05:24:09Z] gate=g3 run=20261008-052324-306f827-765d-n16-r11
ak2: [2026-10-08T05:24:09Z] aws shim installed and self-tested (/tmp/ak2-bin/aws -> /usr/bin/aws)
ak2: [2026-10-08T05:24:09Z] imds region=us-west-2 az=us-west-2a instance=i-0d403ca5123ba4ef9 type=c8g.12xlarge ami=ami-09325776a00699513
ak2: [2026-10-08T05:24:09Z] bucket aws-kraken2-942542972736-us-west-2 region=us-west-2
ak2: [2026-10-08T05:24:09Z] bucket aws-kraken2-942542972736-us-west-2 payer=UNKNOWN
ak2: [2026-10-08T05:24:09Z] WARN: could not read Payer of aws-kraken2-942542972736-us-west-2 from the instance (launch host verified it)
ak2: [2026-10-08T05:24:09Z] bucket kraken2-ncbi-refseq-complete-v205 region=us-west-2
ak2: [2026-10-08T05:24:10Z] bucket kraken2-ncbi-refseq-complete-v205 payer=BucketOwner
ak2: [2026-10-08T05:24:10Z] region assert passed
ak2: [2026-10-08T05:24:10Z] drop_caches_ok=true
ak2: [2026-10-08T05:24:11Z] preamble done; spec body starts
ak2-phase	2026-10-08T05:24:11Z	1791437051	body	no
ak2: [2026-10-08T05:24:11Z] e3 cohort 20261008-052324-306f827-765d-n16 rank 11 of 16, commit 306f827; RODA kraken2-ncbi-refseq-complete-v205/Kraken2_RefSeqCompleteV205; samples aws-kraken2-942542972736-us-west-2/aws-kraken2/data/cohort; cohort 100
ak2-phase	2026-10-08T05:24:11Z	1791437051	setup	no
ak2: [2026-10-08T05:24:45Z] built 306f827679d55c2395743f532e6da71aeae1bc11; go version go1.27.1 linux/arm64; ip 172.31.20.232; nproc 48; mem_gib 92; threads 16, inflight 6
ak2-phase	2026-10-08T05:24:45Z	1791437085	manifest	no
ak2: [2026-10-08T05:24:46Z] staged s3://kraken2-ncbi-refseq-complete-v205/Kraken2_RefSeqCompleteV205/opts.k2d -> /home/ec2-user/ak2/db/roda/opts.k2d (56 bytes)
ak2: [2026-10-08T05:24:47Z] staged s3://kraken2-ncbi-refseq-complete-v205/Kraken2_RefSeqCompleteV205/taxo.k2d -> /home/ec2-user/ak2/db/roda/taxo.k2d (179150665 bytes)
ak2: [2026-10-08T05:24:47Z] RODA hash.k2d etag=f80959f9556b50d76b3e744afdd3b22a-8860 size=1189091671800
ak2: [2026-10-08T05:24:48Z] pushed out/rank11/c100.tsv
ak2: [2026-10-08T05:24:48Z] pushed out/rank11/placement.tsv
ak2: [2026-10-08T05:24:48Z] manifest c100: 306 lines in 9 batches; rank 11 reads 11 samples
ak2-phase	2026-10-08T05:24:48Z	1791437088	fetch	no
ak2: [2026-10-08T05:24:56Z] inputs staged and verified: 22 files, 11.67 GB
ak2: [2026-10-08T05:24:56Z] manifest c100: cohort: 306 samples in 9 batches check
ak2-phase	2026-10-08T05:24:56Z	1791437096	inv-c100	no
[c100] ak2-timing	taxo	0.002990	0.117086	87846	0	0.039603	0.080719
[c100] ak2-timing	shard-load-11	0.179733	27.535200	42593	0	37.315256	33.010132
[c100] ak2-timing	rendezvous	28.153772	10.571957	1022	0	0.009806	0.010361
[c100] ak2-timing	connect	38.725749	0.084659	16	0	0.000000	0.001304
[c100] ak2-timing	hash	0.120137	38.690285	45556	0	37.336948	33.024520
[c100] ak2-sample	batch	0	name	0-SRR5935787	mode	parallel	s3client	sdk	rank	11	role	home	inflight	6	threads	16	start_s	38.810470	wall_s	214.992215	setup_s	0.000039	classify_s	214.991373	close_s	0.000000	report_s	0.000000	status	1	sequences	77185	bases	14523440	classified	76319	place	lpt	weight	16351397
[c100] ak2-sample	batch	0	name	0-SRR5935810	mode	parallel	s3client	sdk	rank	11	role	home	inflight	6	threads	16	start_s	38.810464	wall_s	214.998390	setup_s	0.000042	classify_s	214.996720	close_s	0.000000	report_s	0.000000	status	1	sequences	38842	bases	7295102	classified	35135	place	lpt	weight	15280552
[c100] ak2-sample	batch	0	name	0-SRR5935794	mode	parallel	s3client	sdk	rank	11	role	home	inflight	6	threads	16	start_s	38.810462	wall_s	217.354162	setup_s	0.000045	classify_s	217.353216	close_s	0.000000	report_s	0.000000	status	1	sequences	116821	bases	21665081	classified	113917	place	lpt	weight	13404063
[c100] ak2-sample	batch	0	name	0-SRR5935799	mode	parallel	s3client	sdk	rank	11	role	home	inflight	6	threads	16	start_s	38.810496	wall_s	228.128664	setup_s	0.000050	classify_s	228.125499	close_s	0.000000	report_s	0.000000	status	1	sequences	39591	bases	7273577	classified	32187	place	lpt	weight	9090205
[c100] ak2-sample	batch	0	name	0-SRR5935767	mode	parallel	s3client	sdk	rank	11	role	home	inflight	6	threads	16	start_s	38.810463	wall_s	228.557535	setup_s	0.000038	classify_s	228.556102	close_s	0.000000	report_s	0.000000	status	1	sequences	116975	bases	21660355	classified	110848	place	lpt	weight	5166420
Terminated
ak2: [2026-10-08T05:29:42Z] spec body exit rc=129 (SIGHUP)
ak2-phase	2026-10-08T05:29:42Z	1791437382	end	no
