Loading database information...ak2-timing	opts	0.003073	0.000016	0	0	0.000014	0.000000
ak2-timing	taxo	0.003097	0.113265	87863	0	0.033311	0.083207
ak2-timing	shard-load-25	0.178597	14.120859	24555	0	22.726188	21.011956
ak2-engine	mem	t_s	15.0	rss_kib	36687648	hwm_kib	36687656	heap_inuse	406945792	sys	440277352	avail_kib	58126848
ak2-timing	rendezvous	14.758992	12.181673	7895	0	0.104569	0.023032
ak2-timing	connect	26.940683	0.293978	5569	0	0.204010	0.008941
ak2-timing	hash	0.116427	27.118259	39803	0	23.036797	21.057279
 done.
ak2-engine	mem	t_s	30.0	rss_kib	52824928	hwm_kib	52824932	heap_inuse	11058102272	sys	17435199608	avail_kib	42380300
8486948 sequences (1613.12 Mbp) processed in 8.720s (58398.5 Kseq/m, 11099.86 Mbp/m).
  8270605 sequences classified (97.45%)
  216343 sequences unclassified (2.55%)
ak2-sample	batch	0	name	0-SRR5935781	mode	parallel	s3client	sdk	rank	25	role	home	inflight	6	threads	16	start_s	27.234721	wall_s	9.200948	setup_s	0.000045	classify_s	8.719688	close_s	0.284841	report_s	0.190912	status	0	sequences	8486948	bases	1613121343	classified	8270605	place	lpt	weight	8486948
13010149 sequences (2394.73 Mbp) processed in 10.466s (74586.4 Kseq/m, 13728.85 Mbp/m).
  12910203 sequences classified (99.23%)
  99946 sequences unclassified (0.77%)
ak2-sample	batch	0	name	0-SRR5935775	mode	parallel	s3client	sdk	rank	25	role	home	inflight	6	threads	16	start_s	27.234785	wall_s	10.888338	setup_s	0.000040	classify_s	10.465838	close_s	0.239065	report_s	0.178111	status	0	sequences	13010149	bases	2394732661	classified	12910203	place	lpt	weight	13010149
14615323 sequences (2691.06 Mbp) processed in 10.808s (81135.5 Kseq/m, 14939.16 Mbp/m).
  14358414 sequences classified (98.24%)
  256909 sequences unclassified (1.76%)
ak2-sample	batch	0	name	0-SRR5935838	mode	parallel	s3client	sdk	rank	25	role	home	inflight	6	threads	16	start_s	27.234778	wall_s	11.326611	setup_s	0.000056	classify_s	10.808089	close_s	0.369053	report_s	0.142317	status	0	sequences	14615323	bases	2691062094	classified	14358414	place	lpt	weight	14615323
ak2-timing	batch-barrier-0	38.561413	2.853074	242	0	0.496794	0.159270
ak2-engine	mem	t_s	45.0	rss_kib	54615800	hwm_kib	55466276	heap_inuse	13562544128	sys	20034243288	avail_kib	39224884
8439357 sequences (1550.81 Mbp) processed in 8.169s (61986.1 Kseq/m, 11390.54 Mbp/m).
  8138623 sequences classified (96.44%)
  300734 sequences unclassified (3.56%)
ak2-sample	batch	1	name	1-SRR5935797	mode	parallel	s3client	sdk	rank	25	role	home	inflight	6	threads	16	start_s	41.414534	wall_s	8.820063	setup_s	0.000038	classify_s	8.168946	close_s	0.485426	report_s	0.155583	status	0	sequences	8439357	bases	1550811438	classified	8138623	place	mod	weight	8439357
11220767 sequences (2068.35 Mbp) processed in 9.404s (71590.3 Kseq/m, 13196.40 Mbp/m).
  10523542 sequences classified (93.79%)
  697225 sequences unclassified (6.21%)
10590116 sequences (1935.91 Mbp) processed in 9.406s (67556.7 Kseq/m, 12349.60 Mbp/m).
  10426493 sequences classified (98.45%)
  163623 sequences unclassified (1.55%)
ak2-sample	batch	1	name	1-SRR5935829	mode	parallel	s3client	sdk	rank	25	role	home	inflight	6	threads	16	start_s	41.414517	wall_s	9.873698	setup_s	0.000051	classify_s	9.404156	close_s	0.288544	report_s	0.167993	status	0	sequences	11220767	bases	2068350513	classified	10523542	place	mod	weight	11220767
ak2-sample	batch	1	name	1-SRR5935765	mode	parallel	s3client	sdk	rank	25	role	home	inflight	6	threads	16	start_s	41.414527	wall_s	9.901045	setup_s	0.000043	classify_s	9.405530	close_s	0.314475	report_s	0.174729	status	0	sequences	10590116	bases	1935908855	classified	10426493	place	mod	weight	10590116
ak2-timing	batch-barrier-1	51.315600	5.690805	2	0	2.731970	0.355900
ak2-engine	mem	t_s	60.0	rss_kib	56508176	hwm_kib	56508176	heap_inuse	12251406336	sys	20933040984	avail_kib	37637316
8486948 sequences (1613.12 Mbp) processed in 8.877s (57360.5 Kseq/m, 10902.55 Mbp/m).
  8270605 sequences classified (97.45%)
  216343 sequences unclassified (2.55%)
ak2-sample	batch	2	name	2-SRR5935781	mode	parallel	s3client	sdk	rank	25	role	home	inflight	6	threads	16	start_s	57.006458	wall_s	9.704664	setup_s	0.000046	classify_s	8.877490	close_s	0.608967	report_s	0.212367	status	0	sequences	8486948	bases	1613121343	classified	8270605	place	lpt	weight	8486948
13010149 sequences (2394.73 Mbp) processed in 10.282s (75917.5 Kseq/m, 13973.87 Mbp/m).
  12910203 sequences classified (99.23%)
  99946 sequences unclassified (0.77%)
ak2-sample	batch	2	name	2-SRR5935775	mode	parallel	s3client	sdk	rank	25	role	home	inflight	6	threads	16	start_s	57.006464	wall_s	10.877218	setup_s	0.000039	classify_s	10.282330	close_s	0.413638	report_s	0.176128	status	0	sequences	13010149	bases	2394732661	classified	12910203	place	lpt	weight	13010149
14615323 sequences (2691.06 Mbp) processed in 10.677s (82133.0 Kseq/m, 15122.83 Mbp/m).
  14358414 sequences classified (98.24%)
  256909 sequences unclassified (1.76%)
ak2-sample	batch	2	name	2-SRR5935838	mode	parallel	s3client	sdk	rank	25	role	home	inflight	6	threads	16	start_s	57.006460	wall_s	11.127976	setup_s	0.000043	classify_s	10.676822	close_s	0.251759	report_s	0.192441	status	0	sequences	14615323	bases	2691062094	classified	14358414	place	lpt	weight	14615323
ak2-timing	batch-barrier-2	68.134459	2.994226	2	0	0.628370	0.146543
ak2-engine	mem	t_s	75.0	rss_kib	53724104	hwm_kib	59507352	heap_inuse	12138332160	sys	23935168040	avail_kib	38185884
ak2-timing	barrier	77.897489	0.517121	0	0	0.015376	0.000499
ak2-sample	batch	3	name	3-SRR5935740	mode	striped	s3client	sdk	rank	25	role	peer	inflight	1	threads	16	start_s	72.340532	wall_s	6.074124	setup_s	0.000047	classify_s	5.554725	close_s	0.000000	report_s	0.000000	status	0	sequences	0	bases	0	classified	0	place	-	weight	-
ak2-timing	batch-barrier-3	78.414666	0.925896	0	0	0.007433	0.000695
ak2-timing	barrier	86.033114	0.270460	0	0	0.035739	0.000000
ak2-sample	batch	4	name	4-SRR5935740	mode	striped	s3client	sdk	rank	25	role	peer	inflight	1	threads	16	start_s	80.481364	wall_s	5.822263	setup_s	0.000049	classify_s	5.547866	close_s	0.000000	report_s	0.000000	status	0	sequences	0	bases	0	classified	0	place	-	weight	-
ak2-timing	batch-barrier-4	86.303638	0.881297	66	0	0.007834	0.000318
ak2-engine	mem	t_s	90.0	rss_kib	38296832	hwm_kib	59507352	heap_inuse	1357750272	sys	23935168040	avail_kib	56026004
ak2-timing	barrier	93.964037	0.241803	0	0	0.011469	0.000000
ak2-sample	batch	5	name	5-SRR5935740	mode	striped	s3client	sdk	rank	25	role	peer	inflight	1	threads	16	start_s	88.415520	wall_s	5.790372	setup_s	0.000045	classify_s	5.545896	close_s	0.000000	report_s	0.000000	status	0	sequences	0	bases	0	classified	0	place	-	weight	-
ak2-timing	batch-barrier-5	94.205901	0.899807	268	0	0.000000	0.008343
ak2-timing	batch-barrier-6	95.105733	7.523781	432	0	0.329009	0.039084
ak2-engine	mem	t_s	105.0	rss_kib	39202968	hwm_kib	59507352	heap_inuse	2764292096	sys	23935168040	avail_kib	55987748
ak2-timing	batch-barrier-7	102.629537	6.515000	393	0	0.338340	0.031609
ak2-timing	batch-barrier-8	109.144560	6.883578	402	0	0.321116	0.040992
ak2-engine	shard	0	n	32	lo	232244467142	hi	241534245827	tail	302	full	false	empty_at	9289778696	keys	4228602399	batches	89910	probe_s	90.383276	tail_probes	0	wrap_probes	0
ak2-engine	mem	t_s	116.0	rss_kib	39204672	hwm_kib	59507352	heap_inuse	2766069760	sys	23935168040	avail_kib	56173212
ak2-engine	rendezvous	puts	13	gets	718
ak2-engine	s3	client	sdk	put	22	get	718	create_multipart	9	upload_part	1042	complete_multipart	9	abort_multipart	0	part_bytes	8719068294
ak2-engine	s3	client	cli	put	0	get	0	create_multipart	0	upload_part	0	complete_multipart	0	abort_multipart	0	part_bytes	0
ak2-engine	load	seconds	14.120856	requests	572	retries	0	bytes	37159181548
ak2-engine	route	transport	nodes	calls	2712	keys	4083172698	batches	86784	route_s	37.942403	wait_s	705.498529	gather_s	8.736392
ak2-engine	worker	scan_s	304.481455	lookup_s	752.178964	classify_s	230.177685
ak2-timing	total	0.000001	116.097990	10071173	0	848.623926	77.797863
