Loading database information...ak2-timing	opts	0.002834	0.000018	0	0	0.000000	0.000017
ak2-timing	taxo	0.002860	0.093085	87772	0	0.006801	0.095492
ak2-timing	shard-load-7	0.174617	40.389026	41038	0	37.573601	34.730269
ak2-timing	rendezvous	41.015539	22.645971	10784	0	0.169666	0.026131
ak2-timing	connect	63.661527	0.269004	7832	0	0.178396	0.066102
ak2-timing	hash	0.095971	63.834580	61652	0	37.922978	34.837017
 done.
14800056 sequences (2772.79 Mbp) processed in 14.982s (59271.7 Kseq/m, 11104.56 Mbp/m).
  14536791 sequences classified (98.22%)
  263265 sequences unclassified (1.78%)
ak2-sample	batch	0	name	0-SRR5935784	mode	parallel	s3client	sdk	rank	7	role	home	inflight	2	threads	16	start_s	63.930590	wall_s	15.479566	setup_s	0.000063	classify_s	14.981907	close_s	0.310081	report_s	0.179115	status	0	sequences	14800056	bases	2772790740	classified	14536791	place	lpt	weight	14800056
16980616 sequences (3155.64 Mbp) processed in 16.811s (60606.6 Kseq/m, 11262.98 Mbp/m).
  16106690 sequences classified (94.85%)
  873926 sequences unclassified (5.15%)
ak2-sample	batch	0	name	0-SRR5935813	mode	parallel	s3client	sdk	rank	7	role	home	inflight	2	threads	16	start_s	63.930598	wall_s	17.435399	setup_s	0.000046	classify_s	16.810671	close_s	0.345506	report_s	0.265445	status	0	sequences	16980616	bases	3155638888	classified	16106690	place	lpt	weight	16980616
13162386 sequences (2465.10 Mbp) processed in 12.703s (62171.3 Kseq/m, 11643.65 Mbp/m).
  12297712 sequences classified (93.43%)
  864674 sequences unclassified (6.57%)
ak2-sample	batch	0	name	0-SRR5935801	mode	parallel	s3client	sdk	rank	7	role	home	inflight	2	threads	16	start_s	79.410182	wall_s	13.131575	setup_s	0.000060	classify_s	12.702700	close_s	0.263783	report_s	0.152475	status	0	sequences	13162386	bases	2465096767	classified	12297712	place	lpt	weight	13162386
11220767 sequences (2068.35 Mbp) processed in 11.117s (60560.3 Kseq/m, 11163.22 Mbp/m).
  10523542 sequences classified (93.79%)
  697225 sequences unclassified (6.21%)
ak2-sample	batch	0	name	0-SRR5935829	mode	parallel	s3client	sdk	rank	7	role	home	inflight	2	threads	16	start_s	81.366024	wall_s	11.518756	setup_s	0.000074	classify_s	11.116953	close_s	0.218604	report_s	0.170601	status	0	sequences	11220767	bases	2068350513	classified	10523542	place	lpt	weight	11220767
6071697 sequences (1090.39 Mbp) processed in 6.056s (60153.2 Kseq/m, 10802.65 Mbp/m).
  5415115 sequences classified (89.19%)
  656582 sequences unclassified (10.81%)
ak2-sample	batch	0	name	0-SRR5935755	mode	parallel	s3client	sdk	rank	7	role	home	inflight	2	threads	16	start_s	92.884843	wall_s	6.478564	setup_s	0.000085	classify_s	6.056232	close_s	0.207502	report_s	0.202234	status	0	sequences	6071697	bases	1090388750	classified	5415115	place	lpt	weight	6071697
8877621 sequences (1663.95 Mbp) processed in 7.867s (67709.9 Kseq/m, 12690.96 Mbp/m).
  8212460 sequences classified (92.51%)
  665161 sequences unclassified (7.49%)
ak2-sample	batch	0	name	0-SRR5935818	mode	parallel	s3client	sdk	rank	7	role	home	inflight	2	threads	16	start_s	92.541782	wall_s	8.232400	setup_s	0.000071	classify_s	7.866758	close_s	0.216186	report_s	0.139657	status	0	sequences	8877621	bases	1663945574	classified	8212460	place	lpt	weight	8877621
ak2-timing	batch-barrier-0	100.774202	3.189527	2	0	0.335028	0.111046
3036382 sequences (569.20 Mbp) processed in 3.691s (49358.1 Kseq/m, 9252.73 Mbp/m).
  2817388 sequences classified (92.79%)
  218994 sequences unclassified (7.21%)
ak2-sample	batch	1	name	1-SRR5935747	mode	parallel	s3client	sdk	rank	7	role	home	inflight	2	threads	16	start_s	103.963769	wall_s	4.280250	setup_s	0.000064	classify_s	3.691048	close_s	0.341631	report_s	0.241211	status	0	sequences	3036382	bases	569204188	classified	2817388	place	mod	weight	3036382
5174437 sequences (978.78 Mbp) processed in 5.477s (56689.0 Kseq/m, 10723.09 Mbp/m).
  5104140 sequences classified (98.64%)
  70297 sequences unclassified (1.36%)
ak2-sample	batch	1	name	1-SRR5935763	mode	parallel	s3client	sdk	rank	7	role	home	inflight	2	threads	16	start_s	103.963756	wall_s	5.877778	setup_s	0.000070	classify_s	5.476655	close_s	0.202963	report_s	0.193583	status	0	sequences	5174437	bases	978777662	classified	5104140	place	mod	weight	5174437
5948317 sequences (1093.47 Mbp) processed in 5.800s (61534.1 Kseq/m, 11311.70 Mbp/m).
  5682744 sequences classified (95.54%)
  265573 sequences unclassified (4.46%)
ak2-sample	batch	1	name	1-SRR5935779	mode	parallel	s3client	sdk	rank	7	role	home	inflight	2	threads	16	start_s	108.244096	wall_s	6.199041	setup_s	0.000066	classify_s	5.800018	close_s	0.258309	report_s	0.134881	status	0	sequences	5948317	bases	1093467848	classified	5682744	place	mod	weight	5948317
11924297 sequences (2214.84 Mbp) processed in 11.765s (60812.6 Kseq/m, 11295.46 Mbp/m).
  11742476 sequences classified (98.48%)
  181821 sequences unclassified (1.52%)
ak2-sample	batch	1	name	1-SRR5935795	mode	parallel	s3client	sdk	rank	7	role	home	inflight	2	threads	16	start_s	109.841559	wall_s	12.501898	setup_s	0.000065	classify_s	11.764961	close_s	0.533656	report_s	0.196374	status	0	sequences	11924297	bases	2214843465	classified	11742476	place	mod	weight	11924297
10067025 sequences (1870.49 Mbp) processed in 9.538s (63327.6 Kseq/m, 11766.52 Mbp/m).
  9884918 sequences classified (98.19%)
  182107 sequences unclassified (1.81%)
ak2-sample	batch	1	name	1-SRR5935811	mode	parallel	s3client	sdk	rank	7	role	home	inflight	2	threads	16	start_s	114.443165	wall_s	10.007333	setup_s	0.000071	classify_s	9.538048	close_s	0.307244	report_s	0.155608	status	0	sequences	10067025	bases	1870494351	classified	9884918	place	mod	weight	10067025
16260968 sequences (3012.84 Mbp) processed in 9.856s (98988.6 Kseq/m, 18340.63 Mbp/m).
  15948766 sequences classified (98.08%)
  312202 sequences unclassified (1.92%)
ak2-sample	batch	1	name	1-SRR5935827	mode	parallel	s3client	sdk	rank	7	role	home	inflight	2	threads	16	start_s	122.343486	wall_s	10.420039	setup_s	0.000076	classify_s	9.856271	close_s	0.384210	report_s	0.171668	status	0	sequences	16260968	bases	3012837135	classified	15948766	place	mod	weight	16260968
ak2-timing	batch-barrier-1	132.763543	16.013676	3	0	12.703289	1.580119
14800056 sequences (2772.79 Mbp) processed in 15.122s (58722.9 Kseq/m, 11001.75 Mbp/m).
  14536791 sequences classified (98.22%)
  263265 sequences unclassified (1.78%)
ak2-sample	batch	2	name	2-SRR5935784	mode	parallel	s3client	sdk	rank	7	role	home	inflight	2	threads	16	start_s	148.777265	wall_s	15.508858	setup_s	0.000044	classify_s	15.121914	close_s	0.209942	report_s	0.164863	status	0	sequences	14800056	bases	2772790740	classified	14536791	place	lpt	weight	14800056
16980616 sequences (3155.64 Mbp) processed in 17.031s (59821.7 Kseq/m, 11117.13 Mbp/m).
  16106690 sequences classified (94.85%)
  873926 sequences unclassified (5.15%)
ak2-sample	batch	2	name	2-SRR5935813	mode	parallel	s3client	sdk	rank	7	role	home	inflight	2	threads	16	start_s	148.777269	wall_s	17.483915	setup_s	0.000040	classify_s	17.031219	close_s	0.257739	report_s	0.180907	status	0	sequences	16980616	bases	3155638888	classified	16106690	place	lpt	weight	16980616
13162386 sequences (2465.10 Mbp) processed in 12.808s (61658.3 Kseq/m, 11547.58 Mbp/m).
  12297712 sequences classified (93.43%)
  864674 sequences unclassified (6.57%)
ak2-sample	batch	2	name	2-SRR5935801	mode	parallel	s3client	sdk	rank	7	role	home	inflight	2	threads	16	start_s	164.286149	wall_s	13.185044	setup_s	0.000060	classify_s	12.808387	close_s	0.215034	report_s	0.148426	status	0	sequences	13162386	bases	2465096767	classified	12297712	place	lpt	weight	13162386
11220767 sequences (2068.35 Mbp) processed in 11.054s (60906.2 Kseq/m, 11226.99 Mbp/m).
  10523542 sequences classified (93.79%)
  697225 sequences unclassified (6.21%)
ak2-sample	batch	2	name	2-SRR5935829	mode	parallel	s3client	sdk	rank	7	role	home	inflight	2	threads	16	start_s	166.262120	wall_s	11.437474	setup_s	0.000047	classify_s	11.053815	close_s	0.231627	report_s	0.139708	status	0	sequences	11220767	bases	2068350513	classified	10523542	place	lpt	weight	11220767
6071697 sequences (1090.39 Mbp) processed in 6.256s (58236.6 Kseq/m, 10458.45 Mbp/m).
  5415115 sequences classified (89.19%)
  656582 sequences unclassified (10.81%)
ak2-sample	batch	2	name	2-SRR5935755	mode	parallel	s3client	sdk	rank	7	role	home	inflight	2	threads	16	start_s	177.699622	wall_s	6.694115	setup_s	0.000066	classify_s	6.255549	close_s	0.240140	report_s	0.187211	status	0	sequences	6071697	bases	1090388750	classified	5415115	place	lpt	weight	6071697
8877621 sequences (1663.95 Mbp) processed in 8.016s (66448.9 Kseq/m, 12454.62 Mbp/m).
  8212460 sequences classified (92.51%)
  665161 sequences unclassified (7.49%)
ak2-sample	batch	2	name	2-SRR5935818	mode	parallel	s3client	sdk	rank	7	role	home	inflight	2	threads	16	start_s	177.471216	wall_s	8.516850	setup_s	0.000058	classify_s	8.016038	close_s	0.279073	report_s	0.212063	status	0	sequences	8877621	bases	1663945574	classified	8212460	place	lpt	weight	8877621
ak2-timing	batch-barrier-2	185.988087	3.158724	0	0	0.470722	0.041505
ak2-timing	barrier	195.584292	0.368647	0	0	0.013768	0.000260
ak2-sample	batch	3	name	3-SRR5935740	mode	striped	s3client	sdk	rank	7	role	peer	inflight	1	threads	16	start_s	190.017364	wall_s	5.935631	setup_s	0.000052	classify_s	5.562767	close_s	0.000000	report_s	0.000000	status	0	sequences	0	bases	0	classified	0	place	-	weight	-
ak2-timing	batch-barrier-3	195.953009	0.538161	3	0	0.005607	0.000000
ak2-timing	barrier	202.815241	0.210576	0	0	0.018669	0.000600
ak2-sample	batch	4	name	4-SRR5935740	mode	striped	s3client	sdk	rank	7	role	peer	inflight	1	threads	16	start_s	197.256578	wall_s	5.769281	setup_s	0.000050	classify_s	5.553988	close_s	0.000000	report_s	0.000000	status	0	sequences	0	bases	0	classified	0	place	-	weight	-
ak2-timing	batch-barrier-4	203.025869	0.557275	194	0	0.006208	0.000433
ak2-timing	barrier	209.916513	0.211585	0	0	0.018320	0.000000
ak2-sample	batch	5	name	5-SRR5935740	mode	striped	s3client	sdk	rank	7	role	peer	inflight	1	threads	16	start_s	204.350052	wall_s	5.778094	setup_s	0.000055	classify_s	5.562378	close_s	0.000000	report_s	0.000000	status	0	sequences	0	bases	0	classified	0	place	-	weight	-
ak2-timing	batch-barrier-5	210.128159	0.860958	0	0	0.000000	0.006135
ak2-timing	batch-barrier-6	210.989133	7.127897	2	0	0.625978	0.141278
ak2-timing	batch-barrier-7	218.117049	7.089010	6	0	0.677125	0.084885
ak2-timing	batch-barrier-8	225.206079	7.181272	0	0	0.652195	0.100475
ak2-engine	shard	0	n	16	lo	130056901599	hi	148636458971	tail	302	full	false	empty_at	18579557384	keys	8474658732	batches	89910	probe_s	198.664939	tail_probes	0	wrap_probes	0
ak2-engine	rendezvous	puts	13	gets	592
ak2-engine	s3	client	sdk	put	31	get	592	create_multipart	18	upload_part	2058	complete_multipart	18	abort_multipart	0	part_bytes	17182220081
ak2-engine	s3	client	cli	put	0	get	0	create_multipart	0	upload_part	0	complete_multipart	0	abort_multipart	0	part_bytes	0
ak2-engine	load	seconds	40.389023	requests	1126	retries	0	bytes	74318296296
ak2-engine	route	transport	nodes	calls	5180	keys	7836667637	batches	82880	route_s	90.737304	wait_s	313.539874	gather_s	17.718974
ak2-engine	worker	scan_s	688.038643	lookup_s	421.999693	classify_s	583.261347
ak2-timing	total	0.000001	232.519859	9919654	0	1527.643228	106.380909
