ak2: log tee up
ak2-phase	2026-10-08T05:11:35Z	1791436295	preamble	no
ak2: [2026-10-08T05:11:35Z] inherited $-=hBc (stub, as spawn started it: $-=hBc)
ak2: [2026-10-08T05:11:35Z] after set +e $-=hBc
ak2: [2026-10-08T05:11:35Z] gate=g3 run=20261008-051043-9c4a5c7-f7bd-n16-r14
ak2: [2026-10-08T05:11:35Z] aws shim installed and self-tested (/tmp/ak2-bin/aws -> /usr/bin/aws)
ak2: [2026-10-08T05:11:35Z] imds region=us-west-2 az=us-west-2a instance=i-05a04de44adff74a3 type=c8g.12xlarge ami=ami-09325776a00699513
ak2: [2026-10-08T05:11:35Z] bucket aws-kraken2-942542972736-us-west-2 region=us-west-2
ak2: [2026-10-08T05:11:35Z] bucket aws-kraken2-942542972736-us-west-2 payer=UNKNOWN
ak2: [2026-10-08T05:11:35Z] WARN: could not read Payer of aws-kraken2-942542972736-us-west-2 from the instance (launch host verified it)
ak2: [2026-10-08T05:11:35Z] bucket kraken2-ncbi-refseq-complete-v205 region=us-west-2
ak2: [2026-10-08T05:11:36Z] bucket kraken2-ncbi-refseq-complete-v205 payer=BucketOwner
ak2: [2026-10-08T05:11:36Z] region assert passed
ak2: [2026-10-08T05:11:36Z] drop_caches_ok=true
ak2: [2026-10-08T05:11:37Z] preamble done; spec body starts
ak2-phase	2026-10-08T05:11:37Z	1791436297	body	no
ak2: [2026-10-08T05:11:37Z] e3 cohort 20261008-051043-9c4a5c7-f7bd-n16 rank 14 of 16, commit 9c4a5c7; RODA kraken2-ncbi-refseq-complete-v205/Kraken2_RefSeqCompleteV205; samples aws-kraken2-942542972736-us-west-2/aws-kraken2/data/cohort; cohort 100
ak2-phase	2026-10-08T05:11:37Z	1791436297	setup	no
ak2: [2026-10-08T05:12:12Z] built 9c4a5c762db39c86a6d09e95a503f1b19d310b10; go version go1.27.1 linux/arm64; ip 172.31.28.27; nproc 48; mem_gib 92; threads 16, inflight 6
ak2-phase	2026-10-08T05:12:12Z	1791436332	manifest	no
ak2: [2026-10-08T05:12:13Z] staged s3://kraken2-ncbi-refseq-complete-v205/Kraken2_RefSeqCompleteV205/opts.k2d -> /home/ec2-user/ak2/db/roda/opts.k2d (56 bytes)
ak2: [2026-10-08T05:12:14Z] staged s3://kraken2-ncbi-refseq-complete-v205/Kraken2_RefSeqCompleteV205/taxo.k2d -> /home/ec2-user/ak2/db/roda/taxo.k2d (179150665 bytes)
ak2: [2026-10-08T05:12:15Z] RODA hash.k2d etag=f80959f9556b50d76b3e744afdd3b22a-8860 size=1189091671800
ak2: [2026-10-08T05:12:15Z] pushed out/rank14/c100.tsv
ak2: [2026-10-08T05:12:16Z] pushed out/rank14/placement.tsv
ak2: [2026-10-08T05:12:16Z] manifest c100: 306 lines in 9 batches; rank 14 reads 12 samples
ak2-phase	2026-10-08T05:12:16Z	1791436336	fetch	no
ak2: [2026-10-08T05:12:25Z] inputs staged and verified: 24 files, 13.59 GB
ak2: [2026-10-08T05:12:25Z] manifest c100: cohort: 306 samples in 9 batches check
ak2-phase	2026-10-08T05:12:25Z	1791436345	inv-c100	no
[c100] ak2-timing	taxo	0.003302	0.094032	87885	0	0.017512	0.079655
[c100] ak2-timing	shard-load-14	0.171090	27.747317	42508	0	35.549471	29.627797
Terminated
ak2: [2026-10-08T05:14:53Z] spec body exit rc=129 (SIGHUP)
ak2-phase	2026-10-08T05:14:53Z	1791436493	end	no
