Loading database information...ak2-timing	opts	0.002508	0.000013	0	0	0.000012	0.000000
ak2-timing	taxo	0.002525	0.089712	87845	0	0.037307	0.065735
ak2-engine	mem	t_s	15.0	rss_kib	44694080	hwm_kib	44694084	heap_inuse	405610496	sys	435550568	avail_kib	49970348
ak2-timing	shard-load-7	0.184592	25.108621	42417	0	27.857266	19.751228
ak2-engine	mem	t_s	30.0	rss_kib	72977616	hwm_kib	72977620	heap_inuse	409001984	sys	435812712	avail_kib	21930756
ak2-timing	rendezvous	26.393092	12.777584	669	0	0.003827	0.010781
ak2-timing	connect	39.170688	0.012276	2	0	0.000000	0.000858
ak2-timing	hash	0.092253	39.090718	44957	0	27.877153	19.763372
 done.
ak2-engine	mem	t_s	45.0	rss_kib	78378040	hwm_kib	78378040	heap_inuse	5588025344	sys	6026792856	avail_kib	16810760
16980616 sequences (3155.64 Mbp) processed in 7.964s (127935.7 Kseq/m, 23775.28 Mbp/m).
  16106690 sequences classified (94.85%)
  873926 sequences unclassified (5.15%)
ak2-sample	batch	0	name	0-SRR5935813	mode	parallel	s3client	sdk	rank	7	role	home	inflight	1	threads	16	start_s	39.182994	wall_s	8.365118	setup_s	0.000028	classify_s	7.963664	close_s	0.255104	report_s	0.136351	status	0	sequences	16980616	bases	3155638888	classified	16106690	place	lpt	weight	16980616
14800056 sequences (2772.79 Mbp) processed in 6.798s (130630.5 Kseq/m, 24473.63 Mbp/m).
  14536791 sequences classified (98.22%)
  263265 sequences unclassified (1.78%)
ak2-sample	batch	0	name	0-SRR5935784	mode	parallel	s3client	sdk	rank	7	role	home	inflight	1	threads	16	start_s	47.548127	wall_s	7.210334	setup_s	0.000031	classify_s	6.797824	close_s	0.227152	report_s	0.179474	status	0	sequences	14800056	bases	2772790740	classified	14536791	place	lpt	weight	14800056
ak2-engine	mem	t_s	60.0	rss_kib	78876676	hwm_kib	78882536	heap_inuse	4581302272	sys	6517764232	avail_kib	15684788
13162386 sequences (2465.10 Mbp) processed in 6.073s (130048.9 Kseq/m, 24356.00 Mbp/m).
  12297712 sequences classified (93.43%)
  864674 sequences unclassified (6.57%)
ak2-sample	batch	0	name	0-SRR5935801	mode	parallel	s3client	sdk	rank	7	role	home	inflight	1	threads	16	start_s	54.758476	wall_s	6.496756	setup_s	0.000034	classify_s	6.072664	close_s	0.267376	report_s	0.147251	status	0	sequences	13162386	bases	2465096767	classified	12297712	place	lpt	weight	13162386
11220767 sequences (2068.35 Mbp) processed in 5.112s (131691.3 Kseq/m, 24274.97 Mbp/m).
  10523542 sequences classified (93.79%)
  697225 sequences unclassified (6.21%)
ak2-sample	batch	0	name	0-SRR5935829	mode	parallel	s3client	sdk	rank	7	role	home	inflight	1	threads	16	start_s	61.255250	wall_s	5.491271	setup_s	0.000038	classify_s	5.112305	close_s	0.238158	report_s	0.131575	status	0	sequences	11220767	bases	2068350513	classified	10523542	place	lpt	weight	11220767
8877621 sequences (1663.95 Mbp) processed in 4.167s (127836.7 Kseq/m, 23960.62 Mbp/m).
  8212460 sequences classified (92.51%)
  665161 sequences unclassified (7.49%)
ak2-sample	batch	0	name	0-SRR5935818	mode	parallel	s3client	sdk	rank	7	role	home	inflight	1	threads	16	start_s	66.746535	wall_s	4.551818	setup_s	0.000046	classify_s	4.166702	close_s	0.219115	report_s	0.158900	status	0	sequences	8877621	bases	1663945574	classified	8212460	place	lpt	weight	8877621
6071697 sequences (1090.39 Mbp) processed in 2.753s (132331.8 Kseq/m, 23764.88 Mbp/m).
  5415115 sequences classified (89.19%)
  656582 sequences unclassified (10.81%)
ak2-sample	batch	0	name	0-SRR5935755	mode	parallel	s3client	sdk	rank	7	role	home	inflight	1	threads	16	start_s	71.298369	wall_s	3.137854	setup_s	0.000033	classify_s	2.752942	close_s	0.221126	report_s	0.155843	status	0	sequences	6071697	bases	1090388750	classified	5415115	place	lpt	weight	6071697
ak2-engine	mem	t_s	75.0	rss_kib	78967328	hwm_kib	79362012	heap_inuse	4708614144	sys	7062425864	avail_kib	14903344
ak2-timing	batch-barrier-0	74.436235	2.332306	2	0	0.508570	0.095716
3036382 sequences (569.20 Mbp) processed in 1.569s (116110.5 Kseq/m, 21766.22 Mbp/m).
  2817388 sequences classified (92.79%)
  218994 sequences unclassified (7.21%)
ak2-sample	batch	1	name	1-SRR5935747	mode	parallel	s3client	sdk	rank	7	role	home	inflight	1	threads	16	start_s	76.768563	wall_s	1.929667	setup_s	0.000041	classify_s	1.569048	close_s	0.240905	report_s	0.115176	status	0	sequences	3036382	bases	569204188	classified	2817388	place	mod	weight	3036382
5174437 sequences (978.78 Mbp) processed in 2.509s (123725.7 Kseq/m, 23403.50 Mbp/m).
  5104140 sequences classified (98.64%)
  70297 sequences unclassified (1.36%)
ak2-sample	batch	1	name	1-SRR5935763	mode	parallel	s3client	sdk	rank	7	role	home	inflight	1	threads	16	start_s	78.698244	wall_s	2.989524	setup_s	0.000044	classify_s	2.509311	close_s	0.367589	report_s	0.109197	status	0	sequences	5174437	bases	978777662	classified	5104140	place	mod	weight	5174437
5948317 sequences (1093.47 Mbp) processed in 2.881s (123868.3 Kseq/m, 22770.47 Mbp/m).
  5682744 sequences classified (95.54%)
  265573 sequences unclassified (4.46%)
ak2-sample	batch	1	name	1-SRR5935779	mode	parallel	s3client	sdk	rank	7	role	home	inflight	1	threads	16	start_s	81.687783	wall_s	3.249079	setup_s	0.000037	classify_s	2.881278	close_s	0.236622	report_s	0.127162	status	0	sequences	5948317	bases	1093467848	classified	5682744	place	mod	weight	5948317
ak2-engine	mem	t_s	90.0	rss_kib	78835632	hwm_kib	79362012	heap_inuse	4448575488	sys	7087649032	avail_kib	15155220
11924297 sequences (2214.84 Mbp) processed in 5.447s (131358.7 Kseq/m, 24398.84 Mbp/m).
  11742476 sequences classified (98.48%)
  181821 sequences unclassified (1.52%)
ak2-sample	batch	1	name	1-SRR5935795	mode	parallel	s3client	sdk	rank	7	role	home	inflight	1	threads	16	start_s	84.936882	wall_s	5.863283	setup_s	0.000039	classify_s	5.446596	close_s	0.269393	report_s	0.142443	status	0	sequences	11924297	bases	2214843465	classified	11742476	place	mod	weight	11924297
10067025 sequences (1870.49 Mbp) processed in 4.637s (130249.8 Kseq/m, 24200.95 Mbp/m).
  9884918 sequences classified (98.19%)
  182107 sequences unclassified (1.81%)
ak2-sample	batch	1	name	1-SRR5935811	mode	parallel	s3client	sdk	rank	7	role	home	inflight	1	threads	16	start_s	90.800180	wall_s	5.006087	setup_s	0.000035	classify_s	4.637408	close_s	0.218267	report_s	0.145928	status	0	sequences	10067025	bases	1870494351	classified	9884918	place	mod	weight	10067025
16260968 sequences (3012.84 Mbp) processed in 7.397s (131902.8 Kseq/m, 24438.99 Mbp/m).
  15948766 sequences classified (98.08%)
  312202 sequences unclassified (1.92%)
ak2-sample	batch	1	name	1-SRR5935827	mode	parallel	s3client	sdk	rank	7	role	home	inflight	1	threads	16	start_s	95.806279	wall_s	7.923144	setup_s	0.000039	classify_s	7.396797	close_s	0.416913	report_s	0.103386	status	0	sequences	16260968	bases	3012837135	classified	15948766	place	mod	weight	16260968
ak2-engine	mem	t_s	105.0	rss_kib	78577432	hwm_kib	79362012	heap_inuse	4691148800	sys	7087657224	avail_kib	15170120
ak2-engine	mem	t_s	120.0	rss_kib	78577436	hwm_kib	79362012	heap_inuse	4699709440	sys	7087657224	avail_kib	15722856
ak2-timing	batch-barrier-1	103.729437	19.714225	3	0	11.116861	1.412560
16980616 sequences (3155.64 Mbp) processed in 7.955s (128082.0 Kseq/m, 23802.48 Mbp/m).
  16106690 sequences classified (94.85%)
  873926 sequences unclassified (5.15%)
ak2-sample	batch	2	name	2-SRR5935813	mode	parallel	s3client	sdk	rank	7	role	home	inflight	1	threads	16	start_s	123.443701	wall_s	8.336610	setup_s	0.000034	classify_s	7.954565	close_s	0.223851	report_s	0.148176	status	0	sequences	16980616	bases	3155638888	classified	16106690	place	lpt	weight	16980616
ak2-engine	mem	t_s	135.0	rss_kib	78546616	hwm_kib	79362012	heap_inuse	4023640064	sys	7087657224	avail_kib	16038608
14800056 sequences (2772.79 Mbp) processed in 6.786s (130851.9 Kseq/m, 24515.10 Mbp/m).
  14536791 sequences classified (98.22%)
  263265 sequences unclassified (1.78%)
ak2-sample	batch	2	name	2-SRR5935784	mode	parallel	s3client	sdk	rank	7	role	home	inflight	1	threads	16	start_s	131.780324	wall_s	7.168027	setup_s	0.000038	classify_s	6.786324	close_s	0.230970	report_s	0.144831	status	0	sequences	14800056	bases	2772790740	classified	14536791	place	lpt	weight	14800056
13162386 sequences (2465.10 Mbp) processed in 6.107s (129325.3 Kseq/m, 24220.49 Mbp/m).
  12297712 sequences classified (93.43%)
  864674 sequences unclassified (6.57%)
ak2-sample	batch	2	name	2-SRR5935801	mode	parallel	s3client	sdk	rank	7	role	home	inflight	1	threads	16	start_s	138.948367	wall_s	6.539314	setup_s	0.000037	classify_s	6.106641	close_s	0.276833	report_s	0.146476	status	0	sequences	13162386	bases	2465096767	classified	12297712	place	lpt	weight	13162386
ak2-engine	mem	t_s	150.0	rss_kib	78726996	hwm_kib	79362012	heap_inuse	3394174976	sys	7087665416	avail_kib	15316408
11220767 sequences (2068.35 Mbp) processed in 5.121s (131462.2 Kseq/m, 24232.73 Mbp/m).
  10523542 sequences classified (93.79%)
  697225 sequences unclassified (6.21%)
ak2-sample	batch	2	name	2-SRR5935829	mode	parallel	s3client	sdk	rank	7	role	home	inflight	1	threads	16	start_s	145.487697	wall_s	5.582363	setup_s	0.000038	classify_s	5.121216	close_s	0.321959	report_s	0.130036	status	0	sequences	11220767	bases	2068350513	classified	10523542	place	lpt	weight	11220767
8877621 sequences (1663.95 Mbp) processed in 4.161s (128003.5 Kseq/m, 23991.88 Mbp/m).
  8212460 sequences classified (92.51%)
  665161 sequences unclassified (7.49%)
ak2-sample	batch	2	name	2-SRR5935818	mode	parallel	s3client	sdk	rank	7	role	home	inflight	1	threads	16	start_s	151.070073	wall_s	4.566595	setup_s	0.000034	classify_s	4.161271	close_s	0.218278	report_s	0.179831	status	0	sequences	8877621	bases	1663945574	classified	8212460	place	lpt	weight	8877621
6071697 sequences (1090.39 Mbp) processed in 2.953s (123385.6 Kseq/m, 22158.27 Mbp/m).
  5415115 sequences classified (89.19%)
  656582 sequences unclassified (10.81%)
ak2-sample	batch	2	name	2-SRR5935755	mode	parallel	s3client	sdk	rank	7	role	home	inflight	1	threads	16	start_s	155.636683	wall_s	3.375829	setup_s	0.000040	classify_s	2.952547	close_s	0.221782	report_s	0.193202	status	0	sequences	6071697	bases	1090388750	classified	5415115	place	lpt	weight	6071697
ak2-timing	batch-barrier-2	159.012523	1.305202	0	0	0.066118	0.001109
ak2-engine	mem	t_s	165.0	rss_kib	76215764	hwm_kib	79362012	heap_inuse	2748874752	sys	7087927560	avail_kib	17605472
ak2-timing	barrier	165.499179	1.057194	0	0	0.035558	0.000000
ak2-sample	batch	3	name	3-SRR5935740	mode	striped	s3client	sdk	rank	7	role	peer	inflight	1	threads	16	start_s	160.896152	wall_s	5.660255	setup_s	0.000030	classify_s	4.599326	close_s	0.000000	report_s	0.000000	status	0	sequences	0	bases	0	classified	0	place	-	weight	-
ak2-timing	batch-barrier-3	166.556416	0.608226	169	0	0.004273	0.000000
ak2-timing	barrier	172.525725	0.218143	0	0	0.003738	0.008899
ak2-sample	batch	4	name	4-SRR5935740	mode	striped	s3client	sdk	rank	7	role	peer	inflight	1	threads	16	start_s	167.919396	wall_s	4.824510	setup_s	0.000032	classify_s	4.603225	close_s	0.000000	report_s	0.000000	status	0	sequences	0	bases	0	classified	0	place	-	weight	-
ak2-timing	batch-barrier-4	172.743914	0.522802	0	0	0.003991	0.000000
ak2-timing	barrier	178.633362	0.142253	0	0	0.013369	0.000000
ak2-sample	batch	5	name	5-SRR5935740	mode	striped	s3client	sdk	rank	7	role	peer	inflight	1	threads	16	start_s	174.018890	wall_s	4.756763	setup_s	0.000034	classify_s	4.611341	close_s	0.000000	report_s	0.000000	status	0	sequences	0	bases	0	classified	0	place	-	weight	-
ak2-timing	batch-barrier-5	178.775661	0.525606	7	0	0.004735	0.000000
ak2-engine	mem	t_s	180.0	rss_kib	76412416	hwm_kib	79362012	heap_inuse	3106816000	sys	7087927560	avail_kib	18270708
ak2-timing	batch-barrier-6	179.301276	6.139906	1	0	0.525691	0.109083
ak2-timing	batch-barrier-7	185.441199	5.106708	1	0	0.519908	0.080118
ak2-engine	mem	t_s	195.0	rss_kib	76412424	hwm_kib	79362012	heap_inuse	3109101568	sys	7087927560	avail_kib	18693456
ak2-timing	batch-barrier-8	190.547923	6.144189	1	0	0.530516	0.085727
ak2-engine	shard	0	n	16	lo	130056901599	hi	148636458971	tail	302	full	false	empty_at	18579557384	keys	8474658732	batches	89910	probe_s	161.400959	tail_probes	0	wrap_probes	0
ak2-engine	mem	t_s	196.7	rss_kib	76412424	hwm_kib	79362012	heap_inuse	3109199872	sys	7087927560	avail_kib	18634956
ak2-engine	rendezvous	puts	13	gets	512
ak2-engine	s3	client	sdk	put	31	get	512	create_multipart	18	upload_part	2058	complete_multipart	18	abort_multipart	0	part_bytes	17182220081
ak2-engine	s3	client	cli	put	0	get	0	create_multipart	0	upload_part	0	complete_multipart	0	abort_multipart	0	part_bytes	0
ak2-engine	load	seconds	25.108618	requests	1126	retries	0	bytes	74318296296
ak2-engine	route	transport	nodes	calls	5180	keys	7836667637	batches	82880	route_s	52.516237	wait_s	42.577814	gather_s	11.514599
ak2-engine	worker	scan_s	398.059071	lookup_s	106.610371	classify_s	336.804358
ak2-timing	total	0.000001	196.798492	10819912	0	1257.094933	87.358301
