Loading database information...ak2-timing	opts	0.000450	0.000011	3	0	0.000011	0.000000
ak2-timing	taxo	0.000468	0.120959	87883	0	0.050235	0.086688
ak2-timing	shard-load-0	0.256748	86.489299	78211	0	127.370619	166.376281
ak2-timing	rendezvous	88.508563	0.248061	218	0	0.000000	0.004268
ak2-timing	connect	88.756640	0.039207	7	0	0.000000	0.000541
ak2-timing	hash	0.121525	88.674330	80525	0	127.382500	166.384662
 done.
10532910 sequences (1945.09 Mbp) processed in 6.010s (105153.4 Kseq/m, 19418.49 Mbp/m).
  9366399 sequences classified (88.93%)
  1166511 sequences unclassified (11.07%)
ak2-sample	batch	0	name	0-SRR5935740	mode	parallel	s3client	sdk	rank	0	role	home	inflight	1	threads	16	start_s	88.795866	wall_s	6.596109	setup_s	0.000045	classify_s	6.010025	close_s	0.345812	report_s	0.223461	status	0	sequences	10532910	bases	1945093294	classified	9366399
11859598 sequences (2188.90 Mbp) processed in 6.787s (104851.3 Kseq/m, 19352.20 Mbp/m).
  10951240 sequences classified (92.34%)
  908358 sequences unclassified (7.66%)
ak2-sample	batch	0	name	0-SRR5935748	mode	parallel	s3client	sdk	rank	0	role	home	inflight	1	threads	16	start_s	95.391994	wall_s	7.519754	setup_s	0.000055	classify_s	6.786527	close_s	0.513863	report_s	0.204682	status	0	sequences	11859598	bases	2188903487	classified	10951240
ak2-timing	batch-barrier-0	102.911770	7.908281	3	0	1.828720	0.186596
10532910 sequences (1945.09 Mbp) processed in 10.490s (60246.8 Kseq/m, 11125.66 Mbp/m).
  9366399 sequences classified (88.93%)
  1166511 sequences unclassified (11.07%)
ak2-sample	batch	1	name	1-SRR5935740	mode	parallel	s3client	sdk	rank	0	role	home	inflight	2	threads	16	start_s	110.820085	wall_s	10.914481	setup_s	0.000068	classify_s	10.489770	close_s	0.246530	report_s	0.160257	status	0	sequences	10532910	bases	1945093294	classified	9366399
11859598 sequences (2188.90 Mbp) processed in 11.354s (62673.8 Kseq/m, 11567.59 Mbp/m).
  10951240 sequences classified (92.34%)
  908358 sequences unclassified (7.66%)
ak2-sample	batch	1	name	1-SRR5935748	mode	parallel	s3client	sdk	rank	0	role	home	inflight	2	threads	16	start_s	110.820074	wall_s	12.361165	setup_s	0.000084	classify_s	11.353641	close_s	0.804983	report_s	0.187610	status	0	sequences	11859598	bases	2188903487	classified	10951240
ak2-timing	batch-barrier-1	123.181261	4.888345	1	0	0.901533	0.140675
10532910 sequences (1945.09 Mbp) processed in 10.290s (61418.4 Kseq/m, 11342.02 Mbp/m).
  9366399 sequences classified (88.93%)
  1166511 sequences unclassified (11.07%)
ak2-sample	batch	2	name	2-SRR5935740	mode	parallel	s3client	sdk	rank	0	role	home	inflight	2	threads	8	start_s	128.069650	wall_s	10.725600	setup_s	0.000048	classify_s	10.289666	close_s	0.257186	report_s	0.166608	status	0	sequences	10532910	bases	1945093294	classified	9366399
11859598 sequences (2188.90 Mbp) processed in 11.281s (63077.0 Kseq/m, 11642.00 Mbp/m).
  10951240 sequences classified (92.34%)
  908358 sequences unclassified (7.66%)
ak2-sample	batch	2	name	2-SRR5935748	mode	parallel	s3client	sdk	rank	0	role	home	inflight	2	threads	8	start_s	128.069630	wall_s	11.734151	setup_s	0.000042	classify_s	11.281071	close_s	0.215213	report_s	0.227229	status	0	sequences	11859598	bases	2188903487	classified	10951240
ak2-timing	batch-barrier-2	139.803803	6.021924	0	0	1.189094	0.221482
10532910 sequences (1945.09 Mbp) processed in 14.360s (44008.0 Kseq/m, 8126.88 Mbp/m).
  9366399 sequences classified (88.93%)
  1166511 sequences unclassified (11.07%)
ak2-sample	batch	3	name	3-SRR5935740	mode	parallel	s3client	cli	rank	0	role	home	inflight	1	threads	16	start_s	145.825750	wall_s	16.035898	setup_s	0.000050	classify_s	14.360449	close_s	1.136197	report_s	0.522464	status	0	sequences	10532910	bases	1945093294	classified	9366399
11859598 sequences (2188.90 Mbp) processed in 17.054s (41725.2 Kseq/m, 7701.14 Mbp/m).
  10951240 sequences classified (92.34%)
  908358 sequences unclassified (7.66%)
ak2-sample	batch	3	name	3-SRR5935748	mode	parallel	s3client	cli	rank	0	role	home	inflight	1	threads	16	start_s	161.861698	wall_s	18.741586	setup_s	0.000048	classify_s	17.053866	close_s	1.015374	report_s	0.657917	status	0	sequences	11859598	bases	2188903487	classified	10951240
ak2-timing	batch-barrier-3	180.603318	13.032906	2	0	0.792143	0.149342
ak2-timing	barrier	199.766444	0.004709	0	0	0.003783	0.000924
10532910 sequences (1945.09 Mbp) processed in 5.739s (110110.0 Kseq/m, 20333.81 Mbp/m).
  9366399 sequences classified (88.93%)
  1166511 sequences unclassified (11.07%)
ak2-sample	batch	4	name	4-SRR5935740	mode	striped	s3client	sdk	rank	0	role	emitter	inflight	1	threads	16	start_s	194.021828	wall_s	6.159269	setup_s	0.000047	classify_s	5.739485	close_s	0.246206	report_s	0.163572	status	0	sequences	10532910	bases	1945093294	classified	9366399
ak2-timing	barrier	210.059243	0.002601	0	0	0.002108	0.000497
16518263 sequences (3051.28 Mbp) processed in 9.518s (104131.2 Kseq/m, 19235.31 Mbp/m).
  16141470 sequences classified (97.72%)
  376793 sequences unclassified (2.28%)
ak2-sample	batch	4	name	4-SRR5935741	mode	striped	s3client	sdk	rank	0	role	emitter	inflight	1	threads	16	start_s	200.538171	wall_s	10.117578	setup_s	0.000053	classify_s	9.517760	close_s	0.462034	report_s	0.131711	status	0	sequences	16518263	bases	3051284850	classified	16141470
ak2-timing	barrier	217.790502	0.002650	0	0	0.002147	0.000495
12325847 sequences (2261.51 Mbp) processed in 6.687s (110599.6 Kseq/m, 20292.51 Mbp/m).
  11791754 sequences classified (95.67%)
  534093 sequences unclassified (4.33%)
ak2-sample	batch	4	name	4-SRR5935742	mode	striped	s3client	sdk	rank	0	role	emitter	inflight	1	threads	16	start_s	211.100144	wall_s	7.098421	setup_s	0.000055	classify_s	6.686739	close_s	0.258831	report_s	0.146428	status	0	sequences	12325847	bases	2261511731	classified	11791754
ak2-timing	barrier	218.876194	0.000355	0	0	0.000450	0.000103
201473 sequences (36.75 Mbp) processed in 0.404s (29956.1 Kseq/m, 5463.51 Mbp/m).
  197603 sequences classified (98.08%)
  3870 sequences unclassified (1.92%)
ak2-sample	batch	4	name	4-SRR5935743	mode	striped	s3client	sdk	rank	0	role	emitter	inflight	1	threads	16	start_s	218.472344	wall_s	1.267257	setup_s	0.000060	classify_s	0.403537	close_s	0.761595	report_s	0.101351	status	0	sequences	201473	bases	36745424	classified	197603
ak2-timing	barrier	228.574271	0.002652	0	0	0.002651	0.000000
15328347 sequences (2853.53 Mbp) processed in 8.575s (107253.2 Kseq/m, 19966.26 Mbp/m).
  14998872 sequences classified (97.85%)
  329475 sequences unclassified (2.15%)
ak2-sample	batch	4	name	4-SRR5935744	mode	striped	s3client	sdk	rank	0	role	emitter	inflight	1	threads	16	start_s	219.995822	wall_s	8.928293	setup_s	0.000049	classify_s	8.575046	close_s	0.204560	report_s	0.142492	status	0	sequences	15328347	bases	2853526686	classified	14998872
ak2-timing	barrier	235.170339	0.002936	0	0	0.002406	0.000528
10492437 sequences (1984.14 Mbp) processed in 6.006s (104824.9 Kseq/m, 19822.60 Mbp/m).
  9889429 sequences classified (94.25%)
  603008 sequences unclassified (5.75%)
ak2-sample	batch	4	name	4-SRR5935745	mode	striped	s3client	sdk	rank	0	role	emitter	inflight	1	threads	16	start_s	229.160602	wall_s	6.484506	setup_s	0.000064	classify_s	6.005695	close_s	0.254675	report_s	0.216977	status	0	sequences	10492437	bases	1984140901	classified	9889429
ak2-timing	barrier	241.897930	0.002434	0	0	0.001998	0.000431
11012615 sequences (2057.95 Mbp) processed in 6.021s (109747.3 Kseq/m, 20508.73 Mbp/m).
  10686469 sequences classified (97.04%)
  326146 sequences unclassified (2.96%)
ak2-sample	batch	4	name	4-SRR5935746	mode	striped	s3client	sdk	rank	0	role	emitter	inflight	1	threads	16	start_s	235.874825	wall_s	6.736224	setup_s	0.000050	classify_s	6.020715	close_s	0.422441	report_s	0.288069	status	0	sequences	11012615	bases	2057953866	classified	10686469
ak2-timing	barrier	244.852857	0.002122	0	0	0.003332	0.000715
3036382 sequences (569.20 Mbp) processed in 1.876s (97109.4 Kseq/m, 18204.26 Mbp/m).
  2817388 sequences classified (92.79%)
  218994 sequences unclassified (7.21%)
ak2-sample	batch	4	name	4-SRR5935747	mode	striped	s3client	sdk	rank	0	role	emitter	inflight	1	threads	16	start_s	242.974861	wall_s	2.428033	setup_s	0.000048	classify_s	1.876059	close_s	0.395429	report_s	0.152341	status	0	sequences	3036382	bases	569204188	classified	2817388
ak2-timing	barrier	252.221001	0.004182	0	0	0.003482	0.000734
11859598 sequences (2188.90 Mbp) processed in 6.553s (108591.3 Kseq/m, 20042.49 Mbp/m).
  10951240 sequences classified (92.34%)
  908358 sequences unclassified (7.66%)
ak2-sample	batch	4	name	4-SRR5935748	mode	striped	s3client	sdk	rank	0	role	emitter	inflight	1	threads	16	start_s	245.663391	wall_s	6.971837	setup_s	0.000049	classify_s	6.552790	close_s	0.235995	report_s	0.173851	status	0	sequences	11859598	bases	2188903487	classified	10951240
ak2-timing	barrier	263.045443	0.002329	0	0	0.002013	0.000410
18879904 sequences (3539.14 Mbp) processed in 10.152s (111586.9 Kseq/m, 20917.55 Mbp/m).
  18627146 sequences classified (98.66%)
  252758 sequences unclassified (1.34%)
ak2-sample	batch	4	name	4-SRR5935749	mode	striped	s3client	sdk	rank	0	role	emitter	inflight	1	threads	16	start_s	252.891159	wall_s	10.847316	setup_s	0.000055	classify_s	10.151675	close_s	0.539484	report_s	0.151075	status	0	sequences	18879904	bases	3539135454	classified	18627146
ak2-timing	batch-barrier-4	263.738491	0.266374	2	0	0.003737	0.000250
ak2-engine	shard	0	n	8	lo	0	hi	37159114742	tail	302	full	false	empty_at	37159114756	keys	2747908915	batches	14540	probe_s	71.675065	tail_probes	0	wrap_probes	0
ak2-engine	rendezvous	puts	16	gets	175
ak2-engine	s3	client	sdk	put	32	get	175	create_multipart	16	upload_part	1907	complete_multipart	16	abort_multipart	0	part_bytes	15925736541
ak2-engine	s3	client	cli	put	2	get	0	create_multipart	2	upload_part	250	complete_multipart	2	abort_multipart	0	part_bytes	2088570283
ak2-engine	load	seconds	86.489295	requests	2233	retries	0	bytes	148636525776
ak2-engine	route	transport	nodes	calls	2720	keys	4087305070	batches	21760	route_s	39.245118	wait_s	88.902053	gather_s	9.278086
ak2-engine	worker	scan_s	302.477499	lookup_s	137.427326	classify_s	249.840963
ak2-timing	total	0.000001	264.287771	10493904	0	993.025459	202.815980
