Loading database information...ak2-timing	opts	0.000041	0.000026	4	0	0.000028	0.000000
ak2-timing	taxo	0.000077	0.117581	87886	0	0.045330	0.087421
ak2-timing	shard-load-6	0.185118	80.595699	78078	0	77.389040	75.681208
ak2-timing	rendezvous	82.592849	3.621330	89	0	0.003534	0.003457
ak2-timing	connect	86.214193	0.049903	13	0	0.000000	0.000701
ak2-timing	connect-control	86.264106	0.075025	5	0	0.000000	0.000418
ak2-timing	hash	0.117738	86.221406	80372	0	77.404660	75.688813
 done.
ak2-timing	setup	86.339148	0.000053	9	0	0.000000	0.000058
ak2-timing	classify	86.339205	11.082832	1033830	0	21.854019	0.815249
ak2-timing	barrier	97.427648	2.984524	0	0	0.026944	0.001168
ak2-engine	shard	0	n	8	lo	222954688456	hi	260113803199	tail	302	full	false	empty_at	37159114747	keys	51979032	batches	276	probe_s	1.465729	tail_probes	0	wrap_probes	0
ak2-engine	rendezvous	puts	1	gets	9
ak2-engine	s3	client	sdk	put	0	get	0	create_multipart	0	upload_part	0	complete_multipart	0	abort_multipart	0	part_bytes	0
ak2-engine	s3	client	cli	put	1	get	9	create_multipart	0	upload_part	0	complete_multipart	0	abort_multipart	0	part_bytes	0
ak2-engine	node	rank	6	n	8	emitter	false	blocks_cut	276	blocks_mine	34	read_s	5.123498	window_wait_s	5.848929	send_s	0.337507	sent_bytes	116795994	emit_wait_s	0.000000	emit_s	0.000000
ak2-engine	load	seconds	80.595695	requests	2233	retries	0	bytes	148636525780
ak2-engine	route	transport	nodes	calls	34	keys	51307925	batches	272	route_s	0.495388	wait_s	0.411840	gather_s	0.141594
ak2-engine	worker	scan_s	3.845301	lookup_s	1.048854	classify_s	2.680737
ak2-timing	unmap	100.412238	0.279803	0	0	0.000000	0.280084
ak2-timing	total	0.000001	100.692066	1202251	0	99.336734	76.872940
