ak2: log tee up
ak2-phase	2026-10-09T06:43:23Z	1791528203	preamble	no
ak2: [2026-10-09T06:43:23Z] inherited $-=hBc (stub, as spawn started it: $-=hBc)
ak2: [2026-10-09T06:43:23Z] after set +e $-=hBc
ak2: [2026-10-09T06:43:23Z] gate=g3 run=20261009-064231-4c67532-2a5c-n64-r15
ak2: [2026-10-09T06:43:23Z] aws shim installed and self-tested (/tmp/ak2-bin/aws -> /usr/bin/aws)
ak2: [2026-10-09T06:43:24Z] imds region=us-west-2 az=us-west-2b instance=i-090a75ba559c82c62 type=c8gn.4xlarge ami=ami-09325776a00699513
ak2: [2026-10-09T06:43:24Z] bucket aws-kraken2-942542972736-us-west-2 region=us-west-2
ak2: [2026-10-09T06:43:24Z] bucket aws-kraken2-942542972736-us-west-2 payer=UNKNOWN
ak2: [2026-10-09T06:43:24Z] WARN: could not read Payer of aws-kraken2-942542972736-us-west-2 from the instance (launch host verified it)
ak2: [2026-10-09T06:43:24Z] bucket kraken2-ncbi-refseq-complete-v205 region=us-west-2
ak2: [2026-10-09T06:43:25Z] bucket kraken2-ncbi-refseq-complete-v205 payer=BucketOwner
ak2: [2026-10-09T06:43:25Z] region assert passed
ak2: [2026-10-09T06:43:25Z] drop_caches_ok=true
ak2: [2026-10-09T06:43:25Z] preamble done; spec body starts
ak2-phase	2026-10-09T06:43:25Z	1791528205	body	no
ak2-phase	2026-10-09T06:43:25Z	1791528205	setup	no
go: downloading github.com/aws/aws-sdk-go-v2 v1.47.1
go: downloading github.com/aws/aws-sdk-go-v2/config v1.33.7
go: downloading github.com/aws/aws-sdk-go-v2/credentials v1.20.7
go: downloading github.com/aws/aws-sdk-go-v2/service/s3 v1.114.1
go: downloading github.com/klauspost/compress v1.20.0
go: downloading github.com/aws/aws-sdk-go-v2/service/signin v1.10.2
go: downloading github.com/aws/aws-sdk-go-v2/feature/ec2/imds v1.20.1
go: downloading github.com/aws/aws-sdk-go-v2/service/sso v1.38.2
go: downloading github.com/aws/aws-sdk-go-v2/service/ssooidc v1.43.2
go: downloading github.com/aws/aws-sdk-go-v2/service/sts v1.51.2
go: downloading github.com/aws/smithy-go v1.28.1
go: downloading github.com/aws/aws-sdk-go-v2/aws/protocol/eventstream v1.7.20
go: downloading github.com/aws/aws-sdk-go-v2/internal/configsources v1.5.4
go: downloading github.com/aws/aws-sdk-go-v2/internal/v4a v1.5.4
go: downloading github.com/aws/aws-sdk-go-v2/service/internal/accept-encoding v1.13.19
go: downloading github.com/aws/aws-sdk-go-v2/service/internal/checksum v1.11.5
go: downloading github.com/aws/aws-sdk-go-v2/service/internal/presigned-url v1.14.4
go: downloading github.com/aws/aws-sdk-go-v2/service/internal/s3shared v1.20.4
go: downloading github.com/aws/aws-sdk-go-v2/internal/endpoints/v2 v2.8.4
ak2: [2026-10-09T06:43:56Z] rank 15 of 64; hash.k2d etag=f80959f9556b50d76b3e744afdd3b22a-8860 size=1189091671800; stages 1 16 32 64 x 60s
ak2-phase	2026-10-09T06:43:56Z	1791528236	rendezvous	no
ak2: [2026-10-09T06:45:51Z] rendezvous: all 64 ready; stages start at 1791528368 (17 s from now)
ak2-phase	2026-10-09T06:45:51Z	1791528351	stage-n1	no
ak2: [2026-10-09T06:46:08Z] stage n1: rank 15 waits
ak2-phase	2026-10-09T06:46:08Z	1791528368	stage-n16	no
probe-cont {"kind":"progress","label":"n16-r15","unix_s":1791528453.7080295,"elapsed_s":5.000079056,"bytes":27179089920,"gbps_cum":5.435732038553593,"gbps_interval":5.435732038553593,"requests":469,"retries":0,"complete":false}
probe-cont {"kind":"progress","label":"n16-r15","unix_s":1791528458.7080488,"elapsed_s":10.000098613,"bytes":55230595072,"gbps_cum":5.523005043190368,"gbps_interval":5.610279086354382,"requests":887,"retries":0,"complete":false}
probe-cont {"kind":"progress","label":"n16-r15","unix_s":1791528463.7080407,"elapsed_s":15.000090418,"bytes":83282100224,"gbps_cum":5.552106547575346,"gbps_interval":5.610310225698461,"requests":1305,"retries":0,"complete":false}
probe-cont {"kind":"progress","label":"n16-r15","unix_s":1791528468.7080286,"elapsed_s":20.000078195,"bytes":111803367424,"gbps_cum":5.590146515124663,"gbps_interval":5.704267384652048,"requests":1730,"retries":0,"complete":false}
probe-cont {"kind":"progress","label":"n16-r15","unix_s":1791528473.7080302,"elapsed_s":25.000079705,"bytes":139921981440,"gbps_cum":5.59686141368644,"gbps_interval":5.623721104836227,"requests":2148,"retries":0,"complete":false}
probe-cont {"kind":"progress","label":"n16-r15","unix_s":1791528478.708057,"elapsed_s":30.000106334,"bytes":167973486592,"gbps_cum":5.5990963739228725,"gbps_interval":5.610271151217903,"requests":2567,"retries":0,"complete":false}
probe-cont {"kind":"progress","label":"n16-r15","unix_s":1791528483.7080297,"elapsed_s":35.000079224,"bytes":196092100608,"gbps_cum":5.602618764175173,"gbps_interval":5.623753295190366,"requests":2986,"retries":0,"complete":false}
probe-cont {"kind":"progress","label":"n16-r15","unix_s":1791528488.7080314,"elapsed_s":40.000081043,"bytes":224613367808,"gbps_cum":5.615322818134821,"gbps_interval":5.704251364793353,"requests":3411,"retries":0,"complete":false}
probe-cont {"kind":"progress","label":"n16-r15","unix_s":1791528493.7080271,"elapsed_s":45.000076817,"bytes":252799090688,"gbps_cum":5.617747981098963,"gbps_interval":5.637149340518622,"requests":3831,"retries":0,"complete":false}
probe-cont {"kind":"progress","label":"n16-r15","unix_s":1791528498.7080317,"elapsed_s":50.000081325,"bytes":280984813568,"gbps_cum":5.619687130938882,"gbps_interval":5.637139493555033,"requests":4251,"retries":0,"complete":false}
probe-cont {"kind":"progress","label":"n16-r15","unix_s":1791528503.7080295,"elapsed_s":55.000078926,"bytes":309573189632,"gbps_cum":5.628595370717851,"gbps_interval":5.717677956141883,"requests":4677,"retries":0,"complete":false}
probe-cont {"kind":"progress","label":"n16-r15","unix_s":1791528508.708064,"elapsed_s":60.000113496,"bytes":338832654336,"gbps_cum":5.647200223356058,"gbps_interval":5.851852481091946,"requests":5113,"retries":0,"complete":false}
probe-cont {"kind":"done","label":"n16-r15","unix_s":1791528508.7082963,"elapsed_s":60.000345875,"bytes":338832654336,"gbps_cum":5.647178351969791,"gbps_interval":0,"requests":5113,"retries":0,"complete":false,"workers":64,"chunk_mib":64,"object":"https://kraken2-ncbi-refseq-complete-v205.s3.us-west-2.amazonaws.com/Kraken2_RefSeqCompleteV205/hash.k2d","object_bytes":1189091671800,"stopped_by":"seconds"}
ak2-phase	2026-10-09T06:48:34Z	1791528514	stage-n32	no
probe-cont {"kind":"progress","label":"n32-r15","unix_s":1791528533.175697,"elapsed_s":5.000069921,"bytes":27783069696,"gbps_cum":5.556536235485976,"gbps_interval":5.556536235485976,"requests":478,"retries":0,"complete":false}
probe-cont {"kind":"progress","label":"n32-r15","unix_s":1791528538.1757007,"elapsed_s":10.000073636,"bytes":56639881216,"gbps_cum":5.663946414564182,"gbps_interval":5.771358015880994,"requests":908,"retries":0,"complete":false}
probe-cont {"kind":"progress","label":"n32-r15","unix_s":1791528543.1757052,"elapsed_s":15.000077834,"bytes":87778394112,"gbps_cum":5.851862575875217,"gbps_interval":6.227697350425305,"requests":1372,"retries":0,"complete":false}
probe-cont {"kind":"progress","label":"n32-r15","unix_s":1791528548.175696,"elapsed_s":20.000068767,"bytes":117373403136,"gbps_cum":5.868649978327348,"gbps_interval":5.919012538337337,"requests":1813,"retries":0,"complete":false}
probe-cont {"kind":"progress","label":"n32-r15","unix_s":1791528553.1757,"elapsed_s":25.000072779,"bytes":146297323520,"gbps_cum":5.851875905052941,"gbps_interval":5.7847794350929815,"requests":2244,"retries":0,"complete":false}
probe-cont {"kind":"progress","label":"n32-r15","unix_s":1791528558.1756978,"elapsed_s":30.000070678,"bytes":177435836416,"gbps_cum":5.914513946332777,"gbps_interval":6.227705196081724,"requests":2708,"retries":0,"complete":false}
probe-cont {"kind":"progress","label":"n32-r15","unix_s":1791528563.175701,"elapsed_s":35.000073724,"bytes":206762409984,"gbps_cum":5.907484984587914,"gbps_interval":5.865311140452453,"requests":3145,"retries":0,"complete":false}
probe-cont {"kind":"progress","label":"n32-r15","unix_s":1791528568.1756964,"elapsed_s":40.000069293,"bytes":237968031744,"gbps_cum":5.949190487668588,"gbps_interval":6.241129882889302,"requests":3610,"retries":0,"complete":false}
probe-cont {"kind":"progress","label":"n32-r15","unix_s":1791528573.175699,"elapsed_s":45.000071902,"bytes":267294605312,"gbps_cum":5.939870627187158,"gbps_interval":5.865311653080379,"requests":4047,"retries":0,"complete":false}
probe-cont {"kind":"progress","label":"n32-r15","unix_s":1791528578.1756942,"elapsed_s":50.000067195,"bytes":298097573888,"gbps_cum":5.961943465504177,"gbps_interval":6.160599514788384,"requests":4506,"retries":0,"complete":false}
probe-cont {"kind":"progress","label":"n32-r15","unix_s":1791528583.1756947,"elapsed_s":55.000067525,"bytes":327625474048,"gbps_cum":5.956819487522983,"gbps_interval":5.905579642231744,"requests":4946,"retries":0,"complete":false}
probe-cont {"kind":"progress","label":"n32-r15","unix_s":1791528588.1756938,"elapsed_s":60.000066708,"bytes":356952047616,"gbps_cum":5.949194179285912,"gbps_interval":5.865315671992581,"requests":5383,"retries":0,"complete":false}
probe-cont {"kind":"done","label":"n32-r15","unix_s":1791528588.1760333,"elapsed_s":60.000406153,"bytes":356952047616,"gbps_cum":5.949160522443439,"gbps_interval":0,"requests":5383,"retries":0,"complete":false,"workers":64,"chunk_mib":64,"object":"https://kraken2-ncbi-refseq-complete-v205.s3.us-west-2.amazonaws.com/Kraken2_RefSeqCompleteV205/hash.k2d","object_bytes":1189091671800,"stopped_by":"seconds"}
ak2-phase	2026-10-09T06:49:53Z	1791528593	stage-n64	no
probe-cont {"kind":"progress","label":"n64-r15","unix_s":1791528613.6433728,"elapsed_s":5.000124283,"bytes":28722593792,"gbps_cum":5.744375972744196,"gbps_interval":5.744375972744196,"requests":492,"retries":0,"complete":false}
probe-cont {"kind":"progress","label":"n64-r15","unix_s":1791528618.6433952,"elapsed_s":10.000146484,"bytes":58451820544,"gbps_cum":5.8450964330894095,"gbps_interval":5.945818949774699,"requests":935,"retries":0,"complete":false}
probe-cont {"kind":"progress","label":"n64-r15","unix_s":1791528623.6433754,"elapsed_s":15.0001268,"bytes":91133837312,"gbps_cum":6.0755377955871674,"gbps_interval":6.536429086214026,"requests":1422,"retries":0,"complete":false}
probe-cont {"kind":"progress","label":"n64-r15","unix_s":1791528628.643377,"elapsed_s":20.000128564,"bytes":120863064064,"gbps_cum":6.043114356852291,"gbps_interval":5.9458432527065,"requests":1865,"retries":0,"complete":false}
probe-cont {"kind":"progress","label":"n64-r15","unix_s":1791528633.6433904,"elapsed_s":25.000141857,"bytes":151330488320,"gbps_cum":6.053185185332367,"gbps_interval":6.093468651104244,"requests":2319,"retries":0,"complete":false}
probe-cont {"kind":"progress","label":"n64-r15","unix_s":1791528638.6433818,"elapsed_s":30.000133147,"bytes":183140089856,"gbps_cum":6.104642568038533,"gbps_interval":6.361931389684481,"requests":2793,"retries":0,"complete":false}
probe-cont {"kind":"progress","label":"n64-r15","unix_s":1791528643.6433802,"elapsed_s":35.000131686,"bytes":213070643200,"gbps_cum":6.087709758110079,"gbps_interval":5.986112417942049,"requests":3239,"retries":0,"complete":false}
probe-cont {"kind":"progress","label":"n64-r15","unix_s":1791528648.6433992,"elapsed_s":40.000150633,"bytes":245417115648,"gbps_cum":6.1354047863392704,"gbps_interval":6.469269974948356,"requests":3721,"retries":0,"complete":false}
probe-cont {"kind":"progress","label":"n64-r15","unix_s":1791528653.6433852,"elapsed_s":45.000136594,"bytes":275347668992,"gbps_cum":6.118818515513415,"gbps_interval":5.986127476648728,"requests":4167,"retries":0,"complete":false}
probe-cont {"kind":"progress","label":"n64-r15","unix_s":1791528658.6433895,"elapsed_s":50.00014081,"bytes":307224379392,"gbps_cum":6.144470283782788,"gbps_interval":6.375336704316092,"requests":4642,"retries":0,"complete":false}
probe-cont {"kind":"progress","label":"n64-r15","unix_s":1791528663.6433954,"elapsed_s":55.00014665,"bytes":337624694784,"gbps_cum":6.138614446476208,"gbps_interval":6.080055976894619,"requests":5095,"retries":0,"complete":false}
probe-cont {"kind":"progress","label":"n64-r15","unix_s":1791528668.6433764,"elapsed_s":60.000127711,"bytes":367823683584,"gbps_cum":6.130381677780426,"gbps_interval":6.039820637632611,"requests":5545,"retries":0,"complete":false}
probe-cont {"kind":"done","label":"n64-r15","unix_s":1791528668.6435282,"elapsed_s":60.000279555,"bytes":367823683584,"gbps_cum":6.130366163491453,"gbps_interval":0,"requests":5545,"retries":0,"complete":false,"workers":64,"chunk_mib":64,"object":"https://kraken2-ncbi-refseq-complete-v205.s3.us-west-2.amazonaws.com/Kraken2_RefSeqCompleteV205/hash.k2d","object_bytes":1189091671800,"stopped_by":"seconds"}
ak2-phase	2026-10-09T06:51:14Z	1791528674	push	no
ak2: [2026-10-09T06:51:14Z] pushed out/cont-15.jsonl
ak2: [2026-10-09T06:51:14Z] contention probe done FAIL=0
ak2: [2026-10-09T06:51:14Z] spec body exit rc=0
ak2-phase	2026-10-09T06:51:14Z	1791528674	end	no
