Loading database information...ak2-timing	opts	0.002924	0.000018	0	0	0.000000	0.000017
ak2-timing	taxo	0.002950	0.093536	87780	0	0.020310	0.084248
ak2-timing	shard-load-2	0.166054	40.429064	41123	0	37.781571	37.600602
ak2-timing	rendezvous	41.816457	28.162920	9339	0	0.186286	0.004495
ak2-timing	connect	69.979392	0.403030	8983	0	0.349244	0.000000
ak2-timing	hash	0.096554	70.285893	61386	0	38.328863	37.608102
 done.
14261195 sequences (2665.70 Mbp) processed in 14.442s (59247.4 Kseq/m, 11074.49 Mbp/m).
  13980324 sequences classified (98.03%)
  280871 sequences unclassified (1.97%)
ak2-sample	batch	0	name	0-SRR5935817	mode	parallel	s3client	sdk	rank	2	role	home	inflight	2	threads	16	start_s	70.382493	wall_s	14.941859	setup_s	0.000055	classify_s	14.442366	close_s	0.297230	report_s	0.193304	status	0	sequences	14261195	bases	2665696979	classified	13980324	place	lpt	weight	14261195
20086542 sequences (3689.65 Mbp) processed in 19.768s (60965.9 Kseq/m, 11198.68 Mbp/m).
  19142785 sequences classified (95.30%)
  943757 sequences unclassified (4.70%)
ak2-sample	batch	0	name	0-SRR5935798	mode	parallel	s3client	sdk	rank	2	role	home	inflight	2	threads	16	start_s	70.382502	wall_s	20.397179	setup_s	0.000049	classify_s	19.768296	close_s	0.400000	report_s	0.214530	status	0	sequences	20086542	bases	3689648337	classified	19142785	place	lpt	weight	20086542
12062510 sequences (2207.30 Mbp) processed in 11.420s (63374.3 Kseq/m, 11596.75 Mbp/m).
  10926608 sequences classified (90.58%)
  1135902 sequences unclassified (9.42%)
ak2-sample	batch	0	name	0-SRR5935820	mode	parallel	s3client	sdk	rank	2	role	home	inflight	2	threads	16	start_s	85.324512	wall_s	11.826798	setup_s	0.000126	classify_s	11.420258	close_s	0.219840	report_s	0.170848	status	0	sequences	12062510	bases	2207297835	classified	10926608	place	lpt	weight	12062510
10492437 sequences (1984.14 Mbp) processed in 10.233s (61520.8 Kseq/m, 11633.70 Mbp/m).
  9889429 sequences classified (94.25%)
  603008 sequences unclassified (5.75%)
ak2-sample	batch	0	name	0-SRR5935745	mode	parallel	s3client	sdk	rank	2	role	home	inflight	2	threads	16	start_s	90.779707	wall_s	10.643233	setup_s	0.000075	classify_s	10.233067	close_s	0.234262	report_s	0.164932	status	0	sequences	10492437	bases	1984140901	classified	9889429	place	lpt	weight	10492437
8326050 sequences (1540.09 Mbp) processed in 8.028s (62224.5 Kseq/m, 11509.84 Mbp/m).
  8094378 sequences classified (97.22%)
  231672 sequences unclassified (2.78%)
ak2-sample	batch	0	name	0-SRR5935828	mode	parallel	s3client	sdk	rank	2	role	home	inflight	2	threads	16	start_s	97.151338	wall_s	8.467519	setup_s	0.000060	classify_s	8.028395	close_s	0.275470	report_s	0.156176	status	0	sequences	8326050	bases	1540092338	classified	8094378	place	lpt	weight	8326050
5072545 sequences (950.40 Mbp) processed in 4.771s (63795.8 Kseq/m, 11952.88 Mbp/m).
  4982177 sequences classified (98.22%)
  90368 sequences unclassified (1.78%)
ak2-sample	batch	0	name	0-SRR5935814	mode	parallel	s3client	sdk	rank	2	role	home	inflight	2	threads	16	start_s	101.422961	wall_s	5.572685	setup_s	0.000065	classify_s	4.770736	close_s	0.667631	report_s	0.129037	status	0	sequences	5072545	bases	950400325	classified	4982177	place	lpt	weight	5072545
ak2-timing	batch-barrier-0	106.995666	3.149961	0	0	0.372549	0.060511
8206591 sequences (1523.97 Mbp) processed in 8.703s (56574.5 Kseq/m, 10505.91 Mbp/m).
  7998445 sequences classified (97.46%)
  208146 sequences unclassified (2.54%)
ak2-sample	batch	1	name	1-SRR5935758	mode	parallel	s3client	sdk	rank	2	role	home	inflight	2	threads	16	start_s	110.145652	wall_s	9.124713	setup_s	0.000054	classify_s	8.703486	close_s	0.280659	report_s	0.134423	status	0	sequences	8206591	bases	1523967713	classified	7998445	place	mod	weight	8206591
12325847 sequences (2261.51 Mbp) processed in 11.956s (61855.5 Kseq/m, 11349.07 Mbp/m).
  11791754 sequences classified (95.67%)
  534093 sequences unclassified (4.33%)
ak2-sample	batch	1	name	1-SRR5935742	mode	parallel	s3client	sdk	rank	2	role	home	inflight	2	threads	16	start_s	110.145667	wall_s	12.370275	setup_s	0.000040	classify_s	11.956108	close_s	0.255384	report_s	0.148231	status	0	sequences	12325847	bases	2261511731	classified	11791754	place	mod	weight	12325847
12252617 sequences (2212.67 Mbp) processed in 11.146s (65955.9 Kseq/m, 11910.84 Mbp/m).
  10208851 sequences classified (83.32%)
  2043766 sequences unclassified (16.68%)
ak2-sample	batch	1	name	1-SRR5935774	mode	parallel	s3client	sdk	rank	2	role	home	inflight	2	threads	16	start_s	119.270390	wall_s	11.586755	setup_s	0.000077	classify_s	11.146189	close_s	0.246610	report_s	0.175305	status	0	sequences	12252617	bases	2212674525	classified	10208851	place	mod	weight	12252617
9202475 sequences (1711.99 Mbp) processed in 8.954s (61665.7 Kseq/m, 11472.04 Mbp/m).
  8810259 sequences classified (95.74%)
  392216 sequences unclassified (4.26%)
ak2-sample	batch	1	name	1-SRR5935790	mode	parallel	s3client	sdk	rank	2	role	home	inflight	2	threads	16	start_s	122.516014	wall_s	9.478198	setup_s	0.000063	classify_s	8.953897	close_s	0.301415	report_s	0.213827	status	0	sequences	9202475	bases	1711991411	classified	8810259	place	mod	weight	9202475
14472574 sequences (2738.53 Mbp) processed in 14.011s (61978.7 Kseq/m, 11727.74 Mbp/m).
  14022498 sequences classified (96.89%)
  450076 sequences unclassified (3.11%)
ak2-sample	batch	1	name	1-SRR5935806	mode	parallel	s3client	sdk	rank	2	role	home	inflight	2	threads	16	start_s	130.857168	wall_s	14.427674	setup_s	0.000051	classify_s	14.010527	close_s	0.266156	report_s	0.142270	status	0	sequences	14472574	bases	2738529910	classified	14022498	place	mod	weight	14472574
13365245 sequences (2460.33 Mbp) processed in 13.196s (60771.7 Kseq/m, 11187.10 Mbp/m).
  13192260 sequences classified (98.71%)
  172985 sequences unclassified (1.29%)
ak2-sample	batch	1	name	1-SRR5935822	mode	parallel	s3client	sdk	rank	2	role	home	inflight	2	threads	16	start_s	131.994275	wall_s	13.608361	setup_s	0.000068	classify_s	13.195521	close_s	0.224050	report_s	0.181870	status	0	sequences	13365245	bases	2460327516	classified	13192260	place	mod	weight	13365245
14615323 sequences (2691.06 Mbp) processed in 8.354s (104970.6 Kseq/m, 19327.82 Mbp/m).
  14358414 sequences classified (98.24%)
  256909 sequences unclassified (1.76%)
ak2-sample	batch	1	name	1-SRR5935838	mode	parallel	s3client	sdk	rank	2	role	home	inflight	2	threads	16	start_s	145.284863	wall_s	8.758412	setup_s	0.000061	classify_s	8.353956	close_s	0.264194	report_s	0.133183	status	0	sequences	14615323	bases	2691062094	classified	14358414	place	mod	weight	14615323
ak2-timing	batch-barrier-1	154.043294	0.498022	0	0	0.005679	0.000000
14261195 sequences (2665.70 Mbp) processed in 14.695s (58229.5 Kseq/m, 10884.23 Mbp/m).
  13980324 sequences classified (98.03%)
  280871 sequences unclassified (1.97%)
ak2-sample	batch	2	name	2-SRR5935817	mode	parallel	s3client	sdk	rank	2	role	home	inflight	2	threads	16	start_s	154.541356	wall_s	15.139582	setup_s	0.000048	classify_s	14.694816	close_s	0.279850	report_s	0.156010	status	0	sequences	14261195	bases	2665696979	classified	13980324	place	lpt	weight	14261195
20086542 sequences (3689.65 Mbp) processed in 19.295s (62462.7 Kseq/m, 11473.61 Mbp/m).
  19142785 sequences classified (95.30%)
  943757 sequences unclassified (4.70%)
ak2-sample	batch	2	name	2-SRR5935798	mode	parallel	s3client	sdk	rank	2	role	home	inflight	2	threads	16	start_s	154.541369	wall_s	19.745891	setup_s	0.000040	classify_s	19.294610	close_s	0.226255	report_s	0.210130	status	0	sequences	20086542	bases	3689648337	classified	19142785	place	lpt	weight	20086542
12062510 sequences (2207.30 Mbp) processed in 11.581s (62493.1 Kseq/m, 11435.51 Mbp/m).
  10926608 sequences classified (90.58%)
  1135902 sequences unclassified (9.42%)
ak2-sample	batch	2	name	2-SRR5935820	mode	parallel	s3client	sdk	rank	2	role	home	inflight	2	threads	16	start_s	169.680962	wall_s	12.024308	setup_s	0.000063	classify_s	11.581284	close_s	0.248141	report_s	0.177076	status	0	sequences	12062510	bases	2207297835	classified	10926608	place	lpt	weight	12062510
10492437 sequences (1984.14 Mbp) processed in 10.569s (59563.2 Kseq/m, 11263.52 Mbp/m).
  9889429 sequences classified (94.25%)
  603008 sequences unclassified (5.75%)
ak2-sample	batch	2	name	2-SRR5935745	mode	parallel	s3client	sdk	rank	2	role	home	inflight	2	threads	16	start_s	174.287282	wall_s	10.998269	setup_s	0.000063	classify_s	10.569379	close_s	0.212354	report_s	0.204931	status	0	sequences	10492437	bases	1984140901	classified	9889429	place	lpt	weight	10492437
8326050 sequences (1540.09 Mbp) processed in 8.066s (61937.6 Kseq/m, 11456.76 Mbp/m).
  8094378 sequences classified (97.22%)
  231672 sequences unclassified (2.78%)
ak2-sample	batch	2	name	2-SRR5935828	mode	parallel	s3client	sdk	rank	2	role	home	inflight	2	threads	16	start_s	181.705299	wall_s	8.638944	setup_s	0.000061	classify_s	8.065589	close_s	0.420274	report_s	0.145445	status	0	sequences	8326050	bases	1540092338	classified	8094378	place	lpt	weight	8326050
5072545 sequences (950.40 Mbp) processed in 5.101s (59660.5 Kseq/m, 11178.09 Mbp/m).
  4982177 sequences classified (98.22%)
  90368 sequences unclassified (1.78%)
ak2-sample	batch	2	name	2-SRR5935814	mode	parallel	s3client	sdk	rank	2	role	home	inflight	2	threads	16	start_s	185.285578	wall_s	5.532794	setup_s	0.000065	classify_s	5.101411	close_s	0.270215	report_s	0.155327	status	0	sequences	5072545	bases	950400325	classified	4982177	place	lpt	weight	5072545
ak2-timing	batch-barrier-2	190.818393	4.528767	3	0	1.570945	0.177168
ak2-timing	barrier	202.060965	0.228771	0	0	0.007791	0.000509
ak2-sample	batch	3	name	3-SRR5935740	mode	striped	s3client	sdk	rank	2	role	peer	inflight	1	threads	16	start_s	196.301660	wall_s	5.988122	setup_s	0.000049	classify_s	5.755198	close_s	0.000000	report_s	0.000000	status	0	sequences	0	bases	0	classified	0	place	-	weight	-
ak2-timing	batch-barrier-3	202.289792	0.519365	0	0	0.005938	0.000388
ak2-timing	barrier	209.342833	0.019795	0	0	0.000097	0.000006
ak2-sample	batch	4	name	4-SRR5935740	mode	striped	s3client	sdk	rank	2	role	peer	inflight	1	threads	16	start_s	203.593258	wall_s	5.769413	setup_s	0.000045	classify_s	5.744690	close_s	0.000000	report_s	0.000000	status	0	sequences	0	bases	0	classified	0	place	-	weight	-
ak2-timing	batch-barrier-4	209.362681	0.516013	22	0	0.005307	0.000346
ak2-timing	barrier	216.439945	0.024958	0	0	0.000079	0.000005
ak2-sample	batch	5	name	5-SRR5935740	mode	striped	s3client	sdk	rank	2	role	peer	inflight	1	threads	16	start_s	210.686570	wall_s	5.778379	setup_s	0.000045	classify_s	5.748232	close_s	0.000000	report_s	0.000000	status	0	sequences	0	bases	0	classified	0	place	-	weight	-
ak2-timing	batch-barrier-5	216.464958	0.834802	208	0	0.006500	0.000000
ak2-timing	batch-barrier-6	217.299777	7.074490	267	0	0.708709	0.060197
ak2-timing	batch-barrier-7	224.374286	7.179334	287	0	0.675287	0.089373
ak2-timing	batch-barrier-8	231.553644	7.260235	496	0	0.710178	0.064284
ak2-engine	shard	0	n	16	lo	37159114742	hi	55738672114	tail	302	full	false	empty_at	18579557378	keys	8492407860	batches	89910	probe_s	200.424259	tail_probes	0	wrap_probes	0
ak2-engine	rendezvous	puts	13	gets	534
ak2-engine	s3	client	sdk	put	32	get	534	create_multipart	19	upload_part	2345	complete_multipart	19	abort_multipart	0	part_bytes	19562523091
ak2-engine	s3	client	cli	put	0	get	0	create_multipart	0	upload_part	0	complete_multipart	0	abort_multipart	0	part_bytes	0
ak2-engine	load	seconds	40.429061	requests	1126	retries	0	bytes	74318296296
ak2-engine	route	transport	nodes	calls	5966	keys	8986478366	batches	95456	route_s	102.749060	wait_s	364.308530	gather_s	19.750712
ak2-engine	worker	scan_s	774.892413	lookup_s	486.812263	classify_s	672.332156
ak2-timing	total	0.000001	238.940177	11816209	0	1720.245149	112.110693
