spawn: shell options for --command: $-=ehB
spawn: errexit is ON. set -uo pipefail does NOT clear it; use set +e to opt out.
spawn: [2026-10-08T00:51:45Z] wrapper start
spawn: [2026-10-08T00:51:45Z] stage-in start
spawn: [2026-10-08T00:51:45Z] stage-in done rc=0
spawn: [2026-10-08T00:51:45Z] command start
ak2-stub: inherited $-=hBc
ak2-stub: imds region=us-west-2 expected=us-west-2 payload bucket aws-kraken2-942542972736-us-west-2 region=us-west-2
ak2-stub: payload verified (sha256 c3fb02b9e42271a38d8f888cd4f29b7307d654fc7ac6a3b06b331fb89836d9b3); exec
ak2: log tee up
ak2-phase	2026-10-08T00:51:45Z	1791420705	preamble	no
ak2: [2026-10-08T00:51:45Z] inherited $-=hBc (stub, as spawn started it: $-=hBc)
ak2: [2026-10-08T00:51:45Z] after set +e $-=hBc
ak2: [2026-10-08T00:51:45Z] gate=g3 run=20261008-005107-72c3afe-1c63-n8-r0
ak2: [2026-10-08T00:51:45Z] aws shim installed and self-tested (/tmp/ak2-bin/aws -> /usr/bin/aws)
ak2: [2026-10-08T00:51:45Z] imds region=us-west-2 az=us-west-2a instance=i-07ec7591a22502023 type=x8g.4xlarge ami=ami-09325776a00699513
ak2: [2026-10-08T00:51:45Z] bucket aws-kraken2-942542972736-us-west-2 region=us-west-2
ak2: [2026-10-08T00:51:46Z] bucket aws-kraken2-942542972736-us-west-2 payer=UNKNOWN
ak2: [2026-10-08T00:51:46Z] WARN: could not read Payer of aws-kraken2-942542972736-us-west-2 from the instance (launch host verified it)
ak2: [2026-10-08T00:51:46Z] bucket kraken2-ncbi-refseq-complete-v205 region=us-west-2
ak2: [2026-10-08T00:51:47Z] bucket kraken2-ncbi-refseq-complete-v205 payer=BucketOwner
ak2: [2026-10-08T00:51:47Z] region assert passed
ak2: [2026-10-08T00:51:47Z] drop_caches_ok=true
ak2: [2026-10-08T00:51:47Z] preamble done; spec body starts
ak2-phase	2026-10-08T00:51:47Z	1791420707	body	no
ak2: [2026-10-08T00:51:47Z] cohort 20261008-005107-72c3afe-1c63-n8 rank 0 of 8, commit 72c3afe; RODA kraken2-ncbi-refseq-complete-v205/Kraken2_RefSeqCompleteV205; samples aws-kraken2-942542972736-us-west-2/aws-kraken2/data/cohort
ak2-phase	2026-10-08T00:51:47Z	1791420707	setup	no
ak2: [2026-10-08T00:52:20Z] built 72c3afe1c79f570e50b5d6dd7568e57134442eca; go version go1.27.1 linux/arm64; ip 172.31.21.144; nproc 16; mem_gib 247
ak2-phase	2026-10-08T00:52:20Z	1791420740	fetch	no
ak2: [2026-10-08T00:52:20Z] staged s3://kraken2-ncbi-refseq-complete-v205/Kraken2_RefSeqCompleteV205/opts.k2d -> /home/ec2-user/ak2/db/roda/opts.k2d (56 bytes)
ak2: [2026-10-08T00:52:22Z] staged s3://kraken2-ncbi-refseq-complete-v205/Kraken2_RefSeqCompleteV205/taxo.k2d -> /home/ec2-user/ak2/db/roda/taxo.k2d (179150665 bytes)
ak2: [2026-10-08T00:52:22Z] RODA hash.k2d etag=f80959f9556b50d76b3e744afdd3b22a-8860 size=1189091671800
ak2: [2026-10-08T00:52:24Z] staged s3://aws-kraken2-942542972736-us-west-2/aws-kraken2/data/cohort/SRR5935740_1.fastq.gz -> /home/ec2-user/ak2/cohort/SRR5935740_1.fastq.gz (495118282 bytes)
ak2: [2026-10-08T00:52:27Z] staged s3://aws-kraken2-942542972736-us-west-2/aws-kraken2/data/cohort/SRR5935740_2.fastq.gz -> /home/ec2-user/ak2/cohort/SRR5935740_2.fastq.gz (502062672 bytes)
ak2: [2026-10-08T00:52:30Z] staged s3://aws-kraken2-942542972736-us-west-2/aws-kraken2/data/cohort/SRR5935741_1.fastq.gz -> /home/ec2-user/ak2/cohort/SRR5935741_1.fastq.gz (837416271 bytes)
ak2: [2026-10-08T00:52:33Z] staged s3://aws-kraken2-942542972736-us-west-2/aws-kraken2/data/cohort/SRR5935741_2.fastq.gz -> /home/ec2-user/ak2/cohort/SRR5935741_2.fastq.gz (827325968 bytes)
ak2: [2026-10-08T00:52:36Z] staged s3://aws-kraken2-942542972736-us-west-2/aws-kraken2/data/cohort/SRR5935742_1.fastq.gz -> /home/ec2-user/ak2/cohort/SRR5935742_1.fastq.gz (575178581 bytes)
ak2: [2026-10-08T00:52:38Z] staged s3://aws-kraken2-942542972736-us-west-2/aws-kraken2/data/cohort/SRR5935742_2.fastq.gz -> /home/ec2-user/ak2/cohort/SRR5935742_2.fastq.gz (583688553 bytes)
ak2: [2026-10-08T00:52:40Z] staged s3://aws-kraken2-942542972736-us-west-2/aws-kraken2/data/cohort/SRR5935743_1.fastq.gz -> /home/ec2-user/ak2/cohort/SRR5935743_1.fastq.gz (8679627 bytes)
ak2: [2026-10-08T00:52:41Z] staged s3://aws-kraken2-942542972736-us-west-2/aws-kraken2/data/cohort/SRR5935743_2.fastq.gz -> /home/ec2-user/ak2/cohort/SRR5935743_2.fastq.gz (8611159 bytes)
ak2: [2026-10-08T00:52:43Z] staged s3://aws-kraken2-942542972736-us-west-2/aws-kraken2/data/cohort/SRR5935744_1.fastq.gz -> /home/ec2-user/ak2/cohort/SRR5935744_1.fastq.gz (745495793 bytes)
ak2: [2026-10-08T00:52:46Z] staged s3://aws-kraken2-942542972736-us-west-2/aws-kraken2/data/cohort/SRR5935744_2.fastq.gz -> /home/ec2-user/ak2/cohort/SRR5935744_2.fastq.gz (755587542 bytes)
ak2: [2026-10-08T00:52:49Z] staged s3://aws-kraken2-942542972736-us-west-2/aws-kraken2/data/cohort/SRR5935745_1.fastq.gz -> /home/ec2-user/ak2/cohort/SRR5935745_1.fastq.gz (520125014 bytes)
ak2: [2026-10-08T00:52:52Z] staged s3://aws-kraken2-942542972736-us-west-2/aws-kraken2/data/cohort/SRR5935745_2.fastq.gz -> /home/ec2-user/ak2/cohort/SRR5935745_2.fastq.gz (524678126 bytes)
ak2: [2026-10-08T00:52:54Z] staged s3://aws-kraken2-942542972736-us-west-2/aws-kraken2/data/cohort/SRR5935746_1.fastq.gz -> /home/ec2-user/ak2/cohort/SRR5935746_1.fastq.gz (524886352 bytes)
ak2: [2026-10-08T00:52:57Z] staged s3://aws-kraken2-942542972736-us-west-2/aws-kraken2/data/cohort/SRR5935746_2.fastq.gz -> /home/ec2-user/ak2/cohort/SRR5935746_2.fastq.gz (523074338 bytes)
ak2: [2026-10-08T00:52:58Z] staged s3://aws-kraken2-942542972736-us-west-2/aws-kraken2/data/cohort/SRR5935747_1.fastq.gz -> /home/ec2-user/ak2/cohort/SRR5935747_1.fastq.gz (145394201 bytes)
ak2: [2026-10-08T00:53:00Z] staged s3://aws-kraken2-942542972736-us-west-2/aws-kraken2/data/cohort/SRR5935747_2.fastq.gz -> /home/ec2-user/ak2/cohort/SRR5935747_2.fastq.gz (147979881 bytes)
ak2: [2026-10-08T00:53:02Z] staged s3://aws-kraken2-942542972736-us-west-2/aws-kraken2/data/cohort/SRR5935748_1.fastq.gz -> /home/ec2-user/ak2/cohort/SRR5935748_1.fastq.gz (558312578 bytes)
ak2: [2026-10-08T00:53:05Z] staged s3://aws-kraken2-942542972736-us-west-2/aws-kraken2/data/cohort/SRR5935748_2.fastq.gz -> /home/ec2-user/ak2/cohort/SRR5935748_2.fastq.gz (574516567 bytes)
ak2: [2026-10-08T00:53:09Z] staged s3://aws-kraken2-942542972736-us-west-2/aws-kraken2/data/cohort/SRR5935749_1.fastq.gz -> /home/ec2-user/ak2/cohort/SRR5935749_1.fastq.gz (897225885 bytes)
ak2: [2026-10-08T00:53:12Z] staged s3://aws-kraken2-942542972736-us-west-2/aws-kraken2/data/cohort/SRR5935749_2.fastq.gz -> /home/ec2-user/ak2/cohort/SRR5935749_2.fastq.gz (893278004 bytes)
ak2: [2026-10-08T00:53:13Z] cohort samples staged and verified: SRR5935740 SRR5935741 SRR5935742 SRR5935743 SRR5935744 SRR5935745 SRR5935746 SRR5935747 SRR5935748 SRR5935749
ak2-phase	2026-10-08T00:53:13Z	1791420793	inv-c1-striped-sdk	no
ak2: [2026-10-08T00:54:52Z] inv c1-striped-sdk rank 0 exit 0
[c1-striped-sdk stderr] Loading database information...ak2-timing	opts	0.000039	0.000027	4	0	0.000029	0.000000
[c1-striped-sdk stderr]  done.
ak2: [2026-10-08T00:54:52Z] pushed out/rank0/eng-c1-striped-sdk.stderr
ak2-phase	2026-10-08T00:54:52Z	1791420892	inv-c1-striped-cli	no
ak2: [2026-10-08T00:56:36Z] inv c1-striped-cli rank 0 exit 0
[c1-striped-cli stderr] Loading database information...ak2-timing	opts	0.000039	0.000026	4	0	0.000026	0.000000
[c1-striped-cli stderr]  done.
ak2: [2026-10-08T00:56:36Z] pushed out/rank0/eng-c1-striped-cli.stderr
ak2-phase	2026-10-08T00:56:36Z	1791420996	inv-c1-parallel-sdk	no
ak2: [2026-10-08T00:58:08Z] inv c1-parallel-sdk rank 0 exit 0
[c1-parallel-sdk stderr] Loading database information...ak2-timing	opts	0.000085	0.000010	2	0	0.000010	0.000000
[c1-parallel-sdk stderr]  done.
ak2: [2026-10-08T00:58:09Z] pushed out/rank0/eng-c1-parallel-sdk.stderr
ak2: [2026-10-08T00:58:09Z] pushed out/rank0/c10.tsv
ak2-phase	2026-10-08T00:58:09Z	1791421089	inv-c10	no
ak2: [2026-10-08T00:58:10Z] inv c10 rank 0 exit 64
[c10 stderr] aws-kraken2: AK2_COHORT: /home/ec2-user/ak2/c10.tsv:11: sample name "SRR5935740" (empty, with a space or /, or repeated)
ak2: [2026-10-08T00:58:10Z] pushed out/rank0/eng-c10.stderr
ak2: [2026-10-08T00:58:10Z] inv c10 FAILED on rank 0: stopping
ak2: [2026-10-08T00:58:10Z] rank 0 done (failed=1)
spawn: [2026-10-08T00:58:11Z] command exit rc=1
