spawn: shell options for --command: $-=ehB
spawn: errexit is ON. set -uo pipefail does NOT clear it; use set +e to opt out.
spawn: [2026-10-08T05:45:18Z] wrapper start
spawn: [2026-10-08T05:45:18Z] stage-in start
spawn: [2026-10-08T05:45:18Z] stage-in done rc=0
spawn: [2026-10-08T05:45:18Z] command start
ak2-stub: inherited $-=hBc
ak2-stub: imds region=us-west-2 expected=us-west-2 payload bucket aws-kraken2-942542972736-us-west-2 region=us-west-2
ak2-stub: payload verified (sha256 c2cc43bff2ac6f95de1c0e8a1482e008691c006392de997458b115c8472d1e86); exec
ak2: log tee up
ak2-phase	2026-10-08T05:45:19Z	1791438319	preamble	no
ak2: [2026-10-08T05:45:19Z] inherited $-=hBc (stub, as spawn started it: $-=hBc)
ak2: [2026-10-08T05:45:19Z] after set +e $-=hBc
ak2: [2026-10-08T05:45:19Z] gate=g3 run=20261008-054457-805d7a2-7357-n12-r1
ak2: [2026-10-08T05:45:19Z] aws shim installed and self-tested (/tmp/ak2-bin/aws -> /usr/bin/aws)
ak2: [2026-10-08T05:45:19Z] imds region=us-west-2 az=us-west-2a instance=i-0dd976f3315d13686 type=c8g.large ami=ami-09325776a00699513
ak2: [2026-10-08T05:45:19Z] bucket aws-kraken2-942542972736-us-west-2 region=us-west-2
ak2: [2026-10-08T05:45:19Z] bucket aws-kraken2-942542972736-us-west-2 payer=UNKNOWN
ak2: [2026-10-08T05:45:20Z] WARN: could not read Payer of aws-kraken2-942542972736-us-west-2 from the instance (launch host verified it)
ak2: [2026-10-08T05:45:20Z] region assert passed
ak2: [2026-10-08T05:45:20Z] drop_caches_ok=true
ak2: [2026-10-08T05:45:20Z] preamble done; spec body starts
ak2-phase	2026-10-08T05:45:20Z	1791438320	body	no
ak2-phase	2026-10-08T05:45:20Z	1791438320	setup	no
ak2: [2026-10-08T05:45:45Z] checkout 805d7a2; nproc 2; disk /dev/nvme0n1p1 40G 2.5G 38G 7% /; slice 1 of 12, ranks 11..1000
ak2-phase	2026-10-08T05:45:45Z	1791438345	stage	no
stage-cohort: shell flags huB (on instance: 1)
stage-cohort: ranks 11..1000, every 12th from offset 1; 6 files at once, 4 ranges each
stage-cohort: SRR5935775_1.fastq.gz present (md5 72d4133ada25deb7c6b545336fdd523e)
stage-cohort: SRR5935763_2.fastq.gz present (md5 8ed32b9983ce08671bf0681dc9d83866)
stage-cohort: SRR5935763_1.fastq.gz present (md5 84b96c0b4fa817dd32ba822c9d8f2b9d)
stage-cohort: SRR5935751_1.fastq.gz present (md5 7a41b3c4a92a0c364c89f986f44bdaf7)
stage-cohort: SRR5935751_2.fastq.gz present (md5 f656af54e39c78d27f5e1d03a9880309)
stage-cohort: SRR5935775_2.fastq.gz present (md5 ada8860368598603dd5e3ae2b19aa5f4)
stage-cohort: SRR5935787_1.fastq.gz present (md5 65b67a9c6c2e0d5f12c7da87298577bc)
stage-cohort: SRR5935787_2.fastq.gz present (md5 0180b2f954c2def8adc88198f9b31c54)
stage-cohort: SRR5935799_1.fastq.gz present (md5 5107ce6b50c7542537e7254169531dca)
stage-cohort: SRR5935811_1.fastq.gz present (md5 43eafe03b0fb14d61432d7b1de70f13a)
stage-cohort: SRR5935799_2.fastq.gz present (md5 86962405cefc9c3ffd86b2acfe51b579)
stage-cohort: SRR5935811_2.fastq.gz present (md5 b1d85e7400e255e1ad618c13da89ed7d)
stage-cohort: SRR5935823_1.fastq.gz present (md5 804ad04388fd7cfb0f1aba130f6cb21c)
stage-cohort: SRR5935835_1.fastq.gz present (md5 b230ff46978793806913dbd60f409437)
stage-cohort: SRR5935823_2.fastq.gz present (md5 62e1203134d1feadf76614b929c8f10a)
stage-cohort: SRR5935835_2.fastq.gz present (md5 cef5c9936c08439d9655020cd157c857)
stage-cohort: SRR5935847_1.fastq.gz present (md5 b968d77b18d88ce1fe57eff838bcc572)
stage-cohort: SRR5935847_2.fastq.gz present (md5 d2b0f60ab2fbac65c50b192012ecf9b2)
stage-cohort: SRR5935859_2.fastq.gz present (md5 d21a9aadc2508e8194bb61371e8a8312)
stage-cohort: SRR5935859_1.fastq.gz present (md5 5d2c6d3d1e0a867df4456fc4be3c90b3)
stage-cohort: SRR5935883_2.fastq.gz present (md5 cd35194bbb23370ea4b5c80f31348eeb)
stage-cohort: SRR5935871_1.fastq.gz present (md5 93fb3ad671dc855c19357baa0d55b364)
stage-cohort: SRR5935871_2.fastq.gz present (md5 f36340347389e7af5feccb3b504d4524)
stage-cohort: SRR5935883_1.fastq.gz present (md5 8327f8fade536128ea1283051f660cb0)
stage-cohort: SRR5935895_1.fastq.gz present (md5 536880ec6fcebb8a70e67f5ce5ef28a3)
stage-cohort: SRR5935907_1.fastq.gz present (md5 770755dab0cbd9097a04a2e135a700dc)
stage-cohort: SRR5935895_2.fastq.gz present (md5 09a33afb7dec6754cb3ee3f0ade7cb0f)
stage-cohort: SRR5935907_2.fastq.gz present (md5 200964f96da71bdfa47f177fb4d53c11)
stage-cohort: SRR5935919_1.fastq.gz present (md5 c772bf754ec209c8e7b6d86359d4cde5)
stage-cohort: SRR5935919_2.fastq.gz present (md5 a70ec9c9633469e1981b3c2668b27013)
stage-cohort: SRR5935931_1.fastq.gz present (md5 6e10f2f29501549c982d433ee7f02163)
stage-cohort: SRR5935931_2.fastq.gz present (md5 2e88342bb3d742244d142e113331b34e)
stage-cohort: SRR5935943_1.fastq.gz present (md5 9dc2249393087602d8b23b4fb4c35651)
stage-cohort: SRR5935943_2.fastq.gz present (md5 2449ff782f669d09226c4e343b81cab5)
stage-cohort: SRR5935955_1.fastq.gz present (md5 3e262f0a5356e539aa05892369c45acd)
stage-cohort: SRR5935955_2.fastq.gz present (md5 ba0427678d85e9853c73fdf91fe74582)
stage-cohort: SRR5935967_2.fastq.gz present (md5 1f39ba3be2ebf1d56eab27f312bfbce3)
stage-cohort: SRR5935967_1.fastq.gz present (md5 892474130a063557818d3b8daf1b182b)
stage-cohort: SRR5935979_1.fastq.gz present (md5 ef2ded5ae63b98baaee070e659de2bed)
stage-cohort: SRR5935979_2.fastq.gz present (md5 e0068bf9ca771e4655972459c59cfa66)
stage-cohort: SRR5935991_1.fastq.gz present (md5 d065abc4847468d304de2cf5a17d045a)
stage-cohort: SRR5935991_2.fastq.gz present (md5 43be4696d90de62751d9622bb7c8e14c)
stage-cohort: SRR5936015_1.fastq.gz present (md5 c4bb7573c981ac32473e150f5fbad80d)
stage-cohort: SRR5936003_1.fastq.gz present (md5 d5048d4b6d6faf73fb81533f9de5f8a2)
stage-cohort: SRR5936003_2.fastq.gz present (md5 ece53e4ddb1b116974bd01efaba94ab9)
stage-cohort: SRR5936027_1.fastq.gz present (md5 630c0bc83e65e2390207fee5f13b7494)
stage-cohort: SRR5936015_2.fastq.gz present (md5 bbef998b68f04b0b6500f6c0f02376fc)
stage-cohort: SRR5936039_1.fastq.gz present (md5 900e02bba56d3789183caf9985b2df89)
stage-cohort: SRR5936027_2.fastq.gz present (md5 0261138d71445ac08cabd008e9a06e61)
stage-cohort: SRR5936039_2.fastq.gz present (md5 ef0707c1eb29684ac9185d715c38e6c4)
stage-cohort: SRR5936051_1.fastq.gz present (md5 4101d7d952f1434de78e1f652282def7)
stage-cohort: SRR5936063_2.fastq.gz present (md5 ac99593dddc757b4e56f6db9a32e5839)
stage-cohort: SRR5936051_2.fastq.gz present (md5 252d449d51403181b4055be46a9f0c8d)
stage-cohort: SRR5936063_1.fastq.gz present (md5 9f56424eff8774667036f1d093fb4893)
stage-cohort: SRR5936075_1.fastq.gz present (md5 184ccfad29d3d89b86fb72d287665780)
stage-cohort: SRR5936075_2.fastq.gz present (md5 726808f74a1f8024f788b0f82eff5521)
stage-cohort: SRR5936087_1.fastq.gz present (md5 49882f10a89ee484a9141ea3673ab928)
stage-cohort: SRR5936099_1.fastq.gz present (md5 3109f1fd7d7b1b23d7268e0a11dbc36e)
stage-cohort: SRR5936087_2.fastq.gz present (md5 41ea499ec1cddaf07f518462b2b51a20)
stage-cohort: SRR5936099_2.fastq.gz present (md5 df4196a9906023094e8a3da8035302fb)
stage-cohort: SRR5936111_1.fastq.gz present (md5 dd619215bbc867d79d3b643bdb340fe7)
stage-cohort: SRR5936111_2.fastq.gz present (md5 17220a34eb4d7827072021f3c6f1a6ee)
stage-cohort: SRR5936123_1.fastq.gz present (md5 46cf703ef230eeae828eaa00b999dfe6)
stage-cohort: SRR5936135_1.fastq.gz present (md5 f6665264bdf2493c7ff69a6421411cf0)
stage-cohort: SRR5936123_2.fastq.gz present (md5 45a0dbc79b7f53e73e10a8a72facd748)
stage-cohort: SRR5936135_2.fastq.gz present (md5 1e26b1f8b9b8e99f8e0df8d71eb8d00a)
stage-cohort: SRR5936147_2.fastq.gz present (md5 e31ee15b70407ab101ac48728a8bb4d1)
stage-cohort: SRR5936147_1.fastq.gz present (md5 82ed8f29a3b5e79df88b4b05025b8fd9)
stage-cohort: SRR5936159_1.fastq.gz present (md5 f73b206770719900df3def079d2cea52)
stage-cohort: SRR5936171_1.fastq.gz present (md5 411de0e6e9b89a5b4a115b4945de3157)
stage-cohort: SRR5936159_2.fastq.gz present (md5 7718b6ca4b40c57235a0473bffa0277d)
stage-cohort: SRR5936171_2.fastq.gz present (md5 c04cf0c84a65b71aeea0284d40104485)
stage-cohort: SRR5936183_1.fastq.gz present (md5 cbaddfdf562f6c7b67489890be9d3ed9)
stage-cohort: SRR5936183_2.fastq.gz present (md5 364b15666b6d1fa2a64300defd07c306)
stage-cohort: SRR5936207_1.fastq.gz present (md5 f368487fd5a9bdcf92a59bd8ba8a81a9)
stage-cohort: SRR5936195_1.fastq.gz present (md5 aceeafdee638e5a46ea8b0167791d567)
stage-cohort: SRR5936195_2.fastq.gz present (md5 205b40e106c141f0b6b13f6ac8f125d3)
stage-cohort: SRR5936207_2.fastq.gz present (md5 831aba2d10d1d2d7eb6cb0f38fe6ddf9)
stage-cohort: SRR5936219_1.fastq.gz present (md5 ad3fe548dfd89cc15aa16842491c2d2a)
stage-cohort: SRR5936219_2.fastq.gz present (md5 a4d092644845ed2fd1dd6ba7b7fefa5d)
stage-cohort: SRR5936231_2.fastq.gz present (md5 22feb3ffa87a2c49ba0532e405b8d3d5)
stage-cohort: SRR5946608_1.fastq.gz present (md5 895c3a5961effb492cc3c6de9393027c)
stage-cohort: SRR5936231_1.fastq.gz present (md5 f375edbb288acd633b34074ae39cfa03)
stage-cohort: SRR5946608_2.fastq.gz present (md5 3a91f38f8f0860c5eeb253a1a31aadee)
stage-cohort: SRR5946620_2.fastq.gz present (md5 927d7dff8f3d4a25ccef335407d2c038)
stage-cohort: SRR5946620_1.fastq.gz present (md5 c5d3d3996eaeb74c179afb4c3633e83a)
stage-cohort: SRR5946632_1.fastq.gz present (md5 3b85bd10713654a078e3d1efaaebeb66)
stage-cohort: SRR5946644_1.fastq.gz present (md5 73b1ba8fca9905a47619110e4a53f90a)
stage-cohort: SRR5946632_2.fastq.gz present (md5 bacdc7b0144d1b5eab8384b18783b705)
stage-cohort: SRR5946644_2.fastq.gz present (md5 21bf745568fa68bae9fbb3e15657fff8)
stage-cohort: SRR5946656_2.fastq.gz present (md5 0bd13ab6cc450d9859cba0cd3bb2eb97)
stage-cohort: SRR5946656_1.fastq.gz present (md5 531f490145737c9aefa7ef832eb9dca3)
stage-cohort: SRR5946668_1.fastq.gz present (md5 3d2198ded5ff7695d4d0a77981347ede)
stage-cohort: SRR5946680_1.fastq.gz present (md5 3baadb25b2524f8eddf99c184d3392dd)
stage-cohort: SRR5946668_2.fastq.gz present (md5 784fa7828774d489787cc41eb8f35abb)
stage-cohort: SRR5946680_2.fastq.gz present (md5 833482ba3a38785f998c0da5cad3ff92)
stage-cohort: SRR5946692_1.fastq.gz present (md5 e3112af58944764fa06b163efc434324)
stage-cohort: SRR5946692_2.fastq.gz present (md5 0ad64a13005254afe57c576f2141cca2)
stage-cohort: SRR5946704_1.fastq.gz present (md5 f0b10fdfae5a4ab843b526e9f73fa4b4)
stage-cohort: SRR5946704_2.fastq.gz present (md5 f0f673d2ae6f44bf9082bf18e09913cf)
stage-cohort: SRR5946716_1.fastq.gz present (md5 462b082e60bdf40250d701b5885c7436)
stage-cohort: SRR5946716_2.fastq.gz present (md5 6768b40bedb7bb2670b8b77eabafdc85)
stage-cohort: SRR5946728_1.fastq.gz present (md5 f987b5d8ba5993a782a61ac1e840d80e)
stage-cohort: SRR5946728_2.fastq.gz present (md5 03ba01fa610204bc303440a00b07f5af)
stage-cohort: SRR5946740_1.fastq.gz present (md5 c18f741d7562265c13d1f4cb3ef7a60f)
stage-cohort: SRR5946740_2.fastq.gz present (md5 13df2493701af9fbb27923483ac39ed7)
stage-cohort: SRR5946752_1.fastq.gz present (md5 20faa6607e838a313633d41e6b75c9e8)
stage-cohort: SRR5946752_2.fastq.gz present (md5 4d33a539dc1feb1eb6a203be3bbf92f9)
stage-cohort: SRR5946764_1.fastq.gz present (md5 8ce9ded685b5228b079ec593fdff0cbf)
stage-cohort: SRR5946764_2.fastq.gz present (md5 fc79f1f201eacf299031e5a61e59813a)
stage-cohort: SRR5946776_1.fastq.gz present (md5 0eb5d275833532511a5c4d5361048896)
stage-cohort: SRR5946776_2.fastq.gz present (md5 ede84f73ce7ca8159a69eb538dc534d1)
stage-cohort: SRR5946788_1.fastq.gz present (md5 c484c9ac3198df5d232ac5c7fda32605)
stage-cohort: SRR5946788_2.fastq.gz present (md5 6e6b3006100ec62b478f8804474b2aeb)
stage-cohort: SRR5946800_1.fastq.gz present (md5 a65f113532bf4d65d916fb52a0e6ab22)
stage-cohort: SRR5946800_2.fastq.gz present (md5 ff3879af5a5ffb73ecbce87f0a104bb8)
stage-cohort: SRR5946824_1.fastq.gz present (md5 a7c99856eee3760024ee8f2867b623e5)
stage-cohort: SRR5946812_1.fastq.gz present (md5 604a9cafda97260d74cbe5c711a3bdc2)
stage-cohort: SRR5946812_2.fastq.gz present (md5 4c790e0c50f9f0f707f8813f6685178d)
stage-cohort: SRR5946824_2.fastq.gz present (md5 2410dc565c05d9ebccc2ba10c2d6c05e)
stage-cohort: SRR5946836_1.fastq.gz present (md5 99b38925bd0aad7bfde8d232eda8ee1d)
stage-cohort: SRR5946836_2.fastq.gz present (md5 c543bf1db48b3552459e39a2780ae9a8)
stage-cohort: SRR5946848_1.fastq.gz present (md5 611b161ec543935504de281653b80187)
stage-cohort: SRR5946860_1.fastq.gz present (md5 9f93c2796a931b7c0a0bba01b3d9e59c)
stage-cohort: SRR5946848_2.fastq.gz present (md5 8c562627fb2b54562c2c06d60690aedc)
stage-cohort: SRR5946860_2.fastq.gz present (md5 1eb9cd87a985158bfddc959ae0e1c5a7)
stage-cohort: SRR5946872_1.fastq.gz present (md5 ad69e6a1ca2ff8cd4c2276425580af70)
stage-cohort: SRR5946872_2.fastq.gz present (md5 7ca2681210728d8ad89815bf37cc62c7)
stage-cohort: SRR5946884_1.fastq.gz present (md5 4a30414f8b76288c8382eab4d2719d83)
stage-cohort: SRR5946884_2.fastq.gz present (md5 5abff16d6f0c6d68d607e758ecaea4b8)
stage-cohort: SRR5946896_2.fastq.gz present (md5 ca3d30819c9852fbcf5f1590f22d4bbe)
stage-cohort: SRR5946896_1.fastq.gz present (md5 1fc793a0f9334947d2aaef4008215cfd)
stage-cohort: SRR5946908_1.fastq.gz present (md5 840a172591b924622429e1774a868be8)
stage-cohort: SRR5946908_2.fastq.gz present (md5 4ecd2ef7cc1ff816efda3236aa264d87)
stage-cohort: SRR5946920_2.fastq.gz present (md5 d30f38c1b2fcc4da73501be6baf404e4)
stage-cohort: SRR5946920_1.fastq.gz present (md5 675502327431b603a027879a3a55bedb)
stage-cohort: SRR5946932_1.fastq.gz present (md5 dad45e788957b21594db352cbfcab97b)
stage-cohort: SRR5946932_2.fastq.gz present (md5 d11a86e2f29e254044fd9630f1be39c6)
stage-cohort: SRR5946944_1.fastq.gz present (md5 6d0f60b25147b6d2ff57f4dfc44435a7)
stage-cohort: SRR5946944_2.fastq.gz present (md5 621b60013a1b9af6b4a660f03a5c1b95)
stage-cohort: SRR5946956_2.fastq.gz present (md5 626bdc5b17ee27d701a716fb14113f28)
stage-cohort: SRR5946956_1.fastq.gz present (md5 cd40ce205ed2a211cf87b1707ad34eb1)
stage-cohort: SRR5946968_2.fastq.gz present (md5 5a37697d8e6a07c31d8400784e282563)
stage-cohort: SRR5946968_1.fastq.gz present (md5 9274ba43320fd6c21bf2d9e9dbd302ca)
stage-cohort: SRR5946980_2.fastq.gz present (md5 f345d02b2023e0bf6269cecc9b08a557)
stage-cohort: SRR5946980_1.fastq.gz present (md5 b55cc5b65866a96b2830944ad2df93bf)
stage-cohort: SRR5946992_1.fastq.gz present (md5 8dbc3e7b7cfb38fedfee5156a93e2746)
stage-cohort: SRR5946992_2.fastq.gz present (md5 ef9e1b132b8577ba02424b9121aeb4f0)
stage-cohort: SRR5947004_2.fastq.gz present (md5 e90565a4dabe17c2e8aa140733beda4b)
stage-cohort: SRR5947004_1.fastq.gz present (md5 5ad08bc270c5cfdf61b05d514a9d0f7d)
stage-cohort: SRR5947016_2.fastq.gz present (md5 ea29c6c50104b7e649ff043344b80b74)
stage-cohort: SRR5947016_1.fastq.gz present (md5 2f78a08a152e6d7520aad90e7f78f8b0)
stage-cohort: SRR5947028_2.fastq.gz present (md5 fda3d31afb4e28c1174b312f24ef283f)
stage-cohort: SRR5947028_1.fastq.gz present (md5 2acafa3a7021a6b23c45ddb26030dd1d)
stage-cohort: SRR5947040_1.fastq.gz present (md5 2e94d5f776922c5e19f3dde71bfa59ae)
stage-cohort: SRR5947040_2.fastq.gz present (md5 ba1835b5cfb82c8c9d10fa2704962769)
stage-cohort: SRR5947052_1.fastq.gz present (md5 cb3eb346c7c5e703617ab231d9fa3d2f)
stage-cohort: SRR5947052_2.fastq.gz present (md5 620f916015bb940c0d45014c13232668)
stage-cohort: SRR5947064_1.fastq.gz present (md5 d389689380964442de5ed34948671ff8)
stage-cohort: SRR5947076_2.fastq.gz present (md5 c54db87a4fd8bd519e97332256de90b8)
stage-cohort: SRR5947064_2.fastq.gz present (md5 06d79d7fcf243b024698fda673a68fc1)
stage-cohort: SRR5947076_1.fastq.gz present (md5 ed973b00a886ebea7f149bb381a22827)
stage-cohort: SRR5947088_1.fastq.gz present (md5 c47c3378c9c1afe3c5f4d2751de811a5)
stage-cohort: SRR5947088_2.fastq.gz present (md5 0ff1fe76a4e018c830c007de832ba559)
stage-cohort: SRR5947100_1.fastq.gz staged (726279467 bytes, md5 7603b89354495132251f7779b68575c3, sha256 90b17ed7f437f2bc370956354c592723c44b50f48b38c22e2484bd2a7e30a8f1) at 2026-10-08T05:49:03Z
stage-cohort: SRR5947100_2.fastq.gz staged (718161728 bytes, md5 a4d8076f52d52df88e7bae5cbf5cdd0a, sha256 1c009ad5c769f05ae75d80c4652865a63632430d0ec065800aa491e6fd02073b) at 2026-10-08T05:49:58Z
s3://aws-kraken2-942542972736-us-west-2/aws-kraken2/data/cohort/
ak2: [2026-10-08T05:49:59Z] stage-cohort: 2 files fetched and staged, 164 present
ak2-phase	2026-10-08T05:49:59Z	1791438599	push	no
ak2: [2026-10-08T05:49:59Z] pushed out/stage.log
ak2: [2026-10-08T05:49:59Z] pushed out/staged.tsv
ak2: [2026-10-08T05:49:59Z] stage-cohort rc=0
spawn: [2026-10-08T05:50:00Z] command exit rc=0
