Loading database information...ak2-timing	opts	0.000451	0.000011	2	0	0.000011	0.000000
ak2-timing	taxo	0.000469	0.117145	87890	0	0.038129	0.094165
ak2-timing	shard-load-1	0.233284	82.816914	78236	0	119.413936	145.408240
ak2-timing	rendezvous	83.562217	4.953049	312	0	0.003737	0.004552
ak2-timing	connect	88.515279	0.003362	0	0	0.000209	0.000254
ak2-timing	hash	0.117642	88.401010	80737	0	119.430222	145.415970
 done.
16518263 sequences (3051.28 Mbp) processed in 9.899s (100119.1 Kseq/m, 18494.19 Mbp/m).
  16141470 sequences classified (97.72%)
  376793 sequences unclassified (2.28%)
ak2-sample	batch	0	name	0-SRR5935741	mode	parallel	s3client	sdk	rank	1	role	home	inflight	1	threads	16	start_s	88.518664	wall_s	10.362356	setup_s	0.000084	classify_s	9.899171	close_s	0.288129	report_s	0.165990	status	0	sequences	16518263	bases	3051284850	classified	16141470
18879904 sequences (3539.14 Mbp) processed in 10.307s (109906.7 Kseq/m, 20602.58 Mbp/m).
  18627146 sequences classified (98.66%)
  252758 sequences unclassified (1.34%)
ak2-sample	batch	0	name	0-SRR5935749	mode	parallel	s3client	sdk	rank	1	role	home	inflight	1	threads	16	start_s	98.881046	wall_s	10.687591	setup_s	0.000053	classify_s	10.306871	close_s	0.228859	report_s	0.144662	status	0	sequences	18879904	bases	3539135454	classified	18627146
ak2-timing	batch-barrier-0	109.568655	0.244297	0	0	0.003782	0.000000
16518263 sequences (3051.28 Mbp) processed in 15.965s (62079.2 Kseq/m, 11467.39 Mbp/m).
  16141470 sequences classified (97.72%)
  376793 sequences unclassified (2.28%)
ak2-sample	batch	1	name	1-SRR5935741	mode	parallel	s3client	sdk	rank	1	role	home	inflight	2	threads	16	start_s	109.812977	wall_s	16.406854	setup_s	0.000042	classify_s	15.965017	close_s	0.249544	report_s	0.182839	status	0	sequences	16518263	bases	3051284850	classified	16141470
18879904 sequences (3539.14 Mbp) processed in 17.152s (66044.3 Kseq/m, 12380.34 Mbp/m).
  18627146 sequences classified (98.66%)
  252758 sequences unclassified (1.34%)
ak2-sample	batch	1	name	1-SRR5935749	mode	parallel	s3client	sdk	rank	1	role	home	inflight	2	threads	16	start_s	109.812974	wall_s	17.595217	setup_s	0.000045	classify_s	17.152043	close_s	0.267867	report_s	0.167668	status	0	sequences	18879904	bases	3539135454	classified	18627146
ak2-timing	batch-barrier-1	127.408207	0.244004	2	0	0.004001	0.000000
16518263 sequences (3051.28 Mbp) processed in 15.826s (62626.1 Kseq/m, 11568.42 Mbp/m).
  16141470 sequences classified (97.72%)
  376793 sequences unclassified (2.28%)
ak2-sample	batch	2	name	2-SRR5935741	mode	parallel	s3client	sdk	rank	1	role	home	inflight	2	threads	8	start_s	127.652237	wall_s	16.178915	setup_s	0.000041	classify_s	15.825594	close_s	0.195916	report_s	0.150310	status	0	sequences	16518263	bases	3051284850	classified	16141470
18879904 sequences (3539.14 Mbp) processed in 17.272s (65586.4 Kseq/m, 12294.52 Mbp/m).
  18627146 sequences classified (98.66%)
  252758 sequences unclassified (1.34%)
ak2-sample	batch	2	name	2-SRR5935749	mode	parallel	s3client	sdk	rank	1	role	home	inflight	2	threads	8	start_s	127.652233	wall_s	17.674917	setup_s	0.000042	classify_s	17.271777	close_s	0.249364	report_s	0.148354	status	0	sequences	18879904	bases	3539135454	classified	18627146
ak2-timing	batch-barrier-2	145.327166	0.253035	1	0	0.003935	0.000000
16518263 sequences (3051.28 Mbp) processed in 20.965s (47274.5 Kseq/m, 8732.63 Mbp/m).
  16141470 sequences classified (97.72%)
  376793 sequences unclassified (2.28%)
ak2-sample	batch	3	name	3-SRR5935741	mode	parallel	s3client	cli	rank	1	role	home	inflight	1	threads	16	start_s	145.580223	wall_s	22.514224	setup_s	0.000045	classify_s	20.964722	close_s	1.053055	report_s	0.487316	status	0	sequences	16518263	bases	3051284850	classified	16141470
18879904 sequences (3539.14 Mbp) processed in 23.010s (49231.2 Kseq/m, 9228.65 Mbp/m).
  18627146 sequences classified (98.66%)
  252758 sequences unclassified (1.34%)
ak2-sample	batch	3	name	3-SRR5935749	mode	parallel	s3client	cli	rank	1	role	home	inflight	1	threads	16	start_s	168.094475	wall_s	24.586943	setup_s	0.000040	classify_s	23.009671	close_s	1.004125	report_s	0.565808	status	0	sequences	18879904	bases	3539135454	classified	18627146
ak2-timing	batch-barrier-3	192.681439	0.244370	2	0	0.004427	0.000000
ak2-timing	barrier	199.526282	0.045669	0	0	0.000085	0.000013
ak2-sample	batch	4	name	4-SRR5935740	mode	striped	s3client	sdk	rank	1	role	peer	inflight	1	threads	16	start_s	193.801103	wall_s	5.770897	setup_s	0.000048	classify_s	5.719372	close_s	0.000000	report_s	0.000000	status	0	sequences	0	bases	0	classified	0
ak2-timing	barrier	209.724158	0.138483	0	0	0.015209	0.000764
ak2-sample	batch	4	name	4-SRR5935741	mode	striped	s3client	sdk	rank	1	role	peer	inflight	1	threads	16	start_s	200.338907	wall_s	9.523786	setup_s	0.000053	classify_s	9.381481	close_s	0.000000	report_s	0.000000	status	0	sequences	0	bases	0	classified	0
ak2-timing	barrier	217.218096	0.375850	0	0	0.047647	0.000000
ak2-sample	batch	4	name	4-SRR5935742	mode	striped	s3client	sdk	rank	1	role	peer	inflight	1	threads	16	start_s	210.688702	wall_s	6.905299	setup_s	0.000058	classify_s	6.525355	close_s	0.000000	report_s	0.000000	status	0	sequences	0	bases	0	classified	0
ak2-timing	barrier	218.624423	0.052902	0	0	0.000088	0.000013
ak2-sample	batch	4	name	4-SRR5935743	mode	striped	s3client	sdk	rank	1	role	peer	inflight	1	threads	16	start_s	218.273131	wall_s	0.404235	setup_s	0.000051	classify_s	0.350914	close_s	0.000000	report_s	0.000000	status	0	sequences	0	bases	0	classified	0
ak2-timing	barrier	228.342647	0.035070	0	0	0.000070	0.000011
ak2-sample	batch	4	name	4-SRR5935744	mode	striped	s3client	sdk	rank	1	role	peer	inflight	1	threads	16	start_s	219.796566	wall_s	8.581199	setup_s	0.000053	classify_s	8.542258	close_s	0.000000	report_s	0.000000	status	0	sequences	0	bases	0	classified	0
ak2-timing	barrier	234.866065	0.108012	0	0	0.000000	0.005686
ak2-sample	batch	4	name	4-SRR5935745	mode	striped	s3client	sdk	rank	1	role	peer	inflight	1	threads	16	start_s	228.961304	wall_s	6.012819	setup_s	0.000065	classify_s	5.900127	close_s	0.000000	report_s	0.000000	status	0	sequences	0	bases	0	classified	0
ak2-timing	barrier	241.683033	0.018129	0	0	0.000070	0.000010
ak2-sample	batch	4	name	4-SRR5935746	mode	striped	s3client	sdk	rank	1	role	peer	inflight	1	threads	16	start_s	235.675279	wall_s	6.025927	setup_s	0.000057	classify_s	6.004931	close_s	0.000000	report_s	0.000000	status	0	sequences	0	bases	0	classified	0
ak2-timing	barrier	244.521792	0.133980	0	0	0.016375	0.000880
ak2-sample	batch	4	name	4-SRR5935747	mode	striped	s3client	sdk	rank	1	role	peer	inflight	1	threads	16	start_s	242.739384	wall_s	1.916442	setup_s	0.000050	classify_s	1.780305	close_s	0.000000	report_s	0.000000	status	0	sequences	0	bases	0	classified	0
ak2-timing	barrier	251.926332	0.099657	0	0	0.004841	0.000678
ak2-sample	batch	4	name	4-SRR5935748	mode	striped	s3client	sdk	rank	1	role	peer	inflight	1	threads	16	start_s	245.463981	wall_s	6.562059	setup_s	0.000063	classify_s	6.456855	close_s	0.000000	report_s	0.000000	status	0	sequences	0	bases	0	classified	0
ak2-timing	barrier	262.800112	0.048458	0	0	0.000119	0.000016
ak2-sample	batch	4	name	4-SRR5935749	mode	striped	s3client	sdk	rank	1	role	peer	inflight	1	threads	16	start_s	252.691946	wall_s	10.156673	setup_s	0.000072	classify_s	10.105433	close_s	0.000000	report_s	0.000000	status	0	sequences	0	bases	0	classified	0
ak2-timing	batch-barrier-4	262.848628	1.074856	0	0	0.006016	0.000823
ak2-engine	shard	0	n	8	lo	37159114742	hi	74318229485	tail	302	full	false	empty_at	37159114742	keys	2747907170	batches	14540	probe_s	71.592961	tail_probes	0	wrap_probes	0
ak2-engine	rendezvous	puts	16	gets	183
ak2-engine	s3	client	sdk	put	22	get	183	create_multipart	6	upload_part	1056	complete_multipart	6	abort_multipart	0	part_bytes	8840847018
ak2-engine	s3	client	cli	put	2	get	0	create_multipart	2	upload_part	352	complete_multipart	2	abort_multipart	0	part_bytes	2946949006
ak2-engine	load	seconds	82.816910	requests	2233	retries	0	bytes	148636525780
ak2-engine	route	transport	nodes	calls	4105	keys	6213454780	batches	32840	route_s	57.130801	wait_s	108.551392	gather_s	12.751225
ak2-engine	worker	scan_s	429.811339	lookup_s	178.436361	classify_s	386.468274
ak2-timing	total	0.000001	264.204671	9619895	0	1316.471265	180.411664
