Loading database information...ak2-timing	opts	0.003023	0.000017	0	0	0.000018	0.000000
ak2-timing	taxo	0.003050	0.116077	87888	0	0.034075	0.085327
ak2-timing	shard-load-0	0.209522	218.723366	298553	0	323.305153	334.938201
ak2-timing	rendezvous	220.430128	0.097908	33	0	0.001538	0.001593
ak2-timing	connect	220.528052	0.000286	0	0	0.000063	0.000065
ak2-timing	hash	0.119230	220.409121	300410	0	323.319289	334.942345
 done.
16351397 sequences (3065.56 Mbp) processed in 19.020s (51581.2 Kseq/m, 9670.44 Mbp/m).
  16166849 sequences classified (98.87%)
  184548 sequences unclassified (1.13%)
16708997 sequences (3043.02 Mbp) processed in 19.142s (52373.2 Kseq/m, 9538.15 Mbp/m).
  15000245 sequences classified (89.77%)
  1708752 sequences unclassified (10.23%)
ak2-sample	batch	0	name	0-SRR5935787	mode	parallel	s3client	sdk	rank	0	role	home	inflight	6	threads	16	start_s	220.528381	wall_s	19.563414	setup_s	0.000039	classify_s	19.020171	close_s	0.216040	report_s	0.317809	status	0	sequences	16351397	bases	3065557655	classified	16166849	place	lpt	weight	16351397
ak2-sample	batch	0	name	0-SRR5935807	mode	parallel	s3client	sdk	rank	0	role	home	inflight	6	threads	16	start_s	220.528394	wall_s	19.878453	setup_s	0.000033	classify_s	19.142221	close_s	0.360357	report_s	0.349187	status	0	sequences	16708997	bases	3043023590	classified	15000245	place	lpt	weight	16708997
18129553 sequences (3409.03 Mbp) processed in 20.608s (52784.6 Kseq/m, 9925.46 Mbp/m).
  17831449 sequences classified (98.36%)
  298104 sequences unclassified (1.64%)
ak2-sample	batch	0	name	0-SRR5935762	mode	parallel	s3client	sdk	rank	0	role	home	inflight	6	threads	16	start_s	220.528387	wall_s	21.113318	setup_s	0.000034	classify_s	20.607771	close_s	0.273121	report_s	0.220236	status	0	sequences	18129553	bases	3409028279	classified	17831449	place	lpt	weight	18129553
18879904 sequences (3539.14 Mbp) processed in 20.924s (54139.5 Kseq/m, 10148.72 Mbp/m).
  18627146 sequences classified (98.66%)
  252758 sequences unclassified (1.34%)
18645445 sequences (3449.57 Mbp) processed in 20.753s (53907.0 Kseq/m, 9973.27 Mbp/m).
  18393099 sequences classified (98.65%)
  252346 sequences unclassified (1.35%)
ak2-sample	batch	0	name	0-SRR5935749	mode	parallel	s3client	sdk	rank	0	role	home	inflight	6	threads	16	start_s	220.528382	wall_s	21.610006	setup_s	0.000039	classify_s	20.923638	close_s	0.261170	report_s	0.404619	status	0	sequences	18879904	bases	3539135454	classified	18627146	place	lpt	weight	18879904
ak2-sample	batch	0	name	0-SRR5935751	mode	parallel	s3client	sdk	rank	0	role	home	inflight	6	threads	16	start_s	220.528412	wall_s	21.964243	setup_s	0.000050	classify_s	20.752905	close_s	0.719508	report_s	0.480440	status	0	sequences	18645445	bases	3449573600	classified	18393099	place	lpt	weight	18645445
20770968 sequences (3886.70 Mbp) processed in 22.629s (55072.6 Kseq/m, 10305.27 Mbp/m).
  20594735 sequences classified (99.15%)
  176233 sequences unclassified (0.85%)
ak2-sample	batch	0	name	0-SRR5935823	mode	parallel	s3client	sdk	rank	0	role	home	inflight	6	threads	16	start_s	220.528403	wall_s	23.611519	setup_s	0.000039	classify_s	22.629366	close_s	0.320434	report_s	0.652923	status	0	sequences	20770968	bases	3886695944	classified	20594735	place	lpt	weight	20770968
16260968 sequences (3012.84 Mbp) processed in 17.481s (55812.5 Kseq/m, 10340.96 Mbp/m).
  15948766 sequences classified (98.08%)
  312202 sequences unclassified (1.92%)
ak2-sample	batch	0	name	0-SRR5935827	mode	parallel	s3client	sdk	rank	0	role	home	inflight	6	threads	16	start_s	240.091882	wall_s	18.116019	setup_s	0.000074	classify_s	17.480991	close_s	0.311781	report_s	0.311291	status	0	sequences	16260968	bases	3012837135	classified	15948766	place	lpt	weight	16260968
16053448 sequences (2993.47 Mbp) processed in 17.585s (54773.4 Kseq/m, 10213.54 Mbp/m).
  15204484 sequences classified (94.71%)
  848964 sequences unclassified (5.29%)
ak2-sample	batch	0	name	0-SRR5935756	mode	parallel	s3client	sdk	rank	0	role	home	inflight	6	threads	16	start_s	240.406942	wall_s	18.092344	setup_s	0.000094	classify_s	17.585292	close_s	0.268184	report_s	0.216404	status	0	sequences	16053448	bases	2993468449	classified	15204484	place	lpt	weight	16053448
15746753 sequences (2888.34 Mbp) processed in 16.734s (56461.3 Kseq/m, 10356.38 Mbp/m).
  14105631 sequences classified (89.58%)
  1641122 sequences unclassified (10.42%)
ak2-sample	batch	0	name	0-SRR5935768	mode	parallel	s3client	sdk	rank	0	role	home	inflight	6	threads	16	start_s	241.641748	wall_s	17.355349	setup_s	0.000062	classify_s	16.733664	close_s	0.301840	report_s	0.300317	status	0	sequences	15746753	bases	2888337209	classified	14105631	place	lpt	weight	15746753
15312868 sequences (2847.18 Mbp) processed in 16.694s (55036.7 Kseq/m, 10233.17 Mbp/m).
  13152387 sequences classified (85.89%)
  2160481 sequences unclassified (14.11%)
ak2-sample	batch	0	name	0-SRR5935759	mode	parallel	s3client	sdk	rank	0	role	home	inflight	6	threads	16	start_s	242.138419	wall_s	17.189953	setup_s	0.000069	classify_s	16.693807	close_s	0.275602	report_s	0.202292	status	0	sequences	15312868	bases	2847175138	classified	13152387	place	lpt	weight	15312868
15271512 sequences (2845.36 Mbp) processed in 16.603s (55189.5 Kseq/m, 10282.81 Mbp/m).
  14502211 sequences classified (94.96%)
  769301 sequences unclassified (5.04%)
14959235 sequences (2745.67 Mbp) processed in 15.644s (57373.4 Kseq/m, 10530.50 Mbp/m).
  13888405 sequences classified (92.84%)
  1070830 sequences unclassified (7.16%)
ak2-sample	batch	0	name	0-SRR5935772	mode	parallel	s3client	sdk	rank	0	role	home	inflight	6	threads	16	start_s	242.493234	wall_s	17.674989	setup_s	0.000090	classify_s	16.602618	close_s	0.651206	report_s	0.403757	status	0	sequences	15271512	bases	2845360298	classified	14502211	place	lpt	weight	15271512
ak2-sample	batch	0	name	0-SRR5935796	mode	parallel	s3client	sdk	rank	0	role	home	inflight	6	threads	16	start_s	244.140020	wall_s	16.487289	setup_s	0.000095	classify_s	15.644083	close_s	0.290433	report_s	0.470329	status	0	sequences	14959235	bases	2745665723	classified	13888405	place	lpt	weight	14959235
14615323 sequences (2691.06 Mbp) processed in 15.547s (56405.5 Kseq/m, 10385.73 Mbp/m).
  14358414 sequences classified (98.24%)
  256909 sequences unclassified (1.76%)
ak2-sample	batch	0	name	0-SRR5935838	mode	parallel	s3client	sdk	rank	0	role	home	inflight	6	threads	16	start_s	258.207982	wall_s	16.059995	setup_s	0.000099	classify_s	15.546693	close_s	0.257671	report_s	0.240892	status	0	sequences	14615323	bases	2691062094	classified	14358414	place	lpt	weight	14615323
14472574 sequences (2738.53 Mbp) processed in 15.729s (55208.5 Kseq/m, 10446.66 Mbp/m).
  14022498 sequences classified (96.89%)
  450076 sequences unclassified (3.11%)
14164085 sequences (2640.40 Mbp) processed in 15.085s (56336.6 Kseq/m, 10501.98 Mbp/m).
  13689575 sequences classified (96.65%)
  474510 sequences unclassified (3.35%)
ak2-sample	batch	0	name	0-SRR5935806	mode	parallel	s3client	sdk	rank	0	role	home	inflight	6	threads	16	start_s	258.499317	wall_s	16.164874	setup_s	0.000174	classify_s	15.728646	close_s	0.216505	report_s	0.208971	status	0	sequences	14472574	bases	2738529910	classified	14022498	place	lpt	weight	14472574
14261195 sequences (2665.70 Mbp) processed in 15.469s (55314.1 Kseq/m, 10339.30 Mbp/m).
  13980324 sequences classified (98.03%)
  280871 sequences unclassified (1.97%)
ak2-sample	batch	0	name	0-SRR5935753	mode	parallel	s3client	sdk	rank	0	role	home	inflight	6	threads	16	start_s	259.328411	wall_s	15.521346	setup_s	0.000078	classify_s	15.085146	close_s	0.222180	report_s	0.201312	status	0	sequences	14164085	bases	2640398097	classified	13689575	place	lpt	weight	14164085
ak2-sample	batch	0	name	0-SRR5935817	mode	parallel	s3client	sdk	rank	0	role	home	inflight	6	threads	16	start_s	258.997202	wall_s	15.899063	setup_s	0.000092	classify_s	15.469316	close_s	0.240268	report_s	0.173625	status	0	sequences	14261195	bases	2665696979	classified	13980324	place	lpt	weight	14261195
13365245 sequences (2460.33 Mbp) processed in 14.249s (56279.2 Kseq/m, 10360.09 Mbp/m).
  13192260 sequences classified (98.71%)
  172985 sequences unclassified (1.29%)
ak2-sample	batch	0	name	0-SRR5935822	mode	parallel	s3client	sdk	rank	0	role	home	inflight	6	threads	16	start_s	260.637105	wall_s	14.886136	setup_s	0.000060	classify_s	14.248873	close_s	0.281751	report_s	0.344071	status	0	sequences	13365245	bases	2460327516	classified	13192260	place	lpt	weight	13365245
14120624 sequences (2649.39 Mbp) processed in 15.259s (55525.6 Kseq/m, 10418.03 Mbp/m).
  13394795 sequences classified (94.86%)
  725829 sequences unclassified (5.14%)
ak2-sample	batch	0	name	0-SRR5935766	mode	parallel	s3client	sdk	rank	0	role	home	inflight	6	threads	16	start_s	260.168270	wall_s	16.210873	setup_s	0.000096	classify_s	15.258514	close_s	0.374450	report_s	0.463392	status	0	sequences	14120624	bases	2649393059	classified	13394795	place	lpt	weight	14120624
12252617 sequences (2212.67 Mbp) processed in 14.042s (52353.3 Kseq/m, 9454.37 Mbp/m).
  10208851 sequences classified (83.32%)
  2043766 sequences unclassified (16.68%)
ak2-sample	batch	0	name	0-SRR5935774	mode	parallel	s3client	sdk	rank	0	role	home	inflight	6	threads	16	start_s	274.896303	wall_s	14.478529	setup_s	0.000079	classify_s	14.042241	close_s	0.209171	report_s	0.197003	status	0	sequences	12252617	bases	2212674525	classified	10208851	place	lpt	weight	12252617
13162386 sequences (2465.10 Mbp) processed in 14.909s (52972.6 Kseq/m, 9920.88 Mbp/m).
  12297712 sequences classified (93.43%)
  864674 sequences unclassified (6.57%)
12793053 sequences (2357.69 Mbp) processed in 14.511s (52897.7 Kseq/m, 9748.75 Mbp/m).
  12609886 sequences classified (98.57%)
  183167 sequences unclassified (1.43%)
12711109 sequences (2382.42 Mbp) processed in 14.508s (52570.0 Kseq/m, 9853.09 Mbp/m).
  11452616 sequences classified (90.10%)
  1258493 sequences unclassified (9.90%)
ak2-sample	batch	0	name	0-SRR5935801	mode	parallel	s3client	sdk	rank	0	role	home	inflight	6	threads	16	start_s	274.268094	wall_s	15.546042	setup_s	0.000069	classify_s	14.908535	close_s	0.391291	report_s	0.229662	status	0	sequences	13162386	bases	2465096767	classified	12297712	place	lpt	weight	13162386
11859598 sequences (2188.90 Mbp) processed in 13.224s (53810.9 Kseq/m, 9931.78 Mbp/m).
  10951240 sequences classified (92.34%)
  908358 sequences unclassified (7.66%)
ak2-sample	batch	0	name	0-SRR5935831	mode	parallel	s3client	sdk	rank	0	role	home	inflight	6	threads	16	start_s	274.664224	wall_s	15.210845	setup_s	0.000089	classify_s	14.510698	close_s	0.527166	report_s	0.165385	status	0	sequences	12793053	bases	2357685670	classified	12609886	place	lpt	weight	12793053
12244248 sequences (2292.24 Mbp) processed in 14.074s (52199.5 Kseq/m, 9772.24 Mbp/m).
  11933067 sequences classified (97.46%)
  311181 sequences unclassified (2.54%)
ak2-sample	batch	0	name	0-SRR5935833	mode	parallel	s3client	sdk	rank	0	role	home	inflight	6	threads	16	start_s	274.849833	wall_s	15.076004	setup_s	0.000069	classify_s	14.507648	close_s	0.374430	report_s	0.171838	status	0	sequences	12711109	bases	2382418955	classified	11452616	place	lpt	weight	12711109
ak2-sample	batch	0	name	0-SRR5935748	mode	parallel	s3client	sdk	rank	0	role	home	inflight	6	threads	16	start_s	276.379170	wall_s	13.622285	setup_s	0.000065	classify_s	13.223633	close_s	0.211108	report_s	0.166638	status	0	sequences	11859598	bases	2188903487	classified	10951240	place	lpt	weight	11859598
ak2-sample	batch	0	name	0-SRR5935816	mode	parallel	s3client	sdk	rank	0	role	home	inflight	6	threads	16	start_s	275.524086	wall_s	14.575486	setup_s	0.000410	classify_s	14.073982	close_s	0.290763	report_s	0.202416	status	0	sequences	12244248	bases	2292238030	classified	11933067	place	lpt	weight	12244248
11458367 sequences (2115.94 Mbp) processed in 13.565s (50683.3 Kseq/m, 9359.33 Mbp/m).
  9654089 sequences classified (84.25%)
  1804278 sequences unclassified (15.75%)
ak2-sample	batch	0	name	0-SRR5935825	mode	parallel	s3client	sdk	rank	0	role	home	inflight	6	threads	16	start_s	289.374864	wall_s	14.015625	setup_s	0.000084	classify_s	13.564659	close_s	0.244933	report_s	0.182293	status	0	sequences	11458367	bases	2115935464	classified	9654089	place	lpt	weight	11458367
11437813 sequences (2096.18 Mbp) processed in 13.518s (50767.9 Kseq/m, 9304.11 Mbp/m).
  10922134 sequences classified (95.49%)
  515679 sequences unclassified (4.51%)
10834778 sequences (1957.59 Mbp) processed in 13.322s (48796.3 Kseq/m, 8816.33 Mbp/m).
  10642489 sequences classified (98.23%)
  192289 sequences unclassified (1.77%)
10896278 sequences (2024.82 Mbp) processed in 13.437s (48655.5 Kseq/m, 9041.50 Mbp/m).
  10712521 sequences classified (98.31%)
  183757 sequences unclassified (1.69%)
10554303 sequences (1946.56 Mbp) processed in 13.357s (47410.9 Kseq/m, 8744.14 Mbp/m).
  10062971 sequences classified (95.34%)
  491332 sequences unclassified (4.66%)
11220767 sequences (2068.35 Mbp) processed in 13.434s (50113.4 Kseq/m, 9237.52 Mbp/m).
  10523542 sequences classified (93.79%)
  697225 sequences unclassified (6.21%)
ak2-sample	batch	0	name	0-SRR5935792	mode	parallel	s3client	sdk	rank	0	role	home	inflight	6	threads	16	start_s	289.814163	wall_s	13.991685	setup_s	0.000062	classify_s	13.517783	close_s	0.307888	report_s	0.157400	status	0	sequences	11437813	bases	2096182336	classified	10922134	place	lpt	weight	11437813
ak2-sample	batch	0	name	0-SRR5935819	mode	parallel	s3client	sdk	rank	0	role	home	inflight	6	threads	16	start_s	289.925864	wall_s	13.903554	setup_s	0.000062	classify_s	13.436856	close_s	0.329642	report_s	0.131051	status	0	sequences	10896278	bases	2024821947	classified	10712521	place	lpt	weight	10896278
ak2-sample	batch	0	name	0-SRR5935760	mode	parallel	s3client	sdk	rank	0	role	home	inflight	6	threads	16	start_s	290.001495	wall_s	13.842941	setup_s	0.000080	classify_s	13.322467	close_s	0.340582	report_s	0.173769	status	0	sequences	10834778	bases	1957586977	classified	10642489	place	lpt	weight	10834778
ak2-sample	batch	0	name	0-SRR5935778	mode	parallel	s3client	sdk	rank	0	role	home	inflight	6	threads	16	start_s	290.099605	wall_s	13.785389	setup_s	0.000092	classify_s	13.356819	close_s	0.244990	report_s	0.170523	status	0	sequences	10554303	bases	1946564732	classified	10062971	place	lpt	weight	10554303
ak2-sample	batch	0	name	0-SRR5935829	mode	parallel	s3client	sdk	rank	0	role	home	inflight	6	threads	16	start_s	289.875096	wall_s	14.053678	setup_s	0.000058	classify_s	13.434459	close_s	0.432446	report_s	0.173532	status	0	sequences	11220767	bases	2068350513	classified	10523542	place	lpt	weight	11220767
9337913 sequences (1691.90 Mbp) processed in 11.489s (48764.1 Kseq/m, 8835.38 Mbp/m).
  8897092 sequences classified (95.28%)
  440821 sequences unclassified (4.72%)
ak2-sample	batch	0	name	0-SRR5935837	mode	parallel	s3client	sdk	rank	0	role	home	inflight	6	threads	16	start_s	303.844462	wall_s	12.070581	setup_s	0.000074	classify_s	11.489498	close_s	0.404300	report_s	0.166175	status	0	sequences	9337913	bases	1691901005	classified	8897092	place	lpt	weight	9337913
9230220 sequences (1688.15 Mbp) processed in 11.886s (46594.4 Kseq/m, 8521.84 Mbp/m).
  8736529 sequences classified (94.65%)
  493691 sequences unclassified (5.35%)
9108174 sequences (1698.33 Mbp) processed in 11.729s (46594.5 Kseq/m, 8688.12 Mbp/m).
  8923230 sequences classified (97.97%)
  184944 sequences unclassified (2.03%)
ak2-sample	batch	0	name	0-SRR5935771	mode	parallel	s3client	sdk	rank	0	role	home	inflight	6	threads	16	start_s	303.885033	wall_s	12.408596	setup_s	0.000065	classify_s	11.885827	close_s	0.310763	report_s	0.198531	status	0	sequences	9230220	bases	1688151903	classified	8736529	place	lpt	weight	9230220
ak2-sample	batch	0	name	0-SRR5935812	mode	parallel	s3client	sdk	rank	0	role	home	inflight	6	threads	16	start_s	303.928806	wall_s	12.498022	setup_s	0.000054	classify_s	11.728659	close_s	0.628019	report_s	0.133490	status	0	sequences	9108174	bases	1698332428	classified	8923230	place	lpt	weight	9108174
10492437 sequences (1984.14 Mbp) processed in 12.815s (49126.9 Kseq/m, 9289.99 Mbp/m).
  9889429 sequences classified (94.25%)
  603008 sequences unclassified (5.75%)
10067025 sequences (1870.49 Mbp) processed in 12.415s (48654.4 Kseq/m, 9040.19 Mbp/m).
  9884918 sequences classified (98.19%)
  182107 sequences unclassified (1.81%)
ak2-sample	batch	0	name	0-SRR5935745	mode	parallel	s3client	sdk	rank	0	role	home	inflight	6	threads	16	start_s	303.390513	wall_s	13.200938	setup_s	0.000057	classify_s	12.814705	close_s	0.211152	report_s	0.163357	status	0	sequences	10492437	bases	1984140901	classified	9889429	place	lpt	weight	10492437
ak2-sample	batch	0	name	0-SRR5935811	mode	parallel	s3client	sdk	rank	0	role	home	inflight	6	threads	16	start_s	303.829443	wall_s	12.772240	setup_s	0.000061	classify_s	12.414530	close_s	0.206208	report_s	0.144823	status	0	sequences	10067025	bases	1870494351	classified	9884918	place	lpt	weight	10067025
10479816 sequences (1916.83 Mbp) processed in 12.475s (50404.7 Kseq/m, 9219.37 Mbp/m).
  9679024 sequences classified (92.36%)
  800792 sequences unclassified (7.64%)
ak2-sample	batch	0	name	0-SRR5935754	mode	parallel	s3client	sdk	rank	0	role	home	inflight	6	threads	16	start_s	303.805873	wall_s	13.292302	setup_s	0.000056	classify_s	12.474805	close_s	0.348760	report_s	0.453801	status	0	sequences	10479816	bases	1916830360	classified	9679024	place	lpt	weight	10479816
6882441 sequences (1244.79 Mbp) processed in 8.685s (47548.0 Kseq/m, 8599.73 Mbp/m).
  6619730 sequences classified (96.18%)
  262711 sequences unclassified (3.82%)
7153468 sequences (1337.27 Mbp) processed in 9.255s (46373.6 Kseq/m, 8669.08 Mbp/m).
  6947959 sequences classified (97.13%)
  205509 sequences unclassified (2.87%)
8877621 sequences (1663.95 Mbp) processed in 10.013s (53198.4 Kseq/m, 9971.05 Mbp/m).
  8212460 sequences classified (92.51%)
  665161 sequences unclassified (7.49%)
ak2-sample	batch	0	name	0-SRR5935832	mode	parallel	s3client	sdk	rank	0	role	home	inflight	6	threads	16	start_s	317.098207	wall_s	9.101010	setup_s	0.000095	classify_s	8.684833	close_s	0.221286	report_s	0.186458	status	0	sequences	6882441	bases	1244786679	classified	6619730	place	lpt	weight	6882441
ak2-sample	batch	0	name	0-SRR5935818	mode	parallel	s3client	sdk	rank	0	role	home	inflight	6	threads	16	start_s	315.915070	wall_s	10.404649	setup_s	0.000066	classify_s	10.012656	close_s	0.230670	report_s	0.148798	status	0	sequences	8877621	bases	1663945574	classified	8212460	place	lpt	weight	8877621
ak2-sample	batch	0	name	0-SRR5935815	mode	parallel	s3client	sdk	rank	0	role	home	inflight	6	threads	16	start_s	316.601839	wall_s	9.729908	setup_s	0.000099	classify_s	9.255434	close_s	0.271492	report_s	0.193864	status	0	sequences	7153468	bases	1337267943	classified	6947959	place	lpt	weight	7153468
8439357 sequences (1550.81 Mbp) processed in 9.854s (51388.3 Kseq/m, 9443.09 Mbp/m).
  8138623 sequences classified (96.44%)
  300734 sequences unclassified (3.56%)
8173049 sequences (1459.57 Mbp) processed in 9.734s (50379.9 Kseq/m, 8996.98 Mbp/m).
  7956066 sequences classified (97.35%)
  216983 sequences unclassified (2.65%)
ak2-sample	batch	0	name	0-SRR5935777	mode	parallel	s3client	sdk	rank	0	role	home	inflight	6	threads	16	start_s	316.591486	wall_s	10.333639	setup_s	0.000080	classify_s	9.733701	close_s	0.225335	report_s	0.367417	status	0	sequences	8173049	bases	1459565869	classified	7956066	place	lpt	weight	8173049
8745078 sequences (1626.83 Mbp) processed in 10.075s (52079.7 Kseq/m, 9688.31 Mbp/m).
  8520266 sequences classified (97.43%)
  224812 sequences unclassified (2.57%)
ak2-sample	batch	0	name	0-SRR5935797	mode	parallel	s3client	sdk	rank	0	role	home	inflight	6	threads	16	start_s	316.426855	wall_s	10.554758	setup_s	0.000058	classify_s	9.853624	close_s	0.233297	report_s	0.458161	status	0	sequences	8439357	bases	1550811438	classified	8138623	place	lpt	weight	8439357
ak2-sample	batch	0	name	0-SRR5935824	mode	parallel	s3client	sdk	rank	0	role	home	inflight	6	threads	16	start_s	316.293651	wall_s	11.396662	setup_s	0.000062	classify_s	10.075027	close_s	0.556127	report_s	0.755164	status	0	sequences	8745078	bases	1626833325	classified	8520266	place	lpt	weight	8745078
1539039 sequences (293.66 Mbp) processed in 2.831s (32620.9 Kseq/m, 6224.26 Mbp/m).
  1494119 sequences classified (97.08%)
  44920 sequences unclassified (2.92%)
3168882 sequences (592.65 Mbp) processed in 4.103s (46344.9 Kseq/m, 8667.47 Mbp/m).
  3127330 sequences classified (98.69%)
  41552 sequences unclassified (1.31%)
2565282 sequences (465.56 Mbp) processed in 3.602s (42726.7 Kseq/m, 7754.30 Mbp/m).
  2508539 sequences classified (97.79%)
  56743 sequences unclassified (2.21%)
ak2-sample	batch	0	name	0-SRR5935776	mode	parallel	s3client	sdk	rank	0	role	home	inflight	6	threads	16	start_s	326.331766	wall_s	4.549533	setup_s	0.000064	classify_s	4.102567	close_s	0.331891	report_s	0.110547	status	0	sequences	3168882	bases	592648009	classified	3127330	place	lpt	weight	3168882
ak2-sample	batch	0	name	0-SRR5935809	mode	parallel	s3client	sdk	rank	0	role	home	inflight	6	threads	16	start_s	327.690350	wall_s	3.242002	setup_s	0.000705	classify_s	2.830775	close_s	0.242967	report_s	0.163093	status	0	sequences	1539039	bases	293657718	classified	1494119	place	lpt	weight	1539039
ak2-sample	batch	0	name	0-SRR5935783	mode	parallel	s3client	sdk	rank	0	role	home	inflight	6	threads	16	start_s	326.981642	wall_s	3.962395	setup_s	0.003326	classify_s	3.602362	close_s	0.227069	report_s	0.125732	status	0	sequences	2565282	bases	465562992	classified	2508539	place	lpt	weight	2565282
3036382 sequences (569.20 Mbp) processed in 4.070s (44767.0 Kseq/m, 8392.08 Mbp/m).
  2817388 sequences classified (92.79%)
  218994 sequences unclassified (7.21%)
ak2-sample	batch	0	name	0-SRR5935747	mode	parallel	s3client	sdk	rank	0	role	home	inflight	6	threads	16	start_s	326.925365	wall_s	4.716790	setup_s	0.000065	classify_s	4.069582	close_s	0.265253	report_s	0.374978	status	0	sequences	3036382	bases	569204188	classified	2817388	place	lpt	weight	3036382
201473 sequences (36.75 Mbp) processed in 1.002s (12068.6 Kseq/m, 2201.11 Mbp/m).
  197603 sequences classified (98.08%)
  3870 sequences unclassified (1.92%)
297656 sequences (54.18 Mbp) processed in 1.030s (17344.8 Kseq/m, 3156.92 Mbp/m).
  290837 sequences classified (97.71%)
  6819 sequences unclassified (2.29%)
ak2-sample	batch	0	name	0-SRR5935743	mode	parallel	s3client	sdk	rank	0	role	home	inflight	6	threads	16	start_s	330.944065	wall_s	1.289093	setup_s	0.000064	classify_s	1.001643	close_s	0.197260	report_s	0.089324	status	0	sequences	201473	bases	36745424	classified	197603	place	lpt	weight	201473
5166420 sequences (956.19 Mbp) processed in 5.492s (56446.4 Kseq/m, 10447.00 Mbp/m).
  4901709 sequences classified (94.88%)
  264711 sequences unclassified (5.12%)
5948317 sequences (1093.47 Mbp) processed in 5.913s (60355.2 Kseq/m, 11094.98 Mbp/m).
  5682744 sequences classified (95.54%)
  265573 sequences unclassified (4.46%)
ak2-sample	batch	0	name	0-SRR5935821	mode	parallel	s3client	sdk	rank	0	role	home	inflight	6	threads	16	start_s	330.932379	wall_s	1.391142	setup_s	0.000063	classify_s	1.029668	close_s	0.226014	report_s	0.134368	status	0	sequences	297656	bases	54176352	classified	290837	place	lpt	weight	297656
ak2-sample	batch	0	name	0-SRR5935767	mode	parallel	s3client	sdk	rank	0	role	home	inflight	6	threads	16	start_s	326.319747	wall_s	6.151525	setup_s	0.000060	classify_s	5.491674	close_s	0.474522	report_s	0.169817	status	0	sequences	5166420	bases	956191777	classified	4901709	place	lpt	weight	5166420
1341509 sequences (254.99 Mbp) processed in 1.335s (60279.6 Kseq/m, 11457.93 Mbp/m).
  1320808 sequences classified (98.46%)
  20701 sequences unclassified (1.54%)
ak2-sample	batch	0	name	0-SRR5935835	mode	parallel	s3client	sdk	rank	0	role	home	inflight	6	threads	16	start_s	330.881343	wall_s	1.791087	setup_s	0.000055	classify_s	1.335287	close_s	0.362127	report_s	0.091144	status	0	sequences	1341509	bases	254993682	classified	1320808	place	lpt	weight	1341509
ak2-sample	batch	0	name	0-SRR5935779	mode	parallel	s3client	sdk	rank	0	role	home	inflight	6	threads	16	start_s	326.199241	wall_s	6.477792	setup_s	0.000071	classify_s	5.913309	close_s	0.194296	report_s	0.364388	status	0	sequences	5948317	bases	1093467848	classified	5682744	place	lpt	weight	5948317
ak2-timing	batch-barrier-0	332.677046	0.100296	0	0	0.005146	0.049873
6552107 sequences (1182.80 Mbp) processed in 8.724s (45063.0 Kseq/m, 8134.85 Mbp/m).
  6331866 sequences classified (96.64%)
  220241 sequences unclassified (3.36%)
ak2-sample	batch	1	name	1-SRR5935750	mode	parallel	s3client	sdk	rank	0	role	home	inflight	6	threads	16	start_s	332.777374	wall_s	9.345340	setup_s	0.000051	classify_s	8.723929	close_s	0.300091	report_s	0.305763	status	0	sequences	6552107	bases	1182796919	classified	6331866	place	mod	weight	6552107
10532910 sequences (1945.09 Mbp) processed in 12.616s (50094.2 Kseq/m, 9250.80 Mbp/m).
  9366399 sequences classified (88.93%)
  1166511 sequences unclassified (11.07%)
ak2-sample	batch	1	name	1-SRR5935740	mode	parallel	s3client	sdk	rank	0	role	home	inflight	6	threads	16	start_s	332.777377	wall_s	13.159171	setup_s	0.000045	classify_s	12.615735	close_s	0.247101	report_s	0.271468	status	0	sequences	10532910	bases	1945093294	classified	9366399	place	mod	weight	10532910
11012615 sequences (2057.95 Mbp) processed in 13.028s (50719.8 Kseq/m, 9478.13 Mbp/m).
  10686469 sequences classified (97.04%)
  326146 sequences unclassified (2.96%)
ak2-sample	batch	1	name	1-SRR5935746	mode	parallel	s3client	sdk	rank	0	role	home	inflight	6	threads	16	start_s	332.777405	wall_s	13.789282	setup_s	0.000041	classify_s	13.027590	close_s	0.421099	report_s	0.329725	status	0	sequences	11012615	bases	2057953866	classified	10686469	place	mod	weight	11012615
12325847 sequences (2261.51 Mbp) processed in 14.298s (51723.4 Kseq/m, 9490.06 Mbp/m).
  11791754 sequences classified (95.67%)
  534093 sequences unclassified (4.33%)
11859598 sequences (2188.90 Mbp) processed in 14.155s (50271.4 Kseq/m, 9278.51 Mbp/m).
  10951240 sequences classified (92.34%)
  908358 sequences unclassified (7.66%)
ak2-sample	batch	1	name	1-SRR5935742	mode	parallel	s3client	sdk	rank	0	role	home	inflight	6	threads	16	start_s	332.777394	wall_s	14.862858	setup_s	0.000045	classify_s	14.298196	close_s	0.245001	report_s	0.303338	status	0	sequences	12325847	bases	2261511731	classified	11791754	place	mod	weight	12325847
ak2-sample	batch	1	name	1-SRR5935748	mode	parallel	s3client	sdk	rank	0	role	home	inflight	6	threads	16	start_s	332.777413	wall_s	15.089991	setup_s	0.000040	classify_s	14.154673	close_s	0.496234	report_s	0.395673	status	0	sequences	11859598	bases	2188903487	classified	10951240	place	mod	weight	11859598
15328347 sequences (2853.53 Mbp) processed in 17.762s (51780.6 Kseq/m, 9639.47 Mbp/m).
  14998872 sequences classified (97.85%)
  329475 sequences unclassified (2.15%)
ak2-sample	batch	1	name	1-SRR5935744	mode	parallel	s3client	sdk	rank	0	role	home	inflight	6	threads	16	start_s	332.777384	wall_s	18.452360	setup_s	0.000041	classify_s	17.761508	close_s	0.338054	report_s	0.341941	status	0	sequences	15328347	bases	2853526686	classified	14998872	place	mod	weight	15328347
10479816 sequences (1916.83 Mbp) processed in 11.073s (56787.0 Kseq/m, 10386.74 Mbp/m).
  9679024 sequences classified (92.36%)
  800792 sequences unclassified (7.64%)
8206591 sequences (1523.97 Mbp) processed in 9.546s (51580.4 Kseq/m, 9578.50 Mbp/m).
  7998445 sequences classified (97.46%)
  208146 sequences unclassified (2.54%)
ak2-sample	batch	1	name	1-SRR5935754	mode	parallel	s3client	sdk	rank	0	role	home	inflight	6	threads	16	start_s	345.936870	wall_s	11.638153	setup_s	0.000134	classify_s	11.072757	close_s	0.379888	report_s	0.166073	status	0	sequences	10479816	bases	1916830360	classified	9679024	place	mod	weight	10479816
ak2-sample	batch	1	name	1-SRR5935758	mode	parallel	s3client	sdk	rank	0	role	home	inflight	6	threads	16	start_s	347.640277	wall_s	10.017007	setup_s	0.000084	classify_s	9.546174	close_s	0.247593	report_s	0.215457	status	0	sequences	8206591	bases	1523967713	classified	7998445	place	mod	weight	8206591
14298074 sequences (2663.28 Mbp) processed in 15.499s (55350.1 Kseq/m, 10309.98 Mbp/m).
  14234512 sequences classified (99.56%)
  63562 sequences unclassified (0.44%)
ak2-sample	batch	1	name	1-SRR5935752	mode	parallel	s3client	sdk	rank	0	role	home	inflight	6	threads	16	start_s	342.122830	wall_s	16.244023	setup_s	0.000093	classify_s	15.499241	close_s	0.409979	report_s	0.329499	status	0	sequences	14298074	bases	2663280360	classified	14234512	place	mod	weight	14298074
10834778 sequences (1957.59 Mbp) processed in 11.676s (55677.1 Kseq/m, 10059.53 Mbp/m).
  10642489 sequences classified (98.23%)
  192289 sequences unclassified (1.77%)
ak2-sample	batch	1	name	1-SRR5935760	mode	parallel	s3client	sdk	rank	0	role	home	inflight	6	threads	16	start_s	347.867495	wall_s	12.469254	setup_s	0.000100	classify_s	11.676015	close_s	0.239480	report_s	0.528294	status	0	sequences	10834778	bases	1957586977	classified	10642489	place	mod	weight	10834778
16053448 sequences (2993.47 Mbp) processed in 17.259s (55808.7 Kseq/m, 10406.58 Mbp/m).
  15204484 sequences classified (94.71%)
  848964 sequences unclassified (5.29%)
ak2-sample	batch	1	name	1-SRR5935756	mode	parallel	s3client	sdk	rank	0	role	home	inflight	6	threads	16	start_s	346.579033	wall_s	18.246344	setup_s	0.000101	classify_s	17.259086	close_s	0.352507	report_s	0.617948	status	0	sequences	16053448	bases	2993468449	classified	15204484	place	mod	weight	16053448
18129553 sequences (3409.03 Mbp) processed in 19.795s (54951.7 Kseq/m, 10332.96 Mbp/m).
  17831449 sequences classified (98.36%)
  298104 sequences unclassified (1.64%)
11689489 sequences (2123.44 Mbp) processed in 13.201s (53131.5 Kseq/m, 9651.53 Mbp/m).
  11327502 sequences classified (96.90%)
  361987 sequences unclassified (3.10%)
ak2-sample	batch	1	name	1-SRR5935762	mode	parallel	s3client	sdk	rank	0	role	home	inflight	6	threads	16	start_s	351.229909	wall_s	20.401054	setup_s	0.000091	classify_s	19.795076	close_s	0.259649	report_s	0.335719	status	0	sequences	18129553	bases	3409028279	classified	17831449	place	mod	weight	18129553
ak2-sample	batch	1	name	1-SRR5935764	mode	parallel	s3client	sdk	rank	0	role	home	inflight	6	threads	16	start_s	357.575107	wall_s	14.081578	setup_s	0.000084	classify_s	13.200643	close_s	0.562462	report_s	0.306213	status	0	sequences	11689489	bases	2123440867	classified	11327502	place	mod	weight	11689489
14120624 sequences (2649.39 Mbp) processed in 15.713s (53921.1 Kseq/m, 10116.99 Mbp/m).
  13394795 sequences classified (94.86%)
  725829 sequences unclassified (5.14%)
ak2-sample	batch	1	name	1-SRR5935766	mode	parallel	s3client	sdk	rank	0	role	home	inflight	6	threads	16	start_s	357.657373	wall_s	16.399664	setup_s	0.000071	classify_s	15.712544	close_s	0.223022	report_s	0.447744	status	0	sequences	14120624	bases	2649393059	classified	13394795	place	mod	weight	14120624
15746753 sequences (2888.34 Mbp) processed in 17.005s (55561.1 Kseq/m, 10191.26 Mbp/m).
  14105631 sequences classified (89.58%)
  1641122 sequences unclassified (10.42%)
3168882 sequences (592.65 Mbp) processed in 3.901s (48744.3 Kseq/m, 9116.21 Mbp/m).
  3127330 sequences classified (98.69%)
  41552 sequences unclassified (1.31%)
ak2-sample	batch	1	name	1-SRR5935768	mode	parallel	s3client	sdk	rank	0	role	home	inflight	6	threads	16	start_s	358.367554	wall_s	17.598137	setup_s	0.000069	classify_s	17.004789	close_s	0.323601	report_s	0.238838	status	0	sequences	15746753	bases	2888337209	classified	14105631	place	mod	weight	15746753
ak2-sample	batch	1	name	1-SRR5935776	mode	parallel	s3client	sdk	rank	0	role	home	inflight	6	threads	16	start_s	371.656711	wall_s	4.497181	setup_s	0.000081	classify_s	3.900623	close_s	0.290443	report_s	0.300902	status	0	sequences	3168882	bases	592648009	classified	3127330	place	mod	weight	3168882
16180463 sequences (3026.48 Mbp) processed in 17.901s (54232.9 Kseq/m, 10144.01 Mbp/m).
  15739294 sequences classified (97.27%)
  441169 sequences unclassified (2.73%)
ak2-sample	batch	1	name	1-SRR5935770	mode	parallel	s3client	sdk	rank	0	role	home	inflight	6	threads	16	start_s	360.336787	wall_s	18.673772	setup_s	0.000116	classify_s	17.901100	close_s	0.401565	report_s	0.341569	status	0	sequences	16180463	bases	3026482353	classified	15739294	place	mod	weight	16180463
15271512 sequences (2845.36 Mbp) processed in 16.232s (56450.1 Kseq/m, 10517.68 Mbp/m).
  14502211 sequences classified (94.96%)
  769301 sequences unclassified (5.04%)
ak2-sample	batch	1	name	1-SRR5935772	mode	parallel	s3client	sdk	rank	0	role	home	inflight	6	threads	16	start_s	364.825478	wall_s	17.429753	setup_s	0.000072	classify_s	16.231870	close_s	0.857607	report_s	0.318273	status	0	sequences	15271512	bases	2845360298	classified	14502211	place	mod	weight	15271512
12252617 sequences (2212.67 Mbp) processed in 12.528s (58682.7 Kseq/m, 10597.39 Mbp/m).
  10208851 sequences classified (83.32%)
  2043766 sequences unclassified (16.68%)
ak2-sample	batch	1	name	1-SRR5935774	mode	parallel	s3client	sdk	rank	0	role	home	inflight	6	threads	16	start_s	371.631044	wall_s	13.395964	setup_s	0.000074	classify_s	12.527658	close_s	0.336467	report_s	0.500123	status	0	sequences	12252617	bases	2212674525	classified	10208851	place	mod	weight	12252617
10554303 sequences (1946.56 Mbp) processed in 11.290s (56090.1 Kseq/m, 10344.87 Mbp/m).
  10062971 sequences classified (95.34%)
  491332 sequences unclassified (4.66%)
ak2-sample	batch	1	name	1-SRR5935778	mode	parallel	s3client	sdk	rank	0	role	home	inflight	6	threads	16	start_s	374.057127	wall_s	11.900483	setup_s	0.000099	classify_s	11.290028	close_s	0.216810	report_s	0.373604	status	0	sequences	10554303	bases	1946564732	classified	10062971	place	mod	weight	10554303
10128070 sequences (1876.81 Mbp) processed in 10.583s (57418.7 Kseq/m, 10640.14 Mbp/m).
  9942775 sequences classified (98.17%)
  185295 sequences unclassified (1.83%)
ak2-sample	batch	1	name	1-SRR5935782	mode	parallel	s3client	sdk	rank	0	role	home	inflight	6	threads	16	start_s	376.153999	wall_s	11.144563	setup_s	0.000091	classify_s	10.583383	close_s	0.282378	report_s	0.271394	status	0	sequences	10128070	bases	1876810820	classified	9942775	place	mod	weight	10128070
10716528 sequences (1994.96 Mbp) processed in 11.481s (56002.6 Kseq/m, 10425.30 Mbp/m).
  10376259 sequences classified (96.82%)
  340269 sequences unclassified (3.18%)
ak2-sample	batch	1	name	1-SRR5935780	mode	parallel	s3client	sdk	rank	0	role	home	inflight	6	threads	16	start_s	375.965787	wall_s	12.084197	setup_s	0.000076	classify_s	11.481459	close_s	0.235127	report_s	0.358090	status	0	sequences	10716528	bases	1994960359	classified	10376259	place	mod	weight	10716528
10054299 sequences (1885.64 Mbp) processed in 11.327s (53258.5 Kseq/m, 9988.41 Mbp/m).
  9575405 sequences classified (95.24%)
  478894 sequences unclassified (4.76%)
ak2-sample	batch	1	name	1-SRR5935786	mode	parallel	s3client	sdk	rank	0	role	home	inflight	6	threads	16	start_s	382.255363	wall_s	12.061796	setup_s	0.000107	classify_s	11.326984	close_s	0.269668	report_s	0.447917	status	0	sequences	10054299	bases	1885642952	classified	9575405	place	mod	weight	10054299
14800056 sequences (2772.79 Mbp) processed in 15.892s (55878.9 Kseq/m, 10468.91 Mbp/m).
  14536791 sequences classified (98.22%)
  263265 sequences unclassified (1.78%)
ak2-sample	batch	1	name	1-SRR5935784	mode	parallel	s3client	sdk	rank	0	role	home	inflight	6	threads	16	start_s	379.010650	wall_s	17.113690	setup_s	0.000084	classify_s	15.891568	close_s	0.783498	report_s	0.400668	status	0	sequences	14800056	bases	2772790740	classified	14536791	place	mod	weight	14800056
9202475 sequences (1711.99 Mbp) processed in 10.106s (54636.8 Kseq/m, 10164.40 Mbp/m).
  8810259 sequences classified (95.74%)
  392216 sequences unclassified (4.26%)
ak2-sample	batch	1	name	1-SRR5935790	mode	parallel	s3client	sdk	rank	0	role	home	inflight	6	threads	16	start_s	385.957683	wall_s	10.629035	setup_s	0.000095	classify_s	10.105808	close_s	0.223112	report_s	0.288886	status	0	sequences	9202475	bases	1711991411	classified	8810259	place	mod	weight	9202475
11073410 sequences (2024.07 Mbp) processed in 11.299s (58804.5 Kseq/m, 10748.70 Mbp/m).
  10832572 sequences classified (97.83%)
  240838 sequences unclassified (2.17%)
ak2-sample	batch	1	name	1-SRR5935788	mode	parallel	s3client	sdk	rank	0	role	home	inflight	6	threads	16	start_s	385.027120	wall_s	12.369682	setup_s	0.000092	classify_s	11.298528	close_s	0.630583	report_s	0.429213	status	0	sequences	11073410	bases	2024074094	classified	10832572	place	mod	weight	11073410
11437813 sequences (2096.18 Mbp) processed in 11.654s (58887.2 Kseq/m, 10792.13 Mbp/m).
  10922134 sequences classified (95.49%)
  515679 sequences unclassified (4.51%)
ak2-sample	batch	1	name	1-SRR5935792	mode	parallel	s3client	sdk	rank	0	role	home	inflight	6	threads	16	start_s	387.306550	wall_s	12.370195	setup_s	0.000120	classify_s	11.653950	close_s	0.251716	report_s	0.440000	status	0	sequences	11437813	bases	2096182336	classified	10922134	place	mod	weight	11437813
13404063 sequences (2484.45 Mbp) processed in 14.245s (56457.9 Kseq/m, 10464.50 Mbp/m).
  13071600 sequences classified (97.52%)
  332463 sequences unclassified (2.48%)
ak2-sample	batch	1	name	1-SRR5935794	mode	parallel	s3client	sdk	rank	0	role	home	inflight	6	threads	16	start_s	388.050111	wall_s	14.887221	setup_s	0.000090	classify_s	14.245010	close_s	0.283889	report_s	0.350035	status	0	sequences	13404063	bases	2484447317	classified	13071600	place	mod	weight	13404063
14959235 sequences (2745.67 Mbp) processed in 15.740s (57023.9 Kseq/m, 10466.35 Mbp/m).
  13888405 sequences classified (92.84%)
  1070830 sequences unclassified (7.16%)
ak2-sample	batch	1	name	1-SRR5935796	mode	parallel	s3client	sdk	rank	0	role	home	inflight	6	threads	16	start_s	394.317251	wall_s	16.422450	setup_s	0.000090	classify_s	15.739958	close_s	0.270999	report_s	0.379410	status	0	sequences	14959235	bases	2745665723	classified	13888405	place	mod	weight	14959235
15080696 sequences (2770.85 Mbp) processed in 17.152s (52753.5 Kseq/m, 9692.65 Mbp/m).
  14478381 sequences classified (96.01%)
  602315 sequences unclassified (3.99%)
13253368 sequences (2414.15 Mbp) processed in 14.235s (55863.0 Kseq/m, 10175.66 Mbp/m).
  12329188 sequences classified (93.03%)
  924180 sequences unclassified (6.97%)
ak2-sample	batch	1	name	1-SRR5935800	mode	parallel	s3client	sdk	rank	0	role	home	inflight	6	threads	16	start_s	396.586803	wall_s	17.674309	setup_s	0.000078	classify_s	17.152260	close_s	0.262824	report_s	0.248517	status	0	sequences	15080696	bases	2770846238	classified	14478381	place	mod	weight	15080696
ak2-sample	batch	1	name	1-SRR5935804	mode	parallel	s3client	sdk	rank	0	role	home	inflight	6	threads	16	start_s	399.686685	wall_s	14.840030	setup_s	0.000101	classify_s	14.234874	close_s	0.272217	report_s	0.318195	status	0	sequences	13253368	bases	2414153428	classified	12329188	place	mod	weight	13253368
16720060 sequences (3103.13 Mbp) processed in 17.833s (56254.1 Kseq/m, 10440.39 Mbp/m).
  16427692 sequences classified (98.25%)
  292368 sequences unclassified (1.75%)
ak2-sample	batch	1	name	1-SRR5935802	mode	parallel	s3client	sdk	rank	0	role	home	inflight	6	threads	16	start_s	397.396844	wall_s	18.650173	setup_s	0.000211	classify_s	17.833420	close_s	0.413433	report_s	0.387536	status	0	sequences	16720060	bases	3103131942	classified	16427692	place	mod	weight	16720060
20086542 sequences (3689.65 Mbp) processed in 20.479s (58848.9 Kseq/m, 10809.82 Mbp/m).
  19142785 sequences classified (95.30%)
  943757 sequences unclassified (4.70%)
ak2-sample	batch	1	name	1-SRR5935798	mode	parallel	s3client	sdk	rank	0	role	home	inflight	6	threads	16	start_s	396.124566	wall_s	21.312502	setup_s	0.000069	classify_s	20.479435	close_s	0.303986	report_s	0.509830	status	0	sequences	20086542	bases	3689648337	classified	19142785	place	mod	weight	20086542
14472574 sequences (2738.53 Mbp) processed in 15.286s (56806.0 Kseq/m, 10748.95 Mbp/m).
  14022498 sequences classified (96.89%)
  450076 sequences unclassified (3.11%)
ak2-sample	batch	1	name	1-SRR5935806	mode	parallel	s3client	sdk	rank	0	role	home	inflight	6	threads	16	start_s	402.947243	wall_s	15.982349	setup_s	0.000091	classify_s	15.286310	close_s	0.252002	report_s	0.432639	status	0	sequences	14472574	bases	2738529910	classified	14022498	place	mod	weight	14472574
5072545 sequences (950.40 Mbp) processed in 5.832s (52185.9 Kseq/m, 9777.63 Mbp/m).
  4982177 sequences classified (98.22%)
  90368 sequences unclassified (1.78%)
ak2-sample	batch	1	name	1-SRR5935814	mode	parallel	s3client	sdk	rank	0	role	home	inflight	6	threads	16	start_s	416.050087	wall_s	6.379594	setup_s	0.000144	classify_s	5.832090	close_s	0.238445	report_s	0.302782	status	0	sequences	5072545	bases	950400325	classified	4982177	place	mod	weight	5072545
9108174 sequences (1698.33 Mbp) processed in 9.939s (54985.0 Kseq/m, 10252.64 Mbp/m).
  8923230 sequences classified (97.97%)
  184944 sequences unclassified (2.03%)
ak2-sample	batch	1	name	1-SRR5935812	mode	parallel	s3client	sdk	rank	0	role	home	inflight	6	threads	16	start_s	414.536706	wall_s	10.690667	setup_s	0.000092	classify_s	9.938904	close_s	0.437517	report_s	0.305300	status	0	sequences	9108174	bases	1698332428	classified	8923230	place	mod	weight	9108174
15500933 sequences (2889.47 Mbp) processed in 16.653s (55847.7 Kseq/m, 10410.36 Mbp/m).
  14777244 sequences classified (95.33%)
  723689 sequences unclassified (4.67%)
ak2-sample	batch	1	name	1-SRR5935808	mode	parallel	s3client	sdk	rank	0	role	home	inflight	6	threads	16	start_s	410.739795	wall_s	17.219491	setup_s	0.000128	classify_s	16.653421	close_s	0.234165	report_s	0.320959	status	0	sequences	15500933	bases	2889469649	classified	14777244	place	mod	weight	15500933
8877621 sequences (1663.95 Mbp) processed in 9.196s (57924.6 Kseq/m, 10856.90 Mbp/m).
  8212460 sequences classified (92.51%)
  665161 sequences unclassified (7.49%)
ak2-sample	batch	1	name	1-SRR5935818	mode	parallel	s3client	sdk	rank	0	role	home	inflight	6	threads	16	start_s	418.929694	wall_s	10.422452	setup_s	0.000096	classify_s	9.195695	close_s	0.812074	report_s	0.395266	status	0	sequences	8877621	bases	1663945574	classified	8212460	place	mod	weight	8877621
15280552 sequences (2858.11 Mbp) processed in 15.904s (57646.4 Kseq/m, 10782.32 Mbp/m).
  13785544 sequences classified (90.22%)
  1495008 sequences unclassified (9.78%)
ak2-sample	batch	1	name	1-SRR5935810	mode	parallel	s3client	sdk	rank	0	role	home	inflight	6	threads	16	start_s	414.261136	wall_s	16.578073	setup_s	0.000082	classify_s	15.904430	close_s	0.247109	report_s	0.392637	status	0	sequences	15280552	bases	2858109884	classified	13785544	place	mod	weight	15280552
12244248 sequences (2292.24 Mbp) processed in 13.367s (54959.9 Kseq/m, 10289.01 Mbp/m).
  11933067 sequences classified (97.46%)
  311181 sequences unclassified (2.54%)
ak2-sample	batch	1	name	1-SRR5935816	mode	parallel	s3client	sdk	rank	0	role	home	inflight	6	threads	16	start_s	417.438120	wall_s	13.941987	setup_s	0.000090	classify_s	13.367100	close_s	0.223721	report_s	0.340034	status	0	sequences	12244248	bases	2292238030	classified	11933067	place	mod	weight	12244248
12062510 sequences (2207.30 Mbp) processed in 12.357s (58571.9 Kseq/m, 10717.97 Mbp/m).
  10926608 sequences classified (90.58%)
  1135902 sequences unclassified (9.42%)
ak2-sample	batch	1	name	1-SRR5935820	mode	parallel	s3client	sdk	rank	0	role	home	inflight	6	threads	16	start_s	422.434743	wall_s	13.032206	setup_s	0.000077	classify_s	12.356616	close_s	0.258785	report_s	0.396828	status	0	sequences	12062510	bases	2207297835	classified	10926608	place	mod	weight	12062510
8745078 sequences (1626.83 Mbp) processed in 8.449s (62103.2 Kseq/m, 11552.97 Mbp/m).
  8520266 sequences classified (97.43%)
  224812 sequences unclassified (2.57%)
ak2-sample	batch	1	name	1-SRR5935824	mode	parallel	s3client	sdk	rank	0	role	home	inflight	6	threads	16	start_s	427.959369	wall_s	9.337352	setup_s	0.000083	classify_s	8.448913	close_s	0.325463	report_s	0.542308	status	0	sequences	8745078	bases	1626833325	classified	8520266	place	mod	weight	8745078
8766123 sequences (1609.93 Mbp) processed in 8.404s (62583.3 Kseq/m, 11493.62 Mbp/m).
  8639469 sequences classified (98.56%)
  126654 sequences unclassified (1.44%)
13365245 sequences (2460.33 Mbp) processed in 12.876s (62279.6 Kseq/m, 11464.67 Mbp/m).
  13192260 sequences classified (98.71%)
  172985 sequences unclassified (1.29%)
8326050 sequences (1540.09 Mbp) processed in 7.489s (66702.0 Kseq/m, 12338.06 Mbp/m).
  8094378 sequences classified (97.22%)
  231672 sequences unclassified (2.78%)
ak2-sample	batch	1	name	1-SRR5935822	mode	parallel	s3client	sdk	rank	0	role	home	inflight	6	threads	16	start_s	425.227487	wall_s	13.356321	setup_s	0.000081	classify_s	12.876051	close_s	0.320172	report_s	0.151184	status	0	sequences	13365245	bases	2460327516	classified	13192260	place	mod	weight	13365245
ak2-sample	batch	1	name	1-SRR5935826	mode	parallel	s3client	sdk	rank	0	role	home	inflight	6	threads	16	start_s	429.352264	wall_s	9.240906	setup_s	0.000082	classify_s	8.404282	close_s	0.396615	report_s	0.425710	status	0	sequences	8766123	bases	1609927653	classified	8639469	place	mod	weight	8766123
ak2-sample	batch	1	name	1-SRR5935828	mode	parallel	s3client	sdk	rank	0	role	home	inflight	6	threads	16	start_s	430.839238	wall_s	7.922784	setup_s	0.000114	classify_s	7.489472	close_s	0.204431	report_s	0.220418	status	0	sequences	8326050	bases	1540092338	classified	8094378	place	mod	weight	8326050
6882441 sequences (1244.79 Mbp) processed in 5.351s (77167.3 Kseq/m, 13956.79 Mbp/m).
  6619730 sequences classified (96.18%)
  262711 sequences unclassified (3.82%)
ak2-sample	batch	1	name	1-SRR5935832	mode	parallel	s3client	sdk	rank	0	role	home	inflight	6	threads	16	start_s	435.467026	wall_s	5.886557	setup_s	0.000084	classify_s	5.351317	close_s	0.253811	report_s	0.266503	status	0	sequences	6882441	bases	1244786679	classified	6619730	place	mod	weight	6882441
14303962 sequences (2635.98 Mbp) processed in 11.617s (73878.4 Kseq/m, 13614.55 Mbp/m).
  14029845 sequences classified (98.08%)
  274117 sequences unclassified (1.92%)
ak2-sample	batch	1	name	1-SRR5935830	mode	parallel	s3client	sdk	rank	0	role	home	inflight	6	threads	16	start_s	431.380191	wall_s	12.087697	setup_s	0.000274	classify_s	11.616895	close_s	0.277070	report_s	0.184931	status	0	sequences	14303962	bases	2635979010	classified	14029845	place	mod	weight	14303962
7326365 sequences (1333.07 Mbp) processed in 4.963s (88579.6 Kseq/m, 16117.48 Mbp/m).
  6965607 sequences classified (95.08%)
  360758 sequences unclassified (4.92%)
ak2-sample	batch	1	name	1-SRR5935836	mode	parallel	s3client	sdk	rank	0	role	home	inflight	6	threads	16	start_s	438.583828	wall_s	5.412981	setup_s	0.000069	classify_s	4.962564	close_s	0.309492	report_s	0.133438	status	0	sequences	7326365	bases	1333066620	classified	6965607	place	mod	weight	7326365
12610038 sequences (2321.59 Mbp) processed in 8.290s (91269.3 Kseq/m, 16803.29 Mbp/m).
  12099380 sequences classified (95.95%)
  510658 sequences unclassified (4.05%)
ak2-sample	batch	1	name	1-SRR5935834	mode	parallel	s3client	sdk	rank	0	role	home	inflight	6	threads	16	start_s	437.296748	wall_s	8.775557	setup_s	0.000080	classify_s	8.289781	close_s	0.316067	report_s	0.160259	status	0	sequences	12610038	bases	2321592529	classified	12099380	place	mod	weight	12610038
14615323 sequences (2691.06 Mbp) processed in 9.111s (96245.4 Kseq/m, 17721.29 Mbp/m).
  14358414 sequences classified (98.24%)
  256909 sequences unclassified (1.76%)
ak2-sample	batch	1	name	1-SRR5935838	mode	parallel	s3client	sdk	rank	0	role	home	inflight	6	threads	16	start_s	438.593225	wall_s	9.496528	setup_s	0.000064	classify_s	9.111287	close_s	0.218014	report_s	0.160046	status	0	sequences	14615323	bases	2691062094	classified	14358414	place	mod	weight	14615323
ak2-timing	batch-barrier-1	448.089770	0.090320	0	0	0.004663	0.000288
16708997 sequences (3043.02 Mbp) processed in 19.473s (51484.2 Kseq/m, 9376.24 Mbp/m).
  15000245 sequences classified (89.77%)
  1708752 sequences unclassified (10.23%)
16351397 sequences (3065.56 Mbp) processed in 19.579s (50107.9 Kseq/m, 9394.22 Mbp/m).
  16166849 sequences classified (98.87%)
  184548 sequences unclassified (1.13%)
ak2-sample	batch	2	name	2-SRR5935807	mode	parallel	s3client	sdk	rank	0	role	home	inflight	6	threads	16	start_s	448.180162	wall_s	20.114044	setup_s	0.000048	classify_s	19.472766	close_s	0.307867	report_s	0.307468	status	0	sequences	16708997	bases	3043023590	classified	15000245	place	lpt	weight	16708997
ak2-sample	batch	2	name	2-SRR5935787	mode	parallel	s3client	sdk	rank	0	role	home	inflight	6	threads	16	start_s	448.180135	wall_s	20.161602	setup_s	0.000043	classify_s	19.579432	close_s	0.302321	report_s	0.270181	status	0	sequences	16351397	bases	3065557655	classified	16166849	place	lpt	weight	16351397
18129553 sequences (3409.03 Mbp) processed in 20.530s (52985.4 Kseq/m, 9963.22 Mbp/m).
  17831449 sequences classified (98.36%)
  298104 sequences unclassified (1.64%)
ak2-sample	batch	2	name	2-SRR5935762	mode	parallel	s3client	sdk	rank	0	role	home	inflight	6	threads	16	start_s	448.180145	wall_s	21.135677	setup_s	0.000037	classify_s	20.529675	close_s	0.263331	report_s	0.328972	status	0	sequences	18129553	bases	3409028279	classified	17831449	place	lpt	weight	18129553
18645445 sequences (3449.57 Mbp) processed in 20.690s (54069.9 Kseq/m, 10003.41 Mbp/m).
  18393099 sequences classified (98.65%)
  252346 sequences unclassified (1.35%)
ak2-sample	batch	2	name	2-SRR5935751	mode	parallel	s3client	sdk	rank	0	role	home	inflight	6	threads	16	start_s	448.180153	wall_s	21.683723	setup_s	0.000043	classify_s	20.690389	close_s	0.710554	report_s	0.269985	status	0	sequences	18645445	bases	3449573600	classified	18393099	place	lpt	weight	18645445
18879904 sequences (3539.14 Mbp) processed in 21.700s (52203.6 Kseq/m, 9785.83 Mbp/m).
  18627146 sequences classified (98.66%)
  252758 sequences unclassified (1.34%)
ak2-sample	batch	2	name	2-SRR5935749	mode	parallel	s3client	sdk	rank	0	role	home	inflight	6	threads	16	start_s	448.180137	wall_s	22.371035	setup_s	0.000041	classify_s	21.699554	close_s	0.341040	report_s	0.320329	status	0	sequences	18879904	bases	3539135454	classified	18627146	place	lpt	weight	18879904
20770968 sequences (3886.70 Mbp) processed in 23.283s (53526.3 Kseq/m, 10015.92 Mbp/m).
  20594735 sequences classified (99.15%)
  176233 sequences unclassified (0.85%)
ak2-sample	batch	2	name	2-SRR5935823	mode	parallel	s3client	sdk	rank	0	role	home	inflight	6	threads	16	start_s	448.180172	wall_s	23.946689	setup_s	0.000048	classify_s	23.283102	close_s	0.340537	report_s	0.287746	status	0	sequences	20770968	bases	3886695944	classified	20594735	place	lpt	weight	20770968
16053448 sequences (2993.47 Mbp) processed in 17.805s (54098.4 Kseq/m, 10087.66 Mbp/m).
  15204484 sequences classified (94.71%)
  848964 sequences unclassified (5.29%)
16260968 sequences (3012.84 Mbp) processed in 17.945s (54370.0 Kseq/m, 10073.69 Mbp/m).
  15948766 sequences classified (98.08%)
  312202 sequences unclassified (1.92%)
ak2-sample	batch	2	name	2-SRR5935756	mode	parallel	s3client	sdk	rank	0	role	home	inflight	6	threads	16	start_s	468.341817	wall_s	18.243217	setup_s	0.000092	classify_s	17.804733	close_s	0.239034	report_s	0.183910	status	0	sequences	16053448	bases	2993468449	classified	15204484	place	lpt	weight	16053448
ak2-sample	batch	2	name	2-SRR5935827	mode	parallel	s3client	sdk	rank	0	role	home	inflight	6	threads	16	start_s	468.294309	wall_s	18.339175	setup_s	0.000098	classify_s	17.944782	close_s	0.232563	report_s	0.152118	status	0	sequences	16260968	bases	3012837135	classified	15948766	place	lpt	weight	16260968
15746753 sequences (2888.34 Mbp) processed in 17.289s (54647.1 Kseq/m, 10023.61 Mbp/m).
  14105631 sequences classified (89.58%)
  1641122 sequences unclassified (10.42%)
15312868 sequences (2847.18 Mbp) processed in 16.765s (54801.4 Kseq/m, 10189.42 Mbp/m).
  13152387 sequences classified (85.89%)
  2160481 sequences unclassified (14.11%)
ak2-sample	batch	2	name	2-SRR5935759	mode	parallel	s3client	sdk	rank	0	role	home	inflight	6	threads	16	start_s	469.863978	wall_s	17.362993	setup_s	0.000095	classify_s	16.765473	close_s	0.274502	report_s	0.302769	status	0	sequences	15312868	bases	2847175138	classified	13152387	place	lpt	weight	15312868
ak2-sample	batch	2	name	2-SRR5935768	mode	parallel	s3client	sdk	rank	0	role	home	inflight	6	threads	16	start_s	469.315902	wall_s	17.916446	setup_s	0.000085	classify_s	17.289212	close_s	0.235249	report_s	0.372334	status	0	sequences	15746753	bases	2888337209	classified	14105631	place	lpt	weight	15746753
15271512 sequences (2845.36 Mbp) processed in 16.360s (56008.5 Kseq/m, 10435.40 Mbp/m).
  14502211 sequences classified (94.96%)
  769301 sequences unclassified (5.04%)
14959235 sequences (2745.67 Mbp) processed in 15.248s (58862.7 Kseq/m, 10803.85 Mbp/m).
  13888405 sequences classified (92.84%)
  1070830 sequences unclassified (7.16%)
ak2-sample	batch	2	name	2-SRR5935772	mode	parallel	s3client	sdk	rank	0	role	home	inflight	6	threads	16	start_s	470.551289	wall_s	17.465733	setup_s	0.000090	classify_s	16.359851	close_s	0.601319	report_s	0.480034	status	0	sequences	15271512	bases	2845360298	classified	14502211	place	lpt	weight	15271512
ak2-sample	batch	2	name	2-SRR5935796	mode	parallel	s3client	sdk	rank	0	role	home	inflight	6	threads	16	start_s	472.126898	wall_s	15.981104	setup_s	0.000087	classify_s	15.248264	close_s	0.260136	report_s	0.449851	status	0	sequences	14959235	bases	2745665723	classified	13888405	place	lpt	weight	14959235
14472574 sequences (2738.53 Mbp) processed in 16.002s (54264.8 Kseq/m, 10268.10 Mbp/m).
  14022498 sequences classified (96.89%)
  450076 sequences unclassified (3.11%)
14261195 sequences (2665.70 Mbp) processed in 15.542s (55054.9 Kseq/m, 10290.85 Mbp/m).
  13980324 sequences classified (98.03%)
  280871 sequences unclassified (1.97%)
14164085 sequences (2640.40 Mbp) processed in 15.671s (54231.1 Kseq/m, 10109.49 Mbp/m).
  13689575 sequences classified (96.65%)
  474510 sequences unclassified (3.35%)
ak2-sample	batch	2	name	2-SRR5935806	mode	parallel	s3client	sdk	rank	0	role	home	inflight	6	threads	16	start_s	486.633524	wall_s	16.526223	setup_s	0.000082	classify_s	16.002156	close_s	0.318913	report_s	0.195084	status	0	sequences	14472574	bases	2738529910	classified	14022498	place	lpt	weight	14472574
ak2-sample	batch	2	name	2-SRR5935817	mode	parallel	s3client	sdk	rank	0	role	home	inflight	6	threads	16	start_s	487.227005	wall_s	16.026768	setup_s	0.000137	classify_s	15.542141	close_s	0.243396	report_s	0.230928	status	0	sequences	14261195	bases	2665696979	classified	13980324	place	lpt	weight	14261195
14615323 sequences (2691.06 Mbp) processed in 16.094s (54485.7 Kseq/m, 10032.25 Mbp/m).
  14358414 sequences classified (98.24%)
  256909 sequences unclassified (1.76%)
ak2-sample	batch	2	name	2-SRR5935753	mode	parallel	s3client	sdk	rank	0	role	home	inflight	6	threads	16	start_s	487.232418	wall_s	16.151614	setup_s	0.000087	classify_s	15.670803	close_s	0.244200	report_s	0.225288	status	0	sequences	14164085	bases	2640398097	classified	13689575	place	lpt	weight	14164085
13365245 sequences (2460.33 Mbp) processed in 15.019s (53391.7 Kseq/m, 9828.56 Mbp/m).
  13192260 sequences classified (98.71%)
  172985 sequences unclassified (1.29%)
ak2-sample	batch	2	name	2-SRR5935838	mode	parallel	s3client	sdk	rank	0	role	home	inflight	6	threads	16	start_s	486.585065	wall_s	16.919113	setup_s	0.000065	classify_s	16.094475	close_s	0.663804	report_s	0.151595	status	0	sequences	14615323	bases	2691062094	classified	14358414	place	lpt	weight	14615323
ak2-sample	batch	2	name	2-SRR5935822	mode	parallel	s3client	sdk	rank	0	role	home	inflight	6	threads	16	start_s	488.108056	wall_s	15.516086	setup_s	0.000097	classify_s	15.019458	close_s	0.296590	report_s	0.192246	status	0	sequences	13365245	bases	2460327516	classified	13192260	place	lpt	weight	13365245
14120624 sequences (2649.39 Mbp) processed in 15.352s (55188.9 Kseq/m, 10354.87 Mbp/m).
  13394795 sequences classified (94.86%)
  725829 sequences unclassified (5.14%)
ak2-sample	batch	2	name	2-SRR5935766	mode	parallel	s3client	sdk	rank	0	role	home	inflight	6	threads	16	start_s	488.017143	wall_s	16.186017	setup_s	0.000096	classify_s	15.351581	close_s	0.286093	report_s	0.536889	status	0	sequences	14120624	bases	2649393059	classified	13394795	place	lpt	weight	14120624
12793053 sequences (2357.69 Mbp) processed in 14.947s (51354.1 Kseq/m, 9464.27 Mbp/m).
  12609886 sequences classified (98.57%)
  183167 sequences unclassified (1.43%)
ak2-sample	batch	2	name	2-SRR5935831	mode	parallel	s3client	sdk	rank	0	role	home	inflight	6	threads	16	start_s	503.253795	wall_s	15.382832	setup_s	0.000056	classify_s	14.946865	close_s	0.237027	report_s	0.191531	status	0	sequences	12793053	bases	2357685670	classified	12609886	place	lpt	weight	12793053
11859598 sequences (2188.90 Mbp) processed in 14.365s (49534.7 Kseq/m, 9142.52 Mbp/m).
  10951240 sequences classified (92.34%)
  908358 sequences unclassified (7.66%)
12252617 sequences (2212.67 Mbp) processed in 14.897s (49350.6 Kseq/m, 8912.13 Mbp/m).
  10208851 sequences classified (83.32%)
  2043766 sequences unclassified (16.68%)
13162386 sequences (2465.10 Mbp) processed in 15.433s (51170.8 Kseq/m, 9583.45 Mbp/m).
  12297712 sequences classified (93.43%)
  864674 sequences unclassified (6.57%)
12711109 sequences (2382.42 Mbp) processed in 15.253s (50002.3 Kseq/m, 9371.83 Mbp/m).
  11452616 sequences classified (90.10%)
  1258493 sequences unclassified (9.90%)
ak2-sample	batch	2	name	2-SRR5935748	mode	parallel	s3client	sdk	rank	0	role	home	inflight	6	threads	16	start_s	504.203371	wall_s	14.758156	setup_s	0.004862	classify_s	14.365210	close_s	0.189973	report_s	0.180028	status	0	sequences	11859598	bases	2188903487	classified	10951240	place	lpt	weight	11859598
ak2-sample	batch	2	name	2-SRR5935774	mode	parallel	s3client	sdk	rank	0	role	home	inflight	6	threads	16	start_s	503.504231	wall_s	15.509270	setup_s	0.000091	classify_s	14.896612	close_s	0.396641	report_s	0.192790	status	0	sequences	12252617	bases	2212674525	classified	10208851	place	lpt	weight	12252617
ak2-sample	batch	2	name	2-SRR5935801	mode	parallel	s3client	sdk	rank	0	role	home	inflight	6	threads	16	start_s	503.159771	wall_s	15.908674	setup_s	0.000060	classify_s	15.433469	close_s	0.226356	report_s	0.228163	status	0	sequences	13162386	bases	2465096767	classified	12297712	place	lpt	weight	13162386
12244248 sequences (2292.24 Mbp) processed in 15.152s (48484.4 Kseq/m, 9076.73 Mbp/m).
  11933067 sequences classified (97.46%)
  311181 sequences unclassified (2.54%)
ak2-sample	batch	2	name	2-SRR5935833	mode	parallel	s3client	sdk	rank	0	role	home	inflight	6	threads	16	start_s	503.384058	wall_s	15.750011	setup_s	0.000055	classify_s	15.252632	close_s	0.246571	report_s	0.231844	status	0	sequences	12711109	bases	2382418955	classified	11452616	place	lpt	weight	12711109
ak2-sample	batch	2	name	2-SRR5935816	mode	parallel	s3client	sdk	rank	0	role	home	inflight	6	threads	16	start_s	503.624236	wall_s	15.789336	setup_s	0.000073	classify_s	15.152405	close_s	0.312462	report_s	0.316685	status	0	sequences	12244248	bases	2292238030	classified	11933067	place	lpt	weight	12244248
11458367 sequences (2115.94 Mbp) processed in 13.364s (51443.2 Kseq/m, 9499.65 Mbp/m).
  9654089 sequences classified (84.25%)
  1804278 sequences unclassified (15.75%)
10834778 sequences (1957.59 Mbp) processed in 12.992s (50037.8 Kseq/m, 9040.64 Mbp/m).
  10642489 sequences classified (98.23%)
  192289 sequences unclassified (1.77%)
10896278 sequences (2024.82 Mbp) processed in 13.098s (49915.4 Kseq/m, 9275.63 Mbp/m).
  10712521 sequences classified (98.31%)
  183757 sequences unclassified (1.69%)
ak2-sample	batch	2	name	2-SRR5935760	mode	parallel	s3client	sdk	rank	0	role	home	inflight	6	threads	16	start_s	519.134279	wall_s	13.352893	setup_s	0.000110	classify_s	12.991918	close_s	0.218260	report_s	0.135664	status	0	sequences	10834778	bases	1957586977	classified	10642489	place	lpt	weight	10834778
11437813 sequences (2096.18 Mbp) processed in 13.290s (51637.1 Kseq/m, 9463.42 Mbp/m).
  10922134 sequences classified (95.49%)
  515679 sequences unclassified (4.51%)
ak2-sample	batch	2	name	2-SRR5935825	mode	parallel	s3client	sdk	rank	0	role	home	inflight	6	threads	16	start_s	518.636657	wall_s	13.918578	setup_s	0.000069	classify_s	13.364302	close_s	0.223185	report_s	0.304747	status	0	sequences	11458367	bases	2115935464	classified	9654089	place	lpt	weight	11458367
11220767 sequences (2068.35 Mbp) processed in 13.293s (50646.5 Kseq/m, 9335.78 Mbp/m).
  10523542 sequences classified (93.79%)
  697225 sequences unclassified (6.21%)
ak2-sample	batch	2	name	2-SRR5935819	mode	parallel	s3client	sdk	rank	0	role	home	inflight	6	threads	16	start_s	519.068471	wall_s	13.543617	setup_s	0.000052	classify_s	13.097683	close_s	0.286251	report_s	0.152840	status	0	sequences	10896278	bases	2024821947	classified	10712521	place	lpt	weight	10896278
ak2-sample	batch	2	name	2-SRR5935792	mode	parallel	s3client	sdk	rank	0	role	home	inflight	6	threads	16	start_s	518.961561	wall_s	13.722745	setup_s	0.000066	classify_s	13.290224	close_s	0.283673	report_s	0.139380	status	0	sequences	11437813	bases	2096182336	classified	10922134	place	lpt	weight	11437813
10554303 sequences (1946.56 Mbp) processed in 13.038s (48570.6 Kseq/m, 8958.04 Mbp/m).
  10062971 sequences classified (95.34%)
  491332 sequences unclassified (4.66%)
ak2-sample	batch	2	name	2-SRR5935829	mode	parallel	s3client	sdk	rank	0	role	home	inflight	6	threads	16	start_s	519.013528	wall_s	13.779177	setup_s	0.000052	classify_s	13.293051	close_s	0.245417	report_s	0.226260	status	0	sequences	11220767	bases	2068350513	classified	10523542	place	lpt	weight	11220767
ak2-sample	batch	2	name	2-SRR5935778	mode	parallel	s3client	sdk	rank	0	role	home	inflight	6	threads	16	start_s	519.413641	wall_s	13.658509	setup_s	0.000619	classify_s	13.037888	close_s	0.286842	report_s	0.321022	status	0	sequences	10554303	bases	1946564732	classified	10062971	place	lpt	weight	10554303
9337913 sequences (1691.90 Mbp) processed in 11.388s (49196.6 Kseq/m, 8913.75 Mbp/m).
  8897092 sequences classified (95.28%)
  440821 sequences unclassified (4.72%)
9230220 sequences (1688.15 Mbp) processed in 11.365s (48730.3 Kseq/m, 8912.48 Mbp/m).
  8736529 sequences classified (94.65%)
  493691 sequences unclassified (5.35%)
ak2-sample	batch	2	name	2-SRR5935837	mode	parallel	s3client	sdk	rank	0	role	home	inflight	6	threads	16	start_s	532.684333	wall_s	11.898707	setup_s	0.000065	classify_s	11.388480	close_s	0.231685	report_s	0.266911	status	0	sequences	9337913	bases	1691901005	classified	8897092	place	lpt	weight	9337913
ak2-sample	batch	2	name	2-SRR5935771	mode	parallel	s3client	sdk	rank	0	role	home	inflight	6	threads	16	start_s	532.792779	wall_s	11.792236	setup_s	0.000098	classify_s	11.364867	close_s	0.245481	report_s	0.168411	status	0	sequences	9230220	bases	1688151903	classified	8736529	place	lpt	weight	9230220
10479816 sequences (1916.83 Mbp) processed in 11.965s (52553.2 Kseq/m, 9612.33 Mbp/m).
  9679024 sequences classified (92.36%)
  800792 sequences unclassified (7.64%)
9108174 sequences (1698.33 Mbp) processed in 11.360s (48104.8 Kseq/m, 8969.73 Mbp/m).
  8923230 sequences classified (97.97%)
  184944 sequences unclassified (2.03%)
ak2-sample	batch	2	name	2-SRR5935754	mode	parallel	s3client	sdk	rank	0	role	home	inflight	6	threads	16	start_s	532.555257	wall_s	12.430359	setup_s	0.000057	classify_s	11.964818	close_s	0.236230	report_s	0.211975	status	0	sequences	10479816	bases	1916830360	classified	9679024	place	lpt	weight	10479816
10067025 sequences (1870.49 Mbp) processed in 12.020s (50252.6 Kseq/m, 9337.14 Mbp/m).
  9884918 sequences classified (98.19%)
  182107 sequences unclassified (1.81%)
ak2-sample	batch	2	name	2-SRR5935811	mode	parallel	s3client	sdk	rank	0	role	home	inflight	6	threads	16	start_s	532.612112	wall_s	12.547428	setup_s	0.000053	classify_s	12.019705	close_s	0.371306	report_s	0.148918	status	0	sequences	10067025	bases	1870494351	classified	9884918	place	lpt	weight	10067025
ak2-sample	batch	2	name	2-SRR5935812	mode	parallel	s3client	sdk	rank	0	role	home	inflight	6	threads	16	start_s	533.072195	wall_s	12.124548	setup_s	0.000096	classify_s	11.360422	close_s	0.532814	report_s	0.222885	status	0	sequences	9108174	bases	1698332428	classified	8923230	place	lpt	weight	9108174
10492437 sequences (1984.14 Mbp) processed in 12.489s (50406.1 Kseq/m, 9531.89 Mbp/m).
  9889429 sequences classified (94.25%)
  603008 sequences unclassified (5.75%)
ak2-sample	batch	2	name	2-SRR5935745	mode	parallel	s3client	sdk	rank	0	role	home	inflight	6	threads	16	start_s	532.487194	wall_s	13.202164	setup_s	0.000076	classify_s	12.489494	close_s	0.295576	report_s	0.390531	status	0	sequences	10492437	bases	1984140901	classified	9889429	place	lpt	weight	10492437
6882441 sequences (1244.79 Mbp) processed in 9.032s (45721.4 Kseq/m, 8269.37 Mbp/m).
  6619730 sequences classified (96.18%)
  262711 sequences unclassified (3.82%)
8745078 sequences (1626.83 Mbp) processed in 10.186s (51512.6 Kseq/m, 9582.80 Mbp/m).
  8520266 sequences classified (97.43%)
  224812 sequences unclassified (2.57%)
ak2-sample	batch	2	name	2-SRR5935832	mode	parallel	s3client	sdk	rank	0	role	home	inflight	6	threads	16	start_s	545.689454	wall_s	9.412901	setup_s	0.000111	classify_s	9.031791	close_s	0.205214	report_s	0.167497	status	0	sequences	6882441	bases	1244786679	classified	6619730	place	lpt	weight	6882441
8877621 sequences (1663.95 Mbp) processed in 10.412s (51159.0 Kseq/m, 9588.81 Mbp/m).
  8212460 sequences classified (92.51%)
  665161 sequences unclassified (7.49%)
ak2-sample	batch	2	name	2-SRR5935824	mode	parallel	s3client	sdk	rank	0	role	home	inflight	6	threads	16	start_s	544.585047	wall_s	10.695311	setup_s	0.000052	classify_s	10.185955	close_s	0.319068	report_s	0.178174	status	0	sequences	8745078	bases	1626833325	classified	8520266	place	lpt	weight	8745078
7153468 sequences (1337.27 Mbp) processed in 9.667s (44401.4 Kseq/m, 8300.40 Mbp/m).
  6947959 sequences classified (97.13%)
  205509 sequences unclassified (2.87%)
ak2-sample	batch	2	name	2-SRR5935818	mode	parallel	s3client	sdk	rank	0	role	home	inflight	6	threads	16	start_s	544.583072	wall_s	10.793632	setup_s	0.000064	classify_s	10.411797	close_s	0.189583	report_s	0.179169	status	0	sequences	8877621	bases	1663945574	classified	8212460	place	lpt	weight	8877621
8173049 sequences (1459.57 Mbp) processed in 9.978s (49145.7 Kseq/m, 8776.58 Mbp/m).
  7956066 sequences classified (97.35%)
  216983 sequences unclassified (2.65%)
8439357 sequences (1550.81 Mbp) processed in 10.164s (49818.0 Kseq/m, 9154.54 Mbp/m).
  8138623 sequences classified (96.44%)
  300734 sequences unclassified (3.56%)
ak2-sample	batch	2	name	2-SRR5935777	mode	parallel	s3client	sdk	rank	0	role	home	inflight	6	threads	16	start_s	545.159577	wall_s	10.374508	setup_s	0.001356	classify_s	9.978139	close_s	0.249710	report_s	0.138578	status	0	sequences	8173049	bases	1459565869	classified	7956066	place	lpt	weight	8173049
ak2-sample	batch	2	name	2-SRR5935815	mode	parallel	s3client	sdk	rank	0	role	home	inflight	6	threads	16	start_s	545.196826	wall_s	10.337666	setup_s	0.000083	classify_s	9.666536	close_s	0.449684	report_s	0.212699	status	0	sequences	7153468	bases	1337267943	classified	6947959	place	lpt	weight	7153468
ak2-sample	batch	2	name	2-SRR5935797	mode	parallel	s3client	sdk	rank	0	role	home	inflight	6	threads	16	start_s	544.985660	wall_s	10.852310	setup_s	0.000100	classify_s	10.164218	close_s	0.334884	report_s	0.343771	status	0	sequences	8439357	bases	1550811438	classified	8138623	place	lpt	weight	8439357
1539039 sequences (293.66 Mbp) processed in 3.755s (24590.4 Kseq/m, 4691.99 Mbp/m).
  1494119 sequences classified (97.08%)
  44920 sequences unclassified (2.92%)
ak2-sample	batch	2	name	2-SRR5935809	mode	parallel	s3client	sdk	rank	0	role	home	inflight	6	threads	16	start_s	555.838021	wall_s	4.216910	setup_s	0.000125	classify_s	3.755225	close_s	0.340016	report_s	0.116278	status	0	sequences	1539039	bases	293657718	classified	1494119	place	lpt	weight	1539039
2565282 sequences (465.56 Mbp) processed in 4.582s (33592.5 Kseq/m, 6096.58 Mbp/m).
  2508539 sequences classified (97.79%)
  56743 sequences unclassified (2.21%)
ak2-sample	batch	2	name	2-SRR5935783	mode	parallel	s3client	sdk	rank	0	role	home	inflight	6	threads	16	start_s	555.534539	wall_s	4.958774	setup_s	0.000071	classify_s	4.581878	close_s	0.187577	report_s	0.184957	status	0	sequences	2565282	bases	465562992	classified	2508539	place	lpt	weight	2565282
3168882 sequences (592.65 Mbp) processed in 4.958s (38347.6 Kseq/m, 7171.82 Mbp/m).
  3127330 sequences classified (98.69%)
  41552 sequences unclassified (1.31%)
3036382 sequences (569.20 Mbp) processed in 4.860s (37483.8 Kseq/m, 7026.77 Mbp/m).
  2817388 sequences classified (92.79%)
  218994 sequences unclassified (7.21%)
ak2-sample	batch	2	name	2-SRR5935776	mode	parallel	s3client	sdk	rank	0	role	home	inflight	6	threads	16	start_s	555.376722	wall_s	5.484579	setup_s	0.000061	classify_s	4.958139	close_s	0.245173	report_s	0.273629	status	0	sequences	3168882	bases	592648009	classified	3127330	place	lpt	weight	3168882
ak2-sample	batch	2	name	2-SRR5935747	mode	parallel	s3client	sdk	rank	0	role	home	inflight	6	threads	16	start_s	555.534116	wall_s	5.547547	setup_s	0.000088	classify_s	4.860308	close_s	0.443001	report_s	0.233383	status	0	sequences	3036382	bases	569204188	classified	2817388	place	lpt	weight	3036382
297656 sequences (54.18 Mbp) processed in 0.751s (23780.4 Kseq/m, 4328.27 Mbp/m).
  290837 sequences classified (97.71%)
  6819 sequences unclassified (2.29%)
1341509 sequences (254.99 Mbp) processed in 1.215s (66265.2 Kseq/m, 12595.68 Mbp/m).
  1320808 sequences classified (98.46%)
  20701 sequences unclassified (1.54%)
5166420 sequences (956.19 Mbp) processed in 6.092s (50884.6 Kseq/m, 9417.63 Mbp/m).
  4901709 sequences classified (94.88%)
  264711 sequences unclassified (5.12%)
ak2-sample	batch	2	name	2-SRR5935821	mode	parallel	s3client	sdk	rank	0	role	home	inflight	6	threads	16	start_s	560.493451	wall_s	1.115376	setup_s	0.000079	classify_s	0.751012	close_s	0.248526	report_s	0.114533	status	0	sequences	297656	bases	54176352	classified	290837	place	lpt	weight	297656
ak2-sample	batch	2	name	2-SRR5935835	mode	parallel	s3client	sdk	rank	0	role	home	inflight	6	threads	16	start_s	560.055036	wall_s	1.565283	setup_s	0.000068	classify_s	1.214673	close_s	0.225773	report_s	0.121762	status	0	sequences	1341509	bases	254993682	classified	1320808	place	lpt	weight	1341509
201473 sequences (36.75 Mbp) processed in 0.566s (21354.6 Kseq/m, 3894.73 Mbp/m).
  197603 sequences classified (98.08%)
  3870 sequences unclassified (1.92%)
ak2-sample	batch	2	name	2-SRR5935767	mode	parallel	s3client	sdk	rank	0	role	home	inflight	6	threads	16	start_s	555.280387	wall_s	6.428373	setup_s	0.000066	classify_s	6.091930	close_s	0.198680	report_s	0.130528	status	0	sequences	5166420	bases	956191777	classified	4901709	place	lpt	weight	5166420
5948317 sequences (1093.47 Mbp) processed in 6.432s (55488.9 Kseq/m, 10200.42 Mbp/m).
  5682744 sequences classified (95.54%)
  265573 sequences unclassified (4.46%)
ak2-sample	batch	2	name	2-SRR5935743	mode	parallel	s3client	sdk	rank	0	role	home	inflight	6	threads	16	start_s	560.861400	wall_s	0.927482	setup_s	0.000078	classify_s	0.566080	close_s	0.253089	report_s	0.107429	status	0	sequences	201473	bases	36745424	classified	197603	place	lpt	weight	201473
ak2-sample	batch	2	name	2-SRR5935779	mode	parallel	s3client	sdk	rank	0	role	home	inflight	6	threads	16	start_s	555.102378	wall_s	6.857843	setup_s	0.000060	classify_s	6.431901	close_s	0.227467	report_s	0.192507	status	0	sequences	5948317	bases	1093467848	classified	5682744	place	lpt	weight	5948317
ak2-timing	batch-barrier-2	561.960246	1.722953	2	0	0.795513	0.031276
ak2-timing	barrier	570.331465	0.000912	0	0	0.000855	0.000045
10532910 sequences (1945.09 Mbp) processed in 6.301s (100300.5 Kseq/m, 18522.30 Mbp/m).
  9366399 sequences classified (88.93%)
  1166511 sequences unclassified (11.07%)
ak2-sample	batch	3	name	3-SRR5935740	mode	striped	s3client	sdk	rank	0	role	emitter	inflight	1	threads	16	start_s	564.019829	wall_s	6.909089	setup_s	0.000037	classify_s	6.300815	close_s	0.291184	report_s	0.305269	status	0	sequences	10532910	bases	1945093294	classified	9366399	place	-	weight	-
ak2-timing	batch-barrier-3	570.928930	0.080073	0	0	0.003849	0.000199
ak2-timing	barrier	577.143097	0.000867	0	0	0.000812	0.000042
10532910 sequences (1945.09 Mbp) processed in 5.815s (108686.2 Kseq/m, 20070.89 Mbp/m).
  9366399 sequences classified (88.93%)
  1166511 sequences unclassified (11.07%)
ak2-sample	batch	4	name	4-SRR5935740	mode	striped	s3client	sdk	rank	0	role	emitter	inflight	1	threads	16	start_s	571.317719	wall_s	6.289587	setup_s	0.000037	classify_s	5.814670	close_s	0.328104	report_s	0.135166	status	0	sequences	10532910	bases	1945093294	classified	9366399	place	-	weight	-
ak2-timing	batch-barrier-4	577.607318	0.118837	0	0	0.002269	0.000118
ak2-timing	barrier	583.986444	0.000936	0	0	0.001224	0.000000
10532910 sequences (1945.09 Mbp) processed in 5.777s (109394.9 Kseq/m, 20201.75 Mbp/m).
  9366399 sequences classified (88.93%)
  1166511 sequences unclassified (11.07%)
ak2-sample	batch	5	name	5-SRR5935740	mode	striped	s3client	sdk	rank	0	role	emitter	inflight	1	threads	16	start_s	578.198654	wall_s	6.425200	setup_s	0.000041	classify_s	5.777004	close_s	0.466227	report_s	0.170169	status	0	sequences	10532910	bases	1945093294	classified	9366399	place	-	weight	-
ak2-timing	batch-barrier-5	584.623867	0.088913	0	0	0.002509	0.000000
10532910 sequences (1945.09 Mbp) processed in 5.796s (109032.1 Kseq/m, 20134.75 Mbp/m).
  9366399 sequences classified (88.93%)
  1166511 sequences unclassified (11.07%)
ak2-sample	batch	6	name	6-SRR5935740	mode	parallel	s3client	sdk	rank	0	role	home	inflight	6	threads	16	start_s	584.712797	wall_s	6.571135	setup_s	0.000038	classify_s	5.796228	close_s	0.380856	report_s	0.378737	status	0	sequences	10532910	bases	1945093294	classified	9366399	place	lpt	weight	10532910
ak2-timing	batch-barrier-6	591.283949	0.084189	0	0	0.002584	0.000133
10532910 sequences (1945.09 Mbp) processed in 5.805s (108864.2 Kseq/m, 20103.76 Mbp/m).
  9366399 sequences classified (88.93%)
  1166511 sequences unclassified (11.07%)
ak2-sample	batch	7	name	7-SRR5935740	mode	parallel	s3client	sdk	rank	0	role	home	inflight	6	threads	16	start_s	591.368161	wall_s	6.293067	setup_s	0.000043	classify_s	5.805164	close_s	0.308799	report_s	0.163743	status	0	sequences	10532910	bases	1945093294	classified	9366399	place	lpt	weight	10532910
ak2-timing	batch-barrier-7	597.661251	0.094406	0	0	0.002602	0.000134
10532910 sequences (1945.09 Mbp) processed in 5.779s (109361.9 Kseq/m, 20195.67 Mbp/m).
  9366399 sequences classified (88.93%)
  1166511 sequences unclassified (11.07%)
ak2-sample	batch	8	name	8-SRR5935740	mode	parallel	s3client	sdk	rank	0	role	home	inflight	6	threads	16	start_s	597.755679	wall_s	6.164757	setup_s	0.000054	classify_s	5.778744	close_s	0.223900	report_s	0.147146	status	0	sequences	10532910	bases	1945093294	classified	9366399	place	lpt	weight	10532910
ak2-timing	batch-barrier-8	603.920457	0.101337	0	0	0.002587	0.000133
ak2-engine	shard	0	n	2	lo	0	hi	148636458971	tail	302	full	false	empty_at	148636458983	keys	67818849837	batches	89910	probe_s	2753.545771	tail_probes	0	wrap_probes	0
ak2-engine	rendezvous	puts	13	gets	36
ak2-engine	s3	client	sdk	put	171	get	36	create_multipart	158	upload_part	18684	complete_multipart	158	abort_multipart	0	part_bytes	156112418229
ak2-engine	s3	client	cli	put	0	get	0	create_multipart	0	upload_part	0	complete_multipart	0	abort_multipart	0	part_bytes	0
ak2-engine	load	seconds	218.723362	requests	8878	retries	0	bytes	594545902692
ak2-engine	route	transport	nodes	calls	46517	keys	70159473393	batches	93034	route_s	836.180417	wait_s	4969.044816	gather_s	190.594093
ak2-engine	worker	scan_s	7772.745854	lookup_s	5995.881590	classify_s	5863.974479
ak2-timing	total	0.000001	605.124846	64261609	0	14682.887652	755.328095
