Loading database information...ak2-timing	opts	0.002750	0.000017	0	0	0.000000	0.000019
ak2-timing	taxo	0.002777	0.093691	87768	0	0.019716	0.081052
ak2-timing	shard-load-12	0.176837	41.504186	41139	0	50.166620	62.492435
ak2-timing	rendezvous	42.139381	12.460411	1910	0	0.021957	0.009156
ak2-timing	connect	54.599807	0.064196	716	0	0.013256	0.003473
ak2-timing	hash	0.096493	54.567531	45644	0	50.213532	62.509137
 done.
15312868 sequences (2847.18 Mbp) processed in 14.900s (61663.2 Kseq/m, 11465.26 Mbp/m).
  13152387 sequences classified (85.89%)
  2160481 sequences unclassified (14.11%)
ak2-sample	batch	0	name	0-SRR5935759	mode	parallel	s3client	sdk	rank	12	role	home	inflight	2	threads	16	start_s	54.664060	wall_s	15.362396	setup_s	0.000045	classify_s	14.899837	close_s	0.288665	report_s	0.161293	status	0	sequences	15312868	bases	2847175138	classified	13152387	place	lpt	weight	15312868
16286650 sequences (3018.35 Mbp) processed in 16.263s (60088.3 Kseq/m, 11135.97 Mbp/m).
  15278935 sequences classified (93.81%)
  1007715 sequences unclassified (6.19%)
ak2-sample	batch	0	name	0-SRR5935757	mode	parallel	s3client	sdk	rank	12	role	home	inflight	2	threads	16	start_s	54.664064	wall_s	16.872250	setup_s	0.000041	classify_s	16.262725	close_s	0.421269	report_s	0.172771	status	0	sequences	16286650	bases	3018354004	classified	15278935	place	lpt	weight	16286650
10590116 sequences (1935.91 Mbp) processed in 10.641s (59712.3 Kseq/m, 10915.61 Mbp/m).
  10426493 sequences classified (98.45%)
  163623 sequences unclassified (1.55%)
ak2-sample	batch	0	name	0-SRR5935765	mode	parallel	s3client	sdk	rank	12	role	home	inflight	2	threads	16	start_s	71.536852	wall_s	10.990547	setup_s	0.000057	classify_s	10.641139	close_s	0.211529	report_s	0.131635	status	0	sequences	10590116	bases	1935908855	classified	10426493	place	lpt	weight	10590116
13817496 sequences (2535.87 Mbp) processed in 12.438s (66656.6 Kseq/m, 12233.20 Mbp/m).
  12277050 sequences classified (88.85%)
  1540446 sequences unclassified (11.15%)
ak2-sample	batch	0	name	0-SRR5935785	mode	parallel	s3client	sdk	rank	12	role	home	inflight	2	threads	16	start_s	70.026483	wall_s	12.891433	setup_s	0.000073	classify_s	12.437628	close_s	0.234736	report_s	0.204534	status	0	sequences	13817496	bases	2535866229	classified	12277050	place	lpt	weight	13817496
1771479 sequences (333.19 Mbp) processed in 2.131s (49866.9 Kseq/m, 9379.16 Mbp/m).
  1476454 sequences classified (83.35%)
  295025 sequences unclassified (16.65%)
ak2-sample	batch	0	name	0-SRR5935793	mode	parallel	s3client	sdk	rank	12	role	home	inflight	2	threads	16	start_s	82.917943	wall_s	2.678564	setup_s	0.000083	classify_s	2.131451	close_s	0.316834	report_s	0.222332	status	0	sequences	1771479	bases	333187068	classified	1476454	place	lpt	weight	1771479
297656 sequences (54.18 Mbp) processed in 0.631s (28281.7 Kseq/m, 5147.55 Mbp/m).
  290837 sequences classified (97.71%)
  6819 sequences unclassified (2.29%)
ak2-sample	batch	0	name	0-SRR5935821	mode	parallel	s3client	sdk	rank	12	role	home	inflight	2	threads	16	start_s	85.596571	wall_s	1.052771	setup_s	0.000052	classify_s	0.631482	close_s	0.322529	report_s	0.097618	status	0	sequences	297656	bases	54176352	classified	290837	place	lpt	weight	297656
10067025 sequences (1870.49 Mbp) processed in 6.927s (87193.8 Kseq/m, 16200.97 Mbp/m).
  9884918 sequences classified (98.19%)
  182107 sequences unclassified (1.81%)
ak2-sample	batch	0	name	0-SRR5935811	mode	parallel	s3client	sdk	rank	12	role	home	inflight	2	threads	16	start_s	82.527424	wall_s	7.305618	setup_s	0.000056	classify_s	6.927343	close_s	0.257559	report_s	0.114543	status	0	sequences	10067025	bases	1870494351	classified	9884918	place	lpt	weight	10067025
ak2-timing	batch-barrier-0	89.833064	5.691543	2	0	2.356774	0.348051
14298074 sequences (2663.28 Mbp) processed in 14.254s (60186.0 Kseq/m, 11210.76 Mbp/m).
  14234512 sequences classified (99.56%)
  63562 sequences unclassified (0.44%)
ak2-sample	batch	1	name	1-SRR5935752	mode	parallel	s3client	sdk	rank	12	role	home	inflight	2	threads	16	start_s	95.524647	wall_s	14.654968	setup_s	0.000045	classify_s	14.253885	close_s	0.239493	report_s	0.157391	status	0	sequences	14298074	bases	2663280360	classified	14234512	place	mod	weight	14298074
15746753 sequences (2888.34 Mbp) processed in 15.412s (61302.5 Kseq/m, 11244.36 Mbp/m).
  14105631 sequences classified (89.58%)
  1641122 sequences unclassified (10.42%)
ak2-sample	batch	1	name	1-SRR5935768	mode	parallel	s3client	sdk	rank	12	role	home	inflight	2	threads	16	start_s	95.524636	wall_s	15.901366	setup_s	0.000072	classify_s	15.412187	close_s	0.293478	report_s	0.167981	status	0	sequences	15746753	bases	2888337209	classified	14105631	place	mod	weight	15746753
14800056 sequences (2772.79 Mbp) processed in 14.580s (60905.0 Kseq/m, 11410.55 Mbp/m).
  14536791 sequences classified (98.22%)
  263265 sequences unclassified (1.78%)
ak2-sample	batch	1	name	1-SRR5935784	mode	parallel	s3client	sdk	rank	12	role	home	inflight	2	threads	16	start_s	110.179834	wall_s	14.954018	setup_s	0.000067	classify_s	14.580148	close_s	0.227550	report_s	0.137455	status	0	sequences	14800056	bases	2772790740	classified	14536791	place	mod	weight	14800056
15080696 sequences (2770.85 Mbp) processed in 14.586s (62035.3 Kseq/m, 11398.04 Mbp/m).
  14478381 sequences classified (96.01%)
  602315 sequences unclassified (3.99%)
ak2-sample	batch	1	name	1-SRR5935800	mode	parallel	s3client	sdk	rank	12	role	home	inflight	2	threads	16	start_s	111.426184	wall_s	15.046481	setup_s	0.000062	classify_s	14.585912	close_s	0.291442	report_s	0.127885	status	0	sequences	15080696	bases	2770846238	classified	14478381	place	mod	weight	15080696
6882441 sequences (1244.79 Mbp) processed in 6.812s (60624.6 Kseq/m, 10964.81 Mbp/m).
  6619730 sequences classified (96.18%)
  262711 sequences unclassified (3.82%)
ak2-sample	batch	1	name	1-SRR5935832	mode	parallel	s3client	sdk	rank	12	role	home	inflight	2	threads	16	start_s	126.472688	wall_s	7.195174	setup_s	0.000063	classify_s	6.811539	close_s	0.224265	report_s	0.151437	status	0	sequences	6882441	bases	1244786679	classified	6619730	place	mod	weight	6882441
12244248 sequences (2292.24 Mbp) processed in 10.222s (71866.8 Kseq/m, 13454.15 Mbp/m).
  11933067 sequences classified (97.46%)
  311181 sequences unclassified (2.54%)
ak2-sample	batch	1	name	1-SRR5935816	mode	parallel	s3client	sdk	rank	12	role	home	inflight	2	threads	16	start_s	125.133878	wall_s	10.618309	setup_s	0.000067	classify_s	10.222446	close_s	0.228677	report_s	0.160489	status	0	sequences	12244248	bases	2292238030	classified	11933067	place	mod	weight	12244248
ak2-timing	batch-barrier-1	135.752208	4.361997	1	0	0.864136	0.141859
15312868 sequences (2847.18 Mbp) processed in 15.280s (60127.5 Kseq/m, 11179.71 Mbp/m).
  13152387 sequences classified (85.89%)
  2160481 sequences unclassified (14.11%)
ak2-sample	batch	2	name	2-SRR5935759	mode	parallel	s3client	sdk	rank	12	role	home	inflight	2	threads	16	start_s	140.114254	wall_s	15.705439	setup_s	0.000049	classify_s	15.280400	close_s	0.225828	report_s	0.187046	status	0	sequences	15312868	bases	2847175138	classified	13152387	place	lpt	weight	15312868
16286650 sequences (3018.35 Mbp) processed in 16.193s (60347.7 Kseq/m, 11184.05 Mbp/m).
  15278935 sequences classified (93.81%)
  1007715 sequences unclassified (6.19%)
ak2-sample	batch	2	name	2-SRR5935757	mode	parallel	s3client	sdk	rank	12	role	home	inflight	2	threads	16	start_s	140.114260	wall_s	16.757815	setup_s	0.000044	classify_s	16.192808	close_s	0.330568	report_s	0.219856	status	0	sequences	16286650	bases	3018354004	classified	15278935	place	lpt	weight	16286650
10590116 sequences (1935.91 Mbp) processed in 10.660s (59605.5 Kseq/m, 10896.08 Mbp/m).
  10426493 sequences classified (98.45%)
  163623 sequences unclassified (1.55%)
ak2-sample	batch	2	name	2-SRR5935765	mode	parallel	s3client	sdk	rank	12	role	home	inflight	2	threads	16	start_s	156.872748	wall_s	11.056541	setup_s	0.000050	classify_s	10.660215	close_s	0.218940	report_s	0.171278	status	0	sequences	10590116	bases	1935908855	classified	10426493	place	lpt	weight	10590116
13817496 sequences (2535.87 Mbp) processed in 12.707s (65244.5 Kseq/m, 11974.05 Mbp/m).
  12277050 sequences classified (88.85%)
  1540446 sequences unclassified (11.15%)
ak2-sample	batch	2	name	2-SRR5935785	mode	parallel	s3client	sdk	rank	12	role	home	inflight	2	threads	16	start_s	155.819714	wall_s	13.240075	setup_s	0.000061	classify_s	12.706815	close_s	0.357055	report_s	0.160151	status	0	sequences	13817496	bases	2535866229	classified	12277050	place	lpt	weight	13817496
1771479 sequences (333.19 Mbp) processed in 2.126s (49984.1 Kseq/m, 9401.21 Mbp/m).
  1476454 sequences classified (83.35%)
  295025 sequences unclassified (16.65%)
ak2-sample	batch	2	name	2-SRR5935793	mode	parallel	s3client	sdk	rank	12	role	home	inflight	2	threads	16	start_s	169.059812	wall_s	2.543048	setup_s	0.000055	classify_s	2.126452	close_s	0.243798	report_s	0.165451	status	0	sequences	1771479	bases	333187068	classified	1476454	place	lpt	weight	1771479
297656 sequences (54.18 Mbp) processed in 0.592s (30193.3 Kseq/m, 5495.48 Mbp/m).
  290837 sequences classified (97.71%)
  6819 sequences unclassified (2.29%)
ak2-sample	batch	2	name	2-SRR5935821	mode	parallel	s3client	sdk	rank	12	role	home	inflight	2	threads	16	start_s	171.602932	wall_s	1.012138	setup_s	0.000058	classify_s	0.591501	close_s	0.250856	report_s	0.168597	status	0	sequences	297656	bases	54176352	classified	290837	place	lpt	weight	297656
10067025 sequences (1870.49 Mbp) processed in 7.091s (85182.7 Kseq/m, 15827.30 Mbp/m).
  9884918 sequences classified (98.19%)
  182107 sequences unclassified (1.81%)
ak2-sample	batch	2	name	2-SRR5935811	mode	parallel	s3client	sdk	rank	12	role	home	inflight	2	threads	16	start_s	167.929367	wall_s	7.567438	setup_s	0.000059	classify_s	7.090891	close_s	0.277734	report_s	0.192875	status	0	sequences	10067025	bases	1870494351	classified	9884918	place	lpt	weight	10067025
ak2-timing	batch-barrier-2	175.496828	5.656323	2	0	1.933562	0.328172
ak2-timing	barrier	187.215759	0.133105	0	0	0.002953	0.000250
ak2-sample	batch	3	name	3-SRR5935740	mode	striped	s3client	sdk	rank	12	role	peer	inflight	1	threads	16	start_s	181.583621	wall_s	5.765293	setup_s	0.000047	classify_s	5.628129	close_s	0.000000	report_s	0.000000	status	0	sequences	0	bases	0	classified	0	place	-	weight	-
ak2-timing	batch-barrier-3	187.348923	0.509834	1	0	0.006335	0.000000
ak2-timing	barrier	194.286124	0.135641	0	0	0.009479	0.000799
ak2-sample	batch	4	name	4-SRR5935740	mode	striped	s3client	sdk	rank	12	role	peer	inflight	1	threads	16	start_s	188.651983	wall_s	5.769825	setup_s	0.000043	classify_s	5.629782	close_s	0.000000	report_s	0.000000	status	0	sequences	0	bases	0	classified	0	place	-	weight	-
ak2-timing	batch-barrier-4	194.421816	0.486590	3	0	0.000000	0.006004
ak2-timing	barrier	201.375706	0.148337	0	0	0.007204	0.000605
ak2-sample	batch	5	name	5-SRR5935740	mode	striped	s3client	sdk	rank	12	role	peer	inflight	1	threads	16	start_s	195.745482	wall_s	5.778604	setup_s	0.000049	classify_s	5.626080	close_s	0.000000	report_s	0.000000	status	0	sequences	0	bases	0	classified	0	place	-	weight	-
ak2-timing	batch-barrier-5	201.524095	0.851648	0	0	0.005890	0.000495
ak2-timing	batch-barrier-6	202.375761	7.105595	1	0	0.657751	0.122000
ak2-timing	batch-barrier-7	209.481376	8.063324	2	0	0.688933	0.136300
ak2-timing	batch-barrier-8	217.544719	6.088436	2	0	0.618452	0.092703
ak2-engine	shard	0	n	16	lo	222954688456	hi	241534245827	tail	302	full	false	empty_at	18579557382	keys	8470448595	batches	89910	probe_s	198.934863	tail_probes	0	wrap_probes	0
ak2-engine	rendezvous	puts	13	gets	439
ak2-engine	s3	client	sdk	put	33	get	439	create_multipart	20	upload_part	2335	complete_multipart	20	abort_multipart	0	part_bytes	19474620358
ak2-engine	s3	client	cli	put	0	get	0	create_multipart	0	upload_part	0	complete_multipart	0	abort_multipart	0	part_bytes	0
ak2-engine	load	seconds	41.504183	requests	1126	retries	0	bytes	74318296292
ak2-engine	route	transport	nodes	calls	5708	keys	8599684984	batches	91328	route_s	97.266420	wait_s	351.188180	gather_s	19.024373
ak2-engine	worker	scan_s	727.490798	lookup_s	467.483081	classify_s	626.927061
ak2-timing	total	0.000001	223.761601	9930632	0	1659.489545	139.806814
