Loading database information...ak2-timing	opts	0.002724	0.000018	0	0	0.000017	0.000000
ak2-timing	taxo	0.002750	0.100614	87799	0	0.003993	0.111039
ak2-engine	mem	t_s	15.0	rss_kib	26335900	hwm_kib	26335904	heap_inuse	397557760	sys	415824232	avail_kib	229969032
ak2-engine	mem	t_s	30.0	rss_kib	52773400	hwm_kib	52773404	heap_inuse	399851520	sys	424212840	avail_kib	203555380
ak2-engine	mem	t_s	45.0	rss_kib	79216996	hwm_kib	79217000	heap_inuse	401711104	sys	424212840	avail_kib	176987744
ak2-engine	mem	t_s	60.0	rss_kib	105650952	hwm_kib	105650956	heap_inuse	404119552	sys	424212840	avail_kib	150521332
ak2-engine	mem	t_s	75.0	rss_kib	132092788	hwm_kib	132092792	heap_inuse	406265856	sys	424212840	avail_kib	124087584
ak2-timing	shard-load-7	0.168508	83.134219	78004	0	111.808563	133.081845
ak2-timing	rendezvous	83.756822	0.241317	178	0	0.002119	0.002523
ak2-timing	connect	83.998153	0.049575	9	0	0.000323	0.000385
ak2-timing	hash	0.103393	83.944349	80042	0	111.823486	133.088685
 done.
ak2-engine	mem	t_s	90.0	rss_kib	155957016	hwm_kib	155957016	heap_inuse	10052640768	sys	11342818760	avail_kib	98215928
16720060 sequences (3103.13 Mbp) processed in 17.363s (57777.9 Kseq/m, 10723.19 Mbp/m).
  16427692 sequences classified (98.25%)
  292368 sequences unclassified (1.75%)
ak2-sample	batch	0	name	0-SRR5935802	mode	parallel	s3client	sdk	rank	7	role	home	inflight	2	threads	16	start_s	84.047773	wall_s	17.850971	setup_s	0.000047	classify_s	17.363103	close_s	0.320238	report_s	0.159274	status	0	sequences	16720060	bases	3103131942	classified	16427692	place	lpt	weight	16720060
16980616 sequences (3155.64 Mbp) processed in 17.646s (57739.0 Kseq/m, 10730.09 Mbp/m).
  16106690 sequences classified (94.85%)
  873926 sequences unclassified (5.15%)
ak2-sample	batch	0	name	0-SRR5935813	mode	parallel	s3client	sdk	rank	7	role	home	inflight	2	threads	16	start_s	84.047776	wall_s	18.460836	setup_s	0.000043	classify_s	17.645555	close_s	0.523383	report_s	0.278274	status	0	sequences	16980616	bases	3155638888	classified	16106690	place	lpt	weight	16980616
ak2-engine	mem	t_s	105.0	rss_kib	156133796	hwm_kib	156777040	heap_inuse	9863389184	sys	12040004488	avail_kib	97898396
14800056 sequences (2772.79 Mbp) processed in 15.304s (58024.8 Kseq/m, 10870.95 Mbp/m).
  14536791 sequences classified (98.22%)
  263265 sequences unclassified (1.78%)
15746753 sequences (2888.34 Mbp) processed in 16.004s (59034.6 Kseq/m, 10828.39 Mbp/m).
  14105631 sequences classified (89.58%)
  1641122 sequences unclassified (10.42%)
ak2-sample	batch	0	name	0-SRR5935784	mode	parallel	s3client	sdk	rank	7	role	home	inflight	2	threads	16	start_s	102.508690	wall_s	15.674130	setup_s	0.000072	classify_s	15.303857	close_s	0.217785	report_s	0.144126	status	0	sequences	14800056	bases	2772790740	classified	14536791	place	lpt	weight	14800056
ak2-sample	batch	0	name	0-SRR5935768	mode	parallel	s3client	sdk	rank	7	role	home	inflight	2	threads	16	start_s	101.898770	wall_s	16.421797	setup_s	0.000059	classify_s	16.004255	close_s	0.245676	report_s	0.156984	status	0	sequences	15746753	bases	2888337209	classified	14105631	place	lpt	weight	15746753
ak2-engine	mem	t_s	120.1	rss_kib	156319684	hwm_kib	157812784	heap_inuse	8066318336	sys	13443654872	avail_kib	96640132
12252617 sequences (2212.67 Mbp) processed in 12.524s (58700.7 Kseq/m, 10600.63 Mbp/m).
  10208851 sequences classified (83.32%)
  2043766 sequences unclassified (16.68%)
ak2-sample	batch	0	name	0-SRR5935774	mode	parallel	s3client	sdk	rank	7	role	home	inflight	2	threads	16	start_s	118.320591	wall_s	12.997993	setup_s	0.000067	classify_s	12.523828	close_s	0.293932	report_s	0.162634	status	0	sequences	12252617	bases	2212674525	classified	10208851	place	lpt	weight	12252617
14120624 sequences (2649.39 Mbp) processed in 14.582s (58103.3 Kseq/m, 10901.67 Mbp/m).
  13394795 sequences classified (94.86%)
  725829 sequences unclassified (5.14%)
ak2-sample	batch	0	name	0-SRR5935766	mode	parallel	s3client	sdk	rank	7	role	home	inflight	2	threads	16	start_s	118.182844	wall_s	14.985872	setup_s	0.000067	classify_s	14.581581	close_s	0.249489	report_s	0.144867	status	0	sequences	14120624	bases	2649393059	classified	13394795	place	lpt	weight	14120624
ak2-engine	mem	t_s	135.1	rss_kib	156443684	hwm_kib	157812784	heap_inuse	8775524352	sys	13443695832	avail_kib	96810716
11458367 sequences (2115.94 Mbp) processed in 11.115s (61855.8 Kseq/m, 11422.47 Mbp/m).
  9654089 sequences classified (84.25%)
  1804278 sequences unclassified (15.75%)
ak2-sample	batch	0	name	0-SRR5935825	mode	parallel	s3client	sdk	rank	7	role	home	inflight	2	threads	16	start_s	131.318610	wall_s	11.657178	setup_s	0.000069	classify_s	11.114592	close_s	0.345481	report_s	0.177994	status	0	sequences	11458367	bases	2115935464	classified	9654089	place	lpt	weight	11458367
10532910 sequences (1945.09 Mbp) processed in 10.557s (59862.1 Kseq/m, 11054.63 Mbp/m).
  9366399 sequences classified (88.93%)
  1166511 sequences unclassified (11.07%)
ak2-sample	batch	0	name	0-SRR5935740	mode	parallel	s3client	sdk	rank	7	role	home	inflight	2	threads	16	start_s	133.168744	wall_s	11.080040	setup_s	0.000069	classify_s	10.557172	close_s	0.241918	report_s	0.244598	status	0	sequences	10532910	bases	1945093294	classified	9366399	place	lpt	weight	10532910
ak2-engine	mem	t_s	150.1	rss_kib	157560588	hwm_kib	157812784	heap_inuse	9793789952	sys	13443728600	avail_kib	96216764
9337913 sequences (1691.90 Mbp) processed in 9.163s (61142.1 Kseq/m, 11078.10 Mbp/m).
  8897092 sequences classified (95.28%)
  440821 sequences unclassified (4.72%)
ak2-sample	batch	0	name	0-SRR5935837	mode	parallel	s3client	sdk	rank	7	role	home	inflight	2	threads	16	start_s	142.975852	wall_s	9.619490	setup_s	0.000065	classify_s	9.163492	close_s	0.241012	report_s	0.204956	status	0	sequences	9337913	bases	1691901005	classified	8897092	place	lpt	weight	9337913
8439357 sequences (1550.81 Mbp) processed in 8.402s (60264.2 Kseq/m, 11074.11 Mbp/m).
  8138623 sequences classified (96.44%)
  300734 sequences unclassified (3.56%)
ak2-sample	batch	0	name	0-SRR5935797	mode	parallel	s3client	sdk	rank	7	role	home	inflight	2	threads	16	start_s	144.248807	wall_s	8.949733	setup_s	0.000074	classify_s	8.402362	close_s	0.230954	report_s	0.307745	status	0	sequences	8439357	bases	1550811438	classified	8138623	place	lpt	weight	8439357
1539039 sequences (293.66 Mbp) processed in 1.991s (46386.9 Kseq/m, 8850.89 Mbp/m).
  1494119 sequences classified (97.08%)
  44920 sequences unclassified (2.92%)
ak2-sample	batch	0	name	0-SRR5935809	mode	parallel	s3client	sdk	rank	7	role	home	inflight	2	threads	16	start_s	153.198639	wall_s	2.375348	setup_s	0.000117	classify_s	1.990700	close_s	0.242390	report_s	0.138127	status	0	sequences	1539039	bases	293657718	classified	1494119	place	lpt	weight	1539039
1341509 sequences (254.99 Mbp) processed in 1.739s (46284.6 Kseq/m, 8797.77 Mbp/m).
  1320808 sequences classified (98.46%)
  20701 sequences unclassified (1.54%)
ak2-sample	batch	0	name	0-SRR5935835	mode	parallel	s3client	sdk	rank	7	role	home	inflight	2	threads	16	start_s	155.574009	wall_s	2.176378	setup_s	0.000069	classify_s	1.739035	close_s	0.291682	report_s	0.142968	status	0	sequences	1341509	bases	254993682	classified	1320808	place	lpt	weight	1341509
7153468 sequences (1337.27 Mbp) processed in 6.053s (70909.1 Kseq/m, 13255.73 Mbp/m).
  6947959 sequences classified (97.13%)
  205509 sequences unclassified (2.87%)
ak2-sample	batch	0	name	0-SRR5935815	mode	parallel	s3client	sdk	rank	7	role	home	inflight	2	threads	16	start_s	152.595367	wall_s	6.502160	setup_s	0.000067	classify_s	6.052936	close_s	0.291822	report_s	0.150072	status	0	sequences	7153468	bases	1337267943	classified	6947959	place	lpt	weight	7153468
ak2-timing	batch-barrier-0	159.097545	0.426576	2	0	0.004042	0.000609
3036382 sequences (569.20 Mbp) processed in 3.700s (49240.4 Kseq/m, 9230.67 Mbp/m).
  2817388 sequences classified (92.79%)
  218994 sequences unclassified (7.21%)
ak2-sample	batch	1	name	1-SRR5935747	mode	parallel	s3client	sdk	rank	7	role	home	inflight	2	threads	16	start_s	159.524171	wall_s	4.101661	setup_s	0.000049	classify_s	3.699866	close_s	0.228219	report_s	0.167124	status	0	sequences	3036382	bases	569204188	classified	2817388	place	mod	weight	3036382
ak2-engine	mem	t_s	165.1	rss_kib	155900836	hwm_kib	157812784	heap_inuse	6370304000	sys	13443908824	avail_kib	97231252
6071697 sequences (1090.39 Mbp) processed in 6.298s (57845.7 Kseq/m, 10388.24 Mbp/m).
  5415115 sequences classified (89.19%)
  656582 sequences unclassified (10.81%)
ak2-sample	batch	1	name	1-SRR5935755	mode	parallel	s3client	sdk	rank	7	role	home	inflight	2	threads	16	start_s	159.524146	wall_s	6.765175	setup_s	0.000053	classify_s	6.297824	close_s	0.197733	report_s	0.258118	status	0	sequences	6071697	bases	1090388750	classified	5415115	place	mod	weight	6071697
5174437 sequences (978.78 Mbp) processed in 5.545s (55995.0 Kseq/m, 10591.82 Mbp/m).
  5104140 sequences classified (98.64%)
  70297 sequences unclassified (1.36%)
ak2-sample	batch	1	name	1-SRR5935763	mode	parallel	s3client	sdk	rank	7	role	home	inflight	2	threads	16	start_s	163.625932	wall_s	6.068444	setup_s	0.000064	classify_s	5.544531	close_s	0.311099	report_s	0.208196	status	0	sequences	5174437	bases	978777662	classified	5104140	place	mod	weight	5174437
9230220 sequences (1688.15 Mbp) processed in 9.104s (60831.1 Kseq/m, 11125.64 Mbp/m).
  8736529 sequences classified (94.65%)
  493691 sequences unclassified (5.35%)
ak2-sample	batch	1	name	1-SRR5935771	mode	parallel	s3client	sdk	rank	7	role	home	inflight	2	threads	16	start_s	166.289354	wall_s	9.508512	setup_s	0.000072	classify_s	9.104114	close_s	0.254603	report_s	0.138489	status	0	sequences	9230220	bases	1688151903	classified	8736529	place	mod	weight	9230220
5948317 sequences (1093.47 Mbp) processed in 6.178s (57765.0 Kseq/m, 10618.83 Mbp/m).
  5682744 sequences classified (95.54%)
  265573 sequences unclassified (4.46%)
ak2-sample	batch	1	name	1-SRR5935779	mode	parallel	s3client	sdk	rank	7	role	home	inflight	2	threads	16	start_s	169.695070	wall_s	6.636772	setup_s	0.000062	classify_s	6.178469	close_s	0.201815	report_s	0.250218	status	0	sequences	5948317	bases	1093467848	classified	5682744	place	mod	weight	5948317
ak2-engine	mem	t_s	180.1	rss_kib	156735796	hwm_kib	157812784	heap_inuse	7372857344	sys	13469172952	avail_kib	96295284
11924297 sequences (2214.84 Mbp) processed in 12.421s (57602.5 Kseq/m, 10699.22 Mbp/m).
  11742476 sequences classified (98.48%)
  181821 sequences unclassified (1.52%)
ak2-sample	batch	1	name	1-SRR5935795	mode	parallel	s3client	sdk	rank	7	role	home	inflight	2	threads	16	start_s	176.332505	wall_s	12.975920	setup_s	0.000082	classify_s	12.420594	close_s	0.416882	report_s	0.131526	status	0	sequences	11924297	bases	2214843465	classified	11742476	place	mod	weight	11924297
16351397 sequences (3065.56 Mbp) processed in 16.839s (58263.9 Kseq/m, 10923.31 Mbp/m).
  16166849 sequences classified (98.87%)
  184548 sequences unclassified (1.13%)
ak2-sample	batch	1	name	1-SRR5935787	mode	parallel	s3client	sdk	rank	7	role	home	inflight	2	threads	16	start_s	175.797892	wall_s	17.373775	setup_s	0.000065	classify_s	16.838613	close_s	0.353276	report_s	0.172030	status	0	sequences	16351397	bases	3065557655	classified	16166849	place	mod	weight	16351397
ak2-engine	mem	t_s	195.1	rss_kib	156591704	hwm_kib	157812784	heap_inuse	7292452864	sys	13469172952	avail_kib	96279732
10067025 sequences (1870.49 Mbp) processed in 10.393s (58115.7 Kseq/m, 10798.13 Mbp/m).
  9884918 sequences classified (98.19%)
  182107 sequences unclassified (1.81%)
ak2-sample	batch	1	name	1-SRR5935811	mode	parallel	s3client	sdk	rank	7	role	home	inflight	2	threads	16	start_s	193.171697	wall_s	10.809190	setup_s	0.000064	classify_s	10.393432	close_s	0.277735	report_s	0.130975	status	0	sequences	10067025	bases	1870494351	classified	9884918	place	mod	weight	10067025
18392491 sequences (3418.71 Mbp) processed in 18.455s (59797.4 Kseq/m, 11114.85 Mbp/m).
  18064386 sequences classified (98.22%)
  328105 sequences unclassified (1.78%)
ak2-sample	batch	1	name	1-SRR5935803	mode	parallel	s3client	sdk	rank	7	role	home	inflight	2	threads	16	start_s	189.308494	wall_s	18.939899	setup_s	0.000098	classify_s	18.454795	close_s	0.313033	report_s	0.161781	status	0	sequences	18392491	bases	3418705365	classified	18064386	place	mod	weight	18392491
ak2-engine	mem	t_s	210.1	rss_kib	156025960	hwm_kib	157812784	heap_inuse	9744834560	sys	13872309560	avail_kib	95612888
10896278 sequences (2024.82 Mbp) processed in 10.925s (59840.3 Kseq/m, 11119.93 Mbp/m).
  10712521 sequences classified (98.31%)
  183757 sequences unclassified (1.69%)
ak2-sample	batch	1	name	1-SRR5935819	mode	parallel	s3client	sdk	rank	7	role	home	inflight	2	threads	16	start_s	203.981708	wall_s	11.338423	setup_s	0.000060	classify_s	10.925366	close_s	0.242830	report_s	0.163831	status	0	sequences	10896278	bases	2024821947	classified	10712521	place	mod	weight	10896278
1341509 sequences (254.99 Mbp) processed in 1.775s (45340.5 Kseq/m, 8618.31 Mbp/m).
  1320808 sequences classified (98.46%)
  20701 sequences unclassified (1.54%)
ak2-sample	batch	1	name	1-SRR5935835	mode	parallel	s3client	sdk	rank	7	role	home	inflight	2	threads	16	start_s	215.320160	wall_s	2.119297	setup_s	0.000070	classify_s	1.775247	close_s	0.240246	report_s	0.101138	status	0	sequences	1341509	bases	254993682	classified	1320808	place	mod	weight	1341509
16260968 sequences (3012.84 Mbp) processed in 13.086s (74555.5 Kseq/m, 13813.67 Mbp/m).
  15948766 sequences classified (98.08%)
  312202 sequences unclassified (1.92%)
ak2-sample	batch	1	name	1-SRR5935827	mode	parallel	s3client	sdk	rank	7	role	home	inflight	2	threads	16	start_s	208.248419	wall_s	13.563272	setup_s	0.000066	classify_s	13.086333	close_s	0.289258	report_s	0.174829	status	0	sequences	16260968	bases	3012837135	classified	15948766	place	mod	weight	16260968
ak2-engine	mem	t_s	225.1	rss_kib	152001556	hwm_kib	157812784	heap_inuse	3998810112	sys	13872375096	avail_kib	98778548
ak2-engine	mem	t_s	240.1	rss_kib	152001560	hwm_kib	157812784	heap_inuse	4001947648	sys	13872375096	avail_kib	100809960
ak2-timing	batch-barrier-1	221.811714	20.645550	2	0	20.406120	2.018982
ak2-engine	mem	t_s	255.1	rss_kib	156700760	hwm_kib	157812784	heap_inuse	6850764800	sys	13872506168	avail_kib	96448528
16720060 sequences (3103.13 Mbp) processed in 17.554s (57149.4 Kseq/m, 10606.55 Mbp/m).
  16427692 sequences classified (98.25%)
  292368 sequences unclassified (1.75%)
ak2-sample	batch	2	name	2-SRR5935802	mode	parallel	s3client	sdk	rank	7	role	home	inflight	2	threads	16	start_s	242.457310	wall_s	17.970687	setup_s	0.000051	classify_s	17.554055	close_s	0.236367	report_s	0.171096	status	0	sequences	16720060	bases	3103131942	classified	16427692	place	lpt	weight	16720060
16980616 sequences (3155.64 Mbp) processed in 17.909s (56888.1 Kseq/m, 10571.95 Mbp/m).
  16106690 sequences classified (94.85%)
  873926 sequences unclassified (5.15%)
ak2-sample	batch	2	name	2-SRR5935813	mode	parallel	s3client	sdk	rank	7	role	home	inflight	2	threads	16	start_s	242.457314	wall_s	18.315719	setup_s	0.000053	classify_s	17.909494	close_s	0.209345	report_s	0.182826	status	0	sequences	16980616	bases	3155638888	classified	16106690	place	lpt	weight	16980616
ak2-engine	mem	t_s	270.2	rss_kib	157444576	hwm_kib	158116584	heap_inuse	8301592576	sys	13877519672	avail_kib	95975192
14800056 sequences (2772.79 Mbp) processed in 15.535s (57159.8 Kseq/m, 10708.88 Mbp/m).
  14536791 sequences classified (98.22%)
  263265 sequences unclassified (1.78%)
ak2-sample	batch	2	name	2-SRR5935784	mode	parallel	s3client	sdk	rank	7	role	home	inflight	2	threads	16	start_s	260.773113	wall_s	16.018721	setup_s	0.000076	classify_s	15.535464	close_s	0.264738	report_s	0.210029	status	0	sequences	14800056	bases	2772790740	classified	14536791	place	lpt	weight	14800056
15746753 sequences (2888.34 Mbp) processed in 16.218s (58255.3 Kseq/m, 10685.43 Mbp/m).
  14105631 sequences classified (89.58%)
  1641122 sequences unclassified (10.42%)
ak2-sample	batch	2	name	2-SRR5935768	mode	parallel	s3client	sdk	rank	7	role	home	inflight	2	threads	16	start_s	260.428022	wall_s	16.680377	setup_s	0.000067	classify_s	16.218366	close_s	0.283698	report_s	0.163030	status	0	sequences	15746753	bases	2888337209	classified	14105631	place	lpt	weight	15746753
ak2-engine	mem	t_s	285.2	rss_kib	157158524	hwm_kib	158116584	heap_inuse	9253502976	sys	13877519672	avail_kib	95515568
12252617 sequences (2212.67 Mbp) processed in 12.645s (58137.4 Kseq/m, 10498.91 Mbp/m).
  10208851 sequences classified (83.32%)
  2043766 sequences unclassified (16.68%)
ak2-sample	batch	2	name	2-SRR5935774	mode	parallel	s3client	sdk	rank	7	role	home	inflight	2	threads	16	start_s	277.108421	wall_s	13.127415	setup_s	0.000078	classify_s	12.645163	close_s	0.305426	report_s	0.159418	status	0	sequences	12252617	bases	2212674525	classified	10208851	place	lpt	weight	12252617
14120624 sequences (2649.39 Mbp) processed in 14.510s (58388.5 Kseq/m, 10955.19 Mbp/m).
  13394795 sequences classified (94.86%)
  725829 sequences unclassified (5.14%)
ak2-sample	batch	2	name	2-SRR5935766	mode	parallel	s3client	sdk	rank	7	role	home	inflight	2	threads	16	start_s	276.791858	wall_s	14.977933	setup_s	0.000048	classify_s	14.510347	close_s	0.250637	report_s	0.207492	status	0	sequences	14120624	bases	2649393059	classified	13394795	place	lpt	weight	14120624
ak2-engine	mem	t_s	300.2	rss_kib	157950476	hwm_kib	158116584	heap_inuse	9907298304	sys	13990970712	avail_kib	95394476
11458367 sequences (2115.94 Mbp) processed in 11.331s (60676.0 Kseq/m, 11204.60 Mbp/m).
  9654089 sequences classified (84.25%)
  1804278 sequences unclassified (15.75%)
ak2-sample	batch	2	name	2-SRR5935825	mode	parallel	s3client	sdk	rank	7	role	home	inflight	2	threads	16	start_s	290.235901	wall_s	11.748432	setup_s	0.000068	classify_s	11.330711	close_s	0.220690	report_s	0.178779	status	0	sequences	11458367	bases	2115935464	classified	9654089	place	lpt	weight	11458367
10532910 sequences (1945.09 Mbp) processed in 10.320s (61237.8 Kseq/m, 11308.67 Mbp/m).
  9366399 sequences classified (88.93%)
  1166511 sequences unclassified (11.07%)
ak2-sample	batch	2	name	2-SRR5935740	mode	parallel	s3client	sdk	rank	7	role	home	inflight	2	threads	16	start_s	291.769817	wall_s	10.745614	setup_s	0.000068	classify_s	10.320015	close_s	0.203376	report_s	0.205015	status	0	sequences	10532910	bases	1945093294	classified	9366399	place	lpt	weight	10532910
9337913 sequences (1691.90 Mbp) processed in 9.240s (60636.6 Kseq/m, 10986.52 Mbp/m).
  8897092 sequences classified (95.28%)
  440821 sequences unclassified (4.72%)
ak2-sample	batch	2	name	2-SRR5935837	mode	parallel	s3client	sdk	rank	7	role	home	inflight	2	threads	16	start_s	301.984360	wall_s	9.650751	setup_s	0.000066	classify_s	9.239875	close_s	0.245823	report_s	0.154959	status	0	sequences	9337913	bases	1691901005	classified	8897092	place	lpt	weight	9337913
8439357 sequences (1550.81 Mbp) processed in 8.967s (56467.1 Kseq/m, 10376.36 Mbp/m).
  8138623 sequences classified (96.44%)
  300734 sequences unclassified (3.56%)
ak2-sample	batch	2	name	2-SRR5935797	mode	parallel	s3client	sdk	rank	7	role	home	inflight	2	threads	16	start_s	302.515517	wall_s	9.373856	setup_s	0.000070	classify_s	8.967373	close_s	0.236607	report_s	0.161540	status	0	sequences	8439357	bases	1550811438	classified	8138623	place	lpt	weight	8439357
1539039 sequences (293.66 Mbp) processed in 2.309s (39991.8 Kseq/m, 7630.67 Mbp/m).
  1494119 sequences classified (97.08%)
  44920 sequences unclassified (2.92%)
ak2-sample	batch	2	name	2-SRR5935809	mode	parallel	s3client	sdk	rank	7	role	home	inflight	2	threads	16	start_s	311.889401	wall_s	2.686465	setup_s	0.000065	classify_s	2.309034	close_s	0.253603	report_s	0.119808	status	0	sequences	1539039	bases	293657718	classified	1494119	place	lpt	weight	1539039
ak2-engine	mem	t_s	315.2	rss_kib	157170324	hwm_kib	158116584	heap_inuse	9462218752	sys	13990970712	avail_kib	94719880
1341509 sequences (254.99 Mbp) processed in 1.699s (47385.1 Kseq/m, 9006.95 Mbp/m).
  1320808 sequences classified (98.46%)
  20701 sequences unclassified (1.54%)
ak2-sample	batch	2	name	2-SRR5935835	mode	parallel	s3client	sdk	rank	7	role	home	inflight	2	threads	16	start_s	314.575943	wall_s	2.039498	setup_s	0.000072	classify_s	1.698647	close_s	0.219872	report_s	0.118322	status	0	sequences	1341509	bases	254993682	classified	1320808	place	lpt	weight	1341509
7153468 sequences (1337.27 Mbp) processed in 6.186s (69383.6 Kseq/m, 12970.56 Mbp/m).
  6947959 sequences classified (97.13%)
  205509 sequences unclassified (2.87%)
ak2-sample	batch	2	name	2-SRR5935815	mode	parallel	s3client	sdk	rank	7	role	home	inflight	2	threads	16	start_s	311.635134	wall_s	6.545898	setup_s	0.000066	classify_s	6.186015	close_s	0.218106	report_s	0.134482	status	0	sequences	7153468	bases	1337267943	classified	6947959	place	lpt	weight	7153468
ak2-timing	batch-barrier-2	318.181052	1.037497	1	0	0.087584	0.029165
ak2-timing	barrier	326.108832	0.178428	0	0	0.011754	0.000000
ak2-sample	batch	3	name	3-SRR5935740	mode	striped	s3client	sdk	rank	7	role	peer	inflight	1	threads	16	start_s	320.399903	wall_s	5.887409	setup_s	0.000044	classify_s	5.703249	close_s	0.000000	report_s	0.000000	status	0	sequences	0	bases	0	classified	0	place	-	weight	-
ak2-timing	batch-barrier-3	326.287321	0.614915	1	0	0.005302	0.000000
ak2-engine	mem	t_s	330.2	rss_kib	149189200	hwm_kib	158116584	heap_inuse	2989449216	sys	13990970712	avail_kib	103086216
ak2-timing	barrier	332.877828	0.058972	0	0	0.000185	0.000015
ak2-sample	batch	4	name	4-SRR5935740	mode	striped	s3client	sdk	rank	7	role	peer	inflight	1	threads	16	start_s	327.169916	wall_s	5.766923	setup_s	0.000056	classify_s	5.702334	close_s	0.000000	report_s	0.000000	status	0	sequences	0	bases	0	classified	0	place	-	weight	-
ak2-timing	batch-barrier-4	332.936849	0.644380	0	0	0.005566	0.000475
ak2-timing	barrier	339.525984	0.073912	0	0	0.000184	0.000016
ak2-sample	batch	5	name	5-SRR5935740	mode	striped	s3client	sdk	rank	7	role	peer	inflight	1	threads	16	start_s	333.825885	wall_s	5.774048	setup_s	0.000049	classify_s	5.694459	close_s	0.000000	report_s	0.000000	status	0	sequences	0	bases	0	classified	0	place	-	weight	-
ak2-timing	batch-barrier-5	339.599944	0.639374	0	0	0.004805	0.000409
ak2-engine	mem	t_s	345.2	rss_kib	150154172	hwm_kib	158116584	heap_inuse	2949201920	sys	13990970712	avail_kib	103525452
ak2-timing	batch-barrier-6	340.239337	6.934028	0	0	1.415615	0.207987
ak2-timing	batch-barrier-7	347.173388	6.989563	0	0	1.588081	0.154937
ak2-timing	batch-barrier-8	354.162973	5.981502	0	0	1.201418	0.260279
ak2-engine	shard	0	n	8	lo	260113803199	hi	297272917942	tail	302	full	false	empty_at	37159114742	keys	16941985218	batches	89910	probe_s	465.986780	tail_probes	0	wrap_probes	0
ak2-engine	mem	t_s	360.1	rss_kib	150154172	hwm_kib	158116584	heap_inuse	2951077888	sys	13990970712	avail_kib	104548916
ak2-engine	rendezvous	puts	13	gets	283
ak2-engine	s3	client	sdk	put	51	get	283	create_multipart	38	upload_part	4088	complete_multipart	38	abort_multipart	0	part_bytes	34142515835
ak2-engine	s3	client	cli	put	0	get	0	create_multipart	0	upload_part	0	complete_multipart	0	abort_multipart	0	part_bytes	0
ak2-engine	load	seconds	83.134216	requests	2234	retries	0	bytes	148636525780
ak2-engine	route	transport	nodes	calls	10494	keys	15826860697	batches	83952	route_s	188.260815	wait_s	627.514680	gather_s	38.836484
ak2-engine	worker	scan_s	1458.830578	lookup_s	854.641888	classify_s	1248.026609
ak2-engine	mem	t_s	360.2	rss_kib	110513084	hwm_kib	158116584	heap_inuse	2951086080	sys	13990970712	avail_kib	134544344
ak2-timing	total	0.000001	360.418037	17299400	0	3132.278222	267.013189
