ak2: log tee up
ak2-phase	2026-10-08T05:11:32Z	1791436292	preamble	no
ak2: [2026-10-08T05:11:32Z] inherited $-=hBc (stub, as spawn started it: $-=hBc)
ak2: [2026-10-08T05:11:32Z] after set +e $-=hBc
ak2: [2026-10-08T05:11:32Z] gate=g3 run=20261008-051043-9c4a5c7-f7bd-n16-r13
ak2: [2026-10-08T05:11:32Z] aws shim installed and self-tested (/tmp/ak2-bin/aws -> /usr/bin/aws)
ak2: [2026-10-08T05:11:32Z] imds region=us-west-2 az=us-west-2a instance=i-07034033f8a88ba7d type=c8g.12xlarge ami=ami-09325776a00699513
ak2: [2026-10-08T05:11:32Z] bucket aws-kraken2-942542972736-us-west-2 region=us-west-2
ak2: [2026-10-08T05:11:33Z] bucket aws-kraken2-942542972736-us-west-2 payer=UNKNOWN
ak2: [2026-10-08T05:11:33Z] WARN: could not read Payer of aws-kraken2-942542972736-us-west-2 from the instance (launch host verified it)
ak2: [2026-10-08T05:11:33Z] bucket kraken2-ncbi-refseq-complete-v205 region=us-west-2
ak2: [2026-10-08T05:11:34Z] bucket kraken2-ncbi-refseq-complete-v205 payer=BucketOwner
ak2: [2026-10-08T05:11:34Z] region assert passed
ak2: [2026-10-08T05:11:34Z] drop_caches_ok=true
ak2: [2026-10-08T05:11:34Z] preamble done; spec body starts
ak2-phase	2026-10-08T05:11:34Z	1791436294	body	no
ak2: [2026-10-08T05:11:34Z] e3 cohort 20261008-051043-9c4a5c7-f7bd-n16 rank 13 of 16, commit 9c4a5c7; RODA kraken2-ncbi-refseq-complete-v205/Kraken2_RefSeqCompleteV205; samples aws-kraken2-942542972736-us-west-2/aws-kraken2/data/cohort; cohort 100
ak2-phase	2026-10-08T05:11:34Z	1791436294	setup	no
ak2: [2026-10-08T05:12:12Z] built 9c4a5c762db39c86a6d09e95a503f1b19d310b10; go version go1.27.1 linux/arm64; ip 172.31.29.58; nproc 48; mem_gib 92; threads 16, inflight 6
ak2-phase	2026-10-08T05:12:12Z	1791436332	manifest	no
ak2: [2026-10-08T05:12:13Z] staged s3://kraken2-ncbi-refseq-complete-v205/Kraken2_RefSeqCompleteV205/opts.k2d -> /home/ec2-user/ak2/db/roda/opts.k2d (56 bytes)
ak2: [2026-10-08T05:12:14Z] staged s3://kraken2-ncbi-refseq-complete-v205/Kraken2_RefSeqCompleteV205/taxo.k2d -> /home/ec2-user/ak2/db/roda/taxo.k2d (179150665 bytes)
ak2: [2026-10-08T05:12:14Z] RODA hash.k2d etag=f80959f9556b50d76b3e744afdd3b22a-8860 size=1189091671800
ak2: [2026-10-08T05:12:14Z] pushed out/rank13/c100.tsv
ak2: [2026-10-08T05:12:15Z] pushed out/rank13/placement.tsv
ak2: [2026-10-08T05:12:15Z] manifest c100: 306 lines in 9 batches; rank 13 reads 12 samples
ak2-phase	2026-10-08T05:12:15Z	1791436335	fetch	no
ak2: [2026-10-08T05:12:25Z] inputs staged and verified: 24 files, 14.56 GB
ak2: [2026-10-08T05:12:25Z] manifest c100: cohort: 306 samples in 9 batches check
ak2-phase	2026-10-08T05:12:25Z	1791436345	inv-c100	no
[c100] ak2-timing	taxo	0.003253	0.095840	87814	0	0.010782	0.088323
[c100] ak2-timing	shard-load-13	0.174244	29.317783	42835	0	41.844781	43.453999
Terminated
ak2: [2026-10-08T05:14:52Z] spec body exit rc=129 (SIGHUP)
ak2-phase	2026-10-08T05:14:52Z	1791436492	end	no
