Loading database information...ak2-timing	opts	0.003094	0.000015	0	0	0.000000	0.000013
ak2-timing	taxo	0.003114	0.116337	87837	0	0.039312	0.079996
ak2-timing	shard-load-6	0.181391	14.786754	24172	0	20.171874	19.735211
ak2-engine	mem	t_s	15.0	rss_kib	36684544	hwm_kib	36684548	heap_inuse	404848640	sys	438884712	avail_kib	58182040
ak2-engine	mem	t_s	30.0	rss_kib	36697140	hwm_kib	36697144	heap_inuse	418193408	sys	451611000	avail_kib	58581108
ak2-engine	mem	t_s	45.0	rss_kib	36705624	hwm_kib	36705628	heap_inuse	426901504	sys	460261752	avail_kib	58784784
ak2-engine	mem	t_s	60.0	rss_kib	36710632	hwm_kib	36710636	heap_inuse	431857664	sys	464456056	avail_kib	58798568
ak2-timing	rendezvous	15.427324	47.967763	6636	0	0.117136	0.013609
ak2-timing	connect	63.395103	0.054507	11	0	0.001122	0.001096
ak2-timing	hash	0.119536	63.330085	32718	0	20.292039	19.763244
 done.
1085628 sequences (199.24 Mbp) processed in 2.956s (22037.4 Kseq/m, 4044.50 Mbp/m).
  1061820 sequences classified (97.81%)
  23808 sequences unclassified (2.19%)
ak2-sample	batch	0	name	0-SRR5935839	mode	parallel	s3client	sdk	rank	6	role	home	inflight	6	threads	16	start_s	63.449660	wall_s	3.907732	setup_s	0.000070	classify_s	2.955782	close_s	0.698555	report_s	0.250620	status	0	sequences	1085628	bases	199244471	classified	1061820	place	lpt	weight	1085628
3168882 sequences (592.65 Mbp) processed in 4.309s (44124.6 Kseq/m, 8252.24 Mbp/m).
  3127330 sequences classified (98.69%)
  41552 sequences unclassified (1.31%)
ak2-sample	batch	0	name	0-SRR5935776	mode	parallel	s3client	sdk	rank	6	role	home	inflight	6	threads	16	start_s	63.449710	wall_s	4.764711	setup_s	0.000100	classify_s	4.308998	close_s	0.250614	report_s	0.201310	status	0	sequences	3168882	bases	592648009	classified	3127330	place	lpt	weight	3168882
10716528 sequences (1994.96 Mbp) processed in 8.591s (74842.0 Kseq/m, 13932.39 Mbp/m).
  10376259 sequences classified (96.82%)
  340269 sequences unclassified (3.18%)
ak2-sample	batch	0	name	0-SRR5935780	mode	parallel	s3client	sdk	rank	6	role	home	inflight	6	threads	16	start_s	63.449665	wall_s	9.014895	setup_s	0.000035	classify_s	8.591318	close_s	0.224539	report_s	0.192105	status	0	sequences	10716528	bases	1994960359	classified	10376259	place	lpt	weight	10716528
ak2-engine	mem	t_s	75.0	rss_kib	46184748	hwm_kib	58240616	heap_inuse	5925019648	sys	23017532760	avail_kib	40978716
18129553 sequences (3409.03 Mbp) processed in 12.136s (89631.5 Kseq/m, 16854.05 Mbp/m).
  17831449 sequences classified (98.36%)
  298104 sequences unclassified (1.64%)
ak2-sample	batch	0	name	0-SRR5935762	mode	parallel	s3client	sdk	rank	6	role	home	inflight	6	threads	16	start_s	63.449659	wall_s	12.687814	setup_s	0.000041	classify_s	12.136055	close_s	0.365206	report_s	0.178584	status	0	sequences	18129553	bases	3409028279	classified	17831449	place	lpt	weight	18129553
ak2-timing	batch-barrier-0	76.137495	1.804704	5	0	0.153351	0.018991
10554303 sequences (1946.56 Mbp) processed in 9.485s (66762.2 Kseq/m, 12313.18 Mbp/m).
  10062971 sequences classified (95.34%)
  491332 sequences unclassified (4.66%)
ak2-sample	batch	1	name	1-SRR5935778	mode	parallel	s3client	sdk	rank	6	role	home	inflight	6	threads	16	start_s	77.942256	wall_s	10.183821	setup_s	0.000039	classify_s	9.485275	close_s	0.493141	report_s	0.193306	status	0	sequences	10554303	bases	1946564732	classified	10062971	place	mod	weight	10554303
11012615 sequences (2057.95 Mbp) processed in 10.788s (61247.9 Kseq/m, 11445.53 Mbp/m).
  10686469 sequences classified (97.04%)
  326146 sequences unclassified (2.96%)
ak2-sample	batch	1	name	1-SRR5935746	mode	parallel	s3client	sdk	rank	6	role	home	inflight	6	threads	16	start_s	77.942250	wall_s	11.309591	setup_s	0.000044	classify_s	10.788246	close_s	0.341682	report_s	0.172330	status	0	sequences	11012615	bases	2057953866	classified	10686469	place	mod	weight	11012615
15280552 sequences (2858.11 Mbp) processed in 11.629s (78837.5 Kseq/m, 14745.95 Mbp/m).
  13785544 sequences classified (90.22%)
  1495008 sequences unclassified (9.78%)
ak2-sample	batch	1	name	1-SRR5935810	mode	parallel	s3client	sdk	rank	6	role	home	inflight	6	threads	16	start_s	77.942225	wall_s	12.054146	setup_s	0.000050	classify_s	11.629401	close_s	0.258869	report_s	0.148956	status	0	sequences	15280552	bases	2858109884	classified	13785544	place	mod	weight	15280552
ak2-engine	mem	t_s	90.0	rss_kib	54476588	hwm_kib	58240616	heap_inuse	12593446912	sys	23018171736	avail_kib	39278952
ak2-timing	batch-barrier-1	89.996392	3.746273	1	0	0.704484	0.112863
1085628 sequences (199.24 Mbp) processed in 2.719s (23960.5 Kseq/m, 4397.45 Mbp/m).
  1061820 sequences classified (97.81%)
  23808 sequences unclassified (2.19%)
ak2-sample	batch	2	name	2-SRR5935839	mode	parallel	s3client	sdk	rank	6	role	home	inflight	6	threads	16	start_s	93.742719	wall_s	3.300986	setup_s	0.000048	classify_s	2.718546	close_s	0.466413	report_s	0.113303	status	0	sequences	1085628	bases	199244471	classified	1061820	place	lpt	weight	1085628
3168882 sequences (592.65 Mbp) processed in 3.368s (56460.3 Kseq/m, 10559.27 Mbp/m).
  3127330 sequences classified (98.69%)
  41552 sequences unclassified (1.31%)
ak2-sample	batch	2	name	2-SRR5935776	mode	parallel	s3client	sdk	rank	6	role	home	inflight	6	threads	16	start_s	93.742728	wall_s	3.679481	setup_s	0.000035	classify_s	3.367551	close_s	0.192357	report_s	0.115589	status	0	sequences	3168882	bases	592648009	classified	3127330	place	lpt	weight	3168882
10716528 sequences (1994.96 Mbp) processed in 7.794s (82499.8 Kseq/m, 15357.94 Mbp/m).
  10376259 sequences classified (96.82%)
  340269 sequences unclassified (3.18%)
ak2-sample	batch	2	name	2-SRR5935780	mode	parallel	s3client	sdk	rank	6	role	home	inflight	6	threads	16	start_s	93.742722	wall_s	8.418023	setup_s	0.000042	classify_s	7.793862	close_s	0.237198	report_s	0.380067	status	0	sequences	10716528	bases	1994960359	classified	10376259	place	lpt	weight	10716528
ak2-engine	mem	t_s	105.0	rss_kib	47769840	hwm_kib	60254856	heap_inuse	5083348992	sys	24777494264	avail_kib	39798916
18129553 sequences (3409.03 Mbp) processed in 12.013s (90546.6 Kseq/m, 17026.11 Mbp/m).
  17831449 sequences classified (98.36%)
  298104 sequences unclassified (1.64%)
ak2-sample	batch	2	name	2-SRR5935762	mode	parallel	s3client	sdk	rank	6	role	home	inflight	6	threads	16	start_s	93.742739	wall_s	12.518337	setup_s	0.000040	classify_s	12.013410	close_s	0.262834	report_s	0.234167	status	0	sequences	18129553	bases	3409028279	classified	17831449	place	lpt	weight	18129553
ak2-timing	batch-barrier-2	106.261098	1.777030	1	0	0.141055	0.011028
ak2-timing	barrier	114.915997	0.511977	0	0	0.014960	0.000460
ak2-sample	batch	3	name	3-SRR5935740	mode	striped	s3client	sdk	rank	6	role	peer	inflight	1	threads	16	start_s	109.353900	wall_s	6.074118	setup_s	0.000042	classify_s	5.559222	close_s	0.000000	report_s	0.000000	status	0	sequences	0	bases	0	classified	0	place	-	weight	-
ak2-timing	batch-barrier-3	115.428028	0.864254	122	0	0.008067	0.000000
ak2-engine	mem	t_s	120.0	rss_kib	38344184	hwm_kib	60254856	heap_inuse	1317527552	sys	24777494264	avail_kib	53042612
ak2-timing	barrier	123.242509	0.074422	0	0	0.000082	0.000007
ak2-sample	batch	4	name	4-SRR5935740	mode	striped	s3client	sdk	rank	6	role	peer	inflight	1	threads	16	start_s	117.493420	wall_s	5.823557	setup_s	0.000042	classify_s	5.746571	close_s	0.000000	report_s	0.000000	status	0	sequences	0	bases	0	classified	0	place	-	weight	-
ak2-timing	batch-barrier-4	123.316985	1.026465	101	0	0.007288	0.000679
ak2-timing	barrier	130.983588	0.235600	0	0	0.010893	0.000077
ak2-sample	batch	5	name	5-SRR5935740	mode	striped	s3client	sdk	rank	6	role	peer	inflight	1	threads	16	start_s	125.430415	wall_s	5.788826	setup_s	0.000038	classify_s	5.550775	close_s	0.000000	report_s	0.000000	status	0	sequences	0	bases	0	classified	0	place	-	weight	-
ak2-timing	batch-barrier-5	131.219249	0.906312	2	0	0.000117	0.008215
ak2-engine	mem	t_s	135.0	rss_kib	39285476	hwm_kib	60254856	heap_inuse	2406989824	sys	24777494264	avail_kib	55282316
ak2-timing	batch-barrier-6	132.125584	7.548124	29	0	0.284737	0.073491
ak2-timing	batch-barrier-7	139.673732	6.469824	54	0	0.305256	0.055192
ak2-engine	mem	t_s	150.0	rss_kib	39285972	hwm_kib	60254856	heap_inuse	2410954752	sys	24777494264	avail_kib	55847100
ak2-timing	batch-barrier-8	146.143581	7.575711	75	0	0.312319	0.056603
ak2-engine	shard	0	n	32	lo	55738672114	hi	65028450799	tail	302	full	false	empty_at	9289778684	keys	4232340483	batches	89910	probe_s	89.477110	tail_probes	0	wrap_probes	0
ak2-engine	mem	t_s	153.7	rss_kib	39285980	hwm_kib	60254856	heap_inuse	2411208704	sys	24777494264	avail_kib	55965556
ak2-engine	rendezvous	puts	13	gets	1126
ak2-engine	s3	client	sdk	put	24	get	1126	create_multipart	11	upload_part	1052	complete_multipart	11	abort_multipart	0	part_bytes	8771007742
ak2-engine	s3	client	cli	put	0	get	0	create_multipart	0	upload_part	0	complete_multipart	0	abort_multipart	0	part_bytes	0
ak2-engine	load	seconds	14.786751	requests	572	retries	0	bytes	37159181548
ak2-engine	route	transport	nodes	calls	2756	keys	4183427622	batches	88192	route_s	41.745017	wait_s	575.355010	gather_s	9.656890
ak2-engine	worker	scan_s	349.615993	lookup_s	626.758609	classify_s	234.760820
ak2-timing	total	0.000001	153.785054	12554675	0	868.484749	80.285043
