make run: bucket aws-kraken2-942542972736-us-west-2 is in us-west-2
make run: bucket kraken2-ncbi-refseq-complete-v205 is in us-west-2
make run: run 20261008-161358-a8e9217-721c-n32-r23  task ak2-g3-20261008-161358-a8e9217-721c-n32-r23  ->  s3://aws-kraken2-942542972736-us-west-2/aws-kraken2/g3/20261008-161358-a8e9217-721c-n32-r23
make run: user data: 12655 of 16384 bytes after base64 decoding (refuse above 15360)
make run: plan: Instance: c8g.12xlarge (0 vCPU, 0 GiB)
make run: launched i-07d7c5c3592a5158a (c8g.12xlarge) in us-west-2
  | ak2: log tee up
  | ak2-phase	2026-10-08T16:15:23Z	1791476123	preamble	no
  | ak2: [2026-10-08T16:15:23Z] inherited $-=hBc (stub, as spawn started it: $-=hBc)
  | ak2: [2026-10-08T16:15:23Z] after set +e $-=hBc
  | ak2: [2026-10-08T16:15:23Z] gate=g3 run=20261008-161358-a8e9217-721c-n32-r23
  | ak2: [2026-10-08T16:15:23Z] aws shim installed and self-tested (/tmp/ak2-bin/aws -> /usr/bin/aws)
  | ak2: [2026-10-08T16:15:23Z] imds region=us-west-2 az=us-west-2a instance=i-07d7c5c3592a5158a type=c8g.12xlarge ami=ami-09325776a00699513
  | ak2: [2026-10-08T16:15:23Z] bucket aws-kraken2-942542972736-us-west-2 region=us-west-2
  | ak2: [2026-10-08T16:15:24Z] bucket aws-kraken2-942542972736-us-west-2 payer=UNKNOWN
  | ak2: [2026-10-08T16:15:24Z] WARN: could not read Payer of aws-kraken2-942542972736-us-west-2 from the instance (launch host verified it)
  | ak2: [2026-10-08T16:15:24Z] bucket kraken2-ncbi-refseq-complete-v205 region=us-west-2
  | ak2: [2026-10-08T16:15:24Z] bucket kraken2-ncbi-refseq-complete-v205 payer=BucketOwner
  | ak2: [2026-10-08T16:15:24Z] region assert passed
  | ak2: [2026-10-08T16:15:24Z] drop_caches_ok=true
  | ak2: [2026-10-08T16:15:25Z] preamble done; spec body starts
  | ak2-phase	2026-10-08T16:15:25Z	1791476125	body	no
  | ak2: [2026-10-08T16:15:25Z] e4 cohort 20261008-161358-a8e9217-721c-n32 rank 23 of 32, commit a8e9217; RODA kraken2-ncbi-refseq-complete-v205/Kraken2_RefSeqCompleteV205; samples aws-kraken2-942542972736-us-west-2/aws-kraken2/data/cohort; cohort 100
  | ak2-phase	2026-10-08T16:15:25Z	1791476125	setup	no
  | ak2: [2026-10-08T16:16:03Z] built a8e92175898ee28c86050ac8c4b55d65b21e2986; go version go1.27.1 linux/arm64; ip 172.31.18.127; nproc 48; mem_gib 92; threads 16, inflight 6
  | ak2-phase	2026-10-08T16:16:03Z	1791476163	manifest	no
  | ak2: [2026-10-08T16:16:04Z] staged s3://kraken2-ncbi-refseq-complete-v205/Kraken2_RefSeqCompleteV205/opts.k2d -> /home/ec2-user/ak2/db/roda/opts.k2d (56 bytes)
  | ak2: [2026-10-08T16:16:05Z] staged s3://kraken2-ncbi-refseq-complete-v205/Kraken2_RefSeqCompleteV205/taxo.k2d -> /home/ec2-user/ak2/db/roda/taxo.k2d (179150665 bytes)
  | ak2: [2026-10-08T16:16:06Z] RODA hash.k2d etag=f80959f9556b50d76b3e744afdd3b22a-8860 size=1189091671800
  | ak2: [2026-10-08T16:16:06Z] pushed out/rank23/c100.tsv
  | ak2: [2026-10-08T16:16:07Z] pushed out/rank23/placement.tsv
  | ak2: [2026-10-08T16:16:07Z] manifest c100: 306 lines in 9 batches; rank 23 reads 7 samples
  | ak2-phase	2026-10-08T16:16:07Z	1791476167	fetch	no
  | ak2: [2026-10-08T16:16:14Z] inputs staged and verified: 14 files, 7.52 GB
  | ak2: [2026-10-08T16:16:14Z] manifest c100: cohort: 306 samples in 9 batches check
  | ak2-phase	2026-10-08T16:16:14Z	1791476174	inv-c100	no
  | [c100] ak2-timing	taxo	0.003362	0.115685	87888	0	0.033818	0.085087
  | Terminated
  | ak2: [2026-10-08T16:16:23Z] spec body exit rc=129 (SIGHUP)
  | ak2-phase	2026-10-08T16:16:23Z	1791476183	end	no
make run: instance is shutting-down
make run: tag-objects: s3://aws-kraken2-942542972736-us-west-2/aws-kraken2/g3/20261008-161358-a8e9217-721c-n32-r23/: 6 objects, 5 tagged now, 1 already tagged, 0 failed
make run: run dir: results/g3/20261008-161358-a8e9217-721c-n32-r23  (task exit 99, state terminated, cost $0.039348)
orphans: this run's instance(s) and task ak2-g3-20261008-161358-a8e9217-721c-n32-r23 are gone (18 regions checked)
