Loading database information...ak2-timing	opts	0.002726	0.000016	0	0	0.000000	0.000015
ak2-timing	taxo	0.002750	0.090819	87795	0	0.034210	0.071011
ak2-timing	shard-load-8	0.162801	41.545899	41209	0	55.132258	68.841392
ak2-timing	rendezvous	42.167539	20.165276	5148	0	0.094300	0.010117
ak2-timing	connect	62.332832	0.238397	7531	0	0.146222	0.000000
ak2-timing	hash	0.093600	62.477655	55725	0	55.375159	68.865375
 done.
14959235 sequences (2745.67 Mbp) processed in 14.955s (60016.7 Kseq/m, 11015.67 Mbp/m).
  13888405 sequences classified (92.84%)
  1070830 sequences unclassified (7.16%)
ak2-sample	batch	0	name	0-SRR5935796	mode	parallel	s3client	sdk	rank	8	role	home	inflight	2	threads	16	start_s	62.571293	wall_s	15.456158	setup_s	0.000048	classify_s	14.955062	close_s	0.268828	report_s	0.219057	status	0	sequences	14959235	bases	2745665723	classified	13888405	place	lpt	weight	14959235
16720060 sequences (3103.13 Mbp) processed in 16.370s (61282.5 Kseq/m, 11373.62 Mbp/m).
  16427692 sequences classified (98.25%)
  292368 sequences unclassified (1.75%)
ak2-sample	batch	0	name	0-SRR5935802	mode	parallel	s3client	sdk	rank	8	role	home	inflight	2	threads	16	start_s	62.571306	wall_s	16.860883	setup_s	0.059416	classify_s	16.370149	close_s	0.265120	report_s	0.158251	status	0	sequences	16720060	bases	3103131942	classified	16427692	place	lpt	weight	16720060
11012615 sequences (2057.95 Mbp) processed in 10.980s (60180.9 Kseq/m, 11246.16 Mbp/m).
  10686469 sequences classified (97.04%)
  326146 sequences unclassified (2.96%)
ak2-sample	batch	0	name	0-SRR5935746	mode	parallel	s3client	sdk	rank	8	role	home	inflight	2	threads	16	start_s	79.432224	wall_s	11.371141	setup_s	0.000062	classify_s	10.979504	close_s	0.213525	report_s	0.170569	status	0	sequences	11012615	bases	2057953866	classified	10686469	place	lpt	weight	11012615
13365245 sequences (2460.33 Mbp) processed in 12.869s (62312.2 Kseq/m, 11470.68 Mbp/m).
  13192260 sequences classified (98.71%)
  172985 sequences unclassified (1.29%)
ak2-sample	batch	0	name	0-SRR5935822	mode	parallel	s3client	sdk	rank	8	role	home	inflight	2	threads	16	start_s	78.027520	wall_s	13.437612	setup_s	0.000065	classify_s	12.869300	close_s	0.246351	report_s	0.314815	status	0	sequences	13365245	bases	2460327516	classified	13192260	place	lpt	weight	13365245
3036382 sequences (569.20 Mbp) processed in 3.458s (52691.6 Kseq/m, 9877.64 Mbp/m).
  2817388 sequences classified (92.79%)
  218994 sequences unclassified (7.21%)
ak2-sample	batch	0	name	0-SRR5935747	mode	parallel	s3client	sdk	rank	8	role	home	inflight	2	threads	16	start_s	91.465166	wall_s	3.899653	setup_s	0.000067	classify_s	3.457534	close_s	0.253249	report_s	0.182825	status	0	sequences	3036382	bases	569204188	classified	2817388	place	lpt	weight	3036382
9230220 sequences (1688.15 Mbp) processed in 6.834s (81042.8 Kseq/m, 14822.24 Mbp/m).
  8736529 sequences classified (94.65%)
  493691 sequences unclassified (5.35%)
ak2-sample	batch	0	name	0-SRR5935771	mode	parallel	s3client	sdk	rank	8	role	home	inflight	2	threads	16	start_s	90.803390	wall_s	7.240290	setup_s	0.000065	classify_s	6.833590	close_s	0.232103	report_s	0.164213	status	0	sequences	9230220	bases	1688151903	classified	8736529	place	lpt	weight	9230220
ak2-timing	batch-barrier-0	98.043701	4.670544	5	0	1.309118	0.215076
11859598 sequences (2188.90 Mbp) processed in 11.896s (59815.1 Kseq/m, 11039.95 Mbp/m).
  10951240 sequences classified (92.34%)
  908358 sequences unclassified (7.66%)
11689489 sequences (2123.44 Mbp) processed in 11.890s (58987.6 Kseq/m, 10715.32 Mbp/m).
  11327502 sequences classified (96.90%)
  361987 sequences unclassified (3.10%)
ak2-sample	batch	1	name	1-SRR5935748	mode	parallel	s3client	sdk	rank	8	role	home	inflight	2	threads	16	start_s	102.714293	wall_s	12.294573	setup_s	0.000050	classify_s	11.896264	close_s	0.206781	report_s	0.177513	status	0	sequences	11859598	bases	2188903487	classified	10951240	place	mod	weight	11859598
ak2-sample	batch	1	name	1-SRR5935764	mode	parallel	s3client	sdk	rank	8	role	home	inflight	2	threads	16	start_s	102.714271	wall_s	12.420671	setup_s	0.000051	classify_s	11.890116	close_s	0.234539	report_s	0.286822	status	0	sequences	11689489	bases	2123440867	classified	11327502	place	mod	weight	11689489
10716528 sequences (1994.96 Mbp) processed in 11.071s (58077.6 Kseq/m, 10811.57 Mbp/m).
  10376259 sequences classified (96.82%)
  340269 sequences unclassified (3.18%)
ak2-sample	batch	1	name	1-SRR5935780	mode	parallel	s3client	sdk	rank	8	role	home	inflight	2	threads	16	start_s	115.008892	wall_s	11.471307	setup_s	0.000062	classify_s	11.071257	close_s	0.223204	report_s	0.169471	status	0	sequences	10716528	bases	1994960359	classified	10376259	place	mod	weight	10716528
14959235 sequences (2745.67 Mbp) processed in 14.711s (61012.8 Kseq/m, 11198.48 Mbp/m).
  13888405 sequences classified (92.84%)
  1070830 sequences unclassified (7.16%)
ak2-sample	batch	1	name	1-SRR5935796	mode	parallel	s3client	sdk	rank	8	role	home	inflight	2	threads	16	start_s	115.134967	wall_s	15.247987	setup_s	0.000067	classify_s	14.710925	close_s	0.358713	report_s	0.164562	status	0	sequences	14959235	bases	2745665723	classified	13888405	place	mod	weight	14959235
9108174 sequences (1698.33 Mbp) processed in 8.922s (61249.2 Kseq/m, 11420.68 Mbp/m).
  8923230 sequences classified (97.97%)
  184944 sequences unclassified (2.03%)
8326050 sequences (1540.09 Mbp) processed in 6.862s (72800.9 Kseq/m, 13466.18 Mbp/m).
  8094378 sequences classified (97.22%)
  231672 sequences unclassified (2.78%)
ak2-sample	batch	1	name	1-SRR5935828	mode	parallel	s3client	sdk	rank	8	role	home	inflight	2	threads	16	start_s	130.382982	wall_s	7.351812	setup_s	0.000059	classify_s	6.862045	close_s	0.341953	report_s	0.140127	status	0	sequences	8326050	bases	1540092338	classified	8094378	place	mod	weight	8326050
ak2-sample	batch	1	name	1-SRR5935812	mode	parallel	s3client	sdk	rank	8	role	home	inflight	2	threads	16	start_s	126.480264	wall_s	11.448409	setup_s	0.000066	classify_s	8.922405	close_s	0.307212	report_s	2.211434	status	0	sequences	9108174	bases	1698332428	classified	8923230	place	mod	weight	9108174
ak2-timing	batch-barrier-1	137.928695	9.871842	7	0	4.639159	0.611201
14959235 sequences (2745.67 Mbp) processed in 14.983s (59905.9 Kseq/m, 10995.32 Mbp/m).
  13888405 sequences classified (92.84%)
  1070830 sequences unclassified (7.16%)
ak2-sample	batch	2	name	2-SRR5935796	mode	parallel	s3client	sdk	rank	8	role	home	inflight	2	threads	16	start_s	147.800581	wall_s	15.412988	setup_s	0.000047	classify_s	14.982731	close_s	0.217335	report_s	0.199493	status	0	sequences	14959235	bases	2745665723	classified	13888405	place	lpt	weight	14959235
16720060 sequences (3103.13 Mbp) processed in 16.680s (60142.6 Kseq/m, 11162.06 Mbp/m).
  16427692 sequences classified (98.25%)
  292368 sequences unclassified (1.75%)
ak2-sample	batch	2	name	2-SRR5935802	mode	parallel	s3client	sdk	rank	8	role	home	inflight	2	threads	16	start_s	147.800585	wall_s	17.083823	setup_s	0.000045	classify_s	16.680424	close_s	0.228224	report_s	0.166296	status	0	sequences	16720060	bases	3103131942	classified	16427692	place	lpt	weight	16720060
11012615 sequences (2057.95 Mbp) processed in 10.833s (60997.4 Kseq/m, 11398.73 Mbp/m).
  10686469 sequences classified (97.04%)
  326146 sequences unclassified (2.96%)
ak2-sample	batch	2	name	2-SRR5935746	mode	parallel	s3client	sdk	rank	8	role	home	inflight	2	threads	16	start_s	164.884495	wall_s	11.207358	setup_s	0.000059	classify_s	10.832541	close_s	0.212470	report_s	0.154833	status	0	sequences	11012615	bases	2057953866	classified	10686469	place	lpt	weight	11012615
13365245 sequences (2460.33 Mbp) processed in 12.928s (62027.3 Kseq/m, 11418.23 Mbp/m).
  13192260 sequences classified (98.71%)
  172985 sequences unclassified (1.29%)
ak2-sample	batch	2	name	2-SRR5935822	mode	parallel	s3client	sdk	rank	8	role	home	inflight	2	threads	16	start_s	163.213637	wall_s	13.345771	setup_s	0.000069	classify_s	12.928422	close_s	0.223798	report_s	0.186594	status	0	sequences	13365245	bases	2460327516	classified	13192260	place	lpt	weight	13365245
3036382 sequences (569.20 Mbp) processed in 3.418s (53300.2 Kseq/m, 9991.72 Mbp/m).
  2817388 sequences classified (92.79%)
  218994 sequences unclassified (7.21%)
ak2-sample	batch	2	name	2-SRR5935747	mode	parallel	s3client	sdk	rank	8	role	home	inflight	2	threads	16	start_s	176.559434	wall_s	3.793052	setup_s	0.000084	classify_s	3.418056	close_s	0.212931	report_s	0.155912	status	0	sequences	3036382	bases	569204188	classified	2817388	place	lpt	weight	3036382
9230220 sequences (1688.15 Mbp) processed in 6.861s (80715.2 Kseq/m, 14762.32 Mbp/m).
  8736529 sequences classified (94.65%)
  493691 sequences unclassified (5.35%)
ak2-sample	batch	2	name	2-SRR5935771	mode	parallel	s3client	sdk	rank	8	role	home	inflight	2	threads	16	start_s	176.091876	wall_s	7.239864	setup_s	0.000052	classify_s	6.861328	close_s	0.202036	report_s	0.166278	status	0	sequences	9230220	bases	1688151903	classified	8736529	place	lpt	weight	9230220
ak2-timing	batch-barrier-2	183.331761	4.529221	1	0	1.501959	0.245690
ak2-timing	barrier	194.297054	0.494890	0	0	0.026753	0.000566
ak2-sample	batch	3	name	3-SRR5935740	mode	striped	s3client	sdk	rank	8	role	peer	inflight	1	threads	16	start_s	188.732906	wall_s	6.059083	setup_s	0.000045	classify_s	5.560103	close_s	0.000000	report_s	0.000000	status	0	sequences	0	bases	0	classified	0	place	-	weight	-
ak2-timing	batch-barrier-3	194.792000	0.507825	0	0	0.005027	0.000435
ak2-timing	barrier	201.653497	0.211337	0	0	0.007526	0.010746
ak2-sample	batch	4	name	4-SRR5935740	mode	striped	s3client	sdk	rank	8	role	peer	inflight	1	threads	16	start_s	196.095647	wall_s	5.769225	setup_s	0.000050	classify_s	5.553784	close_s	0.000000	report_s	0.000000	status	0	sequences	0	bases	0	classified	0	place	-	weight	-
ak2-timing	batch-barrier-4	201.864881	0.512318	0	0	0.006796	0.000584
ak2-timing	barrier	208.745952	0.221155	0	0	0.018421	0.000711
ak2-sample	batch	5	name	5-SRR5935740	mode	striped	s3client	sdk	rank	8	role	peer	inflight	1	threads	16	start_s	203.188829	wall_s	5.778322	setup_s	0.000052	classify_s	5.553154	close_s	0.000000	report_s	0.000000	status	0	sequences	0	bases	0	classified	0	place	-	weight	-
ak2-timing	batch-barrier-5	208.967161	0.788076	69	0	0.005715	0.000489
ak2-timing	batch-barrier-6	209.755254	7.325959	6	0	0.646738	0.114569
ak2-timing	batch-barrier-7	217.081236	7.057478	3	0	0.618438	0.127162
ak2-timing	batch-barrier-8	224.138734	7.195311	0	0	0.724911	0.036160
ak2-engine	shard	0	n	16	lo	148636458971	hi	167216016342	tail	302	full	false	empty_at	18579557372	keys	8480894883	batches	89910	probe_s	198.265746	tail_probes	0	wrap_probes	0
ak2-engine	rendezvous	puts	13	gets	558
ak2-engine	s3	client	sdk	put	31	get	558	create_multipart	18	upload_part	2148	complete_multipart	18	abort_multipart	0	part_bytes	17957403705
ak2-engine	s3	client	cli	put	0	get	0	create_multipart	0	upload_part	0	complete_multipart	0	abort_multipart	0	part_bytes	0
ak2-engine	load	seconds	41.545896	requests	1126	retries	0	bytes	74318296292
ak2-engine	route	transport	nodes	calls	5383	keys	8095663616	batches	86128	route_s	95.574533	wait_s	335.402464	gather_s	18.714231
ak2-engine	worker	scan_s	719.493297	lookup_s	449.698391	classify_s	617.843613
ak2-timing	total	0.000001	231.461194	8921744	0	1596.606320	136.721565
