Loading database information...ak2-timing	opts	0.003580	0.000018	0	0	0.000018	0.000000
ak2-timing	taxo	0.003607	0.116167	87837	0	0.043524	0.076084
ak2-engine	mem	t_s	15.0	rss_kib	36684600	hwm_kib	36684604	heap_inuse	404480000	sys	435943784	avail_kib	58186384
ak2-timing	shard-load-13	0.274620	14.749890	24259	0	21.037164	20.124730
ak2-engine	mem	t_s	30.0	rss_kib	36692892	hwm_kib	36692896	heap_inuse	413433856	sys	444594536	avail_kib	58595348
ak2-engine	mem	t_s	45.0	rss_kib	36697952	hwm_kib	36697956	heap_inuse	418717696	sys	448858488	avail_kib	58752840
ak2-timing	rendezvous	15.450844	34.086942	3443	0	0.058606	0.027050
ak2-timing	connect	49.537806	0.061840	22	0	0.002186	0.000000
ak2-timing	hash	0.119875	49.479787	29500	0	21.111564	20.153060
 done.
6552107 sequences (1182.80 Mbp) processed in 6.719s (58510.7 Kseq/m, 10562.45 Mbp/m).
  6331866 sequences classified (96.64%)
  220241 sequences unclassified (3.36%)
ak2-sample	batch	0	name	0-SRR5935750	mode	parallel	s3client	sdk	rank	13	role	home	inflight	6	threads	16	start_s	49.599695	wall_s	7.264767	setup_s	0.000059	classify_s	6.718881	close_s	0.406851	report_s	0.132091	status	0	sequences	6552107	bases	1182796919	classified	6331866	place	lpt	weight	6552107
11437813 sequences (2096.18 Mbp) processed in 8.846s (77582.6 Kseq/m, 14218.39 Mbp/m).
  10922134 sequences classified (95.49%)
  515679 sequences unclassified (4.51%)
ak2-sample	batch	0	name	0-SRR5935792	mode	parallel	s3client	sdk	rank	13	role	home	inflight	6	threads	16	start_s	49.599706	wall_s	9.391069	setup_s	0.000040	classify_s	8.845652	close_s	0.382205	report_s	0.154763	status	0	sequences	11437813	bases	2096182336	classified	10922134	place	lpt	weight	11437813
ak2-engine	mem	t_s	60.0	rss_kib	52822672	hwm_kib	55630916	heap_inuse	11665416192	sys	20202162968	avail_kib	39995976
16260968 sequences (3012.84 Mbp) processed in 11.463s (85110.9 Kseq/m, 15769.37 Mbp/m).
  15948766 sequences classified (98.08%)
  312202 sequences unclassified (1.92%)
ak2-sample	batch	0	name	0-SRR5935827	mode	parallel	s3client	sdk	rank	13	role	home	inflight	6	threads	16	start_s	49.599699	wall_s	11.898529	setup_s	0.000044	classify_s	11.463380	close_s	0.239141	report_s	0.187987	status	0	sequences	16260968	bases	3012837135	classified	15948766	place	lpt	weight	16260968
ak2-timing	batch-barrier-0	61.498251	3.161039	2073	0	0.934993	0.201414
ak2-engine	mem	t_s	75.0	rss_kib	56436748	hwm_kib	56436748	heap_inuse	11742740480	sys	20681669512	avail_kib	38435548
14164085 sequences (2640.40 Mbp) processed in 10.920s (77826.0 Kseq/m, 14507.94 Mbp/m).
  13689575 sequences classified (96.65%)
  474510 sequences unclassified (3.35%)
13817496 sequences (2535.87 Mbp) processed in 11.041s (75090.8 Kseq/m, 13781.10 Mbp/m).
  12277050 sequences classified (88.85%)
  1540446 sequences unclassified (11.15%)
ak2-sample	batch	1	name	1-SRR5935785	mode	parallel	s3client	sdk	rank	13	role	home	inflight	6	threads	16	start_s	64.659337	wall_s	11.580354	setup_s	0.000044	classify_s	11.040630	close_s	0.372952	report_s	0.152101	status	0	sequences	13817496	bases	2535866229	classified	12277050	place	mod	weight	13817496
ak2-sample	batch	1	name	1-SRR5935753	mode	parallel	s3client	sdk	rank	13	role	home	inflight	6	threads	16	start_s	64.659336	wall_s	11.582173	setup_s	0.000057	classify_s	10.919806	close_s	0.474518	report_s	0.176596	status	0	sequences	14164085	bases	2640398097	classified	13689575	place	mod	weight	14164085
14261195 sequences (2665.70 Mbp) processed in 11.360s (75323.7 Kseq/m, 14079.48 Mbp/m).
  13980324 sequences classified (98.03%)
  280871 sequences unclassified (1.97%)
ak2-sample	batch	1	name	1-SRR5935817	mode	parallel	s3client	sdk	rank	13	role	home	inflight	6	threads	16	start_s	64.659328	wall_s	11.810292	setup_s	0.000049	classify_s	11.359925	close_s	0.295651	report_s	0.146090	status	0	sequences	14261195	bases	2665696979	classified	13980324	place	mod	weight	14261195
ak2-timing	batch-barrier-1	76.469642	3.751267	0	0	0.581132	0.142534
6552107 sequences (1182.80 Mbp) processed in 5.984s (65692.8 Kseq/m, 11858.98 Mbp/m).
  6331866 sequences classified (96.64%)
  220241 sequences unclassified (3.36%)
ak2-sample	batch	2	name	2-SRR5935750	mode	parallel	s3client	sdk	rank	13	role	home	inflight	6	threads	16	start_s	80.220960	wall_s	6.524272	setup_s	0.000055	classify_s	5.984312	close_s	0.341665	report_s	0.191923	status	0	sequences	6552107	bases	1182796919	classified	6331866	place	lpt	weight	6552107
11437813 sequences (2096.18 Mbp) processed in 8.499s (80744.9 Kseq/m, 14797.94 Mbp/m).
  10922134 sequences classified (95.49%)
  515679 sequences unclassified (4.51%)
ak2-sample	batch	2	name	2-SRR5935792	mode	parallel	s3client	sdk	rank	13	role	home	inflight	6	threads	16	start_s	80.220975	wall_s	8.961960	setup_s	0.000038	classify_s	8.499221	close_s	0.319731	report_s	0.134446	status	0	sequences	11437813	bases	2096182336	classified	10922134	place	lpt	weight	11437813
ak2-engine	mem	t_s	90.0	rss_kib	50612972	hwm_kib	58073300	heap_inuse	5094219776	sys	23145422200	avail_kib	38390248
16260968 sequences (3012.84 Mbp) processed in 11.085s (88018.7 Kseq/m, 16308.13 Mbp/m).
  15948766 sequences classified (98.08%)
  312202 sequences unclassified (1.92%)
ak2-sample	batch	2	name	2-SRR5935827	mode	parallel	s3client	sdk	rank	13	role	home	inflight	6	threads	16	start_s	80.220966	wall_s	11.526789	setup_s	0.000038	classify_s	11.084670	close_s	0.243688	report_s	0.190495	status	0	sequences	16260968	bases	3012837135	classified	15948766	place	lpt	weight	16260968
ak2-timing	batch-barrier-2	91.747778	2.920897	2	0	0.399906	0.088556
ak2-timing	barrier	101.359318	0.381257	0	0	0.005898	0.000525
ak2-sample	batch	3	name	3-SRR5935740	mode	striped	s3client	sdk	rank	13	role	peer	inflight	1	threads	16	start_s	95.666943	wall_s	6.073683	setup_s	0.000047	classify_s	5.689942	close_s	0.000000	report_s	0.000000	status	0	sequences	0	bases	0	classified	0	place	-	weight	-
ak2-timing	batch-barrier-3	101.740637	0.883569	29	0	0.000000	0.008716
ak2-engine	mem	t_s	105.0	rss_kib	37976600	hwm_kib	58073300	heap_inuse	896270336	sys	23145422200	avail_kib	53355260
ak2-timing	barrier	109.528372	0.101159	0	0	0.000261	0.000023
ak2-sample	batch	4	name	4-SRR5935740	mode	striped	s3client	sdk	rank	13	role	peer	inflight	1	threads	16	start_s	103.806763	wall_s	5.822810	setup_s	0.000050	classify_s	5.719299	close_s	0.000000	report_s	0.000000	status	0	sequences	0	bases	0	classified	0	place	-	weight	-
ak2-timing	batch-barrier-4	109.629584	0.892557	51	0	0.000000	0.008382
ak2-timing	barrier	117.425818	0.105971	0	0	0.001426	0.000124
ak2-sample	batch	5	name	5-SRR5935740	mode	striped	s3client	sdk	rank	13	role	peer	inflight	1	threads	16	start_s	111.742593	wall_s	5.789241	setup_s	0.000045	classify_s	5.680731	close_s	0.000000	report_s	0.000000	status	0	sequences	0	bases	0	classified	0	place	-	weight	-
ak2-timing	batch-barrier-5	117.531845	0.909716	193	0	0.000206	0.008319
ak2-engine	mem	t_s	120.0	rss_kib	39350476	hwm_kib	58073300	heap_inuse	2300354560	sys	23145684344	avail_kib	55269780
ak2-timing	batch-barrier-6	118.441586	7.499700	264	0	0.323611	0.050447
ak2-timing	batch-barrier-7	125.941312	6.497551	279	0	0.336924	0.036272
ak2-engine	mem	t_s	135.0	rss_kib	39353028	hwm_kib	58073300	heap_inuse	2305253376	sys	23145684344	avail_kib	55821564
ak2-timing	batch-barrier-8	132.438885	7.496697	395	0	0.306082	0.068149
ak2-engine	shard	0	n	32	lo	120767122913	hi	130056901599	tail	302	full	false	empty_at	9289778685	keys	4231369998	batches	89910	probe_s	90.163669	tail_probes	0	wrap_probes	0
ak2-engine	mem	t_s	139.9	rss_kib	39353264	hwm_kib	58073300	heap_inuse	2305474560	sys	23145684344	avail_kib	55936960
ak2-engine	rendezvous	puts	13	gets	944
ak2-engine	s3	client	sdk	put	22	get	944	create_multipart	9	upload_part	1142	complete_multipart	9	abort_multipart	0	part_bytes	9535819798
ak2-engine	s3	client	cli	put	0	get	0	create_multipart	0	upload_part	0	complete_multipart	0	abort_multipart	0	part_bytes	0
ak2-engine	load	seconds	14.749886	requests	572	retries	0	bytes	37159181552
ak2-engine	route	transport	nodes	calls	2931	keys	4409850952	batches	93792	route_s	39.626014	wait_s	668.885026	gather_s	9.376224
ak2-engine	worker	scan_s	317.857950	lookup_s	717.889089	classify_s	245.043210
ak2-timing	total	0.000001	140.002724	9823153	0	893.724057	78.296334
