ak2: log tee up
ak2-phase	2026-10-08T05:24:52Z	1791437092	preamble	no
ak2: [2026-10-08T05:24:52Z] inherited $-=hBc (stub, as spawn started it: $-=hBc)
ak2: [2026-10-08T05:24:52Z] after set +e $-=hBc
ak2: [2026-10-08T05:24:52Z] gate=g3 run=20261008-052413-306f827-5162-n16-r9
ak2: [2026-10-08T05:24:52Z] aws shim installed and self-tested (/tmp/ak2-bin/aws -> /usr/bin/aws)
ak2: [2026-10-08T05:24:52Z] imds region=us-west-2 az=us-west-2a instance=i-0b4aeef654774d9ed type=c9g.12xlarge ami=ami-09325776a00699513
ak2: [2026-10-08T05:24:52Z] bucket aws-kraken2-942542972736-us-west-2 region=us-west-2
ak2: [2026-10-08T05:24:53Z] bucket aws-kraken2-942542972736-us-west-2 payer=UNKNOWN
ak2: [2026-10-08T05:24:53Z] WARN: could not read Payer of aws-kraken2-942542972736-us-west-2 from the instance (launch host verified it)
ak2: [2026-10-08T05:24:53Z] bucket kraken2-ncbi-refseq-complete-v205 region=us-west-2
ak2: [2026-10-08T05:24:53Z] bucket kraken2-ncbi-refseq-complete-v205 payer=BucketOwner
ak2: [2026-10-08T05:24:53Z] region assert passed
ak2: [2026-10-08T05:24:53Z] drop_caches_ok=true
ak2: [2026-10-08T05:24:54Z] preamble done; spec body starts
ak2-phase	2026-10-08T05:24:54Z	1791437094	body	no
ak2: [2026-10-08T05:24:54Z] e3 cohort 20261008-052413-306f827-5162-n16 rank 9 of 16, commit 306f827; RODA kraken2-ncbi-refseq-complete-v205/Kraken2_RefSeqCompleteV205; samples aws-kraken2-942542972736-us-west-2/aws-kraken2/data/cohort; cohort 100
ak2-phase	2026-10-08T05:24:54Z	1791437094	setup	no
ak2: [2026-10-08T05:25:19Z] built 306f827679d55c2395743f532e6da71aeae1bc11; go version go1.27.1 linux/arm64; ip 172.31.17.13; nproc 48; mem_gib 92; threads 16, inflight 6
ak2-phase	2026-10-08T05:25:19Z	1791437119	manifest	no
ak2: [2026-10-08T05:25:20Z] staged s3://kraken2-ncbi-refseq-complete-v205/Kraken2_RefSeqCompleteV205/opts.k2d -> /home/ec2-user/ak2/db/roda/opts.k2d (56 bytes)
ak2: [2026-10-08T05:25:21Z] staged s3://kraken2-ncbi-refseq-complete-v205/Kraken2_RefSeqCompleteV205/taxo.k2d -> /home/ec2-user/ak2/db/roda/taxo.k2d (179150665 bytes)
ak2: [2026-10-08T05:25:22Z] RODA hash.k2d etag=f80959f9556b50d76b3e744afdd3b22a-8860 size=1189091671800
ak2: [2026-10-08T05:25:22Z] pushed out/rank9/c100.tsv
ak2: [2026-10-08T05:25:22Z] pushed out/rank9/placement.tsv
ak2: [2026-10-08T05:25:22Z] manifest c100: 306 lines in 9 batches; rank 9 reads 13 samples
ak2-phase	2026-10-08T05:25:22Z	1791437122	fetch	no
ak2: [2026-10-08T05:25:31Z] inputs staged and verified: 26 files, 15.08 GB
ak2: [2026-10-08T05:25:31Z] manifest c100: cohort: 306 samples in 9 batches check
ak2-phase	2026-10-08T05:25:31Z	1791437131	inv-c100	no
[c100] ak2-timing	taxo	0.002478	0.076288	87816	0	0.010637	0.078681
[c100] ak2-timing	shard-load-9	0.403949	24.524860	42173	0	27.783923	20.405508
[c100] ak2-timing	rendezvous	25.347621	17.928908	1337	0	0.008053	0.008703
[c100] ak2-timing	connect	43.276539	0.161757	10	0	0.000478	0.000352
[c100] ak2-timing	hash	0.078781	43.359525	45366	0	27.803814	20.415287
Terminated
ak2: [2026-10-08T05:30:20Z] spec body exit rc=129 (SIGHUP)
ak2-phase	2026-10-08T05:30:20Z	1791437420	end	no
