spawn: shell options for --command: $-=ehB
spawn: errexit is ON. set -uo pipefail does NOT clear it; use set +e to opt out.
spawn: [2026-10-09T06:43:40Z] wrapper start
spawn: [2026-10-09T06:43:40Z] stage-in start
spawn: [2026-10-09T06:43:40Z] stage-in done rc=0
spawn: [2026-10-09T06:43:40Z] command start
ak2-stub: inherited $-=hBc
ak2-stub: imds region=us-west-2 expected=us-west-2 payload bucket aws-kraken2-942542972736-us-west-2 region=us-west-2
ak2-stub: payload verified (sha256 f99c23c4d439c85787ba884a1c5357c94010fa7dd20283867e4bf53c29df239e); exec
ak2: log tee up
ak2-phase	2026-10-09T06:43:40Z	1791528220	preamble	no
ak2: [2026-10-09T06:43:40Z] inherited $-=hBc (stub, as spawn started it: $-=hBc)
ak2: [2026-10-09T06:43:40Z] after set +e $-=hBc
ak2: [2026-10-09T06:43:40Z] gate=g3 run=20261009-064231-4c67532-2a5c-n64-r23
ak2: [2026-10-09T06:43:40Z] aws shim installed and self-tested (/tmp/ak2-bin/aws -> /usr/bin/aws)
ak2: [2026-10-09T06:43:40Z] imds region=us-west-2 az=us-west-2b instance=i-039557dbf5237c9b2 type=c8gn.4xlarge ami=ami-09325776a00699513
ak2: [2026-10-09T06:43:40Z] bucket aws-kraken2-942542972736-us-west-2 region=us-west-2
ak2: [2026-10-09T06:43:41Z] bucket aws-kraken2-942542972736-us-west-2 payer=UNKNOWN
ak2: [2026-10-09T06:43:41Z] WARN: could not read Payer of aws-kraken2-942542972736-us-west-2 from the instance (launch host verified it)
ak2: [2026-10-09T06:43:41Z] bucket kraken2-ncbi-refseq-complete-v205 region=us-west-2
ak2: [2026-10-09T06:43:42Z] bucket kraken2-ncbi-refseq-complete-v205 payer=BucketOwner
ak2: [2026-10-09T06:43:42Z] region assert passed
ak2: [2026-10-09T06:43:42Z] drop_caches_ok=true
ak2: [2026-10-09T06:43:42Z] preamble done; spec body starts
ak2-phase	2026-10-09T06:43:42Z	1791528222	body	no
ak2-phase	2026-10-09T06:43:42Z	1791528222	setup	no
go: downloading github.com/aws/aws-sdk-go-v2 v1.47.1
go: downloading github.com/aws/aws-sdk-go-v2/service/s3 v1.114.1
go: downloading github.com/aws/aws-sdk-go-v2/credentials v1.20.7
go: downloading github.com/aws/aws-sdk-go-v2/config v1.33.7
go: downloading github.com/klauspost/compress v1.20.0
go: downloading github.com/aws/smithy-go v1.28.1
go: downloading github.com/aws/aws-sdk-go-v2/feature/ec2/imds v1.20.1
go: downloading github.com/aws/aws-sdk-go-v2/service/signin v1.10.2
go: downloading github.com/aws/aws-sdk-go-v2/service/sso v1.38.2
go: downloading github.com/aws/aws-sdk-go-v2/service/ssooidc v1.43.2
go: downloading github.com/aws/aws-sdk-go-v2/service/sts v1.51.2
go: downloading github.com/aws/aws-sdk-go-v2/aws/protocol/eventstream v1.7.20
go: downloading github.com/aws/aws-sdk-go-v2/internal/configsources v1.5.4
go: downloading github.com/aws/aws-sdk-go-v2/internal/v4a v1.5.4
go: downloading github.com/aws/aws-sdk-go-v2/service/internal/accept-encoding v1.13.19
go: downloading github.com/aws/aws-sdk-go-v2/service/internal/checksum v1.11.5
go: downloading github.com/aws/aws-sdk-go-v2/service/internal/presigned-url v1.14.4
go: downloading github.com/aws/aws-sdk-go-v2/service/internal/s3shared v1.20.4
go: downloading github.com/aws/aws-sdk-go-v2/internal/endpoints/v2 v2.8.4
ak2: [2026-10-09T06:44:14Z] rank 23 of 64; hash.k2d etag=f80959f9556b50d76b3e744afdd3b22a-8860 size=1189091671800; stages 1 16 32 64 x 60s
ak2-phase	2026-10-09T06:44:14Z	1791528254	rendezvous	no
ak2: [2026-10-09T06:45:41Z] rendezvous: all 64 ready; stages start at 1791528368 (27 s from now)
ak2-phase	2026-10-09T06:45:41Z	1791528341	stage-n1	no
ak2: [2026-10-09T06:46:08Z] stage n1: rank 23 waits
ak2-phase	2026-10-09T06:46:08Z	1791528368	stage-n16	no
ak2: [2026-10-09T06:47:28Z] stage n16: rank 23 waits
ak2-phase	2026-10-09T06:47:28Z	1791528448	stage-n32	no
probe-cont {"kind":"progress","label":"n32-r23","unix_s":1791528533.4860785,"elapsed_s":5.000087762,"bytes":25300041728,"gbps_cum":5.05991953186841,"gbps_interval":5.05991953186841,"requests":441,"retries":0,"complete":false}
probe-cont {"kind":"progress","label":"n32-r23","unix_s":1791528538.4860864,"elapsed_s":10.000095701,"bytes":53619982336,"gbps_cum":5.361946919231789,"gbps_interval":5.66397912833394,"requests":863,"retries":0,"complete":false}
probe-cont {"kind":"progress","label":"n32-r23","unix_s":1791528543.4862065,"elapsed_s":15.000215775,"bytes":82946555904,"gbps_cum":5.529690848997137,"gbps_interval":5.865173862622725,"requests":1300,"retries":0,"complete":false}
probe-cont {"kind":"progress","label":"n32-r23","unix_s":1791528548.486074,"elapsed_s":20.000083266,"bytes":110662516736,"gbps_cum":5.533102800833109,"gbps_interval":5.5433390748634945,"requests":1713,"retries":0,"complete":false}
probe-cont {"kind":"progress","label":"n32-r23","unix_s":1791528553.4860747,"elapsed_s":25.000084102,"bytes":134284836864,"gbps_cum":5.371375404823429,"gbps_interval":4.724463235669748,"requests":2065,"retries":0,"complete":false}
probe-cont {"kind":"progress","label":"n32-r23","unix_s":1791528558.486071,"elapsed_s":30.000080303,"bytes":159249334272,"gbps_cum":5.308296933327712,"gbps_interval":4.992903275207909,"requests":2437,"retries":0,"complete":false}
probe-cont {"kind":"progress","label":"n32-r23","unix_s":1791528563.4860866,"elapsed_s":35.000096092,"bytes":186763968512,"gbps_cum":5.336098735874294,"gbps_interval":5.502909470912472,"requests":2847,"retries":0,"complete":false}
probe-cont {"kind":"progress","label":"n32-r23","unix_s":1791528568.4860713,"elapsed_s":40.000080606,"bytes":216962957312,"gbps_cum":5.424063002499441,"gbps_interval":6.03981646651956,"requests":3297,"retries":0,"complete":false}
probe-cont {"kind":"progress","label":"n32-r23","unix_s":1791528573.486069,"elapsed_s":45.000078475,"bytes":246826401792,"gbps_cum":5.485021585665135,"gbps_interval":5.972691441561094,"requests":3742,"retries":0,"complete":false}
probe-cont {"kind":"progress","label":"n32-r23","unix_s":1791528578.486071,"elapsed_s":50.000080456,"bytes":277092499456,"gbps_cum":5.541841071632695,"gbps_interval":6.053217134515371,"requests":4193,"retries":0,"complete":false}
probe-cont {"kind":"progress","label":"n32-r23","unix_s":1791528583.4860852,"elapsed_s":55.000094451,"bytes":307492814848,"gbps_cum":5.590768850805296,"gbps_interval":6.080046060351077,"requests":4646,"retries":0,"complete":false}
probe-cont {"kind":"progress","label":"n32-r23","unix_s":1791528588.486109,"elapsed_s":60.000118374,"bytes":337087823872,"gbps_cum":5.618119313879072,"gbps_interval":5.918973484879465,"requests":5087,"retries":0,"complete":false}
probe-cont {"kind":"done","label":"n32-r23","unix_s":1791528588.4864528,"elapsed_s":60.000462086,"bytes":337087823872,"gbps_cum":5.61808713054317,"gbps_interval":0,"requests":5087,"retries":0,"complete":false,"workers":64,"chunk_mib":64,"object":"https://kraken2-ncbi-refseq-complete-v205.s3.us-west-2.amazonaws.com/Kraken2_RefSeqCompleteV205/hash.k2d","object_bytes":1189091671800,"stopped_by":"seconds"}
ak2-phase	2026-10-09T06:49:53Z	1791528593	stage-n64	no
probe-cont {"kind":"progress","label":"n64-r23","unix_s":1791528613.9553182,"elapsed_s":5.000097517,"bytes":28655484928,"gbps_cum":5.730985211903018,"gbps_interval":5.730985211903018,"requests":491,"retries":0,"complete":false}
probe-cont {"kind":"progress","label":"n64-r23","unix_s":1791528618.955375,"elapsed_s":10.000154112,"bytes":58653147136,"gbps_cum":5.865224323454907,"gbps_interval":5.999464533660943,"requests":938,"retries":0,"complete":false}
probe-cont {"kind":"progress","label":"n64-r23","unix_s":1791528623.955299,"elapsed_s":15.000077892,"bytes":90999619584,"gbps_cum":6.066609802908615,"gbps_interval":6.469393109028555,"requests":1420,"retries":0,"complete":false}
probe-cont {"kind":"progress","label":"n64-r23","unix_s":1791528628.9553106,"elapsed_s":20.000089671,"bytes":120728846336,"gbps_cum":6.0364152522303955,"gbps_interval":5.945831343210521,"requests":1863,"retries":0,"complete":false}
probe-cont {"kind":"progress","label":"n64-r23","unix_s":1791528633.955293,"elapsed_s":25.000072228,"bytes":150458073088,"gbps_cum":6.01830553591311,"gbps_interval":5.945866093148453,"requests":2306,"retries":0,"complete":false}
probe-cont {"kind":"progress","label":"n64-r23","unix_s":1791528638.9552965,"elapsed_s":30.000075755,"bytes":183140089856,"gbps_cum":6.104654246597252,"gbps_interval":6.5363987428243275,"requests":2793,"retries":0,"complete":false}
probe-cont {"kind":"progress","label":"n64-r23","unix_s":1791528643.9552941,"elapsed_s":35.00007336,"bytes":213070643200,"gbps_cum":6.087719902996226,"gbps_interval":5.986113536148384,"requests":3239,"retries":0,"complete":false}
probe-cont {"kind":"progress","label":"n64-r23","unix_s":1791528648.9553077,"elapsed_s":40.000086843,"bytes":245551333376,"gbps_cum":6.138770006669907,"gbps_interval":6.496120517761412,"requests":3723,"retries":0,"complete":false}
probe-cont {"kind":"progress","label":"n64-r23","unix_s":1791528653.9552958,"elapsed_s":45.000075036,"bytes":275414777856,"gbps_cum":6.120318191373427,"gbps_interval":5.972702999940863,"requests":4168,"retries":0,"complete":false}
probe-cont {"kind":"progress","label":"n64-r23","unix_s":1791528658.955294,"elapsed_s":50.000073128,"bytes":306016419840,"gbps_cum":6.120319445465593,"gbps_interval":6.120330732318207,"requests":4624,"retries":0,"complete":false}
probe-cont {"kind":"progress","label":"n64-r23","unix_s":1791528663.955305,"elapsed_s":55.000084279,"bytes":337826021376,"gbps_cum":6.142281885647727,"gbps_interval":6.361906118876974,"requests":5098,"retries":0,"complete":false}
probe-cont {"kind":"progress","label":"n64-r23","unix_s":1791528668.9553027,"elapsed_s":60.000081737,"bytes":367689465856,"gbps_cum":6.128149415990853,"gbps_interval":5.972691932516579,"requests":5543,"retries":0,"complete":false}
probe-cont {"kind":"done","label":"n64-r23","unix_s":1791528668.9555242,"elapsed_s":60.000303274,"bytes":367689465856,"gbps_cum":6.128126789241269,"gbps_interval":0,"requests":5543,"retries":0,"complete":false,"workers":64,"chunk_mib":64,"object":"https://kraken2-ncbi-refseq-complete-v205.s3.us-west-2.amazonaws.com/Kraken2_RefSeqCompleteV205/hash.k2d","object_bytes":1189091671800,"stopped_by":"seconds"}
ak2-phase	2026-10-09T06:51:14Z	1791528674	push	no
ak2: [2026-10-09T06:51:14Z] pushed out/cont-23.jsonl
ak2: [2026-10-09T06:51:14Z] contention probe done FAIL=0
spawn: [2026-10-09T06:51:15Z] command exit rc=0
