Loading database information...ak2-timing	opts	0.002813	0.000018	0	0	0.000000	0.000017
ak2-timing	taxo	0.002838	0.092998	87781	0	0.010461	0.097530
ak2-timing	shard-load-4	0.177154	40.529266	41102	0	40.738767	39.556499
ak2-timing	rendezvous	41.163699	26.883680	3120	0	0.046924	0.007397
ak2-timing	connect	68.047394	0.050667	381	0	0.004001	0.000814
ak2-timing	hash	0.095859	68.002221	46453	0	40.804078	39.565688
 done.
14303962 sequences (2635.98 Mbp) processed in 14.544s (59011.3 Kseq/m, 10874.78 Mbp/m).
  14029845 sequences classified (98.08%)
  274117 sequences unclassified (1.92%)
ak2-sample	batch	0	name	0-SRR5935830	mode	parallel	s3client	sdk	rank	4	role	home	inflight	2	threads	16	start_s	68.098120	wall_s	14.939809	setup_s	0.000047	classify_s	14.543624	close_s	0.218773	report_s	0.169290	status	0	sequences	14303962	bases	2635979010	classified	14029845	place	lpt	weight	14303962
18645445 sequences (3449.57 Mbp) processed in 18.399s (60803.0 Kseq/m, 11249.09 Mbp/m).
  18393099 sequences classified (98.65%)
  252346 sequences unclassified (1.35%)
ak2-sample	batch	0	name	0-SRR5935751	mode	parallel	s3client	sdk	rank	4	role	home	inflight	2	threads	16	start_s	68.098142	wall_s	18.830519	setup_s	0.000041	classify_s	18.399211	close_s	0.265226	report_s	0.157864	status	0	sequences	18645445	bases	3449573600	classified	18393099	place	lpt	weight	18645445
12252617 sequences (2212.67 Mbp) processed in 11.261s (65281.2 Kseq/m, 11788.99 Mbp/m).
  10208851 sequences classified (83.32%)
  2043766 sequences unclassified (16.68%)
ak2-sample	batch	0	name	0-SRR5935774	mode	parallel	s3client	sdk	rank	4	role	home	inflight	2	threads	16	start_s	83.038010	wall_s	11.654632	setup_s	0.000071	classify_s	11.261398	close_s	0.206408	report_s	0.168638	status	0	sequences	12252617	bases	2212674525	classified	10208851	place	lpt	weight	12252617
10834778 sequences (1957.59 Mbp) processed in 10.497s (61928.0 Kseq/m, 11188.92 Mbp/m).
  10642489 sequences classified (98.23%)
  192289 sequences unclassified (1.77%)
ak2-sample	batch	0	name	0-SRR5935760	mode	parallel	s3client	sdk	rank	4	role	home	inflight	2	threads	16	start_s	86.928724	wall_s	10.860870	setup_s	0.000063	classify_s	10.497455	close_s	0.229847	report_s	0.127599	status	0	sequences	10834778	bases	1957586977	classified	10642489	place	lpt	weight	10834778
1539039 sequences (293.66 Mbp) processed in 1.872s (49335.6 Kseq/m, 9413.53 Mbp/m).
  1494119 sequences classified (97.08%)
  44920 sequences unclassified (2.92%)
ak2-sample	batch	0	name	0-SRR5935809	mode	parallel	s3client	sdk	rank	4	role	home	inflight	2	threads	16	start_s	97.789620	wall_s	2.255724	setup_s	0.000078	classify_s	1.871718	close_s	0.246158	report_s	0.133775	status	0	sequences	1539039	bases	293657718	classified	1494119	place	lpt	weight	1539039
1085628 sequences (199.24 Mbp) processed in 1.489s (43740.7 Kseq/m, 8027.70 Mbp/m).
  1061820 sequences classified (97.81%)
  23808 sequences unclassified (2.19%)
ak2-sample	batch	0	name	0-SRR5935839	mode	parallel	s3client	sdk	rank	4	role	home	inflight	2	threads	16	start_s	100.045362	wall_s	1.859173	setup_s	0.000080	classify_s	1.489177	close_s	0.240588	report_s	0.126750	status	0	sequences	1085628	bases	199244471	classified	1061820	place	lpt	weight	1085628
10054299 sequences (1885.64 Mbp) processed in 8.410s (71732.4 Kseq/m, 13453.12 Mbp/m).
  9575405 sequences classified (95.24%)
  478894 sequences unclassified (4.76%)
ak2-sample	batch	0	name	0-SRR5935786	mode	parallel	s3client	sdk	rank	4	role	home	inflight	2	threads	16	start_s	94.692723	wall_s	8.811884	setup_s	0.000069	classify_s	8.409842	close_s	0.228177	report_s	0.163158	status	0	sequences	10054299	bases	1885642952	classified	9575405	place	lpt	weight	10054299
ak2-timing	batch-barrier-0	103.504628	4.934953	3	0	2.097796	0.233093
10834778 sequences (1957.59 Mbp) processed in 11.096s (58589.0 Kseq/m, 10585.64 Mbp/m).
  10642489 sequences classified (98.23%)
  192289 sequences unclassified (1.77%)
ak2-sample	batch	1	name	1-SRR5935760	mode	parallel	s3client	sdk	rank	4	role	home	inflight	2	threads	16	start_s	108.439609	wall_s	11.499109	setup_s	0.000043	classify_s	11.095710	close_s	0.232659	report_s	0.164577	status	0	sequences	10834778	bases	1957586977	classified	10642489	place	mod	weight	10834778
3168882 sequences (592.65 Mbp) processed in 3.545s (53628.9 Kseq/m, 10029.73 Mbp/m).
  3127330 sequences classified (98.69%)
  41552 sequences unclassified (1.31%)
ak2-sample	batch	1	name	1-SRR5935776	mode	parallel	s3client	sdk	rank	4	role	home	inflight	2	threads	16	start_s	119.938808	wall_s	3.930632	setup_s	0.000081	classify_s	3.545348	close_s	0.277908	report_s	0.103202	status	0	sequences	3168882	bases	592648009	classified	3127330	place	mod	weight	3168882
15328347 sequences (2853.53 Mbp) processed in 15.341s (59949.6 Kseq/m, 11160.22 Mbp/m).
  14998872 sequences classified (97.85%)
  329475 sequences unclassified (2.15%)
ak2-sample	batch	1	name	1-SRR5935744	mode	parallel	s3client	sdk	rank	4	role	home	inflight	2	threads	16	start_s	108.439613	wall_s	15.738176	setup_s	0.000045	classify_s	15.341244	close_s	0.231836	report_s	0.155520	status	0	sequences	15328347	bases	2853526686	classified	14998872	place	mod	weight	15328347
11437813 sequences (2096.18 Mbp) processed in 11.407s (60162.6 Kseq/m, 11025.87 Mbp/m).
  10922134 sequences classified (95.49%)
  515679 sequences unclassified (4.51%)
ak2-sample	batch	1	name	1-SRR5935792	mode	parallel	s3client	sdk	rank	4	role	home	inflight	2	threads	16	start_s	123.869463	wall_s	11.835719	setup_s	0.000079	classify_s	11.406899	close_s	0.204917	report_s	0.214953	status	0	sequences	11437813	bases	2096182336	classified	10922134	place	mod	weight	11437813
15500933 sequences (2889.47 Mbp) processed in 15.323s (60696.8 Kseq/m, 11314.25 Mbp/m).
  14777244 sequences classified (95.33%)
  723689 sequences unclassified (4.67%)
ak2-sample	batch	1	name	1-SRR5935808	mode	parallel	s3client	sdk	rank	4	role	home	inflight	2	threads	16	start_s	124.177813	wall_s	15.754392	setup_s	0.000058	classify_s	15.322988	close_s	0.268361	report_s	0.152621	status	0	sequences	15500933	bases	2889469649	classified	14777244	place	mod	weight	15500933
8745078 sequences (1626.83 Mbp) processed in 6.750s (77737.0 Kseq/m, 14461.30 Mbp/m).
  8520266 sequences classified (97.43%)
  224812 sequences unclassified (2.57%)
ak2-sample	batch	1	name	1-SRR5935824	mode	parallel	s3client	sdk	rank	4	role	home	inflight	2	threads	16	start_s	135.705277	wall_s	7.367150	setup_s	0.000066	classify_s	6.749742	close_s	0.464328	report_s	0.143504	status	0	sequences	8745078	bases	1626833325	classified	8520266	place	mod	weight	8745078
ak2-timing	batch-barrier-1	143.072451	9.948531	2	0	5.705791	0.856921
14303962 sequences (2635.98 Mbp) processed in 14.657s (58554.4 Kseq/m, 10790.58 Mbp/m).
  14029845 sequences classified (98.08%)
  274117 sequences unclassified (1.92%)
ak2-sample	batch	2	name	2-SRR5935830	mode	parallel	s3client	sdk	rank	4	role	home	inflight	2	threads	16	start_s	153.021023	wall_s	15.022610	setup_s	0.000050	classify_s	14.657113	close_s	0.196135	report_s	0.161555	status	0	sequences	14303962	bases	2635979010	classified	14029845	place	lpt	weight	14303962
18645445 sequences (3449.57 Mbp) processed in 18.597s (60155.2 Kseq/m, 11129.25 Mbp/m).
  18393099 sequences classified (98.65%)
  252346 sequences unclassified (1.35%)
ak2-sample	batch	2	name	2-SRR5935751	mode	parallel	s3client	sdk	rank	4	role	home	inflight	2	threads	16	start_s	153.021033	wall_s	19.088586	setup_s	0.000042	classify_s	18.597331	close_s	0.253987	report_s	0.228894	status	0	sequences	18645445	bases	3449573600	classified	18393099	place	lpt	weight	18645445
12252617 sequences (2212.67 Mbp) processed in 11.231s (65458.6 Kseq/m, 11821.04 Mbp/m).
  10208851 sequences classified (83.32%)
  2043766 sequences unclassified (16.68%)
ak2-sample	batch	2	name	2-SRR5935774	mode	parallel	s3client	sdk	rank	4	role	home	inflight	2	threads	16	start_s	168.043662	wall_s	11.680731	setup_s	0.000063	classify_s	11.230862	close_s	0.231424	report_s	0.200477	status	0	sequences	12252617	bases	2212674525	classified	10208851	place	lpt	weight	12252617
10834778 sequences (1957.59 Mbp) processed in 10.434s (62305.3 Kseq/m, 11257.08 Mbp/m).
  10642489 sequences classified (98.23%)
  192289 sequences unclassified (1.77%)
ak2-sample	batch	2	name	2-SRR5935760	mode	parallel	s3client	sdk	rank	4	role	home	inflight	2	threads	16	start_s	172.109641	wall_s	10.771302	setup_s	0.000064	classify_s	10.433899	close_s	0.207475	report_s	0.123749	status	0	sequences	10834778	bases	1957586977	classified	10642489	place	lpt	weight	10834778
1539039 sequences (293.66 Mbp) processed in 1.986s (46495.1 Kseq/m, 8871.54 Mbp/m).
  1494119 sequences classified (97.08%)
  44920 sequences unclassified (2.92%)
ak2-sample	batch	2	name	2-SRR5935809	mode	parallel	s3client	sdk	rank	4	role	home	inflight	2	threads	16	start_s	182.881170	wall_s	2.427951	setup_s	0.000061	classify_s	1.986066	close_s	0.272888	report_s	0.164339	status	0	sequences	1539039	bases	293657718	classified	1494119	place	lpt	weight	1539039
1085628 sequences (199.24 Mbp) processed in 1.311s (49680.9 Kseq/m, 9117.91 Mbp/m).
  1061820 sequences classified (97.81%)
  23808 sequences unclassified (2.19%)
ak2-sample	batch	2	name	2-SRR5935839	mode	parallel	s3client	sdk	rank	4	role	home	inflight	2	threads	16	start_s	185.309147	wall_s	1.734703	setup_s	0.000062	classify_s	1.311120	close_s	0.247544	report_s	0.173396	status	0	sequences	1085628	bases	199244471	classified	1061820	place	lpt	weight	1085628
10054299 sequences (1885.64 Mbp) processed in 8.356s (72197.7 Kseq/m, 13540.38 Mbp/m).
  9575405 sequences classified (95.24%)
  478894 sequences unclassified (4.76%)
ak2-sample	batch	2	name	2-SRR5935786	mode	parallel	s3client	sdk	rank	4	role	home	inflight	2	threads	16	start_s	179.724465	wall_s	8.814558	setup_s	0.000072	classify_s	8.355640	close_s	0.292811	report_s	0.154916	status	0	sequences	10054299	bases	1885642952	classified	9575405	place	lpt	weight	10054299
ak2-timing	batch-barrier-2	188.539044	5.721196	3	0	2.628225	0.359245
ak2-timing	barrier	200.370237	0.501572	0	0	0.027767	0.001215
ak2-sample	batch	3	name	3-SRR5935740	mode	striped	s3client	sdk	rank	4	role	peer	inflight	1	threads	16	start_s	194.802051	wall_s	6.069796	setup_s	0.000047	classify_s	5.563968	close_s	0.000000	report_s	0.000000	status	0	sequences	0	bases	0	classified	0	place	-	weight	-
ak2-timing	batch-barrier-3	200.871859	0.510337	3	0	0.000000	0.006973
ak2-timing	barrier	207.746615	0.198080	0	0	0.018423	0.000572
ak2-sample	batch	4	name	4-SRR5935740	mode	striped	s3client	sdk	rank	4	role	peer	inflight	1	threads	16	start_s	202.174959	wall_s	5.769782	setup_s	0.000067	classify_s	5.567587	close_s	0.000000	report_s	0.000000	status	0	sequences	0	bases	0	classified	0	place	-	weight	-
ak2-timing	batch-barrier-4	207.944753	0.482071	15	0	0.005526	0.000378
ak2-timing	barrier	214.834989	0.211985	1	0	0.018588	0.001270
ak2-sample	batch	5	name	5-SRR5935740	mode	striped	s3client	sdk	rank	4	role	peer	inflight	1	threads	16	start_s	209.268469	wall_s	5.778561	setup_s	0.000052	classify_s	5.562453	close_s	0.000000	report_s	0.000000	status	0	sequences	0	bases	0	classified	0	place	-	weight	-
ak2-timing	batch-barrier-5	215.047042	0.837207	3	0	0.000000	0.006630
ak2-timing	batch-barrier-6	215.884267	7.132624	0	0	0.655026	0.139036
ak2-timing	batch-barrier-7	223.016911	7.107826	0	0	0.684807	0.099378
ak2-timing	batch-barrier-8	230.124757	7.224246	48	0	0.740827	0.031960
ak2-engine	shard	0	n	16	lo	74318229485	hi	92897786856	tail	302	full	false	empty_at	18579557370	keys	8477552208	batches	89910	probe_s	203.979881	tail_probes	0	wrap_probes	0
ak2-engine	rendezvous	puts	13	gets	679
ak2-engine	s3	client	sdk	put	33	get	679	create_multipart	20	upload_part	2035	complete_multipart	20	abort_multipart	0	part_bytes	17007170948
ak2-engine	s3	client	cli	put	0	get	0	create_multipart	0	upload_part	0	complete_multipart	0	abort_multipart	0	part_bytes	0
ak2-engine	load	seconds	40.529263	requests	1126	retries	0	bytes	74318296292
ak2-engine	route	transport	nodes	calls	5346	keys	8037635259	batches	85536	route_s	93.860619	wait_s	327.576208	gather_s	17.964268
ak2-engine	worker	scan_s	719.471246	lookup_s	439.404886	classify_s	607.579218
ak2-timing	total	0.000001	237.475449	7982617	0	1581.051317	108.253181
