Loading database information...ak2-timing	opts	0.003162	0.000017	0	0	0.000016	0.000000
ak2-timing	taxo	0.003187	0.092271	87816	0	0.012337	0.082554
ak2-timing	shard-load-18	0.157876	14.753587	23690	0	18.374409	17.437562
ak2-engine	mem	t_s	15.0	rss_kib	36682772	hwm_kib	36682772	heap_inuse	402432000	sys	434501992	avail_kib	58102160
ak2-engine	mem	t_s	30.0	rss_kib	36689496	hwm_kib	36689500	heap_inuse	409788416	sys	443152744	avail_kib	58516760
ak2-timing	rendezvous	15.379373	26.001785	2102	0	0.044605	0.013295
ak2-timing	connect	41.381172	0.102006	11	0	0.000000	0.001852
ak2-timing	hash	0.095551	41.387641	27651	0	18.433039	17.453810
 done.
ak2-engine	mem	t_s	45.0	rss_kib	52798400	hwm_kib	52798400	heap_inuse	14702043136	sys	17318680680	avail_kib	42395544
10128070 sequences (1876.81 Mbp) processed in 9.829s (61825.3 Kseq/m, 11456.72 Mbp/m).
  9942775 sequences classified (98.17%)
  185295 sequences unclassified (1.83%)
ak2-sample	batch	0	name	0-SRR5935782	mode	parallel	s3client	sdk	rank	18	role	home	inflight	6	threads	16	start_s	41.483231	wall_s	10.971955	setup_s	0.000044	classify_s	9.829047	close_s	0.918570	report_s	0.218351	status	0	sequences	10128070	bases	1876810820	classified	9942775	place	lpt	weight	10128070
12062510 sequences (2207.30 Mbp) processed in 10.241s (70674.3 Kseq/m, 12932.56 Mbp/m).
  10926608 sequences classified (90.58%)
  1135902 sequences unclassified (9.42%)
ak2-sample	batch	0	name	0-SRR5935820	mode	parallel	s3client	sdk	rank	18	role	home	inflight	6	threads	16	start_s	41.483244	wall_s	11.173003	setup_s	0.000069	classify_s	10.240655	close_s	0.748940	report_s	0.168104	status	0	sequences	12062510	bases	2207297835	classified	10926608	place	lpt	weight	12062510
15328347 sequences (2853.53 Mbp) processed in 11.125s (82669.5 Kseq/m, 15389.77 Mbp/m).
  14998872 sequences classified (97.85%)
  329475 sequences unclassified (2.15%)
ak2-sample	batch	0	name	0-SRR5935744	mode	parallel	s3client	sdk	rank	18	role	home	inflight	6	threads	16	start_s	41.483243	wall_s	11.517858	setup_s	0.000040	classify_s	11.125027	close_s	0.229093	report_s	0.155256	status	0	sequences	15328347	bases	2853526686	classified	14998872	place	lpt	weight	15328347
ak2-timing	batch-barrier-0	53.001120	3.128611	4	0	0.973049	0.356498
ak2-engine	mem	t_s	60.0	rss_kib	57723532	hwm_kib	57723688	heap_inuse	19271073792	sys	22123314296	avail_kib	36364728
8206591 sequences (1523.97 Mbp) processed in 7.354s (66959.5 Kseq/m, 12434.42 Mbp/m).
  7998445 sequences classified (97.46%)
  208146 sequences unclassified (2.54%)
ak2-sample	batch	1	name	1-SRR5935758	mode	parallel	s3client	sdk	rank	18	role	home	inflight	6	threads	16	start_s	56.129765	wall_s	8.160126	setup_s	0.000046	classify_s	7.353628	close_s	0.610348	report_s	0.190519	status	0	sequences	8206591	bases	1523967713	classified	7998445	place	mod	weight	8206591
9202475 sequences (1711.99 Mbp) processed in 8.437s (65439.9 Kseq/m, 12174.17 Mbp/m).
  8810259 sequences classified (95.74%)
  392216 sequences unclassified (4.26%)
ak2-sample	batch	1	name	1-SRR5935790	mode	parallel	s3client	sdk	rank	18	role	home	inflight	6	threads	16	start_s	56.129771	wall_s	9.044776	setup_s	0.000039	classify_s	8.437492	close_s	0.381379	report_s	0.217400	status	0	sequences	9202475	bases	1711991411	classified	8810259	place	mod	weight	9202475
13365245 sequences (2460.33 Mbp) processed in 9.746s (82281.1 Kseq/m, 15146.64 Mbp/m).
  13192260 sequences classified (98.71%)
  172985 sequences unclassified (1.29%)
ak2-sample	batch	1	name	1-SRR5935822	mode	parallel	s3client	sdk	rank	18	role	home	inflight	6	threads	16	start_s	56.129761	wall_s	10.214122	setup_s	0.000049	classify_s	9.746036	close_s	0.325059	report_s	0.136098	status	0	sequences	13365245	bases	2460327516	classified	13192260	place	mod	weight	13365245
ak2-timing	batch-barrier-1	66.343904	5.394877	1	0	2.623376	0.369238
ak2-engine	mem	t_s	75.0	rss_kib	55013052	hwm_kib	58515024	heap_inuse	17093443584	sys	22980021576	avail_kib	37253760
10128070 sequences (1876.81 Mbp) processed in 9.359s (64928.1 Kseq/m, 12031.69 Mbp/m).
  9942775 sequences classified (98.17%)
  185295 sequences unclassified (1.83%)
12062510 sequences (2207.30 Mbp) processed in 9.599s (75401.2 Kseq/m, 13797.53 Mbp/m).
  10926608 sequences classified (90.58%)
  1135902 sequences unclassified (9.42%)
ak2-sample	batch	2	name	2-SRR5935782	mode	parallel	s3client	sdk	rank	18	role	home	inflight	6	threads	16	start_s	71.738848	wall_s	9.878988	setup_s	0.000043	classify_s	9.359340	close_s	0.310739	report_s	0.202790	status	0	sequences	10128070	bases	1876810820	classified	9942775	place	lpt	weight	10128070
ak2-sample	batch	2	name	2-SRR5935820	mode	parallel	s3client	sdk	rank	18	role	home	inflight	6	threads	16	start_s	71.738858	wall_s	10.025160	setup_s	0.000038	classify_s	9.598663	close_s	0.239275	report_s	0.171996	status	0	sequences	12062510	bases	2207297835	classified	10926608	place	lpt	weight	12062510
15328347 sequences (2853.53 Mbp) processed in 11.375s (80851.5 Kseq/m, 15051.32 Mbp/m).
  14998872 sequences classified (97.85%)
  329475 sequences unclassified (2.15%)
ak2-sample	batch	2	name	2-SRR5935744	mode	parallel	s3client	sdk	rank	18	role	home	inflight	6	threads	16	start_s	71.738852	wall_s	11.807777	setup_s	0.000040	classify_s	11.375187	close_s	0.250540	report_s	0.173552	status	0	sequences	15328347	bases	2853526686	classified	14998872	place	lpt	weight	15328347
ak2-timing	batch-barrier-2	83.546648	2.784610	0	0	0.330154	0.043519
ak2-engine	mem	t_s	90.0	rss_kib	41113564	hwm_kib	58515024	heap_inuse	1517191168	sys	22980103496	avail_kib	49970384
ak2-timing	barrier	93.103293	0.297439	0	0	0.004523	0.000381
ak2-sample	batch	3	name	3-SRR5935740	mode	striped	s3client	sdk	rank	18	role	peer	inflight	1	threads	16	start_s	87.327138	wall_s	6.073641	setup_s	0.000048	classify_s	5.773834	close_s	0.000000	report_s	0.000000	status	0	sequences	0	bases	0	classified	0	place	-	weight	-
ak2-timing	batch-barrier-3	93.400791	0.927355	2	0	0.007841	0.000661
ak2-timing	barrier	101.277386	0.012356	0	0	0.000041	0.000003
ak2-sample	batch	4	name	4-SRR5935740	mode	striped	s3client	sdk	rank	18	role	peer	inflight	1	threads	16	start_s	95.466846	wall_s	5.822943	setup_s	0.000047	classify_s	5.807454	close_s	0.000000	report_s	0.000000	status	0	sequences	0	bases	0	classified	0	place	-	weight	-
ak2-timing	batch-barrier-4	101.289808	0.892448	318	0	0.008478	0.000000
ak2-engine	mem	t_s	105.0	rss_kib	38006624	hwm_kib	58515024	heap_inuse	871006208	sys	22980103496	avail_kib	56409888
ak2-timing	barrier	109.178031	0.013964	0	0	0.000059	0.000005
ak2-sample	batch	5	name	5-SRR5935740	mode	striped	s3client	sdk	rank	18	role	peer	inflight	1	threads	16	start_s	103.401566	wall_s	5.790492	setup_s	0.000050	classify_s	5.773889	close_s	0.000000	report_s	0.000000	status	0	sequences	0	bases	0	classified	0	place	-	weight	-
ak2-timing	batch-barrier-5	109.192067	0.880374	3	0	0.007596	0.000629
ak2-timing	batch-barrier-6	110.072463	7.509432	0	0	0.315503	0.054006
ak2-engine	mem	t_s	120.0	rss_kib	39312528	hwm_kib	58515024	heap_inuse	2034147328	sys	22980103496	avail_kib	55913128
ak2-timing	batch-barrier-7	117.581921	6.580011	1	0	0.352173	0.017597
ak2-timing	batch-barrier-8	124.161955	7.494356	19	0	0.350254	0.021614
ak2-engine	shard	0	n	32	lo	167216016342	hi	176505795028	tail	302	full	false	empty_at	9289778690	keys	4234966653	batches	89910	probe_s	89.850382	tail_probes	0	wrap_probes	0
ak2-engine	mem	t_s	131.7	rss_kib	39312600	hwm_kib	58515024	heap_inuse	2036334592	sys	22980103496	avail_kib	56081824
ak2-engine	rendezvous	puts	13	gets	885
ak2-engine	s3	client	sdk	put	22	get	885	create_multipart	9	upload_part	1079	complete_multipart	9	abort_multipart	0	part_bytes	9015092153
ak2-engine	s3	client	cli	put	0	get	0	create_multipart	0	upload_part	0	complete_multipart	0	abort_multipart	0	part_bytes	0
ak2-engine	load	seconds	14.753584	requests	572	retries	0	bytes	37159181552
ak2-engine	route	transport	nodes	calls	2805	keys	4230394543	batches	89760	route_s	39.156556	wait_s	678.502515	gather_s	9.789927
ak2-engine	worker	scan_s	312.167283	lookup_s	727.450639	classify_s	236.900822
ak2-timing	total	0.000001	131.723356	9386573	0	867.489075	71.892337
