ak2: log tee up
ak2-phase	2026-10-08T05:44:09Z	1791438249	preamble	no
ak2: [2026-10-08T05:44:09Z] inherited $-=hBc (stub, as spawn started it: $-=hBc)
ak2: [2026-10-08T05:44:09Z] after set +e $-=hBc
ak2: [2026-10-08T05:44:09Z] gate=g3 run=20261008-054327-1a4dbfe-0536-n16-r10
ak2: [2026-10-08T05:44:09Z] aws shim installed and self-tested (/tmp/ak2-bin/aws -> /usr/bin/aws)
ak2: [2026-10-08T05:44:09Z] imds region=us-west-2 az=us-west-2a instance=i-0b010d33399e85695 type=c8g.16xlarge ami=ami-09325776a00699513
ak2: [2026-10-08T05:44:09Z] bucket aws-kraken2-942542972736-us-west-2 region=us-west-2
ak2: [2026-10-08T05:44:10Z] bucket aws-kraken2-942542972736-us-west-2 payer=UNKNOWN
ak2: [2026-10-08T05:44:10Z] WARN: could not read Payer of aws-kraken2-942542972736-us-west-2 from the instance (launch host verified it)
ak2: [2026-10-08T05:44:10Z] bucket kraken2-ncbi-refseq-complete-v205 region=us-west-2
ak2: [2026-10-08T05:44:10Z] bucket kraken2-ncbi-refseq-complete-v205 payer=BucketOwner
ak2: [2026-10-08T05:44:10Z] region assert passed
ak2: [2026-10-08T05:44:10Z] drop_caches_ok=true
ak2: [2026-10-08T05:44:11Z] preamble done; spec body starts
ak2-phase	2026-10-08T05:44:11Z	1791438251	body	no
ak2: [2026-10-08T05:44:11Z] e3 cohort 20261008-054327-1a4dbfe-0536-n16 rank 10 of 16, commit 1a4dbfe; RODA kraken2-ncbi-refseq-complete-v205/Kraken2_RefSeqCompleteV205; samples aws-kraken2-942542972736-us-west-2/aws-kraken2/data/cohort; cohort 100
ak2-phase	2026-10-08T05:44:11Z	1791438251	setup	no
ak2: [2026-10-08T05:44:47Z] built 1a4dbfe0bf36fd5744d2631453752d4e835af8b7; go version go1.27.1 linux/arm64; ip 172.31.17.24; nproc 64; mem_gib 123; threads 16, inflight 4
ak2-phase	2026-10-08T05:44:47Z	1791438287	manifest	no
ak2: [2026-10-08T05:44:48Z] staged s3://kraken2-ncbi-refseq-complete-v205/Kraken2_RefSeqCompleteV205/opts.k2d -> /home/ec2-user/ak2/db/roda/opts.k2d (56 bytes)
ak2: [2026-10-08T05:44:49Z] staged s3://kraken2-ncbi-refseq-complete-v205/Kraken2_RefSeqCompleteV205/taxo.k2d -> /home/ec2-user/ak2/db/roda/taxo.k2d (179150665 bytes)
ak2: [2026-10-08T05:44:49Z] RODA hash.k2d etag=f80959f9556b50d76b3e744afdd3b22a-8860 size=1189091671800
ak2: [2026-10-08T05:44:50Z] pushed out/rank10/c100.tsv
ak2: [2026-10-08T05:44:50Z] pushed out/rank10/placement.tsv
ak2: [2026-10-08T05:44:50Z] manifest c100: 306 lines in 9 batches; rank 10 reads 13 samples
ak2-phase	2026-10-08T05:44:50Z	1791438290	fetch	no
ak2: [2026-10-08T05:44:58Z] inputs staged and verified: 26 files, 14.42 GB
ak2: [2026-10-08T05:44:58Z] manifest c100: cohort: 306 samples in 9 batches check
ak2-phase	2026-10-08T05:44:58Z	1791438298	inv-c100	no
[c100] ak2-timing	taxo	0.003282	0.108307	87901	0	0.024182	0.087649
[c100] ak2-engine	mem	t_s	15.0	rss_kib	53742944	hwm_kib	53742948	heap_inuse	406700032	sys	449177976	avail_kib	73134432
[c100] ak2-timing	shard-load-10	0.176080	20.503131	42451	0	32.520619	27.518663
[c100] ak2-engine	mem	t_s	30.0	rss_kib	72978292	hwm_kib	72978296	heap_inuse	410132480	sys	449440120	avail_kib	54171928
[c100] ak2-engine	mem	t_s	45.0	rss_kib	72978632	hwm_kib	72978636	heap_inuse	410574848	sys	449440120	avail_kib	54431452
[c100] ak2-engine	mem	t_s	60.0	rss_kib	72979012	hwm_kib	72979016	heap_inuse	411000832	sys	449440120	avail_kib	54604544
[c100] ak2-engine	mem	t_s	75.0	rss_kib	72979444	hwm_kib	72979448	heap_inuse	411549696	sys	449440120	avail_kib	54630216
[c100] ak2-engine	mem	t_s	90.0	rss_kib	72979596	hwm_kib	72979596	heap_inuse	412147712	sys	449440120	avail_kib	54627072
[c100] ak2-engine	mem	t_s	105.0	rss_kib	72979856	hwm_kib	72979860	heap_inuse	412721152	sys	449440120	avail_kib	54585660
[c100] ak2-engine	mem	t_s	120.0	rss_kib	72980512	hwm_kib	72980516	heap_inuse	413351936	sys	449440120	avail_kib	54625456
[c100] ak2-engine	mem	t_s	135.0	rss_kib	72981428	hwm_kib	72981432	heap_inuse	189841408	sys	453929336	avail_kib	54637692
[c100] ak2-engine	mem	t_s	150.0	rss_kib	72981732	hwm_kib	72981732	heap_inuse	190160896	sys	453929336	avail_kib	54643856
[c100] ak2-engine	mem	t_s	165.0	rss_kib	72981836	hwm_kib	72981836	heap_inuse	190693376	sys	453929336	avail_kib	54644100
[c100] ak2-engine	mem	t_s	180.0	rss_kib	72982008	hwm_kib	72982008	heap_inuse	191193088	sys	453994872	avail_kib	54621048
[c100] ak2-engine	mem	t_s	195.0	rss_kib	72982060	hwm_kib	72982060	heap_inuse	191709184	sys	453994872	avail_kib	54634000
[c100] ak2-engine	mem	t_s	210.0	rss_kib	72982072	hwm_kib	72982072	heap_inuse	192315392	sys	453994872	avail_kib	54634440
[c100] ak2-engine	mem	t_s	225.0	rss_kib	72982076	hwm_kib	72982076	heap_inuse	192921600	sys	453994872	avail_kib	54593328
[c100] ak2-engine	mem	t_s	240.0	rss_kib	72982076	hwm_kib	72982076	heap_inuse	193503232	sys	453994872	avail_kib	54623420
[c100] ak2-engine	mem	t_s	255.0	rss_kib	72797980	hwm_kib	72976276	heap_inuse	187572224	sys	454273400	avail_kib	54842480
[c100] ak2-engine	mem	t_s	270.0	rss_kib	72797980	hwm_kib	72976276	heap_inuse	188006400	sys	454273400	avail_kib	54843164
[c100] ak2-engine	mem	t_s	285.0	rss_kib	72797992	hwm_kib	72976276	heap_inuse	188522496	sys	454273400	avail_kib	54831804
[c100] ak2-engine	mem	t_s	300.0	rss_kib	72797992	hwm_kib	72976276	heap_inuse	189079552	sys	454273400	avail_kib	54837516
[c100] ak2-engine	mem	t_s	315.0	rss_kib	72797992	hwm_kib	72976276	heap_inuse	189661184	sys	454273400	avail_kib	54836316
[c100] ak2-engine	mem	t_s	330.0	rss_kib	72798016	hwm_kib	72976276	heap_inuse	190349312	sys	454273400	avail_kib	54817592
[c100] ak2-engine	mem	t_s	345.0	rss_kib	72798016	hwm_kib	72976276	heap_inuse	191012864	sys	454273400	avail_kib	54816900
[c100] ak2-engine	mem	t_s	360.0	rss_kib	72798032	hwm_kib	72976276	heap_inuse	191856640	sys	454273400	avail_kib	54843256
[c100] ak2-engine	mem	t_s	375.0	rss_kib	72798052	hwm_kib	72976276	heap_inuse	187604992	sys	454281592	avail_kib	54835740
[c100] ak2-engine	mem	t_s	390.0	rss_kib	72798064	hwm_kib	72976276	heap_inuse	188039168	sys	454281592	avail_kib	54834972
[c100] ak2-engine	mem	t_s	405.0	rss_kib	72798064	hwm_kib	72976276	heap_inuse	188481536	sys	454281592	avail_kib	54825396
[c100] ak2-engine	mem	t_s	420.0	rss_kib	72798064	hwm_kib	72976276	heap_inuse	189071360	sys	454281592	avail_kib	54823728
[c100] ak2-engine	mem	t_s	435.0	rss_kib	72798072	hwm_kib	72976276	heap_inuse	189636608	sys	454281592	avail_kib	54816928
[c100] ak2-engine	mem	t_s	450.0	rss_kib	72798080	hwm_kib	72976276	heap_inuse	190283776	sys	454281592	avail_kib	54829704
[c100] ak2-engine	mem	t_s	465.0	rss_kib	72798084	hwm_kib	72976276	heap_inuse	191012864	sys	454281592	avail_kib	54808040
[c100] ak2-engine	mem	t_s	480.0	rss_kib	72798084	hwm_kib	72976276	heap_inuse	191774720	sys	454281592	avail_kib	54836428
[c100] ak2-engine	mem	t_s	495.0	rss_kib	72798172	hwm_kib	72976276	heap_inuse	187580416	sys	454560120	avail_kib	54810412
[c100] ak2-engine	mem	t_s	510.0	rss_kib	72798172	hwm_kib	72976276	heap_inuse	188030976	sys	454560120	avail_kib	54827576
[c100] ak2-engine	mem	t_s	525.0	rss_kib	72798176	hwm_kib	72976276	heap_inuse	188440576	sys	454560120	avail_kib	54829112
[c100] ak2-engine	mem	t_s	540.0	rss_kib	72798188	hwm_kib	72976276	heap_inuse	188956672	sys	454560120	avail_kib	54828560
[c100] ak2-engine	mem	t_s	555.0	rss_kib	72798200	hwm_kib	72976276	heap_inuse	189530112	sys	454560120	avail_kib	54842960
