Loading database information...ak2-timing	opts	0.002661	0.000014	0	0	0.000013	0.000000
ak2-timing	taxo	0.002680	0.078460	87824	0	0.015165	0.077228
ak2-engine	mem	t_s	15.0	rss_kib	42905520	hwm_kib	42905528	heap_inuse	405143552	sys	439802216	avail_kib	51939508
ak2-timing	shard-load-0	0.336041	25.434707	42351	0	30.234063	26.980382
ak2-engine	mem	t_s	30.0	rss_kib	72978788	hwm_kib	72978792	heap_inuse	410042368	sys	439802216	avail_kib	21905600
ak2-engine	mem	t_s	45.0	rss_kib	72983472	hwm_kib	72983476	heap_inuse	415424512	sys	448190824	avail_kib	22209376
ak2-timing	rendezvous	27.557602	27.282010	3189	0	0.065207	0.031256
ak2-timing	connect	54.839624	0.009444	4	0	0.002169	0.001936
ak2-timing	hash	0.081155	54.767921	47398	0	30.313649	27.014970
 done.
ak2-engine	mem	t_s	60.0	rss_kib	78388840	hwm_kib	78388840	heap_inuse	4099383296	sys	6043946904	avail_kib	17024428
20770968 sequences (3886.70 Mbp) processed in 9.604s (129761.8 Kseq/m, 24281.23 Mbp/m).
  20594735 sequences classified (99.15%)
  176233 sequences unclassified (0.85%)
ak2-sample	batch	0	name	0-SRR5935823	mode	parallel	s3client	sdk	rank	0	role	home	inflight	1	threads	16	start_s	54.849101	wall_s	9.970340	setup_s	0.000067	classify_s	9.604200	close_s	0.235543	report_s	0.126167	status	0	sequences	20770968	bases	3886695944	classified	20594735	place	lpt	weight	20770968
14164085 sequences (2640.40 Mbp) processed in 6.456s (131628.1 Kseq/m, 24537.46 Mbp/m).
  13689575 sequences classified (96.65%)
  474510 sequences unclassified (3.35%)
ak2-sample	batch	0	name	0-SRR5935753	mode	parallel	s3client	sdk	rank	0	role	home	inflight	1	threads	16	start_s	64.819457	wall_s	6.814568	setup_s	0.000036	classify_s	6.456410	close_s	0.220636	report_s	0.129963	status	0	sequences	14164085	bases	2640398097	classified	13689575	place	lpt	weight	14164085
ak2-engine	mem	t_s	75.0	rss_kib	79085456	hwm_kib	79517508	heap_inuse	3782500352	sys	7186247976	avail_kib	16004244
11859598 sequences (2188.90 Mbp) processed in 5.488s (129670.0 Kseq/m, 23932.94 Mbp/m).
  10951240 sequences classified (92.34%)
  908358 sequences unclassified (7.66%)
ak2-sample	batch	0	name	0-SRR5935748	mode	parallel	s3client	sdk	rank	0	role	home	inflight	1	threads	16	start_s	71.634040	wall_s	5.921527	setup_s	0.000040	classify_s	5.487591	close_s	0.241954	report_s	0.181184	status	0	sequences	11859598	bases	2188903487	classified	10951240	place	lpt	weight	11859598
10140194 sequences (1929.10 Mbp) processed in 4.891s (124386.7 Kseq/m, 23663.71 Mbp/m).
  10096895 sequences classified (99.57%)
  43299 sequences unclassified (0.43%)
ak2-sample	batch	0	name	0-SRR5935791	mode	parallel	s3client	sdk	rank	0	role	home	inflight	1	threads	16	start_s	77.555581	wall_s	5.286896	setup_s	0.000040	classify_s	4.891292	close_s	0.263719	report_s	0.128800	status	0	sequences	10140194	bases	1929101997	classified	10096895	place	lpt	weight	10140194
8206591 sequences (1523.97 Mbp) processed in 3.870s (127229.4 Kseq/m, 23626.57 Mbp/m).
  7998445 sequences classified (97.46%)
  208146 sequences unclassified (2.54%)
ak2-sample	batch	0	name	0-SRR5935758	mode	parallel	s3client	sdk	rank	0	role	home	inflight	1	threads	16	start_s	82.842491	wall_s	4.293920	setup_s	0.000041	classify_s	3.870138	close_s	0.230856	report_s	0.188725	status	0	sequences	8206591	bases	1523967713	classified	7998445	place	lpt	weight	8206591
ak2-engine	mem	t_s	90.0	rss_kib	79548044	hwm_kib	79548044	heap_inuse	6047293440	sys	7317201208	avail_kib	15566812
5948317 sequences (1093.47 Mbp) processed in 2.885s (123694.5 Kseq/m, 22738.53 Mbp/m).
  5682744 sequences classified (95.54%)
  265573 sequences unclassified (4.46%)
ak2-sample	batch	0	name	0-SRR5935779	mode	parallel	s3client	sdk	rank	0	role	home	inflight	1	threads	16	start_s	87.136425	wall_s	3.259415	setup_s	0.000041	classify_s	2.885326	close_s	0.265375	report_s	0.104616	status	0	sequences	5948317	bases	1093467848	classified	5682744	place	lpt	weight	5948317
ak2-timing	batch-barrier-0	90.395851	1.006599	1	0	0.036990	0.009691
10532910 sequences (1945.09 Mbp) processed in 4.823s (131029.5 Kseq/m, 24196.97 Mbp/m).
  9366399 sequences classified (88.93%)
  1166511 sequences unclassified (11.07%)
ak2-sample	batch	1	name	1-SRR5935740	mode	parallel	s3client	sdk	rank	0	role	home	inflight	1	threads	16	start_s	91.402467	wall_s	5.221509	setup_s	0.000037	classify_s	4.823149	close_s	0.249099	report_s	0.136505	status	0	sequences	10532910	bases	1945093294	classified	9366399	place	mod	weight	10532910
16053448 sequences (2993.47 Mbp) processed in 7.344s (131164.2 Kseq/m, 24458.05 Mbp/m).
  15204484 sequences classified (94.71%)
  848964 sequences unclassified (5.29%)
ak2-sample	batch	1	name	1-SRR5935756	mode	parallel	s3client	sdk	rank	0	role	home	inflight	1	threads	16	start_s	96.623990	wall_s	7.866308	setup_s	0.000058	classify_s	7.343517	close_s	0.389633	report_s	0.123626	status	0	sequences	16053448	bases	2993468449	classified	15204484	place	mod	weight	16053448
ak2-engine	mem	t_s	105.0	rss_kib	77481740	hwm_kib	79591540	heap_inuse	4305149952	sys	7379136840	avail_kib	16480500
15271512 sequences (2845.36 Mbp) processed in 7.215s (127001.1 Kseq/m, 23662.61 Mbp/m).
  14502211 sequences classified (94.96%)
  769301 sequences unclassified (5.04%)
ak2-sample	batch	1	name	1-SRR5935772	mode	parallel	s3client	sdk	rank	0	role	home	inflight	1	threads	16	start_s	104.490313	wall_s	7.578875	setup_s	0.000041	classify_s	7.214826	close_s	0.234915	report_s	0.119674	status	0	sequences	15271512	bases	2845360298	classified	14502211	place	mod	weight	15271512
11073410 sequences (2024.07 Mbp) processed in 5.157s (128827.6 Kseq/m, 23547.99 Mbp/m).
  10832572 sequences classified (97.83%)
  240838 sequences unclassified (2.17%)
ak2-sample	batch	1	name	1-SRR5935788	mode	parallel	s3client	sdk	rank	0	role	home	inflight	1	threads	16	start_s	112.069201	wall_s	5.619403	setup_s	0.000044	classify_s	5.157318	close_s	0.272201	report_s	0.185028	status	0	sequences	11073410	bases	2024074094	classified	10832572	place	mod	weight	11073410
ak2-engine	mem	t_s	120.0	rss_kib	78747616	hwm_kib	79591540	heap_inuse	3375284224	sys	7379136840	avail_kib	15927728
13253368 sequences (2414.15 Mbp) processed in 5.944s (133784.5 Kseq/m, 24369.37 Mbp/m).
  12329188 sequences classified (93.03%)
  924180 sequences unclassified (6.97%)
ak2-sample	batch	1	name	1-SRR5935804	mode	parallel	s3client	sdk	rank	0	role	home	inflight	1	threads	16	start_s	117.688618	wall_s	6.507980	setup_s	0.000042	classify_s	5.943904	close_s	0.411065	report_s	0.144524	status	0	sequences	13253368	bases	2414153428	classified	12329188	place	mod	weight	13253368
12062510 sequences (2207.30 Mbp) processed in 5.554s (130316.7 Kseq/m, 23846.43 Mbp/m).
  10926608 sequences classified (90.58%)
  1135902 sequences unclassified (9.42%)
ak2-sample	batch	1	name	1-SRR5935820	mode	parallel	s3client	sdk	rank	0	role	home	inflight	1	threads	16	start_s	124.196611	wall_s	5.922510	setup_s	0.000049	classify_s	5.553782	close_s	0.220544	report_s	0.136659	status	0	sequences	12062510	bases	2207297835	classified	10926608	place	mod	weight	12062510
7326365 sequences (1333.07 Mbp) processed in 3.364s (130679.2 Kseq/m, 23777.70 Mbp/m).
  6965607 sequences classified (95.08%)
  360758 sequences unclassified (4.92%)
ak2-sample	batch	1	name	1-SRR5935836	mode	parallel	s3client	sdk	rank	0	role	home	inflight	1	threads	16	start_s	130.119133	wall_s	3.780757	setup_s	0.000038	classify_s	3.363825	close_s	0.244589	report_s	0.167162	status	0	sequences	7326365	bases	1333066620	classified	6965607	place	mod	weight	7326365
ak2-engine	mem	t_s	135.0	rss_kib	78885488	hwm_kib	79591540	heap_inuse	4333535232	sys	7379136840	avail_kib	15910260
ak2-timing	batch-barrier-1	133.899901	5.105414	0	0	0.669553	0.069845
20770968 sequences (3886.70 Mbp) processed in 9.531s (130755.0 Kseq/m, 24467.08 Mbp/m).
  20594735 sequences classified (99.15%)
  176233 sequences unclassified (0.85%)
ak2-sample	batch	2	name	2-SRR5935823	mode	parallel	s3client	sdk	rank	0	role	home	inflight	1	threads	16	start_s	139.005353	wall_s	10.035248	setup_s	0.000041	classify_s	9.531247	close_s	0.351392	report_s	0.148117	status	0	sequences	20770968	bases	3886695944	classified	20594735	place	lpt	weight	20770968
ak2-engine	mem	t_s	150.0	rss_kib	78071300	hwm_kib	79591540	heap_inuse	5043634176	sys	7379145032	avail_kib	16227212
14164085 sequences (2640.40 Mbp) processed in 6.496s (130834.9 Kseq/m, 24389.59 Mbp/m).
  13689575 sequences classified (96.65%)
  474510 sequences unclassified (3.35%)
ak2-sample	batch	2	name	2-SRR5935753	mode	parallel	s3client	sdk	rank	0	role	home	inflight	1	threads	16	start_s	149.040618	wall_s	6.889526	setup_s	0.000046	classify_s	6.495555	close_s	0.250448	report_s	0.136204	status	0	sequences	14164085	bases	2640398097	classified	13689575	place	lpt	weight	14164085
11859598 sequences (2188.90 Mbp) processed in 5.497s (129457.5 Kseq/m, 23893.72 Mbp/m).
  10951240 sequences classified (92.34%)
  908358 sequences unclassified (7.66%)
ak2-sample	batch	2	name	2-SRR5935748	mode	parallel	s3client	sdk	rank	0	role	home	inflight	1	threads	16	start_s	155.930161	wall_s	5.920617	setup_s	0.000040	classify_s	5.496599	close_s	0.238948	report_s	0.174320	status	0	sequences	11859598	bases	2188903487	classified	10951240	place	lpt	weight	11859598
ak2-engine	mem	t_s	165.0	rss_kib	79063188	hwm_kib	79591540	heap_inuse	4651278336	sys	7379145032	avail_kib	15799008
10140194 sequences (1929.10 Mbp) processed in 4.883s (124605.4 Kseq/m, 23705.32 Mbp/m).
  10096895 sequences classified (99.57%)
  43299 sequences unclassified (0.43%)
ak2-sample	batch	2	name	2-SRR5935791	mode	parallel	s3client	sdk	rank	0	role	home	inflight	1	threads	16	start_s	161.850793	wall_s	5.371919	setup_s	0.000046	classify_s	4.882706	close_s	0.272620	report_s	0.213564	status	0	sequences	10140194	bases	1929101997	classified	10096895	place	lpt	weight	10140194
8206591 sequences (1523.97 Mbp) processed in 3.899s (126273.2 Kseq/m, 23448.99 Mbp/m).
  7998445 sequences classified (97.46%)
  208146 sequences unclassified (2.54%)
ak2-sample	batch	2	name	2-SRR5935758	mode	parallel	s3client	sdk	rank	0	role	home	inflight	1	threads	16	start_s	167.222726	wall_s	4.301683	setup_s	0.000035	classify_s	3.899447	close_s	0.281230	report_s	0.116860	status	0	sequences	8206591	bases	1523967713	classified	7998445	place	lpt	weight	8206591
5948317 sequences (1093.47 Mbp) processed in 2.889s (123550.5 Kseq/m, 22712.06 Mbp/m).
  5682744 sequences classified (95.54%)
  265573 sequences unclassified (4.46%)
ak2-sample	batch	2	name	2-SRR5935779	mode	parallel	s3client	sdk	rank	0	role	home	inflight	1	threads	16	start_s	171.524422	wall_s	3.591593	setup_s	0.000039	classify_s	2.888689	close_s	0.292521	report_s	0.406422	status	0	sequences	5948317	bases	1093467848	classified	5682744	place	lpt	weight	5948317
ak2-timing	batch-barrier-2	175.116025	0.476400	1	0	0.003164	0.000214
ak2-engine	mem	t_s	180.0	rss_kib	76694804	hwm_kib	79591540	heap_inuse	3381149696	sys	7379448136	avail_kib	17398688
ak2-timing	barrier	181.791183	0.005258	0	0	0.005273	0.000000
10532910 sequences (1945.09 Mbp) processed in 5.080s (124404.5 Kseq/m, 22973.56 Mbp/m).
  9366399 sequences classified (88.93%)
  1166511 sequences unclassified (11.07%)
ak2-sample	batch	3	name	3-SRR5935740	mode	striped	s3client	sdk	rank	0	role	emitter	inflight	1	threads	16	start_s	176.708299	wall_s	5.556914	setup_s	0.000035	classify_s	5.079997	close_s	0.307371	report_s	0.161226	status	0	sequences	10532910	bases	1945093294	classified	9366399	place	-	weight	-
ak2-timing	batch-barrier-3	182.265226	0.459932	0	0	0.003563	0.000000
ak2-timing	barrier	187.978892	0.005041	0	0	0.004725	0.000321
10532910 sequences (1945.09 Mbp) processed in 4.816s (131214.9 Kseq/m, 24231.21 Mbp/m).
  9366399 sequences classified (88.93%)
  1166511 sequences unclassified (11.07%)
ak2-sample	batch	4	name	4-SRR5935740	mode	striped	s3client	sdk	rank	0	role	emitter	inflight	1	threads	16	start_s	183.159756	wall_s	5.241669	setup_s	0.000035	classify_s	4.816333	close_s	0.283841	report_s	0.133470	status	0	sequences	10532910	bases	1945093294	classified	9366399	place	-	weight	-
ak2-timing	batch-barrier-4	188.401435	0.434079	0	0	0.003429	0.000000
ak2-timing	barrier	194.010628	0.005057	0	0	0.004738	0.000322
10532910 sequences (1945.09 Mbp) processed in 4.748s (133089.4 Kseq/m, 24577.38 Mbp/m).
  9366399 sequences classified (88.93%)
  1166511 sequences unclassified (11.07%)
ak2-sample	batch	5	name	5-SRR5935740	mode	striped	s3client	sdk	rank	0	role	emitter	inflight	1	threads	16	start_s	189.259370	wall_s	5.145184	setup_s	0.000030	classify_s	4.748496	close_s	0.258694	report_s	0.129985	status	0	sequences	10532910	bases	1945093294	classified	9366399	place	-	weight	-
ak2-timing	batch-barrier-5	194.404562	0.423256	1	0	0.000000	0.003360
ak2-engine	mem	t_s	195.0	rss_kib	77379476	hwm_kib	79591540	heap_inuse	4887257088	sys	7379448136	avail_kib	17513100
10532910 sequences (1945.09 Mbp) processed in 4.792s (131873.8 Kseq/m, 24352.89 Mbp/m).
  9366399 sequences classified (88.93%)
  1166511 sequences unclassified (11.07%)
ak2-sample	batch	6	name	6-SRR5935740	mode	parallel	s3client	sdk	rank	0	role	home	inflight	1	threads	16	start_s	194.827832	wall_s	5.168172	setup_s	0.000033	classify_s	4.792268	close_s	0.224258	report_s	0.139649	status	0	sequences	10532910	bases	1945093294	classified	9366399	place	lpt	weight	10532910
ak2-timing	batch-barrier-6	199.996015	0.453212	1	0	0.003379	0.000230
10532910 sequences (1945.09 Mbp) processed in 4.786s (132051.1 Kseq/m, 24385.64 Mbp/m).
  9366399 sequences classified (88.93%)
  1166511 sequences unclassified (11.07%)
ak2-sample	batch	7	name	7-SRR5935740	mode	parallel	s3client	sdk	rank	0	role	home	inflight	1	threads	16	start_s	200.449240	wall_s	5.161045	setup_s	0.000029	classify_s	4.785833	close_s	0.234271	report_s	0.128657	status	0	sequences	10532910	bases	1945093294	classified	9366399	place	lpt	weight	10532910
ak2-timing	batch-barrier-7	205.610295	0.428918	0	0	0.003340	0.000223
ak2-engine	mem	t_s	210.0	rss_kib	78710296	hwm_kib	79591540	heap_inuse	3124256768	sys	7379448136	avail_kib	16123848
10532910 sequences (1945.09 Mbp) processed in 4.828s (130898.8 Kseq/m, 24172.84 Mbp/m).
  9366399 sequences classified (88.93%)
  1166511 sequences unclassified (11.07%)
ak2-sample	batch	8	name	8-SRR5935740	mode	parallel	s3client	sdk	rank	0	role	home	inflight	1	threads	16	start_s	206.039226	wall_s	5.219188	setup_s	0.000028	classify_s	4.827963	close_s	0.254028	report_s	0.124782	status	0	sequences	10532910	bases	1945093294	classified	9366399	place	lpt	weight	10532910
ak2-timing	batch-barrier-8	211.258425	0.455651	0	0	0.003710	0.000000
ak2-engine	shard	0	n	16	lo	0	hi	18579557371	tail	302	full	false	empty_at	18579557376	keys	8480550252	batches	89910	probe_s	165.776783	tail_probes	0	wrap_probes	0
ak2-engine	mem	t_s	211.7	rss_kib	78684620	hwm_kib	79591540	heap_inuse	4877926400	sys	7379448136	avail_kib	16156468
ak2-engine	rendezvous	puts	13	gets	460
ak2-engine	s3	client	sdk	put	38	get	460	create_multipart	25	upload_part	3027	complete_multipart	25	abort_multipart	0	part_bytes	25308450271
ak2-engine	s3	client	cli	put	0	get	0	create_multipart	0	upload_part	0	complete_multipart	0	abort_multipart	0	part_bytes	0
ak2-engine	load	seconds	25.434704	requests	1126	retries	0	bytes	74318296292
ak2-engine	route	transport	nodes	calls	6886	keys	10395711508	batches	110176	route_s	69.231607	wait_s	51.730890	gather_s	15.236494
ak2-engine	worker	scan_s	526.762199	lookup_s	136.201208	classify_s	445.026516
ak2-timing	total	0.000001	211.821446	13384978	0	1603.180659	105.683008
