Loading database information...ak2-timing	opts	0.003083	0.000016	0	0	0.000014	0.000000
ak2-timing	taxo	0.003107	0.115927	87852	0	0.023756	0.095553
ak2-timing	shard-load-11	0.191026	14.553766	24222	0	18.341710	17.681542
ak2-engine	mem	t_s	15.0	rss_kib	36684788	hwm_kib	36684796	heap_inuse	404602880	sys	435480952	avail_kib	58227220
ak2-engine	mem	t_s	30.0	rss_kib	36695424	hwm_kib	36695428	heap_inuse	415784960	sys	443869560	avail_kib	58602072
ak2-engine	mem	t_s	45.0	rss_kib	36702784	hwm_kib	36702788	heap_inuse	423272448	sys	448326008	avail_kib	58755380
ak2-timing	rendezvous	15.221308	42.654173	10681	0	0.139134	0.043394
ak2-timing	connect	57.875502	0.360873	6295	0	0.232338	0.010665
ak2-timing	hash	0.119125	58.117274	43132	0	18.725700	17.738394
 done.
ak2-engine	mem	t_s	60.0	rss_kib	49365480	hwm_kib	49365592	heap_inuse	12821078016	sys	13843232040	avail_kib	45898804
9202475 sequences (1711.99 Mbp) processed in 8.229s (67094.7 Kseq/m, 12482.03 Mbp/m).
  8810259 sequences classified (95.74%)
  392216 sequences unclassified (4.26%)
ak2-sample	batch	0	name	0-SRR5935790	mode	parallel	s3client	sdk	rank	11	role	home	inflight	6	threads	16	start_s	58.236440	wall_s	8.749747	setup_s	0.000049	classify_s	8.229389	close_s	0.236063	report_s	0.276074	status	0	sequences	9202475	bases	1711991411	classified	8810259	place	lpt	weight	9202475
11220767 sequences (2068.35 Mbp) processed in 9.334s (72128.9 Kseq/m, 13295.68 Mbp/m).
  10523542 sequences classified (93.79%)
  697225 sequences unclassified (6.21%)
ak2-sample	batch	0	name	0-SRR5935829	mode	parallel	s3client	sdk	rank	11	role	home	inflight	6	threads	16	start_s	58.236455	wall_s	9.805147	setup_s	0.000080	classify_s	9.333934	close_s	0.288795	report_s	0.169080	status	0	sequences	11220767	bases	2068350513	classified	10523542	place	lpt	weight	11220767
16351397 sequences (3065.56 Mbp) processed in 12.236s (80180.2 Kseq/m, 15032.18 Mbp/m).
  16166849 sequences classified (98.87%)
  184548 sequences unclassified (1.13%)
ak2-sample	batch	0	name	0-SRR5935787	mode	parallel	s3client	sdk	rank	11	role	home	inflight	6	threads	16	start_s	58.236455	wall_s	12.709597	setup_s	0.000062	classify_s	12.235985	close_s	0.258831	report_s	0.208024	status	0	sequences	16351397	bases	3065557655	classified	16166849	place	lpt	weight	16351397
ak2-timing	batch-barrier-0	70.946072	1.013366	2	0	0.083445	0.312341
ak2-engine	mem	t_s	75.0	rss_kib	52846332	hwm_kib	55332520	heap_inuse	12015714304	sys	19840809672	avail_kib	40983932
2565282 sequences (465.56 Mbp) processed in 3.435s (44809.3 Kseq/m, 8132.26 Mbp/m).
  2508539 sequences classified (97.79%)
  56743 sequences unclassified (2.21%)
ak2-sample	batch	1	name	1-SRR5935783	mode	parallel	s3client	sdk	rank	11	role	home	inflight	6	threads	16	start_s	71.959478	wall_s	4.006177	setup_s	0.000045	classify_s	3.434935	close_s	0.404327	report_s	0.163190	status	0	sequences	2565282	bases	465562992	classified	2508539	place	mod	weight	2565282
7153468 sequences (1337.27 Mbp) processed in 7.263s (59095.4 Kseq/m, 11047.29 Mbp/m).
  6947959 sequences classified (97.13%)
  205509 sequences unclassified (2.87%)
ak2-sample	batch	1	name	1-SRR5935815	mode	parallel	s3client	sdk	rank	11	role	home	inflight	6	threads	16	start_s	71.959469	wall_s	7.720975	setup_s	0.000050	classify_s	7.262965	close_s	0.263459	report_s	0.185540	status	0	sequences	7153468	bases	1337267943	classified	6947959	place	mod	weight	7153468
18645445 sequences (3449.57 Mbp) processed in 11.579s (96613.9 Kseq/m, 17874.43 Mbp/m).
  18393099 sequences classified (98.65%)
  252346 sequences unclassified (1.35%)
ak2-sample	batch	1	name	1-SRR5935751	mode	parallel	s3client	sdk	rank	11	role	home	inflight	6	threads	16	start_s	71.959480	wall_s	12.152256	setup_s	0.000043	classify_s	11.579356	close_s	0.409835	report_s	0.155468	status	0	sequences	18645445	bases	3449573600	classified	18393099	place	mod	weight	18645445
ak2-timing	batch-barrier-1	84.111758	3.827313	2992	0	0.624076	0.116916
ak2-engine	mem	t_s	90.0	rss_kib	51311504	hwm_kib	55332520	heap_inuse	13567688704	sys	19840957128	avail_kib	42874268
9202475 sequences (1711.99 Mbp) processed in 8.341s (66199.5 Kseq/m, 12315.49 Mbp/m).
  8810259 sequences classified (95.74%)
  392216 sequences unclassified (4.26%)
ak2-sample	batch	2	name	2-SRR5935790	mode	parallel	s3client	sdk	rank	11	role	home	inflight	6	threads	16	start_s	87.939119	wall_s	8.939731	setup_s	0.000047	classify_s	8.340672	close_s	0.377170	report_s	0.212371	status	0	sequences	9202475	bases	1711991411	classified	8810259	place	lpt	weight	9202475
11220767 sequences (2068.35 Mbp) processed in 9.694s (69448.4 Kseq/m, 12801.59 Mbp/m).
  10523542 sequences classified (93.79%)
  697225 sequences unclassified (6.21%)
ak2-sample	batch	2	name	2-SRR5935829	mode	parallel	s3client	sdk	rank	11	role	home	inflight	6	threads	16	start_s	87.939130	wall_s	10.324977	setup_s	0.000038	classify_s	9.694187	close_s	0.349450	report_s	0.268378	status	0	sequences	11220767	bases	2068350513	classified	10523542	place	lpt	weight	11220767
16351397 sequences (3065.56 Mbp) processed in 11.858s (82738.6 Kseq/m, 15511.82 Mbp/m).
  16166849 sequences classified (98.87%)
  184548 sequences unclassified (1.13%)
ak2-sample	batch	2	name	2-SRR5935787	mode	parallel	s3client	sdk	rank	11	role	home	inflight	6	threads	16	start_s	87.939122	wall_s	12.269959	setup_s	0.000046	classify_s	11.857637	close_s	0.248433	report_s	0.157186	status	0	sequences	16351397	bases	3065557655	classified	16166849	place	lpt	weight	16351397
ak2-timing	batch-barrier-2	100.209100	1.764791	0	0	0.115992	0.044432
ak2-engine	mem	t_s	105.0	rss_kib	50213076	hwm_kib	56312408	heap_inuse	1493966848	sys	20651334536	avail_kib	43032800
ak2-timing	barrier	108.982184	0.434482	0	0	0.007279	0.000653
ak2-sample	batch	3	name	3-SRR5935740	mode	striped	s3client	sdk	rank	11	role	peer	inflight	1	threads	16	start_s	103.342803	wall_s	6.073914	setup_s	0.000046	classify_s	5.637040	close_s	0.000000	report_s	0.000000	status	0	sequences	0	bases	0	classified	0	place	-	weight	-
ak2-timing	batch-barrier-3	109.416725	0.873540	0	0	0.000000	0.008088
ak2-timing	barrier	117.124308	0.181317	0	0	0.005698	0.000506
ak2-sample	batch	4	name	4-SRR5935740	mode	striped	s3client	sdk	rank	11	role	peer	inflight	1	threads	16	start_s	111.482290	wall_s	5.823382	setup_s	0.000241	classify_s	5.639411	close_s	0.000000	report_s	0.000000	status	0	sequences	0	bases	0	classified	0	place	-	weight	-
ak2-timing	batch-barrier-4	117.305683	0.934117	1	0	0.007438	0.000660
ak2-engine	mem	t_s	120.0	rss_kib	38670108	hwm_kib	56312408	heap_inuse	1158569984	sys	20651334536	avail_kib	55651016
ak2-timing	barrier	125.060289	0.147595	0	0	0.000000	0.006111
ak2-sample	batch	5	name	5-SRR5935740	mode	striped	s3client	sdk	rank	11	role	peer	inflight	1	threads	16	start_s	119.419004	wall_s	5.788925	setup_s	0.000048	classify_s	5.638867	close_s	0.000000	report_s	0.000000	status	0	sequences	0	bases	0	classified	0	place	-	weight	-
ak2-timing	batch-barrier-5	125.207942	0.856245	4	0	0.003918	0.004271
ak2-timing	batch-barrier-6	126.064205	7.557837	112	0	0.360221	0.012480
ak2-engine	mem	t_s	135.0	rss_kib	39244340	hwm_kib	56312408	heap_inuse	2287853568	sys	20651334536	avail_kib	56000672
ak2-timing	batch-barrier-7	133.622067	6.456638	277	0	0.335087	0.036117
ak2-timing	batch-barrier-8	140.078730	7.514003	516	0	0.300956	0.071369
ak2-engine	shard	0	n	32	lo	102187565542	hi	111477344228	tail	302	full	false	empty_at	9289778685	keys	4238096316	batches	89910	probe_s	89.442683	tail_probes	0	wrap_probes	0
ak2-engine	mem	t_s	147.6	rss_kib	39246412	hwm_kib	56312408	heap_inuse	2290475008	sys	20651334536	avail_kib	56153268
ak2-engine	rendezvous	puts	13	gets	1007
ak2-engine	s3	client	sdk	put	22	get	1007	create_multipart	9	upload_part	1023	complete_multipart	9	abort_multipart	0	part_bytes	8556023307
ak2-engine	s3	client	cli	put	0	get	0	create_multipart	0	upload_part	0	complete_multipart	0	abort_multipart	0	part_bytes	0
ak2-engine	load	seconds	14.553763	requests	572	retries	0	bytes	37159181552
ak2-engine	route	transport	nodes	calls	2714	keys	4108441257	batches	86848	route_s	37.841763	wait_s	616.846830	gather_s	8.175547
ak2-engine	worker	scan_s	300.928555	lookup_s	662.865940	classify_s	227.762288
ak2-timing	total	0.000001	147.661266	11583880	0	840.013914	73.887302
