rehearse: record results/rehearse/g3-u2-r8gd.16xlarge-20261008T045253Z-2b698a4.log
rehearse: runs/g3-u2-r8gd.16xlarge.json at 2b698a4, work /var/folders/x5/_jwxtjjx347635h39vn8hcxm0000gn/T//ak2-urehearse.JSMI0n
rehearse: plan /var/folders/x5/_jwxtjjx347635h39vn8hcxm0000gn/T//ak2-urehearse.JSMI0n/u2-rehearse.plan: 15 rungs
rehearse: stand-in hash.k2d ETag 2b8f5656c223472ddfe05c587a4fcbfe-60
rehearse: body exit 1
  body | ak2: [2026-10-08T04:53:04Z] disks: 
  body | ak2: [2026-10-08T04:53:04Z] storage: rehearsal directory /var/folders/x5/_jwxtjjx347635h39vn8hcxm0000gn/T//ak2-urehearse.JSMI0n/nvme
  body | ak2-phase 2026-10-08T04:53:04Z fetch-reads
  body | ak2: staged s3://aws-kraken2-942542972736-us-west-2/aws-kraken2/data/reads/SRR062634_200000.SOURCE -> /var/folders/x5/_jwxtjjx347635h39vn8hcxm0000gn/T//ak2-urehearse.JSMI0n/nvme/reads/SRR062634_200000.SOURCE
  body | ak2: staged s3://aws-kraken2-942542972736-us-west-2/aws-kraken2/data/reads/SRR062634_200000_1.fq -> /var/folders/x5/_jwxtjjx347635h39vn8hcxm0000gn/T//ak2-urehearse.JSMI0n/nvme/reads/SRR062634_200000_1.fq
  body | ak2: staged s3://aws-kraken2-942542972736-us-west-2/aws-kraken2/data/reads/SRR062634_200000_2.fq -> /var/folders/x5/_jwxtjjx347635h39vn8hcxm0000gn/T//ak2-urehearse.JSMI0n/nvme/reads/SRR062634_200000_2.fq
  body | ak2: staged s3://aws-kraken2-942542972736-us-west-2/aws-kraken2/data/reads/SRR062634_200000_1.fq.gz -> /var/folders/x5/_jwxtjjx347635h39vn8hcxm0000gn/T//ak2-urehearse.JSMI0n/nvme/reads/SRR062634_200000_1.fq.gz
  body | ak2: staged s3://aws-kraken2-942542972736-us-west-2/aws-kraken2/data/reads/SRR062634_200000_2.fq.gz -> /var/folders/x5/_jwxtjjx347635h39vn8hcxm0000gn/T//ak2-urehearse.JSMI0n/nvme/reads/SRR062634_200000_2.fq.gz
  body | ak2: [2026-10-08T04:53:07Z] reads SRR062634_200000 verified against SOURCE
  body | ak2: staged s3://aws-kraken2-942542972736-us-west-2/aws-kraken2/data/cohort/SRR5935740_1.fastq.gz -> /var/folders/x5/_jwxtjjx347635h39vn8hcxm0000gn/T//ak2-urehearse.JSMI0n/nvme/reads/SRR5935740_1.fq.gz
  body | ak2: staged s3://aws-kraken2-942542972736-us-west-2/aws-kraken2/data/cohort/SRR5935740_2.fastq.gz -> /var/folders/x5/_jwxtjjx347635h39vn8hcxm0000gn/T//ak2-urehearse.JSMI0n/nvme/reads/SRR5935740_2.fq.gz
  body | ak2: [2026-10-08T04:53:07Z] cohort sample 1 (SRR5935740) staged and verified
  body | ak2-phase 2026-10-08T04:53:07Z fetch-db
  body | ak2: [2026-10-08T04:53:07Z] aws: aws-cli/rehearse-stub; s3 transfer client crt, target_bandwidth 25Gb/s, 64 MB parts
  body | ak2: [2026-10-08T04:53:08Z] staged opts.k2d bytes=64 in 0.0 s (0.000 GB/s)
  body | ak2: [2026-10-08T04:53:08Z] etag opts.k2d: {"ok": true, "file": "/var/folders/x5/_jwxtjjx347635h39vn8hcxm0000gn/T//ak2-urehearse.JSMI0n/nvme/db/RefSeqCompleteV205/opts.k2d", "size": 64, "etag": "eebfd340c759d54c82c7769b40f7a50b", "computed": "eebfd340c759d54c82c7769b40f7a50b", "part_bytes": 64, "parts": 1, "workers": 32, "seconds": 0.0, "read_gb_s": 0.0}
  body | ak2: [2026-10-08T04:53:08Z] staged taxo.k2d bytes=4818575 in 0.0 s (0.124 GB/s)
  body | ak2: [2026-10-08T04:53:08Z] etag taxo.k2d: {"ok": true, "file": "/var/folders/x5/_jwxtjjx347635h39vn8hcxm0000gn/T//ak2-urehearse.JSMI0n/nvme/db/RefSeqCompleteV205/taxo.k2d", "size": 4818575, "etag": "f5697f04a6e072bde8504ebc6c142a22", "computed": "f5697f04a6e072bde8504ebc6c142a22", "part_bytes": 4818575, "parts": 1, "workers": 32, "seconds": 0.006, "read_gb_s": 0.782}
  body | ak2: [2026-10-08T04:53:09Z] staged hash.k2d bytes=8000000032 in 1.4 s (5.743 GB/s)
  body | ak2: [2026-10-08T04:53:10Z] etag hash.k2d: {"ok": true, "file": "/var/folders/x5/_jwxtjjx347635h39vn8hcxm0000gn/T//ak2-urehearse.JSMI0n/nvme/db/RefSeqCompleteV205/hash.k2d", "size": 8000000032, "etag": "2b8f5656c223472ddfe05c587a4fcbfe-60", "computed": "2b8f5656c223472ddfe05c587a4fcbfe-60", "part_bytes": 134217728, "parts": 60, "workers": 32, "seconds": 0.855, "read_gb_s": 9.351}
  body | ak2: [2026-10-08T04:53:10Z] upstream: pin 2731b35f7abb26ec926517274f3d87e78d42fd76;describe 2.17.2-20-g2731b35;cxx g++-16 (Homebrew GCC 16.2.0) 16.2.0;version Kraken version 2.17.1;built 2026-10-06T00:14:07Z Darwin arm64;
  body | g2: shell flags hBc
  body | g2: input SRR5935740-gz: /var/folders/x5/_jwxtjjx347635h39vn8hcxm0000gn/T//ak2-urehearse.JSMI0n/nvme/reads/SRR5935740_1.fq / /var/folders/x5/_jwxtjjx347635h39vn8hcxm0000gn/T//ak2-urehearse.JSMI0n/nvme/reads/SRR5935740_2.fq missing
  body | ak2: [2026-10-08T04:53:11Z] g3 u2 rc=1
  body | ak2-phase 2026-10-08T04:53:11Z push
rehearse: streamed 0 rung lines; runs.jsonl has ; the plan has 15; 
rehearse: streaming or rung counts wrong
rehearse: stub served 7 objects and 7 head-objects on aws-kraken2-942542972736-us-west-2; ak2_req GetObject 23 (want 23 parts), HeadObject 7
rehearse: no summary.tsv pushed
rehearse: FAILED (logs: REHEARSE_KEEP=1 keeps /var/folders/x5/_jwxtjjx347635h39vn8hcxm0000gn/T//ak2-urehearse.JSMI0n)
