util-stream-test: 3 node(s) at 4e1393f (clean); shell flags huB; record results/rehearse/util-stream-20261009T170505Z-4e1393f.log
util-stream-test: ok   early stub exit: sampler 4 exited with its stub (2 ticks)
util-stream-test: node r0 container exit 0
util-stream-test: r0 ok   run.log streamed with phases preamble..end (['body', 'burn', 'end', 'net', 'preamble', 'shm'])
util-stream-test: r0 ok   util.tsv uploaded 2 time(s) before the end phase (3 in all; ticks [9, 15, 23])
util-stream-test: r0 ok   each upload during the run has more ticks than the last
util-stream-test: r0 ok   the last upload is non-empty
util-stream-test: r0 ok   no malformed lines (0)
util-stream-test: r0 ok   first tick (stub, 1791565511.531) precedes the preamble (1791565511): the stub started it
util-stream-test: r0 ok   last tick is final (final) at/after the end phase
util-stream-test: r0 ok   max gap between ticks 1.01 s
util-stream-test: r0 ok   phases in the ticks: ['stub', 'preamble', 'body', 'burn', 'shm', 'net', 'end']
util-stream-test: r0 ok   23 ticks over 15.3 s (1 Hz)
util.py: wrote /Users/scttfrdmn/.ak2-util-stream.fkbsCU/runs/g9/20261009-170511-4e1393f-util-n3-r0/tables/util.tsv (12 rows)
util.py: node 20261009-170511-4e1393f-util-n3-r0: U_cpu 0.003982 U_mem 0.000010 (peak 0.206091) U_net 0.000000/0.000000 [full]
util.py: fleet 1 node(s): U_cpu 0.003982 U_mem 0.000010 (peak 0.206091) U_net 0.000000/0.000000 [full]
util-stream-test: r0 ok   burn: 22.8 busy vCPU-s in 7.3 s (one vCPU burnt)
util-stream-test: r0 ok   shm: peak used 1630 MiB vs 864 MiB at the phase's start; Shmem +768 MiB (256 MiB written to /dev/shm)
util-stream-test: r0 ok   net: 71294844 bytes on eth0 (64 MiB downloaded)
util-stream-test: r0 node U_cpu 0.003982 U_mem 0.000010 (peak 0.206091) U_net 0.000000; unobservable 0.0/212721.5/0.1 s
util-stream-test: r0 sampler CPU 0.02 s over 21 ticks (0.95 ms per tick)
util-stream-test: node r1 container exit 0
util-stream-test: r1 ok   run.log streamed with phases preamble..end (['body', 'burn', 'end', 'net', 'preamble', 'shm'])
util-stream-test: r1 ok   util.tsv uploaded 2 time(s) before the end phase (3 in all; ticks [9, 15, 23])
util-stream-test: r1 ok   each upload during the run has more ticks than the last
util-stream-test: r1 ok   the last upload is non-empty
util-stream-test: r1 ok   no malformed lines (0)
util-stream-test: r1 ok   first tick (stub, 1791565511.578) precedes the preamble (1791565511): the stub started it
util-stream-test: r1 ok   last tick is final (final) at/after the end phase
util-stream-test: r1 ok   max gap between ticks 1.01 s
util-stream-test: r1 ok   phases in the ticks: ['stub', 'preamble', 'body', 'burn', 'shm', 'net', 'end']
util-stream-test: r1 ok   23 ticks over 15.3 s (1 Hz)
util.py: wrote /Users/scttfrdmn/.ak2-util-stream.fkbsCU/runs/g9/20261009-170511-4e1393f-util-n3-r1/tables/util.tsv (12 rows)
util.py: node 20261009-170511-4e1393f-util-n3-r1: U_cpu 0.003982 U_mem 0.000010 (peak 0.206243) U_net 0.000000/0.000000 [full]
util.py: fleet 1 node(s): U_cpu 0.003982 U_mem 0.000010 (peak 0.206243) U_net 0.000000/0.000000 [full]
util-stream-test: r1 ok   burn: 22.5 busy vCPU-s in 7.3 s (one vCPU burnt)
util-stream-test: r1 ok   shm: peak used 1632 MiB vs 864 MiB at the phase's start; Shmem +768 MiB (256 MiB written to /dev/shm)
util-stream-test: r1 ok   net: 71307680 bytes on eth0 (64 MiB downloaded)
util-stream-test: r1 node U_cpu 0.003982 U_mem 0.000010 (peak 0.206243) U_net 0.000000; unobservable 0.0/212721.6/1.1 s
util-stream-test: r1 sampler CPU 0.02 s over 21 ticks (0.95 ms per tick)
util-stream-test: node r2 container exit 0
util-stream-test: r2 ok   run.log streamed with phases preamble..end (['body', 'burn', 'end', 'net', 'preamble', 'shm'])
util-stream-test: r2 ok   util.tsv uploaded 2 time(s) before the end phase (4 in all; ticks [9, 15, 22, 23])
util-stream-test: r2 ok   each upload during the run has more ticks than the last
util-stream-test: r2 ok   the last upload is non-empty
util-stream-test: r2 ok   no malformed lines (0)
util-stream-test: r2 ok   first tick (stub, 1791565511.536) precedes the preamble (1791565511): the stub started it
util-stream-test: r2 ok   last tick is final (final) at/after the end phase
util-stream-test: r2 ok   max gap between ticks 1.01 s
util-stream-test: r2 ok   phases in the ticks: ['stub', 'preamble', 'body', 'burn', 'shm', 'net', 'end']
util-stream-test: r2 ok   23 ticks over 15.3 s (1 Hz)
util.py: wrote /Users/scttfrdmn/.ak2-util-stream.fkbsCU/runs/g9/20261009-170511-4e1393f-util-n3-r2/tables/util.tsv (12 rows)
util.py: node 20261009-170511-4e1393f-util-n3-r2: U_cpu 0.003982 U_mem 0.000010 (peak 0.206091) U_net 0.000000/0.000000 [full]
util.py: fleet 1 node(s): U_cpu 0.003982 U_mem 0.000010 (peak 0.206091) U_net 0.000000/0.000000 [full]
util-stream-test: r2 ok   burn: 22.8 busy vCPU-s in 7.3 s (one vCPU burnt)
util-stream-test: r2 ok   shm: peak used 1630 MiB vs 864 MiB at the phase's start; Shmem +768 MiB (256 MiB written to /dev/shm)
util-stream-test: r2 ok   net: 71310272 bytes on eth0 (64 MiB downloaded)
util-stream-test: r2 node U_cpu 0.003982 U_mem 0.000010 (peak 0.206091) U_net 0.000000; unobservable 0.0/212721.5/1.1 s
util-stream-test: r2 sampler CPU 0.02 s over 21 ticks (0.95 ms per tick)
util-stream-test: ok (3 node(s))
