util-stream-test: 3 node(s) at 9da78c0 (clean); shell flags huB; record results/rehearse/util-stream-20261009T183423Z-9da78c0.log
util-stream-test: rootful (podman-machine-default-root) podman, image localhost/ak2-util-test:al2023 (d39ab971546f, from public.ecr.aws/amazonlinux/amazonlinux:2023)
util-stream-test: ok   early stub exit: sampler 4 exited with its stub (2 ticks)
util-stream-test: ok   interface re-resolved: once tick re-resolved the interface (rx 254)
util-stream-test: round n3: 3 node(s) at once
util-stream-test: n3 r0 container exit 0
util-stream-test: n3 r0 ok   run.log streamed with phases preamble..end (['body', 'burn', 'end', 'hold', 'net', 'preamble', 'shm', 'starve'])
util-stream-test: n3 r0 ok   the stub ran under errexit, as spawn starts it ($-=ehBc), and the run went on
util-stream-test: n3 r0 ok   util.tsv uploaded 2 time(s) before the end phase (3 in all; ticks [38, 68, 88])
util-stream-test: n3 r0 ok   each upload during the run has more ticks than the last
util-stream-test: n3 r0 ok   longest run stretch without an upload 31.3 s (a TTL kill loses at most that; pusher every 30 s)
util-stream-test: n3 r0 ok   the last upload is non-empty
util-stream-test: n3 r0 ok   no malformed lines (0)
util-stream-test: n3 r0 ok   first tick (stub, 1791570869.687) precedes the preamble (1791570869): the stub started it
util-stream-test: n3 r0 ok   last tick is final (final) at/after the end phase
util-stream-test: n3 r0 ok   the sampler runs at nice -10 (want -10)
util-stream-test: n3 r0 ok   max gap between ticks 1.02 s
util-stream-test: n3 r0 ok   phases in the ticks: ['stub', 'preamble', 'body', 'burn', 'shm', 'net', 'starve', 'hold', 'end']
util-stream-test: n3 r0 ok   88 ticks over 79.5 s (1 Hz)
util-stream-test: n3 r0 ok   burn: 21.6 busy vCPU-s in 7.2 s (one vCPU burnt)
util-stream-test: n3 r0 ok   shm: used +784 MiB, Shmem +768 MiB at peak (256 MiB written to /dev/shm)
util-stream-test: n3 r0 ok   net: 70684210 bytes on eth0 (64 MiB downloaded)
util-stream-test: n3 r0 ok   starve: mem_gap_s 0.0 s, largest tick gap 1.0 s, 115.8 busy vCPU-s in 14.5 s (8 CPUs, nproc loops un-niced; sampler nice -10)
util-stream-test: n3 r0 node U_cpu 0.004429 U_mem 0.000044 (peak 0.212149) U_net 0.000000; mem_gap_s 0.0; unobservable 0.0/218079.7/0.9 s
util-stream-test: n3 r0 sampler CPU 0.19 s over 86 ticks (2.21 ms per tick)
util-stream-test: n3 r0 uploads over 80 s: run.log x16 requests.tsv x16 preflight.json x1 util.tsv x3
util-stream-test: n3 r1 container exit 0
util-stream-test: n3 r1 ok   run.log streamed with phases preamble..end (['body', 'burn', 'end', 'hold', 'net', 'preamble', 'shm', 'starve'])
util-stream-test: n3 r1 ok   the stub ran under errexit, as spawn starts it ($-=ehBc), and the run went on
util-stream-test: n3 r1 ok   util.tsv uploaded 2 time(s) before the end phase (3 in all; ticks [38, 68, 87])
util-stream-test: n3 r1 ok   each upload during the run has more ticks than the last
util-stream-test: n3 r1 ok   longest run stretch without an upload 31.3 s (a TTL kill loses at most that; pusher every 30 s)
util-stream-test: n3 r1 ok   the last upload is non-empty
util-stream-test: n3 r1 ok   no malformed lines (0)
util-stream-test: n3 r1 ok   first tick (stub, 1791570869.674) precedes the preamble (1791570869): the stub started it
util-stream-test: n3 r1 ok   last tick is final (final) at/after the end phase
util-stream-test: n3 r1 ok   the sampler runs at nice -10 (want -10)
util-stream-test: n3 r1 ok   max gap between ticks 1.02 s
util-stream-test: n3 r1 ok   phases in the ticks: ['stub', 'preamble', 'body', 'burn', 'shm', 'net', 'starve', 'hold', 'end']
util-stream-test: n3 r1 ok   87 ticks over 78.5 s (1 Hz)
util-stream-test: n3 r1 ok   burn: 21.7 busy vCPU-s in 7.2 s (one vCPU burnt)
util-stream-test: n3 r1 ok   shm: used +784 MiB, Shmem +768 MiB at peak (256 MiB written to /dev/shm)
util-stream-test: n3 r1 ok   net: 70003238 bytes on eth0 (64 MiB downloaded)
util-stream-test: n3 r1 ok   starve: mem_gap_s 0.0 s, largest tick gap 1.0 s, 112.9 busy vCPU-s in 14.1 s (8 CPUs, nproc loops un-niced; sampler nice -10)
util-stream-test: n3 r1 node U_cpu 0.004429 U_mem 0.000043 (peak 0.212149) U_net 0.000000; mem_gap_s 0.0; unobservable 0.0/218079.7/1.8 s
util-stream-test: n3 r1 sampler CPU 0.21 s over 85 ticks (2.47 ms per tick)
util-stream-test: n3 r1 uploads over 79 s: run.log x16 requests.tsv x16 preflight.json x1 util.tsv x3
util-stream-test: n3 r2 container exit 0
util-stream-test: n3 r2 ok   run.log streamed with phases preamble..end (['body', 'burn', 'end', 'hold', 'net', 'preamble', 'shm', 'starve'])
util-stream-test: n3 r2 ok   the stub ran under errexit, as spawn starts it ($-=ehBc), and the run went on
util-stream-test: n3 r2 ok   util.tsv uploaded 2 time(s) before the end phase (3 in all; ticks [38, 68, 88])
util-stream-test: n3 r2 ok   each upload during the run has more ticks than the last
util-stream-test: n3 r2 ok   longest run stretch without an upload 31.3 s (a TTL kill loses at most that; pusher every 30 s)
util-stream-test: n3 r2 ok   the last upload is non-empty
util-stream-test: n3 r2 ok   no malformed lines (0)
util-stream-test: n3 r2 ok   first tick (stub, 1791570869.676) precedes the preamble (1791570869): the stub started it
util-stream-test: n3 r2 ok   last tick is final (final) at/after the end phase
util-stream-test: n3 r2 ok   the sampler runs at nice -10 (want -10)
util-stream-test: n3 r2 ok   max gap between ticks 1.02 s
util-stream-test: n3 r2 ok   phases in the ticks: ['stub', 'preamble', 'body', 'burn', 'shm', 'net', 'starve', 'hold', 'end']
util-stream-test: n3 r2 ok   88 ticks over 79.5 s (1 Hz)
util-stream-test: n3 r2 ok   burn: 21.7 busy vCPU-s in 7.2 s (one vCPU burnt)
util-stream-test: n3 r2 ok   shm: used +784 MiB, Shmem +768 MiB at peak (256 MiB written to /dev/shm)
util-stream-test: n3 r2 ok   net: 70459946 bytes on eth0 (64 MiB downloaded)
util-stream-test: n3 r2 ok   starve: mem_gap_s 0.0 s, largest tick gap 1.0 s, 116.3 busy vCPU-s in 14.5 s (8 CPUs, nproc loops un-niced; sampler nice -10)
util-stream-test: n3 r2 node U_cpu 0.004429 U_mem 0.000044 (peak 0.212149) U_net 0.000000; mem_gap_s 0.0; unobservable 0.0/218079.7/0.9 s
util-stream-test: n3 r2 sampler CPU 0.20 s over 86 ticks (2.33 ms per tick)
util-stream-test: n3 r2 uploads over 80 s: run.log x16 requests.tsv x16 preflight.json x1 util.tsv x3
util-stream-test: round alone: 1 node(s) at once; magnitudes checked from above
util-stream-test: alone r0 container exit 0
util-stream-test: alone r0 ok   run.log streamed with phases preamble..end (['body', 'burn', 'end', 'hold', 'net', 'preamble', 'shm', 'starve'])
util-stream-test: alone r0 ok   the stub ran under errexit, as spawn starts it ($-=ehBc), and the run went on
util-stream-test: alone r0 ok   util.tsv uploaded 2 time(s) before the end phase (3 in all; ticks [38, 68, 87])
util-stream-test: alone r0 ok   each upload during the run has more ticks than the last
util-stream-test: alone r0 ok   longest run stretch without an upload 31.1 s (a TTL kill loses at most that; pusher every 30 s)
util-stream-test: alone r0 ok   the last upload is non-empty
util-stream-test: alone r0 ok   no malformed lines (0)
util-stream-test: alone r0 ok   first tick (stub, 1791570949.669) precedes the preamble (1791570949): the stub started it
util-stream-test: alone r0 ok   last tick is final (final) at/after the end phase
util-stream-test: alone r0 ok   the sampler runs at nice -10 (want -10)
util-stream-test: alone r0 ok   max gap between ticks 1.02 s
util-stream-test: alone r0 ok   phases in the ticks: ['stub', 'preamble', 'body', 'burn', 'shm', 'net', 'starve', 'hold', 'end']
util-stream-test: alone r0 ok   87 ticks over 78.5 s (1 Hz)
util-stream-test: alone r0 ok   burn: 7.3 busy vCPU-s in 7.2 s (one vCPU burnt; alone: <= 1.6 x)
util-stream-test: alone r0 ok   shm: used +261 MiB, Shmem +256 MiB at peak (256 MiB written to /dev/shm; alone: <= 330 / 300)
util-stream-test: alone r0 ok   net: 69573494 bytes on eth0 (64 MiB downloaded; alone: <= 80 MiB)
util-stream-test: alone r0 ok   starve: mem_gap_s 0.0 s, largest tick gap 1.0 s, 116.2 busy vCPU-s in 14.5 s (8 CPUs, nproc loops un-niced; sampler nice -10)
util-stream-test: alone r0 node U_cpu 0.004500 U_mem 0.000041 (peak 0.145246) U_net 0.000000; mem_gap_s 0.0; unobservable 0.0/218159.7/0.8 s
util-stream-test: alone r0 sampler CPU 0.22 s over 85 ticks (2.59 ms per tick)
util-stream-test: alone r0 uploads over 79 s: run.log x16 requests.tsv x16 preflight.json x1 util.tsv x3
util-stream-test: ok (3 node(s), then 1 alone)
