Loading database information...ak2-timing	opts	0.003024	0.000017	0	0	0.000015	0.000000
ak2-timing	taxo	0.003049	0.093794	87855	0	0.002105	0.094455
ak2-timing	shard-load-14	0.172226	14.204515	24052	0	17.452002	15.246438
ak2-engine	mem	t_s	15.0	rss_kib	36685860	hwm_kib	36685864	heap_inuse	405061632	sys	435411304	avail_kib	58138068
ak2-engine	mem	t_s	30.0	rss_kib	36694896	hwm_kib	36694900	heap_inuse	415334400	sys	443799912	avail_kib	58604096
ak2-engine	mem	t_s	45.0	rss_kib	36700576	hwm_kib	36700580	heap_inuse	421224448	sys	452450664	avail_kib	58728500
ak2-timing	rendezvous	14.825651	39.080931	4533	0	0.064759	0.031651
ak2-timing	connect	53.906598	0.094305	8	0	0.000000	0.002070
ak2-timing	hash	0.096888	53.904033	30381	0	17.517987	15.293829
 done.
ak2-engine	mem	t_s	60.0	rss_kib	54573640	hwm_kib	54573640	heap_inuse	15235153920	sys	19167570456	avail_kib	40610716
8326050 sequences (1540.09 Mbp) processed in 8.051s (62046.4 Kseq/m, 11476.89 Mbp/m).
  8094378 sequences classified (97.22%)
  231672 sequences unclassified (2.78%)
ak2-sample	batch	0	name	0-SRR5935828	mode	parallel	s3client	sdk	rank	14	role	home	inflight	6	threads	16	start_s	54.000967	wall_s	8.507557	setup_s	0.000042	classify_s	8.051443	close_s	0.247549	report_s	0.201160	status	0	sequences	8326050	bases	1540092338	classified	8094378	place	lpt	weight	8326050
11458367 sequences (2115.94 Mbp) processed in 9.958s (69039.6 Kseq/m, 12749.05 Mbp/m).
  9654089 sequences classified (84.25%)
  1804278 sequences unclassified (15.75%)
ak2-sample	batch	0	name	0-SRR5935825	mode	parallel	s3client	sdk	rank	14	role	home	inflight	6	threads	16	start_s	54.000968	wall_s	10.526104	setup_s	0.000040	classify_s	9.958087	close_s	0.304096	report_s	0.245278	status	0	sequences	11458367	bases	2115935464	classified	9654089	place	lpt	weight	11458367
16180463 sequences (3026.48 Mbp) processed in 12.603s (77028.8 Kseq/m, 14407.88 Mbp/m).
  15739294 sequences classified (97.27%)
  441169 sequences unclassified (2.73%)
ak2-sample	batch	0	name	0-SRR5935770	mode	parallel	s3client	sdk	rank	14	role	home	inflight	6	threads	16	start_s	54.000967	wall_s	13.062109	setup_s	0.000040	classify_s	12.603445	close_s	0.222703	report_s	0.226027	status	0	sequences	16180463	bases	3026482353	classified	15739294	place	lpt	weight	16180463
ak2-timing	batch-barrier-0	67.063096	1.340275	5	0	0.091371	0.095019
ak2-engine	mem	t_s	75.0	rss_kib	55681912	hwm_kib	56063848	heap_inuse	9860096000	sys	20633045880	avail_kib	38616700
8877621 sequences (1663.95 Mbp) processed in 8.171s (65184.8 Kseq/m, 12217.69 Mbp/m).
  8212460 sequences classified (92.51%)
  665161 sequences unclassified (7.49%)
ak2-sample	batch	1	name	1-SRR5935818	mode	parallel	s3client	sdk	rank	14	role	home	inflight	6	threads	16	start_s	68.403396	wall_s	8.802339	setup_s	0.000048	classify_s	8.171490	close_s	0.479193	report_s	0.141073	status	0	sequences	8877621	bases	1663945574	classified	8212460	place	mod	weight	8877621
10054299 sequences (1885.64 Mbp) processed in 9.124s (66114.5 Kseq/m, 12399.51 Mbp/m).
  9575405 sequences classified (95.24%)
  478894 sequences unclassified (4.76%)
10479816 sequences (1916.83 Mbp) processed in 9.014s (69756.9 Kseq/m, 12759.02 Mbp/m).
  9679024 sequences classified (92.36%)
  800792 sequences unclassified (7.64%)
ak2-sample	batch	1	name	1-SRR5935754	mode	parallel	s3client	sdk	rank	14	role	home	inflight	6	threads	16	start_s	68.403420	wall_s	9.626669	setup_s	0.000045	classify_s	9.014002	close_s	0.450066	report_s	0.148430	status	0	sequences	10479816	bases	1916830360	classified	9679024	place	mod	weight	10479816
ak2-sample	batch	1	name	1-SRR5935786	mode	parallel	s3client	sdk	rank	14	role	home	inflight	6	threads	16	start_s	68.403428	wall_s	9.639397	setup_s	0.000039	classify_s	9.124439	close_s	0.314900	report_s	0.189853	status	0	sequences	10054299	bases	1885642952	classified	9575405	place	mod	weight	10054299
ak2-timing	batch-barrier-1	78.042845	6.662158	38	0	4.159786	0.800691
ak2-engine	mem	t_s	90.0	rss_kib	56212940	hwm_kib	56212940	heap_inuse	10245619712	sys	20633553784	avail_kib	38431172
8326050 sequences (1540.09 Mbp) processed in 7.704s (64845.7 Kseq/m, 11994.70 Mbp/m).
  8094378 sequences classified (97.22%)
  231672 sequences unclassified (2.78%)
ak2-sample	batch	2	name	2-SRR5935828	mode	parallel	s3client	sdk	rank	14	role	home	inflight	6	threads	16	start_s	84.705053	wall_s	8.388386	setup_s	0.000047	classify_s	7.703868	close_s	0.430074	report_s	0.246274	status	0	sequences	8326050	bases	1540092338	classified	8094378	place	lpt	weight	8326050
11458367 sequences (2115.94 Mbp) processed in 8.699s (79032.7 Kseq/m, 14594.41 Mbp/m).
  9654089 sequences classified (84.25%)
  1804278 sequences unclassified (15.75%)
ak2-sample	batch	2	name	2-SRR5935825	mode	parallel	s3client	sdk	rank	14	role	home	inflight	6	threads	16	start_s	84.705063	wall_s	9.179085	setup_s	0.000037	classify_s	8.698958	close_s	0.286309	report_s	0.175236	status	0	sequences	11458367	bases	2115935464	classified	9654089	place	lpt	weight	11458367
16180463 sequences (3026.48 Mbp) processed in 11.240s (86371.4 Kseq/m, 16155.37 Mbp/m).
  15739294 sequences classified (97.27%)
  441169 sequences unclassified (2.73%)
ak2-sample	batch	2	name	2-SRR5935770	mode	parallel	s3client	sdk	rank	14	role	home	inflight	6	threads	16	start_s	84.705056	wall_s	12.084973	setup_s	0.000045	classify_s	11.240158	close_s	0.688625	report_s	0.146470	status	0	sequences	16180463	bases	3026482353	classified	15739294	place	lpt	weight	16180463
ak2-timing	batch-barrier-2	96.790052	1.724669	1	0	0.129100	0.024273
ak2-engine	mem	t_s	105.0	rss_kib	39254588	hwm_kib	56259472	heap_inuse	2381496320	sys	20633553784	avail_kib	53330856
ak2-timing	barrier	105.561147	0.357938	0	0	0.004761	0.000401
ak2-sample	batch	3	name	3-SRR5935740	mode	striped	s3client	sdk	rank	14	role	peer	inflight	1	threads	16	start_s	99.844389	wall_s	6.074745	setup_s	0.000049	classify_s	5.714431	close_s	0.000000	report_s	0.000000	status	0	sequences	0	bases	0	classified	0	place	-	weight	-
ak2-timing	batch-barrier-3	105.919144	0.886431	0	0	0.000000	0.008501
ak2-timing	barrier	113.708882	0.099175	0	0	0.000130	0.000011
ak2-sample	batch	4	name	4-SRR5935740	mode	striped	s3client	sdk	rank	14	role	peer	inflight	1	threads	16	start_s	107.984634	wall_s	5.823473	setup_s	0.000049	classify_s	5.721968	close_s	0.000000	report_s	0.000000	status	0	sequences	0	bases	0	classified	0	place	-	weight	-
ak2-timing	batch-barrier-4	113.808116	0.889583	2	0	0.008155	0.000000
ak2-engine	mem	t_s	120.0	rss_kib	38756240	hwm_kib	56259472	heap_inuse	1450721280	sys	20633553784	avail_kib	55931792
ak2-timing	barrier	121.642265	0.068035	0	0	0.000129	0.000011
ak2-sample	batch	5	name	5-SRR5935740	mode	striped	s3client	sdk	rank	14	role	peer	inflight	1	threads	16	start_s	115.920619	wall_s	5.789726	setup_s	0.000056	classify_s	5.719267	close_s	0.000000	report_s	0.000000	status	0	sequences	0	bases	0	classified	0	place	-	weight	-
ak2-timing	batch-barrier-5	121.710353	0.966133	2	0	0.008081	0.000668
ak2-timing	batch-barrier-6	122.676508	7.531661	2	0	0.319678	0.064460
ak2-engine	mem	t_s	135.0	rss_kib	39227340	hwm_kib	56259472	heap_inuse	1886388224	sys	20633553784	avail_kib	56029284
ak2-timing	batch-barrier-7	130.208194	6.443448	1	0	0.340534	0.034611
ak2-timing	batch-barrier-8	136.651663	7.428619	3	0	0.321666	0.055064
ak2-engine	shard	0	n	32	lo	130056901599	hi	139346680285	tail	302	full	false	empty_at	9289778704	keys	4240426374	batches	89910	probe_s	89.761021	tail_probes	0	wrap_probes	0
ak2-engine	mem	t_s	144.1	rss_kib	39227348	hwm_kib	56259472	heap_inuse	1888256000	sys	20633553784	avail_kib	56130140
ak2-engine	rendezvous	puts	13	gets	1029
ak2-engine	s3	client	sdk	put	22	get	1029	create_multipart	9	upload_part	1110	complete_multipart	9	abort_multipart	0	part_bytes	9267919011
ak2-engine	s3	client	cli	put	0	get	0	create_multipart	0	upload_part	0	complete_multipart	0	abort_multipart	0	part_bytes	0
ak2-engine	load	seconds	14.204510	requests	572	retries	0	bytes	37159181552
ak2-engine	route	transport	nodes	calls	2699	keys	4080482729	batches	86368	route_s	37.751386	wait_s	672.957293	gather_s	8.012620
ak2-engine	worker	scan_s	300.540928	lookup_s	718.723040	classify_s	225.487734
ak2-timing	total	0.000001	144.149977	9047287	0	836.298288	69.278909
