make run: bucket aws-kraken2-942542972736-us-west-2 is in us-west-2
make run: bucket kraken2-ncbi-refseq-complete-v205 is in us-west-2
make run: run 20261009-064231-4c67532-2a5c-n64-r47  task ak2-g3-20261009-064231-4c67532-2a5c-n64-r47  ->  s3://aws-kraken2-942542972736-us-west-2/aws-kraken2/g3/20261009-064231-4c67532-2a5c-n64-r47
make run: user data: 12345 of 16384 bytes after base64 decoding (refuse above 15360)
make run: plan: Instance: c8gn.4xlarge (0 vCPU, 0 GiB)
make run: launched i-054a9896d8d95911d (c8gn.4xlarge) in us-west-2
  | ak2: log tee up
  | ak2-phase	2026-10-09T06:44:29Z	1791528269	preamble	no
  | ak2: [2026-10-09T06:44:29Z] inherited $-=hBc (stub, as spawn started it: $-=hBc)
  | ak2: [2026-10-09T06:44:29Z] after set +e $-=hBc
  | ak2: [2026-10-09T06:44:29Z] gate=g3 run=20261009-064231-4c67532-2a5c-n64-r47
  | ak2: [2026-10-09T06:44:29Z] aws shim installed and self-tested (/tmp/ak2-bin/aws -> /usr/bin/aws)
  | ak2: [2026-10-09T06:44:29Z] imds region=us-west-2 az=us-west-2b instance=i-054a9896d8d95911d type=c8gn.4xlarge ami=ami-09325776a00699513
  | ak2: [2026-10-09T06:44:29Z] bucket aws-kraken2-942542972736-us-west-2 region=us-west-2
  | ak2: [2026-10-09T06:44:30Z] bucket aws-kraken2-942542972736-us-west-2 payer=UNKNOWN
  | ak2: [2026-10-09T06:44:30Z] WARN: could not read Payer of aws-kraken2-942542972736-us-west-2 from the instance (launch host verified it)
  | ak2: [2026-10-09T06:44:30Z] bucket kraken2-ncbi-refseq-complete-v205 region=us-west-2
  | ak2: [2026-10-09T06:44:31Z] bucket kraken2-ncbi-refseq-complete-v205 payer=BucketOwner
  | ak2: [2026-10-09T06:44:31Z] region assert passed
  | ak2: [2026-10-09T06:44:31Z] drop_caches_ok=true
  | ak2: [2026-10-09T06:44:31Z] preamble done; spec body starts
  | ak2-phase	2026-10-09T06:44:31Z	1791528271	body	no
  | ak2-phase	2026-10-09T06:44:31Z	1791528271	setup	no
  | go: downloading github.com/aws/aws-sdk-go-v2 v1.47.1
  | go: downloading github.com/aws/aws-sdk-go-v2/config v1.33.7
  | go: downloading github.com/aws/aws-sdk-go-v2/credentials v1.20.7
  | go: downloading github.com/aws/aws-sdk-go-v2/service/s3 v1.114.1
  | go: downloading github.com/klauspost/compress v1.20.0
  | go: downloading github.com/aws/smithy-go v1.28.1
  | go: downloading github.com/aws/aws-sdk-go-v2/feature/ec2/imds v1.20.1
  | go: downloading github.com/aws/aws-sdk-go-v2/service/signin v1.10.2
  | go: downloading github.com/aws/aws-sdk-go-v2/service/sso v1.38.2
  | go: downloading github.com/aws/aws-sdk-go-v2/service/ssooidc v1.43.2
  | go: downloading github.com/aws/aws-sdk-go-v2/service/sts v1.51.2
  | go: downloading github.com/aws/aws-sdk-go-v2/aws/protocol/eventstream v1.7.20
  | go: downloading github.com/aws/aws-sdk-go-v2/internal/configsources v1.5.4
  | go: downloading github.com/aws/aws-sdk-go-v2/internal/v4a v1.5.4
  | go: downloading github.com/aws/aws-sdk-go-v2/service/internal/accept-encoding v1.13.19
  | go: downloading github.com/aws/aws-sdk-go-v2/service/internal/checksum v1.11.5
  | go: downloading github.com/aws/aws-sdk-go-v2/service/internal/presigned-url v1.14.4
  | go: downloading github.com/aws/aws-sdk-go-v2/service/internal/s3shared v1.20.4
  | go: downloading github.com/aws/aws-sdk-go-v2/internal/endpoints/v2 v2.8.4
  | ak2: [2026-10-09T06:45:06Z] rank 47 of 64; hash.k2d etag=f80959f9556b50d76b3e744afdd3b22a-8860 size=1189091671800; stages 1 16 32 64 x 60s
  | ak2-phase	2026-10-09T06:45:06Z	1791528306	rendezvous	no
  | ak2: [2026-10-09T06:46:00Z] rendezvous: all 64 ready; stages start at 1791528368 (8 s from now)
  | ak2-phase	2026-10-09T06:46:00Z	1791528360	stage-n1	no
  | ak2: [2026-10-09T06:46:08Z] stage n1: rank 47 waits
  | ak2-phase	2026-10-09T06:46:08Z	1791528368	stage-n16	no
  | ak2: [2026-10-09T06:47:28Z] stage n16: rank 47 waits
  | ak2-phase	2026-10-09T06:47:28Z	1791528448	stage-n32	no
  | ak2: [2026-10-09T06:48:48Z] stage n32: rank 47 waits
  | ak2-phase	2026-10-09T06:48:48Z	1791528528	stage-n64	no
  | probe-cont {"kind":"progress","label":"n64-r47","unix_s":1791528613.8049762,"elapsed_s":5.000121659,"bytes":28387049472,"gbps_cum":5.677271756159083,"gbps_interval":5.677271756159083,"requests":487,"retries":0,"complete":false}
  | probe-cont {"kind":"progress","label":"n64-r47","unix_s":1791528618.8049808,"elapsed_s":10.000126178,"bytes":58049167360,"gbps_cum":5.804843491645791,"gbps_interval":5.932418215880417,"requests":929,"retries":0,"complete":false}
  | probe-cont {"kind":"progress","label":"n64-r47","unix_s":1791528623.8049567,"elapsed_s":15.000102214,"bytes":90395639808,"gbps_cum":6.026334922146818,"gbps_interval":6.469325495783236,"requests":1411,"retries":0,"complete":false}
  | probe-cont {"kind":"progress","label":"n64-r47","unix_s":1791528628.8049753,"elapsed_s":20.00012085,"bytes":120057757696,"gbps_cum":6.002851612569132,"gbps_interval":5.932401466353254,"requests":1853,"retries":0,"complete":false}
  | probe-cont {"kind":"progress","label":"n64-r47","unix_s":1791528633.804961,"elapsed_s":25.000106419,"bytes":149921202176,"gbps_cum":5.996822560005599,"gbps_interval":5.972706134424445,"requests":2298,"retries":0,"complete":false}
  | probe-cont {"kind":"progress","label":"n64-r47","unix_s":1791528638.8049486,"elapsed_s":30.000094022,"bytes":182469001216,"gbps_cum":6.082280978259262,"gbps_interval":6.509575947842604,"requests":2783,"retries":0,"complete":false}
  | probe-cont {"kind":"progress","label":"n64-r47","unix_s":1791528643.804956,"elapsed_s":35.000101238,"bytes":212265336832,"gbps_cum":6.0647063672359085,"gbps_interval":5.959258522798099,"requests":3227,"retries":0,"complete":false}
  | probe-cont {"kind":"progress","label":"n64-r47","unix_s":1791528648.8049543,"elapsed_s":40.000099678,"bytes":244142047232,"gbps_cum":6.103535971093537,"gbps_interval":6.37534406910735,"requests":3702,"retries":0,"complete":false}
  | probe-cont {"kind":"progress","label":"n64-r47","unix_s":1791528653.8049521,"elapsed_s":45.000097412,"bytes":274475253760,"gbps_cum":6.0994368800367695,"gbps_interval":6.066644055003086,"requests":4154,"retries":0,"complete":false}
  | probe-cont {"kind":"progress","label":"n64-r47","unix_s":1791528658.8049834,"elapsed_s":50.000128601,"bytes":304338698240,"gbps_cum":6.086758309535893,"gbps_interval":5.972651639793601,"requests":4599,"retries":0,"complete":false}
  | probe-cont {"kind":"progress","label":"n64-r47","unix_s":1791528663.8049517,"elapsed_s":55.00009707,"bytes":336215408640,"gbps_cum":6.1129966409348375,"gbps_interval":6.375382284435762,"requests":5074,"retries":0,"complete":false}
  | probe-cont {"kind":"progress","label":"n64-r47","unix_s":1791528668.8050015,"elapsed_s":60.000146807,"bytes":366414397440,"gbps_cum":6.1068916817592145,"gbps_interval":6.039737680313398,"requests":5524,"retries":0,"complete":false}
  | probe-cont {"kind":"done","label":"n64-r47","unix_s":1791528668.8052492,"elapsed_s":60.000394629,"bytes":366414397440,"gbps_cum":6.106866458223275,"gbps_interval":0,"requests":5524,"retries":0,"complete":false,"workers":64,"chunk_mib":64,"object":"https://kraken2-ncbi-refseq-complete-v205.s3.us-west-2.amazonaws.com/Kraken2_RefSeqCompleteV205/hash.k2d","object_bytes":1189091671800,"stopped_by":"seconds"}
  | ak2-phase	2026-10-09T06:51:14Z	1791528674	push	no
  | ak2: [2026-10-09T06:51:14Z] pushed out/cont-47.jsonl
  | ak2: [2026-10-09T06:51:14Z] contention probe done FAIL=0
  | ak2: [2026-10-09T06:51:14Z] spec body exit rc=0
  | ak2-phase	2026-10-09T06:51:14Z	1791528674	end	no
make run: tag-objects: s3://aws-kraken2-942542972736-us-west-2/aws-kraken2/g3/20261009-064231-4c67532-2a5c-n64-r47/: 8 objects, 7 tagged now, 1 already tagged, 0 failed
make run: run dir: results/g3/20261009-064231-4c67532-2a5c-n64-r47  (task exit 0, state terminated, cost $0.122713)
orphans: this run's instance(s) and task ak2-g3-20261009-064231-4c67532-2a5c-n64-r47 are gone (18 regions checked)
