make run: bucket aws-kraken2-942542972736-us-west-2 is in us-west-2
make run: bucket kraken2-ncbi-refseq-complete-v205 is in us-west-2
make run: run 20261009-064231-4c67532-2a5c-n64-r53  task ak2-g3-20261009-064231-4c67532-2a5c-n64-r53  ->  s3://aws-kraken2-942542972736-us-west-2/aws-kraken2/g3/20261009-064231-4c67532-2a5c-n64-r53
make run: user data: 12340 of 16384 bytes after base64 decoding (refuse above 15360)
make run: plan: Instance: c8gn.4xlarge (0 vCPU, 0 GiB)
make run: launched i-0878a22e54f5e2cee (c8gn.4xlarge) in us-west-2
  | ak2: log tee up
  | ak2-phase	2026-10-09T06:44:42Z	1791528282	preamble	no
  | ak2: [2026-10-09T06:44:42Z] inherited $-=hBc (stub, as spawn started it: $-=hBc)
  | ak2: [2026-10-09T06:44:42Z] after set +e $-=hBc
  | ak2: [2026-10-09T06:44:42Z] gate=g3 run=20261009-064231-4c67532-2a5c-n64-r53
  | ak2: [2026-10-09T06:44:42Z] aws shim installed and self-tested (/tmp/ak2-bin/aws -> /usr/bin/aws)
  | ak2: [2026-10-09T06:44:42Z] imds region=us-west-2 az=us-west-2b instance=i-0878a22e54f5e2cee type=c8gn.4xlarge ami=ami-09325776a00699513
  | ak2: [2026-10-09T06:44:42Z] bucket aws-kraken2-942542972736-us-west-2 region=us-west-2
  | ak2: [2026-10-09T06:44:43Z] bucket aws-kraken2-942542972736-us-west-2 payer=UNKNOWN
  | ak2: [2026-10-09T06:44:43Z] WARN: could not read Payer of aws-kraken2-942542972736-us-west-2 from the instance (launch host verified it)
  | ak2: [2026-10-09T06:44:43Z] bucket kraken2-ncbi-refseq-complete-v205 region=us-west-2
  | ak2: [2026-10-09T06:44:43Z] bucket kraken2-ncbi-refseq-complete-v205 payer=BucketOwner
  | ak2: [2026-10-09T06:44:43Z] region assert passed
  | ak2: [2026-10-09T06:44:43Z] drop_caches_ok=true
  | ak2: [2026-10-09T06:44:44Z] preamble done; spec body starts
  | ak2-phase	2026-10-09T06:44:44Z	1791528284	body	no
  | ak2-phase	2026-10-09T06:44:44Z	1791528284	setup	no
  | go: downloading github.com/aws/aws-sdk-go-v2 v1.47.1
  | go: downloading github.com/aws/aws-sdk-go-v2/config v1.33.7
  | go: downloading github.com/aws/aws-sdk-go-v2/credentials v1.20.7
  | go: downloading github.com/aws/aws-sdk-go-v2/service/s3 v1.114.1
  | go: downloading github.com/klauspost/compress v1.20.0
  | go: downloading github.com/aws/smithy-go v1.28.1
  | go: downloading github.com/aws/aws-sdk-go-v2/feature/ec2/imds v1.20.1
  | go: downloading github.com/aws/aws-sdk-go-v2/service/signin v1.10.2
  | go: downloading github.com/aws/aws-sdk-go-v2/service/sts v1.51.2
  | go: downloading github.com/aws/aws-sdk-go-v2/service/ssooidc v1.43.2
  | go: downloading github.com/aws/aws-sdk-go-v2/service/sso v1.38.2
  | go: downloading github.com/aws/aws-sdk-go-v2/aws/protocol/eventstream v1.7.20
  | go: downloading github.com/aws/aws-sdk-go-v2/internal/configsources v1.5.4
  | go: downloading github.com/aws/aws-sdk-go-v2/internal/v4a v1.5.4
  | go: downloading github.com/aws/aws-sdk-go-v2/service/internal/accept-encoding v1.13.19
  | go: downloading github.com/aws/aws-sdk-go-v2/service/internal/checksum v1.11.5
  | go: downloading github.com/aws/aws-sdk-go-v2/service/internal/presigned-url v1.14.4
  | go: downloading github.com/aws/aws-sdk-go-v2/service/internal/s3shared v1.20.4
  | go: downloading github.com/aws/aws-sdk-go-v2/internal/endpoints/v2 v2.8.4
  | ak2: [2026-10-09T06:45:14Z] rank 53 of 64; hash.k2d etag=f80959f9556b50d76b3e744afdd3b22a-8860 size=1189091671800; stages 1 16 32 64 x 60s
  | ak2-phase	2026-10-09T06:45:14Z	1791528314	rendezvous	no
  | ak2: [2026-10-09T06:46:08Z] rendezvous: all 64 ready; stages start at 1791528368 (0 s from now)
  | ak2-phase	2026-10-09T06:46:08Z	1791528368	stage-n1	no
  | ak2: [2026-10-09T06:46:08Z] stage n1: rank 53 waits
  | ak2-phase	2026-10-09T06:46:08Z	1791528368	stage-n16	no
  | ak2: [2026-10-09T06:47:28Z] stage n16: rank 53 waits
  | ak2-phase	2026-10-09T06:47:28Z	1791528448	stage-n32	no
  | ak2: [2026-10-09T06:48:48Z] stage n32: rank 53 waits
  | ak2-phase	2026-10-09T06:48:48Z	1791528528	stage-n64	no
  | probe-cont {"kind":"progress","label":"n64-r53","unix_s":1791528613.706693,"elapsed_s":5.000100927,"bytes":28722593792,"gbps_cum":5.744402805331614,"gbps_interval":5.744402805331614,"requests":492,"retries":0,"complete":false}
  | probe-cont {"kind":"progress","label":"n64-r53","unix_s":1791528618.7066965,"elapsed_s":10.000104621,"bytes":58317602816,"gbps_cum":5.83169926977907,"gbps_interval":5.918997431844697,"requests":933,"retries":0,"complete":false}
  | probe-cont {"kind":"progress","label":"n64-r53","unix_s":1791528623.7067046,"elapsed_s":15.000112854,"bytes":90664075264,"gbps_cum":6.044226209926355,"gbps_interval":6.469283837277233,"requests":1415,"retries":0,"complete":false}
  | probe-cont {"kind":"progress","label":"n64-r53","unix_s":1791528628.7066882,"elapsed_s":20.000096377,"bytes":120997281792,"gbps_cum":6.049834936352918,"gbps_interval":6.06666129767564,"requests":1867,"retries":0,"complete":false}
  | probe-cont {"kind":"progress","label":"n64-r53","unix_s":1791528633.7066913,"elapsed_s":25.000099377,"bytes":150525181952,"gbps_cum":6.020983344189528,"gbps_interval":5.9055764886541064,"requests":2307,"retries":0,"complete":false}
  | probe-cont {"kind":"progress","label":"n64-r53","unix_s":1791528638.7066882,"elapsed_s":30.000096384,"bytes":183140089856,"gbps_cum":6.10465004884699,"gbps_interval":6.522985485459111,"requests":2793,"retries":0,"complete":false}
  | probe-cont {"kind":"progress","label":"n64-r53","unix_s":1791528643.7066925,"elapsed_s":35.000100463,"bytes":213271969792,"gbps_cum":6.093467360685387,"gbps_interval":6.02637107088648,"requests":3242,"retries":0,"complete":false}
  | probe-cont {"kind":"progress","label":"n64-r53","unix_s":1791528648.706725,"elapsed_s":40.000133094,"bytes":244813135872,"gbps_cum":6.120308032393068,"gbps_interval":6.3081920474770605,"requests":3712,"retries":0,"complete":false}
  | probe-cont {"kind":"progress","label":"n64-r53","unix_s":1791528653.7067008,"elapsed_s":45.000108908,"bytes":275683213312,"gbps_cum":6.126278802471737,"gbps_interval":6.174045353092182,"requests":4172,"retries":0,"complete":false}
  | probe-cont {"kind":"progress","label":"n64-r53","unix_s":1791528658.7067103,"elapsed_s":50.000118551,"bytes":305412440064,"gbps_cum":6.108234318534267,"gbps_interval":5.945833883264773,"requests":4615,"retries":0,"complete":false}
  | probe-cont {"kind":"progress","label":"n64-r53","unix_s":1791528663.7067072,"elapsed_s":55.000115341,"bytes":337826021376,"gbps_cum":6.142278416717549,"gbps_interval":6.482720424306513,"requests":5098,"retries":0,"complete":false}
  | probe-cont {"kind":"progress","label":"n64-r53","unix_s":1791528668.7066884,"elapsed_s":60.000096702,"bytes":367957901312,"gbps_cum":6.132621804586771,"gbps_interval":6.026398452408151,"requests":5547,"retries":0,"complete":false}
  | probe-cont {"kind":"done","label":"n64-r53","unix_s":1791528668.706867,"elapsed_s":60.000275105,"bytes":367957901312,"gbps_cum":6.132603570034914,"gbps_interval":0,"requests":5547,"retries":0,"complete":false,"workers":64,"chunk_mib":64,"object":"https://kraken2-ncbi-refseq-complete-v205.s3.us-west-2.amazonaws.com/Kraken2_RefSeqCompleteV205/hash.k2d","object_bytes":1189091671800,"stopped_by":"seconds"}
  | ak2-phase	2026-10-09T06:51:14Z	1791528674	push	no
  | ak2: [2026-10-09T06:51:14Z] pushed out/cont-53.jsonl
  | ak2: [2026-10-09T06:51:14Z] contention probe done FAIL=0
  | ak2: [2026-10-09T06:51:14Z] spec body exit rc=0
  | ak2-phase	2026-10-09T06:51:14Z	1791528674	end	no
make run: tag-objects: s3://aws-kraken2-942542972736-us-west-2/aws-kraken2/g3/20261009-064231-4c67532-2a5c-n64-r53/: 8 objects, 7 tagged now, 1 already tagged, 0 failed
make run: run dir: results/g3/20261009-064231-4c67532-2a5c-n64-r53  (task exit 0, state terminated, cost $0.12245)
orphans: this run's instance(s) and task ak2-g3-20261009-064231-4c67532-2a5c-n64-r53 are gone (18 regions checked)
