make run: bucket aws-kraken2-942542972736-us-west-2 is in us-west-2
make run: bucket kraken2-ncbi-refseq-complete-v205 is in us-west-2
make run: run 20261009-064231-4c67532-2a5c-n64-r44  task ak2-g3-20261009-064231-4c67532-2a5c-n64-r44  ->  s3://aws-kraken2-942542972736-us-west-2/aws-kraken2/g3/20261009-064231-4c67532-2a5c-n64-r44
make run: user data: 12344 of 16384 bytes after base64 decoding (refuse above 15360)
make run: plan: Instance: c8gn.4xlarge (0 vCPU, 0 GiB)
make run: launched i-0cababd8c6ef92c35 (c8gn.4xlarge) in us-west-2
  | ak2: log tee up
  | ak2-phase	2026-10-09T06:44:28Z	1791528268	preamble	no
  | ak2: [2026-10-09T06:44:28Z] inherited $-=hBc (stub, as spawn started it: $-=hBc)
  | ak2: [2026-10-09T06:44:28Z] after set +e $-=hBc
  | ak2: [2026-10-09T06:44:28Z] gate=g3 run=20261009-064231-4c67532-2a5c-n64-r44
  | ak2: [2026-10-09T06:44:28Z] aws shim installed and self-tested (/tmp/ak2-bin/aws -> /usr/bin/aws)
  | ak2: [2026-10-09T06:44:28Z] imds region=us-west-2 az=us-west-2b instance=i-0cababd8c6ef92c35 type=c8gn.4xlarge ami=ami-09325776a00699513
  | ak2: [2026-10-09T06:44:28Z] bucket aws-kraken2-942542972736-us-west-2 region=us-west-2
  | ak2: [2026-10-09T06:44:29Z] bucket aws-kraken2-942542972736-us-west-2 payer=UNKNOWN
  | ak2: [2026-10-09T06:44:29Z] WARN: could not read Payer of aws-kraken2-942542972736-us-west-2 from the instance (launch host verified it)
  | ak2: [2026-10-09T06:44:29Z] bucket kraken2-ncbi-refseq-complete-v205 region=us-west-2
  | ak2: [2026-10-09T06:44:29Z] bucket kraken2-ncbi-refseq-complete-v205 payer=BucketOwner
  | ak2: [2026-10-09T06:44:29Z] region assert passed
  | ak2: [2026-10-09T06:44:30Z] drop_caches_ok=true
  | ak2: [2026-10-09T06:44:30Z] preamble done; spec body starts
  | ak2-phase	2026-10-09T06:44:30Z	1791528270	body	no
  | ak2-phase	2026-10-09T06:44:30Z	1791528270	setup	no
  | go: downloading github.com/aws/aws-sdk-go-v2/config v1.33.7
  | go: downloading github.com/aws/aws-sdk-go-v2/service/s3 v1.114.1
  | go: downloading github.com/aws/aws-sdk-go-v2 v1.47.1
  | go: downloading github.com/aws/aws-sdk-go-v2/credentials v1.20.7
  | go: downloading github.com/klauspost/compress v1.20.0
  | go: downloading github.com/aws/smithy-go v1.28.1
  | go: downloading github.com/aws/aws-sdk-go-v2/feature/ec2/imds v1.20.1
  | go: downloading github.com/aws/aws-sdk-go-v2/service/signin v1.10.2
  | go: downloading github.com/aws/aws-sdk-go-v2/service/sso v1.38.2
  | go: downloading github.com/aws/aws-sdk-go-v2/service/ssooidc v1.43.2
  | go: downloading github.com/aws/aws-sdk-go-v2/service/sts v1.51.2
  | go: downloading github.com/aws/aws-sdk-go-v2/aws/protocol/eventstream v1.7.20
  | go: downloading github.com/aws/aws-sdk-go-v2/internal/configsources v1.5.4
  | go: downloading github.com/aws/aws-sdk-go-v2/internal/v4a v1.5.4
  | go: downloading github.com/aws/aws-sdk-go-v2/service/internal/accept-encoding v1.13.19
  | go: downloading github.com/aws/aws-sdk-go-v2/service/internal/checksum v1.11.5
  | go: downloading github.com/aws/aws-sdk-go-v2/service/internal/presigned-url v1.14.4
  | go: downloading github.com/aws/aws-sdk-go-v2/service/internal/s3shared v1.20.4
  | go: downloading github.com/aws/aws-sdk-go-v2/internal/endpoints/v2 v2.8.4
  | ak2: [2026-10-09T06:45:00Z] rank 44 of 64; hash.k2d etag=f80959f9556b50d76b3e744afdd3b22a-8860 size=1189091671800; stages 1 16 32 64 x 60s
  | ak2-phase	2026-10-09T06:45:00Z	1791528300	rendezvous	no
  | ak2: [2026-10-09T06:45:56Z] rendezvous: all 64 ready; stages start at 1791528368 (12 s from now)
  | ak2-phase	2026-10-09T06:45:56Z	1791528356	stage-n1	no
  | ak2: [2026-10-09T06:46:08Z] stage n1: rank 44 waits
  | ak2-phase	2026-10-09T06:46:08Z	1791528368	stage-n16	no
  | ak2: [2026-10-09T06:47:28Z] stage n16: rank 44 waits
  | ak2-phase	2026-10-09T06:47:28Z	1791528448	stage-n32	no
  | ak2: [2026-10-09T06:48:48Z] stage n32: rank 44 waits
  | ak2-phase	2026-10-09T06:48:48Z	1791528528	stage-n64	no
  | probe-cont {"kind":"progress","label":"n64-r44","unix_s":1791528613.5324657,"elapsed_s":5.000086757,"bytes":27715960832,"gbps_cum":5.543095985924309,"gbps_interval":5.543095985924309,"requests":477,"retries":0,"complete":false}
  | probe-cont {"kind":"progress","label":"n64-r44","unix_s":1791528618.532469,"elapsed_s":10.000090103,"bytes":56572772352,"gbps_cum":5.657226261894213,"gbps_interval":5.771358441806932,"requests":907,"retries":0,"complete":false}
  | probe-cont {"kind":"progress","label":"n64-r44","unix_s":1791528623.5324903,"elapsed_s":15.000111358,"bytes":87979720704,"gbps_cum":5.865271170608866,"gbps_interval":6.281362968326021,"requests":1375,"retries":0,"complete":false}
  | probe-cont {"kind":"progress","label":"n64-r44","unix_s":1791528628.532471,"elapsed_s":20.0000921,"bytes":117239185408,"gbps_cum":5.861932276201868,"gbps_interval":5.851915480037663,"requests":1811,"retries":0,"complete":false}
  | probe-cont {"kind":"progress","label":"n64-r44","unix_s":1791528633.5324667,"elapsed_s":25.000087667,"bytes":146163105792,"gbps_cum":5.846503729862301,"gbps_interval":5.78478920559411,"requests":2242,"retries":0,"complete":false}
  | probe-cont {"kind":"progress","label":"n64-r44","unix_s":1791528638.532465,"elapsed_s":30.000086114,"bytes":177771380736,"gbps_cum":5.92569568168807,"gbps_interval":6.3216569523066495,"requests":2713,"retries":0,"complete":false}
  | probe-cont {"kind":"progress","label":"n64-r44","unix_s":1791528643.5325022,"elapsed_s":35.000123488,"bytes":206963736576,"gbps_cum":5.913228753234507,"gbps_interval":5.8384275269219215,"requests":3148,"retries":0,"complete":false}
  | probe-cont {"kind":"progress","label":"n64-r44","unix_s":1791528648.532464,"elapsed_s":40.000085132,"bytes":237900922880,"gbps_cum":5.9475104139135855,"gbps_interval":6.187484726232832,"requests":3609,"retries":0,"complete":false}
  | probe-cont {"kind":"progress","label":"n64-r44","unix_s":1791528653.5324655,"elapsed_s":45.00008645,"bytes":267563040768,"gbps_cum":5.945833927792377,"gbps_interval":5.932422013813557,"requests":4051,"retries":0,"complete":false}
  | probe-cont {"kind":"progress","label":"n64-r44","unix_s":1791528658.532468,"elapsed_s":50.000088946,"bytes":297560702976,"gbps_cum":5.951203472805118,"gbps_interval":5.999529446634901,"requests":4498,"retries":0,"complete":false}
  | probe-cont {"kind":"progress","label":"n64-r44","unix_s":1791528663.532507,"elapsed_s":55.000127979,"bytes":328095236096,"gbps_cum":5.965354048290077,"gbps_interval":6.10685895019492,"requests":4953,"retries":0,"complete":false}
  | probe-cont {"kind":"progress","label":"n64-r44","unix_s":1791528668.5324728,"elapsed_s":60.000093841,"bytes":357556027392,"gbps_cum":5.959257802821475,"gbps_interval":5.892198488774403,"requests":5392,"retries":0,"complete":false}
  | probe-cont {"kind":"done","label":"n64-r44","unix_s":1791528668.5327404,"elapsed_s":60.00036139,"bytes":357556027392,"gbps_cum":5.959231229757099,"gbps_interval":0,"requests":5392,"retries":0,"complete":false,"workers":64,"chunk_mib":64,"object":"https://kraken2-ncbi-refseq-complete-v205.s3.us-west-2.amazonaws.com/Kraken2_RefSeqCompleteV205/hash.k2d","object_bytes":1189091671800,"stopped_by":"seconds"}
  | ak2-phase	2026-10-09T06:51:14Z	1791528674	push	no
  | ak2: [2026-10-09T06:51:14Z] pushed out/cont-44.jsonl
  | ak2: [2026-10-09T06:51:14Z] contention probe done FAIL=0
  | ak2: [2026-10-09T06:51:14Z] spec body exit rc=0
  | ak2-phase	2026-10-09T06:51:14Z	1791528674	end	no
make run: tag-objects: s3://aws-kraken2-942542972736-us-west-2/aws-kraken2/g3/20261009-064231-4c67532-2a5c-n64-r44/: 8 objects, 7 tagged now, 1 already tagged, 0 failed
make run: run dir: results/g3/20261009-064231-4c67532-2a5c-n64-r44  (task exit 0, state terminated, cost $0.123767)
orphans: this run's instance(s) and task ak2-g3-20261009-064231-4c67532-2a5c-n64-r44 are gone (18 regions checked)
