spawn: shell options for --command: $-=ehB
spawn: errexit is ON. set -uo pipefail does NOT clear it; use set +e to opt out.
spawn: [2026-10-08T04:29:24Z] wrapper start
spawn: [2026-10-08T04:29:24Z] stage-in start
spawn: [2026-10-08T04:29:24Z] stage-in done rc=0
spawn: [2026-10-08T04:29:24Z] command start
ak2-stub: inherited $-=hBc
ak2-stub: imds region=us-west-2 expected=us-west-2 payload bucket aws-kraken2-942542972736-us-west-2 region=us-west-2
ak2-stub: payload verified (sha256 59033833bcdb571e1f2eaa0dfe7673cb3e6368cd60170326bc7dc05f8be4df0b); exec
ak2: log tee up
ak2-phase	2026-10-08T04:29:24Z	1791433764	preamble	no
ak2: [2026-10-08T04:29:24Z] inherited $-=hBc (stub, as spawn started it: $-=hBc)
ak2: [2026-10-08T04:29:24Z] after set +e $-=hBc
ak2: [2026-10-08T04:29:24Z] gate=g3 run=20261008-042842-626bb79-dddc-n2-r0
ak2: [2026-10-08T04:29:24Z] aws shim installed and self-tested (/tmp/ak2-bin/aws -> /usr/bin/aws)
ak2: [2026-10-08T04:29:24Z] imds region=us-west-2 az=us-west-2a instance=i-0a3a6f857907c929e type=x8g.12xlarge ami=ami-09325776a00699513
ak2: [2026-10-08T04:29:24Z] bucket aws-kraken2-942542972736-us-west-2 region=us-west-2
ak2: [2026-10-08T04:29:25Z] bucket aws-kraken2-942542972736-us-west-2 payer=UNKNOWN
ak2: [2026-10-08T04:29:25Z] WARN: could not read Payer of aws-kraken2-942542972736-us-west-2 from the instance (launch host verified it)
ak2: [2026-10-08T04:29:25Z] bucket kraken2-ncbi-refseq-complete-v205 region=us-west-2
ak2: [2026-10-08T04:29:25Z] bucket kraken2-ncbi-refseq-complete-v205 payer=BucketOwner
ak2: [2026-10-08T04:29:25Z] region assert passed
ak2: [2026-10-08T04:29:25Z] drop_caches_ok=true
ak2: [2026-10-08T04:29:26Z] preamble done; spec body starts
ak2-phase	2026-10-08T04:29:26Z	1791433766	body	no
ak2: [2026-10-08T04:29:26Z] e2 cohort 20261008-042842-626bb79-dddc-n2 rank 0 of 2, commit 626bb79; RODA kraken2-ncbi-refseq-complete-v205/Kraken2_RefSeqCompleteV205; samples aws-kraken2-942542972736-us-west-2/aws-kraken2/data/cohort; cohort 100
ak2-phase	2026-10-08T04:29:26Z	1791433766	setup	no
ak2: [2026-10-08T04:30:02Z] built 626bb7901cf444ba93c5be65393a92ae50e35f17; go version go1.27.1 linux/arm64; ip 172.31.23.44; nproc 48; mem_gib 742; threads 16, inflight 6
ak2-phase	2026-10-08T04:30:02Z	1791433802	manifest	no
ak2: [2026-10-08T04:30:03Z] staged s3://kraken2-ncbi-refseq-complete-v205/Kraken2_RefSeqCompleteV205/opts.k2d -> /home/ec2-user/ak2/db/roda/opts.k2d (56 bytes)
ak2: [2026-10-08T04:30:05Z] staged s3://kraken2-ncbi-refseq-complete-v205/Kraken2_RefSeqCompleteV205/taxo.k2d -> /home/ec2-user/ak2/db/roda/taxo.k2d (179150665 bytes)
ak2: [2026-10-08T04:30:05Z] RODA hash.k2d etag=f80959f9556b50d76b3e744afdd3b22a-8860 size=1189091671800
ak2: [2026-10-08T04:30:05Z] pushed out/rank0/c100.tsv
ak2: [2026-10-08T04:30:06Z] pushed out/rank0/placement.tsv
ak2: [2026-10-08T04:30:06Z] manifest c100: 306 lines in 9 batches; rank 0 reads 80 samples
ak2-phase	2026-10-08T04:30:06Z	1791433806	fetch	no
ak2: [2026-10-08T04:31:05Z] inputs staged and verified: 160 files, 87.45 GB
ak2: [2026-10-08T04:31:05Z] manifest c100: cohort: 306 samples in 9 batches check
ak2-phase	2026-10-08T04:31:05Z	1791433865	inv-c100	no
[c100] ak2-timing	taxo	0.003050	0.116077	87888	0	0.034075	0.085327
[c100] ak2-timing	shard-load-0	0.209522	218.723366	298553	0	323.305153	334.938201
[c100] ak2-timing	rendezvous	220.430128	0.097908	33	0	0.001538	0.001593
[c100] ak2-timing	connect	220.528052	0.000286	0	0	0.000063	0.000065
[c100] ak2-timing	hash	0.119230	220.409121	300410	0	323.319289	334.942345
[c100] ak2-sample	batch	0	name	0-SRR5935787	mode	parallel	s3client	sdk	rank	0	role	home	inflight	6	threads	16	start_s	220.528381	wall_s	19.563414	setup_s	0.000039	classify_s	19.020171	close_s	0.216040	report_s	0.317809	status	0	sequences	16351397	bases	3065557655	classified	16166849	place	lpt	weight	16351397
[c100] ak2-sample	batch	0	name	0-SRR5935807	mode	parallel	s3client	sdk	rank	0	role	home	inflight	6	threads	16	start_s	220.528394	wall_s	19.878453	setup_s	0.000033	classify_s	19.142221	close_s	0.360357	report_s	0.349187	status	0	sequences	16708997	bases	3043023590	classified	15000245	place	lpt	weight	16708997
[c100] ak2-sample	batch	0	name	0-SRR5935762	mode	parallel	s3client	sdk	rank	0	role	home	inflight	6	threads	16	start_s	220.528387	wall_s	21.113318	setup_s	0.000034	classify_s	20.607771	close_s	0.273121	report_s	0.220236	status	0	sequences	18129553	bases	3409028279	classified	17831449	place	lpt	weight	18129553
[c100] ak2-sample	batch	0	name	0-SRR5935749	mode	parallel	s3client	sdk	rank	0	role	home	inflight	6	threads	16	start_s	220.528382	wall_s	21.610006	setup_s	0.000039	classify_s	20.923638	close_s	0.261170	report_s	0.404619	status	0	sequences	18879904	bases	3539135454	classified	18627146	place	lpt	weight	18879904
[c100] ak2-sample	batch	0	name	0-SRR5935751	mode	parallel	s3client	sdk	rank	0	role	home	inflight	6	threads	16	start_s	220.528412	wall_s	21.964243	setup_s	0.000050	classify_s	20.752905	close_s	0.719508	report_s	0.480440	status	0	sequences	18645445	bases	3449573600	classified	18393099	place	lpt	weight	18645445
[c100] ak2-sample	batch	0	name	0-SRR5935823	mode	parallel	s3client	sdk	rank	0	role	home	inflight	6	threads	16	start_s	220.528403	wall_s	23.611519	setup_s	0.000039	classify_s	22.629366	close_s	0.320434	report_s	0.652923	status	0	sequences	20770968	bases	3886695944	classified	20594735	place	lpt	weight	20770968
[c100] ak2-sample	batch	0	name	0-SRR5935827	mode	parallel	s3client	sdk	rank	0	role	home	inflight	6	threads	16	start_s	240.091882	wall_s	18.116019	setup_s	0.000074	classify_s	17.480991	close_s	0.311781	report_s	0.311291	status	0	sequences	16260968	bases	3012837135	classified	15948766	place	lpt	weight	16260968
[c100] ak2-sample	batch	0	name	0-SRR5935756	mode	parallel	s3client	sdk	rank	0	role	home	inflight	6	threads	16	start_s	240.406942	wall_s	18.092344	setup_s	0.000094	classify_s	17.585292	close_s	0.268184	report_s	0.216404	status	0	sequences	16053448	bases	2993468449	classified	15204484	place	lpt	weight	16053448
[c100] ak2-sample	batch	0	name	0-SRR5935768	mode	parallel	s3client	sdk	rank	0	role	home	inflight	6	threads	16	start_s	241.641748	wall_s	17.355349	setup_s	0.000062	classify_s	16.733664	close_s	0.301840	report_s	0.300317	status	0	sequences	15746753	bases	2888337209	classified	14105631	place	lpt	weight	15746753
[c100] ak2-sample	batch	0	name	0-SRR5935759	mode	parallel	s3client	sdk	rank	0	role	home	inflight	6	threads	16	start_s	242.138419	wall_s	17.189953	setup_s	0.000069	classify_s	16.693807	close_s	0.275602	report_s	0.202292	status	0	sequences	15312868	bases	2847175138	classified	13152387	place	lpt	weight	15312868
[c100] ak2-sample	batch	0	name	0-SRR5935772	mode	parallel	s3client	sdk	rank	0	role	home	inflight	6	threads	16	start_s	242.493234	wall_s	17.674989	setup_s	0.000090	classify_s	16.602618	close_s	0.651206	report_s	0.403757	status	0	sequences	15271512	bases	2845360298	classified	14502211	place	lpt	weight	15271512
[c100] ak2-sample	batch	0	name	0-SRR5935796	mode	parallel	s3client	sdk	rank	0	role	home	inflight	6	threads	16	start_s	244.140020	wall_s	16.487289	setup_s	0.000095	classify_s	15.644083	close_s	0.290433	report_s	0.470329	status	0	sequences	14959235	bases	2745665723	classified	13888405	place	lpt	weight	14959235
[c100] ak2-sample	batch	0	name	0-SRR5935838	mode	parallel	s3client	sdk	rank	0	role	home	inflight	6	threads	16	start_s	258.207982	wall_s	16.059995	setup_s	0.000099	classify_s	15.546693	close_s	0.257671	report_s	0.240892	status	0	sequences	14615323	bases	2691062094	classified	14358414	place	lpt	weight	14615323
[c100] ak2-sample	batch	0	name	0-SRR5935806	mode	parallel	s3client	sdk	rank	0	role	home	inflight	6	threads	16	start_s	258.499317	wall_s	16.164874	setup_s	0.000174	classify_s	15.728646	close_s	0.216505	report_s	0.208971	status	0	sequences	14472574	bases	2738529910	classified	14022498	place	lpt	weight	14472574
[c100] ak2-sample	batch	0	name	0-SRR5935753	mode	parallel	s3client	sdk	rank	0	role	home	inflight	6	threads	16	start_s	259.328411	wall_s	15.521346	setup_s	0.000078	classify_s	15.085146	close_s	0.222180	report_s	0.201312	status	0	sequences	14164085	bases	2640398097	classified	13689575	place	lpt	weight	14164085
[c100] ak2-sample	batch	0	name	0-SRR5935817	mode	parallel	s3client	sdk	rank	0	role	home	inflight	6	threads	16	start_s	258.997202	wall_s	15.899063	setup_s	0.000092	classify_s	15.469316	close_s	0.240268	report_s	0.173625	status	0	sequences	14261195	bases	2665696979	classified	13980324	place	lpt	weight	14261195
[c100] ak2-sample	batch	0	name	0-SRR5935822	mode	parallel	s3client	sdk	rank	0	role	home	inflight	6	threads	16	start_s	260.637105	wall_s	14.886136	setup_s	0.000060	classify_s	14.248873	close_s	0.281751	report_s	0.344071	status	0	sequences	13365245	bases	2460327516	classified	13192260	place	lpt	weight	13365245
[c100] ak2-sample	batch	0	name	0-SRR5935766	mode	parallel	s3client	sdk	rank	0	role	home	inflight	6	threads	16	start_s	260.168270	wall_s	16.210873	setup_s	0.000096	classify_s	15.258514	close_s	0.374450	report_s	0.463392	status	0	sequences	14120624	bases	2649393059	classified	13394795	place	lpt	weight	14120624
[c100] ak2-sample	batch	0	name	0-SRR5935774	mode	parallel	s3client	sdk	rank	0	role	home	inflight	6	threads	16	start_s	274.896303	wall_s	14.478529	setup_s	0.000079	classify_s	14.042241	close_s	0.209171	report_s	0.197003	status	0	sequences	12252617	bases	2212674525	classified	10208851	place	lpt	weight	12252617
[c100] ak2-sample	batch	0	name	0-SRR5935801	mode	parallel	s3client	sdk	rank	0	role	home	inflight	6	threads	16	start_s	274.268094	wall_s	15.546042	setup_s	0.000069	classify_s	14.908535	close_s	0.391291	report_s	0.229662	status	0	sequences	13162386	bases	2465096767	classified	12297712	place	lpt	weight	13162386
[c100] ak2-sample	batch	0	name	0-SRR5935831	mode	parallel	s3client	sdk	rank	0	role	home	inflight	6	threads	16	start_s	274.664224	wall_s	15.210845	setup_s	0.000089	classify_s	14.510698	close_s	0.527166	report_s	0.165385	status	0	sequences	12793053	bases	2357685670	classified	12609886	place	lpt	weight	12793053
[c100] ak2-sample	batch	0	name	0-SRR5935833	mode	parallel	s3client	sdk	rank	0	role	home	inflight	6	threads	16	start_s	274.849833	wall_s	15.076004	setup_s	0.000069	classify_s	14.507648	close_s	0.374430	report_s	0.171838	status	0	sequences	12711109	bases	2382418955	classified	11452616	place	lpt	weight	12711109
[c100] ak2-sample	batch	0	name	0-SRR5935748	mode	parallel	s3client	sdk	rank	0	role	home	inflight	6	threads	16	start_s	276.379170	wall_s	13.622285	setup_s	0.000065	classify_s	13.223633	close_s	0.211108	report_s	0.166638	status	0	sequences	11859598	bases	2188903487	classified	10951240	place	lpt	weight	11859598
[c100] ak2-sample	batch	0	name	0-SRR5935816	mode	parallel	s3client	sdk	rank	0	role	home	inflight	6	threads	16	start_s	275.524086	wall_s	14.575486	setup_s	0.000410	classify_s	14.073982	close_s	0.290763	report_s	0.202416	status	0	sequences	12244248	bases	2292238030	classified	11933067	place	lpt	weight	12244248
[c100] ak2-sample	batch	0	name	0-SRR5935825	mode	parallel	s3client	sdk	rank	0	role	home	inflight	6	threads	16	start_s	289.374864	wall_s	14.015625	setup_s	0.000084	classify_s	13.564659	close_s	0.244933	report_s	0.182293	status	0	sequences	11458367	bases	2115935464	classified	9654089	place	lpt	weight	11458367
[c100] ak2-sample	batch	0	name	0-SRR5935792	mode	parallel	s3client	sdk	rank	0	role	home	inflight	6	threads	16	start_s	289.814163	wall_s	13.991685	setup_s	0.000062	classify_s	13.517783	close_s	0.307888	report_s	0.157400	status	0	sequences	11437813	bases	2096182336	classified	10922134	place	lpt	weight	11437813
[c100] ak2-sample	batch	0	name	0-SRR5935819	mode	parallel	s3client	sdk	rank	0	role	home	inflight	6	threads	16	start_s	289.925864	wall_s	13.903554	setup_s	0.000062	classify_s	13.436856	close_s	0.329642	report_s	0.131051	status	0	sequences	10896278	bases	2024821947	classified	10712521	place	lpt	weight	10896278
[c100] ak2-sample	batch	0	name	0-SRR5935760	mode	parallel	s3client	sdk	rank	0	role	home	inflight	6	threads	16	start_s	290.001495	wall_s	13.842941	setup_s	0.000080	classify_s	13.322467	close_s	0.340582	report_s	0.173769	status	0	sequences	10834778	bases	1957586977	classified	10642489	place	lpt	weight	10834778
[c100] ak2-sample	batch	0	name	0-SRR5935778	mode	parallel	s3client	sdk	rank	0	role	home	inflight	6	threads	16	start_s	290.099605	wall_s	13.785389	setup_s	0.000092	classify_s	13.356819	close_s	0.244990	report_s	0.170523	status	0	sequences	10554303	bases	1946564732	classified	10062971	place	lpt	weight	10554303
[c100] ak2-sample	batch	0	name	0-SRR5935829	mode	parallel	s3client	sdk	rank	0	role	home	inflight	6	threads	16	start_s	289.875096	wall_s	14.053678	setup_s	0.000058	classify_s	13.434459	close_s	0.432446	report_s	0.173532	status	0	sequences	11220767	bases	2068350513	classified	10523542	place	lpt	weight	11220767
[c100] ak2-sample	batch	0	name	0-SRR5935837	mode	parallel	s3client	sdk	rank	0	role	home	inflight	6	threads	16	start_s	303.844462	wall_s	12.070581	setup_s	0.000074	classify_s	11.489498	close_s	0.404300	report_s	0.166175	status	0	sequences	9337913	bases	1691901005	classified	8897092	place	lpt	weight	9337913
[c100] ak2-sample	batch	0	name	0-SRR5935771	mode	parallel	s3client	sdk	rank	0	role	home	inflight	6	threads	16	start_s	303.885033	wall_s	12.408596	setup_s	0.000065	classify_s	11.885827	close_s	0.310763	report_s	0.198531	status	0	sequences	9230220	bases	1688151903	classified	8736529	place	lpt	weight	9230220
[c100] ak2-sample	batch	0	name	0-SRR5935812	mode	parallel	s3client	sdk	rank	0	role	home	inflight	6	threads	16	start_s	303.928806	wall_s	12.498022	setup_s	0.000054	classify_s	11.728659	close_s	0.628019	report_s	0.133490	status	0	sequences	9108174	bases	1698332428	classified	8923230	place	lpt	weight	9108174
[c100] ak2-sample	batch	0	name	0-SRR5935745	mode	parallel	s3client	sdk	rank	0	role	home	inflight	6	threads	16	start_s	303.390513	wall_s	13.200938	setup_s	0.000057	classify_s	12.814705	close_s	0.211152	report_s	0.163357	status	0	sequences	10492437	bases	1984140901	classified	9889429	place	lpt	weight	10492437
[c100] ak2-sample	batch	0	name	0-SRR5935811	mode	parallel	s3client	sdk	rank	0	role	home	inflight	6	threads	16	start_s	303.829443	wall_s	12.772240	setup_s	0.000061	classify_s	12.414530	close_s	0.206208	report_s	0.144823	status	0	sequences	10067025	bases	1870494351	classified	9884918	place	lpt	weight	10067025
[c100] ak2-sample	batch	0	name	0-SRR5935754	mode	parallel	s3client	sdk	rank	0	role	home	inflight	6	threads	16	start_s	303.805873	wall_s	13.292302	setup_s	0.000056	classify_s	12.474805	close_s	0.348760	report_s	0.453801	status	0	sequences	10479816	bases	1916830360	classified	9679024	place	lpt	weight	10479816
[c100] ak2-sample	batch	0	name	0-SRR5935832	mode	parallel	s3client	sdk	rank	0	role	home	inflight	6	threads	16	start_s	317.098207	wall_s	9.101010	setup_s	0.000095	classify_s	8.684833	close_s	0.221286	report_s	0.186458	status	0	sequences	6882441	bases	1244786679	classified	6619730	place	lpt	weight	6882441
[c100] ak2-sample	batch	0	name	0-SRR5935818	mode	parallel	s3client	sdk	rank	0	role	home	inflight	6	threads	16	start_s	315.915070	wall_s	10.404649	setup_s	0.000066	classify_s	10.012656	close_s	0.230670	report_s	0.148798	status	0	sequences	8877621	bases	1663945574	classified	8212460	place	lpt	weight	8877621
[c100] ak2-sample	batch	0	name	0-SRR5935815	mode	parallel	s3client	sdk	rank	0	role	home	inflight	6	threads	16	start_s	316.601839	wall_s	9.729908	setup_s	0.000099	classify_s	9.255434	close_s	0.271492	report_s	0.193864	status	0	sequences	7153468	bases	1337267943	classified	6947959	place	lpt	weight	7153468
[c100] ak2-sample	batch	0	name	0-SRR5935777	mode	parallel	s3client	sdk	rank	0	role	home	inflight	6	threads	16	start_s	316.591486	wall_s	10.333639	setup_s	0.000080	classify_s	9.733701	close_s	0.225335	report_s	0.367417	status	0	sequences	8173049	bases	1459565869	classified	7956066	place	lpt	weight	8173049
[c100] ak2-sample	batch	0	name	0-SRR5935797	mode	parallel	s3client	sdk	rank	0	role	home	inflight	6	threads	16	start_s	316.426855	wall_s	10.554758	setup_s	0.000058	classify_s	9.853624	close_s	0.233297	report_s	0.458161	status	0	sequences	8439357	bases	1550811438	classified	8138623	place	lpt	weight	8439357
[c100] ak2-sample	batch	0	name	0-SRR5935824	mode	parallel	s3client	sdk	rank	0	role	home	inflight	6	threads	16	start_s	316.293651	wall_s	11.396662	setup_s	0.000062	classify_s	10.075027	close_s	0.556127	report_s	0.755164	status	0	sequences	8745078	bases	1626833325	classified	8520266	place	lpt	weight	8745078
[c100] ak2-sample	batch	0	name	0-SRR5935776	mode	parallel	s3client	sdk	rank	0	role	home	inflight	6	threads	16	start_s	326.331766	wall_s	4.549533	setup_s	0.000064	classify_s	4.102567	close_s	0.331891	report_s	0.110547	status	0	sequences	3168882	bases	592648009	classified	3127330	place	lpt	weight	3168882
[c100] ak2-sample	batch	0	name	0-SRR5935809	mode	parallel	s3client	sdk	rank	0	role	home	inflight	6	threads	16	start_s	327.690350	wall_s	3.242002	setup_s	0.000705	classify_s	2.830775	close_s	0.242967	report_s	0.163093	status	0	sequences	1539039	bases	293657718	classified	1494119	place	lpt	weight	1539039
[c100] ak2-sample	batch	0	name	0-SRR5935783	mode	parallel	s3client	sdk	rank	0	role	home	inflight	6	threads	16	start_s	326.981642	wall_s	3.962395	setup_s	0.003326	classify_s	3.602362	close_s	0.227069	report_s	0.125732	status	0	sequences	2565282	bases	465562992	classified	2508539	place	lpt	weight	2565282
[c100] ak2-sample	batch	0	name	0-SRR5935747	mode	parallel	s3client	sdk	rank	0	role	home	inflight	6	threads	16	start_s	326.925365	wall_s	4.716790	setup_s	0.000065	classify_s	4.069582	close_s	0.265253	report_s	0.374978	status	0	sequences	3036382	bases	569204188	classified	2817388	place	lpt	weight	3036382
[c100] ak2-sample	batch	0	name	0-SRR5935743	mode	parallel	s3client	sdk	rank	0	role	home	inflight	6	threads	16	start_s	330.944065	wall_s	1.289093	setup_s	0.000064	classify_s	1.001643	close_s	0.197260	report_s	0.089324	status	0	sequences	201473	bases	36745424	classified	197603	place	lpt	weight	201473
[c100] ak2-sample	batch	0	name	0-SRR5935821	mode	parallel	s3client	sdk	rank	0	role	home	inflight	6	threads	16	start_s	330.932379	wall_s	1.391142	setup_s	0.000063	classify_s	1.029668	close_s	0.226014	report_s	0.134368	status	0	sequences	297656	bases	54176352	classified	290837	place	lpt	weight	297656
[c100] ak2-sample	batch	0	name	0-SRR5935767	mode	parallel	s3client	sdk	rank	0	role	home	inflight	6	threads	16	start_s	326.319747	wall_s	6.151525	setup_s	0.000060	classify_s	5.491674	close_s	0.474522	report_s	0.169817	status	0	sequences	5166420	bases	956191777	classified	4901709	place	lpt	weight	5166420
[c100] ak2-sample	batch	0	name	0-SRR5935835	mode	parallel	s3client	sdk	rank	0	role	home	inflight	6	threads	16	start_s	330.881343	wall_s	1.791087	setup_s	0.000055	classify_s	1.335287	close_s	0.362127	report_s	0.091144	status	0	sequences	1341509	bases	254993682	classified	1320808	place	lpt	weight	1341509
[c100] ak2-sample	batch	0	name	0-SRR5935779	mode	parallel	s3client	sdk	rank	0	role	home	inflight	6	threads	16	start_s	326.199241	wall_s	6.477792	setup_s	0.000071	classify_s	5.913309	close_s	0.194296	report_s	0.364388	status	0	sequences	5948317	bases	1093467848	classified	5682744	place	lpt	weight	5948317
[c100] ak2-timing	batch-barrier-0	332.677046	0.100296	0	0	0.005146	0.049873
[c100] ak2-sample	batch	1	name	1-SRR5935750	mode	parallel	s3client	sdk	rank	0	role	home	inflight	6	threads	16	start_s	332.777374	wall_s	9.345340	setup_s	0.000051	classify_s	8.723929	close_s	0.300091	report_s	0.305763	status	0	sequences	6552107	bases	1182796919	classified	6331866	place	mod	weight	6552107
[c100] ak2-sample	batch	1	name	1-SRR5935740	mode	parallel	s3client	sdk	rank	0	role	home	inflight	6	threads	16	start_s	332.777377	wall_s	13.159171	setup_s	0.000045	classify_s	12.615735	close_s	0.247101	report_s	0.271468	status	0	sequences	10532910	bases	1945093294	classified	9366399	place	mod	weight	10532910
[c100] ak2-sample	batch	1	name	1-SRR5935746	mode	parallel	s3client	sdk	rank	0	role	home	inflight	6	threads	16	start_s	332.777405	wall_s	13.789282	setup_s	0.000041	classify_s	13.027590	close_s	0.421099	report_s	0.329725	status	0	sequences	11012615	bases	2057953866	classified	10686469	place	mod	weight	11012615
[c100] ak2-sample	batch	1	name	1-SRR5935742	mode	parallel	s3client	sdk	rank	0	role	home	inflight	6	threads	16	start_s	332.777394	wall_s	14.862858	setup_s	0.000045	classify_s	14.298196	close_s	0.245001	report_s	0.303338	status	0	sequences	12325847	bases	2261511731	classified	11791754	place	mod	weight	12325847
[c100] ak2-sample	batch	1	name	1-SRR5935748	mode	parallel	s3client	sdk	rank	0	role	home	inflight	6	threads	16	start_s	332.777413	wall_s	15.089991	setup_s	0.000040	classify_s	14.154673	close_s	0.496234	report_s	0.395673	status	0	sequences	11859598	bases	2188903487	classified	10951240	place	mod	weight	11859598
[c100] ak2-sample	batch	1	name	1-SRR5935744	mode	parallel	s3client	sdk	rank	0	role	home	inflight	6	threads	16	start_s	332.777384	wall_s	18.452360	setup_s	0.000041	classify_s	17.761508	close_s	0.338054	report_s	0.341941	status	0	sequences	15328347	bases	2853526686	classified	14998872	place	mod	weight	15328347
[c100] ak2-sample	batch	1	name	1-SRR5935754	mode	parallel	s3client	sdk	rank	0	role	home	inflight	6	threads	16	start_s	345.936870	wall_s	11.638153	setup_s	0.000134	classify_s	11.072757	close_s	0.379888	report_s	0.166073	status	0	sequences	10479816	bases	1916830360	classified	9679024	place	mod	weight	10479816
[c100] ak2-sample	batch	1	name	1-SRR5935758	mode	parallel	s3client	sdk	rank	0	role	home	inflight	6	threads	16	start_s	347.640277	wall_s	10.017007	setup_s	0.000084	classify_s	9.546174	close_s	0.247593	report_s	0.215457	status	0	sequences	8206591	bases	1523967713	classified	7998445	place	mod	weight	8206591
[c100] ak2-sample	batch	1	name	1-SRR5935752	mode	parallel	s3client	sdk	rank	0	role	home	inflight	6	threads	16	start_s	342.122830	wall_s	16.244023	setup_s	0.000093	classify_s	15.499241	close_s	0.409979	report_s	0.329499	status	0	sequences	14298074	bases	2663280360	classified	14234512	place	mod	weight	14298074
[c100] ak2-sample	batch	1	name	1-SRR5935760	mode	parallel	s3client	sdk	rank	0	role	home	inflight	6	threads	16	start_s	347.867495	wall_s	12.469254	setup_s	0.000100	classify_s	11.676015	close_s	0.239480	report_s	0.528294	status	0	sequences	10834778	bases	1957586977	classified	10642489	place	mod	weight	10834778
[c100] ak2-sample	batch	1	name	1-SRR5935756	mode	parallel	s3client	sdk	rank	0	role	home	inflight	6	threads	16	start_s	346.579033	wall_s	18.246344	setup_s	0.000101	classify_s	17.259086	close_s	0.352507	report_s	0.617948	status	0	sequences	16053448	bases	2993468449	classified	15204484	place	mod	weight	16053448
[c100] ak2-sample	batch	1	name	1-SRR5935762	mode	parallel	s3client	sdk	rank	0	role	home	inflight	6	threads	16	start_s	351.229909	wall_s	20.401054	setup_s	0.000091	classify_s	19.795076	close_s	0.259649	report_s	0.335719	status	0	sequences	18129553	bases	3409028279	classified	17831449	place	mod	weight	18129553
[c100] ak2-sample	batch	1	name	1-SRR5935764	mode	parallel	s3client	sdk	rank	0	role	home	inflight	6	threads	16	start_s	357.575107	wall_s	14.081578	setup_s	0.000084	classify_s	13.200643	close_s	0.562462	report_s	0.306213	status	0	sequences	11689489	bases	2123440867	classified	11327502	place	mod	weight	11689489
[c100] ak2-sample	batch	1	name	1-SRR5935766	mode	parallel	s3client	sdk	rank	0	role	home	inflight	6	threads	16	start_s	357.657373	wall_s	16.399664	setup_s	0.000071	classify_s	15.712544	close_s	0.223022	report_s	0.447744	status	0	sequences	14120624	bases	2649393059	classified	13394795	place	mod	weight	14120624
[c100] ak2-sample	batch	1	name	1-SRR5935768	mode	parallel	s3client	sdk	rank	0	role	home	inflight	6	threads	16	start_s	358.367554	wall_s	17.598137	setup_s	0.000069	classify_s	17.004789	close_s	0.323601	report_s	0.238838	status	0	sequences	15746753	bases	2888337209	classified	14105631	place	mod	weight	15746753
[c100] ak2-sample	batch	1	name	1-SRR5935776	mode	parallel	s3client	sdk	rank	0	role	home	inflight	6	threads	16	start_s	371.656711	wall_s	4.497181	setup_s	0.000081	classify_s	3.900623	close_s	0.290443	report_s	0.300902	status	0	sequences	3168882	bases	592648009	classified	3127330	place	mod	weight	3168882
[c100] ak2-sample	batch	1	name	1-SRR5935770	mode	parallel	s3client	sdk	rank	0	role	home	inflight	6	threads	16	start_s	360.336787	wall_s	18.673772	setup_s	0.000116	classify_s	17.901100	close_s	0.401565	report_s	0.341569	status	0	sequences	16180463	bases	3026482353	classified	15739294	place	mod	weight	16180463
[c100] ak2-sample	batch	1	name	1-SRR5935772	mode	parallel	s3client	sdk	rank	0	role	home	inflight	6	threads	16	start_s	364.825478	wall_s	17.429753	setup_s	0.000072	classify_s	16.231870	close_s	0.857607	report_s	0.318273	status	0	sequences	15271512	bases	2845360298	classified	14502211	place	mod	weight	15271512
[c100] ak2-sample	batch	1	name	1-SRR5935774	mode	parallel	s3client	sdk	rank	0	role	home	inflight	6	threads	16	start_s	371.631044	wall_s	13.395964	setup_s	0.000074	classify_s	12.527658	close_s	0.336467	report_s	0.500123	status	0	sequences	12252617	bases	2212674525	classified	10208851	place	mod	weight	12252617
[c100] ak2-sample	batch	1	name	1-SRR5935778	mode	parallel	s3client	sdk	rank	0	role	home	inflight	6	threads	16	start_s	374.057127	wall_s	11.900483	setup_s	0.000099	classify_s	11.290028	close_s	0.216810	report_s	0.373604	status	0	sequences	10554303	bases	1946564732	classified	10062971	place	mod	weight	10554303
[c100] ak2-sample	batch	1	name	1-SRR5935782	mode	parallel	s3client	sdk	rank	0	role	home	inflight	6	threads	16	start_s	376.153999	wall_s	11.144563	setup_s	0.000091	classify_s	10.583383	close_s	0.282378	report_s	0.271394	status	0	sequences	10128070	bases	1876810820	classified	9942775	place	mod	weight	10128070
[c100] ak2-sample	batch	1	name	1-SRR5935780	mode	parallel	s3client	sdk	rank	0	role	home	inflight	6	threads	16	start_s	375.965787	wall_s	12.084197	setup_s	0.000076	classify_s	11.481459	close_s	0.235127	report_s	0.358090	status	0	sequences	10716528	bases	1994960359	classified	10376259	place	mod	weight	10716528
[c100] ak2-sample	batch	1	name	1-SRR5935786	mode	parallel	s3client	sdk	rank	0	role	home	inflight	6	threads	16	start_s	382.255363	wall_s	12.061796	setup_s	0.000107	classify_s	11.326984	close_s	0.269668	report_s	0.447917	status	0	sequences	10054299	bases	1885642952	classified	9575405	place	mod	weight	10054299
[c100] ak2-sample	batch	1	name	1-SRR5935784	mode	parallel	s3client	sdk	rank	0	role	home	inflight	6	threads	16	start_s	379.010650	wall_s	17.113690	setup_s	0.000084	classify_s	15.891568	close_s	0.783498	report_s	0.400668	status	0	sequences	14800056	bases	2772790740	classified	14536791	place	mod	weight	14800056
[c100] ak2-sample	batch	1	name	1-SRR5935790	mode	parallel	s3client	sdk	rank	0	role	home	inflight	6	threads	16	start_s	385.957683	wall_s	10.629035	setup_s	0.000095	classify_s	10.105808	close_s	0.223112	report_s	0.288886	status	0	sequences	9202475	bases	1711991411	classified	8810259	place	mod	weight	9202475
[c100] ak2-sample	batch	1	name	1-SRR5935788	mode	parallel	s3client	sdk	rank	0	role	home	inflight	6	threads	16	start_s	385.027120	wall_s	12.369682	setup_s	0.000092	classify_s	11.298528	close_s	0.630583	report_s	0.429213	status	0	sequences	11073410	bases	2024074094	classified	10832572	place	mod	weight	11073410
[c100] ak2-sample	batch	1	name	1-SRR5935792	mode	parallel	s3client	sdk	rank	0	role	home	inflight	6	threads	16	start_s	387.306550	wall_s	12.370195	setup_s	0.000120	classify_s	11.653950	close_s	0.251716	report_s	0.440000	status	0	sequences	11437813	bases	2096182336	classified	10922134	place	mod	weight	11437813
[c100] ak2-sample	batch	1	name	1-SRR5935794	mode	parallel	s3client	sdk	rank	0	role	home	inflight	6	threads	16	start_s	388.050111	wall_s	14.887221	setup_s	0.000090	classify_s	14.245010	close_s	0.283889	report_s	0.350035	status	0	sequences	13404063	bases	2484447317	classified	13071600	place	mod	weight	13404063
[c100] ak2-sample	batch	1	name	1-SRR5935796	mode	parallel	s3client	sdk	rank	0	role	home	inflight	6	threads	16	start_s	394.317251	wall_s	16.422450	setup_s	0.000090	classify_s	15.739958	close_s	0.270999	report_s	0.379410	status	0	sequences	14959235	bases	2745665723	classified	13888405	place	mod	weight	14959235
[c100] ak2-sample	batch	1	name	1-SRR5935800	mode	parallel	s3client	sdk	rank	0	role	home	inflight	6	threads	16	start_s	396.586803	wall_s	17.674309	setup_s	0.000078	classify_s	17.152260	close_s	0.262824	report_s	0.248517	status	0	sequences	15080696	bases	2770846238	classified	14478381	place	mod	weight	15080696
[c100] ak2-sample	batch	1	name	1-SRR5935804	mode	parallel	s3client	sdk	rank	0	role	home	inflight	6	threads	16	start_s	399.686685	wall_s	14.840030	setup_s	0.000101	classify_s	14.234874	close_s	0.272217	report_s	0.318195	status	0	sequences	13253368	bases	2414153428	classified	12329188	place	mod	weight	13253368
[c100] ak2-sample	batch	1	name	1-SRR5935802	mode	parallel	s3client	sdk	rank	0	role	home	inflight	6	threads	16	start_s	397.396844	wall_s	18.650173	setup_s	0.000211	classify_s	17.833420	close_s	0.413433	report_s	0.387536	status	0	sequences	16720060	bases	3103131942	classified	16427692	place	mod	weight	16720060
[c100] ak2-sample	batch	1	name	1-SRR5935798	mode	parallel	s3client	sdk	rank	0	role	home	inflight	6	threads	16	start_s	396.124566	wall_s	21.312502	setup_s	0.000069	classify_s	20.479435	close_s	0.303986	report_s	0.509830	status	0	sequences	20086542	bases	3689648337	classified	19142785	place	mod	weight	20086542
[c100] ak2-sample	batch	1	name	1-SRR5935806	mode	parallel	s3client	sdk	rank	0	role	home	inflight	6	threads	16	start_s	402.947243	wall_s	15.982349	setup_s	0.000091	classify_s	15.286310	close_s	0.252002	report_s	0.432639	status	0	sequences	14472574	bases	2738529910	classified	14022498	place	mod	weight	14472574
[c100] ak2-sample	batch	1	name	1-SRR5935814	mode	parallel	s3client	sdk	rank	0	role	home	inflight	6	threads	16	start_s	416.050087	wall_s	6.379594	setup_s	0.000144	classify_s	5.832090	close_s	0.238445	report_s	0.302782	status	0	sequences	5072545	bases	950400325	classified	4982177	place	mod	weight	5072545
[c100] ak2-sample	batch	1	name	1-SRR5935812	mode	parallel	s3client	sdk	rank	0	role	home	inflight	6	threads	16	start_s	414.536706	wall_s	10.690667	setup_s	0.000092	classify_s	9.938904	close_s	0.437517	report_s	0.305300	status	0	sequences	9108174	bases	1698332428	classified	8923230	place	mod	weight	9108174
[c100] ak2-sample	batch	1	name	1-SRR5935808	mode	parallel	s3client	sdk	rank	0	role	home	inflight	6	threads	16	start_s	410.739795	wall_s	17.219491	setup_s	0.000128	classify_s	16.653421	close_s	0.234165	report_s	0.320959	status	0	sequences	15500933	bases	2889469649	classified	14777244	place	mod	weight	15500933
[c100] ak2-sample	batch	1	name	1-SRR5935818	mode	parallel	s3client	sdk	rank	0	role	home	inflight	6	threads	16	start_s	418.929694	wall_s	10.422452	setup_s	0.000096	classify_s	9.195695	close_s	0.812074	report_s	0.395266	status	0	sequences	8877621	bases	1663945574	classified	8212460	place	mod	weight	8877621
[c100] ak2-sample	batch	1	name	1-SRR5935810	mode	parallel	s3client	sdk	rank	0	role	home	inflight	6	threads	16	start_s	414.261136	wall_s	16.578073	setup_s	0.000082	classify_s	15.904430	close_s	0.247109	report_s	0.392637	status	0	sequences	15280552	bases	2858109884	classified	13785544	place	mod	weight	15280552
[c100] ak2-sample	batch	1	name	1-SRR5935816	mode	parallel	s3client	sdk	rank	0	role	home	inflight	6	threads	16	start_s	417.438120	wall_s	13.941987	setup_s	0.000090	classify_s	13.367100	close_s	0.223721	report_s	0.340034	status	0	sequences	12244248	bases	2292238030	classified	11933067	place	mod	weight	12244248
[c100] ak2-sample	batch	1	name	1-SRR5935820	mode	parallel	s3client	sdk	rank	0	role	home	inflight	6	threads	16	start_s	422.434743	wall_s	13.032206	setup_s	0.000077	classify_s	12.356616	close_s	0.258785	report_s	0.396828	status	0	sequences	12062510	bases	2207297835	classified	10926608	place	mod	weight	12062510
[c100] ak2-sample	batch	1	name	1-SRR5935824	mode	parallel	s3client	sdk	rank	0	role	home	inflight	6	threads	16	start_s	427.959369	wall_s	9.337352	setup_s	0.000083	classify_s	8.448913	close_s	0.325463	report_s	0.542308	status	0	sequences	8745078	bases	1626833325	classified	8520266	place	mod	weight	8745078
[c100] ak2-sample	batch	1	name	1-SRR5935822	mode	parallel	s3client	sdk	rank	0	role	home	inflight	6	threads	16	start_s	425.227487	wall_s	13.356321	setup_s	0.000081	classify_s	12.876051	close_s	0.320172	report_s	0.151184	status	0	sequences	13365245	bases	2460327516	classified	13192260	place	mod	weight	13365245
[c100] ak2-sample	batch	1	name	1-SRR5935826	mode	parallel	s3client	sdk	rank	0	role	home	inflight	6	threads	16	start_s	429.352264	wall_s	9.240906	setup_s	0.000082	classify_s	8.404282	close_s	0.396615	report_s	0.425710	status	0	sequences	8766123	bases	1609927653	classified	8639469	place	mod	weight	8766123
[c100] ak2-sample	batch	1	name	1-SRR5935828	mode	parallel	s3client	sdk	rank	0	role	home	inflight	6	threads	16	start_s	430.839238	wall_s	7.922784	setup_s	0.000114	classify_s	7.489472	close_s	0.204431	report_s	0.220418	status	0	sequences	8326050	bases	1540092338	classified	8094378	place	mod	weight	8326050
[c100] ak2-sample	batch	1	name	1-SRR5935832	mode	parallel	s3client	sdk	rank	0	role	home	inflight	6	threads	16	start_s	435.467026	wall_s	5.886557	setup_s	0.000084	classify_s	5.351317	close_s	0.253811	report_s	0.266503	status	0	sequences	6882441	bases	1244786679	classified	6619730	place	mod	weight	6882441
[c100] ak2-sample	batch	1	name	1-SRR5935830	mode	parallel	s3client	sdk	rank	0	role	home	inflight	6	threads	16	start_s	431.380191	wall_s	12.087697	setup_s	0.000274	classify_s	11.616895	close_s	0.277070	report_s	0.184931	status	0	sequences	14303962	bases	2635979010	classified	14029845	place	mod	weight	14303962
[c100] ak2-sample	batch	1	name	1-SRR5935836	mode	parallel	s3client	sdk	rank	0	role	home	inflight	6	threads	16	start_s	438.583828	wall_s	5.412981	setup_s	0.000069	classify_s	4.962564	close_s	0.309492	report_s	0.133438	status	0	sequences	7326365	bases	1333066620	classified	6965607	place	mod	weight	7326365
[c100] ak2-sample	batch	1	name	1-SRR5935834	mode	parallel	s3client	sdk	rank	0	role	home	inflight	6	threads	16	start_s	437.296748	wall_s	8.775557	setup_s	0.000080	classify_s	8.289781	close_s	0.316067	report_s	0.160259	status	0	sequences	12610038	bases	2321592529	classified	12099380	place	mod	weight	12610038
[c100] ak2-sample	batch	1	name	1-SRR5935838	mode	parallel	s3client	sdk	rank	0	role	home	inflight	6	threads	16	start_s	438.593225	wall_s	9.496528	setup_s	0.000064	classify_s	9.111287	close_s	0.218014	report_s	0.160046	status	0	sequences	14615323	bases	2691062094	classified	14358414	place	mod	weight	14615323
[c100] ak2-timing	batch-barrier-1	448.089770	0.090320	0	0	0.004663	0.000288
[c100] ak2-sample	batch	2	name	2-SRR5935807	mode	parallel	s3client	sdk	rank	0	role	home	inflight	6	threads	16	start_s	448.180162	wall_s	20.114044	setup_s	0.000048	classify_s	19.472766	close_s	0.307867	report_s	0.307468	status	0	sequences	16708997	bases	3043023590	classified	15000245	place	lpt	weight	16708997
[c100] ak2-sample	batch	2	name	2-SRR5935787	mode	parallel	s3client	sdk	rank	0	role	home	inflight	6	threads	16	start_s	448.180135	wall_s	20.161602	setup_s	0.000043	classify_s	19.579432	close_s	0.302321	report_s	0.270181	status	0	sequences	16351397	bases	3065557655	classified	16166849	place	lpt	weight	16351397
[c100] ak2-sample	batch	2	name	2-SRR5935762	mode	parallel	s3client	sdk	rank	0	role	home	inflight	6	threads	16	start_s	448.180145	wall_s	21.135677	setup_s	0.000037	classify_s	20.529675	close_s	0.263331	report_s	0.328972	status	0	sequences	18129553	bases	3409028279	classified	17831449	place	lpt	weight	18129553
[c100] ak2-sample	batch	2	name	2-SRR5935751	mode	parallel	s3client	sdk	rank	0	role	home	inflight	6	threads	16	start_s	448.180153	wall_s	21.683723	setup_s	0.000043	classify_s	20.690389	close_s	0.710554	report_s	0.269985	status	0	sequences	18645445	bases	3449573600	classified	18393099	place	lpt	weight	18645445
[c100] ak2-sample	batch	2	name	2-SRR5935749	mode	parallel	s3client	sdk	rank	0	role	home	inflight	6	threads	16	start_s	448.180137	wall_s	22.371035	setup_s	0.000041	classify_s	21.699554	close_s	0.341040	report_s	0.320329	status	0	sequences	18879904	bases	3539135454	classified	18627146	place	lpt	weight	18879904
[c100] ak2-sample	batch	2	name	2-SRR5935823	mode	parallel	s3client	sdk	rank	0	role	home	inflight	6	threads	16	start_s	448.180172	wall_s	23.946689	setup_s	0.000048	classify_s	23.283102	close_s	0.340537	report_s	0.287746	status	0	sequences	20770968	bases	3886695944	classified	20594735	place	lpt	weight	20770968
[c100] ak2-sample	batch	2	name	2-SRR5935756	mode	parallel	s3client	sdk	rank	0	role	home	inflight	6	threads	16	start_s	468.341817	wall_s	18.243217	setup_s	0.000092	classify_s	17.804733	close_s	0.239034	report_s	0.183910	status	0	sequences	16053448	bases	2993468449	classified	15204484	place	lpt	weight	16053448
[c100] ak2-sample	batch	2	name	2-SRR5935827	mode	parallel	s3client	sdk	rank	0	role	home	inflight	6	threads	16	start_s	468.294309	wall_s	18.339175	setup_s	0.000098	classify_s	17.944782	close_s	0.232563	report_s	0.152118	status	0	sequences	16260968	bases	3012837135	classified	15948766	place	lpt	weight	16260968
[c100] ak2-sample	batch	2	name	2-SRR5935759	mode	parallel	s3client	sdk	rank	0	role	home	inflight	6	threads	16	start_s	469.863978	wall_s	17.362993	setup_s	0.000095	classify_s	16.765473	close_s	0.274502	report_s	0.302769	status	0	sequences	15312868	bases	2847175138	classified	13152387	place	lpt	weight	15312868
[c100] ak2-sample	batch	2	name	2-SRR5935768	mode	parallel	s3client	sdk	rank	0	role	home	inflight	6	threads	16	start_s	469.315902	wall_s	17.916446	setup_s	0.000085	classify_s	17.289212	close_s	0.235249	report_s	0.372334	status	0	sequences	15746753	bases	2888337209	classified	14105631	place	lpt	weight	15746753
[c100] ak2-sample	batch	2	name	2-SRR5935772	mode	parallel	s3client	sdk	rank	0	role	home	inflight	6	threads	16	start_s	470.551289	wall_s	17.465733	setup_s	0.000090	classify_s	16.359851	close_s	0.601319	report_s	0.480034	status	0	sequences	15271512	bases	2845360298	classified	14502211	place	lpt	weight	15271512
[c100] ak2-sample	batch	2	name	2-SRR5935796	mode	parallel	s3client	sdk	rank	0	role	home	inflight	6	threads	16	start_s	472.126898	wall_s	15.981104	setup_s	0.000087	classify_s	15.248264	close_s	0.260136	report_s	0.449851	status	0	sequences	14959235	bases	2745665723	classified	13888405	place	lpt	weight	14959235
[c100] ak2-sample	batch	2	name	2-SRR5935806	mode	parallel	s3client	sdk	rank	0	role	home	inflight	6	threads	16	start_s	486.633524	wall_s	16.526223	setup_s	0.000082	classify_s	16.002156	close_s	0.318913	report_s	0.195084	status	0	sequences	14472574	bases	2738529910	classified	14022498	place	lpt	weight	14472574
[c100] ak2-sample	batch	2	name	2-SRR5935817	mode	parallel	s3client	sdk	rank	0	role	home	inflight	6	threads	16	start_s	487.227005	wall_s	16.026768	setup_s	0.000137	classify_s	15.542141	close_s	0.243396	report_s	0.230928	status	0	sequences	14261195	bases	2665696979	classified	13980324	place	lpt	weight	14261195
[c100] ak2-sample	batch	2	name	2-SRR5935753	mode	parallel	s3client	sdk	rank	0	role	home	inflight	6	threads	16	start_s	487.232418	wall_s	16.151614	setup_s	0.000087	classify_s	15.670803	close_s	0.244200	report_s	0.225288	status	0	sequences	14164085	bases	2640398097	classified	13689575	place	lpt	weight	14164085
[c100] ak2-sample	batch	2	name	2-SRR5935838	mode	parallel	s3client	sdk	rank	0	role	home	inflight	6	threads	16	start_s	486.585065	wall_s	16.919113	setup_s	0.000065	classify_s	16.094475	close_s	0.663804	report_s	0.151595	status	0	sequences	14615323	bases	2691062094	classified	14358414	place	lpt	weight	14615323
[c100] ak2-sample	batch	2	name	2-SRR5935822	mode	parallel	s3client	sdk	rank	0	role	home	inflight	6	threads	16	start_s	488.108056	wall_s	15.516086	setup_s	0.000097	classify_s	15.019458	close_s	0.296590	report_s	0.192246	status	0	sequences	13365245	bases	2460327516	classified	13192260	place	lpt	weight	13365245
[c100] ak2-sample	batch	2	name	2-SRR5935766	mode	parallel	s3client	sdk	rank	0	role	home	inflight	6	threads	16	start_s	488.017143	wall_s	16.186017	setup_s	0.000096	classify_s	15.351581	close_s	0.286093	report_s	0.536889	status	0	sequences	14120624	bases	2649393059	classified	13394795	place	lpt	weight	14120624
[c100] ak2-sample	batch	2	name	2-SRR5935831	mode	parallel	s3client	sdk	rank	0	role	home	inflight	6	threads	16	start_s	503.253795	wall_s	15.382832	setup_s	0.000056	classify_s	14.946865	close_s	0.237027	report_s	0.191531	status	0	sequences	12793053	bases	2357685670	classified	12609886	place	lpt	weight	12793053
[c100] ak2-sample	batch	2	name	2-SRR5935748	mode	parallel	s3client	sdk	rank	0	role	home	inflight	6	threads	16	start_s	504.203371	wall_s	14.758156	setup_s	0.004862	classify_s	14.365210	close_s	0.189973	report_s	0.180028	status	0	sequences	11859598	bases	2188903487	classified	10951240	place	lpt	weight	11859598
[c100] ak2-sample	batch	2	name	2-SRR5935774	mode	parallel	s3client	sdk	rank	0	role	home	inflight	6	threads	16	start_s	503.504231	wall_s	15.509270	setup_s	0.000091	classify_s	14.896612	close_s	0.396641	report_s	0.192790	status	0	sequences	12252617	bases	2212674525	classified	10208851	place	lpt	weight	12252617
[c100] ak2-sample	batch	2	name	2-SRR5935801	mode	parallel	s3client	sdk	rank	0	role	home	inflight	6	threads	16	start_s	503.159771	wall_s	15.908674	setup_s	0.000060	classify_s	15.433469	close_s	0.226356	report_s	0.228163	status	0	sequences	13162386	bases	2465096767	classified	12297712	place	lpt	weight	13162386
[c100] ak2-sample	batch	2	name	2-SRR5935833	mode	parallel	s3client	sdk	rank	0	role	home	inflight	6	threads	16	start_s	503.384058	wall_s	15.750011	setup_s	0.000055	classify_s	15.252632	close_s	0.246571	report_s	0.231844	status	0	sequences	12711109	bases	2382418955	classified	11452616	place	lpt	weight	12711109
[c100] ak2-sample	batch	2	name	2-SRR5935816	mode	parallel	s3client	sdk	rank	0	role	home	inflight	6	threads	16	start_s	503.624236	wall_s	15.789336	setup_s	0.000073	classify_s	15.152405	close_s	0.312462	report_s	0.316685	status	0	sequences	12244248	bases	2292238030	classified	11933067	place	lpt	weight	12244248
[c100] ak2-sample	batch	2	name	2-SRR5935760	mode	parallel	s3client	sdk	rank	0	role	home	inflight	6	threads	16	start_s	519.134279	wall_s	13.352893	setup_s	0.000110	classify_s	12.991918	close_s	0.218260	report_s	0.135664	status	0	sequences	10834778	bases	1957586977	classified	10642489	place	lpt	weight	10834778
[c100] ak2-sample	batch	2	name	2-SRR5935825	mode	parallel	s3client	sdk	rank	0	role	home	inflight	6	threads	16	start_s	518.636657	wall_s	13.918578	setup_s	0.000069	classify_s	13.364302	close_s	0.223185	report_s	0.304747	status	0	sequences	11458367	bases	2115935464	classified	9654089	place	lpt	weight	11458367
[c100] ak2-sample	batch	2	name	2-SRR5935819	mode	parallel	s3client	sdk	rank	0	role	home	inflight	6	threads	16	start_s	519.068471	wall_s	13.543617	setup_s	0.000052	classify_s	13.097683	close_s	0.286251	report_s	0.152840	status	0	sequences	10896278	bases	2024821947	classified	10712521	place	lpt	weight	10896278
[c100] ak2-sample	batch	2	name	2-SRR5935792	mode	parallel	s3client	sdk	rank	0	role	home	inflight	6	threads	16	start_s	518.961561	wall_s	13.722745	setup_s	0.000066	classify_s	13.290224	close_s	0.283673	report_s	0.139380	status	0	sequences	11437813	bases	2096182336	classified	10922134	place	lpt	weight	11437813
[c100] ak2-sample	batch	2	name	2-SRR5935829	mode	parallel	s3client	sdk	rank	0	role	home	inflight	6	threads	16	start_s	519.013528	wall_s	13.779177	setup_s	0.000052	classify_s	13.293051	close_s	0.245417	report_s	0.226260	status	0	sequences	11220767	bases	2068350513	classified	10523542	place	lpt	weight	11220767
[c100] ak2-sample	batch	2	name	2-SRR5935778	mode	parallel	s3client	sdk	rank	0	role	home	inflight	6	threads	16	start_s	519.413641	wall_s	13.658509	setup_s	0.000619	classify_s	13.037888	close_s	0.286842	report_s	0.321022	status	0	sequences	10554303	bases	1946564732	classified	10062971	place	lpt	weight	10554303
[c100] ak2-sample	batch	2	name	2-SRR5935837	mode	parallel	s3client	sdk	rank	0	role	home	inflight	6	threads	16	start_s	532.684333	wall_s	11.898707	setup_s	0.000065	classify_s	11.388480	close_s	0.231685	report_s	0.266911	status	0	sequences	9337913	bases	1691901005	classified	8897092	place	lpt	weight	9337913
[c100] ak2-sample	batch	2	name	2-SRR5935771	mode	parallel	s3client	sdk	rank	0	role	home	inflight	6	threads	16	start_s	532.792779	wall_s	11.792236	setup_s	0.000098	classify_s	11.364867	close_s	0.245481	report_s	0.168411	status	0	sequences	9230220	bases	1688151903	classified	8736529	place	lpt	weight	9230220
[c100] ak2-sample	batch	2	name	2-SRR5935754	mode	parallel	s3client	sdk	rank	0	role	home	inflight	6	threads	16	start_s	532.555257	wall_s	12.430359	setup_s	0.000057	classify_s	11.964818	close_s	0.236230	report_s	0.211975	status	0	sequences	10479816	bases	1916830360	classified	9679024	place	lpt	weight	10479816
[c100] ak2-sample	batch	2	name	2-SRR5935811	mode	parallel	s3client	sdk	rank	0	role	home	inflight	6	threads	16	start_s	532.612112	wall_s	12.547428	setup_s	0.000053	classify_s	12.019705	close_s	0.371306	report_s	0.148918	status	0	sequences	10067025	bases	1870494351	classified	9884918	place	lpt	weight	10067025
[c100] ak2-sample	batch	2	name	2-SRR5935812	mode	parallel	s3client	sdk	rank	0	role	home	inflight	6	threads	16	start_s	533.072195	wall_s	12.124548	setup_s	0.000096	classify_s	11.360422	close_s	0.532814	report_s	0.222885	status	0	sequences	9108174	bases	1698332428	classified	8923230	place	lpt	weight	9108174
[c100] ak2-sample	batch	2	name	2-SRR5935745	mode	parallel	s3client	sdk	rank	0	role	home	inflight	6	threads	16	start_s	532.487194	wall_s	13.202164	setup_s	0.000076	classify_s	12.489494	close_s	0.295576	report_s	0.390531	status	0	sequences	10492437	bases	1984140901	classified	9889429	place	lpt	weight	10492437
[c100] ak2-sample	batch	2	name	2-SRR5935832	mode	parallel	s3client	sdk	rank	0	role	home	inflight	6	threads	16	start_s	545.689454	wall_s	9.412901	setup_s	0.000111	classify_s	9.031791	close_s	0.205214	report_s	0.167497	status	0	sequences	6882441	bases	1244786679	classified	6619730	place	lpt	weight	6882441
[c100] ak2-sample	batch	2	name	2-SRR5935824	mode	parallel	s3client	sdk	rank	0	role	home	inflight	6	threads	16	start_s	544.585047	wall_s	10.695311	setup_s	0.000052	classify_s	10.185955	close_s	0.319068	report_s	0.178174	status	0	sequences	8745078	bases	1626833325	classified	8520266	place	lpt	weight	8745078
[c100] ak2-sample	batch	2	name	2-SRR5935818	mode	parallel	s3client	sdk	rank	0	role	home	inflight	6	threads	16	start_s	544.583072	wall_s	10.793632	setup_s	0.000064	classify_s	10.411797	close_s	0.189583	report_s	0.179169	status	0	sequences	8877621	bases	1663945574	classified	8212460	place	lpt	weight	8877621
[c100] ak2-sample	batch	2	name	2-SRR5935777	mode	parallel	s3client	sdk	rank	0	role	home	inflight	6	threads	16	start_s	545.159577	wall_s	10.374508	setup_s	0.001356	classify_s	9.978139	close_s	0.249710	report_s	0.138578	status	0	sequences	8173049	bases	1459565869	classified	7956066	place	lpt	weight	8173049
[c100] ak2-sample	batch	2	name	2-SRR5935815	mode	parallel	s3client	sdk	rank	0	role	home	inflight	6	threads	16	start_s	545.196826	wall_s	10.337666	setup_s	0.000083	classify_s	9.666536	close_s	0.449684	report_s	0.212699	status	0	sequences	7153468	bases	1337267943	classified	6947959	place	lpt	weight	7153468
[c100] ak2-sample	batch	2	name	2-SRR5935797	mode	parallel	s3client	sdk	rank	0	role	home	inflight	6	threads	16	start_s	544.985660	wall_s	10.852310	setup_s	0.000100	classify_s	10.164218	close_s	0.334884	report_s	0.343771	status	0	sequences	8439357	bases	1550811438	classified	8138623	place	lpt	weight	8439357
[c100] ak2-sample	batch	2	name	2-SRR5935809	mode	parallel	s3client	sdk	rank	0	role	home	inflight	6	threads	16	start_s	555.838021	wall_s	4.216910	setup_s	0.000125	classify_s	3.755225	close_s	0.340016	report_s	0.116278	status	0	sequences	1539039	bases	293657718	classified	1494119	place	lpt	weight	1539039
[c100] ak2-sample	batch	2	name	2-SRR5935783	mode	parallel	s3client	sdk	rank	0	role	home	inflight	6	threads	16	start_s	555.534539	wall_s	4.958774	setup_s	0.000071	classify_s	4.581878	close_s	0.187577	report_s	0.184957	status	0	sequences	2565282	bases	465562992	classified	2508539	place	lpt	weight	2565282
[c100] ak2-sample	batch	2	name	2-SRR5935776	mode	parallel	s3client	sdk	rank	0	role	home	inflight	6	threads	16	start_s	555.376722	wall_s	5.484579	setup_s	0.000061	classify_s	4.958139	close_s	0.245173	report_s	0.273629	status	0	sequences	3168882	bases	592648009	classified	3127330	place	lpt	weight	3168882
[c100] ak2-sample	batch	2	name	2-SRR5935747	mode	parallel	s3client	sdk	rank	0	role	home	inflight	6	threads	16	start_s	555.534116	wall_s	5.547547	setup_s	0.000088	classify_s	4.860308	close_s	0.443001	report_s	0.233383	status	0	sequences	3036382	bases	569204188	classified	2817388	place	lpt	weight	3036382
[c100] ak2-sample	batch	2	name	2-SRR5935821	mode	parallel	s3client	sdk	rank	0	role	home	inflight	6	threads	16	start_s	560.493451	wall_s	1.115376	setup_s	0.000079	classify_s	0.751012	close_s	0.248526	report_s	0.114533	status	0	sequences	297656	bases	54176352	classified	290837	place	lpt	weight	297656
[c100] ak2-sample	batch	2	name	2-SRR5935835	mode	parallel	s3client	sdk	rank	0	role	home	inflight	6	threads	16	start_s	560.055036	wall_s	1.565283	setup_s	0.000068	classify_s	1.214673	close_s	0.225773	report_s	0.121762	status	0	sequences	1341509	bases	254993682	classified	1320808	place	lpt	weight	1341509
[c100] ak2-sample	batch	2	name	2-SRR5935767	mode	parallel	s3client	sdk	rank	0	role	home	inflight	6	threads	16	start_s	555.280387	wall_s	6.428373	setup_s	0.000066	classify_s	6.091930	close_s	0.198680	report_s	0.130528	status	0	sequences	5166420	bases	956191777	classified	4901709	place	lpt	weight	5166420
[c100] ak2-sample	batch	2	name	2-SRR5935743	mode	parallel	s3client	sdk	rank	0	role	home	inflight	6	threads	16	start_s	560.861400	wall_s	0.927482	setup_s	0.000078	classify_s	0.566080	close_s	0.253089	report_s	0.107429	status	0	sequences	201473	bases	36745424	classified	197603	place	lpt	weight	201473
[c100] ak2-sample	batch	2	name	2-SRR5935779	mode	parallel	s3client	sdk	rank	0	role	home	inflight	6	threads	16	start_s	555.102378	wall_s	6.857843	setup_s	0.000060	classify_s	6.431901	close_s	0.227467	report_s	0.192507	status	0	sequences	5948317	bases	1093467848	classified	5682744	place	lpt	weight	5948317
[c100] ak2-timing	batch-barrier-2	561.960246	1.722953	2	0	0.795513	0.031276
[c100] ak2-timing	barrier	570.331465	0.000912	0	0	0.000855	0.000045
[c100] ak2-sample	batch	3	name	3-SRR5935740	mode	striped	s3client	sdk	rank	0	role	emitter	inflight	1	threads	16	start_s	564.019829	wall_s	6.909089	setup_s	0.000037	classify_s	6.300815	close_s	0.291184	report_s	0.305269	status	0	sequences	10532910	bases	1945093294	classified	9366399	place	-	weight	-
[c100] ak2-timing	batch-barrier-3	570.928930	0.080073	0	0	0.003849	0.000199
[c100] ak2-timing	barrier	577.143097	0.000867	0	0	0.000812	0.000042
[c100] ak2-sample	batch	4	name	4-SRR5935740	mode	striped	s3client	sdk	rank	0	role	emitter	inflight	1	threads	16	start_s	571.317719	wall_s	6.289587	setup_s	0.000037	classify_s	5.814670	close_s	0.328104	report_s	0.135166	status	0	sequences	10532910	bases	1945093294	classified	9366399	place	-	weight	-
[c100] ak2-timing	batch-barrier-4	577.607318	0.118837	0	0	0.002269	0.000118
[c100] ak2-timing	barrier	583.986444	0.000936	0	0	0.001224	0.000000
[c100] ak2-sample	batch	5	name	5-SRR5935740	mode	striped	s3client	sdk	rank	0	role	emitter	inflight	1	threads	16	start_s	578.198654	wall_s	6.425200	setup_s	0.000041	classify_s	5.777004	close_s	0.466227	report_s	0.170169	status	0	sequences	10532910	bases	1945093294	classified	9366399	place	-	weight	-
[c100] ak2-timing	batch-barrier-5	584.623867	0.088913	0	0	0.002509	0.000000
[c100] ak2-sample	batch	6	name	6-SRR5935740	mode	parallel	s3client	sdk	rank	0	role	home	inflight	6	threads	16	start_s	584.712797	wall_s	6.571135	setup_s	0.000038	classify_s	5.796228	close_s	0.380856	report_s	0.378737	status	0	sequences	10532910	bases	1945093294	classified	9366399	place	lpt	weight	10532910
[c100] ak2-timing	batch-barrier-6	591.283949	0.084189	0	0	0.002584	0.000133
[c100] ak2-sample	batch	7	name	7-SRR5935740	mode	parallel	s3client	sdk	rank	0	role	home	inflight	6	threads	16	start_s	591.368161	wall_s	6.293067	setup_s	0.000043	classify_s	5.805164	close_s	0.308799	report_s	0.163743	status	0	sequences	10532910	bases	1945093294	classified	9366399	place	lpt	weight	10532910
[c100] ak2-timing	batch-barrier-7	597.661251	0.094406	0	0	0.002602	0.000134
[c100] ak2-sample	batch	8	name	8-SRR5935740	mode	parallel	s3client	sdk	rank	0	role	home	inflight	6	threads	16	start_s	597.755679	wall_s	6.164757	setup_s	0.000054	classify_s	5.778744	close_s	0.223900	report_s	0.147146	status	0	sequences	10532910	bases	1945093294	classified	9366399	place	lpt	weight	10532910
[c100] ak2-timing	batch-barrier-8	603.920457	0.101337	0	0	0.002587	0.000133
[c100] ak2-engine	shard	0	n	2	lo	0	hi	148636458971	tail	302	full	false	empty_at	148636458983	keys	67818849837	batches	89910	probe_s	2753.545771	tail_probes	0	wrap_probes	0
[c100] ak2-engine	rendezvous	puts	13	gets	36
[c100] ak2-engine	s3	client	sdk	put	171	get	36	create_multipart	158	upload_part	18684	complete_multipart	158	abort_multipart	0	part_bytes	156112418229
[c100] ak2-engine	s3	client	cli	put	0	get	0	create_multipart	0	upload_part	0	complete_multipart	0	abort_multipart	0	part_bytes	0
[c100] ak2-engine	load	seconds	218.723362	requests	8878	retries	0	bytes	594545902692
[c100] ak2-engine	route	transport	nodes	calls	46517	keys	70159473393	batches	93034	route_s	836.180417	wait_s	4969.044816	gather_s	190.594093
[c100] ak2-engine	worker	scan_s	7772.745854	lookup_s	5995.881590	classify_s	5863.974479
[c100] ak2-timing	total	0.000001	605.124846	64261609	0	14682.887652	755.328095
ak2: [2026-10-08T04:41:11Z] inv c100 rank 0 exit 0
[c100 stderr] Loading database information...ak2-timing	opts	0.003023	0.000017	0	0	0.000018	0.000000
[c100 stderr]  done.
ak2: [2026-10-08T04:41:12Z] pushed out/rank0/eng-c100.stderr
ak2: [2026-10-08T04:41:12Z] rank 0 done (rc=0)
spawn: [2026-10-08T04:41:13Z] command exit rc=0
