Loading database information...ak2-timing	opts	0.003162	0.000017	0	0	0.000016	0.000000
ak2-timing	taxo	0.003186	0.116559	87846	0	0.034162	0.085353
ak2-engine	mem	t_s	15.0	rss_kib	40345568	hwm_kib	40345576	heap_inuse	405307392	sys	444057976	avail_kib	54624036
ak2-engine	mem	t_s	30.0	rss_kib	72909316	hwm_kib	72909316	heap_inuse	406568960	sys	444057976	avail_kib	22114488
ak2-timing	shard-load-0	0.192180	32.070848	42456	0	35.813868	31.018492
ak2-engine	mem	t_s	45.0	rss_kib	72978236	hwm_kib	72978244	heap_inuse	410591232	sys	444057976	avail_kib	22282532
ak2-timing	rendezvous	32.723955	26.523407	961	0	0.021058	0.018260
ak2-timing	connect	59.247378	0.025615	13	0	0.000667	0.000579
ak2-timing	hash	0.119780	59.153228	45205	0	35.849873	31.038426
 done.
ak2-engine	mem	t_s	60.0	rss_kib	76507692	hwm_kib	76507736	heap_inuse	3994394624	sys	4132486616	avail_kib	18760964
20770968 sequences (3886.70 Mbp) processed in 11.539s (108004.7 Kseq/m, 20210.00 Mbp/m).
  20594735 sequences classified (99.15%)
  176233 sequences unclassified (0.85%)
ak2-sample	batch	0	name	0-SRR5935823	mode	parallel	s3client	sdk	rank	0	role	home	inflight	1	threads	16	start_s	59.273039	wall_s	11.974143	setup_s	0.000045	classify_s	11.538928	close_s	0.250515	report_s	0.178973	status	0	sequences	20770968	bases	3886695944	classified	20594735	place	lpt	weight	20770968
ak2-engine	mem	t_s	75.0	rss_kib	79208060	hwm_kib	79518444	heap_inuse	3486375936	sys	7173628200	avail_kib	16017220
14164085 sequences (2640.40 Mbp) processed in 7.759s (109528.2 Kseq/m, 20417.70 Mbp/m).
  13689575 sequences classified (96.65%)
  474510 sequences unclassified (3.35%)
ak2-sample	batch	0	name	0-SRR5935753	mode	parallel	s3client	sdk	rank	0	role	home	inflight	1	threads	16	start_s	71.247207	wall_s	8.380528	setup_s	0.000054	classify_s	7.759143	close_s	0.431206	report_s	0.180842	status	0	sequences	14164085	bases	2640398097	classified	13689575	place	lpt	weight	14164085
11859598 sequences (2188.90 Mbp) processed in 6.647s (107056.9 Kseq/m, 19759.29 Mbp/m).
  10951240 sequences classified (92.34%)
  908358 sequences unclassified (7.66%)
ak2-sample	batch	0	name	0-SRR5935748	mode	parallel	s3client	sdk	rank	0	role	home	inflight	1	threads	16	start_s	79.627765	wall_s	7.149569	setup_s	0.000048	classify_s	6.646707	close_s	0.228718	report_s	0.260234	status	0	sequences	11859598	bases	2188903487	classified	10951240	place	lpt	weight	11859598
ak2-engine	mem	t_s	90.0	rss_kib	78460120	hwm_kib	79518444	heap_inuse	4597506048	sys	7173628200	avail_kib	15838960
10140194 sequences (1929.10 Mbp) processed in 5.887s (103340.6 Kseq/m, 19659.83 Mbp/m).
  10096895 sequences classified (99.57%)
  43299 sequences unclassified (0.43%)
ak2-sample	batch	0	name	0-SRR5935791	mode	parallel	s3client	sdk	rank	0	role	home	inflight	1	threads	16	start_s	86.777355	wall_s	6.241249	setup_s	0.000051	classify_s	5.887442	close_s	0.252577	report_s	0.097207	status	0	sequences	10140194	bases	1929101997	classified	10096895	place	lpt	weight	10140194
8206591 sequences (1523.97 Mbp) processed in 4.658s (105708.3 Kseq/m, 19630.08 Mbp/m).
  7998445 sequences classified (97.46%)
  208146 sequences unclassified (2.54%)
ak2-sample	batch	0	name	0-SRR5935758	mode	parallel	s3client	sdk	rank	0	role	home	inflight	1	threads	16	start_s	93.018626	wall_s	5.026748	setup_s	0.000061	classify_s	4.658059	close_s	0.224408	report_s	0.138699	status	0	sequences	8206591	bases	1523967713	classified	7998445	place	lpt	weight	8206591
5948317 sequences (1093.47 Mbp) processed in 3.464s (103019.0 Kseq/m, 18937.78 Mbp/m).
  5682744 sequences classified (95.54%)
  265573 sequences unclassified (4.46%)
ak2-sample	batch	0	name	0-SRR5935779	mode	parallel	s3client	sdk	rank	0	role	home	inflight	1	threads	16	start_s	98.045388	wall_s	3.934116	setup_s	0.000046	classify_s	3.464402	close_s	0.338451	report_s	0.126050	status	0	sequences	5948317	bases	1093467848	classified	5682744	place	lpt	weight	5948317
ak2-timing	batch-barrier-0	101.979520	0.890177	1	0	0.027359	0.000706
ak2-engine	mem	t_s	105.0	rss_kib	78723984	hwm_kib	79518444	heap_inuse	4974362624	sys	7175397672	avail_kib	16053280
10532910 sequences (1945.09 Mbp) processed in 5.784s (109270.6 Kseq/m, 20178.80 Mbp/m).
  9366399 sequences classified (88.93%)
  1166511 sequences unclassified (11.07%)
ak2-sample	batch	1	name	1-SRR5935740	mode	parallel	s3client	sdk	rank	0	role	home	inflight	1	threads	16	start_s	102.869723	wall_s	6.163371	setup_s	0.000046	classify_s	5.783576	close_s	0.201409	report_s	0.162485	status	0	sequences	10532910	bases	1945093294	classified	9366399	place	mod	weight	10532910
16053448 sequences (2993.47 Mbp) processed in 9.065s (106249.8 Kseq/m, 19812.28 Mbp/m).
  15204484 sequences classified (94.71%)
  848964 sequences unclassified (5.29%)
ak2-sample	batch	1	name	1-SRR5935756	mode	parallel	s3client	sdk	rank	0	role	home	inflight	1	threads	16	start_s	109.033117	wall_s	9.515799	setup_s	0.000051	classify_s	9.065493	close_s	0.276510	report_s	0.161442	status	0	sequences	16053448	bases	2993468449	classified	15204484	place	mod	weight	16053448
ak2-engine	mem	t_s	120.0	rss_kib	78587400	hwm_kib	79518444	heap_inuse	5449449472	sys	7228485944	avail_kib	15881812
15271512 sequences (2845.36 Mbp) processed in 8.649s (105946.3 Kseq/m, 19739.72 Mbp/m).
  14502211 sequences classified (94.96%)
  769301 sequences unclassified (5.04%)
ak2-sample	batch	1	name	1-SRR5935772	mode	parallel	s3client	sdk	rank	0	role	home	inflight	1	threads	16	start_s	118.548940	wall_s	9.067756	setup_s	0.000059	classify_s	8.648634	close_s	0.258009	report_s	0.148987	status	0	sequences	15271512	bases	2845360298	classified	14502211	place	mod	weight	15271512
11073410 sequences (2024.07 Mbp) processed in 6.212s (106954.3 Kseq/m, 19549.84 Mbp/m).
  10832572 sequences classified (97.83%)
  240838 sequences unclassified (2.17%)
ak2-sample	batch	1	name	1-SRR5935788	mode	parallel	s3client	sdk	rank	0	role	home	inflight	1	threads	16	start_s	127.616721	wall_s	6.663706	setup_s	0.000055	classify_s	6.212044	close_s	0.259379	report_s	0.186056	status	0	sequences	11073410	bases	2024074094	classified	10832572	place	mod	weight	11073410
ak2-engine	mem	t_s	135.0	rss_kib	76773856	hwm_kib	79518444	heap_inuse	3725803520	sys	7375434072	avail_kib	16386424
13253368 sequences (2414.15 Mbp) processed in 7.328s (108508.8 Kseq/m, 19765.30 Mbp/m).
  12329188 sequences classified (93.03%)
  924180 sequences unclassified (6.97%)
ak2-sample	batch	1	name	1-SRR5935804	mode	parallel	s3client	sdk	rank	0	role	home	inflight	1	threads	16	start_s	134.280449	wall_s	7.727961	setup_s	0.000049	classify_s	7.328459	close_s	0.209115	report_s	0.179111	status	0	sequences	13253368	bases	2414153428	classified	12329188	place	mod	weight	13253368
12062510 sequences (2207.30 Mbp) processed in 7.505s (96435.5 Kseq/m, 17646.56 Mbp/m).
  10926608 sequences classified (90.58%)
  1135902 sequences unclassified (9.42%)
ak2-sample	batch	1	name	1-SRR5935820	mode	parallel	s3client	sdk	rank	0	role	home	inflight	1	threads	16	start_s	142.008430	wall_s	7.989359	setup_s	0.000048	classify_s	7.505025	close_s	0.248909	report_s	0.221298	status	0	sequences	12062510	bases	2207297835	classified	10926608	place	mod	weight	12062510
ak2-engine	mem	t_s	150.0	rss_kib	78903988	hwm_kib	79518444	heap_inuse	3776364544	sys	7375450456	avail_kib	15292096
7326365 sequences (1333.07 Mbp) processed in 4.297s (102294.9 Kseq/m, 18613.04 Mbp/m).
  6965607 sequences classified (95.08%)
  360758 sequences unclassified (4.92%)
ak2-sample	batch	1	name	1-SRR5935836	mode	parallel	s3client	sdk	rank	0	role	home	inflight	1	threads	16	start_s	149.997816	wall_s	4.674377	setup_s	0.000719	classify_s	4.297203	close_s	0.214911	report_s	0.154950	status	0	sequences	7326365	bases	1333066620	classified	6965607	place	mod	weight	7326365
ak2-timing	batch-barrier-1	154.672213	2.074116	0	0	0.173775	0.031022
ak2-engine	mem	t_s	165.0	rss_kib	79096912	hwm_kib	79518444	heap_inuse	4851752960	sys	7377875288	avail_kib	15714384
20770968 sequences (3886.70 Mbp) processed in 11.533s (108064.9 Kseq/m, 20221.27 Mbp/m).
  20594735 sequences classified (99.15%)
  176233 sequences unclassified (0.85%)
ak2-sample	batch	2	name	2-SRR5935823	mode	parallel	s3client	sdk	rank	0	role	home	inflight	1	threads	16	start_s	156.746376	wall_s	11.998996	setup_s	0.000047	classify_s	11.532501	close_s	0.278146	report_s	0.182576	status	0	sequences	20770968	bases	3886695944	classified	20594735	place	lpt	weight	20770968
14164085 sequences (2640.40 Mbp) processed in 7.799s (108966.1 Kseq/m, 20312.92 Mbp/m).
  13689575 sequences classified (96.65%)
  474510 sequences unclassified (3.35%)
ak2-sample	batch	2	name	2-SRR5935753	mode	parallel	s3client	sdk	rank	0	role	home	inflight	1	threads	16	start_s	168.745395	wall_s	8.209289	setup_s	0.000057	classify_s	7.799168	close_s	0.244822	report_s	0.155304	status	0	sequences	14164085	bases	2640398097	classified	13689575	place	lpt	weight	14164085
ak2-engine	mem	t_s	180.0	rss_kib	79345024	hwm_kib	79518444	heap_inuse	3378520064	sys	7377875288	avail_kib	15366316
11859598 sequences (2188.90 Mbp) processed in 6.623s (107443.9 Kseq/m, 19830.71 Mbp/m).
  10951240 sequences classified (92.34%)
  908358 sequences unclassified (7.66%)
ak2-sample	batch	2	name	2-SRR5935748	mode	parallel	s3client	sdk	rank	0	role	home	inflight	1	threads	16	start_s	176.954708	wall_s	7.087230	setup_s	0.000050	classify_s	6.622770	close_s	0.232993	report_s	0.217650	status	0	sequences	11859598	bases	2188903487	classified	10951240	place	lpt	weight	11859598
10140194 sequences (1929.10 Mbp) processed in 5.915s (102852.0 Kseq/m, 19566.89 Mbp/m).
  10096895 sequences classified (99.57%)
  43299 sequences unclassified (0.43%)
ak2-sample	batch	2	name	2-SRR5935791	mode	parallel	s3client	sdk	rank	0	role	home	inflight	1	threads	16	start_s	184.041964	wall_s	6.330440	setup_s	0.000052	classify_s	5.915407	close_s	0.241819	report_s	0.169214	status	0	sequences	10140194	bases	1929101997	classified	10096895	place	lpt	weight	10140194
ak2-engine	mem	t_s	195.0	rss_kib	79060344	hwm_kib	79518444	heap_inuse	3544268800	sys	7377875288	avail_kib	15191032
8206591 sequences (1523.97 Mbp) processed in 4.656s (105763.3 Kseq/m, 19640.29 Mbp/m).
  7998445 sequences classified (97.46%)
  208146 sequences unclassified (2.54%)
ak2-sample	batch	2	name	2-SRR5935758	mode	parallel	s3client	sdk	rank	0	role	home	inflight	1	threads	16	start_s	190.372425	wall_s	5.175617	setup_s	0.000044	classify_s	4.655637	close_s	0.247369	report_s	0.266994	status	0	sequences	8206591	bases	1523967713	classified	7998445	place	lpt	weight	8206591
5948317 sequences (1093.47 Mbp) processed in 3.469s (102884.2 Kseq/m, 18913.00 Mbp/m).
  5682744 sequences classified (95.54%)
  265573 sequences unclassified (4.46%)
ak2-sample	batch	2	name	2-SRR5935779	mode	parallel	s3client	sdk	rank	0	role	home	inflight	1	threads	16	start_s	195.548071	wall_s	3.896600	setup_s	0.000048	classify_s	3.468940	close_s	0.233644	report_s	0.188645	status	0	sequences	5948317	bases	1093467848	classified	5682744	place	lpt	weight	5948317
ak2-timing	batch-barrier-2	199.444691	1.237721	1	0	0.039012	0.000537
ak2-timing	barrier	208.624215	0.006852	68	0	0.006858	0.000000
10532910 sequences (1945.09 Mbp) processed in 6.969s (90688.4 Kseq/m, 16747.26 Mbp/m).
  9366399 sequences classified (88.93%)
  1166511 sequences unclassified (11.07%)
ak2-sample	batch	3	name	3-SRR5935740	mode	striped	s3client	sdk	rank	0	role	emitter	inflight	1	threads	16	start_s	201.651948	wall_s	7.365484	setup_s	0.000045	classify_s	6.968637	close_s	0.228330	report_s	0.157783	status	0	sequences	10532910	bases	1945093294	classified	9366399	place	-	weight	-
ak2-timing	batch-barrier-3	209.017449	0.447774	163	0	0.005204	0.000000
ak2-engine	mem	t_s	210.0	rss_kib	77145936	hwm_kib	79518444	heap_inuse	4479721472	sys	7378137432	avail_kib	17524128
ak2-timing	barrier	215.658879	0.007185	353	0	0.007190	0.000000
10532910 sequences (1945.09 Mbp) processed in 5.752s (109869.0 Kseq/m, 20289.30 Mbp/m).
  9366399 sequences classified (88.93%)
  1166511 sequences unclassified (11.07%)
ak2-sample	batch	4	name	4-SRR5935740	mode	striped	s3client	sdk	rank	0	role	emitter	inflight	1	threads	16	start_s	209.903024	wall_s	6.165536	setup_s	0.000047	classify_s	5.752075	close_s	0.241057	report_s	0.161184	status	0	sequences	10532910	bases	1945093294	classified	9366399	place	-	weight	-
ak2-timing	batch-barrier-4	216.068576	0.489677	141	0	0.005075	0.000308
ak2-timing	barrier	222.763510	0.006980	0	0	0.007780	0.000000
10532910 sequences (1945.09 Mbp) processed in 5.740s (110099.4 Kseq/m, 20331.86 Mbp/m).
  9366399 sequences classified (88.93%)
  1166511 sequences unclassified (11.07%)
ak2-sample	batch	5	name	5-SRR5935740	mode	striped	s3client	sdk	rank	0	role	emitter	inflight	1	threads	16	start_s	217.019837	wall_s	6.234433	setup_s	0.000039	classify_s	5.740035	close_s	0.323358	report_s	0.160142	status	0	sequences	10532910	bases	1945093294	classified	9366399	place	-	weight	-
ak2-timing	batch-barrier-5	223.254285	0.649647	1	0	0.005159	0.000000
ak2-engine	mem	t_s	225.0	rss_kib	77709716	hwm_kib	79518444	heap_inuse	3452346368	sys	7378137432	avail_kib	17305740
10532910 sequences (1945.09 Mbp) processed in 5.749s (109935.5 Kseq/m, 20301.59 Mbp/m).
  9366399 sequences classified (88.93%)
  1166511 sequences unclassified (11.07%)
ak2-sample	batch	6	name	6-SRR5935740	mode	parallel	s3client	sdk	rank	0	role	home	inflight	1	threads	16	start_s	223.903956	wall_s	6.264357	setup_s	0.000042	classify_s	5.748595	close_s	0.288373	report_s	0.212132	status	0	sequences	10532910	bases	1945093294	classified	9366399	place	lpt	weight	10532910
ak2-timing	batch-barrier-6	230.168331	0.502678	1	0	0.005903	0.000354
10532910 sequences (1945.09 Mbp) processed in 5.765s (109622.0 Kseq/m, 20243.69 Mbp/m).
  9366399 sequences classified (88.93%)
  1166511 sequences unclassified (11.07%)
ak2-sample	batch	7	name	7-SRR5935740	mode	parallel	s3client	sdk	rank	0	role	home	inflight	1	threads	16	start_s	230.671033	wall_s	6.355610	setup_s	0.000063	classify_s	5.765037	close_s	0.395633	report_s	0.179496	status	0	sequences	10532910	bases	1945093294	classified	9366399	place	lpt	weight	10532910
ak2-timing	batch-barrier-7	237.026659	0.456719	0	0	0.005263	0.000000
ak2-engine	mem	t_s	240.0	rss_kib	78123132	hwm_kib	79518444	heap_inuse	4226629632	sys	7378137432	avail_kib	15861712
10532910 sequences (1945.09 Mbp) processed in 5.783s (109275.0 Kseq/m, 20179.62 Mbp/m).
  9366399 sequences classified (88.93%)
  1166511 sequences unclassified (11.07%)
ak2-sample	batch	8	name	8-SRR5935740	mode	parallel	s3client	sdk	rank	0	role	home	inflight	1	threads	16	start_s	237.483405	wall_s	6.397712	setup_s	0.000049	classify_s	5.783340	close_s	0.444304	report_s	0.154484	status	0	sequences	10532910	bases	1945093294	classified	9366399	place	lpt	weight	10532910
ak2-timing	batch-barrier-8	243.881134	0.508153	0	0	0.005068	0.000292
ak2-engine	shard	0	n	16	lo	0	hi	18579557371	tail	302	full	false	empty_at	18579557376	keys	8480550252	batches	89910	probe_s	178.994118	tail_probes	0	wrap_probes	0
ak2-engine	mem	t_s	244.4	rss_kib	78567928	hwm_kib	79518444	heap_inuse	4759904256	sys	7378137432	avail_kib	15607144
ak2-engine	rendezvous	puts	13	gets	370
ak2-engine	s3	client	sdk	put	38	get	370	create_multipart	25	upload_part	3027	complete_multipart	25	abort_multipart	0	part_bytes	25308450271
ak2-engine	s3	client	cli	put	0	get	0	create_multipart	0	upload_part	0	complete_multipart	0	abort_multipart	0	part_bytes	0
ak2-engine	load	seconds	32.070844	requests	1127	retries	1	bytes	74318296292
ak2-engine	route	transport	nodes	calls	6886	keys	10395711508	batches	110176	route_s	84.461386	wait_s	56.649620	gather_s	18.576322
ak2-engine	worker	scan_s	631.494974	lookup_s	159.691445	classify_s	560.784379
ak2-timing	total	0.000001	244.517960	14445031	0	1923.598133	111.037836
