ak2: log tee up
ak2-phase	2026-10-08T04:02:13Z	1791432133	preamble	no
ak2: [2026-10-08T04:02:13Z] inherited $-=hBc (stub, as spawn started it: $-=hBc)
ak2: [2026-10-08T04:02:13Z] after set +e $-=hBc
ak2: [2026-10-08T04:02:13Z] gate=g3 run=20261008-040133-ad4af00-18db-n8-r4
ak2: [2026-10-08T04:02:13Z] aws shim installed and self-tested (/tmp/ak2-bin/aws -> /usr/bin/aws)
ak2: [2026-10-08T04:02:13Z] imds region=us-west-2 az=us-west-2a instance=i-02a4f1f0db8694254 type=c8g.large ami=ami-09325776a00699513
ak2: [2026-10-08T04:02:13Z] bucket aws-kraken2-942542972736-us-west-2 region=us-west-2
ak2: [2026-10-08T04:02:14Z] bucket aws-kraken2-942542972736-us-west-2 payer=UNKNOWN
ak2: [2026-10-08T04:02:14Z] WARN: could not read Payer of aws-kraken2-942542972736-us-west-2 from the instance (launch host verified it)
ak2: [2026-10-08T04:02:14Z] region assert passed
ak2: [2026-10-08T04:02:14Z] drop_caches_ok=true
ak2: [2026-10-08T04:02:15Z] preamble done; spec body starts
ak2-phase	2026-10-08T04:02:15Z	1791432135	body	no
ak2-phase	2026-10-08T04:02:15Z	1791432135	setup	no
ak2: [2026-10-08T04:02:33Z] checkout ad4af00; nproc 2; disk /dev/nvme0n1p1 40G 2.4G 38G 6% /; slice 4 of 8, ranks 11..1000
ak2-phase	2026-10-08T04:02:33Z	1791432153	stage	no
stage-cohort: shell flags huB (on instance: 1)
stage-cohort: ranks 11..1000, every 8th from offset 4; 6 files at once, 4 ranges each
stage-cohort: SRR5935754_1.fastq.gz staged (494200062 bytes, md5 e08a74e402207afc00ef542f9d4c694e, sha256 d4b5ed3d56893808c43d13da6aeb37e6da61e4741a60a47fdc41da14281e6db5) at 2026-10-08T04:04:34Z
stage-cohort: SRR5935770_1.fastq.gz staged (794160957 bytes, md5 e2b074f80b5202c16258859cccca3b55, sha256 77558823b0bd39b3aae4e5b80492fd97e81bcbcad333c7e99cb4ce9780da0cff) at 2026-10-08T04:05:40Z
stage-cohort: SRR5935754_2.fastq.gz staged (494224404 bytes, md5 50d2e98a22154354479399a8ab148690, sha256 aa1b99b0a664ee1f05f8f59971eb6f359a0446ebcdb48d694ac56bc46d54febd) at 2026-10-08T04:05:45Z
stage-cohort: SRR5935770_2.fastq.gz staged (791523927 bytes, md5 b117df4059a0d3df88fe1b7b07473854, sha256 60a533ded41703238ba8049b259a401686b0c10688b622da61a7fc60c0dc95cb) at 2026-10-08T04:06:26Z
stage-cohort: SRR5935762_1.fastq.gz staged (865706610 bytes, md5 63a1b98041ab2d78830de26adbfa9037, sha256 25ec54acafd1e95162c87156d0716592f071f218a2b7834006cbce17830d731b) at 2026-10-08T04:06:34Z
stage-cohort: SRR5935762_2.fastq.gz staged (886695734 bytes, md5 d80f093b5c51a5902b9d74a4cc4142b0, sha256 d032979a91d77781a34b6601ab1f7e7aaffd84409cb61b1385c0cb37cb82bad5) at 2026-10-08T04:06:43Z
stage-cohort: SRR5935778_1.fastq.gz staged (533526941 bytes, md5 d09763a98b2491414cb7825c65b6fab3, sha256 7c5d296532420bd5b8099aaa08b8dd77b5c6a3edcfa0a52774ef7831e96dfe11) at 2026-10-08T04:06:47Z
stage-cohort: SRR5935786_1.fastq.gz staged (483303400 bytes, md5 b5391c97751c3fdecdbe3befbd632b0d, sha256 1401f76b2d6c028be0c63cfb23bf3384716f45b4731a217e6155cfa1738ede31) at 2026-10-08T04:07:45Z
stage-cohort: SRR5935778_2.fastq.gz staged (539113107 bytes, md5 b8910fdb06382d4364569c5b49205201, sha256 21773a2e8a7e1cc65911666a2bf4cbece90756a157e5ef2d57830cdd22eb5a6f) at 2026-10-08T04:08:00Z
stage-cohort: SRR5935786_2.fastq.gz staged (486792147 bytes, md5 eb15b756a7f36f730584b7ac082d8c76, sha256 3f7b8049e578477e48fa26b72adef1a5417d090f2e6333ceea8d76ee1a26ecd2) at 2026-10-08T04:08:46Z
stage-cohort: SRR5935794_2.fastq.gz staged (636315681 bytes, md5 a50dacbe9c5d3a3c07d8d2de649337a2, sha256 9507e501ce1709ef68a8b50d6d03748dd6dd022b54501559d2fe91f137e262ff) at 2026-10-08T04:09:13Z
stage-cohort: SRR5935794_1.fastq.gz staged (637658451 bytes, md5 2b3e3ff65138300183abd297ede171b1, sha256 ecd28ec12d068caaeb2d457fea349653795c5414ea9e40a159245c34192d9c63) at 2026-10-08T04:09:19Z
stage-cohort: SRR5935802_1.fastq.gz staged (807109724 bytes, md5 f5af63c931443d6708036e22fefd8afc, sha256 901e4b2dc3e1407b6834e9b8593d7406c2c21afb95509ac2f0ac531c54d8654c) at 2026-10-08T04:10:18Z
stage-cohort: SRR5935810_1.fastq.gz staged (726749271 bytes, md5 2c2c05c044bc12d903d646eb39527eb8, sha256 eaac95c40dae01ea8bd81712b2dfeccbcdd3e3284728b4b324f4efe7c1d2bd94) at 2026-10-08T04:10:51Z
stage-cohort: SRR5935802_2.fastq.gz staged (804571448 bytes, md5 9b6eace69903496da0a7b8788d55d5cd, sha256 f1608f444ec4141cc5d27065c2135ba55844ec7260e9b87a438f5f0154fc4e47) at 2026-10-08T04:10:57Z
stage-cohort: SRR5935818_1.fastq.gz staged (423828734 bytes, md5 ce65f913dd314bdf98b31830412347e7, sha256 d8c51437d1887bb0b797bcfb913602f843726dff0b7eaa24136ab6ec41d245ac) at 2026-10-08T04:11:01Z
stage-cohort: SRR5935818_2.fastq.gz staged (429412888 bytes, md5 882b341c5a16112005b50bc628f5d953, sha256 68d2d128b7fa71ef1d603e1391041d0b086f62ec8c02ff57c1c62c28ce308503) at 2026-10-08T04:11:04Z
stage-cohort: SRR5935810_2.fastq.gz staged (734644195 bytes, md5 16aaee85b8968c64acf5e74bd853917e, sha256 ab2c6939e58ba0830c5245c83e89a48eadd2956d397edecee785390e1a574ba1) at 2026-10-08T04:11:44Z
stage-cohort: SRR5935826_1.fastq.gz staged (418380834 bytes, md5 f6756502fe42c09722ff1ee207d37ea0, sha256 33252906b0d343ee697bdf5fe6961d9fc5e87e6f5cede7b4cf4494e8f8ec2a64) at 2026-10-08T04:11:59Z
stage-cohort: SRR5935826_2.fastq.gz staged (412525815 bytes, md5 718587bc1e0ce7f824bea9ade7c56403, sha256 8b0c5ef2a2c98b600510b16eb6c530f48fc9777b1d1192061304c7efa4c4a1a7) at 2026-10-08T04:12:40Z
stage-cohort: SRR5935834_1.fastq.gz staged (607707631 bytes, md5 a67c220dcc7b92772764accd8fd78031, sha256 0e34703fba5b8e97420a4a248e30585b73eef7157376452c87c4ed1c219da6b4) at 2026-10-08T04:13:35Z
stage-cohort: SRR5935834_2.fastq.gz staged (611904770 bytes, md5 137d579e2ff2acd8e03bb0e5dc7ad533, sha256 1bdd34f0cb35989bc7a627d0ab78cd617245c5c5cf47ba4f0d9fbe415d403f6b) at 2026-10-08T04:13:40Z
stage-cohort: SRR5935842_1.fastq.gz staged (686565085 bytes, md5 ab0470bb6f92e53ae0f87f0d45ee472a, sha256 1fd8cdc07bbe6885e181ed07caba30fced4b8990adea0cb4327001a1ddbc01af) at 2026-10-08T04:13:51Z
stage-cohort: SRR5935850_1.fastq.gz staged (540622900 bytes, md5 eafadaa26ce3d4acda685d50341364f2, sha256 15fc66c395c32a311f1ac4531adb5d598368b823897105ddae55fe86010be5cf) at 2026-10-08T04:14:26Z
stage-cohort: SRR5935842_2.fastq.gz staged (689210233 bytes, md5 6e526c0bee82321063764fb63ffb9bd8, sha256 abbe24bfafc0213a818e6e9c17d8950dc57bbf3b4f3a37c2557010b843775fd0) at 2026-10-08T04:14:52Z
stage-cohort: SRR5935850_2.fastq.gz staged (534734494 bytes, md5 ffd19ca52b9705f05f4af48097ce8887, sha256 3c2a899bd3fbc2f98fccb096e149e92e1a46637648cfa8417a9d96158d8bc80e) at 2026-10-08T04:15:24Z
stage-cohort: SRR5935858_1.fastq.gz staged (528454851 bytes, md5 5950cde41ae5cc65f46fccf510d84bb7, sha256 a6d0216eb1913a5eea3937b9941bb531aeb771568923c2d043fd7c96607266c3) at 2026-10-08T04:15:50Z
stage-cohort: SRR5935858_2.fastq.gz staged (525968910 bytes, md5 fe163b47c05c3fad7ca4527e3a88a200, sha256 aac0c6048c204c019326fb21f6869d99e3fc4a534388d2c5a65b47ed4ce791c0) at 2026-10-08T04:15:53Z
stage-cohort: SRR5935866_1.fastq.gz staged (610303454 bytes, md5 3aaa76acbd1276e8d1f602056a7d8a63, sha256 01ce7ecaf1e4e0361890088742dd4ef56186975ac3f9025be70a9a644fde6978) at 2026-10-08T04:16:07Z
stage-cohort: SRR5935866_2.fastq.gz staged (614908004 bytes, md5 56c75df61c905e6e332354c19386d6cd, sha256 f666e082d04614909dff419390fc942f517fe7eb54de781d216f3c7612e1621b) at 2026-10-08T04:16:39Z
stage-cohort: SRR5935874_1.fastq.gz staged (621142091 bytes, md5 2e08749e31ad2e88f482469f7b09f4fa, sha256 7f57845127f4738c318278515584117a18a95d5fd80d275cbb99089eb49d61b5) at 2026-10-08T04:17:26Z
stage-cohort: SRR5935890_1.fastq.gz staged (413004494 bytes, md5 6f261ee7ac32a7dfb60c02b172eb56a0, sha256 3b43af530248637ee2067eba004785189354d51f627fe2ebcf85f7b57ca16782) at 2026-10-08T04:17:41Z
stage-cohort: SRR5935874_2.fastq.gz staged (605588575 bytes, md5 c7387eb10e139a90df1a059a15ebc15c, sha256 1d750a172b0acb6d373ee9f13caaff6467e29d21f702df3083b4523372d06f0b) at 2026-10-08T04:17:45Z
stage-cohort: SRR5935882_1.fastq.gz staged (650010671 bytes, md5 b6575cadb065404b0113a617087d39c6, sha256 d65a614fec07f1c0ff9d894533da9c3b3ed7e5be919a7a8a2a108bee8f261f09) at 2026-10-08T04:18:27Z
stage-cohort: SRR5935898_1.fastq.gz staged (256904726 bytes, md5 3d2d1238b7e1e49a59fffb720837e4a6, sha256 119b44bc6588e769c7a4cbd37ccd56c3b71fbac47fc8be3db0f027d98be30622) at 2026-10-08T04:18:31Z
stage-cohort: SRR5935890_2.fastq.gz staged (403500845 bytes, md5 ac49d948ce222869667b6937f6f66c17, sha256 19afacd22c36f74bd371fe809b29ce4059bcd1087790c767ec7b832072a7507b) at 2026-10-08T04:18:33Z
stage-cohort: SRR5935882_2.fastq.gz staged (659011897 bytes, md5 7dbf95540cd66c852301f004484308ef, sha256 a8e7729e6649acee44ab9d3aa6fb33056c17fd19f195641ef1dc0a9d6252b719) at 2026-10-08T04:18:38Z
stage-cohort: SRR5935898_2.fastq.gz staged (264021813 bytes, md5 5200c267c73afbd55e0f36ed8bbe883a, sha256 958c9da1b11c223826e389c5743f35cb7d521aa942107346eaae4f2814c44f53) at 2026-10-08T04:19:06Z
stage-cohort: SRR5935906_1.fastq.gz staged (478568408 bytes, md5 24107b98b0f1da0add794dee7d20ade8, sha256 168e20b8440c75f36aa010044921f98daa5b7091b389bb7cf373d949a8c18704) at 2026-10-08T04:19:51Z
stage-cohort: SRR5935906_2.fastq.gz staged (469574484 bytes, md5 000b0fb0e1d90d36e17639d216b42b60, sha256 df0e49d3d5ab93f8ae90bc620f9ccc0e7e6b465d0d356d3e87b8640247d999cb) at 2026-10-08T04:20:37Z
stage-cohort: SRR5935922_1.fastq.gz staged (491277755 bytes, md5 57c808536e8df5320a4d27c8cc3da533, sha256 b3ad0823032f89c4170ed9ea77ab215a3c9c7daf7113948f036934a5924a8d76) at 2026-10-08T04:20:43Z
stage-cohort: SRR5935914_1.fastq.gz staged (587967640 bytes, md5 1b42aabea2ea32c0992ccacaddb7e336, sha256 098acaa1b63a6ef7942aee6165366ec047f732018d4e922070b3fda1e1bc642b) at 2026-10-08T04:20:51Z
stage-cohort: SRR5935914_2.fastq.gz staged (601060083 bytes, md5 76cc2e252ae9be80591a22671f20f04b, sha256 909be27c54b9af9e7380d7f4c80dbda28b87fd2707d75afb287636172eb28f2c) at 2026-10-08T04:20:59Z
stage-cohort: SRR5935922_2.fastq.gz staged (499842506 bytes, md5 363b2a3b7bd533cfe00f3c6127bb1ead, sha256 1bbe1e57148e0fb56c07ae0ac99cb93fb232eb0b5fa1b0add3baa4414f1f668c) at 2026-10-08T04:21:14Z
stage-cohort: SRR5935930_1.fastq.gz staged (461507725 bytes, md5 a75a4c2dce66c7b96eca5bd421284887, sha256 203c4e13f17451135de7fd8cd6af44c346394d3d89539262910fdfc4567925de) at 2026-10-08T04:21:51Z
stage-cohort: SRR5935930_2.fastq.gz staged (452804838 bytes, md5 7b1364870aab971a5f0ab18383d705c3, sha256 2e65b6e82cf2ff5f57adfd9dab519dbf3fc52173bed2daafd3825a224bc91566) at 2026-10-08T04:22:55Z
stage-cohort: SRR5935946_1.fastq.gz staged (633485721 bytes, md5 d4799939e62d699c8799032f6fe6b9c1, sha256 55a20b5ddc1c3788c965ae0c2516ba87e1083723f696d914bc1eb4b2a7808439) at 2026-10-08T04:23:32Z
stage-cohort: SRR5935954_1.fastq.gz staged (458605516 bytes, md5 b7290a61b20115eadd2f50993b2ac2d4, sha256 ca8837ddb8f3e73b8db28abd658ae11b9d5d3176fe6aa77a1d57124fed3c0af8) at 2026-10-08T04:23:42Z
stage-cohort: SRR5935938_1.fastq.gz staged (831879600 bytes, md5 a04f25e6a5a171f5f27fcb5395f402be, sha256 95a5de674f816b96ae5c4113166fe95c17663524fbd069acf4e6d1ec0c257036) at 2026-10-08T04:23:46Z
stage-cohort: SRR5935946_2.fastq.gz staged (632102292 bytes, md5 f0c84e40b9c6953bf651bd4caa7265be, sha256 5e5a047e6228a9d48e29910ab0d4313350351bf5e071ff4b4786d02b50322dfd) at 2026-10-08T04:23:51Z
stage-cohort: SRR5935962_1.fastq.gz staged (208210161 bytes, md5 5bd178455d12d6d9af0bbe6aaa176b29, sha256 9ab5b02542f7b2c19880892c2014c5aafb0e015377411e3b9086f4e7af3d8fc7) at 2026-10-08T04:24:23Z
stage-cohort: SRR5935938_2.fastq.gz staged (836833059 bytes, md5 e23d3b64a8110b8c259eddba0f6078a2, sha256 89981318ffc54620f7570cc243d61ba24aecee856dbe2d8f91870fd75adea9ac) at 2026-10-08T04:24:24Z
stage-cohort: SRR5935962_2.fastq.gz staged (207463968 bytes, md5 f0e0277b9721b74d58109a3c1dede6e0, sha256 52533aecd32e00270afc4e0f2193d837198070ce823408bd1189b1c387f3b39d) at 2026-10-08T04:24:38Z
stage-cohort: SRR5935954_2.fastq.gz staged (458108837 bytes, md5 fa9e84904a7e44f8e82d3e4f51bcf02c, sha256 58d1afdc2736ff68657491594c32f486284a04346f34d1e9ab9350bc06021a17) at 2026-10-08T04:24:56Z
stage-cohort: SRR5935978_2.fastq.gz staged (332178610 bytes, md5 6b30838f25ea5614cf02dbcc3da81d5f, sha256 3f3f3ca4c7de1bbe9dcae41b78fc2e7204c4f7528d0a4b5c09fc63dd3ae7ec51) at 2026-10-08T04:25:49Z
stage-cohort: SRR5935970_1.fastq.gz staged (618884569 bytes, md5 352326466408995d391e7a2a18678754, sha256 a3cc572738b3b6abb7b45de83f0addbe3c30f72d147f9a3efab70afa8faf350d) at 2026-10-08T04:26:07Z
stage-cohort: SRR5935970_2.fastq.gz staged (614104445 bytes, md5 a642b046a0dc394875e56bac57772b5e, sha256 70aa9bb7e2be751295adc2fc9314f9d1e4464e36c144d97d507e31d616c87c47) at 2026-10-08T04:26:22Z
stage-cohort: SRR5935978_1.fastq.gz staged (332772122 bytes, md5 eda27ce84cd3614331c2bcfb04ad7597, sha256 268e2a606536ae5729befdc8ed6d847e5043f1264eff2ba29d7014259c8c3c60) at 2026-10-08T04:26:52Z
stage-cohort: SRR5935986_1.fastq.gz staged (764626853 bytes, md5 40ac55e49bd8657cc188f9219d581fe6, sha256 0ba70e3c05d99492f69e0ad01fa264fff7045d55a1594a4b1c8eae8a46704948) at 2026-10-08T04:27:38Z
stage-cohort: SRR5935986_2.fastq.gz staged (772432192 bytes, md5 31e6fa01fb77eca52234588ddc43dbdd, sha256 f042886125c90b387fb312058183c10ff3416b52726dd0e0b5b0badd5a748d69) at 2026-10-08T04:27:51Z
stage-cohort: SRR5936002_1.fastq.gz staged (370897673 bytes, md5 8a782411c7a3be81acec35335ca0eb23, sha256 f4ccfedc029588b81760fd2560f84ef072fbc4f41ec0e45d43396e292f0f1d1c) at 2026-10-08T04:28:02Z
stage-cohort: SRR5936002_2.fastq.gz staged (366087214 bytes, md5 3dea77a83d6583f8d8631f972d7c191c, sha256 bcc3f4fa0de3c93260c5f95df639eb64cb57cc948857d2f2c8858b97dcf87cca) at 2026-10-08T04:28:34Z
stage-cohort: SRR5935994_1.fastq.gz staged (630369503 bytes, md5 58c8f8c11f937d82e5be71f0b45376b8, sha256 f5032c9cba19a2dfe2b2d4cf70444fe1765029b21e7fa830cd288e036ebf5e16) at 2026-10-08T04:28:58Z
stage-cohort: SRR5935994_2.fastq.gz staged (625965137 bytes, md5 1cdc9fd6e234d62f9e197829fb9b63f7, sha256 0d7f384971a03faea9fc4f0789e8c9777f3b9853cf2d43995a33413fcb1ae729) at 2026-10-08T04:29:03Z
stage-cohort: SRR5936018_1.fastq.gz staged (317847270 bytes, md5 c7968adc417bb25e12727f0fdcd8d918, sha256 f3cd5f49d0070fc49c680dd3ee6949ecc0e6b27cb13413c1c3bfdea21611f6c5) at 2026-10-08T04:29:20Z
stage-cohort: SRR5936018_2.fastq.gz staged (317104308 bytes, md5 908a1f45df97e77edff64e23dfa36e93, sha256 a54a8b5576e3bb308a61f5dc9eb723f2066a462a80aa7f81ddde172cf243cef3) at 2026-10-08T04:29:54Z
stage-cohort: SRR5936010_1.fastq.gz staged (580607031 bytes, md5 2cdb7ab3c1824df5d0b8f8e8759bdf8d, sha256 e6cb80155e9ca5b8ef7e8b48af751f687969f2344f6e6071c28e4a6ad71f385a) at 2026-10-08T04:30:07Z
stage-cohort: SRR5936026_2.fastq.gz staged (273500383 bytes, md5 06dbe0c0ec75c1408fbde5cb7c29694b, sha256 4de71f5b6e148115afd85de2d3cb394a65c7384b70d87991333b457c38aee6a1) at 2026-10-08T04:30:13Z
stage-cohort: SRR5936010_2.fastq.gz staged (582242706 bytes, md5 5fe4416dea4743025d784328bf7f93f5, sha256 fddb6a3c09e31275c7fa63189cf260ca3bf18b17c59b5cd04251d89b36691472) at 2026-10-08T04:30:22Z
stage-cohort: SRR5936026_1.fastq.gz staged (271858857 bytes, md5 c726ecf94bbcfbf10630c37534585335, sha256 ebf3a307800d51a11b4e88e909f9c11496c7ef007990ed69e584a9d16f40dc68) at 2026-10-08T04:30:22Z
stage-cohort: SRR5936042_1.fastq.gz staged (165875534 bytes, md5 ef52876a4bcc573c8a4f5ac27ee19d91, sha256 36fb5310058d08b62caf61ea0b376ff0324806ab75f78c5ac2aafc44ffd77c42) at 2026-10-08T04:30:56Z
stage-cohort: SRR5936042_2.fastq.gz staged (164825388 bytes, md5 0c6fe0d196ccbaeaba6e4f9953bc4706, sha256 22ed97a57adfca0d409c1b6411b33f55302074c8bdc298c705497ea37b0d455e) at 2026-10-08T04:30:57Z
stage-cohort: SRR5936034_1.fastq.gz staged (598287551 bytes, md5 47e094a86335c9433ab70498b6865feb, sha256 07ee0e7b0be2a2663bdecf50b9889472569345df44677b4834c064b73771992c) at 2026-10-08T04:31:48Z
stage-cohort: SRR5936034_2.fastq.gz staged (598491995 bytes, md5 b18e577dc8e291d2dbd4955560cba714, sha256 3289d8816be719278f2417fb06e153d999d9ca81e70e081b21cd087391bf20f0) at 2026-10-08T04:32:25Z
stage-cohort: SRR5936050_1.fastq.gz staged (623472407 bytes, md5 5e3959e77393cb399f2501a16e8b4cd6, sha256 f388226014a85a4efed7cdc95cd90c630dbbb60679d2e1d7095f264269101cc8) at 2026-10-08T04:32:56Z
stage-cohort: SRR5936058_2.fastq.gz staged (498054672 bytes, md5 856d379c502651c23903c0f932b36feb, sha256 8cda55ea509047931ab18069297ac772d1b51afc7dd37218a98bfdc317218372) at 2026-10-08T04:33:00Z
stage-cohort: SRR5936058_1.fastq.gz staged (501916407 bytes, md5 037f19d6d27f9e52ed7e5e1deb160d04, sha256 97ca19eed4ffcf8bba01b55ed209d2764f384f1785395d5f3c4420ec6a05196b) at 2026-10-08T04:33:05Z
stage-cohort: SRR5936050_2.fastq.gz staged (626211946 bytes, md5 21225fcc7f44709139c415ef4f80e839, sha256 a04f629d8a31b8f90d9e0ad1b97a23c7f44eee2dba0a73601dc6521395be0a6c) at 2026-10-08T04:33:06Z
stage-cohort: SRR5936066_1.fastq.gz staged (683668984 bytes, md5 00ff407603f5802f9f3c25c5bc417856, sha256 bb4c4acd49fff2e0f1492b7b84c37b1ae6cd4cad840c029df625dcfa56e72a18) at 2026-10-08T04:34:31Z
stage-cohort: SRR5936082_2.fastq.gz staged (372354156 bytes, md5 6d3952166f17a6eb3be5ae22e975f417, sha256 57920ba3176844426f4692557bb4d764f6b3ea7d982cd6ecf5c844a6dbabaf5e) at 2026-10-08T04:34:47Z
stage-cohort: SRR5936074_2.fastq.gz staged (510774224 bytes, md5 0e06e8d130b06218dadb603581e9f9dc, sha256 3bdc115ba7c73bef91a7e01a8987ebb3e4cd9896feab64ae5fbba40cc26b9bc3) at 2026-10-08T04:34:52Z
stage-cohort: SRR5936074_1.fastq.gz staged (515990771 bytes, md5 352e6a91a9417a0484677c5c60b4ffac, sha256 2a14ac11781dbe1143c6e7e0f43252c118564ded489018e97dde083471fa8262) at 2026-10-08T04:35:01Z
stage-cohort: SRR5936066_2.fastq.gz staged (679855554 bytes, md5 e26a053daaaa63d19f583ccf1611310a, sha256 57e80a0003a2992b8ddbaac1ebf2e3fc08da68cbe6e681094415295e4b5c00a8) at 2026-10-08T04:35:11Z
stage-cohort: SRR5936082_1.fastq.gz staged (367012515 bytes, md5 c5af1d94ab5b2b592b33439788a8ac4a, sha256 e189e4d9c11459a79ef458c4a16c2cfe49f38c748f613616c298f06e1b26128b) at 2026-10-08T04:35:12Z
stage-cohort: SRR5936090_1.fastq.gz staged (513088160 bytes, md5 03223cf40c43a04e3bd712ee4b41d8e1, sha256 812ba7c532ab460ad8b6ba7d394ee9214a64980fa938b64f69352fbb9d1f627a) at 2026-10-08T04:36:31Z
stage-cohort: SRR5936090_2.fastq.gz staged (521792315 bytes, md5 8630de1643ae919da32ed28e0f3b71fe, sha256 c172d036ca7a027c8563ae987baea7d4573a3c107cb3ca4904ad2f4daec255eb) at 2026-10-08T04:36:55Z
stage-cohort: SRR5936106_2.fastq.gz staged (604605668 bytes, md5 a34c624fe4f8810a95d143e1ed4467d5, sha256 9ca31d56f66274f535ce4b16e3ef4806f79b1b0426ac16353562f6595fb774ca) at 2026-10-08T04:37:31Z
stage-cohort: SRR5936106_1.fastq.gz staged (603495607 bytes, md5 b7707b70ab0068d3abb523f194bc74e1, sha256 96aab1a7be7ad3efd750c8dc0637183ac08a231b179be7781f1fdd422bdb7068) at 2026-10-08T04:37:39Z
stage-cohort: SRR5936122_1.fastq.gz staged (276678117 bytes, md5 af7a007abb6aee24a7647f7af0bea1d3, sha256 7ddd1d60789fa01a71401606aa0b22940179c0596c317f7ea923da31a4539eb9) at 2026-10-08T04:38:37Z
stage-cohort: SRR5936098_1.fastq.gz staged (1067982797 bytes, md5 a617de5b985a929fe7d4e638a4e5d77b, sha256 79db1f6aa97e9bc75ea06a5f209f24a5b47a19042efb264c4cecc8f85bcf73c3) at 2026-10-08T04:39:10Z
stage-cohort: SRR5936098_2.fastq.gz staged (1059054172 bytes, md5 3a12eceb8cb117caa44ea077c8038a69, sha256 2136cfb129254ecbbfa4124c988c973b80d3ce57ebc44de119ad294bc0829036) at 2026-10-08T04:39:23Z
stage-cohort: SRR5936122_2.fastq.gz staged (274571770 bytes, md5 4a1b9585d01dea0b64326a42f93965c6, sha256 122d3db523045acb93da68b3503d613e91243bc373d3e3d62bfd36fbe386b1a7) at 2026-10-08T04:40:06Z
stage-cohort: SRR5936130_1.fastq.gz staged (428059353 bytes, md5 de47acd1cf68127a714f9a48699c81ab, sha256 da1d9be2e137cc3e2a16e894e699c13d3d11078d9f4367f50e031c83c9b1676a) at 2026-10-08T04:40:24Z
stage-cohort: SRR5936114_2.fastq.gz staged (943158348 bytes, md5 ef30b80d515650e902fd3902a7d80405, sha256 9a43b9d592a591e30133fa8d90543d50a1217b63a19d684e8dd6626048a9bb6e) at 2026-10-08T04:40:47Z
stage-cohort: SRR5936114_1.fastq.gz staged (940379164 bytes, md5 c960445175398b86bfb8472ecdee6952, sha256 2d8f51def8b102969afc7ff921ff55d7a2e5763241f3d2db9d01ed5f78a7c38f) at 2026-10-08T04:41:00Z
stage-cohort: SRR5936138_1.fastq.gz staged (324294883 bytes, md5 20ddefd2cd82d9f7ee2581a46c0bb9a8, sha256 a81f0fa43dbe0a031a313cd65251139e109e8f68195699a08fcf619eccf5ea13) at 2026-10-08T04:41:05Z
stage-cohort: SRR5936130_2.fastq.gz staged (426944932 bytes, md5 d25fc38c10567351591f7c0f1677e5aa, sha256 ff170da2d14ffd12d7b4014a15669f64b076c05ceef8fc18637e32286990d2db) at 2026-10-08T04:41:08Z
stage-cohort: SRR5936138_2.fastq.gz staged (323532942 bytes, md5 7a2fe05de2401a41900cba7a578e1167, sha256 c3c3986312cbe5ac52f53e1cefdef0d79a55d0304a7429d1f9e89fd1b5269b0c) at 2026-10-08T04:41:24Z
stage-cohort: SRR5936154_1.fastq.gz staged (367866810 bytes, md5 ec91a664a65dfd4496978b27a1e7e8c8, sha256 8abea58f2c535e9157519e21a65695135c38b12b87c8e86d853c71bb4ffd385b) at 2026-10-08T04:42:40Z
stage-cohort: SRR5936154_2.fastq.gz staged (369127382 bytes, md5 6ca617e9791f352be09d1c230bf12d5a, sha256 d3d679a79bf04048f0e38ddc497c8ea3e5923bec8e0ece0b49f1feacaf479fd2) at 2026-10-08T04:42:48Z
stage-cohort: SRR5936146_1.fastq.gz staged (654125595 bytes, md5 97297954ff48922a3fb9ae7944f8869a, sha256 5d5a4a7864f52ad8fde12392fef7f1e3db5d6bb242b5fe5fd09f12d7ca98774c) at 2026-10-08T04:43:00Z
stage-cohort: SRR5936162_1.fastq.gz staged (464167711 bytes, md5 03568551b23662021d43586f770b542e, sha256 43c40c9901f14b6a7dbafee17f435e7096d16bd3e01c8c0b6f299c6d142ba84b) at 2026-10-08T04:43:03Z
stage-cohort: SRR5936162_2.fastq.gz staged (461984855 bytes, md5 1fec55d4a27eb02d68c0a0a2d4c4f16f, sha256 e02c8c707091f89277c4ce688227f8f7f09ff0ca0674f76837db3a0fc66aeb5b) at 2026-10-08T04:43:16Z
stage-cohort: SRR5936146_2.fastq.gz staged (655643865 bytes, md5 e6d08ba1f0e3caa841d55dd609266c52, sha256 9060fde6dc5d72491c28c0e61d8dcab347bced2d18dec656750d01d8a52f9f09) at 2026-10-08T04:43:42Z
stage-cohort: SRR5936178_2.fastq.gz staged (465714539 bytes, md5 7e1f09a2f29d80ed5de2504c1fea2893, sha256 2bd15302cd62412f0dd3667b9c2a40034b2ed83a27d674376bf1c54f5bc8b7b6) at 2026-10-08T04:44:58Z
stage-cohort: SRR5936170_1.fastq.gz staged (651146195 bytes, md5 d57abb5715bebe2aceeb5fb71d8c3fb3, sha256 40b73cdfbea56580a2aa1ec8cdae0f2b21630e7df8c344a8912208ffcd599ca3) at 2026-10-08T04:45:06Z
stage-cohort: SRR5936178_1.fastq.gz staged (461977638 bytes, md5 14350aefae5ff82f554c6d0985b55be7, sha256 817a1e2a74864b203e438be8247c4a0251e6b0e24b75d97eb81f58ef5a65b132) at 2026-10-08T04:45:08Z
stage-cohort: SRR5936202_1.fastq.gz staged (71146612 bytes, md5 7e50fc998f8f6a0890a10a843bcf0a83, sha256 a1f640ac012fa75eadf315c8ba9d7cec170f21b469c5a696d12c8f60930f6c0b) at 2026-10-08T04:45:32Z
stage-cohort: SRR5936170_2.fastq.gz staged (649386967 bytes, md5 5e7fafde36a9f5f3f629d94ed37f62cd, sha256 658c52f2c9486e2dfefe23e3f3bf76699a3a3daf7932a7f589bbc71aeb62fc82) at 2026-10-08T04:45:38Z
stage-cohort: SRR5936186_1.fastq.gz staged (553286065 bytes, md5 a602343abe7f859b0917c814e034f1cd, sha256 c53e5ce3967e0f8b49188c3f32465d90c0bec786b533c75c6300b0e073461f1e) at 2026-10-08T04:45:41Z
stage-cohort: SRR5936202_2.fastq.gz staged (72224650 bytes, md5 52b0318890a017dd95b7cc2583718af7, sha256 c1e00cbf60f6c02581d95a1c7c5420ace8784b8c5a8a0baa99f0664a62adf59d) at 2026-10-08T04:45:55Z
stage-cohort: SRR5936186_2.fastq.gz staged (566784715 bytes, md5 ef8d9bcdde70bbab10cbeba964dfb6ed, sha256 2e3496e947e07a5590b3531f597cf4f4f0005caab38cba7f2ba4515084453518) at 2026-10-08T04:46:01Z
stage-cohort: SRR5936194_1.fastq.gz staged (492619526 bytes, md5 1dedce75c62bf46acb16efaf2e4ca054, sha256 9ed89a8b3b906161cc2a82f4a24af3f925dc1cbf10b39cd6090b289cebb3908d) at 2026-10-08T04:47:17Z
stage-cohort: SRR5936194_2.fastq.gz staged (494993749 bytes, md5 b2eec54f1646e9fc746c8657c448d153, sha256 4d040bb6ef1bae8e294f0612041e991270989ec0527692b271a0596b3498d4c3) at 2026-10-08T04:47:20Z
stage-cohort: SRR5936210_2.fastq.gz staged (463267003 bytes, md5 6d25473aae5bdf692fd6339a6802cbac, sha256 0970e50ef5d1230fd2066ad2ffd615358f360a6629d2241c32735256902bdd7a) at 2026-10-08T04:47:37Z
stage-cohort: SRR5936210_1.fastq.gz staged (469762922 bytes, md5 1f2d0ab61032e613ccdf2f6e03760d38, sha256 f8d41910f7fc136e831977c73f86929d849dac0d17c4f6c0947b42d1865228ac) at 2026-10-08T04:47:58Z
stage-cohort: SRR5936226_2.fastq.gz staged (258480228 bytes, md5 405fa4db37877135ba7b92655756eead, sha256 7efee4edfec6317cfd7bcb744ce97078d84f95b28214fb7eed25b8c30e465bc2) at 2026-10-08T04:48:21Z
stage-cohort: SRR5936226_1.fastq.gz staged (262578371 bytes, md5 e09b769e0d433d351d297fa61b3134a7, sha256 96092278b993d6ef37814f6da7b108dc4d053717d365e348f3476159af1f39df) at 2026-10-08T04:48:26Z
stage-cohort: SRR5936234_1.fastq.gz staged (230630060 bytes, md5 8c9b3f0706f3615f4873f27a081b516c, sha256 a4ab542ed621b4952765044b05ef6f7193ecd2fcaaf2e7dda1c9692421531100) at 2026-10-08T04:48:48Z
stage-cohort: SRR5936234_2.fastq.gz staged (229215439 bytes, md5 b1dc8c725a118022138ee6b3eaa7dad0, sha256 6e000216f591fe162523d1aa843aeefe9dc6737dfb047c1efc0cc7ca9ad43d32) at 2026-10-08T04:48:59Z
stage-cohort: SRR5936218_1.fastq.gz staged (798447523 bytes, md5 25e8af6f816ec2aa17df6bdc2a348596, sha256 5e0cbb3f9fec9bfb0a0358a8eab5e15002b1c5b0fb089152d30a95914b3437ec) at 2026-10-08T04:48:59Z
stage-cohort: SRR5936218_2.fastq.gz staged (796296518 bytes, md5 5cbc810d665a3c5b95aaed5f13e882bf, sha256 13ea9a9b138f595c8bda4ea895bef09140006b18822e923e9f419a575e6c3b8f) at 2026-10-08T04:50:06Z
stage-cohort: SRR5946607_1.fastq.gz staged (504788388 bytes, md5 7ac493b0e041368436434d2f9e9a7880, sha256 10f3e4ca39d74c592b23e4191aef4863067a49793f64d81641d40a7d8400fc66) at 2026-10-08T04:50:20Z
stage-cohort: SRR5946607_2.fastq.gz staged (511435990 bytes, md5 a465c76b450cf9fc21ff2ac68a41ac56, sha256 701c07f465b1c6d3ccb61638d8d0c9a71eb200c7269b8f6f2b5af16bd6dec55f) at 2026-10-08T04:50:54Z
stage-cohort: SRR5946615_1.fastq.gz staged (536059790 bytes, md5 5bdef20bd75988b94003a19d8db0aea0, sha256 f7e8b9b3b0569e4383ced35ef0e7b040fe50fccb683ae99a52e75f42b4abdffe) at 2026-10-08T04:51:02Z
stage-cohort: SRR5946615_2.fastq.gz staged (554460529 bytes, md5 6138f15b9710c4b8ff9f39cadbc55040, sha256 cf7840698388c4a08856bf064dd14ee772c768045a76ff4f6cd60c67c44d2dc7) at 2026-10-08T04:51:17Z
stage-cohort: SRR5946631_1.fastq.gz staged (571732691 bytes, md5 f0542c4ff268f0ac9bc5bae45b3e6ad9, sha256 c32345e3ff894cdbbe78a02f6c886f22ce27d4efd94ba13af36520308cc34d49) at 2026-10-08T04:53:01Z
stage-cohort: SRR5946631_2.fastq.gz staged (577906420 bytes, md5 331367ad5cefb747af8a8725c96dbc6f, sha256 d90d098ab34c69743b259b1ef3ca7d302eaadc5700ddfb0cb2de5d8094a43ca0) at 2026-10-08T04:53:16Z
stage-cohort: SRR5946623_1.fastq.gz staged (1047313538 bytes, md5 cd5deb9a5d192b01e5ba3def01bc5e1f, sha256 7473d3c8ad11572245c2a7a259482f93e72cefc06ed4337a51f5de9244c1947a) at 2026-10-08T04:54:06Z
stage-cohort: SRR5946647_1.fastq.gz staged (216067011 bytes, md5 3f90221983f17c517fbdb50f7adcc01e, sha256 7f0842535715aedf69729eb01a8cb6a191befc29440c58e84a460c628977d1eb) at 2026-10-08T04:54:12Z
stage-cohort: SRR5946655_1.fastq.gz staged (14690202 bytes, md5 4f66d617c0927d37c2864e0eb53672f1, sha256 b6930c42c4260a1a51597b4f0980264142de5739b780aefc86647e117728c431) at 2026-10-08T04:54:12Z
stage-cohort: SRR5946655_2.fastq.gz staged (14603302 bytes, md5 1dd2f567fedcabaeba6199e33a153044, sha256 5998667242660d10459fd96be6f59e4f0198867728859283114bf2382c47485d) at 2026-10-08T04:54:19Z
stage-cohort: SRR5946647_2.fastq.gz staged (221826818 bytes, md5 3b3ebaa89456f119cd4105070f12c772, sha256 d4e4c35d580bad2d190609b77b476b457700a10b6397ee1e93436138f6a4a5b3) at 2026-10-08T04:54:26Z
stage-cohort: SRR5946639_1.fastq.gz staged (860455119 bytes, md5 25e82a8a0405e31362dc1cf15d1d20b7, sha256 1256aaa5125b5fd775d75f209d6dd101b7c74322b004a9fe9e6f2de4ed10325e) at 2026-10-08T04:54:27Z
stage-cohort: SRR5946639_2.fastq.gz staged (842547741 bytes, md5 33400d7cfb3675211320793e5f0f4a6c, sha256 04e4301dce12155398755c0fe160e2a28dd9c57a4a32859725c5e883c8642093) at 2026-10-08T04:54:56Z
stage-cohort: SRR5946623_2.fastq.gz staged (1068010495 bytes, md5 70af5bb06a1c98586bc6c10c4723fb5c, sha256 668c7a0c36bff2b432f7f8d2734ea9cf6a20ea04cc6b20f4759e284083305046) at 2026-10-08T04:55:17Z
stage-cohort: SRR5946663_2.fastq.gz staged (377870993 bytes, md5 863480262e0c842fc33a03a5c5d84552, sha256 f533587987861386f78f8a532fadf51e3f690f096ae67d20fa2d5651896febc2) at 2026-10-08T04:55:47Z
stage-cohort: SRR5946663_1.fastq.gz staged (390711217 bytes, md5 33db2c621344c3da118796808cc9c956, sha256 1dcaadbab713aa87908e1832eeab9fe698b1828f25b1616c618ea5adebb867dd) at 2026-10-08T04:56:00Z
stage-cohort: SRR5946671_2.fastq.gz staged (422709881 bytes, md5 6bd3f412eaf5738e4dc9b46f0c8475ed, sha256 665adfc373a31ee3aca6fbf65d4502e1171ecb99bf09c3c5dd56357c75562158) at 2026-10-08T04:56:06Z
stage-cohort: SRR5946671_1.fastq.gz staged (426346406 bytes, md5 a31286ee95fa7686a570368e8c42f9e1, sha256 1a85c7fcad09c057822a1497cdfdd160940b283f99c14656b33e45918b6318c3) at 2026-10-08T04:56:12Z
stage-cohort: SRR5946679_1.fastq.gz staged (438471713 bytes, md5 fb078d1e0ad74982b65e00e5f349b688, sha256 1eddb759c9fee383c444ff3532ee1dd021e6ee98ff8815b763e1080c30159072) at 2026-10-08T04:56:48Z
stage-cohort: SRR5946679_2.fastq.gz staged (443540514 bytes, md5 a8341b3b7603cca5b2e2072966003a30, sha256 bae784e61d365119a0c0cc190b4355e4ed58d8a01c9d9bd2129ac35c749f223e) at 2026-10-08T04:57:04Z
stage-cohort: SRR5946687_1.fastq.gz staged (709788782 bytes, md5 9f87b85d77436c299bcc4202f63fbd54, sha256 0dc0497a44163d641c55a1d4ea397262d57046209e89a82f4bb967f6af314322) at 2026-10-08T04:58:51Z
stage-cohort: SRR5946687_2.fastq.gz staged (746911516 bytes, md5 8615e3ad52aa4adb47825e7d147b43c0, sha256 1d38e7ac4b6a2bc601793b800457767496b33dc011bfab78fee7c80c99cf6b20) at 2026-10-08T04:59:00Z
stage-cohort: SRR5946695_1.fastq.gz staged (893793557 bytes, md5 603896f7a34206ed22036d1c0ec0d2b9, sha256 d34a7c880e6347a613a781c61d9735d5ec25c894ebeeb3c6b9b6149cb7aeeb63) at 2026-10-08T04:59:40Z
stage-cohort: SRR5946695_2.fastq.gz staged (910623383 bytes, md5 799418f3cbcb2495dcc3762199cdb27f, sha256 64c233b05cf37e19ec659b76241a5853c3bd9d05ed232e5fa0bef24f394007d4) at 2026-10-08T04:59:50Z
stage-cohort: SRR5946703_1.fastq.gz staged (840369828 bytes, md5 a4f5b6806af5911a40b1603dd30ebfed, sha256 9e93ed0cd16dd7e86e463dc1d814fa9073787c5cd3cbd67cbc2fd4aabdd450e3) at 2026-10-08T05:00:04Z
stage-cohort: SRR5946719_1.fastq.gz staged (140051218 bytes, md5 314f05307190ff9486729f86066cad46, sha256 1938371905df4ade732fa2cc458b7184b8faa3076ab9b8e6df16e2cdf4295fa3) at 2026-10-08T05:00:23Z
stage-cohort: SRR5946719_2.fastq.gz staged (138774156 bytes, md5 3e6944e26774a0981fabeca8cd6a40a2, sha256 067029e9f14f85527f70ebfbfe2d7d7a0621b6f7ba5e2488293a67f833a026bf) at 2026-10-08T05:00:24Z
stage-cohort: SRR5946711_2.fastq.gz staged (385549390 bytes, md5 bebbfa00a2d4876863c7464589ecede7, sha256 30bd86d346a23dcd4f1abcc6cfd282be720851a07809b010f24a330a4a65bf5b) at 2026-10-08T05:00:29Z
stage-cohort: SRR5946711_1.fastq.gz staged (389925760 bytes, md5 3a17eec760dffd28e4c987e490bd9c3c, sha256 c73d20f94edc67136fb0c7ec5127ffa3654296d98af3ee9a2a2694068d230e32) at 2026-10-08T05:00:37Z
stage-cohort: SRR5946703_2.fastq.gz staged (847932836 bytes, md5 64bc71b0fc62b1ae8822ab22d1666426, sha256 66e948b4a17d6dc6fc6435682c1662885510fc7672610d74e67ed9ed397ef2d2) at 2026-10-08T05:00:38Z
stage-cohort: SRR5946735_1.fastq.gz staged (217224644 bytes, md5 0972d019033c014cb06405be6fca2d94, sha256 b145bbb37adc1e476b0ac061b15a7fdaac54e21115677896c4e10c016f99864a) at 2026-10-08T05:01:30Z
stage-cohort: SRR5946735_2.fastq.gz staged (219542352 bytes, md5 07f2eec0e5c527f3f9442f5b8514a7b1, sha256 6378f8ba59bfd2261c3e6a7fdb80946d96fd3c9bb93990aa93de56d789bc9d96) at 2026-10-08T05:01:37Z
stage-cohort: SRR5946727_1.fastq.gz staged (421718167 bytes, md5 661109fe8e77da93189971a7ea26f67c, sha256 fcdfef897065b964ad3c5400f16f51068eb7c616436ae849576ab21fb006c30a) at 2026-10-08T05:01:51Z
stage-cohort: SRR5946727_2.fastq.gz staged (423370983 bytes, md5 3e3c864eb98020974d0c1d94ae8de63a, sha256 372f9116fd56068ba7731924496e89b0e35c3f7c4d384980fc745ba7e4ba004f) at 2026-10-08T05:02:00Z
stage-cohort: SRR5946743_1.fastq.gz staged (533137876 bytes, md5 5277d527907e69a6c82505cc675b73d0, sha256 6df583d8b8c34555ba80b96e52fb5230a861524ef022a369ddea50de5158fe09) at 2026-10-08T05:02:50Z
stage-cohort: SRR5946743_2.fastq.gz staged (538165798 bytes, md5 4f6a5bb6b46e5c3e83041da1898d8ce6, sha256 36ae2efa1a7476374a7114d25edd2b6ddfe2d3deb44442174ac49ed26063838c) at 2026-10-08T05:03:16Z
stage-cohort: SRR5946751_1.fastq.gz staged (498639201 bytes, md5 11675560fe35026905997b2084560dfd, sha256 5726834f812d813ba3a3e47c2cb37b49490c4d7506d1c8c4aa77bb89c1d17362) at 2026-10-08T05:03:21Z
stage-cohort: SRR5946751_2.fastq.gz staged (511474338 bytes, md5 af4c12547bcc242631f93a59309ce4c4, sha256 f55ac6cded24bb9a33ba4ae47ceac9e9c8076064a8c3e71b875771ff2106250d) at 2026-10-08T05:03:36Z
stage-cohort: SRR5946767_1.fastq.gz staged (318501382 bytes, md5 a13417ffde58d8378c19aa709941f13d, sha256 0a5969f429454d9cd3a435fc31b82b75a6109b3c7c8a893e2ad269d236aaa893) at 2026-10-08T05:04:14Z
stage-cohort: SRR5946767_2.fastq.gz staged (315660219 bytes, md5 87f3ed87bb245b0f81cf9a0a796e1925, sha256 a6be3298e3b61b56bd91b6ba50a26ceecbafb1c6d8266c71e975d6e4a2ed876f) at 2026-10-08T05:04:35Z
stage-cohort: SRR5946759_1.fastq.gz staged (615292157 bytes, md5 02396f0a67a69f6abb4043b05ca74faa, sha256 eaf1c589052b720e989ffa34133c12f7f04e13d1115a738f2728cd5ec682e70f) at 2026-10-08T05:04:35Z
stage-cohort: SRR5946759_2.fastq.gz staged (605717730 bytes, md5 f6d404172cdd9970bbe6edc6aae2c450, sha256 253251b0566eecc2dcdb9b963dac27ce472e2d7487755cb705abe1ff9c62fe13) at 2026-10-08T05:04:41Z
stage-cohort: SRR5946775_2.fastq.gz staged (340936088 bytes, md5 d20fe0cde455abac6ecbd52996b52a31, sha256 923f0eb1806d121d65863045e3e4ec884f05530936c7b1a6726a3f93cc81033b) at 2026-10-08T05:05:05Z
stage-cohort: SRR5946775_1.fastq.gz staged (339098671 bytes, md5 883db2e22a181879ccec0967df971b12, sha256 86ffaf161173a7753670713f9573278e0f78e90d1504d9a2245df5b5f231183b) at 2026-10-08T05:05:08Z
stage-cohort: SRR5946799_1.fastq.gz staged (21245276 bytes, md5 a53e642531c9074a276e76724ad8691e, sha256 5d3fd30d466d7bd421a323d27ab84efa8f55cc3de984dfe62c6b043d9d33783f) at 2026-10-08T05:05:13Z
stage-cohort: SRR5946799_2.fastq.gz staged (21208080 bytes, md5 e6e8c1e0fa65a1777600a2f274aad11a, sha256 20752a03cfc33675bf35987f09c10f4b79f264dbe9a7c4c8db775c0924f113c6) at 2026-10-08T05:05:17Z
stage-cohort: SRR5946783_1.fastq.gz staged (464276232 bytes, md5 6bf52576942a3a511179adad4e52fc74, sha256 29b7cf4112e6d9c6ecbe7c26be902b66a09f9839cee7931322f08e1baa1d796a) at 2026-10-08T05:06:09Z
stage-cohort: SRR5946783_2.fastq.gz staged (472857692 bytes, md5 ba0dfb03792de12258cda184936df8ec, sha256 26a35a3c20ae89156a5df232c28a237daf875caaa61dff74192d1e5f69e4de18) at 2026-10-08T05:06:34Z
stage-cohort: SRR5946807_1.fastq.gz staged (520521768 bytes, md5 d1172f1393daf23ff09eba17ac2dfe9c, sha256 c3a127965705d9eebb9d6ae21f7aed92fcc501c3ad3b66f9b13f0a6ac068fbfe) at 2026-10-08T05:07:13Z
stage-cohort: SRR5946807_2.fastq.gz staged (526266870 bytes, md5 f3184db90999b16cad27fbc31e0aec55, sha256 bbf79fd3ca689e6c3b4396a0b047d926f0d480caef9ac01ee4f48b645b1a7809) at 2026-10-08T05:07:24Z
stage-cohort: SRR5946791_1.fastq.gz staged (821660516 bytes, md5 970263033b98fecde591a59a93eee829, sha256 8216ce6f174f30abe9805c1a24953bf35f466e8e4c540522ef0cb9813a2c7477) at 2026-10-08T05:08:06Z
stage-cohort: SRR5946791_2.fastq.gz staged (809073822 bytes, md5 ad87fc6cb78e438f71fa957a3e895782, sha256 292fcf505e1505b772d620a66332099ccd225c8befab25b50f38c500a3ee11b1) at 2026-10-08T05:09:01Z
stage-cohort: SRR5946815_1.fastq.gz staged (861630277 bytes, md5 a2acb504eb192bb2e4bc8b1b9ac5542a, sha256 24c6ce34c079d11d9fec031616f36052349d983eff120cca1a0702242bff854e) at 2026-10-08T05:09:44Z
stage-cohort: SRR5946823_1.fastq.gz staged (704941830 bytes, md5 e39a92a5f929b778f55439640c5bebfc, sha256 7f96a150ded15e0c8103eee21e6f3f6a3eeaa2e5c5f789c53d53e1bbffdc62bb) at 2026-10-08T05:09:53Z
stage-cohort: SRR5946815_2.fastq.gz staged (857180324 bytes, md5 0dd833242fdfb6f0ff582fb85aff283f, sha256 ed8e9e449e503864d654182d5d66b2cc9e687428b29815153a7502c7acd02c62) at 2026-10-08T05:10:08Z
stage-cohort: SRR5946823_2.fastq.gz staged (702703863 bytes, md5 5de6fce5dcc57855191d17e3d0b1b7d2, sha256 9346d02780af5258fc2ba43ee6984285c783e20cf073dec25288bfa19d3c8942) at 2026-10-08T05:10:15Z
stage-cohort: SRR5946831_1.fastq.gz staged (665819471 bytes, md5 24a00a4b4c91d3ab375568f3dd551ce0, sha256 d52f42f0a82fb9f6c3ca778077d12394b49b95f97a733d4eec6a0f122f644010) at 2026-10-08T05:10:56Z
stage-cohort: SRR5946855_1.fastq.gz staged (75921115 bytes, md5 adc0d500ce4dce258024c2ca4a66a6a3, sha256 0dc243e71bb3d9e65233e21e1d2c562de250442adfb8458c5cab378c9fe226b0) at 2026-10-08T05:11:20Z
stage-cohort: SRR5946831_2.fastq.gz staged (660843356 bytes, md5 16a32687531680ee60b77c52ee26919e, sha256 187d4b236be90b17d5ac987806a2f5139955875c7dbdff3bc9d1d41cd382d1b9) at 2026-10-08T05:11:40Z
stage-cohort: SRR5946855_2.fastq.gz staged (76793049 bytes, md5 d0bd35b201e53e0fc401b10f394acdd2, sha256 41f0637d02b9b2ae808286ea02bf7cba1647fe7813fbe35e29b61ed1374cbc43) at 2026-10-08T05:11:47Z
stage-cohort: SRR5946839_1.fastq.gz staged (647506633 bytes, md5 c749039115b2bf146d8db3bd84276af3, sha256 f8cb35baf8b5e780787ae2f687c9acd248ac2e3e69043eac0bd45f3ec704b503) at 2026-10-08T05:12:20Z
stage-cohort: SRR5946839_2.fastq.gz staged (657488498 bytes, md5 72375b54dc66058caaab5081bea9df09, sha256 0721641597b52ba954ac11d0d7d617e6208a834bfed990351131a08bdb94c36f) at 2026-10-08T05:12:32Z
stage-cohort: SRR5946847_2.fastq.gz staged (935511501 bytes, md5 e0f4d57d97f8020c1870bc5c9cabea97, sha256 90144b92e8462269695f87dd865dd578e4d355c47594a9085934f78ad64695ed) at 2026-10-08T05:13:43Z
stage-cohort: SRR5946863_1.fastq.gz staged (553995807 bytes, md5 e63685939e36226d29f43517bd8433a5, sha256 bb9cb2e90f21bb3013aaef45e34c5fd2c223d4acac6af09b4a8fe299d38ee878) at 2026-10-08T05:13:47Z
stage-cohort: SRR5946847_1.fastq.gz staged (935765987 bytes, md5 66d92d892001a289e913b31c606fe3a1, sha256 9a98e363a631436bb61375e2cf2be57e4166f701c0c6474540ae112f6483fed9) at 2026-10-08T05:14:05Z
stage-cohort: SRR5946863_2.fastq.gz staged (560392630 bytes, md5 4350ba5c76ee594ce1a06df94c0f3d59, sha256 5f8dfc11b3c70778fab3cdad500a7db86fc018a6d37da879d6625d14fd7de659) at 2026-10-08T05:14:13Z
stage-cohort: SRR5946871_1.fastq.gz staged (508433228 bytes, md5 6b85b783827702741463ff825bfea1d4, sha256 1bbebd4bf19a7b11080793145f84597bb1cd25251bb050d53db98dfa61890243) at 2026-10-08T05:14:17Z
stage-cohort: SRR5946871_2.fastq.gz staged (527531772 bytes, md5 d0d9d4e3c33a7519c92f578073189300, sha256 2d1ae55596ae4c893b5f604ac97c67914ea3f30cf9602d429be3a41e5fecec32) at 2026-10-08T05:14:46Z
stage-cohort: SRR5946895_1.fastq.gz staged (447451950 bytes, md5 8a4de6ccb14153b480d855e8ceb575ec, sha256 43890af7272609d6c33ab6dd3267bf00cfc80b2a49b178084234ecd90b37bd84) at 2026-10-08T05:16:05Z
stage-cohort: SRR5946895_2.fastq.gz staged (464954701 bytes, md5 68a8861de81921fdd6e48dbe3581ea8a, sha256 5229a4f518653da73b031c08a726a2ce6bd8ada861ba9d44418c409f120c1c10) at 2026-10-08T05:16:47Z
stage-cohort: SRR5946887_1.fastq.gz staged (736589247 bytes, md5 83fd8800a1b36407d321a25aa19d39cf, sha256 3dfe4ae1dcf4914f0cd00fa0655138797ee907039dc6a301fb345217330a1e00) at 2026-10-08T05:16:54Z
stage-cohort: SRR5946887_2.fastq.gz staged (742946189 bytes, md5 17c147846e08eb684dd46433c5a07d15, sha256 0c5e3ee025e2fa41a6fcf0eb5b18009b079ad8f0424b84838f119eaf65db8541) at 2026-10-08T05:17:02Z
stage-cohort: SRR5946879_1.fastq.gz staged (735572415 bytes, md5 c7ab1ce504e6abc5a9eb2ad1c9744d3f, sha256 c7d4e16935f60996ed93752f95a818f2ee86697fd2debce438d89be68d5e4b0d) at 2026-10-08T05:17:08Z
stage-cohort: SRR5946879_2.fastq.gz staged (736440653 bytes, md5 82f3fc6da9acb88b81be3d084124ed40, sha256 46ad61b4a0feba6625151999287123c3ba1a6293dacb1a6771f212efb61f8234) at 2026-10-08T05:17:19Z
stage-cohort: SRR5946903_1.fastq.gz staged (714807158 bytes, md5 775b1aa023d2a88c25b0a3d728a4acbe, sha256 353ece542ed34d4addbf90cbc6d5b9b009eb11d8c7bc3d5d493a0a9e97d170c7) at 2026-10-08T05:19:03Z
stage-cohort: SRR5946911_1.fastq.gz staged (653059327 bytes, md5 bdc5649f8c283b06f8ebf0d0bc536c59, sha256 da1f4f073292bcb46a97662f20a655b625a2ad425c485912b9393f95a630d882) at 2026-10-08T05:19:30Z
stage-cohort: SRR5946911_2.fastq.gz staged (656492973 bytes, md5 4948b48b24f1e83bc8cd71ea00909874, sha256 bb500334db57e7f9264957594c9e92e7f036cf41b93c4e0e3379c7c93b6fac03) at 2026-10-08T05:19:40Z
stage-cohort: SRR5946903_2.fastq.gz staged (707913830 bytes, md5 b5ed19302c87d35d8d804b7a2b7db77e, sha256 74c3fbc11329e3cfa9d4abf7c59d3193d9f7e38311fc36f24fb6f1f5bf53647a) at 2026-10-08T05:19:48Z
stage-cohort: SRR5946919_1.fastq.gz staged (973054373 bytes, md5 ccc58a31f0fe3db52bfec34db703de97, sha256 bb02ba19283a9196c1c376c8c236718749b17622e6e07366fefd4fa2a253e7a5) at 2026-10-08T05:20:48Z
stage-cohort: SRR5946927_1.fastq.gz staged (478690178 bytes, md5 70b9a7efad9753c224baa10cbe7adbad, sha256 0eaa4f80bb23a968ea0608ca870bf1fdc1b00db3237a6593b65e7fb6b626481e) at 2026-10-08T05:20:50Z
stage-cohort: SRR5946919_2.fastq.gz staged (988786507 bytes, md5 b25c9b0b44c9e316b1e83e9a37d5ea44, sha256 30b6a5fecad56718aca5556d05fee7cc4adc7077e1710ef864992c40542dc6d9) at 2026-10-08T05:21:20Z
stage-cohort: SRR5946927_2.fastq.gz staged (481517118 bytes, md5 b7eee5c7f141d5c518a6be7d046c60d6, sha256 1641293218bd65d9c2e93bb8a441c6bca12a19df1cdd8eebd5947750158930cf) at 2026-10-08T05:21:35Z
stage-cohort: SRR5946935_1.fastq.gz staged (492048618 bytes, md5 e74062d5c6703a0530ea595610352b6e, sha256 84a23cabf72f86dd82d3401c61ce0b4d6723add889af2095b6ad040d4ef4de8c) at 2026-10-08T05:21:48Z
stage-cohort: SRR5946935_2.fastq.gz staged (483141547 bytes, md5 2d4e148e0d925d18665fbf42fbebc2a6, sha256 1f4ed554c841068b01b66ae7f09902bf45fee1ff5b3b8b307d50e60a8984a535) at 2026-10-08T05:22:40Z
stage-cohort: SRR5946943_1.fastq.gz staged (675692276 bytes, md5 078a9ac97de1a24ff2d61f2c297c2e28, sha256 339b4d29b1e232e5da8706958a057ad0418b0be04386b85a34041ec3b4c0ebea) at 2026-10-08T05:23:27Z
stage-cohort: SRR5946951_1.fastq.gz staged (494112772 bytes, md5 b5b401710b009806af97e0d5bfcf4297, sha256 911d23b5359fca3e3684d6dd30af9f3c8532d819bd712d4e29d70458871fd4b2) at 2026-10-08T05:23:30Z
stage-cohort: SRR5946943_2.fastq.gz staged (670463988 bytes, md5 e4e00ffef16de2bbec91f3fd9c0c338e, sha256 2b5c98d53462d509843f80f08c3e1f8e7291f065ea4e6df6f617caa0942c724e) at 2026-10-08T05:23:37Z
stage-cohort: SRR5946951_2.fastq.gz staged (489266864 bytes, md5 7ed3fbd2c62188aa15674347a47aec51, sha256 53f1a3b1ee77fb38d12a365d65920b1fc5f4f3015320ac6f08275fec2a589dfa) at 2026-10-08T05:23:52Z
stage-cohort: SRR5946959_1.fastq.gz staged (642829065 bytes, md5 b6d2e5a515cc4535b857599e121b7358, sha256 68510c03530c53d91acb5016301e141883360abf44c26303f58b07a49c06b850) at 2026-10-08T05:24:28Z
stage-cohort: SRR5946983_1.fastq.gz staged (5926329 bytes, md5 e629b231e9dac0b6ca18cb09a240bc22, sha256 d60c48ab7306b7fa98c18b285a131f241556640c66caacc94dafcd1cc3f694c0) at 2026-10-08T05:24:32Z
stage-cohort: SRR5946983_2.fastq.gz staged (5730802 bytes, md5 f300efefb974a68e8e1d7bfa71071854, sha256 7e65bdd05de2f73c1b03978031488be8dc73289f9289767d5501a637b216cf62) at 2026-10-08T05:24:35Z
stage-cohort: SRR5946967_2.fastq.gz staged (314578973 bytes, md5 bc2da870fc6e256a3259f9f75d8c302a, sha256 a135f66a766da7b004fbdf74e2e755243e20383977c55e5038b2d8daa0894cd2) at 2026-10-08T05:24:49Z
stage-cohort: SRR5946967_1.fastq.gz staged (310649240 bytes, md5 808e61ec347c139245c28fede48c4db0, sha256 379bcde5792899c7a93f76e4a6ed141eba8df4edbd52f3ee9cb3f75b91fb532e) at 2026-10-08T05:24:52Z
stage-cohort: SRR5946959_2.fastq.gz staged (645878138 bytes, md5 7e76165368eab5fea89892d420ae61b4, sha256 9e32a29e4fc92c122d6b7a356a66a03b802ca2635d5af3132d007614d5abb27f) at 2026-10-08T05:25:12Z
stage-cohort: SRR5946991_1.fastq.gz staged (417056550 bytes, md5 31e3c1fcbfc5e4ecdd91951254de309c, sha256 c67eb5954a1b4f7f03f6e9e79ffdcc289d33e52b62f51d43e9c258ed30114963) at 2026-10-08T05:26:25Z
stage-cohort: SRR5946991_2.fastq.gz staged (413074007 bytes, md5 953976f847752960b54bbb9cdc15a49b, sha256 f29627d4546968d415184ce1d2337d7b9b57337e17ae4d5c7de781df5d3640c0) at 2026-10-08T05:26:27Z
stage-cohort: SRR5946999_2.fastq.gz staged (544897059 bytes, md5 703e9afb3b9d1a14418005f00f414702, sha256 d4d773e22681d51e07b4ac0a39fb193e8e0c655df9aa49a4981ded5212880199) at 2026-10-08T05:27:20Z
stage-cohort: SRR5946999_1.fastq.gz staged (543150915 bytes, md5 a2624a99c03c8a8cdb0f1b31b830c718, sha256 99281bad4043d8acf5a0e8b602637ceec9f84a0a9d5e1d1865d7a995dea89bd3) at 2026-10-08T05:27:23Z
stage-cohort: SRR5946975_1.fastq.gz staged (1050238364 bytes, md5 cb21e9aa4d106ed93298cae97192cdc7, sha256 0dc65db96742cc751b8eec3940ee792abf6e06e3779d44678d27631142c5631e) at 2026-10-08T05:27:51Z
stage-cohort: SRR5946975_2.fastq.gz staged (1112207543 bytes, md5 4db473411e8af0e5f06606d7262b7980, sha256 7b04c7020fb1f8996090f7d6b3795996c8d03a903de88686f8b02a05da2c34df) at 2026-10-08T05:28:07Z
stage-cohort: SRR5947007_1.fastq.gz staged (748023885 bytes, md5 6e34a99c89c2b0b2ae540b3eee3b29a6, sha256 277bb6c5888d476b24acf38db29737f8d3dbe8677ffd1cf6188099f8c48c269c) at 2026-10-08T05:29:38Z
stage-cohort: SRR5947007_2.fastq.gz staged (746324786 bytes, md5 ed3db054b3d9489942fe67f70f6511fa, sha256 89e8ec7ff4e2a3d6efd7febddd64777895608aa21878757c8d786bc62ad3896a) at 2026-10-08T05:29:46Z
stage-cohort: SRR5947023_1.fastq.gz staged (463175013 bytes, md5 9de3dab03881f1da8bc89ac52641741e, sha256 e8891f50fb93d6356425a5f4465436144c5afe23ba2dcc4b85b375b571ee06fd) at 2026-10-08T05:30:00Z
stage-cohort: SRR5947023_2.fastq.gz staged (472438722 bytes, md5 2ac2b556c2ea344165a1c9b1e7f3b93a, sha256 961cf42da64282f31be75855917c62342311c5e2bffb0e7db47fea7ebefc85ec) at 2026-10-08T05:30:04Z
stage-cohort: SRR5947015_1.fastq.gz staged (774503394 bytes, md5 e59f4796d63c85233d42fd0a220a07b7, sha256 533f018c810ae234b8a892ef6c187fd09f5c019293bb6ef49f04ec31faf7e588) at 2026-10-08T05:30:28Z
stage-cohort: SRR5947015_2.fastq.gz staged (770877691 bytes, md5 ac7dd58767250fda858cb9bbc93a1191, sha256 20707da9054b2d55107e577ade59343d3adec4fffab4ff6023103a7834f7da42) at 2026-10-08T05:30:44Z
stage-cohort: SRR5947047_1.fastq.gz staged (123493175 bytes, md5 348698efcbde2853c31dd32954d890eb, sha256 bc7d207a0701cb3e3ee088a0d486114de6f156be33e12a41f7b844fd623a9682) at 2026-10-08T05:31:03Z
stage-cohort: SRR5947047_2.fastq.gz staged (120684066 bytes, md5 61891ca506c543148c2b1ae35fc45f7b, sha256 a26b645323890458330542dac41e5d980ee5cd82c60cf3ebd8aa9c1fb12d1da0) at 2026-10-08T05:31:20Z
stage-cohort: SRR5947031_2.fastq.gz staged (381765157 bytes, md5 29b1bf59c7d3a4ac5decc26824732626, sha256 ae4dc47c9cda46d57eca07e079e5e86be065b1c618a0f1026190cc6412180d3e) at 2026-10-08T05:31:23Z
stage-cohort: SRR5947031_1.fastq.gz staged (383962193 bytes, md5 dd088c52222a2949ae4ce6c54964eba4, sha256 666b8f03188a4e290d846a80cc0d8291196f592ec24b1841f82ae99bb7ddd2f2) at 2026-10-08T05:31:32Z
stage-cohort: SRR5947039_1.fastq.gz staged (650270850 bytes, md5 58b624a7600b1ddaa663107307209a2b, sha256 00727c610e6f43a38392110e331e1d59d3d7e96e1819b9bc2310608038fd20b6) at 2026-10-08T05:32:37Z
stage-cohort: SRR5947039_2.fastq.gz staged (658548641 bytes, md5 3635f620e6971b4a21b9ff37b49f42f3, sha256 b083a3028795dd0be43249f0dd8e8e2ab0354450740173bfc5dccae09cd2fd96) at 2026-10-08T05:32:47Z
stage-cohort: SRR5947063_1.fastq.gz staged (617994384 bytes, md5 280a7683dd6106bf8c48c29aa4bf6e8c, sha256 e5c9251c225104f066c6406dec17c505fff29a03aece4981d0b8119f8d98ceda) at 2026-10-08T05:33:46Z
stage-cohort: SRR5947063_2.fastq.gz staged (614239933 bytes, md5 0c09f48e915464a306acf8c10ad06dc1, sha256 c02357c64d7fd9bd1eccc4d114a03336ca8c27d7437bdaa659028f3d127d314d) at 2026-10-08T05:33:54Z
stage-cohort: SRR5947055_1.fastq.gz staged (739325148 bytes, md5 f2ad908626da50c57f05d77a66430161, sha256 26d21dd14dc0baef678ed3826f6cb88e115e968bc97813b9bda8a44408ab6ffd) at 2026-10-08T05:34:00Z
stage-cohort: SRR5947071_1.fastq.gz staged (603186304 bytes, md5 1f1cdff21ba54b225f1a3eb3cad65ccd, sha256 108ff16f2674245a880c9e3c9234dd5352977c31af98efe4b414d5b7bd00374a) at 2026-10-08T05:35:00Z
stage-cohort: SRR5947071_2.fastq.gz staged (599637138 bytes, md5 19ff36fab4ee84a1733ecc9fd5087d83, sha256 23a53e65c03af0a3afce0e3398e2837716545ef6cd24fe1583f7d27193d01f0c) at 2026-10-08T05:35:05Z
stage-cohort: SRR5947055_2.fastq.gz staged (740035293 bytes, md5 fcfbf1ed419a5503de13b4605cfa2581, sha256 90a25da985e989267a97649343774bdaa7ab1501167e8dedb3e858f6f2578917) at 2026-10-08T05:35:14Z
stage-cohort: SRR5947079_1.fastq.gz staged (471744923 bytes, md5 f5363a96c20d15fe408c98ae1fac659c, sha256 91a6f4b1b1c99f8bfad8c9f09d68d5485c546be33d487b292fa61ca9f260d117) at 2026-10-08T05:35:33Z
stage-cohort: SRR5947087_1.fastq.gz staged (362521584 bytes, md5 669e11d8279cbee8a2a9f4879d0bae6e, sha256 65c36ebee99909aeb841b66a7547d2aff73a102172989a2c2e23efedba66a99e) at 2026-10-08T05:35:44Z
stage-cohort: SRR5947079_2.fastq.gz staged (485428027 bytes, md5 469d146480a14000d790c4ef087e642d, sha256 b831c013936476ab92fbfcf88ec23d62c1228abd99b2bf19d051ce278b188159) at 2026-10-08T05:35:47Z
stage-cohort: SRR5947103_1.fastq.gz staged (59698065 bytes, md5 f4537f2012b863eb3c17822cdfd5def1, sha256 a4e219fd3b6220d26bcbc7a3f577dc22859638a0e05ac517dcbc1049caabc681) at 2026-10-08T05:35:53Z
stage-cohort: SRR5947103_2.fastq.gz staged (58418618 bytes, md5 843089172d8ef036fb6c9e023ead8394, sha256 cceac6ebf9a83b8b5e18f092950cc50d5cbecf101b3884a244467325a2579b94) at 2026-10-08T05:36:03Z
stage-cohort: SRR5947087_2.fastq.gz staged (363488319 bytes, md5 62a4ba39321d44fc0b3142c5c5d4e6fb, sha256 32cee27f792c91480aac8e4308393248d37763117b2fd67d3c13bd33044a5f99) at 2026-10-08T05:36:29Z
stage-cohort: SRR5947095_1.fastq.gz staged (807343368 bytes, md5 a898b05131e94817784de402f724ab8a, sha256 907ebf6c5e9d79fa36a192f1360ec790a0c418ed0ad9acb980937e8197445b11) at 2026-10-08T05:38:06Z
stage-cohort: SRR5947095_2.fastq.gz staged (809597504 bytes, md5 17c17e5d0d1389689dbcb36f0e87f4af, sha256 471f3b37a8e5dd195a65f199f17abf24b08d6a1f744619a77cf928fcf2e71f91) at 2026-10-08T05:38:30Z
s3://aws-kraken2-942542972736-us-west-2/aws-kraken2/data/cohort/
ak2: [2026-10-08T05:38:31Z] stage-cohort: 248 files fetched and staged, 0 present
ak2-phase	2026-10-08T05:38:31Z	1791437911	push	no
ak2: [2026-10-08T05:38:31Z] pushed out/stage.log
ak2: [2026-10-08T05:38:31Z] pushed out/staged.tsv
ak2: [2026-10-08T05:38:31Z] stage-cohort rc=0
ak2: [2026-10-08T05:38:31Z] spec body exit rc=0
ak2-phase	2026-10-08T05:38:31Z	1791437911	end	no
