Loading database information...ak2-timing	opts	0.002837	0.000020	0	0	0.000019	0.000000
ak2-timing	taxo	0.002865	0.096503	87777	0	0.020122	0.091592
ak2-timing	shard-load-3	0.162406	41.332451	41110	0	56.447821	63.482389
ak2-timing	rendezvous	41.963199	23.339617	3273	0	0.039912	0.017264
ak2-timing	connect	65.302832	0.053808	413	0	0.016888	0.000000
ak2-timing	hash	0.099418	65.257243	46787	0	56.515868	63.503602
 done.
14298074 sequences (2663.28 Mbp) processed in 14.985s (57250.0 Kseq/m, 10663.87 Mbp/m).
  14234512 sequences classified (99.56%)
  63562 sequences unclassified (0.44%)
ak2-sample	batch	0	name	0-SRR5935752	mode	parallel	s3client	sdk	rank	3	role	home	inflight	2	threads	16	start_s	65.356716	wall_s	15.432915	setup_s	0.000047	classify_s	14.984875	close_s	0.258170	report_s	0.185186	status	0	sequences	14298074	bases	2663280360	classified	14234512	place	lpt	weight	14298074
18879904 sequences (3539.14 Mbp) processed in 19.277s (58764.9 Kseq/m, 11015.78 Mbp/m).
  18627146 sequences classified (98.66%)
  252758 sequences unclassified (1.34%)
ak2-sample	batch	0	name	0-SRR5935749	mode	parallel	s3client	sdk	rank	3	role	home	inflight	2	threads	16	start_s	65.356720	wall_s	19.771771	setup_s	0.000046	classify_s	19.276728	close_s	0.297107	report_s	0.190043	status	0	sequences	18879904	bases	3539135454	classified	18627146	place	lpt	weight	18879904
12244248 sequences (2292.24 Mbp) processed in 12.308s (59687.0 Kseq/m, 11173.96 Mbp/m).
  11933067 sequences classified (97.46%)
  311181 sequences unclassified (2.54%)
ak2-sample	batch	0	name	0-SRR5935816	mode	parallel	s3client	sdk	rank	3	role	home	inflight	2	threads	16	start_s	80.789655	wall_s	12.684886	setup_s	0.000063	classify_s	12.308460	close_s	0.222175	report_s	0.146385	status	0	sequences	12244248	bases	2292238030	classified	11933067	place	lpt	weight	12244248
10554303 sequences (1946.56 Mbp) processed in 10.635s (59542.9 Kseq/m, 10981.69 Mbp/m).
  10062971 sequences classified (95.34%)
  491332 sequences unclassified (4.66%)
ak2-sample	batch	0	name	0-SRR5935778	mode	parallel	s3client	sdk	rank	3	role	home	inflight	2	threads	16	start_s	85.128565	wall_s	11.127037	setup_s	0.000067	classify_s	10.635332	close_s	0.259364	report_s	0.219649	status	0	sequences	10554303	bases	1946564732	classified	10062971	place	lpt	weight	10554303
1513694 sequences (270.73 Mbp) processed in 1.836s (49454.7 Kseq/m, 8845.24 Mbp/m).
  1488159 sequences classified (98.31%)
  25535 sequences unclassified (1.69%)
ak2-sample	batch	0	name	0-SRR5935789	mode	parallel	s3client	sdk	rank	3	role	home	inflight	2	threads	16	start_s	96.255634	wall_s	2.157964	setup_s	0.000080	classify_s	1.836463	close_s	0.205973	report_s	0.112890	status	0	sequences	1513694	bases	270732465	classified	1488159	place	lpt	weight	1513694
1341509 sequences (254.99 Mbp) processed in 1.767s (45546.8 Kseq/m, 8657.53 Mbp/m).
  1320808 sequences classified (98.46%)
  20701 sequences unclassified (1.54%)
ak2-sample	batch	0	name	0-SRR5935835	mode	parallel	s3client	sdk	rank	3	role	home	inflight	2	threads	16	start_s	98.413666	wall_s	2.065228	setup_s	0.000095	classify_s	1.767205	close_s	0.189266	report_s	0.105871	status	0	sequences	1341509	bases	254993682	classified	1320808	place	lpt	weight	1341509
10128070 sequences (1876.81 Mbp) processed in 8.417s (72196.2 Kseq/m, 13378.52 Mbp/m).
  9942775 sequences classified (98.17%)
  185295 sequences unclassified (1.83%)
ak2-sample	batch	0	name	0-SRR5935782	mode	parallel	s3client	sdk	rank	3	role	home	inflight	2	threads	16	start_s	93.474568	wall_s	8.827535	setup_s	0.000069	classify_s	8.417121	close_s	0.223450	report_s	0.180686	status	0	sequences	10128070	bases	1876810820	classified	9942775	place	lpt	weight	10128070
ak2-timing	batch-barrier-0	102.302126	3.295834	1	0	0.610499	0.026477
201473 sequences (36.75 Mbp) processed in 0.774s (15608.6 Kseq/m, 2846.76 Mbp/m).
  197603 sequences classified (98.08%)
  3870 sequences unclassified (1.92%)
ak2-sample	batch	1	name	1-SRR5935743	mode	parallel	s3client	sdk	rank	3	role	home	inflight	2	threads	16	start_s	105.598006	wall_s	1.206407	setup_s	0.000040	classify_s	0.774468	close_s	0.346708	report_s	0.084422	status	0	sequences	201473	bases	36745424	classified	197603	place	mod	weight	201473
13010149 sequences (2394.73 Mbp) processed in 13.070s (59727.4 Kseq/m, 10993.82 Mbp/m).
  12910203 sequences classified (99.23%)
  99946 sequences unclassified (0.77%)
ak2-sample	batch	1	name	1-SRR5935775	mode	parallel	s3client	sdk	rank	3	role	home	inflight	2	threads	16	start_s	106.804439	wall_s	13.429326	setup_s	0.000077	classify_s	13.069525	close_s	0.225481	report_s	0.128069	status	0	sequences	13010149	bases	2394732661	classified	12910203	place	mod	weight	13010149
15312868 sequences (2847.18 Mbp) processed in 14.758s (62256.8 Kseq/m, 11575.63 Mbp/m).
  13152387 sequences classified (85.89%)
  2160481 sequences unclassified (14.11%)
ak2-sample	batch	1	name	1-SRR5935759	mode	parallel	s3client	sdk	rank	3	role	home	inflight	2	threads	16	start_s	105.597989	wall_s	15.286459	setup_s	0.000047	classify_s	14.757774	close_s	0.208676	report_s	0.306567	status	0	sequences	15312868	bases	2847175138	classified	13152387	place	mod	weight	15312868
10140194 sequences (1929.10 Mbp) processed in 10.603s (57379.7 Kseq/m, 10916.09 Mbp/m).
  10096895 sequences classified (99.57%)
  43299 sequences unclassified (0.43%)
ak2-sample	batch	1	name	1-SRR5935791	mode	parallel	s3client	sdk	rank	3	role	home	inflight	2	threads	16	start_s	120.233790	wall_s	10.979815	setup_s	0.000071	classify_s	10.603263	close_s	0.233924	report_s	0.137907	status	0	sequences	10140194	bases	1929101997	classified	10096895	place	mod	weight	10140194
16708997 sequences (3043.02 Mbp) processed in 16.267s (61631.9 Kseq/m, 11224.33 Mbp/m).
  15000245 sequences classified (89.77%)
  1708752 sequences unclassified (10.23%)
ak2-sample	batch	1	name	1-SRR5935807	mode	parallel	s3client	sdk	rank	3	role	home	inflight	2	threads	16	start_s	120.884542	wall_s	16.717458	setup_s	0.000071	classify_s	16.266576	close_s	0.260177	report_s	0.169647	status	0	sequences	16708997	bases	3043023590	classified	15000245	place	mod	weight	16708997
1085628 sequences (199.24 Mbp) processed in 1.465s (44450.6 Kseq/m, 8157.98 Mbp/m).
  1061820 sequences classified (97.81%)
  23808 sequences unclassified (2.19%)
ak2-sample	batch	1	name	1-SRR5935839	mode	parallel	s3client	sdk	rank	3	role	home	inflight	2	threads	16	start_s	137.602032	wall_s	1.829948	setup_s	0.000069	classify_s	1.465395	close_s	0.246719	report_s	0.115211	status	0	sequences	1085628	bases	199244471	classified	1061820	place	mod	weight	1085628
20770968 sequences (3886.70 Mbp) processed in 14.886s (83722.7 Kseq/m, 15666.33 Mbp/m).
  20594735 sequences classified (99.15%)
  176233 sequences unclassified (0.85%)
ak2-sample	batch	1	name	1-SRR5935823	mode	parallel	s3client	sdk	rank	3	role	home	inflight	2	threads	16	start_s	131.213633	wall_s	15.302555	setup_s	0.000075	classify_s	14.885540	close_s	0.287731	report_s	0.123201	status	0	sequences	20770968	bases	3886695944	classified	20594735	place	mod	weight	20770968
ak2-timing	batch-barrier-1	146.516211	4.367300	516	0	0.869820	0.192981
14298074 sequences (2663.28 Mbp) processed in 15.075s (56906.5 Kseq/m, 10599.88 Mbp/m).
  14234512 sequences classified (99.56%)
  63562 sequences unclassified (0.44%)
ak2-sample	batch	2	name	2-SRR5935752	mode	parallel	s3client	sdk	rank	3	role	home	inflight	2	threads	16	start_s	150.883558	wall_s	15.457426	setup_s	0.000053	classify_s	15.075344	close_s	0.257065	report_s	0.120837	status	0	sequences	14298074	bases	2663280360	classified	14234512	place	lpt	weight	14298074
18879904 sequences (3539.14 Mbp) processed in 19.249s (58849.9 Kseq/m, 11031.72 Mbp/m).
  18627146 sequences classified (98.66%)
  252758 sequences unclassified (1.34%)
ak2-sample	batch	2	name	2-SRR5935749	mode	parallel	s3client	sdk	rank	3	role	home	inflight	2	threads	16	start_s	150.883561	wall_s	19.723106	setup_s	0.000051	classify_s	19.248871	close_s	0.226582	report_s	0.239903	status	0	sequences	18879904	bases	3539135454	classified	18627146	place	lpt	weight	18879904
12244248 sequences (2292.24 Mbp) processed in 12.279s (59831.5 Kseq/m, 11201.02 Mbp/m).
  11933067 sequences classified (97.46%)
  311181 sequences unclassified (2.54%)
ak2-sample	batch	2	name	2-SRR5935816	mode	parallel	s3client	sdk	rank	3	role	home	inflight	2	threads	16	start_s	166.341012	wall_s	12.681488	setup_s	0.000062	classify_s	12.278725	close_s	0.245631	report_s	0.149709	status	0	sequences	12244248	bases	2292238030	classified	11933067	place	lpt	weight	12244248
10554303 sequences (1946.56 Mbp) processed in 10.837s (58436.1 Kseq/m, 10777.56 Mbp/m).
  10062971 sequences classified (95.34%)
  491332 sequences unclassified (4.66%)
ak2-sample	batch	2	name	2-SRR5935778	mode	parallel	s3client	sdk	rank	3	role	home	inflight	2	threads	16	start_s	170.606697	wall_s	11.336883	setup_s	0.000062	classify_s	10.836764	close_s	0.328935	report_s	0.158331	status	0	sequences	10554303	bases	1946564732	classified	10062971	place	lpt	weight	10554303
1513694 sequences (270.73 Mbp) processed in 1.823s (49809.9 Kseq/m, 8908.77 Mbp/m).
  1488159 sequences classified (98.31%)
  25535 sequences unclassified (1.69%)
ak2-sample	batch	2	name	2-SRR5935789	mode	parallel	s3client	sdk	rank	3	role	home	inflight	2	threads	16	start_s	181.943667	wall_s	2.154319	setup_s	0.000075	classify_s	1.823367	close_s	0.202174	report_s	0.126277	status	0	sequences	1513694	bases	270732465	classified	1488159	place	lpt	weight	1513694
1341509 sequences (254.99 Mbp) processed in 1.840s (43741.6 Kseq/m, 8314.39 Mbp/m).
  1320808 sequences classified (98.46%)
  20701 sequences unclassified (1.54%)
ak2-sample	batch	2	name	2-SRR5935835	mode	parallel	s3client	sdk	rank	3	role	home	inflight	2	threads	16	start_s	184.098011	wall_s	2.194478	setup_s	0.000080	classify_s	1.840138	close_s	0.247725	report_s	0.103796	status	0	sequences	1341509	bases	254993682	classified	1320808	place	lpt	weight	1341509
10128070 sequences (1876.81 Mbp) processed in 8.638s (70349.1 Kseq/m, 13036.23 Mbp/m).
  9942775 sequences classified (98.17%)
  185295 sequences unclassified (1.83%)
ak2-sample	batch	2	name	2-SRR5935782	mode	parallel	s3client	sdk	rank	3	role	home	inflight	2	threads	16	start_s	179.022524	wall_s	9.134995	setup_s	0.000057	classify_s	8.638128	close_s	0.285807	report_s	0.205032	status	0	sequences	10128070	bases	1876810820	classified	9942775	place	lpt	weight	10128070
ak2-timing	batch-barrier-2	188.157538	3.170018	1	0	0.485249	0.023560
ak2-timing	barrier	197.703614	0.347270	0	0	0.002510	0.009467
ak2-sample	batch	3	name	3-SRR5935740	mode	striped	s3client	sdk	rank	3	role	peer	inflight	1	threads	16	start_s	191.994664	wall_s	6.056269	setup_s	0.000044	classify_s	5.703916	close_s	0.000000	report_s	0.000000	status	0	sequences	0	bases	0	classified	0	place	-	weight	-
ak2-timing	batch-barrier-3	198.050942	0.498339	127	0	0.005165	0.000421
ak2-timing	barrier	205.063092	0.060672	0	0	0.000096	0.000007
ak2-sample	batch	4	name	4-SRR5935740	mode	striped	s3client	sdk	rank	3	role	peer	inflight	1	threads	16	start_s	199.354053	wall_s	5.769755	setup_s	0.000056	classify_s	5.703877	close_s	0.000000	report_s	0.000000	status	0	sequences	0	bases	0	classified	0	place	-	weight	-
ak2-timing	batch-barrier-4	205.123817	0.527195	127	0	0.007197	0.000000
ak2-timing	barrier	212.216365	0.009680	0	0	0.000035	0.000002
ak2-sample	batch	5	name	5-SRR5935740	mode	striped	s3client	sdk	rank	3	role	peer	inflight	1	threads	16	start_s	206.447850	wall_s	5.778244	setup_s	0.000049	classify_s	5.764138	close_s	0.000000	report_s	0.000000	status	0	sequences	0	bases	0	classified	0	place	-	weight	-
ak2-timing	batch-barrier-5	212.226104	0.814939	1	0	0.007867	0.000000
ak2-timing	batch-barrier-6	213.041063	7.089501	0	0	0.709882	0.092531
ak2-timing	batch-barrier-7	220.130582	7.140981	0	0	0.647191	0.158532
ak2-timing	batch-barrier-8	227.271583	7.230932	2	0	0.730581	0.084597
ak2-engine	shard	0	n	16	lo	55738672114	hi	74318229485	tail	302	full	false	empty_at	18579557370	keys	8470412349	batches	89910	probe_s	214.321094	tail_probes	0	wrap_probes	0
ak2-engine	rendezvous	puts	13	gets	476
ak2-engine	s3	client	sdk	put	34	get	476	create_multipart	21	upload_part	2157	complete_multipart	21	abort_multipart	0	part_bytes	18001191177
ak2-engine	s3	client	cli	put	0	get	0	create_multipart	0	upload_part	0	complete_multipart	0	abort_multipart	0	part_bytes	0
ak2-engine	load	seconds	41.332448	requests	1126	retries	0	bytes	74318296292
ak2-engine	route	transport	nodes	calls	5734	keys	8665196449	batches	91744	route_s	100.699957	wait_s	347.935284	gather_s	19.181434
ak2-engine	worker	scan_s	765.975590	lookup_s	467.824315	classify_s	663.626873
ak2-timing	total	0.000001	234.634113	9958927	0	1713.292815	138.679377
