Loading database information...ak2-timing	opts	0.003148	0.000017	0	0	0.000015	0.000000
ak2-timing	taxo	0.003172	0.093498	87818	0	0.002188	0.094036
ak2-engine	mem	t_s	15.0	rss_kib	26638032	hwm_kib	26638036	heap_inuse	406700032	sys	444389736	avail_kib	68250264
ak2-timing	shard-load-19	0.166305	23.325824	25024	0	25.719200	28.368614
ak2-engine	mem	t_s	30.0	rss_kib	36690676	hwm_kib	36690680	heap_inuse	410255360	sys	444651880	avail_kib	58557824
ak2-timing	rendezvous	25.200916	14.285907	8344	0	0.104197	0.029905
ak2-timing	connect	39.486845	0.293446	4688	0	0.182304	0.030034
ak2-timing	hash	0.096769	39.683550	39851	0	26.017496	28.431540
 done.
ak2-engine	mem	t_s	45.0	rss_kib	55258592	hwm_kib	55258592	heap_inuse	11098890240	sys	19925613256	avail_kib	39924864
9337913 sequences (1691.90 Mbp) processed in 8.543s (65585.7 Kseq/m, 11883.22 Mbp/m).
  8897092 sequences classified (95.28%)
  440821 sequences unclassified (4.72%)
ak2-sample	batch	0	name	0-SRR5935837	mode	parallel	s3client	sdk	rank	19	role	home	inflight	6	threads	16	start_s	39.780358	wall_s	9.174155	setup_s	0.000046	classify_s	8.542639	close_s	0.351955	report_s	0.270054	status	0	sequences	9337913	bases	1691901005	classified	8897092	place	lpt	weight	9337913
12244248 sequences (2292.24 Mbp) processed in 10.459s (70242.8 Kseq/m, 13150.11 Mbp/m).
  11933067 sequences classified (97.46%)
  311181 sequences unclassified (2.54%)
ak2-sample	batch	0	name	0-SRR5935816	mode	parallel	s3client	sdk	rank	19	role	home	inflight	6	threads	16	start_s	39.780380	wall_s	10.949339	setup_s	0.000038	classify_s	10.458796	close_s	0.244703	report_s	0.234667	status	0	sequences	12244248	bases	2292238030	classified	11933067	place	lpt	weight	12244248
15312868 sequences (2847.18 Mbp) processed in 11.473s (80084.5 Kseq/m, 14890.40 Mbp/m).
  13152387 sequences classified (85.89%)
  2160481 sequences unclassified (14.11%)
ak2-sample	batch	0	name	0-SRR5935759	mode	parallel	s3client	sdk	rank	19	role	home	inflight	6	threads	16	start_s	39.780391	wall_s	11.910021	setup_s	0.000036	classify_s	11.472529	close_s	0.277901	report_s	0.148001	status	0	sequences	15312868	bases	2847175138	classified	13152387	place	lpt	weight	15312868
ak2-timing	batch-barrier-0	51.690427	1.868983	3	0	0.152165	0.015171
ak2-engine	mem	t_s	60.0	rss_kib	55530252	hwm_kib	55734244	heap_inuse	17928855552	sys	20318681896	avail_kib	38322432
10140194 sequences (1929.10 Mbp) processed in 9.268s (65646.7 Kseq/m, 12488.83 Mbp/m).
  10096895 sequences classified (99.57%)
  43299 sequences unclassified (0.43%)
ak2-sample	batch	1	name	1-SRR5935791	mode	parallel	s3client	sdk	rank	19	role	home	inflight	6	threads	16	start_s	53.559467	wall_s	9.747850	setup_s	0.000036	classify_s	9.267973	close_s	0.325309	report_s	0.149720	status	0	sequences	10140194	bases	1929101997	classified	10096895	place	mod	weight	10140194
15312868 sequences (2847.18 Mbp) processed in 11.242s (81724.2 Kseq/m, 15195.26 Mbp/m).
  13152387 sequences classified (85.89%)
  2160481 sequences unclassified (14.11%)
ak2-sample	batch	1	name	1-SRR5935759	mode	parallel	s3client	sdk	rank	19	role	home	inflight	6	threads	16	start_s	53.559460	wall_s	11.704347	setup_s	0.000036	classify_s	11.242356	close_s	0.299631	report_s	0.146959	status	0	sequences	15312868	bases	2847175138	classified	13152387	place	mod	weight	15312868
20770968 sequences (3886.70 Mbp) processed in 14.058s (88651.1 Kseq/m, 16588.53 Mbp/m).
  20594735 sequences classified (99.15%)
  176233 sequences unclassified (0.85%)
ak2-sample	batch	1	name	1-SRR5935823	mode	parallel	s3client	sdk	rank	19	role	home	inflight	6	threads	16	start_s	53.559441	wall_s	14.506333	setup_s	0.000046	classify_s	14.058013	close_s	0.312627	report_s	0.129978	status	0	sequences	20770968	bases	3886695944	classified	20594735	place	mod	weight	20770968
ak2-timing	batch-barrier-1	68.065793	1.038944	4	0	0.021152	0.000000
ak2-engine	mem	t_s	75.0	rss_kib	55925724	hwm_kib	55925724	heap_inuse	13491060736	sys	20320721704	avail_kib	37766308
9337913 sequences (1691.90 Mbp) processed in 7.974s (70264.6 Kseq/m, 12730.97 Mbp/m).
  8897092 sequences classified (95.28%)
  440821 sequences unclassified (4.72%)
ak2-sample	batch	2	name	2-SRR5935837	mode	parallel	s3client	sdk	rank	19	role	home	inflight	6	threads	16	start_s	69.104777	wall_s	8.479720	setup_s	0.000042	classify_s	7.973788	close_s	0.327397	report_s	0.168576	status	0	sequences	9337913	bases	1691901005	classified	8897092	place	lpt	weight	9337913
12244248 sequences (2292.24 Mbp) processed in 10.030s (73249.1 Kseq/m, 13712.92 Mbp/m).
  11933067 sequences classified (97.46%)
  311181 sequences unclassified (2.54%)
ak2-sample	batch	2	name	2-SRR5935816	mode	parallel	s3client	sdk	rank	19	role	home	inflight	6	threads	16	start_s	69.104801	wall_s	10.524208	setup_s	0.000033	classify_s	10.029540	close_s	0.347735	report_s	0.140029	status	0	sequences	12244248	bases	2292238030	classified	11933067	place	lpt	weight	12244248
15312868 sequences (2847.18 Mbp) processed in 10.639s (86360.8 Kseq/m, 16057.36 Mbp/m).
  13152387 sequences classified (85.89%)
  2160481 sequences unclassified (14.11%)
ak2-sample	batch	2	name	2-SRR5935759	mode	parallel	s3client	sdk	rank	19	role	home	inflight	6	threads	16	start_s	69.104793	wall_s	11.117517	setup_s	0.000036	classify_s	10.638767	close_s	0.254458	report_s	0.212493	status	0	sequences	15312868	bases	2847175138	classified	13152387	place	lpt	weight	15312868
ak2-timing	batch-barrier-2	80.222332	4.182401	2	0	0.994947	0.141904
ak2-engine	mem	t_s	90.0	rss_kib	38965388	hwm_kib	56567668	heap_inuse	2560212992	sys	20833270696	avail_kib	53580048
ak2-timing	barrier	90.949702	0.011027	0	0	0.000033	0.000003
ak2-sample	batch	3	name	3-SRR5935740	mode	striped	s3client	sdk	rank	19	role	peer	inflight	1	threads	16	start_s	85.218878	wall_s	5.741898	setup_s	0.000039	classify_s	5.728629	close_s	0.000000	report_s	0.000000	status	0	sequences	0	bases	0	classified	0	place	-	weight	-
ak2-timing	batch-barrier-3	90.960783	1.006467	9	0	0.008173	0.000000
ak2-timing	barrier	98.739085	0.110617	0	0	0.001247	0.000118
ak2-sample	batch	4	name	4-SRR5935740	mode	striped	s3client	sdk	rank	19	role	peer	inflight	1	threads	16	start_s	93.027511	wall_s	5.822237	setup_s	0.000042	classify_s	5.708564	close_s	0.000000	report_s	0.000000	status	0	sequences	0	bases	0	classified	0	place	-	weight	-
ak2-timing	batch-barrier-4	98.849756	0.893083	296	0	0.007453	0.000707
ak2-engine	mem	t_s	105.0	rss_kib	38697424	hwm_kib	56567668	heap_inuse	1594572800	sys	20833270696	avail_kib	56075144
ak2-timing	barrier	106.678853	0.073109	0	0	0.000115	0.000011
ak2-sample	batch	5	name	5-SRR5935740	mode	striped	s3client	sdk	rank	19	role	peer	inflight	1	threads	16	start_s	100.962615	wall_s	5.789391	setup_s	0.000040	classify_s	5.713971	close_s	0.000000	report_s	0.000000	status	0	sequences	0	bases	0	classified	0	place	-	weight	-
ak2-timing	batch-barrier-5	106.752014	0.908211	3	0	0.000000	0.008093
ak2-timing	batch-barrier-6	107.660240	7.468318	0	0	0.319736	0.038272
ak2-engine	mem	t_s	120.0	rss_kib	39174028	hwm_kib	56567668	heap_inuse	1787797504	sys	20833270696	avail_kib	56048844
ak2-timing	batch-barrier-7	115.128584	6.520622	4	0	0.359675	0.008172
ak2-timing	batch-barrier-8	121.649233	7.524115	2	0	0.306681	0.059045
ak2-engine	shard	0	n	32	lo	176505795028	hi	185795573713	tail	302	full	false	empty_at	9289778689	keys	4239697416	batches	89910	probe_s	89.499216	tail_probes	0	wrap_probes	0
ak2-engine	mem	t_s	129.2	rss_kib	39174036	hwm_kib	56567668	heap_inuse	1789689856	sys	20833270696	avail_kib	56155484
ak2-engine	rendezvous	puts	13	gets	641
ak2-engine	s3	client	sdk	put	22	get	641	create_multipart	9	upload_part	1282	complete_multipart	9	abort_multipart	0	part_bytes	10696282337
ak2-engine	s3	client	cli	put	0	get	0	create_multipart	0	upload_part	0	complete_multipart	0	abort_multipart	0	part_bytes	0
ak2-engine	load	seconds	23.325820	requests	572	retries	0	bytes	37159181548
ak2-engine	route	transport	nodes	calls	3202	keys	4823589880	batches	102464	route_s	43.673195	wait_s	739.788578	gather_s	9.773206
ak2-engine	worker	scan_s	341.744704	lookup_s	793.236981	classify_s	261.711806
ak2-timing	total	0.000001	129.240929	10010860	0	952.759602	89.564738
