ak2: log tee up
ak2-phase	2026-10-08T05:44:04Z	1791438244	preamble	no
ak2: [2026-10-08T05:44:04Z] inherited $-=hBc (stub, as spawn started it: $-=hBc)
ak2: [2026-10-08T05:44:04Z] after set +e $-=hBc
ak2: [2026-10-08T05:44:04Z] gate=g3 run=20261008-054327-1a4dbfe-0536-n16-r7
ak2: [2026-10-08T05:44:04Z] aws shim installed and self-tested (/tmp/ak2-bin/aws -> /usr/bin/aws)
ak2: [2026-10-08T05:44:04Z] imds region=us-west-2 az=us-west-2a instance=i-08873d738233955bb type=c8g.16xlarge ami=ami-09325776a00699513
ak2: [2026-10-08T05:44:04Z] bucket aws-kraken2-942542972736-us-west-2 region=us-west-2
ak2: [2026-10-08T05:44:04Z] bucket aws-kraken2-942542972736-us-west-2 payer=UNKNOWN
ak2: [2026-10-08T05:44:04Z] WARN: could not read Payer of aws-kraken2-942542972736-us-west-2 from the instance (launch host verified it)
ak2: [2026-10-08T05:44:05Z] bucket kraken2-ncbi-refseq-complete-v205 region=us-west-2
ak2: [2026-10-08T05:44:05Z] bucket kraken2-ncbi-refseq-complete-v205 payer=BucketOwner
ak2: [2026-10-08T05:44:05Z] region assert passed
ak2: [2026-10-08T05:44:05Z] drop_caches_ok=true
ak2: [2026-10-08T05:44:06Z] preamble done; spec body starts
ak2-phase	2026-10-08T05:44:06Z	1791438246	body	no
ak2: [2026-10-08T05:44:06Z] e3 cohort 20261008-054327-1a4dbfe-0536-n16 rank 7 of 16, commit 1a4dbfe; RODA kraken2-ncbi-refseq-complete-v205/Kraken2_RefSeqCompleteV205; samples aws-kraken2-942542972736-us-west-2/aws-kraken2/data/cohort; cohort 100
ak2-phase	2026-10-08T05:44:06Z	1791438246	setup	no
ak2: [2026-10-08T05:44:37Z] built 1a4dbfe0bf36fd5744d2631453752d4e835af8b7; go version go1.27.1 linux/arm64; ip 172.31.22.30; nproc 64; mem_gib 123; threads 16, inflight 4
ak2-phase	2026-10-08T05:44:37Z	1791438277	manifest	no
ak2: [2026-10-08T05:44:37Z] staged s3://kraken2-ncbi-refseq-complete-v205/Kraken2_RefSeqCompleteV205/opts.k2d -> /home/ec2-user/ak2/db/roda/opts.k2d (56 bytes)
ak2: [2026-10-08T05:44:38Z] staged s3://kraken2-ncbi-refseq-complete-v205/Kraken2_RefSeqCompleteV205/taxo.k2d -> /home/ec2-user/ak2/db/roda/taxo.k2d (179150665 bytes)
ak2: [2026-10-08T05:44:39Z] RODA hash.k2d etag=f80959f9556b50d76b3e744afdd3b22a-8860 size=1189091671800
ak2: [2026-10-08T05:44:39Z] pushed out/rank7/c100.tsv
ak2: [2026-10-08T05:44:40Z] pushed out/rank7/placement.tsv
ak2: [2026-10-08T05:44:40Z] manifest c100: 306 lines in 9 batches; rank 7 reads 13 samples
ak2-phase	2026-10-08T05:44:40Z	1791438280	fetch	no
ak2: [2026-10-08T05:44:48Z] inputs staged and verified: 26 files, 12.83 GB
ak2: [2026-10-08T05:44:48Z] manifest c100: cohort: 306 samples in 9 batches check
ak2-phase	2026-10-08T05:44:48Z	1791438288	inv-c100	no
[c100] ak2-timing	taxo	0.003402	0.112322	87895	0	0.043046	0.072942
[c100] ak2-engine	mem	t_s	15.0	rss_kib	51436480	hwm_kib	51436484	heap_inuse	409346048	sys	451983720	avail_kib	75335668
[c100] ak2-timing	shard-load-7	0.172944	21.581504	43413	0	39.792131	37.849431
[c100] ak2-engine	mem	t_s	30.0	rss_kib	72983336	hwm_kib	72983340	heap_inuse	413925376	sys	456178024	avail_kib	54089020
[c100] ak2-engine	mem	t_s	45.0	rss_kib	72984020	hwm_kib	72984020	heap_inuse	415686656	sys	456243560	avail_kib	54469352
[c100] ak2-engine	mem	t_s	60.0	rss_kib	72984508	hwm_kib	72984512	heap_inuse	416186368	sys	460437864	avail_kib	54505216
[c100] ak2-engine	mem	t_s	75.0	rss_kib	72985320	hwm_kib	72985320	heap_inuse	416833536	sys	460437864	avail_kib	54608176
[c100] ak2-engine	mem	t_s	90.0	rss_kib	72985816	hwm_kib	72985816	heap_inuse	417439744	sys	460437864	avail_kib	54597248
[c100] ak2-engine	mem	t_s	105.0	rss_kib	72986384	hwm_kib	72986388	heap_inuse	418037760	sys	460437864	avail_kib	54604540
[c100] ak2-engine	mem	t_s	120.0	rss_kib	72987028	hwm_kib	72987032	heap_inuse	418693120	sys	460437864	avail_kib	54599592
[c100] ak2-engine	mem	t_s	135.0	rss_kib	72988028	hwm_kib	72988032	heap_inuse	191438848	sys	460806504	avail_kib	54620556
[c100] ak2-engine	mem	t_s	150.0	rss_kib	72988140	hwm_kib	72988140	heap_inuse	191848448	sys	460806504	avail_kib	54564140
[c100] ak2-engine	mem	t_s	165.0	rss_kib	72988168	hwm_kib	72988172	heap_inuse	192208896	sys	460806504	avail_kib	54620060
[c100] ak2-engine	mem	t_s	180.0	rss_kib	72988276	hwm_kib	72988284	heap_inuse	192806912	sys	460806504	avail_kib	54590336
[c100] ak2-engine	mem	t_s	195.0	rss_kib	72988300	hwm_kib	72988300	heap_inuse	193372160	sys	460806504	avail_kib	54609644
[c100] ak2-engine	mem	t_s	210.0	rss_kib	72988304	hwm_kib	72988304	heap_inuse	193937408	sys	460806504	avail_kib	54610412
[c100] ak2-engine	mem	t_s	225.0	rss_kib	72988316	hwm_kib	72988316	heap_inuse	194560000	sys	460806504	avail_kib	54579864
[c100] ak2-engine	mem	t_s	240.0	rss_kib	72988320	hwm_kib	72988320	heap_inuse	195158016	sys	460806504	avail_kib	54618072
[c100] ak2-engine	mem	t_s	255.0	rss_kib	72800988	hwm_kib	72985788	heap_inuse	188399616	sys	460839272	avail_kib	54806328
[c100] ak2-engine	mem	t_s	270.0	rss_kib	72800996	hwm_kib	72985788	heap_inuse	188792832	sys	460839272	avail_kib	54807444
[c100] ak2-engine	mem	t_s	285.0	rss_kib	72800996	hwm_kib	72985788	heap_inuse	189415424	sys	460839272	avail_kib	54797368
[c100] ak2-engine	mem	t_s	300.0	rss_kib	72800996	hwm_kib	72985788	heap_inuse	190005248	sys	460839272	avail_kib	54817508
[c100] ak2-engine	mem	t_s	315.0	rss_kib	72800996	hwm_kib	72985788	heap_inuse	190545920	sys	460839272	avail_kib	54825356
[c100] ak2-engine	mem	t_s	330.0	rss_kib	72800996	hwm_kib	72985788	heap_inuse	191250432	sys	460839272	avail_kib	54793556
[c100] ak2-engine	mem	t_s	345.0	rss_kib	72801000	hwm_kib	72985788	heap_inuse	191913984	sys	460839272	avail_kib	54815336
[c100] ak2-engine	mem	t_s	360.0	rss_kib	72801008	hwm_kib	72985788	heap_inuse	192528384	sys	460839272	avail_kib	54821940
[c100] ak2-engine	mem	t_s	375.0	rss_kib	72798820	hwm_kib	72985788	heap_inuse	188375040	sys	460855656	avail_kib	54833876
[c100] ak2-engine	mem	t_s	390.0	rss_kib	72798820	hwm_kib	72985788	heap_inuse	188760064	sys	460855656	avail_kib	54809324
[c100] ak2-engine	mem	t_s	405.0	rss_kib	72798828	hwm_kib	72985788	heap_inuse	189317120	sys	460855656	avail_kib	54836740
[c100] ak2-engine	mem	t_s	420.0	rss_kib	72798828	hwm_kib	72985788	heap_inuse	189865984	sys	460855656	avail_kib	54834512
[c100] ak2-engine	mem	t_s	435.0	rss_kib	72798844	hwm_kib	72985788	heap_inuse	190472192	sys	460855656	avail_kib	54833540
[c100] ak2-engine	mem	t_s	450.0	rss_kib	72798848	hwm_kib	72985788	heap_inuse	191102976	sys	460855656	avail_kib	54773568
[c100] ak2-engine	mem	t_s	465.0	rss_kib	72798856	hwm_kib	72985788	heap_inuse	191774720	sys	460855656	avail_kib	54828716
[c100] ak2-engine	mem	t_s	480.0	rss_kib	72798872	hwm_kib	72985788	heap_inuse	192569344	sys	460855656	avail_kib	54818120
[c100] ak2-engine	mem	t_s	495.0	rss_kib	72798940	hwm_kib	72985788	heap_inuse	188260352	sys	460872040	avail_kib	54810652
[c100] ak2-engine	mem	t_s	510.0	rss_kib	72798940	hwm_kib	72985788	heap_inuse	188686336	sys	460872040	avail_kib	54821684
[c100] ak2-engine	mem	t_s	525.0	rss_kib	72798940	hwm_kib	72985788	heap_inuse	189194240	sys	460872040	avail_kib	54813024
[c100] ak2-engine	mem	t_s	540.0	rss_kib	72798940	hwm_kib	72985788	heap_inuse	189726720	sys	460872040	avail_kib	54824824
[c100] ak2-engine	mem	t_s	555.0	rss_kib	72798940	hwm_kib	72985788	heap_inuse	190308352	sys	460872040	avail_kib	54810228
[c100] ak2-engine	mem	t_s	570.0	rss_kib	72798940	hwm_kib	72985788	heap_inuse	190971904	sys	460872040	avail_kib	54830368
[c100] ak2-engine	mem	t_s	585.0	rss_kib	72798940	hwm_kib	72985788	heap_inuse	191725568	sys	460872040	avail_kib	54832240
Terminated
ak2: [2026-10-08T05:54:36Z] spec body exit rc=129 (SIGHUP)
ak2-phase	2026-10-08T05:54:36Z	1791438876	end	no
