ak2: log tee up
ak2-phase	2026-10-08T16:15:10Z	1791476110	preamble	no
ak2: [2026-10-08T16:15:10Z] inherited $-=hBc (stub, as spawn started it: $-=hBc)
ak2: [2026-10-08T16:15:10Z] after set +e $-=hBc
ak2: [2026-10-08T16:15:10Z] gate=g3 run=20261008-161358-a8e9217-721c-n32-r17
ak2: [2026-10-08T16:15:10Z] aws shim installed and self-tested (/tmp/ak2-bin/aws -> /usr/bin/aws)
ak2: [2026-10-08T16:15:10Z] imds region=us-west-2 az=us-west-2a instance=i-0600aa96486af5b6c type=c8g.12xlarge ami=ami-09325776a00699513
ak2: [2026-10-08T16:15:10Z] bucket aws-kraken2-942542972736-us-west-2 region=us-west-2
ak2: [2026-10-08T16:15:11Z] bucket aws-kraken2-942542972736-us-west-2 payer=UNKNOWN
ak2: [2026-10-08T16:15:11Z] WARN: could not read Payer of aws-kraken2-942542972736-us-west-2 from the instance (launch host verified it)
ak2: [2026-10-08T16:15:11Z] bucket kraken2-ncbi-refseq-complete-v205 region=us-west-2
ak2: [2026-10-08T16:15:11Z] bucket kraken2-ncbi-refseq-complete-v205 payer=BucketOwner
ak2: [2026-10-08T16:15:11Z] region assert passed
ak2: [2026-10-08T16:15:11Z] drop_caches_ok=true
ak2: [2026-10-08T16:15:12Z] preamble done; spec body starts
ak2-phase	2026-10-08T16:15:12Z	1791476112	body	no
ak2: [2026-10-08T16:15:12Z] e4 cohort 20261008-161358-a8e9217-721c-n32 rank 17 of 32, commit a8e9217; RODA kraken2-ncbi-refseq-complete-v205/Kraken2_RefSeqCompleteV205; samples aws-kraken2-942542972736-us-west-2/aws-kraken2/data/cohort; cohort 100
ak2-phase	2026-10-08T16:15:12Z	1791476112	setup	no
ak2: [2026-10-08T16:15:50Z] built a8e92175898ee28c86050ac8c4b55d65b21e2986; go version go1.27.1 linux/arm64; ip 172.31.24.181; nproc 48; mem_gib 92; threads 16, inflight 6
ak2-phase	2026-10-08T16:15:50Z	1791476150	manifest	no
ak2: [2026-10-08T16:15:51Z] staged s3://kraken2-ncbi-refseq-complete-v205/Kraken2_RefSeqCompleteV205/opts.k2d -> /home/ec2-user/ak2/db/roda/opts.k2d (56 bytes)
ak2: [2026-10-08T16:15:52Z] staged s3://kraken2-ncbi-refseq-complete-v205/Kraken2_RefSeqCompleteV205/taxo.k2d -> /home/ec2-user/ak2/db/roda/taxo.k2d (179150665 bytes)
ak2: [2026-10-08T16:15:53Z] RODA hash.k2d etag=f80959f9556b50d76b3e744afdd3b22a-8860 size=1189091671800
ak2: [2026-10-08T16:15:53Z] pushed out/rank17/c100.tsv
ak2: [2026-10-08T16:15:53Z] pushed out/rank17/placement.tsv
ak2: [2026-10-08T16:15:53Z] manifest c100: 306 lines in 9 batches; rank 17 reads 7 samples
ak2-phase	2026-10-08T16:15:53Z	1791476153	fetch	no
ak2: [2026-10-08T16:16:03Z] inputs staged and verified: 14 files, 6.32 GB
ak2: [2026-10-08T16:16:03Z] manifest c100: cohort: 306 samples in 9 batches check
ak2-phase	2026-10-08T16:16:03Z	1791476163	inv-c100	no
[c100] ak2-timing	taxo	0.003258	0.115986	87808	0	0.023207	0.095477
Terminated
ak2: [2026-10-08T16:16:10Z] spec body exit rc=129 (SIGHUP)
ak2-phase	2026-10-08T16:16:10Z	1791476170	end	no
