ak2: log tee up
ak2-phase	2026-10-08T15:39:16Z	1791473956	preamble	no
ak2: [2026-10-08T15:39:16Z] inherited $-=hBc (stub, as spawn started it: $-=hBc)
ak2: [2026-10-08T15:39:16Z] after set +e $-=hBc
ak2: [2026-10-08T15:39:16Z] gate=g3 run=20261008-153829-c825453-f61a-n16-r6
ak2: [2026-10-08T15:39:16Z] aws shim installed and self-tested (/tmp/ak2-bin/aws -> /usr/bin/aws)
ak2: [2026-10-08T15:39:16Z] imds region=us-west-2 az=us-west-2a instance=i-01dae692008dea3df type=c9g.12xlarge ami=ami-09325776a00699513
ak2: [2026-10-08T15:39:16Z] bucket aws-kraken2-942542972736-us-west-2 region=us-west-2
ak2: [2026-10-08T15:39:16Z] bucket aws-kraken2-942542972736-us-west-2 payer=UNKNOWN
ak2: [2026-10-08T15:39:16Z] WARN: could not read Payer of aws-kraken2-942542972736-us-west-2 from the instance (launch host verified it)
ak2: [2026-10-08T15:39:16Z] bucket kraken2-ncbi-refseq-complete-v205 region=us-west-2
ak2: [2026-10-08T15:39:17Z] bucket kraken2-ncbi-refseq-complete-v205 payer=BucketOwner
ak2: [2026-10-08T15:39:17Z] region assert passed
ak2: [2026-10-08T15:39:17Z] drop_caches_ok=true
ak2: [2026-10-08T15:39:17Z] preamble done; spec body starts
ak2-phase	2026-10-08T15:39:17Z	1791473957	body	no
ak2: [2026-10-08T15:39:17Z] e3 cohort 20261008-153829-c825453-f61a-n16 rank 6 of 16, commit c825453; RODA kraken2-ncbi-refseq-complete-v205/Kraken2_RefSeqCompleteV205; samples aws-kraken2-942542972736-us-west-2/aws-kraken2/data/cohort; cohort 100
ak2-phase	2026-10-08T15:39:17Z	1791473957	setup	no
Hangup
ak2: [2026-10-08T15:39:46Z] spec body exit rc=129 (SIGHUP)
ak2-phase	2026-10-08T15:39:46Z	1791473986	end	no
