Loading database information...ak2-timing	opts	0.003024	0.000018	0	0	0.000000	0.000017
ak2-timing	taxo	0.003050	0.093373	87830	0	0.027868	0.068542
ak2-engine	mem	t_s	15.0	rss_kib	34493776	hwm_kib	34493776	heap_inuse	406298624	sys	443341160	avail_kib	60312736
ak2-timing	shard-load-8	0.167456	16.513743	24776	0	22.564883	23.525195
ak2-engine	mem	t_s	30.0	rss_kib	36696900	hwm_kib	36696904	heap_inuse	416169984	sys	452057448	avail_kib	58553640
ak2-engine	mem	t_s	45.0	rss_kib	36703784	hwm_kib	36703788	heap_inuse	423804928	sys	460446056	avail_kib	58761580
ak2-engine	mem	t_s	60.0	rss_kib	36708260	hwm_kib	36708264	heap_inuse	428310528	sys	464902504	avail_kib	58811680
ak2-timing	rendezvous	17.182505	45.203237	15003	0	0.291145	0.054148
ak2-timing	connect	62.385764	0.138178	1314	0	0.120804	0.000000
ak2-timing	hash	0.096523	62.427448	42974	0	22.985722	23.585694
 done.
8745078 sequences (1626.83 Mbp) processed in 8.030s (65342.0 Kseq/m, 12155.47 Mbp/m).
  8520266 sequences classified (97.43%)
  224812 sequences unclassified (2.57%)
ak2-sample	batch	0	name	0-SRR5935824	mode	parallel	s3client	sdk	rank	8	role	home	inflight	6	threads	16	start_s	62.524015	wall_s	8.643294	setup_s	0.000082	classify_s	8.030133	close_s	0.423570	report_s	0.179971	status	0	sequences	8745078	bases	1626833325	classified	8520266	place	lpt	weight	8745078
10896278 sequences (2024.82 Mbp) processed in 9.438s (69269.9 Kseq/m, 12872.22 Mbp/m).
  10712521 sequences classified (98.31%)
  183757 sequences unclassified (1.69%)
ak2-sample	batch	0	name	0-SRR5935819	mode	parallel	s3client	sdk	rank	8	role	home	inflight	6	threads	16	start_s	62.524046	wall_s	9.913160	setup_s	0.000079	classify_s	9.438104	close_s	0.299949	report_s	0.169117	status	0	sequences	10896278	bases	2024821947	classified	10712521	place	lpt	weight	10896278
16720060 sequences (3103.13 Mbp) processed in 11.866s (84546.8 Kseq/m, 15691.32 Mbp/m).
  16427692 sequences classified (98.25%)
  292368 sequences unclassified (1.75%)
ak2-sample	batch	0	name	0-SRR5935802	mode	parallel	s3client	sdk	rank	8	role	home	inflight	6	threads	16	start_s	62.524019	wall_s	12.275753	setup_s	0.000075	classify_s	11.865666	close_s	0.240350	report_s	0.161859	status	0	sequences	16720060	bases	3103131942	classified	16427692	place	lpt	weight	16720060
ak2-engine	mem	t_s	75.0	rss_kib	50157728	hwm_kib	55557856	heap_inuse	4828708864	sys	20141050632	avail_kib	41555720
ak2-timing	batch-barrier-0	74.799791	1.329806	5	0	0.063173	0.023595
9108174 sequences (1698.33 Mbp) processed in 8.212s (66551.5 Kseq/m, 12409.36 Mbp/m).
  8923230 sequences classified (97.97%)
  184944 sequences unclassified (2.03%)
ak2-sample	batch	1	name	1-SRR5935812	mode	parallel	s3client	sdk	rank	8	role	home	inflight	6	threads	16	start_s	76.129634	wall_s	9.192589	setup_s	0.000063	classify_s	8.211542	close_s	0.797850	report_s	0.175986	status	0	sequences	9108174	bases	1698332428	classified	8923230	place	mod	weight	9108174
11859598 sequences (2188.90 Mbp) processed in 9.697s (73378.1 Kseq/m, 13543.25 Mbp/m).
  10951240 sequences classified (92.34%)
  908358 sequences unclassified (7.66%)
ak2-sample	batch	1	name	1-SRR5935748	mode	parallel	s3client	sdk	rank	8	role	home	inflight	6	threads	16	start_s	76.129646	wall_s	10.130199	setup_s	0.000049	classify_s	9.697390	close_s	0.264466	report_s	0.154505	status	0	sequences	11859598	bases	2188903487	classified	10951240	place	mod	weight	11859598
10716528 sequences (1994.96 Mbp) processed in 9.490s (67752.5 Kseq/m, 12612.62 Mbp/m).
  10376259 sequences classified (96.82%)
  340269 sequences unclassified (3.18%)
ak2-sample	batch	1	name	1-SRR5935780	mode	parallel	s3client	sdk	rank	8	role	home	inflight	6	threads	16	start_s	76.129653	wall_s	10.354596	setup_s	0.000041	classify_s	9.490304	close_s	0.725188	report_s	0.132180	status	0	sequences	10716528	bases	1994960359	classified	10376259	place	mod	weight	10716528
ak2-engine	mem	t_s	90.0	rss_kib	55146124	hwm_kib	55758744	heap_inuse	13717815296	sys	20158073608	avail_kib	38784236
ak2-timing	batch-barrier-1	86.484271	5.426371	5	0	2.941945	0.471457
8745078 sequences (1626.83 Mbp) processed in 7.836s (66961.2 Kseq/m, 12456.69 Mbp/m).
  8520266 sequences classified (97.43%)
  224812 sequences unclassified (2.57%)
ak2-sample	batch	2	name	2-SRR5935824	mode	parallel	s3client	sdk	rank	8	role	home	inflight	6	threads	16	start_s	91.910694	wall_s	8.519727	setup_s	0.000042	classify_s	7.835951	close_s	0.500238	report_s	0.172562	status	0	sequences	8745078	bases	1626833325	classified	8520266	place	lpt	weight	8745078
10896278 sequences (2024.82 Mbp) processed in 9.178s (71234.5 Kseq/m, 13237.28 Mbp/m).
  10712521 sequences classified (98.31%)
  183757 sequences unclassified (1.69%)
ak2-sample	batch	2	name	2-SRR5935819	mode	parallel	s3client	sdk	rank	8	role	home	inflight	6	threads	16	start_s	91.910703	wall_s	9.669270	setup_s	0.000037	classify_s	9.177814	close_s	0.342417	report_s	0.142586	status	0	sequences	10896278	bases	2024821947	classified	10712521	place	lpt	weight	10896278
16720060 sequences (3103.13 Mbp) processed in 12.138s (82647.6 Kseq/m, 15338.84 Mbp/m).
  16427692 sequences classified (98.25%)
  292368 sequences unclassified (1.75%)
ak2-sample	batch	2	name	2-SRR5935802	mode	parallel	s3client	sdk	rank	8	role	home	inflight	6	threads	16	start_s	91.910697	wall_s	12.747883	setup_s	0.000040	classify_s	12.138333	close_s	0.460919	report_s	0.140859	status	0	sequences	16720060	bases	3103131942	classified	16427692	place	lpt	weight	16720060
ak2-engine	mem	t_s	105.0	rss_kib	50231492	hwm_kib	57080668	heap_inuse	7608328192	sys	21542571000	avail_kib	39537312
ak2-timing	batch-barrier-2	104.658603	1.741330	1	0	0.113430	0.024350
ak2-timing	barrier	113.221154	0.483161	0	0	0.012910	0.000279
ak2-sample	batch	3	name	3-SRR5935740	mode	striped	s3client	sdk	rank	8	role	peer	inflight	1	threads	16	start_s	107.630189	wall_s	6.074183	setup_s	0.000051	classify_s	5.588275	close_s	0.000000	report_s	0.000000	status	0	sequences	0	bases	0	classified	0	place	-	weight	-
ak2-timing	batch-barrier-3	113.704388	0.940758	244	0	0.008385	0.000000
ak2-engine	mem	t_s	120.0	rss_kib	38775936	hwm_kib	57080668	heap_inuse	1729421312	sys	21542571000	avail_kib	54465528
ak2-timing	barrier	121.443224	0.150050	0	0	0.004100	0.000397
ak2-sample	batch	4	name	4-SRR5935740	mode	striped	s3client	sdk	rank	8	role	peer	inflight	1	threads	16	start_s	115.834214	wall_s	5.759120	setup_s	0.000060	classify_s	5.606648	close_s	0.000000	report_s	0.000000	status	0	sequences	0	bases	0	classified	0	place	-	weight	-
ak2-timing	batch-barrier-4	121.593345	0.897915	78	0	0.000000	0.009146
ak2-timing	barrier	129.294190	0.201337	5	0	0.010457	0.000038
ak2-sample	batch	5	name	5-SRR5935740	mode	striped	s3client	sdk	rank	8	role	peer	inflight	1	threads	16	start_s	123.706608	wall_s	5.788985	setup_s	0.000050	classify_s	5.584790	close_s	0.000000	report_s	0.000000	status	0	sequences	0	bases	0	classified	0	place	-	weight	-
ak2-timing	batch-barrier-5	129.495604	0.912584	184	0	0.000827	0.008217
ak2-engine	mem	t_s	135.0	rss_kib	39219560	hwm_kib	57080668	heap_inuse	2740355072	sys	21542571000	avail_kib	55731192
ak2-timing	batch-barrier-6	130.408214	7.481371	379	0	0.333962	0.046221
ak2-timing	batch-barrier-7	137.889616	6.542230	359	0	0.313151	0.067679
ak2-engine	mem	t_s	150.0	rss_kib	39222736	hwm_kib	57080668	heap_inuse	2743705600	sys	21542571000	avail_kib	56103436
ak2-timing	batch-barrier-8	144.431873	7.460337	445	0	0.333990	0.040438
ak2-engine	shard	0	n	32	lo	74318229485	hi	83608008171	tail	302	full	false	empty_at	9289778685	keys	4236436008	batches	89910	probe_s	90.970583	tail_probes	0	wrap_probes	0
ak2-engine	mem	t_s	151.9	rss_kib	39222784	hwm_kib	57080668	heap_inuse	2743746560	sys	21542571000	avail_kib	56125148
ak2-engine	rendezvous	puts	13	gets	1111
ak2-engine	s3	client	sdk	put	22	get	1111	create_multipart	9	upload_part	1050	complete_multipart	9	abort_multipart	0	part_bytes	8776364554
ak2-engine	s3	client	cli	put	0	get	0	create_multipart	0	upload_part	0	complete_multipart	0	abort_multipart	0	part_bytes	0
ak2-engine	load	seconds	16.513740	requests	572	retries	0	bytes	37159181552
ak2-engine	route	transport	nodes	calls	2778	keys	4196816076	batches	88896	route_s	40.287081	wait_s	663.625628	gather_s	8.740773
ak2-engine	worker	scan_s	306.074630	lookup_s	712.655319	classify_s	236.235891
ak2-timing	total	0.000001	151.975197	9820952	0	865.526717	83.032607
