Loading database information...ak2-timing	opts	0.003287	0.000020	0	0	0.000018	0.000000
ak2-timing	taxo	0.003315	0.124172	87801	0	0.033065	0.094247
ak2-engine	mem	t_s	15.0	rss_kib	36678552	hwm_kib	36678556	heap_inuse	404758528	sys	439679336	avail_kib	58118800
ak2-timing	shard-load-17	0.194606	14.839918	24288	0	19.867133	19.300919
ak2-engine	mem	t_s	30.0	rss_kib	36690948	hwm_kib	36690952	heap_inuse	411885568	sys	443873640	avail_kib	58560816
ak2-timing	rendezvous	15.565702	26.638056	10950	0	0.189341	0.044683
ak2-timing	connect	42.203777	0.746071	27363	0	0.802771	0.191326
ak2-timing	hash	0.127592	42.822278	64398	0	20.874193	19.537825
 done.
ak2-engine	mem	t_s	45.0	rss_kib	50864568	hwm_kib	50864568	heap_inuse	11276730368	sys	15343793800	avail_kib	44353696
10067025 sequences (1870.49 Mbp) processed in 8.997s (67133.9 Kseq/m, 12473.75 Mbp/m).
  9884918 sequences classified (98.19%)
  182107 sequences unclassified (1.81%)
ak2-sample	batch	0	name	0-SRR5935811	mode	parallel	s3client	sdk	rank	17	role	home	inflight	6	threads	16	start_s	42.949921	wall_s	9.678922	setup_s	0.000068	classify_s	8.997268	close_s	0.520082	report_s	0.154833	status	0	sequences	10067025	bases	1870494351	classified	9884918	place	lpt	weight	10067025
11924297 sequences (2214.84 Mbp) processed in 10.030s (71332.4 Kseq/m, 13249.42 Mbp/m).
  11742476 sequences classified (98.48%)
  181821 sequences unclassified (1.52%)
ak2-sample	batch	0	name	0-SRR5935795	mode	parallel	s3client	sdk	rank	17	role	home	inflight	6	threads	16	start_s	42.949936	wall_s	10.518946	setup_s	0.000056	classify_s	10.029916	close_s	0.314118	report_s	0.168381	status	0	sequences	11924297	bases	2214843465	classified	11742476	place	lpt	weight	11924297
15500933 sequences (2889.47 Mbp) processed in 11.444s (81270.1 Kseq/m, 15149.26 Mbp/m).
  14777244 sequences classified (95.33%)
  723689 sequences unclassified (4.67%)
ak2-sample	batch	0	name	0-SRR5935808	mode	parallel	s3client	sdk	rank	17	role	home	inflight	6	threads	16	start_s	42.949937	wall_s	11.923365	setup_s	0.000078	classify_s	11.444007	close_s	0.308045	report_s	0.161986	status	0	sequences	15500933	bases	2889469649	classified	14777244	place	lpt	weight	15500933
ak2-timing	batch-barrier-0	54.873324	1.327859	1	0	0.065165	0.002015
297656 sequences (54.18 Mbp) processed in 1.114s (16025.5 Kseq/m, 2916.79 Mbp/m).
  290837 sequences classified (97.71%)
  6819 sequences unclassified (2.29%)
ak2-sample	batch	1	name	1-SRR5935821	mode	parallel	s3client	sdk	rank	17	role	home	inflight	6	threads	16	start_s	56.201213	wall_s	1.623537	setup_s	0.000052	classify_s	1.114438	close_s	0.344382	report_s	0.163327	status	0	sequences	297656	bases	54176352	classified	290837	place	mod	weight	297656
1513694 sequences (270.73 Mbp) processed in 2.171s (41828.4 Kseq/m, 7481.24 Mbp/m).
  1488159 sequences classified (98.31%)
  25535 sequences unclassified (1.69%)
ak2-sample	batch	1	name	1-SRR5935789	mode	parallel	s3client	sdk	rank	17	role	home	inflight	6	threads	16	start_s	56.201245	wall_s	2.586912	setup_s	0.000045	classify_s	2.171292	close_s	0.241488	report_s	0.171725	status	0	sequences	1513694	bases	270732465	classified	1488159	place	mod	weight	1513694
ak2-engine	mem	t_s	60.0	rss_kib	48866296	hwm_kib	55860772	heap_inuse	9881919488	sys	20399131448	avail_kib	41006424
16286650 sequences (3018.35 Mbp) processed in 9.427s (103661.6 Kseq/m, 19211.28 Mbp/m).
  15278935 sequences classified (93.81%)
  1007715 sequences unclassified (6.19%)
ak2-sample	batch	1	name	1-SRR5935757	mode	parallel	s3client	sdk	rank	17	role	home	inflight	6	threads	16	start_s	56.201237	wall_s	9.901539	setup_s	0.000052	classify_s	9.426820	close_s	0.285475	report_s	0.173525	status	0	sequences	16286650	bases	3018354004	classified	15278935	place	mod	weight	16286650
ak2-timing	batch-barrier-1	66.102813	6.158513	8975	0	3.620846	0.591040
ak2-engine	mem	t_s	75.0	rss_kib	53597276	hwm_kib	55860772	heap_inuse	11313692672	sys	20399500088	avail_kib	41680020
10067025 sequences (1870.49 Mbp) processed in 8.520s (70891.7 Kseq/m, 13171.96 Mbp/m).
  9884918 sequences classified (98.19%)
  182107 sequences unclassified (1.81%)
ak2-sample	batch	2	name	2-SRR5935811	mode	parallel	s3client	sdk	rank	17	role	home	inflight	6	threads	16	start_s	72.261385	wall_s	8.929818	setup_s	0.000051	classify_s	8.520346	close_s	0.273844	report_s	0.129462	status	0	sequences	10067025	bases	1870494351	classified	9884918	place	lpt	weight	10067025
11924297 sequences (2214.84 Mbp) processed in 9.861s (72550.7 Kseq/m, 13475.72 Mbp/m).
  11742476 sequences classified (98.48%)
  181821 sequences unclassified (1.52%)
ak2-sample	batch	2	name	2-SRR5935795	mode	parallel	s3client	sdk	rank	17	role	home	inflight	6	threads	16	start_s	72.261390	wall_s	10.346481	setup_s	0.000046	classify_s	9.861488	close_s	0.255198	report_s	0.222686	status	0	sequences	11924297	bases	2214843465	classified	11742476	place	lpt	weight	11924297
15500933 sequences (2889.47 Mbp) processed in 11.285s (82417.5 Kseq/m, 15363.13 Mbp/m).
  14777244 sequences classified (95.33%)
  723689 sequences unclassified (4.67%)
ak2-sample	batch	2	name	2-SRR5935808	mode	parallel	s3client	sdk	rank	17	role	home	inflight	6	threads	16	start_s	72.261381	wall_s	12.987092	setup_s	0.000046	classify_s	11.284690	close_s	1.463962	report_s	0.229376	status	0	sequences	15500933	bases	2889469649	classified	14777244	place	lpt	weight	15500933
ak2-timing	batch-barrier-2	85.248494	0.879271	1	0	0.021625	0.000151
ak2-engine	mem	t_s	90.0	rss_kib	44205280	hwm_kib	56196600	heap_inuse	1759059968	sys	20597209960	avail_kib	47744108
ak2-timing	barrier	93.325748	0.280350	0	0	0.002536	0.000254
ak2-sample	batch	3	name	3-SRR5935740	mode	striped	s3client	sdk	rank	17	role	peer	inflight	1	threads	16	start_s	87.531559	wall_s	6.074592	setup_s	0.000062	classify_s	5.791794	close_s	0.000000	report_s	0.000000	status	0	sequences	0	bases	0	classified	0	place	-	weight	-
ak2-timing	batch-barrier-3	93.606162	0.922833	17	0	0.008820	0.000000
ak2-timing	barrier	101.455524	0.039543	0	0	0.000078	0.000007
ak2-sample	batch	4	name	4-SRR5935740	mode	striped	s3client	sdk	rank	17	role	peer	inflight	1	threads	16	start_s	95.672518	wall_s	5.822596	setup_s	0.000045	classify_s	5.780640	close_s	0.000000	report_s	0.000000	status	0	sequences	0	bases	0	classified	0	place	-	weight	-
ak2-timing	batch-barrier-4	101.495123	1.151581	8	0	0.009326	0.000000
ak2-engine	mem	t_s	105.0	rss_kib	38094020	hwm_kib	56196600	heap_inuse	1287307264	sys	20597209960	avail_kib	55973384
ak2-timing	barrier	109.377439	0.020923	0	0	0.000065	0.000006
ak2-sample	batch	5	name	5-SRR5935740	mode	striped	s3client	sdk	rank	17	role	peer	inflight	1	threads	16	start_s	103.608433	wall_s	5.789982	setup_s	0.000050	classify_s	5.766505	close_s	0.000000	report_s	0.000000	status	0	sequences	0	bases	0	classified	0	place	-	weight	-
ak2-timing	batch-barrier-5	109.398424	0.860754	6	0	0.008793	0.000000
ak2-timing	batch-barrier-6	110.259203	7.504718	18	0	0.316251	0.068962
ak2-engine	mem	t_s	120.0	rss_kib	39246648	hwm_kib	56196600	heap_inuse	2071142400	sys	20597209960	avail_kib	55929780
ak2-timing	batch-barrier-7	117.763948	6.790026	56	0	0.293368	0.096991
ak2-timing	batch-barrier-8	124.554001	6.744681	184	0	0.340805	0.052136
ak2-engine	shard	0	n	32	lo	157926237656	hi	167216016342	tail	302	full	false	empty_at	9289778687	keys	4240524831	batches	89910	probe_s	93.301356	tail_probes	0	wrap_probes	0
ak2-engine	mem	t_s	131.3	rss_kib	39247384	hwm_kib	56196600	heap_inuse	2073223168	sys	20597209960	avail_kib	56129424
ak2-engine	rendezvous	puts	13	gets	794
ak2-engine	s3	client	sdk	put	22	get	794	create_multipart	9	upload_part	930	complete_multipart	9	abort_multipart	0	part_bytes	7752197693
ak2-engine	s3	client	cli	put	0	get	0	create_multipart	0	upload_part	0	complete_multipart	0	abort_multipart	0	part_bytes	0
ak2-engine	load	seconds	14.839915	requests	572	retries	0	bytes	37159181552
ak2-engine	route	transport	nodes	calls	2479	keys	3752700471	batches	79328	route_s	34.815037	wait_s	538.074968	gather_s	7.854415
ak2-engine	worker	scan_s	275.025605	lookup_s	580.746080	classify_s	208.493965
ak2-timing	total	0.000001	131.375131	10016724	0	788.717448	77.316931
