Loading database information...ak2-timing	opts	0.003241	0.000015	0	0	0.000014	0.000000
ak2-timing	taxo	0.003265	0.093879	87850	0	0.012446	0.084610
ak2-engine	mem	t_s	15.0	rss_kib	39014280	hwm_kib	39014284	heap_inuse	407257088	sys	449513848	avail_kib	55843432
ak2-timing	shard-load-4	0.242229	28.507124	43004	0	43.118601	46.517842
ak2-engine	mem	t_s	30.0	rss_kib	72977020	hwm_kib	72977024	heap_inuse	408625152	sys	449775992	avail_kib	21905652
ak2-engine	mem	t_s	45.0	rss_kib	72981264	hwm_kib	72981268	heap_inuse	413786112	sys	449775992	avail_kib	22252952
ak2-engine	mem	t_s	60.0	rss_kib	72982528	hwm_kib	72982532	heap_inuse	415219712	sys	453970296	avail_kib	22402140
ak2-timing	rendezvous	30.373738	30.205585	10441	0	0.438688	0.053006
ak2-timing	connect	60.579340	0.038212	1176	0	0.061467	0.000000
ak2-timing	hash	0.097204	60.520374	56414	0	43.631150	46.573908
 done.
18645445 sequences (3449.57 Mbp) processed in 10.305s (108563.5 Kseq/m, 20085.22 Mbp/m).
  18393099 sequences classified (98.65%)
  252346 sequences unclassified (1.35%)
ak2-sample	batch	0	name	0-SRR5935751	mode	parallel	s3client	sdk	rank	4	role	home	inflight	1	threads	16	start_s	60.617625	wall_s	10.710851	setup_s	0.000066	classify_s	10.304812	close_s	0.209301	report_s	0.189097	status	0	sequences	18645445	bases	3449573600	classified	18393099	place	lpt	weight	18645445
ak2-engine	mem	t_s	75.0	rss_kib	78905464	hwm_kib	78905464	heap_inuse	3877634048	sys	6511693960	avail_kib	16106512
14303962 sequences (2635.98 Mbp) processed in 7.729s (111041.2 Kseq/m, 20463.02 Mbp/m).
  14029845 sequences classified (98.08%)
  274117 sequences unclassified (1.92%)
ak2-sample	batch	0	name	0-SRR5935830	mode	parallel	s3client	sdk	rank	4	role	home	inflight	1	threads	16	start_s	71.328499	wall_s	8.176972	setup_s	0.000061	classify_s	7.729003	close_s	0.257184	report_s	0.183479	status	0	sequences	14303962	bases	2635979010	classified	14029845	place	lpt	weight	14303962
12252617 sequences (2212.67 Mbp) processed in 6.551s (112216.7 Kseq/m, 20264.97 Mbp/m).
  10208851 sequences classified (83.32%)
  2043766 sequences unclassified (16.68%)
ak2-sample	batch	0	name	0-SRR5935774	mode	parallel	s3client	sdk	rank	4	role	home	inflight	1	threads	16	start_s	79.505498	wall_s	6.970957	setup_s	0.000073	classify_s	6.551229	close_s	0.238678	report_s	0.165379	status	0	sequences	12252617	bases	2212674525	classified	10208851	place	lpt	weight	12252617
ak2-engine	mem	t_s	90.0	rss_kib	78886476	hwm_kib	79328692	heap_inuse	3082960896	sys	6971597048	avail_kib	15056928
10834778 sequences (1957.59 Mbp) processed in 6.033s (107759.4 Kseq/m, 19469.57 Mbp/m).
  10642489 sequences classified (98.23%)
  192289 sequences unclassified (1.77%)
ak2-sample	batch	0	name	0-SRR5935760	mode	parallel	s3client	sdk	rank	4	role	home	inflight	1	threads	16	start_s	86.476479	wall_s	6.496621	setup_s	0.000047	classify_s	6.032759	close_s	0.318511	report_s	0.139897	status	0	sequences	10834778	bases	1957586977	classified	10642489	place	lpt	weight	10834778
10054299 sequences (1885.64 Mbp) processed in 5.652s (106732.0 Kseq/m, 20017.16 Mbp/m).
  9575405 sequences classified (95.24%)
  478894 sequences unclassified (4.76%)
ak2-sample	batch	0	name	0-SRR5935786	mode	parallel	s3client	sdk	rank	4	role	home	inflight	1	threads	16	start_s	92.973126	wall_s	6.187298	setup_s	0.000046	classify_s	5.652081	close_s	0.356856	report_s	0.168450	status	0	sequences	10054299	bases	1885642952	classified	9575405	place	lpt	weight	10054299
1539039 sequences (293.66 Mbp) processed in 1.793s (51500.9 Kseq/m, 9826.68 Mbp/m).
  1494119 sequences classified (97.08%)
  44920 sequences unclassified (2.92%)
ak2-sample	batch	0	name	0-SRR5935809	mode	parallel	s3client	sdk	rank	4	role	home	inflight	1	threads	16	start_s	99.160451	wall_s	2.113980	setup_s	0.000047	classify_s	1.793024	close_s	0.208818	report_s	0.108206	status	0	sequences	1539039	bases	293657718	classified	1494119	place	lpt	weight	1539039
1085628 sequences (199.24 Mbp) processed in 0.841s (77465.3 Kseq/m, 14217.15 Mbp/m).
  1061820 sequences classified (97.81%)
  23808 sequences unclassified (2.19%)
ak2-sample	batch	0	name	0-SRR5935839	mode	parallel	s3client	sdk	rank	4	role	home	inflight	1	threads	16	start_s	101.274451	wall_s	1.288183	setup_s	0.000094	classify_s	0.840863	close_s	0.200333	report_s	0.244532	status	0	sequences	1085628	bases	199244471	classified	1061820	place	lpt	weight	1085628
ak2-timing	batch-barrier-0	102.562653	0.875493	2	0	0.029330	0.002459
ak2-engine	mem	t_s	105.0	rss_kib	77283192	hwm_kib	79328692	heap_inuse	4418314240	sys	6971597048	avail_kib	15753404
15328347 sequences (2853.53 Mbp) processed in 8.678s (105985.6 Kseq/m, 19730.28 Mbp/m).
  14998872 sequences classified (97.85%)
  329475 sequences unclassified (2.15%)
ak2-sample	batch	1	name	1-SRR5935744	mode	parallel	s3client	sdk	rank	4	role	home	inflight	1	threads	16	start_s	103.438175	wall_s	9.076993	setup_s	0.000052	classify_s	8.677605	close_s	0.249015	report_s	0.141582	status	0	sequences	15328347	bases	2853526686	classified	14998872	place	mod	weight	15328347
10834778 sequences (1957.59 Mbp) processed in 6.003s (108289.6 Kseq/m, 19565.36 Mbp/m).
  10642489 sequences classified (98.23%)
  192289 sequences unclassified (1.77%)
ak2-sample	batch	1	name	1-SRR5935760	mode	parallel	s3client	sdk	rank	4	role	home	inflight	1	threads	16	start_s	112.515195	wall_s	6.421551	setup_s	0.000053	classify_s	6.003223	close_s	0.247269	report_s	0.165632	status	0	sequences	10834778	bases	1957586977	classified	10642489	place	mod	weight	10834778
ak2-engine	mem	t_s	120.0	rss_kib	78116196	hwm_kib	79328692	heap_inuse	4700954624	sys	6973833464	avail_kib	15002952
3168882 sequences (592.65 Mbp) processed in 1.957s (97146.5 Kseq/m, 18168.46 Mbp/m).
  3127330 sequences classified (98.69%)
  41552 sequences unclassified (1.31%)
ak2-sample	batch	1	name	1-SRR5935776	mode	parallel	s3client	sdk	rank	4	role	home	inflight	1	threads	16	start_s	118.936772	wall_s	2.887954	setup_s	0.000056	classify_s	1.957177	close_s	0.811516	report_s	0.115519	status	0	sequences	3168882	bases	592648009	classified	3127330	place	mod	weight	3168882
11437813 sequences (2096.18 Mbp) processed in 6.153s (111533.4 Kseq/m, 20440.48 Mbp/m).
  10922134 sequences classified (95.49%)
  515679 sequences unclassified (4.51%)
ak2-sample	batch	1	name	1-SRR5935792	mode	parallel	s3client	sdk	rank	4	role	home	inflight	1	threads	16	start_s	121.824750	wall_s	6.626509	setup_s	0.000048	classify_s	6.153032	close_s	0.249652	report_s	0.215892	status	0	sequences	11437813	bases	2096182336	classified	10922134	place	mod	weight	11437813
ak2-engine	mem	t_s	135.0	rss_kib	78871944	hwm_kib	79385992	heap_inuse	4221198336	sys	7301337416	avail_kib	14899408
15500933 sequences (2889.47 Mbp) processed in 8.619s (107907.0 Kseq/m, 20114.53 Mbp/m).
  14777244 sequences classified (95.33%)
  723689 sequences unclassified (4.67%)
ak2-sample	batch	1	name	1-SRR5935808	mode	parallel	s3client	sdk	rank	4	role	home	inflight	1	threads	16	start_s	128.451285	wall_s	9.024286	setup_s	0.000052	classify_s	8.619055	close_s	0.235686	report_s	0.160647	status	0	sequences	15500933	bases	2889469649	classified	14777244	place	mod	weight	15500933
8745078 sequences (1626.83 Mbp) processed in 4.981s (105340.5 Kseq/m, 19596.34 Mbp/m).
  8520266 sequences classified (97.43%)
  224812 sequences unclassified (2.57%)
ak2-sample	batch	1	name	1-SRR5935824	mode	parallel	s3client	sdk	rank	4	role	home	inflight	1	threads	16	start_s	137.475598	wall_s	5.533701	setup_s	0.000054	classify_s	4.981033	close_s	0.317660	report_s	0.227183	status	0	sequences	8745078	bases	1626833325	classified	8520266	place	mod	weight	8745078
ak2-engine	mem	t_s	150.0	rss_kib	78672640	hwm_kib	79385992	heap_inuse	3130277888	sys	7301337416	avail_kib	15247352
ak2-timing	batch-barrier-1	143.009326	14.177062	3	0	5.863902	0.836316
ak2-engine	mem	t_s	165.0	rss_kib	79108688	hwm_kib	79385992	heap_inuse	4542824448	sys	7301861704	avail_kib	15343740
18645445 sequences (3449.57 Mbp) processed in 10.243s (109219.6 Kseq/m, 20206.59 Mbp/m).
  18393099 sequences classified (98.65%)
  252346 sequences unclassified (1.35%)
ak2-sample	batch	2	name	2-SRR5935751	mode	parallel	s3client	sdk	rank	4	role	home	inflight	1	threads	16	start_s	157.186437	wall_s	10.643657	setup_s	0.000047	classify_s	10.242916	close_s	0.239311	report_s	0.153828	status	0	sequences	18645445	bases	3449573600	classified	18393099	place	lpt	weight	18645445
14303962 sequences (2635.98 Mbp) processed in 7.781s (110292.2 Kseq/m, 20324.99 Mbp/m).
  14029845 sequences classified (98.08%)
  274117 sequences unclassified (1.92%)
ak2-sample	batch	2	name	2-SRR5935830	mode	parallel	s3client	sdk	rank	4	role	home	inflight	1	threads	16	start_s	167.830116	wall_s	8.392496	setup_s	0.000053	classify_s	7.781492	close_s	0.344609	report_s	0.259216	status	0	sequences	14303962	bases	2635979010	classified	14029845	place	lpt	weight	14303962
ak2-engine	mem	t_s	180.0	rss_kib	78730440	hwm_kib	79385992	heap_inuse	3868131328	sys	7301861704	avail_kib	14944140
12252617 sequences (2212.67 Mbp) processed in 6.590s (111551.1 Kseq/m, 20144.78 Mbp/m).
  10208851 sequences classified (83.32%)
  2043766 sequences unclassified (16.68%)
ak2-sample	batch	2	name	2-SRR5935774	mode	parallel	s3client	sdk	rank	4	role	home	inflight	1	threads	16	start_s	176.222636	wall_s	7.136914	setup_s	0.000048	classify_s	6.590317	close_s	0.343142	report_s	0.187512	status	0	sequences	12252617	bases	2212674525	classified	10208851	place	lpt	weight	12252617
10834778 sequences (1957.59 Mbp) processed in 6.034s (107740.5 Kseq/m, 19466.15 Mbp/m).
  10642489 sequences classified (98.23%)
  192289 sequences unclassified (1.77%)
ak2-sample	batch	2	name	2-SRR5935760	mode	parallel	s3client	sdk	rank	4	role	home	inflight	1	threads	16	start_s	183.359569	wall_s	6.473215	setup_s	0.000050	classify_s	6.033819	close_s	0.245525	report_s	0.188471	status	0	sequences	10834778	bases	1957586977	classified	10642489	place	lpt	weight	10834778
ak2-engine	mem	t_s	195.0	rss_kib	78851932	hwm_kib	79385992	heap_inuse	5524660224	sys	7301869896	avail_kib	14905816
10054299 sequences (1885.64 Mbp) processed in 5.662s (106552.9 Kseq/m, 19983.57 Mbp/m).
  9575405 sequences classified (95.24%)
  478894 sequences unclassified (4.76%)
ak2-sample	batch	2	name	2-SRR5935786	mode	parallel	s3client	sdk	rank	4	role	home	inflight	1	threads	16	start_s	189.832815	wall_s	6.056543	setup_s	0.000048	classify_s	5.661581	close_s	0.233992	report_s	0.151303	status	0	sequences	10054299	bases	1885642952	classified	9575405	place	lpt	weight	10054299
1539039 sequences (293.66 Mbp) processed in 1.075s (85923.6 Kseq/m, 16394.73 Mbp/m).
  1494119 sequences classified (97.08%)
  44920 sequences unclassified (2.92%)
ak2-sample	batch	2	name	2-SRR5935809	mode	parallel	s3client	sdk	rank	4	role	home	inflight	1	threads	16	start_s	195.889375	wall_s	1.437221	setup_s	0.000044	classify_s	1.074703	close_s	0.220856	report_s	0.137843	status	0	sequences	1539039	bases	293657718	classified	1494119	place	lpt	weight	1539039
1085628 sequences (199.24 Mbp) processed in 0.841s (77469.9 Kseq/m, 14217.99 Mbp/m).
  1061820 sequences classified (97.81%)
  23808 sequences unclassified (2.19%)
ak2-sample	batch	2	name	2-SRR5935839	mode	parallel	s3client	sdk	rank	4	role	home	inflight	1	threads	16	start_s	197.326621	wall_s	1.275170	setup_s	0.000049	classify_s	0.840813	close_s	0.307843	report_s	0.124119	status	0	sequences	1085628	bases	199244471	classified	1061820	place	lpt	weight	1085628
ak2-timing	batch-barrier-2	198.601812	2.553229	1	0	0.805171	0.080445
ak2-timing	barrier	207.547685	1.684728	0	0	0.015123	0.029010
ak2-sample	batch	3	name	3-SRR5935740	mode	striped	s3client	sdk	rank	4	role	peer	inflight	1	threads	16	start_s	201.928191	wall_s	7.304271	setup_s	0.000041	classify_s	5.615426	close_s	0.000000	report_s	0.000000	status	0	sequences	0	bases	0	classified	0	place	-	weight	-
ak2-timing	batch-barrier-3	209.232473	0.513631	1	0	0.005154	0.000374
ak2-engine	mem	t_s	210.0	rss_kib	76643328	hwm_kib	79385992	heap_inuse	2657705984	sys	7302132040	avail_kib	17688712
ak2-timing	barrier	216.058165	0.209240	0	0	0.016018	0.000433
ak2-sample	batch	4	name	4-SRR5935740	mode	striped	s3client	sdk	rank	4	role	peer	inflight	1	threads	16	start_s	210.503446	wall_s	5.764016	setup_s	0.000041	classify_s	5.550202	close_s	0.000000	report_s	0.000000	status	0	sequences	0	bases	0	classified	0	place	-	weight	-
ak2-timing	batch-barrier-4	216.267471	0.519673	158	0	0.006034	0.000436
ak2-timing	barrier	223.158669	0.213168	0	0	0.010510	0.009335
ak2-sample	batch	5	name	5-SRR5935740	mode	striped	s3client	sdk	rank	4	role	peer	inflight	1	threads	16	start_s	217.602872	wall_s	5.769016	setup_s	0.000040	classify_s	5.551703	close_s	0.000000	report_s	0.000000	status	0	sequences	0	bases	0	classified	0	place	-	weight	-
ak2-timing	batch-barrier-5	223.371896	0.619924	9	0	0.005824	0.000421
ak2-engine	mem	t_s	225.0	rss_kib	76279300	hwm_kib	79385992	heap_inuse	3750739968	sys	7302132040	avail_kib	18521848
ak2-timing	batch-barrier-6	223.991842	7.117432	35	0	0.616032	0.106370
ak2-timing	batch-barrier-7	231.109297	7.122978	14	0	0.655601	0.066837
ak2-engine	mem	t_s	240.0	rss_kib	76279416	hwm_kib	79385992	heap_inuse	3752935424	sys	7302132040	avail_kib	18885976
ak2-timing	batch-barrier-8	238.232299	7.166597	18	0	0.670193	0.060042
ak2-engine	shard	0	n	16	lo	74318229485	hi	92897786856	tail	302	full	false	empty_at	18579557370	keys	8477552208	batches	89910	probe_s	177.331571	tail_probes	0	wrap_probes	0
ak2-engine	mem	t_s	245.4	rss_kib	76279452	hwm_kib	79385992	heap_inuse	3753304064	sys	7302132040	avail_kib	18940764
ak2-engine	rendezvous	puts	13	gets	592
ak2-engine	s3	client	sdk	put	33	get	592	create_multipart	20	upload_part	2035	complete_multipart	20	abort_multipart	0	part_bytes	17007170948
ak2-engine	s3	client	cli	put	0	get	0	create_multipart	0	upload_part	0	complete_multipart	0	abort_multipart	0	part_bytes	0
ak2-engine	load	seconds	28.507120	requests	1126	retries	0	bytes	74318296292
ak2-engine	route	transport	nodes	calls	5346	keys	8037635259	batches	85536	route_s	65.660101	wait_s	45.145904	gather_s	14.524342
ak2-engine	worker	scan_s	497.124290	lookup_s	125.333664	classify_s	435.856797
ak2-timing	total	0.000001	245.525009	10891550	0	1562.610670	113.136880
