make run: bucket aws-kraken2-942542972736-us-west-2 is in us-west-2
make run: bucket kraken2-ncbi-refseq-complete-v205 is in us-west-2
make run: run 20261008-052324-306f827-765d-n16-r13  task ak2-g3-20261008-052324-306f827-765d-n16-r13  ->  s3://aws-kraken2-942542972736-us-west-2/aws-kraken2/g3/20261008-052324-306f827-765d-n16-r13
make run: user data: 12658 of 16384 bytes after base64 decoding (refuse above 15360)
make run: plan: Instance: c8g.12xlarge (0 vCPU, 0 GiB)
make run: launched i-0b65ce9ae9979fffa (c8g.12xlarge) in us-west-2
  | ak2: log tee up
  | ak2-phase	2026-10-08T05:24:13Z	1791437053	preamble	no
  | ak2: [2026-10-08T05:24:13Z] inherited $-=hBc (stub, as spawn started it: $-=hBc)
  | ak2: [2026-10-08T05:24:13Z] after set +e $-=hBc
  | ak2: [2026-10-08T05:24:13Z] gate=g3 run=20261008-052324-306f827-765d-n16-r13
  | ak2: [2026-10-08T05:24:13Z] aws shim installed and self-tested (/tmp/ak2-bin/aws -> /usr/bin/aws)
  | ak2: [2026-10-08T05:24:13Z] imds region=us-west-2 az=us-west-2a instance=i-0b65ce9ae9979fffa type=c8g.12xlarge ami=ami-09325776a00699513
  | ak2: [2026-10-08T05:24:13Z] bucket aws-kraken2-942542972736-us-west-2 region=us-west-2
  | ak2: [2026-10-08T05:24:14Z] bucket aws-kraken2-942542972736-us-west-2 payer=UNKNOWN
  | ak2: [2026-10-08T05:24:14Z] WARN: could not read Payer of aws-kraken2-942542972736-us-west-2 from the instance (launch host verified it)
  | ak2: [2026-10-08T05:24:14Z] bucket kraken2-ncbi-refseq-complete-v205 region=us-west-2
  | ak2: [2026-10-08T05:24:15Z] bucket kraken2-ncbi-refseq-complete-v205 payer=BucketOwner
  | ak2: [2026-10-08T05:24:15Z] region assert passed
  | ak2: [2026-10-08T05:24:15Z] drop_caches_ok=true
  | ak2: [2026-10-08T05:24:15Z] preamble done; spec body starts
  | ak2-phase	2026-10-08T05:24:15Z	1791437055	body	no
  | ak2: [2026-10-08T05:24:15Z] e3 cohort 20261008-052324-306f827-765d-n16 rank 13 of 16, commit 306f827; RODA kraken2-ncbi-refseq-complete-v205/Kraken2_RefSeqCompleteV205; samples aws-kraken2-942542972736-us-west-2/aws-kraken2/data/cohort; cohort 100
  | ak2-phase	2026-10-08T05:24:15Z	1791437055	setup	no
  | ak2: [2026-10-08T05:24:52Z] built 306f827679d55c2395743f532e6da71aeae1bc11; go version go1.27.1 linux/arm64; ip 172.31.20.236; nproc 48; mem_gib 92; threads 16, inflight 6
  | ak2-phase	2026-10-08T05:24:52Z	1791437092	manifest	no
  | ak2: [2026-10-08T05:24:52Z] staged s3://kraken2-ncbi-refseq-complete-v205/Kraken2_RefSeqCompleteV205/opts.k2d -> /home/ec2-user/ak2/db/roda/opts.k2d (56 bytes)
  | ak2: [2026-10-08T05:24:54Z] staged s3://kraken2-ncbi-refseq-complete-v205/Kraken2_RefSeqCompleteV205/taxo.k2d -> /home/ec2-user/ak2/db/roda/taxo.k2d (179150665 bytes)
  | ak2: [2026-10-08T05:24:54Z] RODA hash.k2d etag=f80959f9556b50d76b3e744afdd3b22a-8860 size=1189091671800
  | ak2: [2026-10-08T05:24:55Z] pushed out/rank13/c100.tsv
  | ak2: [2026-10-08T05:24:55Z] pushed out/rank13/placement.tsv
  | ak2: [2026-10-08T05:24:55Z] manifest c100: 306 lines in 9 batches; rank 13 reads 12 samples
  | ak2-phase	2026-10-08T05:24:55Z	1791437095	fetch	no
  | ak2: [2026-10-08T05:25:04Z] inputs staged and verified: 24 files, 14.56 GB
  | ak2: [2026-10-08T05:25:04Z] manifest c100: cohort: 306 samples in 9 batches check
  | ak2-phase	2026-10-08T05:25:04Z	1791437104	inv-c100	no
  | [c100] ak2-timing	taxo	0.003182	0.097016	87827	0	0.011146	0.088763
  | [c100] ak2-timing	shard-load-13	0.168259	28.214414	42783	0	47.444574	47.623332
  | [c100] ak2-timing	rendezvous	28.810630	1.283432	382	0	0.007674	0.000000
  | [c100] ak2-timing	connect	30.094079	0.169150	27	0	0.001513	0.000000
  | [c100] ak2-timing	hash	0.100221	30.163026	45106	0	47.465783	47.627825
  | [c100] ak2-sample	batch	0	name	0-SRR5935766	mode	parallel	s3client	sdk	rank	13	role	home	inflight	6	threads	16	start_s	30.263396	wall_s	197.602382	setup_s	0.000074	classify_s	197.601425	close_s	0.000000	report_s	0.000000	status	1	sequences	38777	bases	7296635	classified	36843	place	lpt	weight	14120624
  | [c100] ak2-sample	batch	0	name	0-SRR5935740	mode	parallel	s3client	sdk	rank	13	role	home	inflight	6	threads	16	start_s	30.263342	wall_s	203.920002	setup_s	0.000036	classify_s	203.918233	close_s	0.000000	report_s	0.000000	status	1	sequences	116791	bases	21660524	classified	103969	place	lpt	weight	10532910
  | [c100] ak2-sample	batch	0	name	0-SRR5935744	mode	parallel	s3client	sdk	rank	13	role	home	inflight	6	threads	16	start_s	30.263321	wall_s	203.925203	setup_s	0.000055	classify_s	203.924329	close_s	0.000000	report_s	0.000000	status	1	sequences	115779	bases	21657499	classified	113394	place	lpt	weight	15328347
  | [c100] ak2-sample	batch	0	name	0-SRR5935836	mode	parallel	s3client	sdk	rank	13	role	home	inflight	6	threads	16	start_s	30.263320	wall_s	209.913350	setup_s	0.000051	classify_s	209.912505	close_s	0.000000	report_s	0.000000	status	1	sequences	118607	bases	21618082	classified	112866	place	lpt	weight	7326365
  | [c100] ak2-sample	batch	0	name	0-SRR5935781	mode	parallel	s3client	sdk	rank	13	role	home	inflight	6	threads	16	start_s	30.263348	wall_s	213.707454	setup_s	0.000040	classify_s	213.706787	close_s	0.000000	report_s	0.000000	status	1	sequences	114092	bases	21700924	classified	111186	place	lpt	weight	8486948
  | [c100] ak2-sample	batch	0	name	0-SRR5935827	mode	parallel	s3client	sdk	rank	13	role	home	inflight	6	threads	16	start_s	30.263378	wall_s	239.012510	setup_s	0.000070	classify_s	239.011831	close_s	0.000000	report_s	0.000000	status	1	sequences	77880	bases	14494899	classified	76444	place	lpt	weight	16260968
  | Terminated
  | ak2: [2026-10-08T05:29:44Z] spec body exit rc=129 (SIGHUP)
  | ak2-phase	2026-10-08T05:29:44Z	1791437384	end	no
make run: instance is shutting-down
make run: tag-objects: s3://aws-kraken2-942542972736-us-west-2/aws-kraken2/g3/20261008-052324-306f827-765d-n16-r13/: 6 objects, 5 tagged now, 1 already tagged, 0 failed
make run: run dir: results/g3/20261008-052324-306f827-765d-n16-r13  (task exit 99, state terminated, cost $0.182385)
orphans: other live ak2 instances (concurrent runs; informational, not this run's):
  us-west-2	i-0e8ffe47b9c195fc6	running	c8g.large	2026-10-08T04:01:58+00:00	ak2-g3-20261008-040133-ad4af00-18db-n8-r3	ttl=4h	within TTL
  us-west-2	i-08261f7de7039bb4d	shutting-down	c9g.12xlarge	2026-10-08T05:24:52+00:00	ak2-g3-20261008-052413-306f827-5162-n16-r15	ttl=60m	within TTL
  us-west-2	i-0ff024c6670b3bcef	shutting-down	c9g.12xlarge	2026-10-08T05:24:49+00:00	ak2-g3-20261008-052413-306f827-5162-n16-r13	ttl=60m	within TTL
  us-west-2	i-0fd6860a28e8c9c16	running	c8g.large	2026-10-08T04:01:59+00:00	ak2-g3-20261008-040133-ad4af00-18db-n8-r5	ttl=4h	within TTL
  us-west-2	i-05009407489225ea5	running	c8g.large	2026-10-08T04:01:56+00:00	ak2-g3-20261008-040133-ad4af00-18db-n8-r2	ttl=4h	within TTL
  us-west-2	i-0a902283360ea6b10	shutting-down	c8g.12xlarge	2026-10-08T05:24:02+00:00	ak2-g3-20261008-052324-306f827-765d-n16-r14	ttl=60m	within TTL
  us-west-2	i-0ca12d01d5008dd36	shutting-down	c9g.12xlarge	2026-10-08T05:24:26+00:00	ak2-g3-20261008-052413-306f827-5162-n16-r2	ttl=60m	within TTL
  us-west-2	i-00bdad3ac0958ff05	shutting-down	c9g.12xlarge	2026-10-08T05:24:51+00:00	ak2-g3-20261008-052413-306f827-5162-n16-r14	ttl=60m	within TTL
  us-west-2	i-0b4aeef654774d9ed	shutting-down	c9g.12xlarge	2026-10-08T05:24:40+00:00	ak2-g3-20261008-052413-306f827-5162-n16-r9	ttl=60m	within TTL
  us-west-2	i-04bc31c57330539ea	running	x8g.24xlarge	2026-10-08T05:18:43+00:00	ak2-g3-20261008-051833-067c8d1-7e14-n1-r0	ttl=60m	within TTL
  us-west-2	i-0defe492920629bf8	running	c8g.large	2026-10-08T04:01:54+00:00	ak2-g3-20261008-040133-ad4af00-18db-n8-r1	ttl=4h	within TTL
  us-west-2	i-00bb0704d6505b613	running	c8g.large	2026-10-08T04:01:51+00:00	ak2-g3-20261008-040133-ad4af00-18db-n8-r0	ttl=4h	within TTL
  us-west-2	i-023c889e48febd7fb	running	c8g.large	2026-10-08T04:02:04+00:00	ak2-g3-20261008-040133-ad4af00-18db-n8-r7	ttl=4h	within TTL
  us-west-2	i-02a4f1f0db8694254	running	c8g.large	2026-10-08T04:01:58+00:00	ak2-g3-20261008-040133-ad4af00-18db-n8-r4	ttl=4h	within TTL
  us-west-2	i-0e469128686ad3b89	shutting-down	c9g.12xlarge	2026-10-08T05:24:22+00:00	ak2-g3-20261008-052413-306f827-5162-n16-r0	ttl=60m	within TTL
  us-west-2	i-0b7815bebdb680885	running	c8g.large	2026-10-08T04:02:00+00:00	ak2-g3-20261008-040133-ad4af00-18db-n8-r6	ttl=4h	within TTL
  us-west-2	i-091e369b1bef67147	running	r8gd.16xlarge	2026-10-08T05:09:08+00:00	ak2-g3-20261008-050900-9c4a5c7	ttl=120m	within TTL
  us-west-2	i-0cf88947feb1e23da	shutting-down	c9g.12xlarge	2026-10-08T05:24:38+00:00	ak2-g3-20261008-052413-306f827-5162-n16-r8	ttl=60m	within TTL
  us-west-2	i-0e2aff85ae047a24d	shutting-down	c8g.12xlarge	2026-10-08T05:23:57+00:00	ak2-g3-20261008-052324-306f827-765d-n16-r12	ttl=60m	within TTL
orphans: this run's instance(s) and task ak2-g3-20261008-052324-306f827-765d-n16-r13 are gone (18 regions checked)
