make run: bucket aws-kraken2-942542972736-us-west-2 is in us-west-2
make run: bucket kraken2-ncbi-refseq-complete-v205 is in us-west-2
make run: run 20261008-052324-306f827-765d-n16-r6  task ak2-g3-20261008-052324-306f827-765d-n16-r6  ->  s3://aws-kraken2-942542972736-us-west-2/aws-kraken2/g3/20261008-052324-306f827-765d-n16-r6
make run: user data: 12654 of 16384 bytes after base64 decoding (refuse above 15360)
make run: plan: Instance: c8g.12xlarge (0 vCPU, 0 GiB)
make run: launched i-04582ceb7e8793f9a (c8g.12xlarge) in us-west-2
  | ak2: log tee up
  | ak2-phase	2026-10-08T05:23:59Z	1791437039	preamble	no
  | ak2: [2026-10-08T05:23:59Z] inherited $-=hBc (stub, as spawn started it: $-=hBc)
  | ak2: [2026-10-08T05:23:59Z] after set +e $-=hBc
  | ak2: [2026-10-08T05:23:59Z] gate=g3 run=20261008-052324-306f827-765d-n16-r6
  | ak2: [2026-10-08T05:23:59Z] aws shim installed and self-tested (/tmp/ak2-bin/aws -> /usr/bin/aws)
  | ak2: [2026-10-08T05:23:59Z] imds region=us-west-2 az=us-west-2a instance=i-04582ceb7e8793f9a type=c8g.12xlarge ami=ami-09325776a00699513
  | ak2: [2026-10-08T05:23:59Z] bucket aws-kraken2-942542972736-us-west-2 region=us-west-2
  | ak2: [2026-10-08T05:24:00Z] bucket aws-kraken2-942542972736-us-west-2 payer=UNKNOWN
  | ak2: [2026-10-08T05:24:00Z] WARN: could not read Payer of aws-kraken2-942542972736-us-west-2 from the instance (launch host verified it)
  | ak2: [2026-10-08T05:24:00Z] bucket kraken2-ncbi-refseq-complete-v205 region=us-west-2
  | ak2: [2026-10-08T05:24:00Z] bucket kraken2-ncbi-refseq-complete-v205 payer=BucketOwner
  | ak2: [2026-10-08T05:24:00Z] region assert passed
  | ak2: [2026-10-08T05:24:00Z] drop_caches_ok=true
  | ak2: [2026-10-08T05:24:01Z] preamble done; spec body starts
  | ak2-phase	2026-10-08T05:24:01Z	1791437041	body	no
  | ak2: [2026-10-08T05:24:01Z] e3 cohort 20261008-052324-306f827-765d-n16 rank 6 of 16, commit 306f827; RODA kraken2-ncbi-refseq-complete-v205/Kraken2_RefSeqCompleteV205; samples aws-kraken2-942542972736-us-west-2/aws-kraken2/data/cohort; cohort 100
  | ak2-phase	2026-10-08T05:24:01Z	1791437041	setup	no
  | ak2: [2026-10-08T05:24:36Z] built 306f827679d55c2395743f532e6da71aeae1bc11; go version go1.27.1 linux/arm64; ip 172.31.31.20; nproc 48; mem_gib 92; threads 16, inflight 6
  | ak2-phase	2026-10-08T05:24:36Z	1791437076	manifest	no
  | ak2: [2026-10-08T05:24:37Z] staged s3://kraken2-ncbi-refseq-complete-v205/Kraken2_RefSeqCompleteV205/opts.k2d -> /home/ec2-user/ak2/db/roda/opts.k2d (56 bytes)
  | ak2: [2026-10-08T05:24:38Z] staged s3://kraken2-ncbi-refseq-complete-v205/Kraken2_RefSeqCompleteV205/taxo.k2d -> /home/ec2-user/ak2/db/roda/taxo.k2d (179150665 bytes)
  | ak2: [2026-10-08T05:24:39Z] RODA hash.k2d etag=f80959f9556b50d76b3e744afdd3b22a-8860 size=1189091671800
  | ak2: [2026-10-08T05:24:39Z] pushed out/rank6/c100.tsv
  | ak2: [2026-10-08T05:24:39Z] pushed out/rank6/placement.tsv
  | ak2: [2026-10-08T05:24:40Z] manifest c100: 306 lines in 9 batches; rank 6 reads 12 samples
  | ak2-phase	2026-10-08T05:24:40Z	1791437080	fetch	no
  | ak2: [2026-10-08T05:24:48Z] inputs staged and verified: 24 files, 13.30 GB
  | ak2: [2026-10-08T05:24:48Z] manifest c100: cohort: 306 samples in 9 batches check
  | ak2-phase	2026-10-08T05:24:48Z	1791437088	inv-c100	no
  | [c100] ak2-timing	taxo	0.003183	0.112872	87824	0	0.001769	0.093753
  | [c100] ak2-timing	shard-load-6	0.184489	28.681186	42809	0	53.921467	60.548682
  | [c100] ak2-timing	rendezvous	29.390381	16.988873	1791	0	0.027557	0.007246
  | [c100] ak2-timing	connect	46.379278	0.102011	9	0	0.000665	0.000747
  | [c100] ak2-timing	hash	0.116171	46.365139	46417	0	53.961529	60.559911
  | [c100] ak2-sample	batch	0	name	0-SRR5935790	mode	parallel	s3client	sdk	rank	6	role	home	inflight	6	threads	16	start_s	46.481384	wall_s	157.652932	setup_s	0.000204	classify_s	157.651562	close_s	0.000000	report_s	0.000000	status	1	sequences	0	bases	0	classified	0	place	lpt	weight	9202475
  | [c100] ak2-sample	batch	0	name	0-SRR5935762	mode	parallel	s3client	sdk	rank	6	role	home	inflight	6	threads	16	start_s	46.481350	wall_s	164.475675	setup_s	0.000044	classify_s	164.474914	close_s	0.000000	report_s	0.000000	status	1	sequences	0	bases	0	classified	0	place	lpt	weight	18129553
  | [c100] ak2-sample	batch	0	name	0-SRR5935838	mode	parallel	s3client	sdk	rank	6	role	home	inflight	6	threads	16	start_s	46.481344	wall_s	171.905181	setup_s	0.000047	classify_s	171.904372	close_s	0.000000	report_s	0.000000	status	1	sequences	0	bases	0	classified	0	place	lpt	weight	14615323
  | [c100] ak2-sample	batch	0	name	0-SRR5935776	mode	parallel	s3client	sdk	rank	6	role	home	inflight	6	threads	16	start_s	46.481354	wall_s	172.189813	setup_s	0.000041	classify_s	172.188727	close_s	0.000000	report_s	0.000000	status	1	sequences	38745	bases	7283292	classified	38236	place	lpt	weight	3168882
  | [c100] ak2-sample	batch	0	name	0-SRR5935834	mode	parallel	s3client	sdk	rank	6	role	home	inflight	6	threads	16	start_s	46.481385	wall_s	200.812651	setup_s	0.000050	classify_s	200.811808	close_s	0.000000	report_s	0.000000	status	1	sequences	39197	bases	7283568	classified	37622	place	lpt	weight	12610038
  | [c100] ak2-sample	batch	0	name	0-SRR5935780	mode	parallel	s3client	sdk	rank	6	role	home	inflight	6	threads	16	start_s	46.481371	wall_s	201.674968	setup_s	0.000037	classify_s	201.674241	close_s	0.000000	report_s	0.000000	status	1	sequences	0	bases	0	classified	0	place	lpt	weight	10716528
make run: instance is shutting-down
make run: tag-objects: s3://aws-kraken2-942542972736-us-west-2/aws-kraken2/g3/20261008-052324-306f827-765d-n16-r6/: 6 objects, 5 tagged now, 1 already tagged, 0 failed
make run: run dir: results/g3/20261008-052324-306f827-765d-n16-r6  (task exit 99, state terminated, cost $0.185575)
orphans: other live ak2 instances (concurrent runs; informational, not this run's):
  us-west-2	i-0e8ffe47b9c195fc6	running	c8g.large	2026-10-08T04:01:58+00:00	ak2-g3-20261008-040133-ad4af00-18db-n8-r3	ttl=4h	within TTL
  us-west-2	i-08261f7de7039bb4d	shutting-down	c9g.12xlarge	2026-10-08T05:24:52+00:00	ak2-g3-20261008-052413-306f827-5162-n16-r15	ttl=60m	within TTL
  us-west-2	i-0ff024c6670b3bcef	shutting-down	c9g.12xlarge	2026-10-08T05:24:49+00:00	ak2-g3-20261008-052413-306f827-5162-n16-r13	ttl=60m	within TTL
  us-west-2	i-0fd6860a28e8c9c16	running	c8g.large	2026-10-08T04:01:59+00:00	ak2-g3-20261008-040133-ad4af00-18db-n8-r5	ttl=4h	within TTL
  us-west-2	i-05009407489225ea5	running	c8g.large	2026-10-08T04:01:56+00:00	ak2-g3-20261008-040133-ad4af00-18db-n8-r2	ttl=4h	within TTL
  us-west-2	i-0a902283360ea6b10	shutting-down	c8g.12xlarge	2026-10-08T05:24:02+00:00	ak2-g3-20261008-052324-306f827-765d-n16-r14	ttl=60m	within TTL
  us-west-2	i-0ca12d01d5008dd36	shutting-down	c9g.12xlarge	2026-10-08T05:24:26+00:00	ak2-g3-20261008-052413-306f827-5162-n16-r2	ttl=60m	within TTL
  us-west-2	i-00bdad3ac0958ff05	shutting-down	c9g.12xlarge	2026-10-08T05:24:51+00:00	ak2-g3-20261008-052413-306f827-5162-n16-r14	ttl=60m	within TTL
  us-west-2	i-0b4aeef654774d9ed	shutting-down	c9g.12xlarge	2026-10-08T05:24:40+00:00	ak2-g3-20261008-052413-306f827-5162-n16-r9	ttl=60m	within TTL
  us-west-2	i-08f6b35c4074becce	shutting-down	c8g.12xlarge	2026-10-08T05:23:34+00:00	ak2-g3-20261008-052324-306f827-765d-n16-r0	ttl=60m	within TTL
  us-west-2	i-04bc31c57330539ea	running	x8g.24xlarge	2026-10-08T05:18:43+00:00	ak2-g3-20261008-051833-067c8d1-7e14-n1-r0	ttl=60m	within TTL
  us-west-2	i-0defe492920629bf8	running	c8g.large	2026-10-08T04:01:54+00:00	ak2-g3-20261008-040133-ad4af00-18db-n8-r1	ttl=4h	within TTL
  us-west-2	i-00bb0704d6505b613	running	c8g.large	2026-10-08T04:01:51+00:00	ak2-g3-20261008-040133-ad4af00-18db-n8-r0	ttl=4h	within TTL
  us-west-2	i-023c889e48febd7fb	running	c8g.large	2026-10-08T04:02:04+00:00	ak2-g3-20261008-040133-ad4af00-18db-n8-r7	ttl=4h	within TTL
  us-west-2	i-02a4f1f0db8694254	running	c8g.large	2026-10-08T04:01:58+00:00	ak2-g3-20261008-040133-ad4af00-18db-n8-r4	ttl=4h	within TTL
  us-west-2	i-0e469128686ad3b89	shutting-down	c9g.12xlarge	2026-10-08T05:24:22+00:00	ak2-g3-20261008-052413-306f827-5162-n16-r0	ttl=60m	within TTL
  us-west-2	i-0b7815bebdb680885	running	c8g.large	2026-10-08T04:02:00+00:00	ak2-g3-20261008-040133-ad4af00-18db-n8-r6	ttl=4h	within TTL
  us-west-2	i-091e369b1bef67147	running	r8gd.16xlarge	2026-10-08T05:09:08+00:00	ak2-g3-20261008-050900-9c4a5c7	ttl=120m	within TTL
  us-west-2	i-0cf88947feb1e23da	shutting-down	c9g.12xlarge	2026-10-08T05:24:38+00:00	ak2-g3-20261008-052413-306f827-5162-n16-r8	ttl=60m	within TTL
  us-west-2	i-00676c0905c8dd20a	shutting-down	c9g.12xlarge	2026-10-08T05:24:28+00:00	ak2-g3-20261008-052413-306f827-5162-n16-r3	ttl=60m	within TTL
  us-west-2	i-0e2aff85ae047a24d	shutting-down	c8g.12xlarge	2026-10-08T05:23:57+00:00	ak2-g3-20261008-052324-306f827-765d-n16-r12	ttl=60m	within TTL
  us-west-2	i-0b3b2577890cb04d4	shutting-down	c8g.12xlarge	2026-10-08T05:23:50+00:00	ak2-g3-20261008-052324-306f827-765d-n16-r8	ttl=60m	within TTL
orphans: this run's instance(s) and task ak2-g3-20261008-052324-306f827-765d-n16-r6 are gone (18 regions checked)
