make run: bucket aws-kraken2-942542972736-us-west-2 is in us-west-2
make run: bucket kraken2-ncbi-refseq-complete-v205 is in us-west-2
make run: run 20261008-064058-4a8f57c-d64a-n16-r11  task ak2-g3-20261008-064058-4a8f57c-d64a-n16-r11  ->  s3://aws-kraken2-942542972736-us-west-2/aws-kraken2/g3/20261008-064058-4a8f57c-d64a-n16-r11
make run: user data: 12659 of 16384 bytes after base64 decoding (refuse above 15360)
make run: plan: Instance: x8g.2xlarge (0 vCPU, 0 GiB)
make run: launched i-0d8878f278da610c6 (x8g.2xlarge) in us-west-2
  | ak2: log tee up
  | ak2-phase	2026-10-08T06:41:43Z	1791441703	preamble	no
  | ak2: [2026-10-08T06:41:43Z] inherited $-=hBc (stub, as spawn started it: $-=hBc)
  | ak2: [2026-10-08T06:41:43Z] after set +e $-=hBc
  | ak2: [2026-10-08T06:41:43Z] gate=g3 run=20261008-064058-4a8f57c-d64a-n16-r11
  | ak2: [2026-10-08T06:41:43Z] aws shim installed and self-tested (/tmp/ak2-bin/aws -> /usr/bin/aws)
  | ak2: [2026-10-08T06:41:43Z] imds region=us-west-2 az=us-west-2a instance=i-0d8878f278da610c6 type=x8g.2xlarge ami=ami-09325776a00699513
  | ak2: [2026-10-08T06:41:43Z] bucket aws-kraken2-942542972736-us-west-2 region=us-west-2
  | ak2: [2026-10-08T06:41:44Z] bucket aws-kraken2-942542972736-us-west-2 payer=UNKNOWN
  | ak2: [2026-10-08T06:41:44Z] WARN: could not read Payer of aws-kraken2-942542972736-us-west-2 from the instance (launch host verified it)
  | ak2: [2026-10-08T06:41:44Z] bucket kraken2-ncbi-refseq-complete-v205 region=us-west-2
  | ak2: [2026-10-08T06:41:44Z] bucket kraken2-ncbi-refseq-complete-v205 payer=BucketOwner
  | ak2: [2026-10-08T06:41:44Z] region assert passed
  | ak2: [2026-10-08T06:41:44Z] drop_caches_ok=true
  | ak2: [2026-10-08T06:41:45Z] preamble done; spec body starts
  | ak2-phase	2026-10-08T06:41:45Z	1791441705	body	no
  | ak2: [2026-10-08T06:41:45Z] e2 cohort 20261008-064058-4a8f57c-d64a-n16 rank 11 of 16, commit 4a8f57c; RODA kraken2-ncbi-refseq-complete-v205/Kraken2_RefSeqCompleteV205; samples aws-kraken2-942542972736-us-west-2/aws-kraken2/data/cohort; cohort 100
  | ak2-phase	2026-10-08T06:41:45Z	1791441705	setup	no
  | ak2: [2026-10-08T06:42:25Z] built 4a8f57c3f85688f9af904192e5c28dbcd186b4a3; go version go1.27.1 linux/arm64; ip 172.31.27.62; nproc 8; mem_gib 123; threads 16, inflight 1
  | ak2-phase	2026-10-08T06:42:25Z	1791441745	manifest	no
  | ak2: [2026-10-08T06:42:26Z] staged s3://kraken2-ncbi-refseq-complete-v205/Kraken2_RefSeqCompleteV205/opts.k2d -> /home/ec2-user/ak2/db/roda/opts.k2d (56 bytes)
  | ak2: [2026-10-08T06:42:27Z] staged s3://kraken2-ncbi-refseq-complete-v205/Kraken2_RefSeqCompleteV205/taxo.k2d -> /home/ec2-user/ak2/db/roda/taxo.k2d (179150665 bytes)
  | ak2: [2026-10-08T06:42:27Z] RODA hash.k2d etag=f80959f9556b50d76b3e744afdd3b22a-8860 size=1189091671800
  | ak2: [2026-10-08T06:42:28Z] pushed out/rank11/c100.tsv
  | ak2: [2026-10-08T06:42:28Z] pushed out/rank11/placement.tsv
  | ak2: [2026-10-08T06:42:28Z] manifest c100: 306 lines in 9 batches; rank 11 reads 11 samples
  | ak2-phase	2026-10-08T06:42:28Z	1791441748	fetch	no
  | ak2: [2026-10-08T06:42:39Z] inputs staged and verified: 22 files, 11.67 GB
  | ak2: [2026-10-08T06:42:39Z] manifest c100: cohort: 306 samples in 9 batches check
  | ak2-phase	2026-10-08T06:42:39Z	1791441759	inv-c100	no
  | [c100] ak2-timing	taxo	0.002894	0.104793	87794	0	0.012388	0.109404
  | [c100] ak2-engine	mem	t_s	15.0	rss_kib	21267732	hwm_kib	21267736	heap_inuse	393756672	sys	409794920	avail_kib	106420952
  | [c100] ak2-engine	mem	t_s	30.0	rss_kib	38507156	hwm_kib	38507156	heap_inuse	395157504	sys	409794920	avail_kib	89175444
  | [c100] ak2-engine	mem	t_s	45.0	rss_kib	55906268	hwm_kib	55906272	heap_inuse	396591104	sys	409794920	avail_kib	71801432
  | [c100] ak2-timing	shard-load-11	0.197787	55.828560	40482	0	54.997182	78.132187
  | [c100] ak2-engine	mem	t_s	60.0	rss_kib	72969368	hwm_kib	72969372	heap_inuse	400064512	sys	413989224	avail_kib	54719364
  | [c100] ak2-timing	rendezvous	56.479708	10.385758	564	0	0.013816	0.004052
  | [c100] ak2-timing	connect	66.865480	0.018336	3	0	0.000491	0.000697
  | [c100] ak2-timing	hash	0.107717	66.776112	42926	0	55.012854	78.151572
  | [c100] ak2-engine	mem	t_s	75.0	rss_kib	78347452	hwm_kib	78347452	heap_inuse	4203986944	sys	6050803608	avail_kib	48856376
  | [c100] ak2-sample	batch	0	name	0-SRR5935787	mode	parallel	s3client	sdk	rank	11	role	home	inflight	1	threads	16	start_s	66.883870	wall_s	17.944852	setup_s	0.000046	classify_s	17.502037	close_s	0.282189	report_s	0.153110	status	0	sequences	16351397	bases	3065557655	classified	16166849	place	lpt	weight	16351397
  | [c100] ak2-engine	mem	t_s	90.0	rss_kib	78349524	hwm_kib	78374904	heap_inuse	4153565184	sys	6053334936	avail_kib	49068800
  | [c100] ak2-sample	batch	0	name	0-SRR5935810	mode	parallel	s3client	sdk	rank	11	role	home	inflight	1	threads	16	start_s	84.828750	wall_s	16.748500	setup_s	0.000081	classify_s	16.244631	close_s	0.274322	report_s	0.209904	status	0	sequences	15280552	bases	2858109884	classified	13785544	place	lpt	weight	15280552
  | [c100] ak2-engine	mem	t_s	105.0	rss_kib	78218812	hwm_kib	78665032	heap_inuse	4626751488	sys	6240473160	avail_kib	49323388
  | [c100] ak2-sample	batch	0	name	0-SRR5935794	mode	parallel	s3client	sdk	rank	11	role	home	inflight	1	threads	16	start_s	101.577275	wall_s	14.730827	setup_s	0.000070	classify_s	14.347875	close_s	0.240654	report_s	0.135243	status	0	sequences	13404063	bases	2484447317	classified	13071600	place	lpt	weight	13404063
  | [c100] ak2-engine	mem	t_s	120.0	rss_kib	78216364	hwm_kib	78945160	heap_inuse	4753252352	sys	6614237336	avail_kib	49115368
  | [c100] ak2-sample	batch	0	name	0-SRR5935788	mode	parallel	s3client	sdk	rank	11	role	home	inflight	1	threads	16	start_s	116.308129	wall_s	12.336279	setup_s	0.000076	classify_s	11.850183	close_s	0.269579	report_s	0.209768	status	0	sequences	11073410	bases	2024074094	classified	10832572	place	lpt	weight	11073410
  | [c100] ak2-engine	mem	t_s	135.0	rss_kib	78400916	hwm_kib	78945160	heap_inuse	5351301120	sys	6631014552	avail_kib	49180024
  | [c100] ak2-sample	batch	0	name	0-SRR5935799	mode	parallel	s3client	sdk	rank	11	role	home	inflight	1	threads	16	start_s	128.644436	wall_s	10.057004	setup_s	0.000071	classify_s	9.638254	close_s	0.218604	report_s	0.177724	status	0	sequences	9090205	bases	1661371324	classified	7439975	place	lpt	weight	9090205
  | [c100] ak2-sample	batch	0	name	0-SRR5935767	mode	parallel	s3client	sdk	rank	11	role	home	inflight	1	threads	16	start_s	138.701469	wall_s	5.762612	setup_s	0.000059	classify_s	5.389740	close_s	0.237949	report_s	0.128295	status	0	sequences	5166420	bases	956191777	classified	4901709	place	lpt	weight	5166420
  | [c100] ak2-timing	batch-barrier-0	144.464099	2.124728	4	0	0.249181	0.033429
  | [c100] ak2-engine	mem	t_s	150.0	rss_kib	78354880	hwm_kib	79029620	heap_inuse	3208568832	sys	6651170984	avail_kib	49058560
  | [c100] ak2-engine	mem	t_s	165.1	rss_kib	78593892	hwm_kib	79029620	heap_inuse	4120150016	sys	6651170984	avail_kib	49091420
  | [c100] ak2-sample	batch	1	name	1-SRR5935751	mode	parallel	s3client	sdk	rank	11	role	home	inflight	1	threads	16	start_s	146.588855	wall_s	19.805501	setup_s	0.000067	classify_s	19.396442	close_s	0.225115	report_s	0.175263	status	0	sequences	18645445	bases	3449573600	classified	18393099	place	mod	weight	18645445
  | [c100] ak2-sample	batch	1	name	1-SRR5935767	mode	parallel	s3client	sdk	rank	11	role	home	inflight	1	threads	16	start_s	166.394385	wall_s	6.257851	setup_s	0.000066	classify_s	5.866342	close_s	0.239384	report_s	0.145179	status	0	sequences	5166420	bases	956191777	classified	4901709	place	mod	weight	5166420
  | [c100] ak2-sample	batch	1	name	1-SRR5935783	mode	parallel	s3client	sdk	rank	11	role	home	inflight	1	threads	16	start_s	172.652264	wall_s	3.473381	setup_s	0.000070	classify_s	3.167035	close_s	0.180562	report_s	0.121873	status	0	sequences	2565282	bases	465562992	classified	2508539	place	mod	weight	2565282
  | [c100] ak2-engine	mem	t_s	180.1	rss_kib	78199120	hwm_kib	79029620	heap_inuse	3819364352	sys	6651433128	avail_kib	49346068
  | [c100] ak2-sample	batch	1	name	1-SRR5935799	mode	parallel	s3client	sdk	rank	11	role	home	inflight	1	threads	16	start_s	176.125672	wall_s	9.897547	setup_s	0.000072	classify_s	9.474448	close_s	0.202000	report_s	0.196197	status	0	sequences	9090205	bases	1661371324	classified	7439975	place	mod	weight	9090205
  | [c100] ak2-sample	batch	1	name	1-SRR5935815	mode	parallel	s3client	sdk	rank	11	role	home	inflight	1	threads	16	start_s	186.023245	wall_s	8.478632	setup_s	0.000080	classify_s	8.137630	close_s	0.196251	report_s	0.136200	status	0	sequences	7153468	bases	1337267943	classified	6947959	place	mod	weight	7153468
  | [c100] ak2-engine	mem	t_s	195.1	rss_kib	78682760	hwm_kib	79029620	heap_inuse	3319947264	sys	6651564200	avail_kib	48706476
  | [c100] ak2-sample	batch	1	name	1-SRR5935831	mode	parallel	s3client	sdk	rank	11	role	home	inflight	1	threads	16	start_s	194.501906	wall_s	13.955555	setup_s	0.000072	classify_s	13.593481	close_s	0.228256	report_s	0.127606	status	0	sequences	12793053	bases	2357685670	classified	12609886	place	mod	weight	12793053
  | [c100] ak2-engine	mem	t_s	210.1	rss_kib	78903832	hwm_kib	79093000	heap_inuse	5158748160	sys	6769041592	avail_kib	48556420
  | [c100] ak2-engine	mem	t_s	225.1	rss_kib	78903840	hwm_kib	79093000	heap_inuse	5171707904	sys	6769041592	avail_kib	48849964
  | [c100] ak2-timing	batch-barrier-1	208.457484	28.391382	6	0	13.299005	1.922008
  | [c100] ak2-engine	mem	t_s	240.1	rss_kib	78098580	hwm_kib	79093000	heap_inuse	4470743040	sys	6769041592	avail_kib	49602404
  | [c100] ak2-sample	batch	2	name	2-SRR5935787	mode	parallel	s3client	sdk	rank	11	role	home	inflight	1	threads	16	start_s	236.848911	wall_s	17.868531	setup_s	0.000088	classify_s	17.520706	close_s	0.211565	report_s	0.128644	status	0	sequences	16351397	bases	3065557655	classified	16166849	place	lpt	weight	16351397
  | [c100] ak2-engine	mem	t_s	255.1	rss_kib	78779444	hwm_kib	79093000	heap_inuse	2639724544	sys	6769303736	avail_kib	48832944
  | [c100] ak2-engine	mem	t_s	270.1	rss_kib	78798260	hwm_kib	79093000	heap_inuse	5758656512	sys	6769303736	avail_kib	48727884
  | [c100] ak2-sample	batch	2	name	2-SRR5935810	mode	parallel	s3client	sdk	rank	11	role	home	inflight	1	threads	16	start_s	254.717467	wall_s	16.529049	setup_s	0.000069	classify_s	16.088422	close_s	0.250450	report_s	0.168959	status	0	sequences	15280552	bases	2858109884	classified	13785544	place	lpt	weight	15280552
  | [c100] ak2-engine	mem	t_s	285.1	rss_kib	78922284	hwm_kib	79093000	heap_inuse	5593866240	sys	6874300632	avail_kib	48659924
  | [c100] ak2-sample	batch	2	name	2-SRR5935794	mode	parallel	s3client	sdk	rank	11	role	home	inflight	1	threads	16	start_s	271.246543	wall_s	15.061718	setup_s	0.000062	classify_s	14.434983	close_s	0.275781	report_s	0.343974	status	0	sequences	13404063	bases	2484447317	classified	13071600	place	lpt	weight	13404063
  | [c100] ak2-sample	batch	2	name	2-SRR5935788	mode	parallel	s3client	sdk	rank	11	role	home	inflight	1	threads	16	start_s	286.308286	wall_s	12.175364	setup_s	0.000067	classify_s	11.709878	close_s	0.305022	report_s	0.152940	status	0	sequences	11073410	bases	2024074094	classified	10832572	place	lpt	weight	11073410
  | [c100] ak2-engine	mem	t_s	300.1	rss_kib	78096144	hwm_kib	79368056	heap_inuse	4330323968	sys	7022027000	avail_kib	49115416
  | [c100] ak2-sample	batch	2	name	2-SRR5935799	mode	parallel	s3client	sdk	rank	11	role	home	inflight	1	threads	16	start_s	298.483678	wall_s	9.882189	setup_s	0.000065	classify_s	9.396564	close_s	0.226777	report_s	0.236135	status	0	sequences	9090205	bases	1661371324	classified	7439975	place	lpt	weight	9090205
  | [c100] ak2-sample	batch	2	name	2-SRR5935767	mode	parallel	s3client	sdk	rank	11	role	home	inflight	1	threads	16	start_s	308.365899	wall_s	6.115335	setup_s	0.000062	classify_s	5.729672	close_s	0.253343	report_s	0.125891	status	0	sequences	5166420	bases	956191777	classified	4901709	place	lpt	weight	5166420
  | [c100] ak2-engine	mem	t_s	315.1	rss_kib	78448308	hwm_kib	79368056	heap_inuse	3434405888	sys	7022027000	avail_kib	49114184
  | [c100] ak2-timing	batch-barrier-2	314.481254	2.077646	0	0	0.111694	0.013150
  | [c100] ak2-timing	barrier	323.162662	0.322329	0	0	0.014037	0.000000
  | [c100] ak2-sample	batch	3	name	3-SRR5935740	mode	striped	s3client	sdk	rank	11	role	peer	inflight	1	threads	16	start_s	317.511704	wall_s	5.973339	setup_s	0.000069	classify_s	5.646846	close_s	0.000000	report_s	0.000000	status	0	sequences	0	bases	0	classified	0	place	-	weight	-
  | [c100] ak2-timing	batch-barrier-3	323.485054	0.488609	0	0	0.005744	0.000000
  | [c100] ak2-engine	mem	t_s	330.1	rss_kib	76342500	hwm_kib	79368056	heap_inuse	3210076160	sys	7022027000	avail_kib	51348252
  | [c100] ak2-timing	barrier	330.399968	0.291920	0	0	0.002816	0.008467
  | [c100] ak2-sample	batch	4	name	4-SRR5935740	mode	striped	s3client	sdk	rank	11	role	peer	inflight	1	threads	16	start_s	324.748207	wall_s	5.943719	setup_s	0.000054	classify_s	5.647611	close_s	0.000000	report_s	0.000000	status	0	sequences	0	bases	0	classified	0	place	-	weight	-
  | [c100] ak2-timing	batch-barrier-4	330.691935	0.484896	0	0	0.005117	0.000495
  | [c100] ak2-timing	barrier	337.618055	0.139649	0	0	0.008196	0.000789
  | [c100] ak2-sample	batch	5	name	5-SRR5935740	mode	striped	s3client	sdk	rank	11	role	peer	inflight	1	threads	16	start_s	331.966446	wall_s	5.791307	setup_s	0.000057	classify_s	5.647533	close_s	0.000000	report_s	0.000000	status	0	sequences	0	bases	0	classified	0	place	-	weight	-
  | [c100] ak2-timing	batch-barrier-5	337.757765	0.593166	0	0	0.005930	0.000000
  | [c100] ak2-engine	mem	t_s	345.1	rss_kib	76482180	hwm_kib	79368056	heap_inuse	3104784384	sys	7022027000	avail_kib	51159080
  | [c100] ak2-timing	batch-barrier-6	338.350949	10.127862	1	0	0.694020	0.115571
  | [c100] ak2-timing	batch-barrier-7	348.478830	10.524718	1	0	0.706537	0.114250
  | [c100] ak2-engine	mem	t_s	360.1	rss_kib	76482188	hwm_kib	79368056	heap_inuse	3109085184	sys	7022027000	avail_kib	51340568
  | [c100] ak2-timing	batch-barrier-8	359.003566	10.172217	1	0	0.729373	0.088676
  | [c100] ak2-engine	shard	0	n	16	lo	204375131085	hi	222954688456	tail	302	full	false	empty_at	18579557371	keys	8467632093	batches	89910	probe_s	240.857166	tail_probes	0	wrap_probes	0
  | [c100] ak2-engine	mem	t_s	369.2	rss_kib	76482188	hwm_kib	79368056	heap_inuse	3109576704	sys	7022027000	avail_kib	51314752
  | [c100] ak2-engine	rendezvous	puts	13	gets	596
  | [c100] ak2-engine	s3	client	sdk	put	31	get	596	create_multipart	18	upload_part	2088	complete_multipart	18	abort_multipart	0	part_bytes	17458072545
  | [c100] ak2-engine	s3	client	cli	put	0	get	0	create_multipart	0	upload_part	0	complete_multipart	0	abort_multipart	0	part_bytes	0
  | [c100] ak2-engine	load	seconds	55.828556	requests	1126	retries	0	bytes	74318296292
  | [c100] ak2-engine	route	transport	nodes	calls	5206	keys	7865017556	batches	83296	route_s	98.386797	wait_s	315.200804	gather_s	18.374649
  | [c100] ak2-engine	worker	scan_s	729.219383	lookup_s	431.966831	classify_s	650.807065
  | [c100] ak2-timing	total	0.000001	369.318194	6883439	0	1611.375874	155.319551
  | ak2: [2026-10-08T06:48:50Z] inv c100 rank 11 exit 0
  | [c100 stderr] Loading database information...ak2-timing	opts	0.002862	0.000023	0	0	0.000021	0.000000
  | [c100 stderr]  done.
  | ak2: [2026-10-08T06:48:50Z] pushed out/rank11/eng-c100.stderr
  | ak2: [2026-10-08T06:48:50Z] rank 11 done (rc=0)
  | ak2: [2026-10-08T06:48:50Z] spec body exit rc=0
  | ak2-phase	2026-10-08T06:48:50Z	1791442130	end	no
make run: tag-objects: s3://aws-kraken2-942542972736-us-west-2/aws-kraken2/g3/20261008-064058-4a8f57c-d64a-n16-r11/: 10 objects, 9 tagged now, 1 already tagged, 0 failed
make run: run dir: results/g3/20261008-064058-4a8f57c-d64a-n16-r11  (task exit 0, state terminated, cost $0.101174)
orphans: other live ak2 instances (concurrent runs; informational, not this run's):
  us-west-2	i-03167fb0812c62ce0	running	x8g.2xlarge	2026-10-08T06:41:10+00:00	ak2-g3-20261008-064058-4a8f57c-d64a-n16-r1	ttl=60m	within TTL
  us-west-2	i-0a75d4795b05aaf7d	running	x8g.2xlarge	2026-10-08T06:41:08+00:00	ak2-g3-20261008-064058-4a8f57c-d64a-n16-r0	ttl=60m	within TTL
  us-west-2	i-008479d9502966b4e	shutting-down	x8g.2xlarge	2026-10-08T06:41:34+00:00	ak2-g3-20261008-064058-4a8f57c-d64a-n16-r13	ttl=60m	within TTL
  us-west-2	i-0343461648903a3be	running	x8g.2xlarge	2026-10-08T06:41:14+00:00	ak2-g3-20261008-064058-4a8f57c-d64a-n16-r3	ttl=60m	within TTL
  us-west-2	i-0e373dc9f8becdecf	running	x8g.2xlarge	2026-10-08T06:41:16+00:00	ak2-g3-20261008-064058-4a8f57c-d64a-n16-r4	ttl=60m	within TTL
  us-west-2	i-043c5c9570b963b35	running	x8g.2xlarge	2026-10-08T06:41:12+00:00	ak2-g3-20261008-064058-4a8f57c-d64a-n16-r2	ttl=60m	within TTL
  us-west-2	i-006350a5f723fc4d4	running	x8g.2xlarge	2026-10-08T06:41:20+00:00	ak2-g3-20261008-064058-4a8f57c-d64a-n16-r6	ttl=60m	within TTL
  us-west-2	i-04779e881a8b0e5e0	running	x8g.2xlarge	2026-10-08T06:41:18+00:00	ak2-g3-20261008-064058-4a8f57c-d64a-n16-r5	ttl=60m	within TTL
orphans: this run's instance(s) and task ak2-g3-20261008-064058-4a8f57c-d64a-n16-r11 are gone (18 regions checked)
