make run: bucket aws-kraken2-942542972736-us-west-2 is in us-west-2
make run: bucket kraken2-ncbi-refseq-complete-v205 is in us-west-2
make run: run 20261008-064058-4a8f57c-d64a-n16-r6  task ak2-g3-20261008-064058-4a8f57c-d64a-n16-r6  ->  s3://aws-kraken2-942542972736-us-west-2/aws-kraken2/g3/20261008-064058-4a8f57c-d64a-n16-r6
make run: user data: 12653 of 16384 bytes after base64 decoding (refuse above 15360)
make run: plan: Instance: x8g.2xlarge (0 vCPU, 0 GiB)
make run: launched i-006350a5f723fc4d4 (x8g.2xlarge) in us-west-2
  | ak2: log tee up
  | ak2-phase	2026-10-08T06:41:33Z	1791441693	preamble	no
  | ak2: [2026-10-08T06:41:33Z] inherited $-=hBc (stub, as spawn started it: $-=hBc)
  | ak2: [2026-10-08T06:41:33Z] after set +e $-=hBc
  | ak2: [2026-10-08T06:41:33Z] gate=g3 run=20261008-064058-4a8f57c-d64a-n16-r6
  | ak2: [2026-10-08T06:41:33Z] aws shim installed and self-tested (/tmp/ak2-bin/aws -> /usr/bin/aws)
  | ak2: [2026-10-08T06:41:33Z] imds region=us-west-2 az=us-west-2a instance=i-006350a5f723fc4d4 type=x8g.2xlarge ami=ami-09325776a00699513
  | ak2: [2026-10-08T06:41:34Z] bucket aws-kraken2-942542972736-us-west-2 region=us-west-2
  | ak2: [2026-10-08T06:41:34Z] bucket aws-kraken2-942542972736-us-west-2 payer=UNKNOWN
  | ak2: [2026-10-08T06:41:34Z] WARN: could not read Payer of aws-kraken2-942542972736-us-west-2 from the instance (launch host verified it)
  | ak2: [2026-10-08T06:41:34Z] bucket kraken2-ncbi-refseq-complete-v205 region=us-west-2
  | ak2: [2026-10-08T06:41:35Z] bucket kraken2-ncbi-refseq-complete-v205 payer=BucketOwner
  | ak2: [2026-10-08T06:41:35Z] region assert passed
  | ak2: [2026-10-08T06:41:35Z] drop_caches_ok=true
  | ak2: [2026-10-08T06:41:36Z] preamble done; spec body starts
  | ak2-phase	2026-10-08T06:41:36Z	1791441696	body	no
  | ak2: [2026-10-08T06:41:36Z] e2 cohort 20261008-064058-4a8f57c-d64a-n16 rank 6 of 16, commit 4a8f57c; RODA kraken2-ncbi-refseq-complete-v205/Kraken2_RefSeqCompleteV205; samples aws-kraken2-942542972736-us-west-2/aws-kraken2/data/cohort; cohort 100
  | ak2-phase	2026-10-08T06:41:36Z	1791441696	setup	no
  | ak2: [2026-10-08T06:42:16Z] built 4a8f57c3f85688f9af904192e5c28dbcd186b4a3; go version go1.27.1 linux/arm64; ip 172.31.17.32; nproc 8; mem_gib 123; threads 16, inflight 1
  | ak2-phase	2026-10-08T06:42:16Z	1791441736	manifest	no
  | ak2: [2026-10-08T06:42:17Z] staged s3://kraken2-ncbi-refseq-complete-v205/Kraken2_RefSeqCompleteV205/opts.k2d -> /home/ec2-user/ak2/db/roda/opts.k2d (56 bytes)
  | ak2: [2026-10-08T06:42:18Z] staged s3://kraken2-ncbi-refseq-complete-v205/Kraken2_RefSeqCompleteV205/taxo.k2d -> /home/ec2-user/ak2/db/roda/taxo.k2d (179150665 bytes)
  | ak2: [2026-10-08T06:42:19Z] RODA hash.k2d etag=f80959f9556b50d76b3e744afdd3b22a-8860 size=1189091671800
  | ak2: [2026-10-08T06:42:19Z] pushed out/rank6/c100.tsv
  | ak2: [2026-10-08T06:42:19Z] pushed out/rank6/placement.tsv
  | ak2: [2026-10-08T06:42:19Z] manifest c100: 306 lines in 9 batches; rank 6 reads 12 samples
  | ak2-phase	2026-10-08T06:42:19Z	1791441739	fetch	no
  | ak2: [2026-10-08T06:42:31Z] inputs staged and verified: 24 files, 13.30 GB
  | ak2: [2026-10-08T06:42:31Z] manifest c100: cohort: 306 samples in 9 batches check
  | ak2-phase	2026-10-08T06:42:31Z	1791441751	inv-c100	no
  | [c100] ak2-timing	taxo	0.002855	0.095291	87774	0	0.014023	0.095624
  | [c100] ak2-engine	mem	t_s	15.0	rss_kib	27051856	hwm_kib	27053904	heap_inuse	394592256	sys	409737576	avail_kib	100375652
  | [c100] ak2-engine	mem	t_s	30.0	rss_kib	54255568	hwm_kib	54255572	heap_inuse	396828672	sys	409737576	avail_kib	73180512
  | [c100] ak2-timing	shard-load-6	0.170010	40.530224	40560	0	37.431883	41.480553
  | [c100] ak2-engine	mem	t_s	45.0	rss_kib	72970984	hwm_kib	72970988	heap_inuse	402014208	sys	418453864	avail_kib	54560824
  | [c100] ak2-engine	mem	t_s	60.0	rss_kib	72975180	hwm_kib	72975184	heap_inuse	406781952	sys	423172456	avail_kib	54794016
  | [c100] ak2-engine	mem	t_s	75.0	rss_kib	72977340	hwm_kib	72977344	heap_inuse	409116672	sys	423172456	avail_kib	54817628
  | [c100] ak2-timing	rendezvous	41.275289	34.833232	11494	0	0.188284	0.069950
  | [c100] ak2-timing	connect	76.108537	0.221579	2295	0	0.130450	0.000000
  | [c100] ak2-timing	hash	0.098228	76.231917	56237	0	37.762970	41.553666
  | [c100] ak2-engine	mem	t_s	90.0	rss_kib	78229912	hwm_kib	78229912	heap_inuse	4345921536	sys	5911478136	avail_kib	48889740
  | [c100] ak2-sample	batch	0	name	0-SRR5935762	mode	parallel	s3client	sdk	rank	6	role	home	inflight	1	threads	16	start_s	76.330188	wall_s	19.267337	setup_s	0.000070	classify_s	18.714235	close_s	0.213401	report_s	0.331064	status	0	sequences	18129553	bases	3409028279	classified	17831449	place	lpt	weight	18129553
  | [c100] ak2-engine	mem	t_s	105.0	rss_kib	78719660	hwm_kib	78904268	heap_inuse	4917657600	sys	6604525720	avail_kib	48277800
  | [c100] ak2-sample	batch	0	name	0-SRR5935838	mode	parallel	s3client	sdk	rank	6	role	home	inflight	1	threads	16	start_s	95.597552	wall_s	15.253347	setup_s	0.000070	classify_s	14.862417	close_s	0.224812	report_s	0.158732	status	0	sequences	14615323	bases	2691062094	classified	14358414	place	lpt	weight	14615323
  | [c100] ak2-engine	mem	t_s	120.0	rss_kib	78496424	hwm_kib	78904268	heap_inuse	4943470592	sys	6638235800	avail_kib	48682348
  | [c100] ak2-sample	batch	0	name	0-SRR5935834	mode	parallel	s3client	sdk	rank	6	role	home	inflight	1	threads	16	start_s	110.850925	wall_s	13.693801	setup_s	0.000062	classify_s	13.320633	close_s	0.207183	report_s	0.156444	status	0	sequences	12610038	bases	2321592529	classified	12099380	place	lpt	weight	12610038
  | [c100] ak2-engine	mem	t_s	135.1	rss_kib	78848932	hwm_kib	78964964	heap_inuse	5679439872	sys	6781345992	avail_kib	48288016
  | [c100] ak2-sample	batch	0	name	0-SRR5935780	mode	parallel	s3client	sdk	rank	6	role	home	inflight	1	threads	16	start_s	124.544752	wall_s	11.572430	setup_s	0.000079	classify_s	11.229167	close_s	0.202774	report_s	0.133427	status	0	sequences	10716528	bases	1994960359	classified	10376259	place	lpt	weight	10716528
  | [c100] ak2-sample	batch	0	name	0-SRR5935790	mode	parallel	s3client	sdk	rank	6	role	home	inflight	1	threads	16	start_s	136.117211	wall_s	9.972158	setup_s	0.000068	classify_s	9.600641	close_s	0.212493	report_s	0.150173	status	0	sequences	9202475	bases	1711991411	classified	8810259	place	lpt	weight	9202475
  | [c100] ak2-engine	mem	t_s	150.1	rss_kib	78514128	hwm_kib	79052172	heap_inuse	3856064512	sys	6849892568	avail_kib	48879216
  | [c100] ak2-sample	batch	0	name	0-SRR5935776	mode	parallel	s3client	sdk	rank	6	role	home	inflight	1	threads	16	start_s	146.089394	wall_s	4.142395	setup_s	0.000075	classify_s	3.740258	close_s	0.256266	report_s	0.141939	status	0	sequences	3168882	bases	592648009	classified	3127330	place	lpt	weight	3168882
  | [c100] ak2-timing	batch-barrier-0	150.231815	4.458769	0	0	1.188434	0.105222
  | [c100] ak2-engine	mem	t_s	165.1	rss_kib	78474200	hwm_kib	79052172	heap_inuse	3391152128	sys	6849925336	avail_kib	49113468
  | [c100] ak2-sample	batch	1	name	1-SRR5935746	mode	parallel	s3client	sdk	rank	6	role	home	inflight	1	threads	16	start_s	154.690609	wall_s	11.870882	setup_s	0.000055	classify_s	11.482319	close_s	0.203346	report_s	0.177693	status	0	sequences	11012615	bases	2057953866	classified	10686469	place	mod	weight	11012615
  | [c100] ak2-engine	mem	t_s	180.1	rss_kib	78786272	hwm_kib	79052172	heap_inuse	4397277184	sys	6849958104	avail_kib	48476960
  | [c100] ak2-sample	batch	1	name	1-SRR5935762	mode	parallel	s3client	sdk	rank	6	role	home	inflight	1	threads	16	start_s	166.561519	wall_s	19.112127	setup_s	0.000067	classify_s	18.650966	close_s	0.270879	report_s	0.181723	status	0	sequences	18129553	bases	3409028279	classified	17831449	place	mod	weight	18129553
  | [c100] ak2-engine	mem	t_s	195.1	rss_kib	78887940	hwm_kib	79326960	heap_inuse	3875356672	sys	7056089352	avail_kib	48508412
  | [c100] ak2-sample	batch	1	name	1-SRR5935778	mode	parallel	s3client	sdk	rank	6	role	home	inflight	1	threads	16	start_s	185.673675	wall_s	11.354467	setup_s	0.000070	classify_s	10.947405	close_s	0.220777	report_s	0.174591	status	0	sequences	10554303	bases	1946564732	classified	10062971	place	mod	weight	10554303
  | [c100] ak2-engine	mem	t_s	210.1	rss_kib	78543676	hwm_kib	79326960	heap_inuse	4279951360	sys	7056089352	avail_kib	48961668
  | [c100] ak2-sample	batch	1	name	1-SRR5935794	mode	parallel	s3client	sdk	rank	6	role	home	inflight	1	threads	16	start_s	197.028168	wall_s	14.424385	setup_s	0.000068	classify_s	14.012207	close_s	0.281334	report_s	0.124191	status	0	sequences	13404063	bases	2484447317	classified	13071600	place	mod	weight	13404063
  | [c100] ak2-engine	mem	t_s	225.2	rss_kib	78587456	hwm_kib	79326960	heap_inuse	5639266304	sys	7056417032	avail_kib	48903392
  | [c100] ak2-sample	batch	1	name	1-SRR5935810	mode	parallel	s3client	sdk	rank	6	role	home	inflight	1	threads	16	start_s	211.452576	wall_s	15.815174	setup_s	0.000062	classify_s	15.399179	close_s	0.235236	report_s	0.162022	status	0	sequences	15280552	bases	2858109884	classified	13785544	place	mod	weight	15280552
  | [c100] ak2-sample	batch	1	name	1-SRR5935826	mode	parallel	s3client	sdk	rank	6	role	home	inflight	1	threads	16	start_s	227.267779	wall_s	8.905792	setup_s	0.000065	classify_s	8.532718	close_s	0.233330	report_s	0.134508	status	0	sequences	8766123	bases	1609927653	classified	8639469	place	mod	weight	8766123
  | [c100] ak2-engine	mem	t_s	240.2	rss_kib	78596704	hwm_kib	79326960	heap_inuse	3195633664	sys	7056384264	avail_kib	48854580
  | [c100] ak2-timing	batch-barrier-1	236.173594	8.374425	3	0	1.340536	0.257966
  | [c100] ak2-engine	mem	t_s	255.2	rss_kib	78696660	hwm_kib	79326960	heap_inuse	5223866368	sys	7059464456	avail_kib	48787608
  | [c100] ak2-sample	batch	2	name	2-SRR5935762	mode	parallel	s3client	sdk	rank	6	role	home	inflight	1	threads	16	start_s	244.548064	wall_s	19.109221	setup_s	0.000052	classify_s	18.719275	close_s	0.246975	report_s	0.133735	status	0	sequences	18129553	bases	3409028279	classified	17831449	place	lpt	weight	18129553
  | [c100] ak2-engine	mem	t_s	270.2	rss_kib	78413068	hwm_kib	79326960	heap_inuse	4657717248	sys	7059464456	avail_kib	48922248
  | [c100] ak2-sample	batch	2	name	2-SRR5935838	mode	parallel	s3client	sdk	rank	6	role	home	inflight	1	threads	16	start_s	263.657313	wall_s	15.323841	setup_s	0.000065	classify_s	14.926742	close_s	0.232387	report_s	0.157251	status	0	sequences	14615323	bases	2691062094	classified	14358414	place	lpt	weight	14615323
  | [c100] ak2-engine	mem	t_s	285.2	rss_kib	78374652	hwm_kib	79326960	heap_inuse	5280964608	sys	7059529992	avail_kib	49141264
  | [c100] ak2-sample	batch	2	name	2-SRR5935834	mode	parallel	s3client	sdk	rank	6	role	home	inflight	1	threads	16	start_s	278.981182	wall_s	13.530922	setup_s	0.000059	classify_s	13.096703	close_s	0.251037	report_s	0.173268	status	0	sequences	12610038	bases	2321592529	classified	12099380	place	lpt	weight	12610038
  | [c100] ak2-engine	mem	t_s	300.2	rss_kib	78585712	hwm_kib	79326960	heap_inuse	4593082368	sys	7059529992	avail_kib	48757484
  | [c100] ak2-sample	batch	2	name	2-SRR5935780	mode	parallel	s3client	sdk	rank	6	role	home	inflight	1	threads	16	start_s	292.512131	wall_s	11.652073	setup_s	0.000062	classify_s	11.124656	close_s	0.287534	report_s	0.233091	status	0	sequences	10716528	bases	1994960359	classified	10376259	place	lpt	weight	10716528
  | [c100] ak2-sample	batch	2	name	2-SRR5935790	mode	parallel	s3client	sdk	rank	6	role	home	inflight	1	threads	16	start_s	304.164245	wall_s	9.992482	setup_s	0.000079	classify_s	9.592495	close_s	0.202002	report_s	0.189352	status	0	sequences	9202475	bases	1711991411	classified	8810259	place	lpt	weight	9202475
  | [c100] ak2-engine	mem	t_s	315.2	rss_kib	77999816	hwm_kib	79326960	heap_inuse	4219674624	sys	7059529992	avail_kib	49326608
  | [c100] ak2-sample	batch	2	name	2-SRR5935776	mode	parallel	s3client	sdk	rank	6	role	home	inflight	1	threads	16	start_s	314.156753	wall_s	3.987495	setup_s	0.000064	classify_s	3.608713	close_s	0.202066	report_s	0.172916	status	0	sequences	3168882	bases	592648009	classified	3127330	place	lpt	weight	3168882
  | [c100] ak2-timing	batch-barrier-2	318.144274	6.931971	2	0	2.229357	0.358582
  | [c100] ak2-engine	mem	t_s	330.2	rss_kib	76264896	hwm_kib	79326960	heap_inuse	3193217024	sys	7059529992	avail_kib	51362060
  | [c100] ak2-timing	barrier	331.720251	0.380436	0	0	0.023332	0.000000
  | [c100] ak2-sample	batch	3	name	3-SRR5935740	mode	striped	s3client	sdk	rank	6	role	peer	inflight	1	threads	16	start_s	326.127083	wall_s	5.973643	setup_s	0.000053	classify_s	5.589002	close_s	0.000000	report_s	0.000000	status	0	sequences	0	bases	0	classified	0	place	-	weight	-
  | [c100] ak2-timing	batch-barrier-3	332.100735	0.527849	1	0	0.000000	0.006365
  | [c100] ak2-timing	barrier	338.969387	0.338203	0	0	0.020390	0.000009
  | [c100] ak2-sample	batch	4	name	4-SRR5935740	mode	striped	s3client	sdk	rank	6	role	peer	inflight	1	threads	16	start_s	333.364103	wall_s	5.943535	setup_s	0.000055	classify_s	5.601189	close_s	0.000000	report_s	0.000000	status	0	sequences	0	bases	0	classified	0	place	-	weight	-
  | [c100] ak2-timing	batch-barrier-4	339.307648	0.574120	0	0	0.006139	0.000000
  | [c100] ak2-engine	mem	t_s	345.2	rss_kib	76021084	hwm_kib	79326960	heap_inuse	2577661952	sys	7059529992	avail_kib	51319752
  | [c100] ak2-timing	barrier	346.178785	0.194608	0	0	0.016274	0.001190
  | [c100] ak2-sample	batch	5	name	5-SRR5935740	mode	striped	s3client	sdk	rank	6	role	peer	inflight	1	threads	16	start_s	340.582684	wall_s	5.790758	setup_s	0.000055	classify_s	5.591713	close_s	0.000000	report_s	0.000000	status	0	sequences	0	bases	0	classified	0	place	-	weight	-
  | [c100] ak2-timing	batch-barrier-5	346.373455	0.520919	0	0	0.005962	0.000436
  | [c100] ak2-timing	batch-barrier-6	346.894394	11.146552	1	0	0.769163	0.118093
  | [c100] ak2-engine	mem	t_s	360.2	rss_kib	76609904	hwm_kib	79326960	heap_inuse	2812723200	sys	7059529992	avail_kib	51041180
  | [c100] ak2-timing	batch-barrier-7	358.040969	10.120602	29	0	0.740166	0.100394
  | [c100] ak2-engine	mem	t_s	375.2	rss_kib	76609940	hwm_kib	79326960	heap_inuse	2814361600	sys	7059792136	avail_kib	51197672
  | [c100] ak2-timing	batch-barrier-8	368.161592	9.106574	1	0	0.757532	0.071500
  | [c100] ak2-engine	shard	0	n	16	lo	111477344228	hi	130056901599	tail	302	full	false	empty_at	18579557370	keys	8468165301	batches	89910	probe_s	224.056678	tail_probes	0	wrap_probes	0
  | [c100] ak2-engine	mem	t_s	377.3	rss_kib	76609940	hwm_kib	79326960	heap_inuse	2814459904	sys	7059792136	avail_kib	51182136
  | [c100] ak2-engine	rendezvous	puts	13	gets	631
  | [c100] ak2-engine	s3	client	sdk	put	31	get	631	create_multipart	18	upload_part	2218	complete_multipart	18	abort_multipart	0	part_bytes	18519412405
  | [c100] ak2-engine	s3	client	cli	put	0	get	0	create_multipart	0	upload_part	0	complete_multipart	0	abort_multipart	0	part_bytes	0
  | [c100] ak2-engine	load	seconds	40.530220	requests	1126	retries	0	bytes	74318296292
  | [c100] ak2-engine	route	transport	nodes	calls	5695	keys	8622128948	batches	91120	route_s	102.772224	wait_s	331.995192	gather_s	19.834424
  | [c100] ak2-engine	worker	scan_s	766.058540	lookup_s	454.606845	classify_s	690.657473
  | [c100] ak2-timing	total	0.000001	377.408323	7322729	0	1681.895138	123.254254
  | ak2: [2026-10-08T06:48:49Z] inv c100 rank 6 exit 0
  | [c100 stderr] Loading database information...ak2-timing	opts	0.002822	0.000024	0	0	0.000022	0.000000
  | [c100 stderr]  done.
  | ak2: [2026-10-08T06:48:50Z] pushed out/rank6/eng-c100.stderr
  | ak2: [2026-10-08T06:48:50Z] rank 6 done (rc=0)
  | ak2: [2026-10-08T06:48:50Z] spec body exit rc=0
  | ak2-phase	2026-10-08T06:48:50Z	1791442130	end	no
make run: tag-objects: s3://aws-kraken2-942542972736-us-west-2/aws-kraken2/g3/20261008-064058-4a8f57c-d64a-n16-r6/: 10 objects, 9 tagged now, 1 already tagged, 0 failed
make run: run dir: results/g3/20261008-064058-4a8f57c-d64a-n16-r6  (task exit 0, state terminated, cost $0.127227)
orphans: this run's instance(s) and task ak2-g3-20261008-064058-4a8f57c-d64a-n16-r6 are gone (18 regions checked)
