make run: bucket aws-kraken2-942542972736-us-west-2 is in us-west-2
make run: bucket kraken2-ncbi-refseq-complete-v205 is in us-west-2
make run: run 20261008-064058-4a8f57c-d64a-n16-r5  task ak2-g3-20261008-064058-4a8f57c-d64a-n16-r5  ->  s3://aws-kraken2-942542972736-us-west-2/aws-kraken2/g3/20261008-064058-4a8f57c-d64a-n16-r5
make run: user data: 12656 of 16384 bytes after base64 decoding (refuse above 15360)
make run: plan: Instance: x8g.2xlarge (0 vCPU, 0 GiB)
make run: launched i-04779e881a8b0e5e0 (x8g.2xlarge) in us-west-2
  | ak2: log tee up
  | ak2-phase	2026-10-08T06:41:31Z	1791441691	preamble	no
  | ak2: [2026-10-08T06:41:31Z] inherited $-=hBc (stub, as spawn started it: $-=hBc)
  | ak2: [2026-10-08T06:41:31Z] after set +e $-=hBc
  | ak2: [2026-10-08T06:41:31Z] gate=g3 run=20261008-064058-4a8f57c-d64a-n16-r5
  | ak2: [2026-10-08T06:41:31Z] aws shim installed and self-tested (/tmp/ak2-bin/aws -> /usr/bin/aws)
  | ak2: [2026-10-08T06:41:31Z] imds region=us-west-2 az=us-west-2a instance=i-04779e881a8b0e5e0 type=x8g.2xlarge ami=ami-09325776a00699513
  | ak2: [2026-10-08T06:41:31Z] bucket aws-kraken2-942542972736-us-west-2 region=us-west-2
  | ak2: [2026-10-08T06:41:32Z] bucket aws-kraken2-942542972736-us-west-2 payer=UNKNOWN
  | ak2: [2026-10-08T06:41:32Z] WARN: could not read Payer of aws-kraken2-942542972736-us-west-2 from the instance (launch host verified it)
  | ak2: [2026-10-08T06:41:32Z] bucket kraken2-ncbi-refseq-complete-v205 region=us-west-2
  | ak2: [2026-10-08T06:41:33Z] bucket kraken2-ncbi-refseq-complete-v205 payer=BucketOwner
  | ak2: [2026-10-08T06:41:33Z] region assert passed
  | ak2: [2026-10-08T06:41:33Z] drop_caches_ok=true
  | ak2: [2026-10-08T06:41:33Z] preamble done; spec body starts
  | ak2-phase	2026-10-08T06:41:33Z	1791441693	body	no
  | ak2: [2026-10-08T06:41:33Z] e2 cohort 20261008-064058-4a8f57c-d64a-n16 rank 5 of 16, commit 4a8f57c; RODA kraken2-ncbi-refseq-complete-v205/Kraken2_RefSeqCompleteV205; samples aws-kraken2-942542972736-us-west-2/aws-kraken2/data/cohort; cohort 100
  | ak2-phase	2026-10-08T06:41:33Z	1791441693	setup	no
  | ak2: [2026-10-08T06:42:14Z] built 4a8f57c3f85688f9af904192e5c28dbcd186b4a3; go version go1.27.1 linux/arm64; ip 172.31.30.38; nproc 8; mem_gib 123; threads 16, inflight 1
  | ak2-phase	2026-10-08T06:42:14Z	1791441734	manifest	no
  | ak2: [2026-10-08T06:42:14Z] staged s3://kraken2-ncbi-refseq-complete-v205/Kraken2_RefSeqCompleteV205/opts.k2d -> /home/ec2-user/ak2/db/roda/opts.k2d (56 bytes)
  | ak2: [2026-10-08T06:42:16Z] staged s3://kraken2-ncbi-refseq-complete-v205/Kraken2_RefSeqCompleteV205/taxo.k2d -> /home/ec2-user/ak2/db/roda/taxo.k2d (179150665 bytes)
  | ak2: [2026-10-08T06:42:16Z] RODA hash.k2d etag=f80959f9556b50d76b3e744afdd3b22a-8860 size=1189091671800
  | ak2: [2026-10-08T06:42:16Z] pushed out/rank5/c100.tsv
  | ak2: [2026-10-08T06:42:17Z] pushed out/rank5/placement.tsv
  | ak2: [2026-10-08T06:42:17Z] manifest c100: 306 lines in 9 batches; rank 5 reads 13 samples
  | ak2-phase	2026-10-08T06:42:17Z	1791441737	fetch	no
  | ak2: [2026-10-08T06:42:29Z] inputs staged and verified: 26 files, 12.40 GB
  | ak2: [2026-10-08T06:42:29Z] manifest c100: cohort: 306 samples in 9 batches check
  | ak2-phase	2026-10-08T06:42:29Z	1791441749	inv-c100	no
  | [c100] ak2-timing	taxo	0.002796	0.097461	87767	0	0.025730	0.087203
  | [c100] ak2-engine	mem	t_s	15.0	rss_kib	26050960	hwm_kib	26050964	heap_inuse	394993664	sys	409991528	avail_kib	101563768
  | [c100] ak2-engine	mem	t_s	30.0	rss_kib	52189600	hwm_kib	52189600	heap_inuse	397164544	sys	409991528	avail_kib	75431140
  | [c100] ak2-timing	shard-load-5	0.169125	42.142215	40621	0	55.993355	77.246854
  | [c100] ak2-engine	mem	t_s	45.0	rss_kib	72970836	hwm_kib	72970840	heap_inuse	401620992	sys	418445672	avail_kib	54642764
  | [c100] ak2-engine	mem	t_s	60.0	rss_kib	72975200	hwm_kib	72975204	heap_inuse	406601728	sys	422639976	avail_kib	54813188
  | [c100] ak2-engine	mem	t_s	75.0	rss_kib	72977956	hwm_kib	72977956	heap_inuse	409468928	sys	426834280	avail_kib	54834848
  | [c100] ak2-timing	rendezvous	42.994512	34.128117	2571	0	0.055309	0.008146
  | [c100] ak2-timing	connect	77.122643	0.074566	298	0	0.001557	0.002147
  | [c100] ak2-timing	hash	0.100286	77.096943	45464	0	56.065996	77.258769
  | [c100] ak2-engine	mem	t_s	90.0	rss_kib	78263360	hwm_kib	78263360	heap_inuse	4506943488	sys	5928423288	avail_kib	48930504
  | [c100] ak2-sample	batch	0	name	0-SRR5935803	mode	parallel	s3client	sdk	rank	5	role	home	inflight	1	threads	16	start_s	77.197269	wall_s	18.881815	setup_s	0.000049	classify_s	18.501356	close_s	0.237226	report_s	0.134195	status	0	sequences	18392491	bases	3418705365	classified	18064386	place	lpt	weight	18392491
  | [c100] ak2-engine	mem	t_s	105.0	rss_kib	78358704	hwm_kib	78393996	heap_inuse	4413874176	sys	6047559576	avail_kib	49045144
  | [c100] ak2-sample	batch	0	name	0-SRR5935806	mode	parallel	s3client	sdk	rank	5	role	home	inflight	1	threads	16	start_s	96.079111	wall_s	15.614537	setup_s	0.000058	classify_s	15.161954	close_s	0.309548	report_s	0.134455	status	0	sequences	14472574	bases	2738529910	classified	14022498	place	lpt	weight	14472574
  | [c100] ak2-engine	mem	t_s	120.1	rss_kib	78390700	hwm_kib	78453424	heap_inuse	3305848832	sys	6102335400	avail_kib	49080704
  | [c100] ak2-sample	batch	0	name	0-SRR5935742	mode	parallel	s3client	sdk	rank	5	role	home	inflight	1	threads	16	start_s	111.693674	wall_s	12.946225	setup_s	0.000065	classify_s	12.453511	close_s	0.316077	report_s	0.167036	status	0	sequences	12325847	bases	2261511731	classified	11791754	place	lpt	weight	12325847
  | [c100] ak2-engine	mem	t_s	135.1	rss_kib	78411788	hwm_kib	78453424	heap_inuse	3647250432	sys	6102351784	avail_kib	49069948
  | [c100] ak2-sample	batch	0	name	0-SRR5935819	mode	parallel	s3client	sdk	rank	5	role	home	inflight	1	threads	16	start_s	124.639924	wall_s	11.685190	setup_s	0.000068	classify_s	11.332918	close_s	0.198983	report_s	0.147399	status	0	sequences	10896278	bases	2024821947	classified	10712521	place	lpt	weight	10896278
  | [c100] ak2-sample	batch	0	name	0-SRR5935812	mode	parallel	s3client	sdk	rank	5	role	home	inflight	1	threads	16	start_s	136.325137	wall_s	9.943659	setup_s	0.000076	classify_s	9.546424	close_s	0.225591	report_s	0.164706	status	0	sequences	9108174	bases	1698332428	classified	8923230	place	lpt	weight	9108174
  | [c100] ak2-engine	mem	t_s	150.1	rss_kib	78259472	hwm_kib	78691792	heap_inuse	4708802560	sys	6289420360	avail_kib	49088604
  | [c100] ak2-sample	batch	0	name	0-SRR5935763	mode	parallel	s3client	sdk	rank	5	role	home	inflight	1	threads	16	start_s	146.268820	wall_s	6.382623	setup_s	0.000058	classify_s	5.627530	close_s	0.631704	report_s	0.118739	status	0	sequences	5174437	bases	978777662	classified	5104140	place	lpt	weight	5174437
  | [c100] ak2-timing	batch-barrier-0	152.651463	4.266750	3	0	0.876360	0.153038
  | [c100] ak2-engine	mem	t_s	165.1	rss_kib	78823184	hwm_kib	78842820	heap_inuse	5504188416	sys	6681972904	avail_kib	48535152
  | [c100] ak2-sample	batch	1	name	1-SRR5935745	mode	parallel	s3client	sdk	rank	5	role	home	inflight	1	threads	16	start_s	156.918239	wall_s	11.588056	setup_s	0.000060	classify_s	11.208973	close_s	0.211610	report_s	0.156356	status	0	sequences	10492437	bases	1984140901	classified	9889429	place	mod	weight	10492437
  | [c100] ak2-engine	mem	t_s	180.1	rss_kib	78966404	hwm_kib	79161144	heap_inuse	5478031360	sys	6853755096	avail_kib	48478048
  | [c100] ak2-sample	batch	1	name	1-SRR5935761	mode	parallel	s3client	sdk	rank	5	role	home	inflight	1	threads	16	start_s	168.506318	wall_s	14.909194	setup_s	0.000066	classify_s	14.527014	close_s	0.236186	report_s	0.138858	status	0	sequences	14191749	bases	2646878118	classified	13987275	place	mod	weight	14191749
  | [c100] ak2-sample	batch	1	name	1-SRR5935777	mode	parallel	s3client	sdk	rank	5	role	home	inflight	1	threads	16	start_s	183.415538	wall_s	8.829108	setup_s	0.000068	classify_s	8.451608	close_s	0.228419	report_s	0.142676	status	0	sequences	8173049	bases	1459565869	classified	7956066	place	mod	weight	8173049
  | [c100] ak2-sample	batch	1	name	1-SRR5935793	mode	parallel	s3client	sdk	rank	5	role	home	inflight	1	threads	16	start_s	192.244675	wall_s	2.714303	setup_s	0.000069	classify_s	2.266737	close_s	0.250848	report_s	0.189028	status	0	sequences	1771479	bases	333187068	classified	1476454	place	mod	weight	1771479
  | [c100] ak2-engine	mem	t_s	195.1	rss_kib	78091296	hwm_kib	79161144	heap_inuse	1952735232	sys	6971265256	avail_kib	49281984
  | [c100] ak2-sample	batch	1	name	1-SRR5935809	mode	parallel	s3client	sdk	rank	5	role	home	inflight	1	threads	16	start_s	194.959005	wall_s	2.599090	setup_s	0.000075	classify_s	2.074544	close_s	0.425588	report_s	0.094789	status	0	sequences	1539039	bases	293657718	classified	1494119	place	mod	weight	1539039
  | [c100] ak2-sample	batch	1	name	1-SRR5935825	mode	parallel	s3client	sdk	rank	5	role	home	inflight	1	threads	16	start_s	197.558122	wall_s	12.019090	setup_s	0.000065	classify_s	11.588671	close_s	0.234428	report_s	0.177638	status	0	sequences	11458367	bases	2115935464	classified	9654089	place	mod	weight	11458367
  | [c100] ak2-engine	mem	t_s	210.1	rss_kib	78352772	hwm_kib	79161144	heap_inuse	5413380096	sys	6971265256	avail_kib	49137936
  | [c100] ak2-engine	mem	t_s	225.1	rss_kib	78352784	hwm_kib	79161144	heap_inuse	5431836672	sys	6971265256	avail_kib	49331996
  | [c100] ak2-engine	mem	t_s	240.1	rss_kib	78352788	hwm_kib	79161144	heap_inuse	5438742528	sys	6971265256	avail_kib	49384248
  | [c100] ak2-timing	batch-barrier-1	209.577239	36.743742	10	0	18.958151	2.583664
  | [c100] ak2-engine	mem	t_s	255.1	rss_kib	78478140	hwm_kib	79161144	heap_inuse	4446642176	sys	6971265256	avail_kib	49068264
  | [c100] ak2-sample	batch	2	name	2-SRR5935803	mode	parallel	s3client	sdk	rank	5	role	home	inflight	1	threads	16	start_s	246.321027	wall_s	18.956544	setup_s	0.000060	classify_s	18.569664	close_s	0.244091	report_s	0.133621	status	0	sequences	18392491	bases	3418705365	classified	18064386	place	lpt	weight	18392491
  | [c100] ak2-engine	mem	t_s	270.1	rss_kib	79415464	hwm_kib	79415464	heap_inuse	4178829312	sys	7044743416	avail_kib	48161172
  | [c100] ak2-sample	batch	2	name	2-SRR5935806	mode	parallel	s3client	sdk	rank	5	role	home	inflight	1	threads	16	start_s	265.277597	wall_s	15.593259	setup_s	0.000057	classify_s	15.157689	close_s	0.270925	report_s	0.155971	status	0	sequences	14472574	bases	2738529910	classified	14022498	place	lpt	weight	14472574
  | [c100] ak2-engine	mem	t_s	285.2	rss_kib	78157004	hwm_kib	79414848	heap_inuse	4710400000	sys	7111921928	avail_kib	49120012
  | [c100] ak2-sample	batch	2	name	2-SRR5935742	mode	parallel	s3client	sdk	rank	5	role	home	inflight	1	threads	16	start_s	280.870880	wall_s	12.886856	setup_s	0.000080	classify_s	12.501993	close_s	0.207221	report_s	0.167774	status	0	sequences	12325847	bases	2261511731	classified	11791754	place	lpt	weight	12325847
  | [c100] ak2-engine	mem	t_s	300.2	rss_kib	78237472	hwm_kib	79414848	heap_inuse	4608917504	sys	7111921928	avail_kib	49256364
  | [c100] ak2-sample	batch	2	name	2-SRR5935819	mode	parallel	s3client	sdk	rank	5	role	home	inflight	1	threads	16	start_s	293.757767	wall_s	11.551289	setup_s	0.000074	classify_s	11.191908	close_s	0.226912	report_s	0.126677	status	0	sequences	10896278	bases	2024821947	classified	10712521	place	lpt	weight	10896278
  | [c100] ak2-engine	mem	t_s	315.2	rss_kib	78734024	hwm_kib	79414848	heap_inuse	5319491584	sys	7111921928	avail_kib	48641460
  | [c100] ak2-sample	batch	2	name	2-SRR5935812	mode	parallel	s3client	sdk	rank	5	role	home	inflight	1	threads	16	start_s	305.309081	wall_s	9.866972	setup_s	0.000064	classify_s	9.479424	close_s	0.227812	report_s	0.152960	status	0	sequences	9108174	bases	1698332428	classified	8923230	place	lpt	weight	9108174
  | [c100] ak2-sample	batch	2	name	2-SRR5935763	mode	parallel	s3client	sdk	rank	5	role	home	inflight	1	threads	16	start_s	315.176094	wall_s	5.946843	setup_s	0.000070	classify_s	5.597291	close_s	0.211168	report_s	0.133948	status	0	sequences	5174437	bases	978777662	classified	5104140	place	lpt	weight	5174437
  | [c100] ak2-timing	batch-barrier-2	321.122959	5.488705	2	0	1.312321	0.167732
  | [c100] ak2-engine	mem	t_s	330.2	rss_kib	75745448	hwm_kib	79414848	heap_inuse	1840078848	sys	7111987464	avail_kib	51888468
  | [c100] ak2-timing	barrier	333.322982	0.382535	0	0	0.023214	0.000000
  | [c100] ak2-sample	batch	3	name	3-SRR5935740	mode	striped	s3client	sdk	rank	5	role	peer	inflight	1	threads	16	start_s	327.731856	wall_s	5.973702	setup_s	0.000054	classify_s	5.586917	close_s	0.000000	report_s	0.000000	status	0	sequences	0	bases	0	classified	0	place	-	weight	-
  | [c100] ak2-timing	batch-barrier-3	333.705568	0.493787	1	0	0.006073	0.000000
  | [c100] ak2-timing	barrier	340.553729	0.358693	0	0	0.065801	0.000000
  | [c100] ak2-sample	batch	4	name	4-SRR5935740	mode	striped	s3client	sdk	rank	5	role	peer	inflight	1	threads	16	start_s	334.968404	wall_s	5.944069	setup_s	0.000052	classify_s	5.579255	close_s	0.000000	report_s	0.000000	status	0	sequences	0	bases	0	classified	0	place	-	weight	-
  | [c100] ak2-timing	batch-barrier-4	340.912485	0.545218	8	0	0.005662	0.000028
  | [c100] ak2-engine	mem	t_s	345.2	rss_kib	75725380	hwm_kib	79414848	heap_inuse	2151104512	sys	7111987464	avail_kib	51152320
  | [c100] ak2-timing	barrier	347.770103	0.208110	0	0	0.022626	0.000216
  | [c100] ak2-sample	batch	5	name	5-SRR5935740	mode	striped	s3client	sdk	rank	5	role	peer	inflight	1	threads	16	start_s	342.187345	wall_s	5.790907	setup_s	0.000049	classify_s	5.578637	close_s	0.000000	report_s	0.000000	status	0	sequences	0	bases	0	classified	0	place	-	weight	-
  | [c100] ak2-timing	batch-barrier-5	347.978263	0.496714	0	0	0.005749	0.000000
  | [c100] ak2-timing	batch-barrier-6	348.474994	11.153608	0	0	0.807428	0.060002
  | [c100] ak2-engine	mem	t_s	360.2	rss_kib	76412232	hwm_kib	79414848	heap_inuse	3682140160	sys	7111987464	avail_kib	51248172
  | [c100] ak2-timing	batch-barrier-7	359.628621	9.182261	2	0	0.714654	0.105358
  | [c100] ak2-engine	mem	t_s	375.2	rss_kib	76412236	hwm_kib	79414848	heap_inuse	3684139008	sys	7111987464	avail_kib	51391368
  | [c100] ak2-timing	batch-barrier-8	368.810903	10.250161	0	0	0.788618	0.046016
  | [c100] ak2-engine	shard	0	n	16	lo	92897786856	hi	111477344228	tail	302	full	false	empty_at	18579557371	keys	8481868707	batches	89910	probe_s	218.848926	tail_probes	0	wrap_probes	0
  | [c100] ak2-engine	mem	t_s	379.1	rss_kib	76412236	hwm_kib	79414848	heap_inuse	3684499456	sys	7111987464	avail_kib	51372940
  | [c100] ak2-engine	rendezvous	puts	13	gets	926
  | [c100] ak2-engine	s3	client	sdk	put	31	get	926	create_multipart	18	upload_part	1954	complete_multipart	18	abort_multipart	0	part_bytes	16316237306
  | [c100] ak2-engine	s3	client	cli	put	0	get	0	create_multipart	0	upload_part	0	complete_multipart	0	abort_multipart	0	part_bytes	0
  | [c100] ak2-engine	load	seconds	42.142210	requests	1126	retries	0	bytes	74318296296
  | [c100] ak2-engine	route	transport	nodes	calls	5023	keys	7604277505	batches	80368	route_s	92.447733	wait_s	300.592115	gather_s	16.664759
  | [c100] ak2-engine	worker	scan_s	686.884440	lookup_s	409.713758	classify_s	603.377421
  | [c100] ak2-timing	total	0.000001	379.202484	6355050	0	1531.803143	145.777392
  | ak2: [2026-10-08T06:48:49Z] inv c100 rank 5 exit 0
  | [c100 stderr] Loading database information...ak2-timing	opts	0.002768	0.000019	0	0	0.000018	0.000000
  | [c100 stderr]  done.
  | ak2: [2026-10-08T06:48:50Z] pushed out/rank5/eng-c100.stderr
  | ak2: [2026-10-08T06:48:50Z] rank 5 done (rc=0)
  | ak2: [2026-10-08T06:48:50Z] spec body exit rc=0
  | ak2-phase	2026-10-08T06:48:50Z	1791442130	end	no
make run: tag-objects: s3://aws-kraken2-942542972736-us-west-2/aws-kraken2/g3/20261008-064058-4a8f57c-d64a-n16-r5/: 10 objects, 9 tagged now, 1 already tagged, 0 failed
make run: run dir: results/g3/20261008-064058-4a8f57c-d64a-n16-r5  (task exit 0, state terminated, cost $0.113983)
orphans: other live ak2 instances (concurrent runs; informational, not this run's):
  us-west-2	i-006350a5f723fc4d4	running	x8g.2xlarge	2026-10-08T06:41:20+00:00	ak2-g3-20261008-064058-4a8f57c-d64a-n16-r6	ttl=60m	within TTL
orphans: this run's instance(s) and task ak2-g3-20261008-064058-4a8f57c-d64a-n16-r5 are gone (18 regions checked)
