ak2: log tee up
ak2-phase	2026-10-09T06:43:37Z	1791528217	preamble	no
ak2: [2026-10-09T06:43:37Z] inherited $-=hBc (stub, as spawn started it: $-=hBc)
ak2: [2026-10-09T06:43:37Z] after set +e $-=hBc
ak2: [2026-10-09T06:43:37Z] gate=g3 run=20261009-064231-4c67532-2a5c-n64-r21
ak2: [2026-10-09T06:43:37Z] aws shim installed and self-tested (/tmp/ak2-bin/aws -> /usr/bin/aws)
ak2: [2026-10-09T06:43:37Z] imds region=us-west-2 az=us-west-2b instance=i-08156d4635c719c6c type=c8gn.4xlarge ami=ami-09325776a00699513
ak2: [2026-10-09T06:43:37Z] bucket aws-kraken2-942542972736-us-west-2 region=us-west-2
ak2: [2026-10-09T06:43:37Z] bucket aws-kraken2-942542972736-us-west-2 payer=UNKNOWN
ak2: [2026-10-09T06:43:37Z] WARN: could not read Payer of aws-kraken2-942542972736-us-west-2 from the instance (launch host verified it)
ak2: [2026-10-09T06:43:37Z] bucket kraken2-ncbi-refseq-complete-v205 region=us-west-2
ak2: [2026-10-09T06:43:38Z] bucket kraken2-ncbi-refseq-complete-v205 payer=BucketOwner
ak2: [2026-10-09T06:43:38Z] region assert passed
ak2: [2026-10-09T06:43:38Z] drop_caches_ok=true
ak2: [2026-10-09T06:43:39Z] preamble done; spec body starts
ak2-phase	2026-10-09T06:43:39Z	1791528219	body	no
ak2-phase	2026-10-09T06:43:39Z	1791528219	setup	no
go: downloading github.com/aws/aws-sdk-go-v2 v1.47.1
go: downloading github.com/aws/aws-sdk-go-v2/service/s3 v1.114.1
go: downloading github.com/aws/aws-sdk-go-v2/config v1.33.7
go: downloading github.com/aws/aws-sdk-go-v2/credentials v1.20.7
go: downloading github.com/klauspost/compress v1.20.0
go: downloading github.com/aws/smithy-go v1.28.1
go: downloading github.com/aws/aws-sdk-go-v2/feature/ec2/imds v1.20.1
go: downloading github.com/aws/aws-sdk-go-v2/service/signin v1.10.2
go: downloading github.com/aws/aws-sdk-go-v2/service/sso v1.38.2
go: downloading github.com/aws/aws-sdk-go-v2/service/ssooidc v1.43.2
go: downloading github.com/aws/aws-sdk-go-v2/service/sts v1.51.2
go: downloading github.com/aws/aws-sdk-go-v2/aws/protocol/eventstream v1.7.20
go: downloading github.com/aws/aws-sdk-go-v2/internal/configsources v1.5.4
go: downloading github.com/aws/aws-sdk-go-v2/internal/v4a v1.5.4
go: downloading github.com/aws/aws-sdk-go-v2/service/internal/accept-encoding v1.13.19
go: downloading github.com/aws/aws-sdk-go-v2/service/internal/checksum v1.11.5
go: downloading github.com/aws/aws-sdk-go-v2/service/internal/presigned-url v1.14.4
go: downloading github.com/aws/aws-sdk-go-v2/service/internal/s3shared v1.20.4
go: downloading github.com/aws/aws-sdk-go-v2/internal/endpoints/v2 v2.8.4
ak2: [2026-10-09T06:44:09Z] rank 21 of 64; hash.k2d etag=f80959f9556b50d76b3e744afdd3b22a-8860 size=1189091671800; stages 1 16 32 64 x 60s
ak2-phase	2026-10-09T06:44:09Z	1791528249	rendezvous	no
ak2: [2026-10-09T06:46:08Z] rendezvous: all 64 ready; stages start at 1791528368 (0 s from now)
ak2-phase	2026-10-09T06:46:08Z	1791528368	stage-n1	no
ak2: [2026-10-09T06:46:08Z] stage n1: rank 21 waits
ak2-phase	2026-10-09T06:46:08Z	1791528368	stage-n16	no
ak2: [2026-10-09T06:47:28Z] stage n16: rank 21 waits
ak2-phase	2026-10-09T06:47:28Z	1791528448	stage-n32	no
probe-cont {"kind":"progress","label":"n32-r21","unix_s":1791528533.6842191,"elapsed_s":5.000076648,"bytes":28588376064,"gbps_cum":5.717587564469671,"gbps_interval":5.717587564469671,"requests":490,"retries":0,"complete":false}
probe-cont {"kind":"progress","label":"n32-r21","unix_s":1791528538.6842146,"elapsed_s":10.000072053,"bytes":58653147136,"gbps_cum":5.865272452552397,"gbps_interval":6.012959740310001,"requests":938,"retries":0,"complete":false}
probe-cont {"kind":"progress","label":"n32-r21","unix_s":1791528543.6842146,"elapsed_s":15.000072098,"bytes":90328530944,"gbps_cum":6.021873118599459,"gbps_interval":6.33507670458431,"requests":1410,"retries":0,"complete":false}
probe-cont {"kind":"progress","label":"n32-r21","unix_s":1791528548.684212,"elapsed_s":20.000069613,"bytes":120930172928,"gbps_cum":6.046487600692932,"gbps_interval":6.120331438604725,"requests":1866,"retries":0,"complete":false}
probe-cont {"kind":"progress","label":"n32-r21","unix_s":1791528553.684219,"elapsed_s":25.00007652,"bytes":151062052864,"gbps_cum":6.042463619787353,"gbps_interval":6.02636766237571,"requests":2315,"retries":0,"complete":false}
probe-cont {"kind":"progress","label":"n32-r21","unix_s":1791528558.6842525,"elapsed_s":30.000109933,"bytes":182603218944,"gbps_cum":6.086751660304325,"gbps_interval":6.308191060882416,"requests":2785,"retries":0,"complete":false}
probe-cont {"kind":"progress","label":"n32-r21","unix_s":1791528563.68424,"elapsed_s":35.000097557,"bytes":213473296384,"gbps_cum":6.0992200389254485,"gbps_interval":6.174030769960962,"requests":3245,"retries":0,"complete":false}
probe-cont {"kind":"progress","label":"n32-r21","unix_s":1791528568.6842253,"elapsed_s":40.000082906,"bytes":244611809280,"gbps_cum":6.115282557159608,"gbps_interval":6.227720827667569,"requests":3709,"retries":0,"complete":false}
probe-cont {"kind":"progress","label":"n32-r21","unix_s":1791528573.6842248,"elapsed_s":45.000082193,"bytes":275817431040,"gbps_cum":6.1292650501626165,"gbps_interval":6.24112524198446,"requests":4174,"retries":0,"complete":false}
probe-cont {"kind":"progress","label":"n32-r21","unix_s":1791528578.6842244,"elapsed_s":50.000081917,"bytes":306217746432,"gbps_cum":6.124344894880785,"gbps_interval":6.0800634140195,"requests":4627,"retries":0,"complete":false}
probe-cont {"kind":"progress","label":"n32-r21","unix_s":1791528583.6842182,"elapsed_s":55.000075533,"bytes":337020715008,"gbps_cum":6.127640948525386,"gbps_interval":6.160601581056098,"requests":5086,"retries":0,"complete":false}
probe-cont {"kind":"progress","label":"n32-r21","unix_s":1791528588.6842132,"elapsed_s":60.000070771,"bytes":365005111296,"gbps_cum":6.083411346114928,"gbps_interval":5.596884588072882,"requests":5503,"retries":0,"complete":false}
probe-cont {"kind":"done","label":"n32-r21","unix_s":1791528588.6844096,"elapsed_s":60.000267261,"bytes":365005111296,"gbps_cum":6.08339142404541,"gbps_interval":0,"requests":5503,"retries":0,"complete":false,"workers":64,"chunk_mib":64,"object":"https://kraken2-ncbi-refseq-complete-v205.s3.us-west-2.amazonaws.com/Kraken2_RefSeqCompleteV205/hash.k2d","object_bytes":1189091671800,"stopped_by":"seconds"}
ak2-phase	2026-10-09T06:49:54Z	1791528594	stage-n64	no
probe-cont {"kind":"progress","label":"n64-r21","unix_s":1791528613.180799,"elapsed_s":5.001073003,"bytes":27447525376,"gbps_cum":5.488327276873386,"gbps_interval":5.488327276873386,"requests":473,"retries":0,"complete":false}
probe-cont {"kind":"progress","label":"n64-r21","unix_s":1791528618.1807961,"elapsed_s":10.001070203,"bytes":56841207808,"gbps_cum":5.68351252958403,"gbps_interval":5.878739778494276,"requests":911,"retries":0,"complete":false}
probe-cont {"kind":"progress","label":"n64-r21","unix_s":1791528623.18082,"elapsed_s":15.001093956,"bytes":87107305472,"gbps_cum":5.8067302109763546,"gbps_interval":6.053190776511897,"requests":1362,"retries":0,"complete":false}
probe-cont {"kind":"progress","label":"n64-r21","unix_s":1791528628.1815147,"elapsed_s":20.00178887,"bytes":115964116992,"gbps_cum":5.7976872841574005,"gbps_interval":5.770560295372579,"requests":1792,"retries":0,"complete":false}
probe-cont {"kind":"progress","label":"n64-r21","unix_s":1791528633.1808,"elapsed_s":25.001074168,"bytes":143747186688,"gbps_cum":5.749640424329788,"gbps_interval":5.557408317367847,"requests":2206,"retries":0,"complete":false}
probe-cont {"kind":"progress","label":"n64-r21","unix_s":1791528638.1807947,"elapsed_s":30.001068557,"bytes":173811957760,"gbps_cum":5.793525568256645,"gbps_interval":6.012960962144792,"requests":2654,"retries":0,"complete":false}
probe-cont {"kind":"progress","label":"n64-r21","unix_s":1791528643.1807985,"elapsed_s":35.001072621,"bytes":203742511104,"gbps_cum":5.821036209666278,"gbps_interval":5.986105803293204,"requests":3100,"retries":0,"complete":false}
probe-cont {"kind":"progress","label":"n64-r21","unix_s":1791528648.1807916,"elapsed_s":40.001065612,"bytes":233874391040,"gbps_cum":5.846704018050948,"gbps_interval":6.026384434985701,"requests":3549,"retries":0,"complete":false}
probe-cont {"kind":"progress","label":"n64-r21","unix_s":1791528653.1807966,"elapsed_s":45.001070786,"bytes":263939162112,"gbps_cum":5.865175150323588,"gbps_interval":6.0129479922014175,"requests":3997,"retries":0,"complete":false}
probe-cont {"kind":"progress","label":"n64-r21","unix_s":1791528658.1808,"elapsed_s":50.001073992,"bytes":294003933184,"gbps_cum":5.87995236324403,"gbps_interval":6.012950358896231,"requests":4445,"retries":0,"complete":false}
probe-cont {"kind":"progress","label":"n64-r21","unix_s":1791528663.1807928,"elapsed_s":55.001066861,"bytes":323867377664,"gbps_cum":5.888383555949656,"gbps_interval":5.972697414261052,"requests":4890,"retries":0,"complete":false}
probe-cont {"kind":"done","label":"n64-r21","unix_s":1791528668.1800504,"elapsed_s":60.000324475,"bytes":354267693056,"gbps_cum":5.904429620269982,"gbps_interval":6.08096596319951,"requests":5343,"retries":0,"complete":false,"workers":64,"chunk_mib":64,"object":"https://kraken2-ncbi-refseq-complete-v205.s3.us-west-2.amazonaws.com/Kraken2_RefSeqCompleteV205/hash.k2d","object_bytes":1189091671800,"stopped_by":"seconds"}
ak2-phase	2026-10-09T06:51:13Z	1791528673	push	no
ak2: [2026-10-09T06:51:14Z] pushed out/cont-21.jsonl
ak2: [2026-10-09T06:51:14Z] contention probe done FAIL=0
ak2: [2026-10-09T06:51:14Z] spec body exit rc=0
ak2-phase	2026-10-09T06:51:14Z	1791528674	end	no
