make run: bucket aws-kraken2-942542972736-us-west-2 is in us-west-2
make run: bucket kraken2-ncbi-refseq-complete-v205 is in us-west-2
make run: run 20261008-155257-b74c0f2-6d43-n16-r1  task ak2-g3-20261008-155257-b74c0f2-6d43-n16-r1  ->  s3://aws-kraken2-942542972736-us-west-2/aws-kraken2/g3/20261008-155257-b74c0f2-6d43-n16-r1
make run: user data: 12658 of 16384 bytes after base64 decoding (refuse above 15360)
make run: plan: Instance: c9g.12xlarge (0 vCPU, 0 GiB)
make run: launched i-0ac2cc5f6d4b52dfc (c9g.12xlarge) in us-west-2
  | ak2: log tee up
  | ak2-phase	2026-10-08T15:53:34Z	1791474814	preamble	no
  | ak2: [2026-10-08T15:53:34Z] inherited $-=hBc (stub, as spawn started it: $-=hBc)
  | ak2: [2026-10-08T15:53:34Z] after set +e $-=hBc
  | ak2: [2026-10-08T15:53:34Z] gate=g3 run=20261008-155257-b74c0f2-6d43-n16-r1
  | ak2: [2026-10-08T15:53:34Z] aws shim installed and self-tested (/tmp/ak2-bin/aws -> /usr/bin/aws)
  | ak2: [2026-10-08T15:53:34Z] imds region=us-west-2 az=us-west-2b instance=i-0ac2cc5f6d4b52dfc type=c9g.12xlarge ami=ami-09325776a00699513
  | ak2: [2026-10-08T15:53:34Z] bucket aws-kraken2-942542972736-us-west-2 region=us-west-2
  | ak2: [2026-10-08T15:53:35Z] bucket aws-kraken2-942542972736-us-west-2 payer=UNKNOWN
  | ak2: [2026-10-08T15:53:35Z] WARN: could not read Payer of aws-kraken2-942542972736-us-west-2 from the instance (launch host verified it)
  | ak2: [2026-10-08T15:53:35Z] bucket kraken2-ncbi-refseq-complete-v205 region=us-west-2
  | ak2: [2026-10-08T15:53:35Z] bucket kraken2-ncbi-refseq-complete-v205 payer=BucketOwner
  | ak2: [2026-10-08T15:53:35Z] region assert passed
  | ak2: [2026-10-08T15:53:36Z] drop_caches_ok=true
  | ak2: [2026-10-08T15:53:36Z] preamble done; spec body starts
  | ak2-phase	2026-10-08T15:53:36Z	1791474816	body	no
  | ak2: [2026-10-08T15:53:36Z] e3 cohort 20261008-155257-b74c0f2-6d43-n16 rank 1 of 16, commit b74c0f2; RODA kraken2-ncbi-refseq-complete-v205/Kraken2_RefSeqCompleteV205; samples aws-kraken2-942542972736-us-west-2/aws-kraken2/data/cohort; cohort 100
  | ak2-phase	2026-10-08T15:53:36Z	1791474816	setup	no
  | ak2: [2026-10-08T15:54:10Z] built b74c0f27c23ad30f1ef9fa3b414ea3f2f68655cc; go version go1.27.1 linux/arm64; ip 172.31.56.34; nproc 48; mem_gib 92; threads 16, inflight 1
  | ak2-phase	2026-10-08T15:54:10Z	1791474850	manifest	no
  | ak2: [2026-10-08T15:54:11Z] staged s3://kraken2-ncbi-refseq-complete-v205/Kraken2_RefSeqCompleteV205/opts.k2d -> /home/ec2-user/ak2/db/roda/opts.k2d (56 bytes)
  | ak2: [2026-10-08T15:54:12Z] staged s3://kraken2-ncbi-refseq-complete-v205/Kraken2_RefSeqCompleteV205/taxo.k2d -> /home/ec2-user/ak2/db/roda/taxo.k2d (179150665 bytes)
  | ak2: [2026-10-08T15:54:12Z] RODA hash.k2d etag=f80959f9556b50d76b3e744afdd3b22a-8860 size=1189091671800
  | ak2: [2026-10-08T15:54:12Z] pushed out/rank1/c100.tsv
  | ak2: [2026-10-08T15:54:13Z] pushed out/rank1/placement.tsv
  | ak2: [2026-10-08T15:54:13Z] manifest c100: 306 lines in 9 batches; rank 1 reads 14 samples
  | ak2-phase	2026-10-08T15:54:13Z	1791474853	fetch	no
  | ak2: [2026-10-08T15:54:24Z] inputs staged and verified: 28 files, 12.17 GB
  | ak2: [2026-10-08T15:54:24Z] manifest c100: cohort: 306 samples in 9 batches check
  | ak2-phase	2026-10-08T15:54:24Z	1791474864	inv-c100	no
  | [c100] ak2-timing	taxo	0.002817	0.076393	87839	0	0.012457	0.073021
  | [c100] ak2-engine	mem	t_s	15.0	rss_kib	44831592	hwm_kib	44831596	heap_inuse	404365312	sys	438622568	avail_kib	49967004
  | [c100] ak2-timing	shard-load-1	0.147575	25.162641	42125	0	27.727146	21.941983
  | [c100] ak2-engine	mem	t_s	30.0	rss_kib	72978352	hwm_kib	72978356	heap_inuse	409935872	sys	443410808	avail_kib	21855948
  | [c100] ak2-engine	mem	t_s	45.0	rss_kib	72981128	hwm_kib	72981132	heap_inuse	413507584	sys	443410808	avail_kib	22202376
  | [c100] ak2-timing	rendezvous	25.877763	23.994213	2395	0	0.056809	0.022692
  | [c100] ak2-timing	connect	49.871988	0.010714	0	0	0.007997	0.000000
  | [c100] ak2-timing	hash	0.079228	49.803485	46374	0	27.802594	21.966358
  | [c100] ak2-engine	mem	t_s	60.0	rss_kib	78369372	hwm_kib	78369372	heap_inuse	3196837888	sys	6014824344	avail_kib	16735764
  | [c100] ak2-sample	batch	0	name	0-SRR5935773	mode	parallel	s3client	sdk	rank	1	role	home	inflight	1	threads	16	start_s	49.882758	wall_s	10.229737	setup_s	0.000031	classify_s	9.821300	close_s	0.248227	report_s	0.153915	status	0	sequences	20671571	bases	3786101975	classified	19204656	place	lpt	weight	20671571
  | [c100] ak2-sample	batch	0	name	0-SRR5935761	mode	parallel	s3client	sdk	rank	1	role	home	inflight	1	threads	16	start_s	60.112511	wall_s	7.123437	setup_s	0.000038	classify_s	6.740436	close_s	0.250392	report_s	0.127227	status	0	sequences	14191749	bases	2646878118	classified	13987275	place	lpt	weight	14191749
  | [c100] ak2-sample	batch	0	name	0-SRR5935795	mode	parallel	s3client	sdk	rank	1	role	home	inflight	1	threads	16	start_s	67.235964	wall_s	5.841257	setup_s	0.000041	classify_s	5.443218	close_s	0.234578	report_s	0.158651	status	0	sequences	11924297	bases	2214843465	classified	11742476	place	lpt	weight	11924297
  | [c100] ak2-engine	mem	t_s	75.0	rss_kib	78282012	hwm_kib	79308352	heap_inuse	4838834176	sys	6972088568	avail_kib	15633568
  | [c100] ak2-sample	batch	0	name	0-SRR5935754	mode	parallel	s3client	sdk	rank	1	role	home	inflight	1	threads	16	start_s	73.077237	wall_s	5.172745	setup_s	0.000041	classify_s	4.788876	close_s	0.237453	report_s	0.135687	status	0	sequences	10479816	bases	1916830360	classified	9679024	place	lpt	weight	10479816
  | [c100] ak2-sample	batch	0	name	0-SRR5935777	mode	parallel	s3client	sdk	rank	1	role	home	inflight	1	threads	16	start_s	78.250002	wall_s	4.272002	setup_s	0.000040	classify_s	3.936791	close_s	0.216366	report_s	0.114237	status	0	sequences	8173049	bases	1459565869	classified	7956066	place	lpt	weight	8173049
  | [c100] ak2-sample	batch	0	name	0-SRR5935783	mode	parallel	s3client	sdk	rank	1	role	home	inflight	1	threads	16	start_s	82.522016	wall_s	2.595431	setup_s	0.000043	classify_s	1.802654	close_s	0.593167	report_s	0.197032	status	0	sequences	2565282	bases	465562992	classified	2508539	place	lpt	weight	2565282
  | [c100] ak2-sample	batch	0	name	0-SRR5935743	mode	parallel	s3client	sdk	rank	1	role	home	inflight	1	threads	16	start_s	85.117458	wall_s	0.787814	setup_s	0.000036	classify_s	0.323033	close_s	0.373163	report_s	0.091052	status	0	sequences	201473	bases	36745424	classified	197603	place	lpt	weight	201473
  | [c100] ak2-timing	batch-barrier-0	85.905281	0.479424	1	0	0.000000	0.003356
  | [c100] ak2-engine	mem	t_s	90.0	rss_kib	78582060	hwm_kib	79308352	heap_inuse	3603439616	sys	6972113144	avail_kib	14901316
  | [c100] ak2-sample	batch	1	name	1-SRR5935741	mode	parallel	s3client	sdk	rank	1	role	home	inflight	1	threads	16	start_s	86.384722	wall_s	8.577041	setup_s	0.000033	classify_s	7.989367	close_s	0.372338	report_s	0.208691	status	0	sequences	16518263	bases	3051284850	classified	16141470	place	mod	weight	16518263
  | [c100] ak2-sample	batch	1	name	1-SRR5935757	mode	parallel	s3client	sdk	rank	1	role	home	inflight	1	threads	16	start_s	94.961776	wall_s	7.851212	setup_s	0.000038	classify_s	7.470025	close_s	0.250013	report_s	0.120016	status	0	sequences	16286650	bases	3018354004	classified	15278935	place	mod	weight	16286650
  | [c100] ak2-engine	mem	t_s	105.0	rss_kib	79054024	hwm_kib	79308352	heap_inuse	4733853696	sys	6974103800	avail_kib	14405404
  | [c100] ak2-sample	batch	1	name	1-SRR5935773	mode	parallel	s3client	sdk	rank	1	role	home	inflight	1	threads	16	start_s	102.813003	wall_s	10.187061	setup_s	0.000046	classify_s	9.816383	close_s	0.221697	report_s	0.142647	status	0	sequences	20671571	bases	3786101975	classified	19204656	place	mod	weight	20671571
  | [c100] ak2-sample	batch	1	name	1-SRR5935789	mode	parallel	s3client	sdk	rank	1	role	home	inflight	1	threads	16	start_s	113.000078	wall_s	1.293949	setup_s	0.000039	classify_s	0.834003	close_s	0.266585	report_s	0.191683	status	0	sequences	1513694	bases	270732465	classified	1488159	place	mod	weight	1513694
  | [c100] ak2-sample	batch	1	name	1-SRR5935805	mode	parallel	s3client	sdk	rank	1	role	home	inflight	1	threads	16	start_s	114.294040	wall_s	2.079454	setup_s	0.000046	classify_s	1.496051	close_s	0.276298	report_s	0.304685	status	0	sequences	2823474	bases	526092284	classified	2761157	place	mod	weight	2823474
  | [c100] ak2-sample	batch	1	name	1-SRR5935821	mode	parallel	s3client	sdk	rank	1	role	home	inflight	1	threads	16	start_s	116.373508	wall_s	0.830644	setup_s	0.000040	classify_s	0.353202	close_s	0.383435	report_s	0.093196	status	0	sequences	297656	bases	54176352	classified	290837	place	mod	weight	297656
  | [c100] ak2-engine	mem	t_s	120.0	rss_kib	78551640	hwm_kib	79308352	heap_inuse	4029038592	sys	7104307480	avail_kib	14889076
  | [c100] ak2-sample	batch	1	name	1-SRR5935837	mode	parallel	s3client	sdk	rank	1	role	home	inflight	1	threads	16	start_s	117.204165	wall_s	4.572332	setup_s	0.000035	classify_s	4.209684	close_s	0.221672	report_s	0.133957	status	0	sequences	9337913	bases	1691901005	classified	8897092	place	mod	weight	9337913
  | [c100] ak2-timing	batch-barrier-1	121.776509	11.758260	2	0	3.137533	0.304526
  | [c100] ak2-engine	mem	t_s	135.0	rss_kib	78248532	hwm_kib	79308352	heap_inuse	5056643072	sys	7104307480	avail_kib	16155808
  | [c100] ak2-sample	batch	2	name	2-SRR5935773	mode	parallel	s3client	sdk	rank	1	role	home	inflight	1	threads	16	start_s	133.534801	wall_s	10.256971	setup_s	0.000035	classify_s	9.833983	close_s	0.290225	report_s	0.126465	status	0	sequences	20671571	bases	3786101975	classified	19204656	place	lpt	weight	20671571
  | [c100] ak2-engine	mem	t_s	150.0	rss_kib	78880172	hwm_kib	79308352	heap_inuse	3574030336	sys	7104315672	avail_kib	15004804
  | [c100] ak2-sample	batch	2	name	2-SRR5935761	mode	parallel	s3client	sdk	rank	1	role	home	inflight	1	threads	16	start_s	143.791786	wall_s	6.895117	setup_s	0.000043	classify_s	6.504238	close_s	0.257297	report_s	0.128457	status	0	sequences	14191749	bases	2646878118	classified	13987275	place	lpt	weight	14191749
  | [c100] ak2-sample	batch	2	name	2-SRR5935795	mode	parallel	s3client	sdk	rank	1	role	home	inflight	1	threads	16	start_s	150.686916	wall_s	5.872801	setup_s	0.000037	classify_s	5.424970	close_s	0.278982	report_s	0.164109	status	0	sequences	11924297	bases	2214843465	classified	11742476	place	lpt	weight	11924297
  | [c100] ak2-sample	batch	2	name	2-SRR5935754	mode	parallel	s3client	sdk	rank	1	role	home	inflight	1	threads	16	start_s	156.559730	wall_s	5.122920	setup_s	0.000044	classify_s	4.732519	close_s	0.255016	report_s	0.124675	status	0	sequences	10479816	bases	1916830360	classified	9679024	place	lpt	weight	10479816
  | [c100] ak2-engine	mem	t_s	165.0	rss_kib	79267180	hwm_kib	79426308	heap_inuse	5505630208	sys	7360708952	avail_kib	14365756
  | [c100] ak2-sample	batch	2	name	2-SRR5935777	mode	parallel	s3client	sdk	rank	1	role	home	inflight	1	threads	16	start_s	161.682664	wall_s	4.229386	setup_s	0.000041	classify_s	3.890682	close_s	0.206805	report_s	0.127093	status	0	sequences	8173049	bases	1459565869	classified	7956066	place	lpt	weight	8173049
  | [c100] ak2-sample	batch	2	name	2-SRR5935783	mode	parallel	s3client	sdk	rank	1	role	home	inflight	1	threads	16	start_s	165.912064	wall_s	1.742751	setup_s	0.000038	classify_s	1.297466	close_s	0.280920	report_s	0.161784	status	0	sequences	2565282	bases	465562992	classified	2508539	place	lpt	weight	2565282
  | [c100] ak2-sample	batch	2	name	2-SRR5935743	mode	parallel	s3client	sdk	rank	1	role	home	inflight	1	threads	16	start_s	167.654827	wall_s	0.678043	setup_s	0.000040	classify_s	0.326359	close_s	0.251515	report_s	0.099570	status	0	sequences	201473	bases	36745424	classified	197603	place	lpt	weight	201473
  | [c100] ak2-timing	batch-barrier-2	168.332882	2.333578	5	0	0.500033	0.054218
  | [c100] ak2-timing	barrier	175.917411	0.927637	0	0	0.023008	0.000902
  | [c100] ak2-sample	batch	3	name	3-SRR5935740	mode	striped	s3client	sdk	rank	1	role	peer	inflight	1	threads	16	start_s	171.187218	wall_s	5.657864	setup_s	0.000031	classify_s	4.727062	close_s	0.000000	report_s	0.000000	status	0	sequences	0	bases	0	classified	0	place	-	weight	-
  | [c100] ak2-timing	batch-barrier-3	176.845090	0.599753	0	0	0.003951	0.000275
  | [c100] ak2-engine	mem	t_s	180.0	rss_kib	74945092	hwm_kib	79426308	heap_inuse	1643380736	sys	7360708952	avail_kib	19077892
  | [c100] ak2-timing	barrier	182.925697	0.106843	0	0	0.002189	0.000152
  | [c100] ak2-sample	batch	4	name	4-SRR5935740	mode	striped	s3client	sdk	rank	1	role	peer	inflight	1	threads	16	start_s	178.207923	wall_s	4.824664	setup_s	0.000032	classify_s	4.714279	close_s	0.000000	report_s	0.000000	status	0	sequences	0	bases	0	classified	0	place	-	weight	-
  | [c100] ak2-timing	batch-barrier-4	183.032593	0.503502	228	0	0.004088	0.000000
  | [c100] ak2-timing	barrier	189.058064	0.006232	0	0	0.000022	0.000001
  | [c100] ak2-sample	batch	5	name	5-SRR5935740	mode	striped	s3client	sdk	rank	1	role	peer	inflight	1	threads	16	start_s	184.307481	wall_s	4.756849	setup_s	0.000032	classify_s	4.747424	close_s	0.000000	report_s	0.000000	status	0	sequences	0	bases	0	classified	0	place	-	weight	-
  | [c100] ak2-timing	batch-barrier-5	189.064338	0.515872	3	0	0.000000	0.004122
  | [c100] ak2-engine	mem	t_s	195.0	rss_kib	76697088	hwm_kib	79426308	heap_inuse	2535235584	sys	7360708952	avail_kib	18170668
  | [c100] ak2-timing	batch-barrier-6	189.580220	6.099812	0	0	0.536608	0.080604
  | [c100] ak2-timing	batch-barrier-7	195.680047	5.085887	0	0	0.545819	0.059064
  | [c100] ak2-timing	batch-barrier-8	200.765950	6.112007	2	0	0.601274	0.022823
  | [c100] ak2-engine	shard	0	n	16	lo	18579557371	hi	37159114742	tail	302	full	false	empty_at	18579557385	keys	8473234428	batches	89910	probe_s	161.140901	tail_probes	0	wrap_probes	0
  | [c100] ak2-engine	mem	t_s	206.9	rss_kib	76697092	hwm_kib	79426308	heap_inuse	2537562112	sys	7360708952	avail_kib	18474860
  | [c100] ak2-engine	rendezvous	puts	13	gets	530
  | [c100] ak2-engine	s3	client	sdk	put	34	get	530	create_multipart	21	upload_part	2111	complete_multipart	21	abort_multipart	0	part_bytes	17624130341
  | [c100] ak2-engine	s3	client	cli	put	0	get	0	create_multipart	0	upload_part	0	complete_multipart	0	abort_multipart	0	part_bytes	0
  | [c100] ak2-engine	load	seconds	25.162639	requests	1126	retries	0	bytes	74318296292
  | [c100] ak2-engine	route	transport	nodes	calls	5378	keys	8071347759	batches	86048	route_s	54.359738	wait_s	43.666269	gather_s	11.869733
  | [c100] ak2-engine	worker	scan_s	410.421313	lookup_s	109.897492	classify_s	344.468860
  | [c100] ak2-timing	total	0.000000	206.982780	11869874	0	1295.069200	90.061612
  | ak2: [2026-10-08T15:57:52Z] inv c100 rank 1 exit 0
  | [c100 stderr] Loading database information...ak2-timing	opts	0.002800	0.000013	0	0	0.000012	0.000000
  | [c100 stderr]  done.
  | ak2: [2026-10-08T15:57:53Z] pushed out/rank1/eng-c100.stderr
  | ak2: [2026-10-08T15:57:53Z] rank 1 done (rc=0)
  | ak2: [2026-10-08T15:57:53Z] spec body exit rc=0
  | ak2-phase	2026-10-08T15:57:53Z	1791475073	end	no
make run: tag-objects: s3://aws-kraken2-942542972736-us-west-2/aws-kraken2/g3/20261008-155257-b74c0f2-6d43-n16-r1/: 10 objects, 9 tagged now, 1 already tagged, 0 failed
make run: run dir: results/g3/20261008-155257-b74c0f2-6d43-n16-r1  (task exit 0, state terminated, cost $0.198223)
orphans: other live ak2 instances (concurrent runs; informational, not this run's):
  us-west-2	i-04489068d5f807215	running	c9g.12xlarge	2026-10-08T15:53:27+00:00	ak2-g3-20261008-155257-b74c0f2-6d43-n16-r4	ttl=60m	within TTL
orphans: this run's instance(s) and task ak2-g3-20261008-155257-b74c0f2-6d43-n16-r1 are gone (18 regions checked)
