Loading database information...ak2-timing	opts	0.000041	0.000025	4	0	0.000041	0.000000
ak2-timing	taxo	0.000074	0.002497	2568	0	0.003405	0.000000
ak2-timing	shard-load-0	0.078604	7.890513	1515	0	0.759773	0.487262
ak2-timing	rendezvous	8.399881	1.758529	5	0	0.003250	0.000000
ak2-timing	connect	10.158431	0.001593	5	0	0.000461	0.000000
ak2-timing	hash	0.002587	10.157460	2558	0	0.780690	0.487262
 done.
ak2-timing	setup	10.160052	0.000027	0	0	0.000027	0.000000
ak2-timing	classify	10.160084	0.106570	34587	0	0.209192	0.016616
ak2-timing	barrier	10.266767	0.000074	2	0	0.000049	0.000024
ak2-engine	shard	0	n	4	lo	0	hi	500000000	tail	302	full	false	empty_at	500000001	keys	68731	batches	6	probe_s	0.002037	tail_probes	0	wrap_probes	0
ak2-engine	node	rank	0	n	4	emitter	true	blocks_cut	6	blocks_mine	2	read_s	0.026401	window_wait_s	0.000000	send_s	0.000000	sent_bytes	0	emit_wait_s	0.100982	emit_s	0.005415
ak2-engine	rendezvous	requests	5
ak2-engine	load	seconds	7.890511	requests	48	retries	0	bytes	2000066808
ak2-engine	route	transport	local	calls	2	keys	98283	batches	8	route_s	0.001448	wait_s	0.001807	gather_s	0.000441
ak2-engine	worker	scan_s	0.125032	lookup_s	0.003697	classify_s	0.029910
ak2-timing	close	10.266909	2.010530	1	0	0.002691	0.001362
200000 sequences (18.13 Mbp) processed in 0.107s (112602.6 Kseq/m, 10206.47 Mbp/m).
  37296 sequences classified (18.65%)
  162704 sequences unclassified (81.35%)
ak2-timing	report	12.277499	0.015193	307	0	0.014220	0.001094
ak2-timing	unmap	12.292711	0.003231	1	0	0.000000	0.003241
ak2-timing	total	0.000001	12.295958	40030	0	1.010573	0.509706
