ak2: log tee up
ak2-phase	2026-10-08T16:14:38Z	1791476078	preamble	no
ak2: [2026-10-08T16:14:38Z] inherited $-=hBc (stub, as spawn started it: $-=hBc)
ak2: [2026-10-08T16:14:38Z] after set +e $-=hBc
ak2: [2026-10-08T16:14:38Z] gate=g3 run=20261008-161358-a8e9217-721c-n32-r2
ak2: [2026-10-08T16:14:38Z] aws shim installed and self-tested (/tmp/ak2-bin/aws -> /usr/bin/aws)
ak2: [2026-10-08T16:14:38Z] imds region=us-west-2 az=us-west-2a instance=i-084ddab4035d27b16 type=c8g.12xlarge ami=ami-09325776a00699513
ak2: [2026-10-08T16:14:38Z] bucket aws-kraken2-942542972736-us-west-2 region=us-west-2
ak2: [2026-10-08T16:14:38Z] bucket aws-kraken2-942542972736-us-west-2 payer=UNKNOWN
ak2: [2026-10-08T16:14:38Z] WARN: could not read Payer of aws-kraken2-942542972736-us-west-2 from the instance (launch host verified it)
ak2: [2026-10-08T16:14:38Z] bucket kraken2-ncbi-refseq-complete-v205 region=us-west-2
ak2: [2026-10-08T16:14:39Z] bucket kraken2-ncbi-refseq-complete-v205 payer=BucketOwner
ak2: [2026-10-08T16:14:39Z] region assert passed
ak2: [2026-10-08T16:14:39Z] drop_caches_ok=true
ak2: [2026-10-08T16:14:39Z] preamble done; spec body starts
ak2-phase	2026-10-08T16:14:39Z	1791476079	body	no
ak2: [2026-10-08T16:14:39Z] e4 cohort 20261008-161358-a8e9217-721c-n32 rank 2 of 32, commit a8e9217; RODA kraken2-ncbi-refseq-complete-v205/Kraken2_RefSeqCompleteV205; samples aws-kraken2-942542972736-us-west-2/aws-kraken2/data/cohort; cohort 100
ak2-phase	2026-10-08T16:14:39Z	1791476079	setup	no
ak2: [2026-10-08T16:15:16Z] built a8e92175898ee28c86050ac8c4b55d65b21e2986; go version go1.27.1 linux/arm64; ip 172.31.17.179; nproc 48; mem_gib 92; threads 16, inflight 6
ak2-phase	2026-10-08T16:15:16Z	1791476116	manifest	no
ak2: [2026-10-08T16:15:17Z] staged s3://kraken2-ncbi-refseq-complete-v205/Kraken2_RefSeqCompleteV205/opts.k2d -> /home/ec2-user/ak2/db/roda/opts.k2d (56 bytes)
ak2: [2026-10-08T16:15:19Z] staged s3://kraken2-ncbi-refseq-complete-v205/Kraken2_RefSeqCompleteV205/taxo.k2d -> /home/ec2-user/ak2/db/roda/taxo.k2d (179150665 bytes)
ak2: [2026-10-08T16:15:19Z] RODA hash.k2d etag=f80959f9556b50d76b3e744afdd3b22a-8860 size=1189091671800
ak2: [2026-10-08T16:15:19Z] pushed out/rank2/c100.tsv
ak2: [2026-10-08T16:15:20Z] pushed out/rank2/placement.tsv
ak2: [2026-10-08T16:15:20Z] manifest c100: 306 lines in 9 batches; rank 2 reads 8 samples
ak2-phase	2026-10-08T16:15:20Z	1791476120	fetch	no
ak2: [2026-10-08T16:15:28Z] inputs staged and verified: 16 files, 9.27 GB
ak2: [2026-10-08T16:15:28Z] manifest c100: cohort: 306 samples in 9 batches check
ak2-phase	2026-10-08T16:15:28Z	1791476128	inv-c100	no
[c100] ak2-timing	taxo	0.002937	0.094899	87867	0	0.038543	0.059334
Hangup
ak2: [2026-10-08T16:15:39Z] spec body exit rc=129 (SIGHUP)
ak2-phase	2026-10-08T16:15:39Z	1791476139	end	no
