Loading database information...ak2-timing	opts	0.002818	0.000019	0	0	0.000020	0.000000
ak2-timing	taxo	0.002846	0.093944	87778	0	0.013954	0.095200
ak2-timing	shard-load-13	0.160755	40.374047	41132	0	40.065100	39.474064
ak2-timing	rendezvous	40.946569	6.192288	538	0	0.006220	0.006138
ak2-timing	connect	47.138873	0.030148	5	0	0.000681	0.000672
ak2-timing	hash	0.096891	47.072142	43614	0	40.086643	39.481803
 done.
15328347 sequences (2853.53 Mbp) processed in 15.967s (57601.4 Kseq/m, 10723.08 Mbp/m).
  14998872 sequences classified (97.85%)
  329475 sequences unclassified (2.15%)
ak2-sample	batch	0	name	0-SRR5935744	mode	parallel	s3client	sdk	rank	13	role	home	inflight	2	threads	16	start_s	47.169074	wall_s	16.390486	setup_s	0.000049	classify_s	15.966640	close_s	0.263478	report_s	0.151038	status	0	sequences	15328347	bases	2853526686	classified	14998872	place	lpt	weight	15328347
16260968 sequences (3012.84 Mbp) processed in 16.172s (60330.9 Kseq/m, 11178.12 Mbp/m).
  15948766 sequences classified (98.08%)
  312202 sequences unclassified (1.92%)
ak2-sample	batch	0	name	0-SRR5935827	mode	parallel	s3client	sdk	rank	13	role	home	inflight	2	threads	16	start_s	47.169076	wall_s	16.596991	setup_s	0.000055	classify_s	16.171794	close_s	0.242852	report_s	0.173932	status	0	sequences	16260968	bases	3012837135	classified	15948766	place	lpt	weight	16260968
10532910 sequences (1945.09 Mbp) processed in 10.875s (58114.1 Kseq/m, 10731.82 Mbp/m).
  9366399 sequences classified (88.93%)
  1166511 sequences unclassified (11.07%)
ak2-sample	batch	0	name	0-SRR5935740	mode	parallel	s3client	sdk	rank	13	role	home	inflight	2	threads	16	start_s	63.766093	wall_s	11.356577	setup_s	0.000076	classify_s	10.874727	close_s	0.269998	report_s	0.192371	status	0	sequences	10532910	bases	1945093294	classified	9366399	place	lpt	weight	10532910
14120624 sequences (2649.39 Mbp) processed in 13.950s (60735.3 Kseq/m, 11395.51 Mbp/m).
  13394795 sequences classified (94.86%)
  725829 sequences unclassified (5.14%)
ak2-sample	batch	0	name	0-SRR5935766	mode	parallel	s3client	sdk	rank	13	role	home	inflight	2	threads	16	start_s	63.559587	wall_s	14.382536	setup_s	0.000064	classify_s	13.949669	close_s	0.265827	report_s	0.157424	status	0	sequences	14120624	bases	2649393059	classified	13394795	place	lpt	weight	14120624
8486948 sequences (1613.12 Mbp) processed in 8.591s (59271.2 Kseq/m, 11265.73 Mbp/m).
  8270605 sequences classified (97.45%)
  216343 sequences unclassified (2.55%)
ak2-sample	batch	0	name	0-SRR5935781	mode	parallel	s3client	sdk	rank	13	role	home	inflight	2	threads	16	start_s	75.122706	wall_s	9.029812	setup_s	0.000072	classify_s	8.591302	close_s	0.295873	report_s	0.137051	status	0	sequences	8486948	bases	1613121343	classified	8270605	place	lpt	weight	8486948
7326365 sequences (1333.07 Mbp) processed in 6.709s (65524.1 Kseq/m, 11922.42 Mbp/m).
  6965607 sequences classified (95.08%)
  360758 sequences unclassified (4.92%)
ak2-sample	batch	0	name	0-SRR5935836	mode	parallel	s3client	sdk	rank	13	role	home	inflight	2	threads	16	start_s	77.942148	wall_s	7.091924	setup_s	0.000066	classify_s	6.708705	close_s	0.242769	report_s	0.133497	status	0	sequences	7326365	bases	1333066620	classified	6965607	place	lpt	weight	7326365
ak2-timing	batch-barrier-0	85.034095	3.120507	4	0	0.375816	0.067553
11374148 sequences (2063.47 Mbp) processed in 11.894s (57376.8 Kseq/m, 10409.14 Mbp/m).
  10686284 sequences classified (93.95%)
  687864 sequences unclassified (6.05%)
ak2-sample	batch	1	name	1-SRR5935769	mode	parallel	s3client	sdk	rank	13	role	home	inflight	2	threads	16	start_s	88.154631	wall_s	12.316769	setup_s	0.000051	classify_s	11.894158	close_s	0.250546	report_s	0.159232	status	0	sequences	11374148	bases	2063466726	classified	10686284	place	mod	weight	11374148
14164085 sequences (2640.40 Mbp) processed in 14.236s (59698.3 Kseq/m, 11128.65 Mbp/m).
  13689575 sequences classified (96.65%)
  474510 sequences unclassified (3.35%)
ak2-sample	batch	1	name	1-SRR5935753	mode	parallel	s3client	sdk	rank	13	role	home	inflight	2	threads	16	start_s	88.154651	wall_s	14.718719	setup_s	0.000039	classify_s	14.235679	close_s	0.245752	report_s	0.226354	status	0	sequences	14164085	bases	2640398097	classified	13689575	place	mod	weight	14164085
13817496 sequences (2535.87 Mbp) processed in 13.655s (60715.0 Kseq/m, 11142.77 Mbp/m).
  12277050 sequences classified (88.85%)
  1540446 sequences unclassified (11.15%)
ak2-sample	batch	1	name	1-SRR5935785	mode	parallel	s3client	sdk	rank	13	role	home	inflight	2	threads	16	start_s	100.471424	wall_s	14.145984	setup_s	0.000068	classify_s	13.654772	close_s	0.195911	report_s	0.276975	status	0	sequences	13817496	bases	2535866229	classified	12277050	place	mod	weight	13817496
13162386 sequences (2465.10 Mbp) processed in 12.974s (60873.1 Kseq/m, 11400.52 Mbp/m).
  12297712 sequences classified (93.43%)
  864674 sequences unclassified (6.57%)
ak2-sample	batch	1	name	1-SRR5935801	mode	parallel	s3client	sdk	rank	13	role	home	inflight	2	threads	16	start_s	102.873396	wall_s	13.367920	setup_s	0.000071	classify_s	12.973601	close_s	0.208016	report_s	0.172646	status	0	sequences	13162386	bases	2465096767	classified	12297712	place	mod	weight	13162386
14261195 sequences (2665.70 Mbp) processed in 13.562s (63092.6 Kseq/m, 11793.25 Mbp/m).
  13980324 sequences classified (98.03%)
  280871 sequences unclassified (1.97%)
ak2-sample	batch	1	name	1-SRR5935817	mode	parallel	s3client	sdk	rank	13	role	home	inflight	2	threads	16	start_s	114.617567	wall_s	14.053224	setup_s	0.000064	classify_s	13.562155	close_s	0.334858	report_s	0.147843	status	0	sequences	14261195	bases	2665696979	classified	13980324	place	mod	weight	14261195
12711109 sequences (2382.42 Mbp) processed in 12.169s (62670.4 Kseq/m, 11746.19 Mbp/m).
  11452616 sequences classified (90.10%)
  1258493 sequences unclassified (9.90%)
ak2-sample	batch	1	name	1-SRR5935833	mode	parallel	s3client	sdk	rank	13	role	home	inflight	2	threads	16	start_s	116.241383	wall_s	12.779759	setup_s	0.000068	classify_s	12.169490	close_s	0.446035	report_s	0.148213	status	0	sequences	12711109	bases	2382418955	classified	11452616	place	mod	weight	12711109
ak2-timing	batch-barrier-1	129.021164	4.216067	2	0	0.865406	0.120333
15328347 sequences (2853.53 Mbp) processed in 16.072s (57222.5 Kseq/m, 10652.54 Mbp/m).
  14998872 sequences classified (97.85%)
  329475 sequences unclassified (2.15%)
ak2-sample	batch	2	name	2-SRR5935744	mode	parallel	s3client	sdk	rank	13	role	home	inflight	2	threads	16	start_s	133.237279	wall_s	16.534350	setup_s	0.000052	classify_s	16.072372	close_s	0.314086	report_s	0.138564	status	0	sequences	15328347	bases	2853526686	classified	14998872	place	lpt	weight	15328347
16260968 sequences (3012.84 Mbp) processed in 16.774s (58163.2 Kseq/m, 10776.50 Mbp/m).
  15948766 sequences classified (98.08%)
  312202 sequences unclassified (1.92%)
ak2-sample	batch	2	name	2-SRR5935827	mode	parallel	s3client	sdk	rank	13	role	home	inflight	2	threads	16	start_s	133.237286	wall_s	17.254452	setup_s	0.000048	classify_s	16.774481	close_s	0.284145	report_s	0.186035	status	0	sequences	16260968	bases	3012837135	classified	15948766	place	lpt	weight	16260968
10532910 sequences (1945.09 Mbp) processed in 10.920s (57872.6 Kseq/m, 10687.23 Mbp/m).
  9366399 sequences classified (88.93%)
  1166511 sequences unclassified (11.07%)
ak2-sample	batch	2	name	2-SRR5935740	mode	parallel	s3client	sdk	rank	13	role	home	inflight	2	threads	16	start_s	150.491769	wall_s	11.409399	setup_s	0.000060	classify_s	10.920102	close_s	0.267974	report_s	0.201341	status	0	sequences	10532910	bases	1945093294	classified	9366399	place	lpt	weight	10532910
14120624 sequences (2649.39 Mbp) processed in 13.859s (61134.6 Kseq/m, 11470.43 Mbp/m).
  13394795 sequences classified (94.86%)
  725829 sequences unclassified (5.14%)
ak2-sample	batch	2	name	2-SRR5935766	mode	parallel	s3client	sdk	rank	13	role	home	inflight	2	threads	16	start_s	149.771719	wall_s	14.243803	setup_s	0.000066	classify_s	13.858550	close_s	0.213971	report_s	0.160787	status	0	sequences	14120624	bases	2649393059	classified	13394795	place	lpt	weight	14120624
8486948 sequences (1613.12 Mbp) processed in 8.612s (59127.9 Kseq/m, 11238.49 Mbp/m).
  8270605 sequences classified (97.45%)
  216343 sequences unclassified (2.55%)
ak2-sample	batch	2	name	2-SRR5935781	mode	parallel	s3client	sdk	rank	13	role	home	inflight	2	threads	16	start_s	161.901240	wall_s	9.009718	setup_s	0.000067	classify_s	8.612127	close_s	0.215249	report_s	0.176812	status	0	sequences	8486948	bases	1613121343	classified	8270605	place	lpt	weight	8486948
7326365 sequences (1333.07 Mbp) processed in 6.945s (63295.4 Kseq/m, 11516.89 Mbp/m).
  6965607 sequences classified (95.08%)
  360758 sequences unclassified (4.92%)
ak2-sample	batch	2	name	2-SRR5935836	mode	parallel	s3client	sdk	rank	13	role	home	inflight	2	threads	16	start_s	164.015587	wall_s	7.363473	setup_s	0.000074	classify_s	6.944929	close_s	0.272452	report_s	0.139148	status	0	sequences	7326365	bases	1333066620	classified	6965607	place	lpt	weight	7326365
ak2-timing	batch-barrier-2	171.379082	2.036983	0	0	0.155978	0.031968
ak2-timing	barrier	179.979691	0.294640	0	0	0.008285	0.000579
ak2-sample	batch	3	name	3-SRR5935740	mode	striped	s3client	sdk	rank	13	role	peer	inflight	1	threads	16	start_s	174.286812	wall_s	5.987573	setup_s	0.000050	classify_s	5.688681	close_s	0.000000	report_s	0.000000	status	0	sequences	0	bases	0	classified	0	place	-	weight	-
ak2-timing	batch-barrier-3	180.274399	0.523643	0	0	0.000000	0.013125
ak2-timing	barrier	187.241463	0.105762	0	0	0.002754	0.000193
ak2-sample	batch	4	name	4-SRR5935740	mode	striped	s3client	sdk	rank	13	role	peer	inflight	1	threads	16	start_s	181.577922	wall_s	5.769343	setup_s	0.000052	classify_s	5.659401	close_s	0.000000	report_s	0.000000	status	0	sequences	0	bases	0	classified	0	place	-	weight	-
ak2-timing	batch-barrier-4	187.347276	0.474486	0	0	0.000000	0.005821
ak2-timing	barrier	194.336584	0.112922	0	0	0.007351	0.000000
ak2-sample	batch	5	name	5-SRR5935740	mode	striped	s3client	sdk	rank	13	role	peer	inflight	1	threads	16	start_s	188.670829	wall_s	5.778722	setup_s	0.000053	classify_s	5.661023	close_s	0.000000	report_s	0.000000	status	0	sequences	0	bases	0	classified	0	place	-	weight	-
ak2-timing	batch-barrier-5	194.449561	0.824327	163	0	0.006587	0.000000
ak2-timing	batch-barrier-6	195.273914	7.080158	242	0	0.684197	0.113782
ak2-timing	batch-barrier-7	202.354092	7.176312	291	0	0.724274	0.072762
ak2-timing	batch-barrier-8	209.530428	7.184052	477	0	0.723750	0.079976
ak2-engine	shard	0	n	16	lo	241534245827	hi	260113803199	tail	302	full	false	empty_at	18579557376	keys	8471698086	batches	89910	probe_s	210.832154	tail_probes	0	wrap_probes	0
ak2-engine	rendezvous	puts	13	gets	331
ak2-engine	s3	client	sdk	put	31	get	331	create_multipart	18	upload_part	2388	complete_multipart	18	abort_multipart	0	part_bytes	19960580095
ak2-engine	s3	client	cli	put	0	get	0	create_multipart	0	upload_part	0	complete_multipart	0	abort_multipart	0	part_bytes	0
ak2-engine	load	seconds	40.374044	requests	1126	retries	0	bytes	74318296296
ak2-engine	route	transport	nodes	calls	5951	keys	9003002404	batches	95216	route_s	105.017093	wait_s	373.054060	gather_s	21.163726
ak2-engine	worker	scan_s	792.546585	lookup_s	499.244898	classify_s	690.808862
ak2-timing	total	0.000001	216.847392	10941989	0	1739.287001	121.573321
