Loading database information...ak2-timing	opts	0.002907	0.000021	0	0	0.000000	0.000022
ak2-timing	taxo	0.002938	0.096263	87785	0	0.028091	0.082251
ak2-timing	shard-load-15	0.161293	42.307707	41090	0	52.232009	65.565810
ak2-timing	rendezvous	42.919978	0.458279	323	0	0.006376	0.000000
ak2-timing	connect	43.378272	0.161040	1468	0	0.026278	0.000000
ak2-timing	hash	0.099229	43.440103	44759	0	52.277105	65.568541
 done.
15746753 sequences (2888.34 Mbp) processed in 16.524s (57176.4 Kseq/m, 10487.54 Mbp/m).
  14105631 sequences classified (89.58%)
  1641122 sequences unclassified (10.42%)
ak2-sample	batch	0	name	0-SRR5935768	mode	parallel	s3client	sdk	rank	15	role	home	inflight	2	threads	16	start_s	43.539370	wall_s	17.034979	setup_s	0.000051	classify_s	16.524395	close_s	0.325140	report_s	0.161316	status	0	sequences	15746753	bases	2888337209	classified	14105631	place	lpt	weight	15746753
16053448 sequences (2993.47 Mbp) processed in 16.855s (57146.6 Kseq/m, 10656.07 Mbp/m).
  15204484 sequences classified (94.71%)
  848964 sequences unclassified (5.29%)
ak2-sample	batch	0	name	0-SRR5935756	mode	parallel	s3client	sdk	rank	15	role	home	inflight	2	threads	16	start_s	43.539373	wall_s	17.264533	setup_s	0.000051	classify_s	16.855012	close_s	0.207227	report_s	0.186770	status	0	sequences	16053448	bases	2993468449	classified	15204484	place	lpt	weight	16053448
11689489 sequences (2123.44 Mbp) processed in 12.721s (55134.0 Kseq/m, 10015.31 Mbp/m).
  11327502 sequences classified (96.90%)
  361987 sequences unclassified (3.10%)
ak2-sample	batch	0	name	0-SRR5935764	mode	parallel	s3client	sdk	rank	15	role	home	inflight	2	threads	16	start_s	60.803933	wall_s	13.149607	setup_s	0.000086	classify_s	12.721171	close_s	0.216797	report_s	0.200960	status	0	sequences	11689489	bases	2123440867	classified	11327502	place	lpt	weight	11689489
12711109 sequences (2382.42 Mbp) processed in 13.421s (56826.0 Kseq/m, 10650.78 Mbp/m).
  11452616 sequences classified (90.10%)
  1258493 sequences unclassified (9.90%)
ak2-sample	batch	0	name	0-SRR5935833	mode	parallel	s3client	sdk	rank	15	role	home	inflight	2	threads	16	start_s	60.574377	wall_s	14.136420	setup_s	0.000073	classify_s	13.421094	close_s	0.259270	report_s	0.434872	status	0	sequences	12711109	bases	2382418955	classified	11452616	place	lpt	weight	12711109
6882441 sequences (1244.79 Mbp) processed in 7.330s (56339.6 Kseq/m, 10189.82 Mbp/m).
  6619730 sequences classified (96.18%)
  262711 sequences unclassified (3.82%)
8766123 sequences (1609.93 Mbp) processed in 8.298s (63385.0 Kseq/m, 11640.86 Mbp/m).
  8639469 sequences classified (98.56%)
  126654 sequences unclassified (1.44%)
ak2-sample	batch	0	name	0-SRR5935832	mode	parallel	s3client	sdk	rank	15	role	home	inflight	2	threads	16	start_s	74.710886	wall_s	7.867210	setup_s	0.000076	classify_s	7.329590	close_s	0.370524	report_s	0.159331	status	0	sequences	6882441	bases	1244786679	classified	6619730	place	lpt	weight	6882441
ak2-sample	batch	0	name	0-SRR5935826	mode	parallel	s3client	sdk	rank	15	role	home	inflight	2	threads	16	start_s	73.953569	wall_s	8.684348	setup_s	0.000074	classify_s	8.297981	close_s	0.263003	report_s	0.117632	status	0	sequences	8766123	bases	1609927653	classified	8639469	place	lpt	weight	8766123
ak2-timing	batch-barrier-0	82.637941	1.217378	1	0	0.067590	0.003005
6071697 sequences (1090.39 Mbp) processed in 6.667s (54641.9 Kseq/m, 9812.90 Mbp/m).
  5415115 sequences classified (89.19%)
  656582 sequences unclassified (10.81%)
ak2-sample	batch	1	name	1-SRR5935755	mode	parallel	s3client	sdk	rank	15	role	home	inflight	2	threads	16	start_s	83.855355	wall_s	7.055664	setup_s	0.000048	classify_s	6.667074	close_s	0.175187	report_s	0.199890	status	0	sequences	6071697	bases	1090388750	classified	5415115	place	mod	weight	6071697
9230220 sequences (1688.15 Mbp) processed in 9.786s (56592.3 Kseq/m, 10350.38 Mbp/m).
  8736529 sequences classified (94.65%)
  493691 sequences unclassified (5.35%)
ak2-sample	batch	1	name	1-SRR5935771	mode	parallel	s3client	sdk	rank	15	role	home	inflight	2	threads	16	start_s	83.855351	wall_s	10.301334	setup_s	0.000048	classify_s	9.786025	close_s	0.320454	report_s	0.182059	status	0	sequences	9230220	bases	1688151903	classified	8736529	place	mod	weight	9230220
16351397 sequences (3065.56 Mbp) processed in 17.404s (56371.6 Kseq/m, 10568.54 Mbp/m).
  16166849 sequences classified (98.87%)
  184548 sequences unclassified (1.13%)
ak2-sample	batch	1	name	1-SRR5935787	mode	parallel	s3client	sdk	rank	15	role	home	inflight	2	threads	16	start_s	90.911047	wall_s	17.778027	setup_s	0.000084	classify_s	17.403859	close_s	0.206038	report_s	0.160120	status	0	sequences	16351397	bases	3065557655	classified	16166849	place	mod	weight	16351397
18392491 sequences (3418.71 Mbp) processed in 19.274s (57256.2 Kseq/m, 10642.49 Mbp/m).
  18064386 sequences classified (98.22%)
  328105 sequences unclassified (1.78%)
ak2-sample	batch	1	name	1-SRR5935803	mode	parallel	s3client	sdk	rank	15	role	home	inflight	2	threads	16	start_s	94.156769	wall_s	19.748482	setup_s	0.000086	classify_s	19.273901	close_s	0.303529	report_s	0.160210	status	0	sequences	18392491	bases	3418705365	classified	18064386	place	mod	weight	18392491
1341509 sequences (254.99 Mbp) processed in 1.930s (41712.6 Kseq/m, 7928.72 Mbp/m).
  1320808 sequences classified (98.46%)
  20701 sequences unclassified (1.54%)
ak2-sample	batch	1	name	1-SRR5935835	mode	parallel	s3client	sdk	rank	15	role	home	inflight	2	threads	16	start_s	113.905322	wall_s	2.247477	setup_s	0.000074	classify_s	1.929647	close_s	0.208541	report_s	0.106417	status	0	sequences	1341509	bases	254993682	classified	1320808	place	mod	weight	1341509
10896278 sequences (2024.82 Mbp) processed in 9.394s (69597.0 Kseq/m, 12933.00 Mbp/m).
  10712521 sequences classified (98.31%)
  183757 sequences unclassified (1.69%)
ak2-sample	batch	1	name	1-SRR5935819	mode	parallel	s3client	sdk	rank	15	role	home	inflight	2	threads	16	start_s	108.689160	wall_s	9.803864	setup_s	0.000062	classify_s	9.393744	close_s	0.216085	report_s	0.187674	status	0	sequences	10896278	bases	2024821947	classified	10712521	place	mod	weight	10896278
ak2-timing	batch-barrier-1	118.493052	10.230152	4	0	6.012943	0.771910
15746753 sequences (2888.34 Mbp) processed in 17.028s (55485.7 Kseq/m, 10177.43 Mbp/m).
  14105631 sequences classified (89.58%)
  1641122 sequences unclassified (10.42%)
16053448 sequences (2993.47 Mbp) processed in 17.060s (56459.4 Kseq/m, 10527.92 Mbp/m).
  15204484 sequences classified (94.71%)
  848964 sequences unclassified (5.29%)
ak2-sample	batch	2	name	2-SRR5935768	mode	parallel	s3client	sdk	rank	15	role	home	inflight	2	threads	16	start_s	128.723256	wall_s	17.467013	setup_s	0.000055	classify_s	17.027902	close_s	0.212451	report_s	0.208385	status	0	sequences	15746753	bases	2888337209	classified	14105631	place	lpt	weight	15746753
ak2-sample	batch	2	name	2-SRR5935756	mode	parallel	s3client	sdk	rank	15	role	home	inflight	2	threads	16	start_s	128.723260	wall_s	17.536962	setup_s	0.000072	classify_s	17.060174	close_s	0.288404	report_s	0.173785	status	0	sequences	16053448	bases	2993468449	classified	15204484	place	lpt	weight	16053448
11689489 sequences (2123.44 Mbp) processed in 12.816s (54726.6 Kseq/m, 9941.30 Mbp/m).
  11327502 sequences classified (96.90%)
  361987 sequences unclassified (3.10%)
ak2-sample	batch	2	name	2-SRR5935764	mode	parallel	s3client	sdk	rank	15	role	home	inflight	2	threads	16	start_s	146.260251	wall_s	13.240952	setup_s	0.000060	classify_s	12.815879	close_s	0.234121	report_s	0.180391	status	0	sequences	11689489	bases	2123440867	classified	11327502	place	lpt	weight	11689489
12711109 sequences (2382.42 Mbp) processed in 13.597s (56090.5 Kseq/m, 10512.93 Mbp/m).
  11452616 sequences classified (90.10%)
  1258493 sequences unclassified (9.90%)
ak2-sample	batch	2	name	2-SRR5935833	mode	parallel	s3client	sdk	rank	15	role	home	inflight	2	threads	16	start_s	146.190295	wall_s	14.712362	setup_s	0.000071	classify_s	13.597077	close_s	0.912617	report_s	0.176302	status	0	sequences	12711109	bases	2382418955	classified	11452616	place	lpt	weight	12711109
8766123 sequences (1609.93 Mbp) processed in 8.189s (64231.7 Kseq/m, 11796.37 Mbp/m).
  8639469 sequences classified (98.56%)
  126654 sequences unclassified (1.44%)
6882441 sequences (1244.79 Mbp) processed in 6.897s (59869.9 Kseq/m, 10828.33 Mbp/m).
  6619730 sequences classified (96.18%)
  262711 sequences unclassified (3.82%)
ak2-sample	batch	2	name	2-SRR5935832	mode	parallel	s3client	sdk	rank	15	role	home	inflight	2	threads	16	start_s	160.902732	wall_s	7.267467	setup_s	0.000071	classify_s	6.897392	close_s	0.229835	report_s	0.132680	status	0	sequences	6882441	bases	1244786679	classified	6619730	place	lpt	weight	6882441
ak2-sample	batch	2	name	2-SRR5935826	mode	parallel	s3client	sdk	rank	15	role	home	inflight	2	threads	16	start_s	159.501234	wall_s	8.814215	setup_s	0.000086	classify_s	8.188590	close_s	0.266868	report_s	0.353224	status	0	sequences	8766123	bases	1609927653	classified	8639469	place	lpt	weight	8766123
ak2-timing	batch-barrier-2	168.315466	0.866787	2	0	0.000991	0.009276
ak2-timing	barrier	175.981081	0.255230	0	0	0.009944	0.000000
ak2-sample	batch	3	name	3-SRR5935740	mode	striped	s3client	sdk	rank	15	role	peer	inflight	1	threads	16	start_s	170.230451	wall_s	6.005912	setup_s	0.000051	classify_s	5.746372	close_s	0.000000	report_s	0.000000	status	0	sequences	0	bases	0	classified	0	place	-	weight	-
ak2-timing	batch-barrier-3	176.236376	0.521431	0	0	0.005851	0.000503
ak2-timing	barrier	183.262151	0.047101	0	0	0.000081	0.000007
ak2-sample	batch	4	name	4-SRR5935740	mode	striped	s3client	sdk	rank	15	role	peer	inflight	1	threads	16	start_s	177.539574	wall_s	5.769723	setup_s	0.000052	classify_s	5.718171	close_s	0.000000	report_s	0.000000	status	0	sequences	0	bases	0	classified	0	place	-	weight	-
ak2-timing	batch-barrier-4	183.309311	0.547460	0	0	0.006109	0.000000
ak2-timing	barrier	190.351626	0.059885	0	0	0.000194	0.000016
ak2-sample	batch	5	name	5-SRR5935740	mode	striped	s3client	sdk	rank	15	role	peer	inflight	1	threads	16	start_s	184.633505	wall_s	5.778057	setup_s	0.000056	classify_s	5.713728	close_s	0.000000	report_s	0.000000	status	0	sequences	0	bases	0	classified	0	place	-	weight	-
ak2-timing	batch-barrier-5	190.411571	0.829254	4	0	0.006086	0.000525
ak2-timing	batch-barrier-6	191.240846	7.109458	3	0	0.756495	0.082402
ak2-timing	batch-barrier-7	198.350327	8.087816	10	0	0.788704	0.120599
ak2-timing	batch-barrier-8	206.438165	6.068330	1	0	0.680034	0.091958
ak2-engine	shard	0	n	16	lo	278693360570	hi	297272917942	tail	302	full	false	empty_at	18579557371	keys	8468698137	batches	89910	probe_s	246.201273	tail_probes	0	wrap_probes	0
ak2-engine	rendezvous	puts	13	gets	362
ak2-engine	s3	client	sdk	put	31	get	362	create_multipart	18	upload_part	2132	complete_multipart	18	abort_multipart	0	part_bytes	17819487418
ak2-engine	s3	client	cli	put	0	get	0	create_multipart	0	upload_part	0	complete_multipart	0	abort_multipart	0	part_bytes	0
ak2-engine	load	seconds	42.307704	requests	1127	retries	0	bytes	74318296296
ak2-engine	route	transport	nodes	calls	5450	keys	8208455580	batches	87200	route_s	100.849252	wait_s	352.778277	gather_s	19.096805
ak2-engine	worker	scan_s	779.067765	lookup_s	472.728474	classify_s	674.310403
ak2-timing	total	0.000001	212.657101	9703141	0	1677.761679	144.918741
