spawn: shell options for --command: $-=ehB
spawn: errexit is ON. set -uo pipefail does NOT clear it; use set +e to opt out.
spawn: [2026-10-09T06:44:57Z] wrapper start
spawn: [2026-10-09T06:44:57Z] stage-in start
spawn: [2026-10-09T06:44:57Z] stage-in done rc=0
spawn: [2026-10-09T06:44:57Z] command start
ak2-stub: inherited $-=hBc
ak2-stub: imds region=us-west-2 expected=us-west-2 payload bucket aws-kraken2-942542972736-us-west-2 region=us-west-2
ak2-stub: payload verified (sha256 f99c23c4d439c85787ba884a1c5357c94010fa7dd20283867e4bf53c29df239e); exec
ak2: log tee up
ak2-phase	2026-10-09T06:44:57Z	1791528297	preamble	no
ak2: [2026-10-09T06:44:57Z] inherited $-=hBc (stub, as spawn started it: $-=hBc)
ak2: [2026-10-09T06:44:57Z] after set +e $-=hBc
ak2: [2026-10-09T06:44:57Z] gate=g3 run=20261009-064231-4c67532-2a5c-n64-r61
ak2: [2026-10-09T06:44:57Z] aws shim installed and self-tested (/tmp/ak2-bin/aws -> /usr/bin/aws)
ak2: [2026-10-09T06:44:57Z] imds region=us-west-2 az=us-west-2b instance=i-01a9e8991aaf61a9f type=c8gn.4xlarge ami=ami-09325776a00699513
ak2: [2026-10-09T06:44:57Z] bucket aws-kraken2-942542972736-us-west-2 region=us-west-2
ak2: [2026-10-09T06:44:58Z] bucket aws-kraken2-942542972736-us-west-2 payer=UNKNOWN
ak2: [2026-10-09T06:44:58Z] WARN: could not read Payer of aws-kraken2-942542972736-us-west-2 from the instance (launch host verified it)
ak2: [2026-10-09T06:44:58Z] bucket kraken2-ncbi-refseq-complete-v205 region=us-west-2
ak2: [2026-10-09T06:44:58Z] bucket kraken2-ncbi-refseq-complete-v205 payer=BucketOwner
ak2: [2026-10-09T06:44:58Z] region assert passed
ak2: [2026-10-09T06:44:58Z] drop_caches_ok=true
ak2: [2026-10-09T06:44:59Z] preamble done; spec body starts
ak2-phase	2026-10-09T06:44:59Z	1791528299	body	no
ak2-phase	2026-10-09T06:44:59Z	1791528299	setup	no
go: downloading github.com/aws/aws-sdk-go-v2 v1.47.1
go: downloading github.com/aws/aws-sdk-go-v2/config v1.33.7
go: downloading github.com/aws/aws-sdk-go-v2/service/s3 v1.114.1
go: downloading github.com/aws/aws-sdk-go-v2/credentials v1.20.7
go: downloading github.com/klauspost/compress v1.20.0
go: downloading github.com/aws/aws-sdk-go-v2/service/sso v1.38.2
go: downloading github.com/aws/aws-sdk-go-v2/feature/ec2/imds v1.20.1
go: downloading github.com/aws/aws-sdk-go-v2/service/ssooidc v1.43.2
go: downloading github.com/aws/aws-sdk-go-v2/service/signin v1.10.2
go: downloading github.com/aws/aws-sdk-go-v2/service/sts v1.51.2
go: downloading github.com/aws/smithy-go v1.28.1
go: downloading github.com/aws/aws-sdk-go-v2/aws/protocol/eventstream v1.7.20
go: downloading github.com/aws/aws-sdk-go-v2/internal/configsources v1.5.4
go: downloading github.com/aws/aws-sdk-go-v2/service/internal/accept-encoding v1.13.19
go: downloading github.com/aws/aws-sdk-go-v2/internal/v4a v1.5.4
go: downloading github.com/aws/aws-sdk-go-v2/service/internal/checksum v1.11.5
go: downloading github.com/aws/aws-sdk-go-v2/service/internal/presigned-url v1.14.4
go: downloading github.com/aws/aws-sdk-go-v2/service/internal/s3shared v1.20.4
go: downloading github.com/aws/aws-sdk-go-v2/internal/endpoints/v2 v2.8.4
ak2: [2026-10-09T06:45:35Z] rank 61 of 64; hash.k2d etag=f80959f9556b50d76b3e744afdd3b22a-8860 size=1189091671800; stages 1 16 32 64 x 60s
ak2-phase	2026-10-09T06:45:35Z	1791528335	rendezvous	no
ak2: [2026-10-09T06:45:57Z] rendezvous: all 64 ready; stages start at 1791528368 (11 s from now)
ak2-phase	2026-10-09T06:45:57Z	1791528357	stage-n1	no
ak2: [2026-10-09T06:46:08Z] stage n1: rank 61 waits
ak2-phase	2026-10-09T06:46:08Z	1791528368	stage-n16	no
ak2: [2026-10-09T06:47:28Z] stage n16: rank 61 waits
ak2-phase	2026-10-09T06:47:28Z	1791528448	stage-n32	no
ak2: [2026-10-09T06:48:48Z] stage n32: rank 61 waits
ak2-phase	2026-10-09T06:48:48Z	1791528528	stage-n64	no
probe-cont {"kind":"progress","label":"n64-r61","unix_s":1791528613.8620055,"elapsed_s":5.000130921,"bytes":28319940608,"gbps_cum":5.663839818485425,"gbps_interval":5.663839818485425,"requests":486,"retries":0,"complete":false}
probe-cont {"kind":"progress","label":"n64-r61","unix_s":1791528618.8620274,"elapsed_s":10.000152984,"bytes":58049167360,"gbps_cum":5.804827931420374,"gbps_interval":5.945819113878578,"requests":929,"retries":0,"complete":false}
probe-cont {"kind":"progress","label":"n64-r61","unix_s":1791528623.861996,"elapsed_s":15.000121568,"bytes":90462748672,"gbps_cum":6.030801034638655,"gbps_interval":6.482756994858749,"requests":1412,"retries":0,"complete":false}
probe-cont {"kind":"progress","label":"n64-r61","unix_s":1791528628.8620036,"elapsed_s":20.000128878,"bytes":120326193152,"gbps_cum":6.016270889352016,"gbps_interval":5.972680163941601,"requests":1857,"retries":0,"complete":false}
probe-cont {"kind":"progress","label":"n64-r61","unix_s":1791528633.8620186,"elapsed_s":25.000143997,"bytes":150525181952,"gbps_cum":6.020972598000353,"gbps_interval":6.039779496914757,"requests":2307,"retries":0,"complete":false}
probe-cont {"kind":"progress","label":"n64-r61","unix_s":1791528638.8620007,"elapsed_s":30.00012625,"bytes":182401892352,"gbps_cum":6.080037491575556,"gbps_interval":6.375364708719498,"requests":2782,"retries":0,"complete":false}
probe-cont {"kind":"progress","label":"n64-r61","unix_s":1791528643.8619943,"elapsed_s":35.000119719,"bytes":212131119104,"gbps_cum":6.060868385797078,"gbps_interval":5.945853116873342,"requests":3225,"retries":0,"complete":false}
probe-cont {"kind":"progress","label":"n64-r61","unix_s":1791528648.8619947,"elapsed_s":40.000120174,"bytes":244477591552,"gbps_cum":6.111921426448862,"gbps_interval":6.469293900894255,"requests":3707,"retries":0,"complete":false}
probe-cont {"kind":"progress","label":"n64-r61","unix_s":1791528653.862027,"elapsed_s":45.000152581,"bytes":274341036032,"gbps_cum":6.096446796223364,"gbps_interval":5.972650184865092,"requests":4152,"retries":0,"complete":false}
probe-cont {"kind":"progress","label":"n64-r61","unix_s":1791528658.8619971,"elapsed_s":50.000122701,"bytes":306016419840,"gbps_cum":6.120313377428565,"gbps_interval":6.33511462024497,"requests":4624,"retries":0,"complete":false}
probe-cont {"kind":"progress","label":"n64-r61","unix_s":1791528663.8619978,"elapsed_s":55.000123243,"bytes":336416735232,"gbps_cum":6.116654207221556,"gbps_interval":6.080062419321233,"requests":5077,"retries":0,"complete":false}
probe-cont {"kind":"progress","label":"n64-r61","unix_s":1791528668.8619938,"elapsed_s":60.000119315,"bytes":366213070848,"gbps_cum":6.103539043403984,"gbps_interval":5.9592718048039295,"requests":5521,"retries":0,"complete":false}
probe-cont {"kind":"done","label":"n64-r61","unix_s":1791528668.8621337,"elapsed_s":60.000259322,"bytes":366213070848,"gbps_cum":6.103524801162358,"gbps_interval":0,"requests":5521,"retries":0,"complete":false,"workers":64,"chunk_mib":64,"object":"https://kraken2-ncbi-refseq-complete-v205.s3.us-west-2.amazonaws.com/Kraken2_RefSeqCompleteV205/hash.k2d","object_bytes":1189091671800,"stopped_by":"seconds"}
ak2-phase	2026-10-09T06:51:14Z	1791528674	push	no
ak2: [2026-10-09T06:51:14Z] pushed out/cont-61.jsonl
ak2: [2026-10-09T06:51:14Z] contention probe done FAIL=0
spawn: [2026-10-09T06:51:15Z] command exit rc=0
