Loading database information...ak2-timing	opts	0.002800	0.000013	0	0	0.000012	0.000000
ak2-timing	taxo	0.002817	0.076393	87839	0	0.012457	0.073021
ak2-engine	mem	t_s	15.0	rss_kib	44831592	hwm_kib	44831596	heap_inuse	404365312	sys	438622568	avail_kib	49967004
ak2-timing	shard-load-1	0.147575	25.162641	42125	0	27.727146	21.941983
ak2-engine	mem	t_s	30.0	rss_kib	72978352	hwm_kib	72978356	heap_inuse	409935872	sys	443410808	avail_kib	21855948
ak2-engine	mem	t_s	45.0	rss_kib	72981128	hwm_kib	72981132	heap_inuse	413507584	sys	443410808	avail_kib	22202376
ak2-timing	rendezvous	25.877763	23.994213	2395	0	0.056809	0.022692
ak2-timing	connect	49.871988	0.010714	0	0	0.007997	0.000000
ak2-timing	hash	0.079228	49.803485	46374	0	27.802594	21.966358
 done.
20671571 sequences (3786.10 Mbp) processed in 9.821s (126286.2 Kseq/m, 23129.94 Mbp/m).
  19204656 sequences classified (92.90%)
  1466915 sequences unclassified (7.10%)
ak2-engine	mem	t_s	60.0	rss_kib	78369372	hwm_kib	78369372	heap_inuse	3196837888	sys	6014824344	avail_kib	16735764
ak2-sample	batch	0	name	0-SRR5935773	mode	parallel	s3client	sdk	rank	1	role	home	inflight	1	threads	16	start_s	49.882758	wall_s	10.229737	setup_s	0.000031	classify_s	9.821300	close_s	0.248227	report_s	0.153915	status	0	sequences	20671571	bases	3786101975	classified	19204656	place	lpt	weight	20671571
14191749 sequences (2646.88 Mbp) processed in 6.740s (126327.9 Kseq/m, 23561.19 Mbp/m).
  13987275 sequences classified (98.56%)
  204474 sequences unclassified (1.44%)
ak2-sample	batch	0	name	0-SRR5935761	mode	parallel	s3client	sdk	rank	1	role	home	inflight	1	threads	16	start_s	60.112511	wall_s	7.123437	setup_s	0.000038	classify_s	6.740436	close_s	0.250392	report_s	0.127227	status	0	sequences	14191749	bases	2646878118	classified	13987275	place	lpt	weight	14191749
11924297 sequences (2214.84 Mbp) processed in 5.443s (131440.2 Kseq/m, 24413.98 Mbp/m).
  11742476 sequences classified (98.48%)
  181821 sequences unclassified (1.52%)
ak2-sample	batch	0	name	0-SRR5935795	mode	parallel	s3client	sdk	rank	1	role	home	inflight	1	threads	16	start_s	67.235964	wall_s	5.841257	setup_s	0.000041	classify_s	5.443218	close_s	0.234578	report_s	0.158651	status	0	sequences	11924297	bases	2214843465	classified	11742476	place	lpt	weight	11924297
ak2-engine	mem	t_s	75.0	rss_kib	78282012	hwm_kib	79308352	heap_inuse	4838834176	sys	6972088568	avail_kib	15633568
10479816 sequences (1916.83 Mbp) processed in 4.789s (131302.0 Kseq/m, 24016.04 Mbp/m).
  9679024 sequences classified (92.36%)
  800792 sequences unclassified (7.64%)
ak2-sample	batch	0	name	0-SRR5935754	mode	parallel	s3client	sdk	rank	1	role	home	inflight	1	threads	16	start_s	73.077237	wall_s	5.172745	setup_s	0.000041	classify_s	4.788876	close_s	0.237453	report_s	0.135687	status	0	sequences	10479816	bases	1916830360	classified	9679024	place	lpt	weight	10479816
8173049 sequences (1459.57 Mbp) processed in 3.937s (124564.1 Kseq/m, 22245.01 Mbp/m).
  7956066 sequences classified (97.35%)
  216983 sequences unclassified (2.65%)
ak2-sample	batch	0	name	0-SRR5935777	mode	parallel	s3client	sdk	rank	1	role	home	inflight	1	threads	16	start_s	78.250002	wall_s	4.272002	setup_s	0.000040	classify_s	3.936791	close_s	0.216366	report_s	0.114237	status	0	sequences	8173049	bases	1459565869	classified	7956066	place	lpt	weight	8173049
2565282 sequences (465.56 Mbp) processed in 1.803s (85383.5 Kseq/m, 15495.92 Mbp/m).
  2508539 sequences classified (97.79%)
  56743 sequences unclassified (2.21%)
ak2-sample	batch	0	name	0-SRR5935783	mode	parallel	s3client	sdk	rank	1	role	home	inflight	1	threads	16	start_s	82.522016	wall_s	2.595431	setup_s	0.000043	classify_s	1.802654	close_s	0.593167	report_s	0.197032	status	0	sequences	2565282	bases	465562992	classified	2508539	place	lpt	weight	2565282
201473 sequences (36.75 Mbp) processed in 0.323s (37421.5 Kseq/m, 6825.08 Mbp/m).
  197603 sequences classified (98.08%)
  3870 sequences unclassified (1.92%)
ak2-sample	batch	0	name	0-SRR5935743	mode	parallel	s3client	sdk	rank	1	role	home	inflight	1	threads	16	start_s	85.117458	wall_s	0.787814	setup_s	0.000036	classify_s	0.323033	close_s	0.373163	report_s	0.091052	status	0	sequences	201473	bases	36745424	classified	197603	place	lpt	weight	201473
ak2-timing	batch-barrier-0	85.905281	0.479424	1	0	0.000000	0.003356
ak2-engine	mem	t_s	90.0	rss_kib	78582060	hwm_kib	79308352	heap_inuse	3603439616	sys	6972113144	avail_kib	14901316
16518263 sequences (3051.28 Mbp) processed in 7.989s (124051.9 Kseq/m, 22915.10 Mbp/m).
  16141470 sequences classified (97.72%)
  376793 sequences unclassified (2.28%)
ak2-sample	batch	1	name	1-SRR5935741	mode	parallel	s3client	sdk	rank	1	role	home	inflight	1	threads	16	start_s	86.384722	wall_s	8.577041	setup_s	0.000033	classify_s	7.989367	close_s	0.372338	report_s	0.208691	status	0	sequences	16518263	bases	3051284850	classified	16141470	place	mod	weight	16518263
16286650 sequences (3018.35 Mbp) processed in 7.470s (130816.0 Kseq/m, 24243.73 Mbp/m).
  15278935 sequences classified (93.81%)
  1007715 sequences unclassified (6.19%)
ak2-sample	batch	1	name	1-SRR5935757	mode	parallel	s3client	sdk	rank	1	role	home	inflight	1	threads	16	start_s	94.961776	wall_s	7.851212	setup_s	0.000038	classify_s	7.470025	close_s	0.250013	report_s	0.120016	status	0	sequences	16286650	bases	3018354004	classified	15278935	place	mod	weight	16286650
ak2-engine	mem	t_s	105.0	rss_kib	79054024	hwm_kib	79308352	heap_inuse	4733853696	sys	6974103800	avail_kib	14405404
20671571 sequences (3786.10 Mbp) processed in 9.816s (126349.4 Kseq/m, 23141.53 Mbp/m).
  19204656 sequences classified (92.90%)
  1466915 sequences unclassified (7.10%)
ak2-sample	batch	1	name	1-SRR5935773	mode	parallel	s3client	sdk	rank	1	role	home	inflight	1	threads	16	start_s	102.813003	wall_s	10.187061	setup_s	0.000046	classify_s	9.816383	close_s	0.221697	report_s	0.142647	status	0	sequences	20671571	bases	3786101975	classified	19204656	place	mod	weight	20671571
1513694 sequences (270.73 Mbp) processed in 0.834s (108898.6 Kseq/m, 19477.11 Mbp/m).
  1488159 sequences classified (98.31%)
  25535 sequences unclassified (1.69%)
ak2-sample	batch	1	name	1-SRR5935789	mode	parallel	s3client	sdk	rank	1	role	home	inflight	1	threads	16	start_s	113.000078	wall_s	1.293949	setup_s	0.000039	classify_s	0.834003	close_s	0.266585	report_s	0.191683	status	0	sequences	1513694	bases	270732465	classified	1488159	place	mod	weight	1513694
2823474 sequences (526.09 Mbp) processed in 1.496s (113237.1 Kseq/m, 21099.24 Mbp/m).
  2761157 sequences classified (97.79%)
  62317 sequences unclassified (2.21%)
ak2-sample	batch	1	name	1-SRR5935805	mode	parallel	s3client	sdk	rank	1	role	home	inflight	1	threads	16	start_s	114.294040	wall_s	2.079454	setup_s	0.000046	classify_s	1.496051	close_s	0.276298	report_s	0.304685	status	0	sequences	2823474	bases	526092284	classified	2761157	place	mod	weight	2823474
297656 sequences (54.18 Mbp) processed in 0.353s (50564.1 Kseq/m, 9203.18 Mbp/m).
  290837 sequences classified (97.71%)
  6819 sequences unclassified (2.29%)
ak2-sample	batch	1	name	1-SRR5935821	mode	parallel	s3client	sdk	rank	1	role	home	inflight	1	threads	16	start_s	116.373508	wall_s	0.830644	setup_s	0.000040	classify_s	0.353202	close_s	0.383435	report_s	0.093196	status	0	sequences	297656	bases	54176352	classified	290837	place	mod	weight	297656
ak2-engine	mem	t_s	120.0	rss_kib	78551640	hwm_kib	79308352	heap_inuse	4029038592	sys	7104307480	avail_kib	14889076
9337913 sequences (1691.90 Mbp) processed in 4.210s (133091.9 Kseq/m, 24114.42 Mbp/m).
  8897092 sequences classified (95.28%)
  440821 sequences unclassified (4.72%)
ak2-sample	batch	1	name	1-SRR5935837	mode	parallel	s3client	sdk	rank	1	role	home	inflight	1	threads	16	start_s	117.204165	wall_s	4.572332	setup_s	0.000035	classify_s	4.209684	close_s	0.221672	report_s	0.133957	status	0	sequences	9337913	bases	1691901005	classified	8897092	place	mod	weight	9337913
ak2-timing	batch-barrier-1	121.776509	11.758260	2	0	3.137533	0.304526
ak2-engine	mem	t_s	135.0	rss_kib	78248532	hwm_kib	79308352	heap_inuse	5056643072	sys	7104307480	avail_kib	16155808
20671571 sequences (3786.10 Mbp) processed in 9.834s (126123.3 Kseq/m, 23100.11 Mbp/m).
  19204656 sequences classified (92.90%)
  1466915 sequences unclassified (7.10%)
ak2-sample	batch	2	name	2-SRR5935773	mode	parallel	s3client	sdk	rank	1	role	home	inflight	1	threads	16	start_s	133.534801	wall_s	10.256971	setup_s	0.000035	classify_s	9.833983	close_s	0.290225	report_s	0.126465	status	0	sequences	20671571	bases	3786101975	classified	19204656	place	lpt	weight	20671571
ak2-engine	mem	t_s	150.0	rss_kib	78880172	hwm_kib	79308352	heap_inuse	3574030336	sys	7104315672	avail_kib	15004804
14191749 sequences (2646.88 Mbp) processed in 6.504s (130915.4 Kseq/m, 24416.80 Mbp/m).
  13987275 sequences classified (98.56%)
  204474 sequences unclassified (1.44%)
ak2-sample	batch	2	name	2-SRR5935761	mode	parallel	s3client	sdk	rank	1	role	home	inflight	1	threads	16	start_s	143.791786	wall_s	6.895117	setup_s	0.000043	classify_s	6.504238	close_s	0.257297	report_s	0.128457	status	0	sequences	14191749	bases	2646878118	classified	13987275	place	lpt	weight	14191749
11924297 sequences (2214.84 Mbp) processed in 5.425s (131882.4 Kseq/m, 24496.10 Mbp/m).
  11742476 sequences classified (98.48%)
  181821 sequences unclassified (1.52%)
ak2-sample	batch	2	name	2-SRR5935795	mode	parallel	s3client	sdk	rank	1	role	home	inflight	1	threads	16	start_s	150.686916	wall_s	5.872801	setup_s	0.000037	classify_s	5.424970	close_s	0.278982	report_s	0.164109	status	0	sequences	11924297	bases	2214843465	classified	11742476	place	lpt	weight	11924297
10479816 sequences (1916.83 Mbp) processed in 4.733s (132865.6 Kseq/m, 24302.03 Mbp/m).
  9679024 sequences classified (92.36%)
  800792 sequences unclassified (7.64%)
ak2-sample	batch	2	name	2-SRR5935754	mode	parallel	s3client	sdk	rank	1	role	home	inflight	1	threads	16	start_s	156.559730	wall_s	5.122920	setup_s	0.000044	classify_s	4.732519	close_s	0.255016	report_s	0.124675	status	0	sequences	10479816	bases	1916830360	classified	9679024	place	lpt	weight	10479816
ak2-engine	mem	t_s	165.0	rss_kib	79267180	hwm_kib	79426308	heap_inuse	5505630208	sys	7360708952	avail_kib	14365756
8173049 sequences (1459.57 Mbp) processed in 3.891s (126040.4 Kseq/m, 22508.64 Mbp/m).
  7956066 sequences classified (97.35%)
  216983 sequences unclassified (2.65%)
ak2-sample	batch	2	name	2-SRR5935777	mode	parallel	s3client	sdk	rank	1	role	home	inflight	1	threads	16	start_s	161.682664	wall_s	4.229386	setup_s	0.000041	classify_s	3.890682	close_s	0.206805	report_s	0.127093	status	0	sequences	8173049	bases	1459565869	classified	7956066	place	lpt	weight	8173049
2565282 sequences (465.56 Mbp) processed in 1.297s (118628.8 Kseq/m, 21529.49 Mbp/m).
  2508539 sequences classified (97.79%)
  56743 sequences unclassified (2.21%)
ak2-sample	batch	2	name	2-SRR5935783	mode	parallel	s3client	sdk	rank	1	role	home	inflight	1	threads	16	start_s	165.912064	wall_s	1.742751	setup_s	0.000038	classify_s	1.297466	close_s	0.280920	report_s	0.161784	status	0	sequences	2565282	bases	465562992	classified	2508539	place	lpt	weight	2565282
201473 sequences (36.75 Mbp) processed in 0.326s (37040.2 Kseq/m, 6755.53 Mbp/m).
  197603 sequences classified (98.08%)
  3870 sequences unclassified (1.92%)
ak2-sample	batch	2	name	2-SRR5935743	mode	parallel	s3client	sdk	rank	1	role	home	inflight	1	threads	16	start_s	167.654827	wall_s	0.678043	setup_s	0.000040	classify_s	0.326359	close_s	0.251515	report_s	0.099570	status	0	sequences	201473	bases	36745424	classified	197603	place	lpt	weight	201473
ak2-timing	batch-barrier-2	168.332882	2.333578	5	0	0.500033	0.054218
ak2-timing	barrier	175.917411	0.927637	0	0	0.023008	0.000902
ak2-sample	batch	3	name	3-SRR5935740	mode	striped	s3client	sdk	rank	1	role	peer	inflight	1	threads	16	start_s	171.187218	wall_s	5.657864	setup_s	0.000031	classify_s	4.727062	close_s	0.000000	report_s	0.000000	status	0	sequences	0	bases	0	classified	0	place	-	weight	-
ak2-timing	batch-barrier-3	176.845090	0.599753	0	0	0.003951	0.000275
ak2-engine	mem	t_s	180.0	rss_kib	74945092	hwm_kib	79426308	heap_inuse	1643380736	sys	7360708952	avail_kib	19077892
ak2-timing	barrier	182.925697	0.106843	0	0	0.002189	0.000152
ak2-sample	batch	4	name	4-SRR5935740	mode	striped	s3client	sdk	rank	1	role	peer	inflight	1	threads	16	start_s	178.207923	wall_s	4.824664	setup_s	0.000032	classify_s	4.714279	close_s	0.000000	report_s	0.000000	status	0	sequences	0	bases	0	classified	0	place	-	weight	-
ak2-timing	batch-barrier-4	183.032593	0.503502	228	0	0.004088	0.000000
ak2-timing	barrier	189.058064	0.006232	0	0	0.000022	0.000001
ak2-sample	batch	5	name	5-SRR5935740	mode	striped	s3client	sdk	rank	1	role	peer	inflight	1	threads	16	start_s	184.307481	wall_s	4.756849	setup_s	0.000032	classify_s	4.747424	close_s	0.000000	report_s	0.000000	status	0	sequences	0	bases	0	classified	0	place	-	weight	-
ak2-timing	batch-barrier-5	189.064338	0.515872	3	0	0.000000	0.004122
ak2-engine	mem	t_s	195.0	rss_kib	76697088	hwm_kib	79426308	heap_inuse	2535235584	sys	7360708952	avail_kib	18170668
ak2-timing	batch-barrier-6	189.580220	6.099812	0	0	0.536608	0.080604
ak2-timing	batch-barrier-7	195.680047	5.085887	0	0	0.545819	0.059064
ak2-timing	batch-barrier-8	200.765950	6.112007	2	0	0.601274	0.022823
ak2-engine	shard	0	n	16	lo	18579557371	hi	37159114742	tail	302	full	false	empty_at	18579557385	keys	8473234428	batches	89910	probe_s	161.140901	tail_probes	0	wrap_probes	0
ak2-engine	mem	t_s	206.9	rss_kib	76697092	hwm_kib	79426308	heap_inuse	2537562112	sys	7360708952	avail_kib	18474860
ak2-engine	rendezvous	puts	13	gets	530
ak2-engine	s3	client	sdk	put	34	get	530	create_multipart	21	upload_part	2111	complete_multipart	21	abort_multipart	0	part_bytes	17624130341
ak2-engine	s3	client	cli	put	0	get	0	create_multipart	0	upload_part	0	complete_multipart	0	abort_multipart	0	part_bytes	0
ak2-engine	load	seconds	25.162639	requests	1126	retries	0	bytes	74318296292
ak2-engine	route	transport	nodes	calls	5378	keys	8071347759	batches	86048	route_s	54.359738	wait_s	43.666269	gather_s	11.869733
ak2-engine	worker	scan_s	410.421313	lookup_s	109.897492	classify_s	344.468860
ak2-timing	total	0.000000	206.982780	11869874	0	1295.069200	90.061612
