Loading database information...ak2-timing	opts	0.003191	0.000017	0	0	0.000016	0.000000
ak2-timing	taxo	0.003218	0.116193	87830	0	0.030839	0.088326
ak2-engine	mem	t_s	15.0	rss_kib	39162940	hwm_kib	39162944	heap_inuse	406167552	sys	440662376	avail_kib	55717452
ak2-timing	shard-load-6	0.185081	28.575778	42870	0	43.725342	45.283738
ak2-engine	mem	t_s	30.0	rss_kib	72978828	hwm_kib	72978832	heap_inuse	410091520	sys	445380968	avail_kib	21962700
ak2-engine	mem	t_s	45.0	rss_kib	72980472	hwm_kib	72980476	heap_inuse	412418048	sys	445380968	avail_kib	22260268
ak2-timing	rendezvous	29.270250	26.423065	4202	0	0.144137	0.042066
ak2-timing	connect	55.693336	0.024072	584	0	0.024940	0.000000
ak2-timing	hash	0.119497	55.597938	49478	0	43.896274	45.338837
 done.
ak2-engine	mem	t_s	60.0	rss_kib	78203560	hwm_kib	78203560	heap_inuse	3521183744	sys	5871243128	avail_kib	17042872
18129553 sequences (3409.03 Mbp) processed in 10.143s (107241.2 Kseq/m, 20165.32 Mbp/m).
  17831449 sequences classified (98.36%)
  298104 sequences unclassified (1.64%)
ak2-sample	batch	0	name	0-SRR5935762	mode	parallel	s3client	sdk	rank	6	role	home	inflight	1	threads	16	start_s	55.717470	wall_s	10.656444	setup_s	0.000048	classify_s	10.143240	close_s	0.280412	report_s	0.224571	status	0	sequences	18129553	bases	3409028279	classified	17831449	place	lpt	weight	18129553
ak2-engine	mem	t_s	75.0	rss_kib	79023360	hwm_kib	79218108	heap_inuse	5009530880	sys	6980493560	avail_kib	15673520
14615323 sequences (2691.06 Mbp) processed in 8.347s (105062.2 Kseq/m, 19344.68 Mbp/m).
  14358414 sequences classified (98.24%)
  256909 sequences unclassified (1.76%)
ak2-sample	batch	0	name	0-SRR5935838	mode	parallel	s3client	sdk	rank	6	role	home	inflight	1	threads	16	start_s	66.373940	wall_s	8.832160	setup_s	0.000044	classify_s	8.346672	close_s	0.359270	report_s	0.118966	status	0	sequences	14615323	bases	2691062094	classified	14358414	place	lpt	weight	14615323
12610038 sequences (2321.59 Mbp) processed in 7.044s (107409.7 Kseq/m, 19774.85 Mbp/m).
  12099380 sequences classified (95.95%)
  510658 sequences unclassified (4.05%)
ak2-sample	batch	0	name	0-SRR5935834	mode	parallel	s3client	sdk	rank	6	role	home	inflight	1	threads	16	start_s	75.206131	wall_s	7.535650	setup_s	0.000053	classify_s	7.044078	close_s	0.290157	report_s	0.192253	status	0	sequences	12610038	bases	2321592529	classified	12099380	place	lpt	weight	12610038
10716528 sequences (1994.96 Mbp) processed in 6.009s (107013.6 Kseq/m, 19921.37 Mbp/m).
  10376259 sequences classified (96.82%)
  340269 sequences unclassified (3.18%)
ak2-sample	batch	0	name	0-SRR5935780	mode	parallel	s3client	sdk	rank	6	role	home	inflight	1	threads	16	start_s	82.741804	wall_s	6.387528	setup_s	0.000049	classify_s	6.008504	close_s	0.212658	report_s	0.159841	status	0	sequences	10716528	bases	1994960359	classified	10376259	place	lpt	weight	10716528
ak2-engine	mem	t_s	90.0	rss_kib	77846116	hwm_kib	79218108	heap_inuse	4887707648	sys	6980493560	avail_kib	15902936
9202475 sequences (1711.99 Mbp) processed in 5.172s (106756.1 Kseq/m, 19860.47 Mbp/m).
  8810259 sequences classified (95.74%)
  392216 sequences unclassified (4.26%)
ak2-sample	batch	0	name	0-SRR5935790	mode	parallel	s3client	sdk	rank	6	role	home	inflight	1	threads	16	start_s	89.129355	wall_s	5.666362	setup_s	0.000060	classify_s	5.172057	close_s	0.217284	report_s	0.268796	status	0	sequences	9202475	bases	1711991411	classified	8810259	place	lpt	weight	9202475
3168882 sequences (592.65 Mbp) processed in 2.035s (93416.7 Kseq/m, 17470.90 Mbp/m).
  3127330 sequences classified (98.69%)
  41552 sequences unclassified (1.31%)
ak2-sample	batch	0	name	0-SRR5935776	mode	parallel	s3client	sdk	rank	6	role	home	inflight	1	threads	16	start_s	94.795742	wall_s	2.454420	setup_s	0.000054	classify_s	2.035321	close_s	0.309593	report_s	0.105771	status	0	sequences	3168882	bases	592648009	classified	3127330	place	lpt	weight	3168882
ak2-timing	batch-barrier-0	97.250186	1.606498	1	0	0.403771	0.072893
ak2-engine	mem	t_s	105.0	rss_kib	78670176	hwm_kib	79218108	heap_inuse	4547084288	sys	6980763896	avail_kib	15580900
11012615 sequences (2057.95 Mbp) processed in 6.079s (108697.0 Kseq/m, 20312.47 Mbp/m).
  10686469 sequences classified (97.04%)
  326146 sequences unclassified (2.96%)
ak2-sample	batch	1	name	1-SRR5935746	mode	parallel	s3client	sdk	rank	6	role	home	inflight	1	threads	16	start_s	98.856714	wall_s	6.519757	setup_s	0.000047	classify_s	6.078890	close_s	0.275654	report_s	0.158005	status	0	sequences	11012615	bases	2057953866	classified	10686469	place	mod	weight	11012615
18129553 sequences (3409.03 Mbp) processed in 10.148s (107188.8 Kseq/m, 20155.47 Mbp/m).
  17831449 sequences classified (98.36%)
  298104 sequences unclassified (1.64%)
ak2-sample	batch	1	name	1-SRR5935762	mode	parallel	s3client	sdk	rank	6	role	home	inflight	1	threads	16	start_s	105.376498	wall_s	10.589950	setup_s	0.000072	classify_s	10.148196	close_s	0.247525	report_s	0.186190	status	0	sequences	18129553	bases	3409028279	classified	17831449	place	mod	weight	18129553
ak2-engine	mem	t_s	120.0	rss_kib	79140372	hwm_kib	79218108	heap_inuse	5138251776	sys	6981026040	avail_kib	15143252
10554303 sequences (1946.56 Mbp) processed in 6.447s (98227.2 Kseq/m, 18116.36 Mbp/m).
  10062971 sequences classified (95.34%)
  491332 sequences unclassified (4.66%)
ak2-sample	batch	1	name	1-SRR5935778	mode	parallel	s3client	sdk	rank	6	role	home	inflight	1	threads	16	start_s	115.966483	wall_s	6.877315	setup_s	0.000049	classify_s	6.446873	close_s	0.242415	report_s	0.176822	status	0	sequences	10554303	bases	1946564732	classified	10062971	place	mod	weight	10554303
13404063 sequences (2484.45 Mbp) processed in 7.562s (106354.5 Kseq/m, 19712.84 Mbp/m).
  13071600 sequences classified (97.52%)
  332463 sequences unclassified (2.48%)
ak2-sample	batch	1	name	1-SRR5935794	mode	parallel	s3client	sdk	rank	6	role	home	inflight	1	threads	16	start_s	122.843820	wall_s	7.947246	setup_s	0.000054	classify_s	7.561918	close_s	0.241024	report_s	0.138058	status	0	sequences	13404063	bases	2484447317	classified	13071600	place	mod	weight	13404063
ak2-engine	mem	t_s	135.0	rss_kib	78662836	hwm_kib	79570432	heap_inuse	4692762624	sys	7242531128	avail_kib	15605212
15280552 sequences (2858.11 Mbp) processed in 8.447s (108542.1 Kseq/m, 20301.96 Mbp/m).
  13785544 sequences classified (90.22%)
  1495008 sequences unclassified (9.78%)
ak2-sample	batch	1	name	1-SRR5935810	mode	parallel	s3client	sdk	rank	6	role	home	inflight	1	threads	16	start_s	130.791089	wall_s	8.896757	setup_s	0.000052	classify_s	8.446798	close_s	0.280297	report_s	0.153246	status	0	sequences	15280552	bases	2858109884	classified	13785544	place	mod	weight	15280552
8766123 sequences (1609.93 Mbp) processed in 4.897s (107408.9 Kseq/m, 19726.00 Mbp/m).
  8639469 sequences classified (98.56%)
  126654 sequences unclassified (1.44%)
ak2-sample	batch	1	name	1-SRR5935826	mode	parallel	s3client	sdk	rank	6	role	home	inflight	1	threads	16	start_s	139.687872	wall_s	5.379664	setup_s	0.000050	classify_s	4.896870	close_s	0.313090	report_s	0.164711	status	0	sequences	8766123	bases	1609927653	classified	8639469	place	mod	weight	8766123
ak2-engine	mem	t_s	150.0	rss_kib	78764104	hwm_kib	79570432	heap_inuse	3914457088	sys	7242531128	avail_kib	15565200
ak2-timing	batch-barrier-1	145.067556	7.332293	1	0	1.232932	0.172821
18129553 sequences (3409.03 Mbp) processed in 10.173s (106924.0 Kseq/m, 20105.67 Mbp/m).
  17831449 sequences classified (98.36%)
  298104 sequences unclassified (1.64%)
ak2-sample	batch	2	name	2-SRR5935762	mode	parallel	s3client	sdk	rank	6	role	home	inflight	1	threads	16	start_s	152.399898	wall_s	10.629975	setup_s	0.000048	classify_s	10.173334	close_s	0.280379	report_s	0.168181	status	0	sequences	18129553	bases	3409028279	classified	17831449	place	lpt	weight	18129553
ak2-engine	mem	t_s	165.0	rss_kib	78949360	hwm_kib	79570432	heap_inuse	3463774208	sys	7242531128	avail_kib	15180112
14615323 sequences (2691.06 Mbp) processed in 8.219s (106700.4 Kseq/m, 19646.33 Mbp/m).
  14358414 sequences classified (98.24%)
  256909 sequences unclassified (1.76%)
ak2-sample	batch	2	name	2-SRR5935838	mode	parallel	s3client	sdk	rank	6	role	home	inflight	1	threads	16	start_s	163.029900	wall_s	8.636081	setup_s	0.000053	classify_s	8.218521	close_s	0.260072	report_s	0.150303	status	0	sequences	14615323	bases	2691062094	classified	14358414	place	lpt	weight	14615323
12610038 sequences (2321.59 Mbp) processed in 7.051s (107305.9 Kseq/m, 19755.74 Mbp/m).
  12099380 sequences classified (95.95%)
  510658 sequences unclassified (4.05%)
ak2-sample	batch	2	name	2-SRR5935834	mode	parallel	s3client	sdk	rank	6	role	home	inflight	1	threads	16	start_s	171.666009	wall_s	7.518672	setup_s	0.000060	classify_s	7.050892	close_s	0.253900	report_s	0.204889	status	0	sequences	12610038	bases	2321592529	classified	12099380	place	lpt	weight	12610038
ak2-engine	mem	t_s	180.0	rss_kib	77676288	hwm_kib	79617408	heap_inuse	4483334144	sys	7297151304	avail_kib	15901452
10716528 sequences (1994.96 Mbp) processed in 5.969s (107729.5 Kseq/m, 20054.65 Mbp/m).
  10376259 sequences classified (96.82%)
  340269 sequences unclassified (3.18%)
ak2-sample	batch	2	name	2-SRR5935780	mode	parallel	s3client	sdk	rank	6	role	home	inflight	1	threads	16	start_s	179.184704	wall_s	6.333297	setup_s	0.000063	classify_s	5.968573	close_s	0.213408	report_s	0.144595	status	0	sequences	10716528	bases	1994960359	classified	10376259	place	lpt	weight	10716528
9202475 sequences (1711.99 Mbp) processed in 5.157s (107057.7 Kseq/m, 19916.59 Mbp/m).
  8810259 sequences classified (95.74%)
  392216 sequences unclassified (4.26%)
ak2-sample	batch	2	name	2-SRR5935790	mode	parallel	s3client	sdk	rank	6	role	home	inflight	1	threads	16	start_s	185.518024	wall_s	5.580370	setup_s	0.000048	classify_s	5.157484	close_s	0.266991	report_s	0.147610	status	0	sequences	9202475	bases	1711991411	classified	8810259	place	lpt	weight	9202475
3168882 sequences (592.65 Mbp) processed in 2.028s (93767.1 Kseq/m, 17536.44 Mbp/m).
  3127330 sequences classified (98.69%)
  41552 sequences unclassified (1.31%)
ak2-sample	batch	2	name	2-SRR5935776	mode	parallel	s3client	sdk	rank	6	role	home	inflight	1	threads	16	start_s	191.098418	wall_s	2.425289	setup_s	0.000045	classify_s	2.027714	close_s	0.274171	report_s	0.119637	status	0	sequences	3168882	bases	592648009	classified	3127330	place	lpt	weight	3168882
ak2-engine	mem	t_s	195.0	rss_kib	78404388	hwm_kib	79617408	heap_inuse	5291786240	sys	7297151304	avail_kib	15719760
ak2-timing	batch-barrier-2	193.523726	3.611101	3	0	1.227278	0.159181
ak2-timing	barrier	203.174429	1.409431	0	0	0.016961	0.000492
ak2-sample	batch	3	name	3-SRR5935740	mode	striped	s3client	sdk	rank	6	role	peer	inflight	1	threads	16	start_s	197.604828	wall_s	6.979086	setup_s	0.000049	classify_s	5.565548	close_s	0.000000	report_s	0.000000	status	0	sequences	0	bases	0	classified	0	place	-	weight	-
ak2-timing	batch-barrier-3	204.583925	0.477788	1	0	0.005975	0.000000
ak2-engine	mem	t_s	210.0	rss_kib	75807852	hwm_kib	79617408	heap_inuse	2244370432	sys	7297413448	avail_kib	18812736
ak2-timing	barrier	211.415006	0.203846	0	0	0.014022	0.000990
ak2-sample	batch	4	name	4-SRR5935740	mode	striped	s3client	sdk	rank	6	role	peer	inflight	1	threads	16	start_s	205.854713	wall_s	5.764187	setup_s	0.000049	classify_s	5.556118	close_s	0.000000	report_s	0.000000	status	0	sequences	0	bases	0	classified	0	place	-	weight	-
ak2-timing	batch-barrier-4	211.618908	0.525301	14	0	0.005797	0.000000
ak2-timing	barrier	218.518627	0.204665	0	0	0.017572	0.000532
ak2-sample	batch	5	name	5-SRR5935740	mode	striped	s3client	sdk	rank	6	role	peer	inflight	1	threads	16	start_s	212.954241	wall_s	5.769102	setup_s	0.000049	classify_s	5.559805	close_s	0.000000	report_s	0.000000	status	0	sequences	0	bases	0	classified	0	place	-	weight	-
ak2-timing	batch-barrier-5	218.723354	0.630444	178	0	0.005804	0.000408
ak2-engine	mem	t_s	225.0	rss_kib	76319068	hwm_kib	79617408	heap_inuse	3763773440	sys	7297413448	avail_kib	18645468
ak2-timing	batch-barrier-6	219.353824	7.151658	259	0	0.702359	0.073004
ak2-timing	batch-barrier-7	226.505507	7.064728	197	0	0.680971	0.086586
ak2-engine	mem	t_s	240.0	rss_kib	76321068	hwm_kib	79617408	heap_inuse	3765960704	sys	7297413448	avail_kib	18922472
ak2-timing	batch-barrier-8	233.570260	7.111731	310	0	0.708597	0.063292
ak2-engine	shard	0	n	16	lo	111477344228	hi	130056901599	tail	302	full	false	empty_at	18579557370	keys	8468165301	batches	89910	probe_s	179.427693	tail_probes	0	wrap_probes	0
ak2-engine	mem	t_s	240.7	rss_kib	76321084	hwm_kib	79617408	heap_inuse	3765968896	sys	7297413448	avail_kib	18925196
ak2-engine	rendezvous	puts	13	gets	495
ak2-engine	s3	client	sdk	put	31	get	495	create_multipart	18	upload_part	2218	complete_multipart	18	abort_multipart	0	part_bytes	18519412405
ak2-engine	s3	client	cli	put	0	get	0	create_multipart	0	upload_part	0	complete_multipart	0	abort_multipart	0	part_bytes	0
ak2-engine	load	seconds	28.575774	requests	1126	retries	0	bytes	74318296292
ak2-engine	route	transport	nodes	calls	5695	keys	8622128948	batches	91120	route_s	69.981240	wait_s	48.746485	gather_s	15.481169
ak2-engine	worker	scan_s	527.510019	lookup_s	134.212759	classify_s	474.101793
ak2-timing	total	0.000001	240.812567	11290810	0	1658.234388	116.886020
