spawn: shell options for --command: $-=ehB
spawn: errexit is ON. set -uo pipefail does NOT clear it; use set +e to opt out.
spawn: [2026-10-08T05:45:21Z] wrapper start
spawn: [2026-10-08T05:45:21Z] stage-in start
spawn: [2026-10-08T05:45:21Z] stage-in done rc=0
spawn: [2026-10-08T05:45:21Z] command start
ak2-stub: inherited $-=hBc
ak2-stub: imds region=us-west-2 expected=us-west-2 payload bucket aws-kraken2-942542972736-us-west-2 region=us-west-2
ak2-stub: payload verified (sha256 c2cc43bff2ac6f95de1c0e8a1482e008691c006392de997458b115c8472d1e86); exec
ak2: log tee up
ak2-phase	2026-10-08T05:45:21Z	1791438321	preamble	no
ak2: [2026-10-08T05:45:21Z] inherited $-=hBc (stub, as spawn started it: $-=hBc)
ak2: [2026-10-08T05:45:21Z] after set +e $-=hBc
ak2: [2026-10-08T05:45:21Z] gate=g3 run=20261008-054457-805d7a2-7357-n12-r2
ak2: [2026-10-08T05:45:21Z] aws shim installed and self-tested (/tmp/ak2-bin/aws -> /usr/bin/aws)
ak2: [2026-10-08T05:45:21Z] imds region=us-west-2 az=us-west-2a instance=i-0dfb460d428694d0e type=c8g.large ami=ami-09325776a00699513
ak2: [2026-10-08T05:45:21Z] bucket aws-kraken2-942542972736-us-west-2 region=us-west-2
ak2: [2026-10-08T05:45:22Z] bucket aws-kraken2-942542972736-us-west-2 payer=UNKNOWN
ak2: [2026-10-08T05:45:22Z] WARN: could not read Payer of aws-kraken2-942542972736-us-west-2 from the instance (launch host verified it)
ak2: [2026-10-08T05:45:22Z] region assert passed
ak2: [2026-10-08T05:45:22Z] drop_caches_ok=true
ak2: [2026-10-08T05:45:22Z] preamble done; spec body starts
ak2-phase	2026-10-08T05:45:22Z	1791438322	body	no
ak2-phase	2026-10-08T05:45:22Z	1791438322	setup	no
ak2: [2026-10-08T05:45:40Z] checkout 805d7a2; nproc 2; disk /dev/nvme0n1p1 40G 2.5G 38G 7% /; slice 2 of 12, ranks 11..1000
ak2-phase	2026-10-08T05:45:40Z	1791438340	stage	no
stage-cohort: shell flags huB (on instance: 1)
stage-cohort: ranks 11..1000, every 12th from offset 2; 6 files at once, 4 ranges each
stage-cohort: SRR5935752_1.fastq.gz present (md5 600b969190c0d2e302947d0000191be2)
stage-cohort: SRR5935776_1.fastq.gz present (md5 1cbbf1f6cec5ed2e1d78a3706981cbf8)
stage-cohort: SRR5935764_1.fastq.gz present (md5 9905904d13be03726d3552819cdd4461)
stage-cohort: SRR5935752_2.fastq.gz present (md5 6a3b380f5e9c4bb313cd7d4e0352c3c5)
stage-cohort: SRR5935776_2.fastq.gz present (md5 0f12399ea9c6701e83f0931d594ccbb4)
stage-cohort: SRR5935764_2.fastq.gz present (md5 993210ed8e3682dc2a0d18be18d2ccda)
stage-cohort: SRR5935788_2.fastq.gz present (md5 69252bfdcf54137e9af6e5991a5b652b)
stage-cohort: SRR5935800_1.fastq.gz present (md5 19493943fcc55778d0b17e76428f8ee8)
stage-cohort: SRR5935788_1.fastq.gz present (md5 c6924eb8ae9d0c20d5227f569e3de78a)
stage-cohort: SRR5935800_2.fastq.gz present (md5 f4c5558a0bfdddced56dd8507d209106)
stage-cohort: SRR5935812_2.fastq.gz present (md5 5aa539cd7129078c9738e73a4db87d67)
stage-cohort: SRR5935812_1.fastq.gz present (md5 151a04d57a3af615be1ca8c5559ecf07)
stage-cohort: SRR5935824_1.fastq.gz present (md5 4f5d27f458d41c621a292a65500d4fab)
stage-cohort: SRR5935824_2.fastq.gz present (md5 04944127b4a57be9958e7b5eea909311)
stage-cohort: SRR5935836_1.fastq.gz present (md5 ea27c3728a32174d4a963bce3b0aff5e)
stage-cohort: SRR5935848_1.fastq.gz present (md5 df412697929e97500c296c0e6294115d)
stage-cohort: SRR5935836_2.fastq.gz present (md5 7541dedb9e12ff6ca2612e751b4e9ddc)
stage-cohort: SRR5935848_2.fastq.gz present (md5 0d5a036027563af3cb338cda31561263)
stage-cohort: SRR5935860_1.fastq.gz present (md5 a7455df8502b516d2605c36a619223bc)
stage-cohort: SRR5935860_2.fastq.gz present (md5 6a675d1cb52ee50cef52153eac306c25)
stage-cohort: SRR5935884_1.fastq.gz present (md5 22e61239f55d91d06b40bdefa2037535)
stage-cohort: SRR5935872_2.fastq.gz present (md5 4ab009c6b9c9a3f07bb8f8e97d68ab0f)
stage-cohort: SRR5935872_1.fastq.gz present (md5 41aae5ef3a3b4118f946b3067ba2c155)
stage-cohort: SRR5935884_2.fastq.gz present (md5 6f6db4c58ecde449a2fb30e5e2350274)
stage-cohort: SRR5935896_1.fastq.gz present (md5 c21291cb0d2c9cadbdda5d8ef5cfd3a6)
stage-cohort: SRR5935896_2.fastq.gz present (md5 006fb1cad6507b93c6fd4c76c600652a)
stage-cohort: SRR5935908_1.fastq.gz present (md5 ef8571a8a865a06967a57e14141c3c81)
stage-cohort: SRR5935908_2.fastq.gz present (md5 3bbec189e7acd99f24fc851a6645b16f)
stage-cohort: SRR5935920_2.fastq.gz present (md5 ecefb64f838c241b4db4bc40b315136f)
stage-cohort: SRR5935920_1.fastq.gz present (md5 16273c15331f5d078c0cc6c3eb7e37d0)
stage-cohort: SRR5935932_1.fastq.gz present (md5 f8780526989023d56f29660a2a94e916)
stage-cohort: SRR5935932_2.fastq.gz present (md5 ee85df5950374071ce1bb9c0abcb9340)
stage-cohort: SRR5935944_1.fastq.gz present (md5 d5d3122c803d892cba05332b9b376024)
stage-cohort: SRR5935956_1.fastq.gz present (md5 4b4e3acd0883122b8cde43402bc9af8a)
stage-cohort: SRR5935944_2.fastq.gz present (md5 a02ceb54d7b20f68b28344cecb49bd66)
stage-cohort: SRR5935956_2.fastq.gz present (md5 b2a1cc886688f715449d275b8dc6a9d8)
stage-cohort: SRR5935968_1.fastq.gz present (md5 7c1d7d75e6ab5875e334439f245d5f51)
stage-cohort: SRR5935968_2.fastq.gz present (md5 129a3275fd672de5595207b0a45a5b2d)
stage-cohort: SRR5935980_1.fastq.gz present (md5 0d74a8aabeb5d39e3fb4870fb107fc41)
stage-cohort: SRR5935980_2.fastq.gz present (md5 a99253a4c7d675da00da9fd0467e5117)
stage-cohort: SRR5935992_1.fastq.gz present (md5 4fcbe2d0fa423e6c54bc36dcaee08f97)
stage-cohort: SRR5935992_2.fastq.gz present (md5 b7bedbec062fbaacf265b4a50904a496)
stage-cohort: SRR5936004_1.fastq.gz present (md5 daa9daa2717fe7118007945bb3bb397f)
stage-cohort: SRR5936004_2.fastq.gz present (md5 15d996ca08cd8886fbc8359d0d1362be)
stage-cohort: SRR5936016_1.fastq.gz present (md5 173c30f76ddd16538b51d8e33849eaf1)
stage-cohort: SRR5936028_1.fastq.gz present (md5 5acb514c939d5c86cc988cd4362ea631)
stage-cohort: SRR5936016_2.fastq.gz present (md5 1797ed2a6d2cfaf8e8073b60577eae9c)
stage-cohort: SRR5936028_2.fastq.gz present (md5 fd5cc1f863bae3747ca7a89da2e6ab48)
stage-cohort: SRR5936040_1.fastq.gz present (md5 d89427a96a1335d27c202e586810ce29)
stage-cohort: SRR5936040_2.fastq.gz present (md5 235b91475c4ca119cc3198acb6f56d18)
stage-cohort: SRR5936052_1.fastq.gz present (md5 00a83532f007954faf070dd4a3176950)
stage-cohort: SRR5936064_1.fastq.gz present (md5 50ec7b2639d50b61b2d879a9b31dc85a)
stage-cohort: SRR5936052_2.fastq.gz present (md5 304ffedc78946f93dd9f50b4b29db15d)
stage-cohort: SRR5936076_1.fastq.gz present (md5 9456b00ef9a6729360251ee2e4629f76)
stage-cohort: SRR5936064_2.fastq.gz present (md5 fdae0bc0ca4e5b9c5c15b1def9948bd2)
stage-cohort: SRR5936076_2.fastq.gz present (md5 b03653d595ccad953c4ec84ada983535)
stage-cohort: SRR5936088_1.fastq.gz present (md5 4cca5a7800213f05dcb5bedb926edb80)
stage-cohort: SRR5936088_2.fastq.gz present (md5 d8bcc07c16f615bdb12fff207af8be1b)
stage-cohort: SRR5936100_1.fastq.gz present (md5 0d89e7b8fc9d39571a0bbe816cfe9847)
stage-cohort: SRR5936112_1.fastq.gz present (md5 216dfb0aa3503a6004c49612efbcc89d)
stage-cohort: SRR5936100_2.fastq.gz present (md5 993ad29f55224cabff3f3482ba05b40e)
stage-cohort: SRR5936112_2.fastq.gz present (md5 4b645a14dd4ce69be4bd9f1952113c0d)
stage-cohort: SRR5936136_1.fastq.gz present (md5 ebe2cb288b9cd4480f6a8d2810483f0d)
stage-cohort: SRR5936124_1.fastq.gz present (md5 6beb69ddd6d2076d10c95aade0ccd4d9)
stage-cohort: SRR5936148_2.fastq.gz present (md5 bd3e1403bddacf5792fa20f64add19e2)
stage-cohort: SRR5936124_2.fastq.gz present (md5 d5198526d652d306a0a86ad7be40d965)
stage-cohort: SRR5936136_2.fastq.gz present (md5 906131636a289441303179b57849a92d)
stage-cohort: SRR5936148_1.fastq.gz present (md5 32c1f08a08d05d5bf74e51b3c534f3ed)
stage-cohort: SRR5936172_1.fastq.gz present (md5 d96baebb8276bbdd9ba5c4a73f0c55f1)
stage-cohort: SRR5936160_1.fastq.gz present (md5 eeabde3520c1a96576c6341faf8c939c)
stage-cohort: SRR5936160_2.fastq.gz present (md5 896c39292adaa1a4ad93acaa895710d7)
stage-cohort: SRR5936184_2.fastq.gz present (md5 851237342e112bb1688fbf2c0b4588bf)
stage-cohort: SRR5936172_2.fastq.gz present (md5 1130a4e2a97248672ad6a5f089390ae0)
stage-cohort: SRR5936184_1.fastq.gz present (md5 a208c8ce6ea5208849246fbae32b7bfa)
stage-cohort: SRR5936196_1.fastq.gz present (md5 83cd6140b3beaeec22e4db2c1b8bed0f)
stage-cohort: SRR5936196_2.fastq.gz present (md5 560a44fb50fd8e065b1ad41e3bae0def)
stage-cohort: SRR5936208_1.fastq.gz present (md5 2f39069b6d2c524bb538bf7c6c9cedf6)
stage-cohort: SRR5936208_2.fastq.gz present (md5 cbdd0915bce9ba83c706110928657fe7)
stage-cohort: SRR5936220_1.fastq.gz present (md5 5595892105a41fdcc95b8b37b70e0190)
stage-cohort: SRR5936220_2.fastq.gz present (md5 f31b2f9a4cd0b7a4bd25e97eaa4facb8)
stage-cohort: SRR5936232_1.fastq.gz present (md5 e2cfbd94990660e3bb3bafc9de88318e)
stage-cohort: SRR5936232_2.fastq.gz present (md5 4a9c7764fe1e78097d34ed73a44224c4)
stage-cohort: SRR5946609_1.fastq.gz present (md5 3d8d764c775e93ae9c6cd50ad2b19219)
stage-cohort: SRR5946621_1.fastq.gz present (md5 6acc7bd61c8c9106d1eaedee59280b23)
stage-cohort: SRR5946609_2.fastq.gz present (md5 aa9db07abf8de91b2a6f56dacf25fb26)
stage-cohort: SRR5946621_2.fastq.gz present (md5 01166c9ba9d57670cb88347ea225c283)
stage-cohort: SRR5946633_1.fastq.gz present (md5 60e9b345ec1d3c7548df517ac0344d1d)
stage-cohort: SRR5946633_2.fastq.gz present (md5 7b73d28091ea60769f4adc0426eec35b)
stage-cohort: SRR5946645_1.fastq.gz present (md5 04c07e58674aaa4de593bd7106d6d86d)
stage-cohort: SRR5946657_1.fastq.gz present (md5 f7288b3a07e51b01cc66d2b9518155d8)
stage-cohort: SRR5946645_2.fastq.gz present (md5 783f6691a24fa41cca481923249867b2)
stage-cohort: SRR5946669_1.fastq.gz present (md5 c05812db2e9fc5a9d35daa3fe8f55069)
stage-cohort: SRR5946657_2.fastq.gz present (md5 7db9927dee142ad339a9765a397b3894)
stage-cohort: SRR5946669_2.fastq.gz present (md5 02d244db5aa4957eb123b50061323b79)
stage-cohort: SRR5946681_1.fastq.gz present (md5 6b9a28f4feacbaaff7df955b5a5ef28b)
stage-cohort: SRR5946681_2.fastq.gz present (md5 ade211a436f12ebca96de6ec266b91df)
stage-cohort: SRR5946693_1.fastq.gz present (md5 01ebe2f2852902267398c12ead676fff)
stage-cohort: SRR5946693_2.fastq.gz present (md5 a8183cd1dd30dda5eb42ca890d80fcb1)
stage-cohort: SRR5946705_1.fastq.gz present (md5 095f3d98e32c69627b81c1cf757a9bf5)
stage-cohort: SRR5946705_2.fastq.gz present (md5 7de604e4cefcd598e3a98a1a3d133cd7)
stage-cohort: SRR5946717_1.fastq.gz present (md5 2ad54f2a8bc15a0c2e385b625e05bd08)
stage-cohort: SRR5946729_1.fastq.gz present (md5 ae379ca4feacb0f2e5be79927707c93f)
stage-cohort: SRR5946717_2.fastq.gz present (md5 daead0062164bdb699ec38bdb3e96a90)
stage-cohort: SRR5946729_2.fastq.gz present (md5 2217ba3f2a636eb8e6f7bacc9423b52f)
stage-cohort: SRR5946741_1.fastq.gz present (md5 5fadd5b44c8c98494c36a49068b96593)
stage-cohort: SRR5946741_2.fastq.gz present (md5 eb8e19043876dd44328de4b060b79e48)
stage-cohort: SRR5946753_1.fastq.gz present (md5 d2b6f24612c39a4c4735c3303d15007c)
stage-cohort: SRR5946753_2.fastq.gz present (md5 cc41d54c5175015fb06e3125b60fb334)
stage-cohort: SRR5946765_1.fastq.gz present (md5 0a557b39ac949494bda959c0ac38b1ec)
stage-cohort: SRR5946777_1.fastq.gz present (md5 273f9b6747056144eae7a03046221e96)
stage-cohort: SRR5946765_2.fastq.gz present (md5 dbae2e66f37e85b10c06a0de08114f7e)
stage-cohort: SRR5946777_2.fastq.gz present (md5 351d980299bdd16ae1ad7f3bd57761b7)
stage-cohort: SRR5946789_1.fastq.gz present (md5 628a2863dd28c84bf188d650eb5da171)
stage-cohort: SRR5946789_2.fastq.gz present (md5 0db85ff5f6fef9fe5ff01c3f730e7de1)
stage-cohort: SRR5946801_1.fastq.gz present (md5 25526bba7a3f272d4ec4dd5321327853)
stage-cohort: SRR5946801_2.fastq.gz present (md5 d6515c7a55728900ca7b299194703fb2)
stage-cohort: SRR5946813_2.fastq.gz present (md5 bd1c010a2d226af24c4b2741899097bf)
stage-cohort: SRR5946813_1.fastq.gz present (md5 7b39b13239ecea5557d3b9883670f50d)
stage-cohort: SRR5946825_1.fastq.gz present (md5 c9f81ed6574a5395c828e44ac6f2f709)
stage-cohort: SRR5946825_2.fastq.gz present (md5 fffb89aa1f423120cb018340a287effe)
stage-cohort: SRR5946837_1.fastq.gz present (md5 e9c540fd95ae3f569c7f7457b57c9899)
stage-cohort: SRR5946837_2.fastq.gz present (md5 2617b4ba0cb3deae3da62bc17a5f95fe)
stage-cohort: SRR5946849_2.fastq.gz present (md5 e0ea5af97220fff196aac10b64808287)
stage-cohort: SRR5946849_1.fastq.gz present (md5 ccec193fe080bef5f5263da4591ccb3d)
stage-cohort: SRR5946861_1.fastq.gz present (md5 345aa9ec629915e0e0a0aae1487ac0b5)
stage-cohort: SRR5946861_2.fastq.gz present (md5 3695c06094370cb8a340ae4a74691eb2)
stage-cohort: SRR5946873_1.fastq.gz present (md5 514360aad34a61b0f8fc60df26edb814)
stage-cohort: SRR5946873_2.fastq.gz present (md5 1e01eaae36184607d657dabb059fc29f)
stage-cohort: SRR5946885_2.fastq.gz present (md5 b790deae785910faee4205546b91744e)
stage-cohort: SRR5946885_1.fastq.gz present (md5 580aef67f3118e1a5ec26aa1f0cbb443)
stage-cohort: SRR5946897_2.fastq.gz present (md5 bf9c9729ef67c600ae22480d83bd5bae)
stage-cohort: SRR5946897_1.fastq.gz present (md5 4cd71288913629303880ee1e8c6295d3)
stage-cohort: SRR5946909_1.fastq.gz present (md5 b1c86cfb2b55b00e01e6b238567c6028)
stage-cohort: SRR5946909_2.fastq.gz present (md5 f80335f11897cd58bfe99f6ab78e3280)
stage-cohort: SRR5946921_1.fastq.gz present (md5 7786429441a9ab07de934fdcbb174f13)
stage-cohort: SRR5946933_2.fastq.gz present (md5 10822693aff00e05ec3b5f1fb2c3c9ed)
stage-cohort: SRR5946933_1.fastq.gz present (md5 421d2d67a6a6cc83291d8bcfd94fb1ce)
stage-cohort: SRR5946945_1.fastq.gz present (md5 efd96de4a2a33e9290c4094ae6899b00)
stage-cohort: SRR5946945_2.fastq.gz present (md5 528756332d141fb6b249520320e2f51b)
stage-cohort: SRR5946957_1.fastq.gz present (md5 bcce5c8911b8f47c3edca5ef5625761b)
stage-cohort: SRR5946957_2.fastq.gz present (md5 d9a312405e14100539cb4b64a45060d9)
stage-cohort: SRR5946981_2.fastq.gz present (md5 c05c4d432c7a524e7c9aa16575231e12)
stage-cohort: SRR5946981_1.fastq.gz present (md5 bed9ed3f38d2f7b7ab926b43395f6a6a)
stage-cohort: SRR5946993_1.fastq.gz present (md5 21756b1e9848fe28fd2a53b4c222d56b)
stage-cohort: SRR5946993_2.fastq.gz present (md5 5c3ce033218f174185972ab31e3ec85c)
stage-cohort: SRR5947005_1.fastq.gz present (md5 666f166da8db5fcbc27136a01e48e9b3)
stage-cohort: SRR5947005_2.fastq.gz present (md5 15434026bd2b91f7135783e96161f122)
stage-cohort: SRR5947017_1.fastq.gz present (md5 e96e98ec46373fa1860d4381d55317fe)
stage-cohort: SRR5947017_2.fastq.gz present (md5 abc7417343632be292f7b9a526157e87)
stage-cohort: SRR5947029_1.fastq.gz present (md5 684d39eb3ea9b6b95d2e41aad35f94ef)
stage-cohort: SRR5947029_2.fastq.gz present (md5 f80f774cffd605004acebac80ff15be3)
stage-cohort: SRR5947041_1.fastq.gz present (md5 0ea3315ef45f67758579810ccf856632)
stage-cohort: SRR5947041_2.fastq.gz present (md5 5a0f89fb1371f57784cbd7ac4655b950)
stage-cohort: SRR5947053_1.fastq.gz present (md5 cd064f7a1acd8979c808730c3f0beedb)
stage-cohort: SRR5947053_2.fastq.gz present (md5 21055ec5a87b9a27ff03bc5bb4db88a2)
stage-cohort: SRR5947077_1.fastq.gz present (md5 74a783c4a0c40b735267f5ffbbc0f6bd)
stage-cohort: SRR5947077_2.fastq.gz present (md5 afe6f5e0517a174ca6aba0abf3a8db34)
stage-cohort: SRR5946921_2.fastq.gz staged (750758553 bytes, md5 1d3f2b0dca7156a8c698e49006fab115, sha256 8fb3a10f9b5ba5b9da9fd789c0098beca0e7a450a01d7c7f0f5b0392118d2e9e) at 2026-10-08T05:49:15Z
stage-cohort: SRR5947089_1.fastq.gz staged (859248598 bytes, md5 ec1d2128fc5718a601f2d899f3603d02, sha256 0dd360e72e32280a4ef96b5bd9f785e3b1af39967c0e84387c9ee050ed92234f) at 2026-10-08T05:49:43Z
stage-cohort: SRR5947101_1.fastq.gz present (md5 cb498c38222f03b01406ada1ca219cb2)
stage-cohort: SRR5947101_2.fastq.gz present (md5 3238eb8d8bf8ccf02adcc2458b41b5ec)
stage-cohort: SRR5946969_1.fastq.gz staged (852122280 bytes, md5 73cbe466740d195876dda3ce1ddc51f8, sha256 159158686fdaf1dab017708e290b3d2cf7e583ff8e7f482525ee9a2933be3154) at 2026-10-08T05:49:51Z
stage-cohort: SRR5946969_2.fastq.gz staged (867396154 bytes, md5 3817b50421adac43900c241626e474e1, sha256 9442ae9f7f27972affb3a187886e2f88773dcb3defba9e8766043dcea9104ae4) at 2026-10-08T05:49:58Z
stage-cohort: SRR5947065_1.fastq.gz staged (1243238669 bytes, md5 44da2a3419c34f01a0fc0532f619b070, sha256 ca4138988116765ae3ba53b7f5c08fa1d93e0162ca8971fb64c3b94997059148) at 2026-10-08T05:51:04Z
stage-cohort: SRR5947065_2.fastq.gz staged (1246343296 bytes, md5 91e395edc2de47dbdd07699d81d3e416, sha256 68eb6fc948e47f8194d493cfc1ef28246efc0f24266e28910b12dcba50b87bde) at 2026-10-08T05:51:14Z
stage-cohort: SRR5947089_2.fastq.gz staged (889946542 bytes, md5 e5796b636e498a1e51114205130fba23, sha256 c0f5b2ba287095774688791ca9436c257a960165481305c64d6535ad1e8d1eb3) at 2026-10-08T05:52:33Z
s3://aws-kraken2-942542972736-us-west-2/aws-kraken2/data/cohort/
ak2: [2026-10-08T05:52:33Z] stage-cohort: 7 files fetched and staged, 159 present
ak2-phase	2026-10-08T05:52:33Z	1791438753	push	no
ak2: [2026-10-08T05:52:34Z] pushed out/stage.log
ak2: [2026-10-08T05:52:34Z] pushed out/staged.tsv
ak2: [2026-10-08T05:52:34Z] stage-cohort rc=0
spawn: [2026-10-08T05:52:35Z] command exit rc=0
