Loading database information...ak2-timing	opts	0.000474	0.000011	3	0	0.000000	0.000011
ak2-timing	taxo	0.000492	0.114524	87893	0	0.041165	0.088374
ak2-timing	shard-load-4	0.186897	80.507750	78133	0	79.168248	74.346618
ak2-timing	rendezvous	82.473521	6.163563	524	0	0.011930	0.000000
ak2-timing	connect	88.637098	0.003526	0	0	0.000417	0.000000
ak2-timing	hash	0.115056	88.525584	80849	0	79.190273	74.352073
 done.
15328347 sequences (2853.53 Mbp) processed in 8.801s (104498.1 Kseq/m, 19453.37 Mbp/m).
  14998872 sequences classified (97.85%)
  329475 sequences unclassified (2.15%)
ak2-sample	batch	0	name	0-SRR5935744	mode	parallel	s3client	sdk	rank	4	role	home	inflight	1	threads	16	start_s	88.640654	wall_s	9.204729	setup_s	0.000061	classify_s	8.801127	close_s	0.258761	report_s	0.136146	status	0	sequences	15328347	bases	2853526686	classified	14998872
ak2-timing	batch-barrier-0	97.845401	12.187619	6	0	3.148750	0.349892
15328347 sequences (2853.53 Mbp) processed in 8.853s (103884.5 Kseq/m, 19339.15 Mbp/m).
  14998872 sequences classified (97.85%)
  329475 sequences unclassified (2.15%)
ak2-sample	batch	1	name	1-SRR5935744	mode	parallel	s3client	sdk	rank	4	role	home	inflight	2	threads	16	start_s	110.033042	wall_s	9.285161	setup_s	0.000045	classify_s	8.853109	close_s	0.279766	report_s	0.143483	status	0	sequences	15328347	bases	2853526686	classified	14998872
ak2-timing	batch-barrier-1	119.318225	9.039200	2	0	2.816911	0.351276
15328347 sequences (2853.53 Mbp) processed in 11.379s (80822.3 Kseq/m, 15045.90 Mbp/m).
  14998872 sequences classified (97.85%)
  329475 sequences unclassified (2.15%)
ak2-sample	batch	2	name	2-SRR5935744	mode	parallel	s3client	sdk	rank	4	role	home	inflight	2	threads	8	start_s	128.357447	wall_s	11.837840	setup_s	0.000052	classify_s	11.379289	close_s	0.295216	report_s	0.157045	status	0	sequences	15328347	bases	2853526686	classified	14998872
ak2-timing	batch-barrier-2	140.195306	5.957523	0	0	1.196893	0.113506
15328347 sequences (2853.53 Mbp) processed in 20.423s (45033.3 Kseq/m, 8383.40 Mbp/m).
  14998872 sequences classified (97.85%)
  329475 sequences unclassified (2.15%)
ak2-sample	batch	3	name	3-SRR5935744	mode	parallel	s3client	cli	rank	4	role	home	inflight	1	threads	16	start_s	146.152850	wall_s	21.944262	setup_s	0.000052	classify_s	20.422690	close_s	1.011291	report_s	0.501279	status	0	sequences	15328347	bases	2853526686	classified	14998872
ak2-timing	batch-barrier-3	168.097143	25.258284	2	0	2.838989	0.366917
ak2-timing	barrier	199.344476	0.215487	0	0	0.021284	0.000161
ak2-sample	batch	4	name	4-SRR5935740	mode	striped	s3client	sdk	rank	4	role	peer	inflight	1	threads	16	start_s	193.730261	wall_s	5.829744	setup_s	0.000045	classify_s	5.608426	close_s	0.000000	report_s	0.000000	status	0	sequences	0	bases	0	classified	0
ak2-timing	barrier	209.767274	0.083374	0	0	0.000079	0.000012
ak2-sample	batch	4	name	4-SRR5935741	mode	striped	s3client	sdk	rank	4	role	peer	inflight	1	threads	16	start_s	200.326696	wall_s	9.524000	setup_s	0.000046	classify_s	9.436922	close_s	0.000000	report_s	0.000000	status	0	sequences	0	bases	0	classified	0
ak2-timing	barrier	217.249815	0.332142	0	0	0.038188	0.000000
ak2-sample	batch	4	name	4-SRR5935742	mode	striped	s3client	sdk	rank	4	role	peer	inflight	1	threads	16	start_s	210.676828	wall_s	6.905177	setup_s	0.000053	classify_s	6.568366	close_s	0.000000	report_s	0.000000	status	0	sequences	0	bases	0	classified	0
ak2-timing	barrier	218.641071	0.024238	0	0	0.003813	0.000594
ak2-sample	batch	4	name	4-SRR5935743	mode	striped	s3client	sdk	rank	4	role	peer	inflight	1	threads	16	start_s	218.260933	wall_s	0.404420	setup_s	0.000047	classify_s	0.379771	close_s	0.000000	report_s	0.000000	status	0	sequences	0	bases	0	classified	0
ak2-timing	barrier	228.358800	0.006917	0	0	0.000036	0.000005
ak2-sample	batch	4	name	4-SRR5935744	mode	striped	s3client	sdk	rank	4	role	peer	inflight	1	threads	16	start_s	219.784281	wall_s	8.581479	setup_s	0.000048	classify_s	8.570788	close_s	0.000000	report_s	0.000000	status	0	sequences	0	bases	0	classified	0
ak2-timing	barrier	234.910752	0.051339	0	0	0.000068	0.000010
ak2-sample	batch	4	name	4-SRR5935745	mode	striped	s3client	sdk	rank	4	role	peer	inflight	1	threads	16	start_s	228.949130	wall_s	6.013003	setup_s	0.000053	classify_s	5.957201	close_s	0.000000	report_s	0.000000	status	0	sequences	0	bases	0	classified	0
ak2-timing	barrier	241.560017	0.129152	0	0	0.011648	0.001666
ak2-sample	batch	4	name	4-SRR5935746	mode	striped	s3client	sdk	rank	4	role	peer	inflight	1	threads	16	start_s	235.663510	wall_s	6.025704	setup_s	0.000055	classify_s	5.893783	close_s	0.000000	report_s	0.000000	status	0	sequences	0	bases	0	classified	0
ak2-timing	barrier	244.595334	0.048441	0	0	0.000093	0.000013
ak2-sample	batch	4	name	4-SRR5935747	mode	striped	s3client	sdk	rank	4	role	peer	inflight	1	threads	16	start_s	242.761619	wall_s	1.882201	setup_s	0.000045	classify_s	1.831681	close_s	0.000000	report_s	0.000000	status	0	sequences	0	bases	0	classified	0
ak2-timing	barrier	251.970173	0.043841	0	0	0.000055	0.000008
ak2-sample	batch	4	name	4-SRR5935748	mode	striped	s3client	sdk	rank	4	role	peer	inflight	1	threads	16	start_s	245.451972	wall_s	6.562088	setup_s	0.000054	classify_s	6.512944	close_s	0.000000	report_s	0.000000	status	0	sequences	0	bases	0	classified	0
ak2-timing	barrier	262.808903	0.027672	0	0	0.000107	0.000014
ak2-sample	batch	4	name	4-SRR5935749	mode	striped	s3client	sdk	rank	4	role	peer	inflight	1	threads	16	start_s	252.675283	wall_s	10.161336	setup_s	0.000050	classify_s	10.130993	close_s	0.000000	report_s	0.000000	status	0	sequences	0	bases	0	classified	0
ak2-timing	batch-barrier-4	262.836628	1.060456	0	0	0.000000	0.005582
ak2-engine	shard	0	n	8	lo	148636458971	hi	185795573713	tail	302	full	false	empty_at	37159114746	keys	2747293475	batches	14540	probe_s	66.102929	tail_probes	0	wrap_probes	0
ak2-engine	rendezvous	puts	16	gets	284
ak2-engine	s3	client	sdk	put	19	get	284	create_multipart	3	upload_part	504	complete_multipart	3	abort_multipart	0	part_bytes	4220778714
ak2-engine	s3	client	cli	put	1	get	0	create_multipart	1	upload_part	168	complete_multipart	1	abort_multipart	0	part_bytes	1406926238
ak2-engine	load	seconds	80.507747	requests	2233	retries	0	bytes	148636525776
ak2-engine	route	transport	nodes	calls	1987	keys	3004899601	batches	15896	route_s	24.953001	wait_s	49.424812	gather_s	6.054173
ak2-engine	worker	scan_s	189.569818	lookup_s	80.433441	classify_s	169.355311
ak2-timing	total	0.000001	264.168395	8106389	0	756.219327	100.747335
