Loading database information...ak2-timing	opts	0.002749	0.000017	0	0	0.000016	0.000000
ak2-timing	taxo	0.002775	0.093371	87762	0	0.041073	0.067259
ak2-timing	shard-load-11	0.162094	41.567334	41090	0	54.132902	68.836613
ak2-timing	rendezvous	42.169564	10.792054	1742	0	0.027376	0.000000
ak2-timing	connect	52.961635	0.070380	981	0	0.009952	0.006683
ak2-timing	hash	0.096170	52.935871	45669	0	54.182395	68.846354
 done.
15280552 sequences (2858.11 Mbp) processed in 15.401s (59530.0 Kseq/m, 11134.63 Mbp/m).
  13785544 sequences classified (90.22%)
  1495008 sequences unclassified (9.78%)
ak2-sample	batch	0	name	0-SRR5935810	mode	parallel	s3client	sdk	rank	11	role	home	inflight	2	threads	16	start_s	53.032078	wall_s	15.847851	setup_s	0.000044	classify_s	15.401190	close_s	0.228034	report_s	0.197227	status	0	sequences	15280552	bases	2858109884	classified	13785544	place	lpt	weight	15280552
16351397 sequences (3065.56 Mbp) processed in 16.200s (60561.7 Kseq/m, 11354.11 Mbp/m).
  16166849 sequences classified (98.87%)
  184548 sequences unclassified (1.13%)
ak2-sample	batch	0	name	0-SRR5935787	mode	parallel	s3client	sdk	rank	11	role	home	inflight	2	threads	16	start_s	53.032081	wall_s	16.643845	setup_s	0.000048	classify_s	16.199732	close_s	0.278760	report_s	0.157552	status	0	sequences	16351397	bases	3065557655	classified	16166849	place	lpt	weight	16351397
11073410 sequences (2024.07 Mbp) processed in 11.362s (58473.9 Kseq/m, 10688.27 Mbp/m).
  10832572 sequences classified (97.83%)
  240838 sequences unclassified (2.17%)
ak2-sample	batch	0	name	0-SRR5935788	mode	parallel	s3client	sdk	rank	11	role	home	inflight	2	threads	16	start_s	69.675948	wall_s	11.853460	setup_s	0.000065	classify_s	11.362405	close_s	0.266433	report_s	0.217048	status	0	sequences	11073410	bases	2024074094	classified	10832572	place	lpt	weight	11073410
13404063 sequences (2484.45 Mbp) processed in 12.608s (63790.7 Kseq/m, 11823.63 Mbp/m).
  13071600 sequences classified (97.52%)
  332463 sequences unclassified (2.48%)
ak2-sample	batch	0	name	0-SRR5935794	mode	parallel	s3client	sdk	rank	11	role	home	inflight	2	threads	16	start_s	68.879956	wall_s	13.355616	setup_s	0.000069	classify_s	12.607536	close_s	0.582479	report_s	0.158938	status	0	sequences	13404063	bases	2484447317	classified	13071600	place	lpt	weight	13404063
5166420 sequences (956.19 Mbp) processed in 5.450s (56874.4 Kseq/m, 10526.22 Mbp/m).
  4901709 sequences classified (94.88%)
  264711 sequences unclassified (5.12%)
ak2-sample	batch	0	name	0-SRR5935767	mode	parallel	s3client	sdk	rank	11	role	home	inflight	2	threads	16	start_s	82.235598	wall_s	5.807083	setup_s	0.000063	classify_s	5.450343	close_s	0.191710	report_s	0.158330	status	0	sequences	5166420	bases	956191777	classified	4901709	place	lpt	weight	5166420
9090205 sequences (1661.37 Mbp) processed in 7.546s (72281.9 Kseq/m, 13210.60 Mbp/m).
  7439975 sequences classified (81.85%)
  1650230 sequences unclassified (18.15%)
ak2-sample	batch	0	name	0-SRR5935799	mode	parallel	s3client	sdk	rank	11	role	home	inflight	2	threads	16	start_s	81.529436	wall_s	7.994089	setup_s	0.000082	classify_s	7.545628	close_s	0.274383	report_s	0.156487	status	0	sequences	9090205	bases	1661371324	classified	7439975	place	lpt	weight	9090205
ak2-timing	batch-barrier-0	89.523554	4.476409	0	0	1.044749	0.118361
5166420 sequences (956.19 Mbp) processed in 5.839s (53091.4 Kseq/m, 9826.07 Mbp/m).
  4901709 sequences classified (94.88%)
  264711 sequences unclassified (5.12%)
ak2-sample	batch	1	name	1-SRR5935767	mode	parallel	s3client	sdk	rank	11	role	home	inflight	2	threads	16	start_s	93.999994	wall_s	6.239444	setup_s	0.000048	classify_s	5.838704	close_s	0.260422	report_s	0.133754	status	0	sequences	5166420	bases	956191777	classified	4901709	place	mod	weight	5166420
2565282 sequences (465.56 Mbp) processed in 2.797s (55021.5 Kseq/m, 9985.63 Mbp/m).
  2508539 sequences classified (97.79%)
  56743 sequences unclassified (2.21%)
ak2-sample	batch	1	name	1-SRR5935783	mode	parallel	s3client	sdk	rank	11	role	home	inflight	2	threads	16	start_s	100.239469	wall_s	3.217573	setup_s	0.000070	classify_s	2.797398	close_s	0.227901	report_s	0.188441	status	0	sequences	2565282	bases	465562992	classified	2508539	place	mod	weight	2565282
9090205 sequences (1661.37 Mbp) processed in 8.956s (60900.2 Kseq/m, 11130.42 Mbp/m).
  7439975 sequences classified (81.85%)
  1650230 sequences unclassified (18.15%)
18645445 sequences (3449.57 Mbp) processed in 18.355s (60948.7 Kseq/m, 11276.05 Mbp/m).
  18393099 sequences classified (98.65%)
  252346 sequences unclassified (1.35%)
ak2-sample	batch	1	name	1-SRR5935799	mode	parallel	s3client	sdk	rank	11	role	home	inflight	2	threads	16	start_s	103.457066	wall_s	9.424217	setup_s	0.000063	classify_s	8.955843	close_s	0.246049	report_s	0.202757	status	0	sequences	9090205	bases	1661371324	classified	7439975	place	mod	weight	9090205
ak2-sample	batch	1	name	1-SRR5935751	mode	parallel	s3client	sdk	rank	11	role	home	inflight	2	threads	16	start_s	94.000001	wall_s	18.922257	setup_s	0.000047	classify_s	18.355230	close_s	0.382550	report_s	0.176632	status	0	sequences	18645445	bases	3449573600	classified	18393099	place	mod	weight	18645445
7153468 sequences (1337.27 Mbp) processed in 7.844s (54715.6 Kseq/m, 10228.53 Mbp/m).
  6947959 sequences classified (97.13%)
  205509 sequences unclassified (2.87%)
ak2-sample	batch	1	name	1-SRR5935815	mode	parallel	s3client	sdk	rank	11	role	home	inflight	2	threads	16	start_s	112.881306	wall_s	8.351290	setup_s	0.000060	classify_s	7.844343	close_s	0.258448	report_s	0.240564	status	0	sequences	7153468	bases	1337267943	classified	6947959	place	mod	weight	7153468
12793053 sequences (2357.69 Mbp) processed in 10.847s (70765.4 Kseq/m, 13041.65 Mbp/m).
  12609886 sequences classified (98.57%)
  183167 sequences unclassified (1.43%)
ak2-sample	batch	1	name	1-SRR5935831	mode	parallel	s3client	sdk	rank	11	role	home	inflight	2	threads	16	start_s	112.922284	wall_s	11.193537	setup_s	0.000083	classify_s	10.846874	close_s	0.223058	report_s	0.118124	status	0	sequences	12793053	bases	2357685670	classified	12609886	place	mod	weight	12793053
ak2-timing	batch-barrier-1	124.115844	14.586318	3	0	10.751727	1.311962
15280552 sequences (2858.11 Mbp) processed in 15.657s (58556.3 Kseq/m, 10952.51 Mbp/m).
  13785544 sequences classified (90.22%)
  1495008 sequences unclassified (9.78%)
ak2-sample	batch	2	name	2-SRR5935810	mode	parallel	s3client	sdk	rank	11	role	home	inflight	2	threads	16	start_s	138.702220	wall_s	16.093885	setup_s	0.000053	classify_s	15.657292	close_s	0.245900	report_s	0.172834	status	0	sequences	15280552	bases	2858109884	classified	13785544	place	lpt	weight	15280552
16351397 sequences (3065.56 Mbp) processed in 16.331s (60076.5 Kseq/m, 11263.13 Mbp/m).
  16166849 sequences classified (98.87%)
  184548 sequences unclassified (1.13%)
ak2-sample	batch	2	name	2-SRR5935787	mode	parallel	s3client	sdk	rank	11	role	home	inflight	2	threads	16	start_s	138.702228	wall_s	16.805444	setup_s	0.000044	classify_s	16.330577	close_s	0.265269	report_s	0.201496	status	0	sequences	16351397	bases	3065557655	classified	16166849	place	lpt	weight	16351397
11073410 sequences (2024.07 Mbp) processed in 11.360s (58488.9 Kseq/m, 10691.00 Mbp/m).
  10832572 sequences classified (97.83%)
  240838 sequences unclassified (2.17%)
ak2-sample	batch	2	name	2-SRR5935788	mode	parallel	s3client	sdk	rank	11	role	home	inflight	2	threads	16	start_s	155.507744	wall_s	11.773602	setup_s	0.000069	classify_s	11.359504	close_s	0.259092	report_s	0.148114	status	0	sequences	11073410	bases	2024074094	classified	10832572	place	lpt	weight	11073410
13404063 sequences (2484.45 Mbp) processed in 12.642s (63614.8 Kseq/m, 11791.02 Mbp/m).
  13071600 sequences classified (97.52%)
  332463 sequences unclassified (2.48%)
ak2-sample	batch	2	name	2-SRR5935794	mode	parallel	s3client	sdk	rank	11	role	home	inflight	2	threads	16	start_s	154.796126	wall_s	13.126640	setup_s	0.000062	classify_s	12.642403	close_s	0.321181	report_s	0.155976	status	0	sequences	13404063	bases	2484447317	classified	13071600	place	lpt	weight	13404063
5166420 sequences (956.19 Mbp) processed in 5.442s (56963.2 Kseq/m, 10542.65 Mbp/m).
  4901709 sequences classified (94.88%)
  264711 sequences unclassified (5.12%)
ak2-sample	batch	2	name	2-SRR5935767	mode	parallel	s3client	sdk	rank	11	role	home	inflight	2	threads	16	start_s	167.922795	wall_s	6.004971	setup_s	0.000070	classify_s	5.441848	close_s	0.421653	report_s	0.134964	status	0	sequences	5166420	bases	956191777	classified	4901709	place	lpt	weight	5166420
9090205 sequences (1661.37 Mbp) processed in 7.614s (71631.9 Kseq/m, 13091.81 Mbp/m).
  7439975 sequences classified (81.85%)
  1650230 sequences unclassified (18.15%)
ak2-sample	batch	2	name	2-SRR5935799	mode	parallel	s3client	sdk	rank	11	role	home	inflight	2	threads	16	start_s	167.281371	wall_s	8.042569	setup_s	0.000058	classify_s	7.614097	close_s	0.236086	report_s	0.174772	status	0	sequences	9090205	bases	1661371324	classified	7439975	place	lpt	weight	9090205
ak2-timing	batch-barrier-2	175.323961	3.242613	0	0	0.597323	0.292276
ak2-timing	barrier	185.258971	0.458231	0	0	0.024141	0.000353
ak2-sample	batch	3	name	3-SRR5935740	mode	striped	s3client	sdk	rank	11	role	peer	inflight	1	threads	16	start_s	179.640118	wall_s	6.077131	setup_s	0.000044	classify_s	5.614461	close_s	0.000000	report_s	0.000000	status	0	sequences	0	bases	0	classified	0	place	-	weight	-
ak2-timing	batch-barrier-3	185.717258	0.506810	22	0	0.005159	0.000464
ak2-timing	barrier	192.634147	0.155944	0	0	0.012156	0.001086
ak2-sample	batch	4	name	4-SRR5935740	mode	striped	s3client	sdk	rank	11	role	peer	inflight	1	threads	16	start_s	187.020510	wall_s	5.769621	setup_s	0.000048	classify_s	5.609132	close_s	0.000000	report_s	0.000000	status	0	sequences	0	bases	0	classified	0	place	-	weight	-
ak2-timing	batch-barrier-4	192.790160	0.493592	29	0	0.000000	0.005734
ak2-timing	barrier	199.728278	0.164091	2	0	0.013327	0.000288
ak2-sample	batch	5	name	5-SRR5935740	mode	striped	s3client	sdk	rank	11	role	peer	inflight	1	threads	16	start_s	194.113863	wall_s	5.778557	setup_s	0.000046	classify_s	5.610286	close_s	0.000000	report_s	0.000000	status	0	sequences	0	bases	0	classified	0	place	-	weight	-
ak2-timing	batch-barrier-5	199.892432	0.855630	31	0	0.000000	0.006551
ak2-timing	batch-barrier-6	200.748082	7.123102	1	0	0.684276	0.099594
ak2-timing	batch-barrier-7	207.871203	7.123134	0	0	0.692905	0.105134
ak2-timing	batch-barrier-8	214.994359	7.218232	5	0	0.685547	0.099986
ak2-engine	shard	0	n	16	lo	204375131085	hi	222954688456	tail	302	full	false	empty_at	18579557371	keys	8467632093	batches	89910	probe_s	203.374666	tail_probes	0	wrap_probes	0
ak2-engine	rendezvous	puts	13	gets	517
ak2-engine	s3	client	sdk	put	31	get	517	create_multipart	18	upload_part	2088	complete_multipart	18	abort_multipart	0	part_bytes	17458072545
ak2-engine	s3	client	cli	put	0	get	0	create_multipart	0	upload_part	0	complete_multipart	0	abort_multipart	0	part_bytes	0
ak2-engine	load	seconds	41.567330	requests	1126	retries	0	bytes	74318296292
ak2-engine	route	transport	nodes	calls	5206	keys	7865017556	batches	83296	route_s	94.181084	wait_s	333.494386	gather_s	17.876385
ak2-engine	worker	scan_s	704.523933	lookup_s	445.558078	classify_s	603.338140
ak2-timing	total	0.000001	222.340911	9373223	0	1559.843747	138.989434
