Loading database information...ak2-timing	opts	0.003198	0.000017	0	0	0.000000	0.000016
ak2-timing	taxo	0.003224	0.099686	87844	0	0.030371	0.072615
ak2-timing	shard-load-1	0.306161	217.135382	299078	0	311.183868	294.361680
ak2-timing	rendezvous	219.928489	1.740356	42	0	0.006400	0.000000
ak2-timing	connect	221.668862	0.002490	0	0	0.000179	0.000000
ak2-timing	hash	0.103009	221.568351	300926	0	311.202675	294.364753
 done.
16720060 sequences (3103.13 Mbp) processed in 19.395s (51724.1 Kseq/m, 9599.64 Mbp/m).
  16427692 sequences classified (98.25%)
  292368 sequences unclassified (1.75%)
16518263 sequences (3051.28 Mbp) processed in 19.522s (50767.8 Kseq/m, 9377.92 Mbp/m).
  16141470 sequences classified (97.72%)
  376793 sequences unclassified (2.28%)
ak2-sample	batch	0	name	0-SRR5935802	mode	parallel	s3client	sdk	rank	1	role	home	inflight	6	threads	16	start_s	221.671429	wall_s	19.857315	setup_s	0.000045	classify_s	19.395296	close_s	0.302451	report_s	0.149313	status	0	sequences	16720060	bases	3103131942	classified	16427692	place	lpt	weight	16720060
ak2-sample	batch	0	name	0-SRR5935741	mode	parallel	s3client	sdk	rank	1	role	home	inflight	6	threads	16	start_s	221.671391	wall_s	19.975205	setup_s	0.000039	classify_s	19.522150	close_s	0.267984	report_s	0.172994	status	0	sequences	16518263	bases	3051284850	classified	16141470	place	lpt	weight	16518263
16980616 sequences (3155.64 Mbp) processed in 19.758s (51565.0 Kseq/m, 9582.73 Mbp/m).
  16106690 sequences classified (94.85%)
  873926 sequences unclassified (5.15%)
ak2-sample	batch	0	name	0-SRR5935813	mode	parallel	s3client	sdk	rank	1	role	home	inflight	6	threads	16	start_s	221.671408	wall_s	20.467829	setup_s	0.000039	classify_s	19.758290	close_s	0.348972	report_s	0.342243	status	0	sequences	16980616	bases	3155638888	classified	16106690	place	lpt	weight	16980616
18392491 sequences (3418.71 Mbp) processed in 20.255s (54481.5 Kseq/m, 10126.75 Mbp/m).
  18064386 sequences classified (98.22%)
  328105 sequences unclassified (1.78%)
ak2-sample	batch	0	name	0-SRR5935803	mode	parallel	s3client	sdk	rank	1	role	home	inflight	6	threads	16	start_s	221.671419	wall_s	20.986449	setup_s	0.000040	classify_s	20.255486	close_s	0.304330	report_s	0.408172	status	0	sequences	18392491	bases	3418705365	classified	18064386	place	lpt	weight	18392491
20086542 sequences (3689.65 Mbp) processed in 22.434s (53720.6 Kseq/m, 9867.80 Mbp/m).
  19142785 sequences classified (95.30%)
  943757 sequences unclassified (4.70%)
ak2-sample	batch	0	name	0-SRR5935798	mode	parallel	s3client	sdk	rank	1	role	home	inflight	6	threads	16	start_s	221.671393	wall_s	23.405824	setup_s	0.000039	classify_s	22.434467	close_s	0.553974	report_s	0.382561	status	0	sequences	20086542	bases	3689648337	classified	19142785	place	lpt	weight	20086542
20671571 sequences (3786.10 Mbp) processed in 23.204s (53452.8 Kseq/m, 9790.15 Mbp/m).
  19204656 sequences classified (92.90%)
  1466915 sequences unclassified (7.10%)
ak2-sample	batch	0	name	0-SRR5935773	mode	parallel	s3client	sdk	rank	1	role	home	inflight	6	threads	16	start_s	221.671399	wall_s	23.984450	setup_s	0.000034	classify_s	23.203534	close_s	0.363120	report_s	0.406272	status	0	sequences	20671571	bases	3786101975	classified	19204656	place	lpt	weight	20671571
16286650 sequences (3018.35 Mbp) processed in 17.683s (55261.8 Kseq/m, 10241.50 Mbp/m).
  15278935 sequences classified (93.81%)
  1007715 sequences unclassified (6.19%)
15500933 sequences (2889.47 Mbp) processed in 17.027s (54620.8 Kseq/m, 10181.66 Mbp/m).
  14777244 sequences classified (95.33%)
  723689 sequences unclassified (4.67%)
16180463 sequences (3026.48 Mbp) processed in 17.675s (54927.0 Kseq/m, 10273.84 Mbp/m).
  15739294 sequences classified (97.27%)
  441169 sequences unclassified (2.73%)
ak2-sample	batch	0	name	0-SRR5935757	mode	parallel	s3client	sdk	rank	1	role	home	inflight	6	threads	16	start_s	241.528765	wall_s	18.159855	setup_s	0.000119	classify_s	17.683086	close_s	0.282317	report_s	0.174207	status	0	sequences	16286650	bases	3018354004	classified	15278935	place	lpt	weight	16286650
ak2-sample	batch	0	name	0-SRR5935808	mode	parallel	s3client	sdk	rank	1	role	home	inflight	6	threads	16	start_s	242.139332	wall_s	17.652552	setup_s	0.000088	classify_s	17.027499	close_s	0.405269	report_s	0.206297	status	0	sequences	15500933	bases	2889469649	classified	14777244	place	lpt	weight	15500933
ak2-sample	batch	0	name	0-SRR5935770	mode	parallel	s3client	sdk	rank	1	role	home	inflight	6	threads	16	start_s	241.646625	wall_s	18.170198	setup_s	0.000070	classify_s	17.674886	close_s	0.334018	report_s	0.147960	status	0	sequences	16180463	bases	3026482353	classified	15739294	place	lpt	weight	16180463
15328347 sequences (2853.53 Mbp) processed in 16.930s (54324.9 Kseq/m, 10113.13 Mbp/m).
  14998872 sequences classified (97.85%)
  329475 sequences unclassified (2.15%)
ak2-sample	batch	0	name	0-SRR5935744	mode	parallel	s3client	sdk	rank	1	role	home	inflight	6	threads	16	start_s	242.657968	wall_s	17.480067	setup_s	0.000106	classify_s	16.929642	close_s	0.255312	report_s	0.284233	status	0	sequences	15328347	bases	2853526686	classified	14998872	place	lpt	weight	15328347
15280552 sequences (2858.11 Mbp) processed in 16.434s (55789.5 Kseq/m, 10435.01 Mbp/m).
  13785544 sequences classified (90.22%)
  1495008 sequences unclassified (9.78%)
ak2-sample	batch	0	name	0-SRR5935810	mode	parallel	s3client	sdk	rank	1	role	home	inflight	6	threads	16	start_s	245.077303	wall_s	17.192801	setup_s	0.000072	classify_s	16.433781	close_s	0.287765	report_s	0.419744	status	0	sequences	15280552	bases	2858109884	classified	13785544	place	lpt	weight	15280552
15080696 sequences (2770.85 Mbp) processed in 17.404s (51989.5 Kseq/m, 9552.28 Mbp/m).
  14478381 sequences classified (96.01%)
  602315 sequences unclassified (3.99%)
ak2-sample	batch	0	name	0-SRR5935800	mode	parallel	s3client	sdk	rank	1	role	home	inflight	6	threads	16	start_s	245.655947	wall_s	18.146275	setup_s	0.000094	classify_s	17.404312	close_s	0.268859	report_s	0.454681	status	0	sequences	15080696	bases	2770846238	classified	14478381	place	lpt	weight	15080696
14303962 sequences (2635.98 Mbp) processed in 15.974s (53726.0 Kseq/m, 9900.80 Mbp/m).
  14029845 sequences classified (98.08%)
  274117 sequences unclassified (1.92%)
ak2-sample	batch	0	name	0-SRR5935830	mode	parallel	s3client	sdk	rank	1	role	home	inflight	6	threads	16	start_s	259.791913	wall_s	16.419054	setup_s	0.000067	classify_s	15.974341	close_s	0.269919	report_s	0.163649	status	0	sequences	14303962	bases	2635979010	classified	14029845	place	lpt	weight	14303962
14298074 sequences (2663.28 Mbp) processed in 16.220s (52890.3 Kseq/m, 9851.80 Mbp/m).
  14234512 sequences classified (99.56%)
  63562 sequences unclassified (0.44%)
14800056 sequences (2772.79 Mbp) processed in 16.392s (54173.3 Kseq/m, 10149.36 Mbp/m).
  14536791 sequences classified (98.22%)
  263265 sequences unclassified (1.78%)
14191749 sequences (2646.88 Mbp) processed in 15.978s (53293.8 Kseq/m, 9939.73 Mbp/m).
  13987275 sequences classified (98.56%)
  204474 sequences unclassified (1.44%)
ak2-sample	batch	0	name	0-SRR5935752	mode	parallel	s3client	sdk	rank	1	role	home	inflight	6	threads	16	start_s	259.816855	wall_s	16.642909	setup_s	0.000088	classify_s	16.220063	close_s	0.296962	report_s	0.121133	status	0	sequences	14298074	bases	2663280360	classified	14234512	place	lpt	weight	14298074
ak2-sample	batch	0	name	0-SRR5935761	mode	parallel	s3client	sdk	rank	1	role	home	inflight	6	threads	16	start_s	260.138129	wall_s	16.446465	setup_s	0.000084	classify_s	15.977559	close_s	0.281012	report_s	0.178750	status	0	sequences	14191749	bases	2646878118	classified	13987275	place	lpt	weight	14191749
ak2-sample	batch	0	name	0-SRR5935784	mode	parallel	s3client	sdk	rank	1	role	home	inflight	6	threads	16	start_s	259.688647	wall_s	16.970719	setup_s	0.000071	classify_s	16.391913	close_s	0.249966	report_s	0.319183	status	0	sequences	14800056	bases	2772790740	classified	14536791	place	lpt	weight	14800056
13817496 sequences (2535.87 Mbp) processed in 14.302s (57965.7 Kseq/m, 10638.21 Mbp/m).
  12277050 sequences classified (88.85%)
  1540446 sequences unclassified (11.15%)
ak2-sample	batch	0	name	0-SRR5935785	mode	parallel	s3client	sdk	rank	1	role	home	inflight	6	threads	16	start_s	262.270142	wall_s	15.394171	setup_s	0.085294	classify_s	14.302409	close_s	0.651368	report_s	0.335784	status	0	sequences	13817496	bases	2535866229	classified	12277050	place	lpt	weight	13817496
13404063 sequences (2484.45 Mbp) processed in 13.884s (57925.9 Kseq/m, 10736.58 Mbp/m).
  13071600 sequences classified (97.52%)
  332463 sequences unclassified (2.48%)
ak2-sample	batch	0	name	0-SRR5935794	mode	parallel	s3client	sdk	rank	1	role	home	inflight	6	threads	16	start_s	263.802266	wall_s	14.798148	setup_s	0.000094	classify_s	13.884018	close_s	0.443800	report_s	0.320761	status	0	sequences	13404063	bases	2484447317	classified	13071600	place	lpt	weight	13404063
12325847 sequences (2261.51 Mbp) processed in 13.840s (53435.7 Kseq/m, 9804.24 Mbp/m).
  11791754 sequences classified (95.67%)
  534093 sequences unclassified (4.33%)
ak2-sample	batch	0	name	0-SRR5935742	mode	parallel	s3client	sdk	rank	1	role	home	inflight	6	threads	16	start_s	276.659921	wall_s	14.413601	setup_s	0.000081	classify_s	13.840009	close_s	0.394596	report_s	0.167992	status	0	sequences	12325847	bases	2261511731	classified	11791754	place	lpt	weight	12325847
12610038 sequences (2321.59 Mbp) processed in 14.316s (52849.7 Kseq/m, 9729.98 Mbp/m).
  12099380 sequences classified (95.95%)
  510658 sequences unclassified (4.05%)
13010149 sequences (2394.73 Mbp) processed in 14.516s (53774.2 Kseq/m, 9898.03 Mbp/m).
  12910203 sequences classified (99.23%)
  99946 sequences unclassified (0.77%)
ak2-sample	batch	0	name	0-SRR5935834	mode	parallel	s3client	sdk	rank	1	role	home	inflight	6	threads	16	start_s	276.584630	wall_s	14.865425	setup_s	0.000096	classify_s	14.316116	close_s	0.276952	report_s	0.261450	status	0	sequences	12610038	bases	2321592529	classified	12099380	place	lpt	weight	12610038
ak2-sample	batch	0	name	0-SRR5935775	mode	parallel	s3client	sdk	rank	1	role	home	inflight	6	threads	16	start_s	276.459798	wall_s	15.005570	setup_s	0.000092	classify_s	14.516421	close_s	0.258968	report_s	0.224182	status	0	sequences	13010149	bases	2394732661	classified	12910203	place	lpt	weight	13010149
13253368 sequences (2414.15 Mbp) processed in 14.718s (54030.5 Kseq/m, 9841.88 Mbp/m).
  12329188 sequences classified (93.03%)
  924180 sequences unclassified (6.97%)
11924297 sequences (2214.84 Mbp) processed in 12.848s (55685.6 Kseq/m, 10343.15 Mbp/m).
  11742476 sequences classified (98.48%)
  181821 sequences unclassified (1.52%)
12062510 sequences (2207.30 Mbp) processed in 13.542s (53443.0 Kseq/m, 9779.45 Mbp/m).
  10926608 sequences classified (90.58%)
  1135902 sequences unclassified (9.42%)
ak2-sample	batch	0	name	0-SRR5935804	mode	parallel	s3client	sdk	rank	1	role	home	inflight	6	threads	16	start_s	276.210990	wall_s	15.512414	setup_s	0.000066	classify_s	14.717643	close_s	0.595234	report_s	0.186334	status	0	sequences	13253368	bases	2414153428	classified	12329188	place	lpt	weight	13253368
ak2-sample	batch	0	name	0-SRR5935795	mode	parallel	s3client	sdk	rank	1	role	home	inflight	6	threads	16	start_s	278.600450	wall_s	13.332753	setup_s	0.000071	classify_s	12.848173	close_s	0.223417	report_s	0.252785	status	0	sequences	11924297	bases	2214843465	classified	11742476	place	lpt	weight	11924297
ak2-sample	batch	0	name	0-SRR5935820	mode	parallel	s3client	sdk	rank	1	role	home	inflight	6	threads	16	start_s	277.664446	wall_s	14.585964	setup_s	0.000092	classify_s	13.542467	close_s	0.475806	report_s	0.547452	status	0	sequences	12062510	bases	2207297835	classified	10926608	place	lpt	weight	12062510
11689489 sequences (2123.44 Mbp) processed in 12.867s (54508.0 Kseq/m, 9901.59 Mbp/m).
  11327502 sequences classified (96.90%)
  361987 sequences unclassified (3.10%)
11073410 sequences (2024.07 Mbp) processed in 12.567s (52867.1 Kseq/m, 9663.42 Mbp/m).
  10832572 sequences classified (97.83%)
  240838 sequences unclassified (2.17%)
11012615 sequences (2057.95 Mbp) processed in 12.402s (53277.8 Kseq/m, 9956.15 Mbp/m).
  10686469 sequences classified (97.04%)
  326146 sequences unclassified (2.96%)
ak2-sample	batch	0	name	0-SRR5935764	mode	parallel	s3client	sdk	rank	1	role	home	inflight	6	threads	16	start_s	291.073550	wall_s	13.323048	setup_s	0.000067	classify_s	12.867281	close_s	0.280844	report_s	0.157872	status	0	sequences	11689489	bases	2123440867	classified	11327502	place	lpt	weight	11689489
ak2-sample	batch	0	name	0-SRR5935788	mode	parallel	s3client	sdk	rank	1	role	home	inflight	6	threads	16	start_s	291.465398	wall_s	13.034051	setup_s	0.000065	classify_s	12.567446	close_s	0.274987	report_s	0.183785	status	0	sequences	11073410	bases	2024074094	classified	10832572	place	lpt	weight	11073410
ak2-sample	batch	0	name	0-SRR5935746	mode	parallel	s3client	sdk	rank	1	role	home	inflight	6	threads	16	start_s	291.723436	wall_s	12.796510	setup_s	0.000149	classify_s	12.402111	close_s	0.212568	report_s	0.173203	status	0	sequences	11012615	bases	2057953866	classified	10686469	place	lpt	weight	11012615
10716528 sequences (1994.96 Mbp) processed in 12.356s (52040.9 Kseq/m, 9687.79 Mbp/m).
  10376259 sequences classified (96.82%)
  340269 sequences unclassified (3.18%)
ak2-sample	batch	0	name	0-SRR5935780	mode	parallel	s3client	sdk	rank	1	role	home	inflight	6	threads	16	start_s	291.933242	wall_s	12.768570	setup_s	0.000077	classify_s	12.355510	close_s	0.250392	report_s	0.153508	status	0	sequences	10716528	bases	1994960359	classified	10376259	place	lpt	weight	10716528
10590116 sequences (1935.91 Mbp) processed in 12.216s (52015.2 Kseq/m, 9508.56 Mbp/m).
  10426493 sequences classified (98.45%)
  163623 sequences unclassified (1.55%)
11374148 sequences (2063.47 Mbp) processed in 12.421s (54944.0 Kseq/m, 9967.79 Mbp/m).
  10686284 sequences classified (93.95%)
  687864 sequences unclassified (6.05%)
ak2-sample	batch	0	name	0-SRR5935765	mode	parallel	s3client	sdk	rank	1	role	home	inflight	6	threads	16	start_s	292.250439	wall_s	12.961101	setup_s	0.000066	classify_s	12.215793	close_s	0.295568	report_s	0.441959	status	0	sequences	10590116	bases	1935908855	classified	10426493	place	lpt	weight	10590116
ak2-sample	batch	0	name	0-SRR5935769	mode	parallel	s3client	sdk	rank	1	role	home	inflight	6	threads	16	start_s	291.450078	wall_s	13.889677	setup_s	0.000070	classify_s	12.420809	close_s	0.911809	report_s	0.542830	status	0	sequences	11374148	bases	2063466726	classified	10686284	place	lpt	weight	11374148
9090205 sequences (1661.37 Mbp) processed in 10.947s (49821.6 Kseq/m, 9105.64 Mbp/m).
  7439975 sequences classified (81.85%)
  1650230 sequences unclassified (18.15%)
9202475 sequences (1711.99 Mbp) processed in 11.148s (49527.4 Kseq/m, 9213.88 Mbp/m).
  8810259 sequences classified (95.74%)
  392216 sequences unclassified (4.26%)
ak2-sample	batch	0	name	0-SRR5935799	mode	parallel	s3client	sdk	rank	1	role	home	inflight	6	threads	16	start_s	305.340233	wall_s	11.385332	setup_s	0.000120	classify_s	10.947311	close_s	0.227827	report_s	0.185977	status	0	sequences	9090205	bases	1661371324	classified	7439975	place	lpt	weight	9090205
ak2-sample	batch	0	name	0-SRR5935790	mode	parallel	s3client	sdk	rank	1	role	home	inflight	6	threads	16	start_s	305.211582	wall_s	11.552160	setup_s	0.000299	classify_s	11.148341	close_s	0.213951	report_s	0.178912	status	0	sequences	9202475	bases	1711991411	classified	8810259	place	lpt	weight	9202475
10054299 sequences (1885.64 Mbp) processed in 11.850s (50909.2 Kseq/m, 9547.81 Mbp/m).
  9575405 sequences classified (95.24%)
  478894 sequences unclassified (4.76%)
10532910 sequences (1945.09 Mbp) processed in 12.124s (52126.2 Kseq/m, 9626.04 Mbp/m).
  9366399 sequences classified (88.93%)
  1166511 sequences unclassified (11.07%)
10128070 sequences (1876.81 Mbp) processed in 11.983s (50711.8 Kseq/m, 9397.30 Mbp/m).
  9942775 sequences classified (98.17%)
  185295 sequences unclassified (1.83%)
10140194 sequences (1929.10 Mbp) processed in 12.124s (50182.6 Kseq/m, 9546.90 Mbp/m).
  10096895 sequences classified (99.57%)
  43299 sequences unclassified (0.43%)
ak2-sample	batch	0	name	0-SRR5935740	mode	parallel	s3client	sdk	rank	1	role	home	inflight	6	threads	16	start_s	304.396619	wall_s	12.584579	setup_s	0.000064	classify_s	12.123946	close_s	0.267260	report_s	0.172332	status	0	sequences	10532910	bases	1945093294	classified	9366399	place	lpt	weight	10532910
ak2-sample	batch	0	name	0-SRR5935786	mode	parallel	s3client	sdk	rank	1	role	home	inflight	6	threads	16	start_s	304.701838	wall_s	12.290216	setup_s	0.000084	classify_s	11.849687	close_s	0.233035	report_s	0.196026	status	0	sequences	10054299	bases	1885642952	classified	9575405	place	lpt	weight	10054299
ak2-sample	batch	0	name	0-SRR5935782	mode	parallel	s3client	sdk	rank	1	role	home	inflight	6	threads	16	start_s	304.519971	wall_s	12.540271	setup_s	0.000059	classify_s	11.983092	close_s	0.377013	report_s	0.172511	status	0	sequences	10128070	bases	1876810820	classified	9942775	place	lpt	weight	10128070
ak2-sample	batch	0	name	0-SRR5935791	mode	parallel	s3client	sdk	rank	1	role	home	inflight	6	threads	16	start_s	304.499470	wall_s	12.700740	setup_s	0.000062	classify_s	12.123951	close_s	0.330978	report_s	0.241120	status	0	sequences	10140194	bases	1929101997	classified	10096895	place	lpt	weight	10140194
6552107 sequences (1182.80 Mbp) processed in 9.126s (43077.0 Kseq/m, 7776.33 Mbp/m).
  6331866 sequences classified (96.64%)
  220241 sequences unclassified (3.36%)
ak2-sample	batch	0	name	0-SRR5935750	mode	parallel	s3client	sdk	rank	1	role	home	inflight	6	threads	16	start_s	317.200249	wall_s	9.695383	setup_s	0.000096	classify_s	9.126131	close_s	0.295951	report_s	0.265847	status	0	sequences	6552107	bases	1182796919	classified	6331866	place	lpt	weight	6552107
7326365 sequences (1333.07 Mbp) processed in 9.614s (45721.3 Kseq/m, 8319.20 Mbp/m).
  6965607 sequences classified (95.08%)
  360758 sequences unclassified (4.92%)
ak2-sample	batch	0	name	0-SRR5935836	mode	parallel	s3client	sdk	rank	1	role	home	inflight	6	threads	16	start_s	317.060276	wall_s	10.125617	setup_s	0.000080	classify_s	9.614383	close_s	0.289771	report_s	0.200644	status	0	sequences	7326365	bases	1333066620	classified	6965607	place	lpt	weight	7326365
8766123 sequences (1609.93 Mbp) processed in 10.465s (50257.9 Kseq/m, 9230.02 Mbp/m).
  8639469 sequences classified (98.56%)
  126654 sequences unclassified (1.44%)
8486948 sequences (1613.12 Mbp) processed in 10.490s (48543.4 Kseq/m, 9226.69 Mbp/m).
  8270605 sequences classified (97.45%)
  216343 sequences unclassified (2.55%)
8326050 sequences (1540.09 Mbp) processed in 10.381s (48125.1 Kseq/m, 8901.82 Mbp/m).
  8094378 sequences classified (97.22%)
  231672 sequences unclassified (2.78%)
ak2-sample	batch	0	name	0-SRR5935826	mode	parallel	s3client	sdk	rank	1	role	home	inflight	6	threads	16	start_s	316.725591	wall_s	10.856726	setup_s	0.000076	classify_s	10.465378	close_s	0.227239	report_s	0.156441	status	0	sequences	8766123	bases	1609927653	classified	8639469	place	lpt	weight	8766123
ak2-sample	batch	0	name	0-SRR5935781	mode	parallel	s3client	sdk	rank	1	role	home	inflight	6	threads	16	start_s	316.763767	wall_s	10.899883	setup_s	0.000069	classify_s	10.489928	close_s	0.257438	report_s	0.143162	status	0	sequences	8486948	bases	1613121343	classified	8270605	place	lpt	weight	8486948
8206591 sequences (1523.97 Mbp) processed in 10.505s (46871.1 Kseq/m, 8703.99 Mbp/m).
  7998445 sequences classified (97.46%)
  208146 sequences unclassified (2.54%)
ak2-sample	batch	0	name	0-SRR5935828	mode	parallel	s3client	sdk	rank	1	role	home	inflight	6	threads	16	start_s	316.981231	wall_s	10.760037	setup_s	0.000079	classify_s	10.380520	close_s	0.207912	report_s	0.159889	status	0	sequences	8326050	bases	1540092338	classified	8094378	place	lpt	weight	8326050
ak2-sample	batch	0	name	0-SRR5935758	mode	parallel	s3client	sdk	rank	1	role	home	inflight	6	threads	16	start_s	316.992087	wall_s	11.038057	setup_s	0.000069	classify_s	10.505307	close_s	0.232072	report_s	0.293568	status	0	sequences	8206591	bases	1523967713	classified	7998445	place	lpt	weight	8206591
1513694 sequences (270.73 Mbp) processed in 3.325s (27316.3 Kseq/m, 4885.67 Mbp/m).
  1488159 sequences classified (98.31%)
  25535 sequences unclassified (1.69%)
1771479 sequences (333.19 Mbp) processed in 3.530s (30109.1 Kseq/m, 5663.04 Mbp/m).
  1476454 sequences classified (83.35%)
  295025 sequences unclassified (16.65%)
ak2-sample	batch	0	name	0-SRR5935789	mode	parallel	s3client	sdk	rank	1	role	home	inflight	6	threads	16	start_s	328.030206	wall_s	3.665572	setup_s	0.000106	classify_s	3.324813	close_s	0.217416	report_s	0.120495	status	0	sequences	1513694	bases	270732465	classified	1488159	place	lpt	weight	1513694
ak2-sample	batch	0	name	0-SRR5935793	mode	parallel	s3client	sdk	rank	1	role	home	inflight	6	threads	16	start_s	327.741361	wall_s	4.049165	setup_s	0.000093	classify_s	3.530125	close_s	0.329934	report_s	0.168677	status	0	sequences	1771479	bases	333187068	classified	1476454	place	lpt	weight	1771479
2823474 sequences (526.09 Mbp) processed in 4.008s (42269.1 Kseq/m, 7875.91 Mbp/m).
  2761157 sequences classified (97.79%)
  62317 sequences unclassified (2.21%)
ak2-sample	batch	0	name	0-SRR5935805	mode	parallel	s3client	sdk	rank	1	role	home	inflight	6	threads	16	start_s	327.663673	wall_s	4.695456	setup_s	0.000103	classify_s	4.007860	close_s	0.443851	report_s	0.239783	status	0	sequences	2823474	bases	526092284	classified	2761157	place	lpt	weight	2823474
5174437 sequences (978.78 Mbp) processed in 5.371s (57805.3 Kseq/m, 10934.23 Mbp/m).
  5104140 sequences classified (98.64%)
  70297 sequences unclassified (1.36%)
ak2-sample	batch	0	name	0-SRR5935763	mode	parallel	s3client	sdk	rank	1	role	home	inflight	6	threads	16	start_s	327.185924	wall_s	5.737947	setup_s	0.000074	classify_s	5.370899	close_s	0.236164	report_s	0.125812	status	0	sequences	5174437	bases	978777662	classified	5104140	place	lpt	weight	5174437
6071697 sequences (1090.39 Mbp) processed in 5.818s (62617.3 Kseq/m, 11245.16 Mbp/m).
  5415115 sequences classified (89.19%)
  656582 sequences unclassified (10.81%)
1085628 sequences (199.24 Mbp) processed in 1.040s (62606.9 Kseq/m, 11490.20 Mbp/m).
  1061820 sequences classified (97.81%)
  23808 sequences unclassified (2.19%)
ak2-sample	batch	0	name	0-SRR5935755	mode	parallel	s3client	sdk	rank	1	role	home	inflight	6	threads	16	start_s	326.895718	wall_s	6.298354	setup_s	0.000078	classify_s	5.817910	close_s	0.245189	report_s	0.223479	status	0	sequences	6071697	bases	1090388750	classified	5415115	place	lpt	weight	6071697
ak2-sample	batch	0	name	0-SRR5935839	mode	parallel	s3client	sdk	rank	1	role	home	inflight	6	threads	16	start_s	331.695818	wall_s	1.583897	setup_s	0.000084	classify_s	1.040424	close_s	0.364442	report_s	0.176435	status	0	sequences	1085628	bases	199244471	classified	1061820	place	lpt	weight	1085628
5072545 sequences (950.40 Mbp) processed in 5.337s (57021.9 Kseq/m, 10683.71 Mbp/m).
  4982177 sequences classified (98.22%)
  90368 sequences unclassified (1.78%)
ak2-sample	batch	0	name	0-SRR5935814	mode	parallel	s3client	sdk	rank	1	role	home	inflight	6	threads	16	start_s	327.582342	wall_s	6.283247	setup_s	0.000076	classify_s	5.337475	close_s	0.719080	report_s	0.220901	status	0	sequences	5072545	bases	950400325	classified	4982177	place	lpt	weight	5072545
ak2-timing	batch-barrier-0	333.865609	0.096649	1	0	0.002652	0.000212
201473 sequences (36.75 Mbp) processed in 2.222s (5439.1 Kseq/m, 992.01 Mbp/m).
  197603 sequences classified (98.08%)
  3870 sequences unclassified (1.92%)
ak2-sample	batch	1	name	1-SRR5935743	mode	parallel	s3client	sdk	rank	1	role	home	inflight	6	threads	16	start_s	333.962340	wall_s	2.806591	setup_s	0.000043	classify_s	2.222486	close_s	0.311015	report_s	0.271235	status	0	sequences	201473	bases	36745424	classified	197603	place	mod	weight	201473
3036382 sequences (569.20 Mbp) processed in 5.155s (35341.3 Kseq/m, 6625.13 Mbp/m).
  2817388 sequences classified (92.79%)
  218994 sequences unclassified (7.21%)
ak2-sample	batch	1	name	1-SRR5935747	mode	parallel	s3client	sdk	rank	1	role	home	inflight	6	threads	16	start_s	333.962312	wall_s	5.687010	setup_s	0.000042	classify_s	5.154955	close_s	0.340974	report_s	0.183642	status	0	sequences	3036382	bases	569204188	classified	2817388	place	mod	weight	3036382
6071697 sequences (1090.39 Mbp) processed in 6.713s (54264.9 Kseq/m, 9745.18 Mbp/m).
  5415115 sequences classified (89.19%)
  656582 sequences unclassified (10.81%)
ak2-sample	batch	1	name	1-SRR5935755	mode	parallel	s3client	sdk	rank	1	role	home	inflight	6	threads	16	start_s	339.649415	wall_s	7.191066	setup_s	0.000102	classify_s	6.713401	close_s	0.216482	report_s	0.245353	status	0	sequences	6071697	bases	1090388750	classified	5415115	place	mod	weight	6071697
10492437 sequences (1984.14 Mbp) processed in 12.815s (49127.1 Kseq/m, 9290.04 Mbp/m).
  9889429 sequences classified (94.25%)
  603008 sequences unclassified (5.75%)
ak2-sample	batch	1	name	1-SRR5935745	mode	parallel	s3client	sdk	rank	1	role	home	inflight	6	threads	16	start_s	333.962304	wall_s	13.528735	setup_s	0.000048	classify_s	12.814632	close_s	0.297177	report_s	0.402511	status	0	sequences	10492437	bases	1984140901	classified	9889429	place	mod	weight	10492437
14164085 sequences (2640.40 Mbp) processed in 16.113s (52741.6 Kseq/m, 9831.82 Mbp/m).
  13689575 sequences classified (96.65%)
  474510 sequences unclassified (3.35%)
ak2-sample	batch	1	name	1-SRR5935753	mode	parallel	s3client	sdk	rank	1	role	home	inflight	6	threads	16	start_s	336.769041	wall_s	16.800431	setup_s	0.000088	classify_s	16.113381	close_s	0.343464	report_s	0.330244	status	0	sequences	14164085	bases	2640398097	classified	13689575	place	mod	weight	14164085
16518263 sequences (3051.28 Mbp) processed in 19.595s (50577.8 Kseq/m, 9342.82 Mbp/m).
  16141470 sequences classified (97.72%)
  376793 sequences unclassified (2.28%)
ak2-sample	batch	1	name	1-SRR5935741	mode	parallel	s3client	sdk	rank	1	role	home	inflight	6	threads	16	start_s	333.962328	wall_s	20.452101	setup_s	0.000043	classify_s	19.595478	close_s	0.372822	report_s	0.472478	status	0	sequences	16518263	bases	3051284850	classified	16141470	place	mod	weight	16518263
18645445 sequences (3449.57 Mbp) processed in 20.994s (53286.7 Kseq/m, 9858.52 Mbp/m).
  18393099 sequences classified (98.65%)
  252346 sequences unclassified (1.35%)
18879904 sequences (3539.14 Mbp) processed in 21.170s (53508.9 Kseq/m, 10030.53 Mbp/m).
  18627146 sequences classified (98.66%)
  252758 sequences unclassified (1.34%)
ak2-sample	batch	1	name	1-SRR5935751	mode	parallel	s3client	sdk	rank	1	role	home	inflight	6	threads	16	start_s	333.962292	wall_s	21.639975	setup_s	0.000049	classify_s	20.994476	close_s	0.252034	report_s	0.376653	status	0	sequences	18645445	bases	3449573600	classified	18393099	place	mod	weight	18645445
ak2-sample	batch	1	name	1-SRR5935749	mode	parallel	s3client	sdk	rank	1	role	home	inflight	6	threads	16	start_s	333.962318	wall_s	22.212199	setup_s	0.000041	classify_s	21.170186	close_s	0.445119	report_s	0.585259	status	0	sequences	18879904	bases	3539135454	classified	18627146	place	mod	weight	18879904
5174437 sequences (978.78 Mbp) processed in 5.717s (54309.2 Kseq/m, 10272.92 Mbp/m).
  5104140 sequences classified (98.64%)
  70297 sequences unclassified (1.36%)
ak2-sample	batch	1	name	1-SRR5935763	mode	parallel	s3client	sdk	rank	1	role	home	inflight	6	threads	16	start_s	354.414523	wall_s	6.551650	setup_s	0.000099	classify_s	5.716646	close_s	0.497727	report_s	0.331664	status	0	sequences	5174437	bases	978777662	classified	5104140	place	mod	weight	5174437
5166420 sequences (956.19 Mbp) processed in 6.121s (50644.9 Kseq/m, 9373.26 Mbp/m).
  4901709 sequences classified (94.88%)
  264711 sequences unclassified (5.12%)
ak2-sample	batch	1	name	1-SRR5935767	mode	parallel	s3client	sdk	rank	1	role	home	inflight	6	threads	16	start_s	356.175142	wall_s	7.075634	setup_s	0.000088	classify_s	6.120765	close_s	0.585623	report_s	0.361541	status	0	sequences	5166420	bases	956191777	classified	4901709	place	mod	weight	5166420
16286650 sequences (3018.35 Mbp) processed in 16.562s (59003.4 Kseq/m, 10934.91 Mbp/m).
  15278935 sequences classified (93.81%)
  1007715 sequences unclassified (6.19%)
15312868 sequences (2847.18 Mbp) processed in 15.947s (57614.2 Kseq/m, 10712.41 Mbp/m).
  13152387 sequences classified (85.89%)
  2160481 sequences unclassified (14.11%)
ak2-sample	batch	1	name	1-SRR5935757	mode	parallel	s3client	sdk	rank	1	role	home	inflight	6	threads	16	start_s	346.840512	wall_s	17.239927	setup_s	0.000095	classify_s	16.561754	close_s	0.271420	report_s	0.385028	status	0	sequences	16286650	bases	3018354004	classified	15278935	place	mod	weight	16286650
ak2-sample	batch	1	name	1-SRR5935759	mode	parallel	s3client	sdk	rank	1	role	home	inflight	6	threads	16	start_s	347.491070	wall_s	17.802474	setup_s	0.000341	classify_s	15.946970	close_s	0.304358	report_s	1.533048	status	0	sequences	15312868	bases	2847175138	classified	13152387	place	mod	weight	15312868
10590116 sequences (1935.91 Mbp) processed in 11.266s (56398.3 Kseq/m, 10309.79 Mbp/m).
  10426493 sequences classified (98.45%)
  163623 sequences unclassified (1.55%)
ak2-sample	batch	1	name	1-SRR5935765	mode	parallel	s3client	sdk	rank	1	role	home	inflight	6	threads	16	start_s	355.602307	wall_s	11.987386	setup_s	0.000084	classify_s	11.266430	close_s	0.290910	report_s	0.420164	status	0	sequences	10590116	bases	1935908855	classified	10426493	place	mod	weight	10590116
14191749 sequences (2646.88 Mbp) processed in 14.557s (58495.4 Kseq/m, 10909.87 Mbp/m).
  13987275 sequences classified (98.56%)
  204474 sequences unclassified (1.44%)
ak2-sample	batch	1	name	1-SRR5935761	mode	parallel	s3client	sdk	rank	1	role	home	inflight	6	threads	16	start_s	353.569504	wall_s	15.200331	setup_s	0.000083	classify_s	14.556786	close_s	0.233306	report_s	0.401984	status	0	sequences	14191749	bases	2646878118	classified	13987275	place	mod	weight	14191749
9230220 sequences (1688.15 Mbp) processed in 9.428s (58741.4 Kseq/m, 10743.45 Mbp/m).
  8736529 sequences classified (94.65%)
  493691 sequences unclassified (5.35%)
11374148 sequences (2063.47 Mbp) processed in 11.656s (58547.8 Kseq/m, 10621.59 Mbp/m).
  10686284 sequences classified (93.95%)
  687864 sequences unclassified (6.05%)
ak2-sample	batch	1	name	1-SRR5935769	mode	parallel	s3client	sdk	rank	1	role	home	inflight	6	threads	16	start_s	360.966201	wall_s	12.292071	setup_s	0.001504	classify_s	11.656265	close_s	0.389645	report_s	0.230138	status	0	sequences	11374148	bases	2063466726	classified	10686284	place	mod	weight	11374148
ak2-sample	batch	1	name	1-SRR5935771	mode	parallel	s3client	sdk	rank	1	role	home	inflight	6	threads	16	start_s	363.250803	wall_s	10.021949	setup_s	0.000060	classify_s	9.427986	close_s	0.329847	report_s	0.250521	status	0	sequences	9230220	bases	1688151903	classified	8736529	place	mod	weight	9230220
8173049 sequences (1459.57 Mbp) processed in 8.664s (56603.0 Kseq/m, 10108.32 Mbp/m).
  7956066 sequences classified (97.35%)
  216983 sequences unclassified (2.65%)
2565282 sequences (465.56 Mbp) processed in 3.086s (49883.3 Kseq/m, 9053.13 Mbp/m).
  2508539 sequences classified (97.79%)
  56743 sequences unclassified (2.21%)
ak2-sample	batch	1	name	1-SRR5935777	mode	parallel	s3client	sdk	rank	1	role	home	inflight	6	threads	16	start_s	367.589776	wall_s	9.038497	setup_s	0.000091	classify_s	8.663556	close_s	0.209445	report_s	0.157084	status	0	sequences	8173049	bases	1459565869	classified	7956066	place	mod	weight	8173049
ak2-sample	batch	1	name	1-SRR5935783	mode	parallel	s3client	sdk	rank	1	role	home	inflight	6	threads	16	start_s	373.272870	wall_s	3.557945	setup_s	0.000094	classify_s	3.085538	close_s	0.206965	report_s	0.261112	status	0	sequences	2565282	bases	465562992	classified	2508539	place	mod	weight	2565282
5948317 sequences (1093.47 Mbp) processed in 6.573s (54301.8 Kseq/m, 9982.20 Mbp/m).
  5682744 sequences classified (95.54%)
  265573 sequences unclassified (4.46%)
13010149 sequences (2394.73 Mbp) processed in 12.790s (61034.2 Kseq/m, 11234.35 Mbp/m).
  12910203 sequences classified (99.23%)
  99946 sequences unclassified (0.77%)
ak2-sample	batch	1	name	1-SRR5935779	mode	parallel	s3client	sdk	rank	1	role	home	inflight	6	threads	16	start_s	368.770654	wall_s	9.617369	setup_s	0.000085	classify_s	6.572509	close_s	2.734628	report_s	0.301947	status	0	sequences	5948317	bases	1093467848	classified	5682744	place	mod	weight	5948317
ak2-sample	batch	1	name	1-SRR5935775	mode	parallel	s3client	sdk	rank	1	role	home	inflight	6	threads	16	start_s	365.293637	wall_s	13.295857	setup_s	0.000104	classify_s	12.789701	close_s	0.273081	report_s	0.226365	status	0	sequences	13010149	bases	2394732661	classified	12910203	place	mod	weight	13010149
1513694 sequences (270.73 Mbp) processed in 2.430s (37372.2 Kseq/m, 6684.22 Mbp/m).
  1488159 sequences classified (98.31%)
  25535 sequences unclassified (1.69%)
ak2-sample	batch	1	name	1-SRR5935789	mode	parallel	s3client	sdk	rank	1	role	home	inflight	6	threads	16	start_s	378.388058	wall_s	2.944612	setup_s	0.000074	classify_s	2.430193	close_s	0.208336	report_s	0.303173	status	0	sequences	1513694	bases	270732465	classified	1488159	place	mod	weight	1513694
8486948 sequences (1613.12 Mbp) processed in 8.407s (60572.1 Kseq/m, 11512.99 Mbp/m).
  8270605 sequences classified (97.45%)
  216343 sequences unclassified (2.55%)
ak2-sample	batch	1	name	1-SRR5935781	mode	parallel	s3client	sdk	rank	1	role	home	inflight	6	threads	16	start_s	373.259056	wall_s	9.351580	setup_s	0.000079	classify_s	8.406792	close_s	0.471038	report_s	0.465497	status	0	sequences	8486948	bases	1613121343	classified	8270605	place	mod	weight	8486948
1771479 sequences (333.19 Mbp) processed in 2.294s (46342.3 Kseq/m, 8716.25 Mbp/m).
  1476454 sequences classified (83.35%)
  295025 sequences unclassified (16.65%)
ak2-sample	batch	1	name	1-SRR5935793	mode	parallel	s3client	sdk	rank	1	role	home	inflight	6	threads	16	start_s	381.332756	wall_s	2.959823	setup_s	0.000090	classify_s	2.293559	close_s	0.389490	report_s	0.266986	status	0	sequences	1771479	bases	333187068	classified	1476454	place	mod	weight	1771479
20671571 sequences (3786.10 Mbp) processed in 21.456s (57806.3 Kseq/m, 10587.51 Mbp/m).
  19204656 sequences classified (92.90%)
  1466915 sequences unclassified (7.10%)
ak2-sample	batch	1	name	1-SRR5935773	mode	parallel	s3client	sdk	rank	1	role	home	inflight	6	threads	16	start_s	364.080557	wall_s	22.115224	setup_s	0.000077	classify_s	21.456047	close_s	0.279977	report_s	0.368359	status	0	sequences	20671571	bases	3786101975	classified	19204656	place	mod	weight	20671571
10140194 sequences (1929.10 Mbp) processed in 11.421s (53269.8 Kseq/m, 10134.21 Mbp/m).
  10096895 sequences classified (99.57%)
  43299 sequences unclassified (0.43%)
ak2-sample	batch	1	name	1-SRR5935791	mode	parallel	s3client	sdk	rank	1	role	home	inflight	6	threads	16	start_s	378.589592	wall_s	12.018083	setup_s	0.000085	classify_s	11.421331	close_s	0.234881	report_s	0.354847	status	0	sequences	10140194	bases	1929101997	classified	10096895	place	mod	weight	10140194
13817496 sequences (2535.87 Mbp) processed in 14.241s (58217.7 Kseq/m, 10684.45 Mbp/m).
  12277050 sequences classified (88.85%)
  1540446 sequences unclassified (11.15%)
ak2-sample	batch	1	name	1-SRR5935785	mode	parallel	s3client	sdk	rank	1	role	home	inflight	6	threads	16	start_s	376.628387	wall_s	15.354046	setup_s	0.000073	classify_s	14.240513	close_s	0.273086	report_s	0.751618	status	0	sequences	13817496	bases	2535866229	classified	12277050	place	mod	weight	13817496
8439357 sequences (1550.81 Mbp) processed in 9.445s (53611.6 Kseq/m, 9851.64 Mbp/m).
  8138623 sequences classified (96.44%)
  300734 sequences unclassified (3.56%)
16351397 sequences (3065.56 Mbp) processed in 17.441s (56252.6 Kseq/m, 10546.22 Mbp/m).
  16166849 sequences classified (98.87%)
  184548 sequences unclassified (1.13%)
ak2-sample	batch	1	name	1-SRR5935797	mode	parallel	s3client	sdk	rank	1	role	home	inflight	6	threads	16	start_s	384.292696	wall_s	10.384067	setup_s	0.000095	classify_s	9.444994	close_s	0.737174	report_s	0.191914	status	0	sequences	8439357	bases	1550811438	classified	8138623	place	mod	weight	8439357
ak2-sample	batch	1	name	1-SRR5935787	mode	parallel	s3client	sdk	rank	1	role	home	inflight	6	threads	16	start_s	376.830946	wall_s	17.968890	setup_s	0.000087	classify_s	17.440694	close_s	0.365204	report_s	0.153143	status	0	sequences	16351397	bases	3065557655	classified	16166849	place	mod	weight	16351397
11924297 sequences (2214.84 Mbp) processed in 12.083s (59210.9 Kseq/m, 10997.95 Mbp/m).
  11742476 sequences classified (98.48%)
  181821 sequences unclassified (1.52%)
ak2-sample	batch	1	name	1-SRR5935795	mode	parallel	s3client	sdk	rank	1	role	home	inflight	6	threads	16	start_s	382.614905	wall_s	12.695205	setup_s	0.000195	classify_s	12.083214	close_s	0.265112	report_s	0.338251	status	0	sequences	11924297	bases	2214843465	classified	11742476	place	mod	weight	11924297
9090205 sequences (1661.37 Mbp) processed in 9.064s (60171.4 Kseq/m, 10997.24 Mbp/m).
  7439975 sequences classified (81.85%)
  1650230 sequences unclassified (18.15%)
ak2-sample	batch	1	name	1-SRR5935799	mode	parallel	s3client	sdk	rank	1	role	home	inflight	6	threads	16	start_s	386.195877	wall_s	10.188710	setup_s	0.000090	classify_s	9.064304	close_s	0.297937	report_s	0.635288	status	0	sequences	9090205	bases	1661371324	classified	7439975	place	mod	weight	9090205
1539039 sequences (293.66 Mbp) processed in 2.259s (40881.1 Kseq/m, 7800.36 Mbp/m).
  1494119 sequences classified (97.08%)
  44920 sequences unclassified (2.92%)
ak2-sample	batch	1	name	1-SRR5935809	mode	parallel	s3client	sdk	rank	1	role	home	inflight	6	threads	16	start_s	395.310191	wall_s	2.789468	setup_s	0.000074	classify_s	2.258803	close_s	0.376348	report_s	0.149558	status	0	sequences	1539039	bases	293657718	classified	1494119	place	mod	weight	1539039
2823474 sequences (526.09 Mbp) processed in 3.526s (48040.4 Kseq/m, 8951.27 Mbp/m).
  2761157 sequences classified (97.79%)
  62317 sequences unclassified (2.21%)
ak2-sample	batch	1	name	1-SRR5935805	mode	parallel	s3client	sdk	rank	1	role	home	inflight	6	threads	16	start_s	394.676851	wall_s	4.073459	setup_s	0.000069	classify_s	3.526376	close_s	0.223076	report_s	0.318859	status	0	sequences	2823474	bases	526092284	classified	2761157	place	mod	weight	2823474
13162386 sequences (2465.10 Mbp) processed in 14.038s (56255.6 Kseq/m, 10535.74 Mbp/m).
  12297712 sequences classified (93.43%)
  864674 sequences unclassified (6.57%)
ak2-sample	batch	1	name	1-SRR5935801	mode	parallel	s3client	sdk	rank	1	role	home	inflight	6	threads	16	start_s	390.607767	wall_s	14.691422	setup_s	0.000083	classify_s	14.038481	close_s	0.296911	report_s	0.339230	status	0	sequences	13162386	bases	2465096767	classified	12297712	place	mod	weight	13162386
7153468 sequences (1337.27 Mbp) processed in 8.229s (52160.0 Kseq/m, 9750.78 Mbp/m).
  6947959 sequences classified (97.13%)
  205509 sequences unclassified (2.87%)
ak2-sample	batch	1	name	1-SRR5935815	mode	parallel	s3client	sdk	rank	1	role	home	inflight	6	threads	16	start_s	398.750423	wall_s	8.919024	setup_s	0.000115	classify_s	8.228688	close_s	0.335277	report_s	0.345964	status	0	sequences	7153468	bases	1337267943	classified	6947959	place	mod	weight	7153468
10067025 sequences (1870.49 Mbp) processed in 11.236s (53759.8 Kseq/m, 9988.78 Mbp/m).
  9884918 sequences classified (98.19%)
  182107 sequences unclassified (1.81%)
ak2-sample	batch	1	name	1-SRR5935811	mode	parallel	s3client	sdk	rank	1	role	home	inflight	6	threads	16	start_s	396.384720	wall_s	12.067725	setup_s	0.000091	classify_s	11.235571	close_s	0.331550	report_s	0.492502	status	0	sequences	10067025	bases	1870494351	classified	9884918	place	mod	weight	10067025
297656 sequences (54.18 Mbp) processed in 0.951s (18775.8 Kseq/m, 3417.39 Mbp/m).
  290837 sequences classified (97.71%)
  6819 sequences unclassified (2.29%)
ak2-sample	batch	1	name	1-SRR5935821	mode	parallel	s3client	sdk	rank	1	role	home	inflight	6	threads	16	start_s	408.452529	wall_s	1.993044	setup_s	0.000068	classify_s	0.951190	close_s	0.799828	report_s	0.240747	status	0	sequences	297656	bases	54176352	classified	290837	place	mod	weight	297656
18392491 sequences (3418.71 Mbp) processed in 18.828s (58612.6 Kseq/m, 10894.62 Mbp/m).
  18064386 sequences classified (98.22%)
  328105 sequences unclassified (1.78%)
ak2-sample	batch	1	name	1-SRR5935803	mode	parallel	s3client	sdk	rank	1	role	home	inflight	6	threads	16	start_s	391.982467	wall_s	19.526788	setup_s	0.000094	classify_s	18.827862	close_s	0.338907	report_s	0.339972	status	0	sequences	18392491	bases	3418705365	classified	18064386	place	mod	weight	18392491
16708997 sequences (3043.02 Mbp) processed in 17.893s (56030.1 Kseq/m, 10204.15 Mbp/m).
  15000245 sequences classified (89.77%)
  1708752 sequences unclassified (10.23%)
ak2-sample	batch	1	name	1-SRR5935807	mode	parallel	s3client	sdk	rank	1	role	home	inflight	6	threads	16	start_s	394.799930	wall_s	18.554959	setup_s	0.000090	classify_s	17.892865	close_s	0.218391	report_s	0.395690	status	0	sequences	16708997	bases	3043023590	classified	15000245	place	mod	weight	16708997
16980616 sequences (3155.64 Mbp) processed in 18.127s (56205.4 Kseq/m, 10445.08 Mbp/m).
  16106690 sequences classified (94.85%)
  873926 sequences unclassified (5.15%)
ak2-sample	batch	1	name	1-SRR5935813	mode	parallel	s3client	sdk	rank	1	role	home	inflight	6	threads	16	start_s	398.099693	wall_s	18.782576	setup_s	0.000116	classify_s	18.127030	close_s	0.309005	report_s	0.327915	status	0	sequences	16980616	bases	3155638888	classified	16106690	place	mod	weight	16980616
10896278 sequences (2024.82 Mbp) processed in 11.502s (56839.9 Kseq/m, 10562.39 Mbp/m).
  10712521 sequences classified (98.31%)
  183757 sequences unclassified (1.69%)
ak2-sample	batch	1	name	1-SRR5935819	mode	parallel	s3client	sdk	rank	1	role	home	inflight	6	threads	16	start_s	407.669544	wall_s	12.181039	setup_s	0.000117	classify_s	11.502069	close_s	0.270653	report_s	0.401200	status	0	sequences	10896278	bases	2024821947	classified	10712521	place	mod	weight	10896278
14261195 sequences (2665.70 Mbp) processed in 14.809s (57780.2 Kseq/m, 10800.25 Mbp/m).
  13980324 sequences classified (98.03%)
  280871 sequences unclassified (1.97%)
ak2-sample	batch	1	name	1-SRR5935817	mode	parallel	s3client	sdk	rank	1	role	home	inflight	6	threads	16	start_s	405.299217	wall_s	15.670212	setup_s	0.000091	classify_s	14.809081	close_s	0.401752	report_s	0.429995	status	0	sequences	14261195	bases	2665696979	classified	13980324	place	mod	weight	14261195
11458367 sequences (2115.94 Mbp) processed in 12.408s (55409.2 Kseq/m, 10232.03 Mbp/m).
  9654089 sequences classified (84.25%)
  1804278 sequences unclassified (15.75%)
ak2-sample	batch	1	name	1-SRR5935825	mode	parallel	s3client	sdk	rank	1	role	home	inflight	6	threads	16	start_s	411.509339	wall_s	13.106237	setup_s	0.000095	classify_s	12.407716	close_s	0.280256	report_s	0.365500	status	0	sequences	11458367	bases	2115935464	classified	9654089	place	mod	weight	11458367
1341509 sequences (254.99 Mbp) processed in 1.998s (40277.8 Kseq/m, 7656.00 Mbp/m).
  1320808 sequences classified (98.46%)
  20701 sequences unclassified (1.54%)
ak2-sample	batch	1	name	1-SRR5935835	mode	parallel	s3client	sdk	rank	1	role	home	inflight	6	threads	16	start_s	424.615667	wall_s	2.483709	setup_s	0.000088	classify_s	1.998385	close_s	0.253490	report_s	0.228556	status	0	sequences	1341509	bases	254993682	classified	1320808	place	mod	weight	1341509
11220767 sequences (2068.35 Mbp) processed in 12.674s (53122.3 Kseq/m, 9792.15 Mbp/m).
  10523542 sequences classified (93.79%)
  697225 sequences unclassified (6.21%)
ak2-sample	batch	1	name	1-SRR5935829	mode	parallel	s3client	sdk	rank	1	role	home	inflight	6	threads	16	start_s	416.882396	wall_s	13.368406	setup_s	0.000099	classify_s	12.673517	close_s	0.341614	report_s	0.336925	status	0	sequences	11220767	bases	2068350513	classified	10523542	place	mod	weight	11220767
16260968 sequences (3012.84 Mbp) processed in 17.759s (54939.8 Kseq/m, 10179.26 Mbp/m).
  15948766 sequences classified (98.08%)
  312202 sequences unclassified (1.92%)
ak2-sample	batch	1	name	1-SRR5935827	mode	parallel	s3client	sdk	rank	1	role	home	inflight	6	threads	16	start_s	413.354977	wall_s	18.365674	setup_s	0.000087	classify_s	17.758678	close_s	0.319652	report_s	0.276611	status	0	sequences	16260968	bases	3012837135	classified	15948766	place	mod	weight	16260968
1085628 sequences (199.24 Mbp) processed in 1.565s (41609.3 Kseq/m, 7636.52 Mbp/m).
  1061820 sequences classified (97.81%)
  23808 sequences unclassified (2.19%)
ak2-sample	batch	1	name	1-SRR5935839	mode	parallel	s3client	sdk	rank	1	role	home	inflight	6	threads	16	start_s	430.250920	wall_s	1.973702	setup_s	0.000114	classify_s	1.565462	close_s	0.221282	report_s	0.183895	status	0	sequences	1085628	bases	199244471	classified	1061820	place	mod	weight	1085628
20770968 sequences (3886.70 Mbp) processed in 21.942s (56798.2 Kseq/m, 10628.17 Mbp/m).
  20594735 sequences classified (99.15%)
  176233 sequences unclassified (0.85%)
ak2-sample	batch	1	name	1-SRR5935823	mode	parallel	s3client	sdk	rank	1	role	home	inflight	6	threads	16	start_s	410.445676	wall_s	22.416337	setup_s	0.000068	classify_s	21.941848	close_s	0.277187	report_s	0.189552	status	0	sequences	20770968	bases	3886695944	classified	20594735	place	mod	weight	20770968
12793053 sequences (2357.69 Mbp) processed in 12.814s (59903.2 Kseq/m, 11039.81 Mbp/m).
  12609886 sequences classified (98.57%)
  183167 sequences unclassified (1.43%)
ak2-sample	batch	1	name	1-SRR5935831	mode	parallel	s3client	sdk	rank	1	role	home	inflight	6	threads	16	start_s	419.850706	wall_s	13.179432	setup_s	0.001633	classify_s	12.813725	close_s	0.224959	report_s	0.132297	status	0	sequences	12793053	bases	2357685670	classified	12609886	place	mod	weight	12793053
12711109 sequences (2382.42 Mbp) processed in 12.589s (60582.8 Kseq/m, 11354.92 Mbp/m).
  11452616 sequences classified (90.10%)
  1258493 sequences unclassified (9.90%)
ak2-sample	batch	1	name	1-SRR5935833	mode	parallel	s3client	sdk	rank	1	role	home	inflight	6	threads	16	start_s	420.969561	wall_s	12.995820	setup_s	0.000086	classify_s	12.588824	close_s	0.219149	report_s	0.166757	status	0	sequences	12711109	bases	2382418955	classified	11452616	place	mod	weight	12711109
9337913 sequences (1691.90 Mbp) processed in 7.513s (74570.3 Kseq/m, 13511.11 Mbp/m).
  8897092 sequences classified (95.28%)
  440821 sequences unclassified (4.72%)
ak2-sample	batch	1	name	1-SRR5935837	mode	parallel	s3client	sdk	rank	1	role	home	inflight	6	threads	16	start_s	427.099408	wall_s	7.951706	setup_s	0.000100	classify_s	7.513379	close_s	0.233464	report_s	0.194131	status	0	sequences	9337913	bases	1691901005	classified	8897092	place	mod	weight	9337913
ak2-timing	batch-barrier-1	435.051140	14.872621	6759	0	35.739202	3.724368
16720060 sequences (3103.13 Mbp) processed in 19.984s (50199.2 Kseq/m, 9316.64 Mbp/m).
  16427692 sequences classified (98.25%)
  292368 sequences unclassified (1.75%)
16518263 sequences (3051.28 Mbp) processed in 20.095s (49319.6 Kseq/m, 9110.42 Mbp/m).
  16141470 sequences classified (97.72%)
  376793 sequences unclassified (2.28%)
16980616 sequences (3155.64 Mbp) processed in 20.214s (50403.7 Kseq/m, 9366.90 Mbp/m).
  16106690 sequences classified (94.85%)
  873926 sequences unclassified (5.15%)
ak2-sample	batch	2	name	2-SRR5935741	mode	parallel	s3client	sdk	rank	1	role	home	inflight	6	threads	16	start_s	449.923816	wall_s	20.498028	setup_s	0.000052	classify_s	20.095356	close_s	0.228699	report_s	0.162724	status	0	sequences	16518263	bases	3051284850	classified	16141470	place	lpt	weight	16518263
ak2-sample	batch	2	name	2-SRR5935802	mode	parallel	s3client	sdk	rank	1	role	home	inflight	6	threads	16	start_s	449.923866	wall_s	20.514596	setup_s	0.000098	classify_s	19.984454	close_s	0.304151	report_s	0.214591	status	0	sequences	16720060	bases	3103131942	classified	16427692	place	lpt	weight	16720060
ak2-sample	batch	2	name	2-SRR5935813	mode	parallel	s3client	sdk	rank	1	role	home	inflight	6	threads	16	start_s	449.923854	wall_s	20.713871	setup_s	0.000054	classify_s	20.213547	close_s	0.227570	report_s	0.255046	status	0	sequences	16980616	bases	3155638888	classified	16106690	place	lpt	weight	16980616
18392491 sequences (3418.71 Mbp) processed in 20.854s (52917.0 Kseq/m, 9835.96 Mbp/m).
  18064386 sequences classified (98.22%)
  328105 sequences unclassified (1.78%)
ak2-sample	batch	2	name	2-SRR5935803	mode	parallel	s3client	sdk	rank	1	role	home	inflight	6	threads	16	start_s	449.923826	wall_s	21.624370	setup_s	0.000044	classify_s	20.854332	close_s	0.308928	report_s	0.443888	status	0	sequences	18392491	bases	3418705365	classified	18064386	place	lpt	weight	18392491
20086542 sequences (3689.65 Mbp) processed in 23.009s (52378.8 Kseq/m, 9621.34 Mbp/m).
  19142785 sequences classified (95.30%)
  943757 sequences unclassified (4.70%)
ak2-sample	batch	2	name	2-SRR5935798	mode	parallel	s3client	sdk	rank	1	role	home	inflight	6	threads	16	start_s	449.923839	wall_s	23.858930	setup_s	0.000045	classify_s	23.009145	close_s	0.233810	report_s	0.577280	status	0	sequences	20086542	bases	3689648337	classified	19142785	place	lpt	weight	20086542
20671571 sequences (3786.10 Mbp) processed in 24.510s (50603.6 Kseq/m, 9268.31 Mbp/m).
  19204656 sequences classified (92.90%)
  1466915 sequences unclassified (7.10%)
ak2-sample	batch	2	name	2-SRR5935773	mode	parallel	s3client	sdk	rank	1	role	home	inflight	6	threads	16	start_s	449.923818	wall_s	25.321631	setup_s	0.000049	classify_s	24.509980	close_s	0.264291	report_s	0.536083	status	0	sequences	20671571	bases	3786101975	classified	19204656	place	lpt	weight	20671571
15500933 sequences (2889.47 Mbp) processed in 17.866s (52057.5 Kseq/m, 9703.84 Mbp/m).
  14777244 sequences classified (95.33%)
  723689 sequences unclassified (4.67%)
ak2-sample	batch	2	name	2-SRR5935808	mode	parallel	s3client	sdk	rank	1	role	home	inflight	6	threads	16	start_s	470.637763	wall_s	18.358302	setup_s	0.000088	classify_s	17.865930	close_s	0.265987	report_s	0.212926	status	0	sequences	15500933	bases	2889469649	classified	14777244	place	lpt	weight	15500933
16286650 sequences (3018.35 Mbp) processed in 18.488s (52854.6 Kseq/m, 9795.37 Mbp/m).
  15278935 sequences classified (93.81%)
  1007715 sequences unclassified (6.19%)
ak2-sample	batch	2	name	2-SRR5935757	mode	parallel	s3client	sdk	rank	1	role	home	inflight	6	threads	16	start_s	470.421925	wall_s	19.062534	setup_s	0.000072	classify_s	18.488447	close_s	0.336759	report_s	0.218778	status	0	sequences	16286650	bases	3018354004	classified	15278935	place	lpt	weight	16286650
15328347 sequences (2853.53 Mbp) processed in 17.526s (52476.4 Kseq/m, 9769.01 Mbp/m).
  14998872 sequences classified (97.85%)
  329475 sequences unclassified (2.15%)
16180463 sequences (3026.48 Mbp) processed in 18.550s (52334.8 Kseq/m, 9788.98 Mbp/m).
  15739294 sequences classified (97.27%)
  441169 sequences unclassified (2.73%)
ak2-sample	batch	2	name	2-SRR5935770	mode	parallel	s3client	sdk	rank	1	role	home	inflight	6	threads	16	start_s	470.438563	wall_s	19.260405	setup_s	0.000070	classify_s	18.550339	close_s	0.499791	report_s	0.197901	status	0	sequences	16180463	bases	3026482353	classified	15739294	place	lpt	weight	16180463
ak2-sample	batch	2	name	2-SRR5935744	mode	parallel	s3client	sdk	rank	1	role	home	inflight	6	threads	16	start_s	471.548283	wall_s	18.152773	setup_s	0.026859	classify_s	17.525995	close_s	0.376745	report_s	0.212112	status	0	sequences	15328347	bases	2853526686	classified	14998872	place	lpt	weight	15328347
15280552 sequences (2858.11 Mbp) processed in 16.075s (57035.1 Kseq/m, 10667.98 Mbp/m).
  13785544 sequences classified (90.22%)
  1495008 sequences unclassified (9.78%)
ak2-sample	batch	2	name	2-SRR5935810	mode	parallel	s3client	sdk	rank	1	role	home	inflight	6	threads	16	start_s	473.782875	wall_s	16.955267	setup_s	0.000106	classify_s	16.074894	close_s	0.281657	report_s	0.548830	status	0	sequences	15280552	bases	2858109884	classified	13785544	place	lpt	weight	15280552
15080696 sequences (2770.85 Mbp) processed in 16.525s (54757.1 Kseq/m, 10060.78 Mbp/m).
  14478381 sequences classified (96.01%)
  602315 sequences unclassified (3.99%)
ak2-sample	batch	2	name	2-SRR5935800	mode	parallel	s3client	sdk	rank	1	role	home	inflight	6	threads	16	start_s	475.245493	wall_s	17.373824	setup_s	0.000071	classify_s	16.524645	close_s	0.392955	report_s	0.445530	status	0	sequences	15080696	bases	2770846238	classified	14478381	place	lpt	weight	15080696
14800056 sequences (2772.79 Mbp) processed in 16.455s (53965.6 Kseq/m, 10110.45 Mbp/m).
  14536791 sequences classified (98.22%)
  263265 sequences unclassified (1.78%)
14191749 sequences (2646.88 Mbp) processed in 15.878s (53628.6 Kseq/m, 10002.17 Mbp/m).
  13987275 sequences classified (98.56%)
  204474 sequences unclassified (1.44%)
ak2-sample	batch	2	name	2-SRR5935784	mode	parallel	s3client	sdk	rank	1	role	home	inflight	6	threads	16	start_s	488.996090	wall_s	16.937185	setup_s	0.000069	classify_s	16.454995	close_s	0.307064	report_s	0.153186	status	0	sequences	14800056	bases	2772790740	classified	14536791	place	lpt	weight	14800056
ak2-sample	batch	2	name	2-SRR5935761	mode	parallel	s3client	sdk	rank	1	role	home	inflight	6	threads	16	start_s	489.701289	wall_s	16.300573	setup_s	0.000073	classify_s	15.877827	close_s	0.252225	report_s	0.160324	status	0	sequences	14191749	bases	2646878118	classified	13987275	place	lpt	weight	14191749
14303962 sequences (2635.98 Mbp) processed in 16.362s (52452.3 Kseq/m, 9666.07 Mbp/m).
  14029845 sequences classified (98.08%)
  274117 sequences unclassified (1.92%)
ak2-sample	batch	2	name	2-SRR5935830	mode	parallel	s3client	sdk	rank	1	role	home	inflight	6	threads	16	start_s	489.484506	wall_s	16.858369	setup_s	0.000097	classify_s	16.362267	close_s	0.334028	report_s	0.152954	status	0	sequences	14303962	bases	2635979010	classified	14029845	place	lpt	weight	14303962
14298074 sequences (2663.28 Mbp) processed in 16.483s (52045.2 Kseq/m, 9694.38 Mbp/m).
  14234512 sequences classified (99.56%)
  63562 sequences unclassified (0.44%)
ak2-sample	batch	2	name	2-SRR5935752	mode	parallel	s3client	sdk	rank	1	role	home	inflight	6	threads	16	start_s	489.699546	wall_s	16.893677	setup_s	0.000068	classify_s	16.483445	close_s	0.261212	report_s	0.143626	status	0	sequences	14298074	bases	2663280360	classified	14234512	place	lpt	weight	14298074
13817496 sequences (2535.87 Mbp) processed in 15.672s (52900.2 Kseq/m, 9708.54 Mbp/m).
  12277050 sequences classified (88.85%)
  1540446 sequences unclassified (11.15%)
ak2-sample	batch	2	name	2-SRR5935785	mode	parallel	s3client	sdk	rank	1	role	home	inflight	6	threads	16	start_s	490.738179	wall_s	16.177316	setup_s	0.000077	classify_s	15.671968	close_s	0.213210	report_s	0.266631	status	0	sequences	13817496	bases	2535866229	classified	12277050	place	lpt	weight	13817496
13404063 sequences (2484.45 Mbp) processed in 14.050s (57241.6 Kseq/m, 10609.74 Mbp/m).
  13071600 sequences classified (97.52%)
  332463 sequences unclassified (2.48%)
ak2-sample	batch	2	name	2-SRR5935794	mode	parallel	s3client	sdk	rank	1	role	home	inflight	6	threads	16	start_s	492.619350	wall_s	14.790178	setup_s	0.000117	classify_s	14.049999	close_s	0.273596	report_s	0.454829	status	0	sequences	13404063	bases	2484447317	classified	13071600	place	lpt	weight	13404063
13010149 sequences (2394.73 Mbp) processed in 13.997s (55771.0 Kseq/m, 10265.57 Mbp/m).
  12910203 sequences classified (99.23%)
  99946 sequences unclassified (0.77%)
ak2-sample	batch	2	name	2-SRR5935775	mode	parallel	s3client	sdk	rank	1	role	home	inflight	6	threads	16	start_s	506.001896	wall_s	14.644902	setup_s	0.000064	classify_s	13.996685	close_s	0.231943	report_s	0.408685	status	0	sequences	13010149	bases	2394732661	classified	12910203	place	lpt	weight	13010149
13253368 sequences (2414.15 Mbp) processed in 14.606s (54444.1 Kseq/m, 9917.21 Mbp/m).
  12329188 sequences classified (93.03%)
  924180 sequences unclassified (6.97%)
12325847 sequences (2261.51 Mbp) processed in 14.072s (52555.0 Kseq/m, 9642.64 Mbp/m).
  11791754 sequences classified (95.67%)
  534093 sequences unclassified (4.33%)
12610038 sequences (2321.59 Mbp) processed in 14.368s (52658.9 Kseq/m, 9694.87 Mbp/m).
  12099380 sequences classified (95.95%)
  510658 sequences unclassified (4.05%)
ak2-sample	batch	2	name	2-SRR5935804	mode	parallel	s3client	sdk	rank	1	role	home	inflight	6	threads	16	start_s	505.933300	wall_s	15.118014	setup_s	0.000069	classify_s	14.605843	close_s	0.302390	report_s	0.196022	status	0	sequences	13253368	bases	2414153428	classified	12329188	place	lpt	weight	13253368
ak2-sample	batch	2	name	2-SRR5935742	mode	parallel	s3client	sdk	rank	1	role	home	inflight	6	threads	16	start_s	506.593370	wall_s	14.480943	setup_s	0.000083	classify_s	14.071941	close_s	0.231823	report_s	0.166488	status	0	sequences	12325847	bases	2261511731	classified	11791754	place	lpt	weight	12325847
ak2-sample	batch	2	name	2-SRR5935834	mode	parallel	s3client	sdk	rank	1	role	home	inflight	6	threads	16	start_s	506.342959	wall_s	14.767888	setup_s	0.000095	classify_s	14.367972	close_s	0.242023	report_s	0.147882	status	0	sequences	12610038	bases	2321592529	classified	12099380	place	lpt	weight	12610038
12062510 sequences (2207.30 Mbp) processed in 13.951s (51876.9 Kseq/m, 9492.87 Mbp/m).
  10926608 sequences classified (90.58%)
  1135902 sequences unclassified (9.42%)
11924297 sequences (2214.84 Mbp) processed in 13.594s (52631.5 Kseq/m, 9775.89 Mbp/m).
  11742476 sequences classified (98.48%)
  181821 sequences unclassified (1.52%)
ak2-sample	batch	2	name	2-SRR5935820	mode	parallel	s3client	sdk	rank	1	role	home	inflight	6	threads	16	start_s	506.915520	wall_s	14.376844	setup_s	0.000089	classify_s	13.951299	close_s	0.230127	report_s	0.176833	status	0	sequences	12062510	bases	2207297835	classified	10926608	place	lpt	weight	12062510
ak2-sample	batch	2	name	2-SRR5935795	mode	parallel	s3client	sdk	rank	1	role	home	inflight	6	threads	16	start_s	507.409598	wall_s	14.142342	setup_s	0.000080	classify_s	13.593710	close_s	0.221451	report_s	0.319491	status	0	sequences	11924297	bases	2214843465	classified	11742476	place	lpt	weight	11924297
11012615 sequences (2057.95 Mbp) processed in 13.246s (49882.0 Kseq/m, 9321.56 Mbp/m).
  10686469 sequences classified (97.04%)
  326146 sequences unclassified (2.96%)
11689489 sequences (2123.44 Mbp) processed in 13.778s (50906.8 Kseq/m, 9247.42 Mbp/m).
  11327502 sequences classified (96.90%)
  361987 sequences unclassified (3.10%)
ak2-sample	batch	2	name	2-SRR5935746	mode	parallel	s3client	sdk	rank	1	role	home	inflight	6	threads	16	start_s	521.110871	wall_s	13.645804	setup_s	0.000054	classify_s	13.246410	close_s	0.237472	report_s	0.152962	status	0	sequences	11012615	bases	2057953866	classified	10686469	place	lpt	weight	11012615
ak2-sample	batch	2	name	2-SRR5935764	mode	parallel	s3client	sdk	rank	1	role	home	inflight	6	threads	16	start_s	520.646826	wall_s	14.159434	setup_s	0.000079	classify_s	13.777516	close_s	0.233651	report_s	0.138197	status	0	sequences	11689489	bases	2123440867	classified	11327502	place	lpt	weight	11689489
11374148 sequences (2063.47 Mbp) processed in 13.615s (50124.1 Kseq/m, 9093.37 Mbp/m).
  10686284 sequences classified (93.95%)
  687864 sequences unclassified (6.05%)
11073410 sequences (2024.07 Mbp) processed in 13.599s (48856.1 Kseq/m, 8930.25 Mbp/m).
  10832572 sequences classified (97.83%)
  240838 sequences unclassified (2.17%)
10590116 sequences (1935.91 Mbp) processed in 13.252s (47949.5 Kseq/m, 8765.33 Mbp/m).
  10426493 sequences classified (98.45%)
  163623 sequences unclassified (1.55%)
10716528 sequences (1994.96 Mbp) processed in 13.555s (47435.8 Kseq/m, 8830.51 Mbp/m).
  10376259 sequences classified (96.82%)
  340269 sequences unclassified (3.18%)
ak2-sample	batch	2	name	2-SRR5935769	mode	parallel	s3client	sdk	rank	1	role	home	inflight	6	threads	16	start_s	521.051339	wall_s	14.093223	setup_s	0.000055	classify_s	13.615189	close_s	0.231942	report_s	0.234463	status	0	sequences	11374148	bases	2063466726	classified	10686284	place	lpt	weight	11374148
ak2-sample	batch	2	name	2-SRR5935788	mode	parallel	s3client	sdk	rank	1	role	home	inflight	6	threads	16	start_s	521.074344	wall_s	14.073320	setup_s	0.000064	classify_s	13.599215	close_s	0.233441	report_s	0.234109	status	0	sequences	11073410	bases	2024074094	classified	10832572	place	lpt	weight	11073410
ak2-sample	batch	2	name	2-SRR5935765	mode	parallel	s3client	sdk	rank	1	role	home	inflight	6	threads	16	start_s	521.553064	wall_s	13.678992	setup_s	0.008855	classify_s	13.251583	close_s	0.242333	report_s	0.170055	status	0	sequences	10590116	bases	1935908855	classified	10426493	place	lpt	weight	10590116
ak2-sample	batch	2	name	2-SRR5935780	mode	parallel	s3client	sdk	rank	1	role	home	inflight	6	threads	16	start_s	521.292385	wall_s	14.083163	setup_s	0.000113	classify_s	13.555001	close_s	0.227825	report_s	0.293070	status	0	sequences	10716528	bases	1994960359	classified	10376259	place	lpt	weight	10716528
9090205 sequences (1661.37 Mbp) processed in 11.857s (45998.5 Kseq/m, 8406.91 Mbp/m).
  7439975 sequences classified (81.85%)
  1650230 sequences unclassified (18.15%)
9202475 sequences (1711.99 Mbp) processed in 12.136s (45497.8 Kseq/m, 8464.23 Mbp/m).
  8810259 sequences classified (95.74%)
  392216 sequences unclassified (4.26%)
ak2-sample	batch	2	name	2-SRR5935799	mode	parallel	s3client	sdk	rank	1	role	home	inflight	6	threads	16	start_s	535.375620	wall_s	12.324443	setup_s	0.001388	classify_s	11.857179	close_s	0.240649	report_s	0.200449	status	0	sequences	9090205	bases	1661371324	classified	7439975	place	lpt	weight	9090205
ak2-sample	batch	2	name	2-SRR5935790	mode	parallel	s3client	sdk	rank	1	role	home	inflight	6	threads	16	start_s	535.232083	wall_s	12.607356	setup_s	0.000094	classify_s	12.135722	close_s	0.275913	report_s	0.184802	status	0	sequences	9202475	bases	1711991411	classified	8810259	place	lpt	weight	9202475
10140194 sequences (1929.10 Mbp) processed in 12.877s (47248.0 Kseq/m, 8988.60 Mbp/m).
  10096895 sequences classified (99.57%)
  43299 sequences unclassified (0.43%)
10532910 sequences (1945.09 Mbp) processed in 12.970s (48726.3 Kseq/m, 8998.20 Mbp/m).
  9366399 sequences classified (88.93%)
  1166511 sequences unclassified (11.07%)
ak2-sample	batch	2	name	2-SRR5935791	mode	parallel	s3client	sdk	rank	1	role	home	inflight	6	threads	16	start_s	534.806294	wall_s	13.341585	setup_s	0.000056	classify_s	12.876994	close_s	0.229020	report_s	0.230687	status	0	sequences	10140194	bases	1929101997	classified	10096895	place	lpt	weight	10140194
10054299 sequences (1885.64 Mbp) processed in 12.729s (47392.3 Kseq/m, 8888.23 Mbp/m).
  9575405 sequences classified (95.24%)
  478894 sequences unclassified (4.76%)
ak2-sample	batch	2	name	2-SRR5935740	mode	parallel	s3client	sdk	rank	1	role	home	inflight	6	threads	16	start_s	534.756695	wall_s	13.483552	setup_s	0.000059	classify_s	12.969884	close_s	0.291352	report_s	0.203656	status	0	sequences	10532910	bases	1945093294	classified	9366399	place	lpt	weight	10532910
10128070 sequences (1876.81 Mbp) processed in 12.893s (47131.9 Kseq/m, 8733.91 Mbp/m).
  9942775 sequences classified (98.17%)
  185295 sequences unclassified (1.83%)
ak2-sample	batch	2	name	2-SRR5935786	mode	parallel	s3client	sdk	rank	1	role	home	inflight	6	threads	16	start_s	535.147696	wall_s	13.215429	setup_s	0.000084	classify_s	12.729030	close_s	0.276610	report_s	0.199015	status	0	sequences	10054299	bases	1885642952	classified	9575405	place	lpt	weight	10054299
ak2-sample	batch	2	name	2-SRR5935782	mode	parallel	s3client	sdk	rank	1	role	home	inflight	6	threads	16	start_s	535.144605	wall_s	13.496618	setup_s	0.000092	classify_s	12.893268	close_s	0.243371	report_s	0.351786	status	0	sequences	10128070	bases	1876810820	classified	9942775	place	lpt	weight	10128070
6552107 sequences (1182.80 Mbp) processed in 8.946s (43943.7 Kseq/m, 7932.79 Mbp/m).
  6331866 sequences classified (96.64%)
  220241 sequences unclassified (3.36%)
ak2-sample	batch	2	name	2-SRR5935750	mode	parallel	s3client	sdk	rank	1	role	home	inflight	6	threads	16	start_s	548.641251	wall_s	9.290537	setup_s	0.000119	classify_s	8.946131	close_s	0.208101	report_s	0.128850	status	0	sequences	6552107	bases	1182796919	classified	6331866	place	lpt	weight	6552107
7326365 sequences (1333.07 Mbp) processed in 9.183s (47870.3 Kseq/m, 8710.22 Mbp/m).
  6965607 sequences classified (95.08%)
  360758 sequences unclassified (4.92%)
ak2-sample	batch	2	name	2-SRR5935836	mode	parallel	s3client	sdk	rank	1	role	home	inflight	6	threads	16	start_s	548.363694	wall_s	9.768484	setup_s	0.000070	classify_s	9.182777	close_s	0.390530	report_s	0.186971	status	0	sequences	7326365	bases	1333066620	classified	6965607	place	lpt	weight	7326365
8326050 sequences (1540.09 Mbp) processed in 9.988s (50017.1 Kseq/m, 9251.80 Mbp/m).
  8094378 sequences classified (97.22%)
  231672 sequences unclassified (2.78%)
8766123 sequences (1609.93 Mbp) processed in 10.429s (50435.0 Kseq/m, 9262.55 Mbp/m).
  8639469 sequences classified (98.56%)
  126654 sequences unclassified (1.44%)
ak2-sample	batch	2	name	2-SRR5935828	mode	parallel	s3client	sdk	rank	1	role	home	inflight	6	threads	16	start_s	548.147911	wall_s	10.407424	setup_s	0.000123	classify_s	9.987840	close_s	0.217932	report_s	0.193777	status	0	sequences	8326050	bases	1540092338	classified	8094378	place	lpt	weight	8326050
8206591 sequences (1523.97 Mbp) processed in 10.076s (48867.1 Kseq/m, 9074.65 Mbp/m).
  7998445 sequences classified (97.46%)
  208146 sequences unclassified (2.54%)
ak2-sample	batch	2	name	2-SRR5935826	mode	parallel	s3client	sdk	rank	1	role	home	inflight	6	threads	16	start_s	547.700088	wall_s	10.898893	setup_s	0.000069	classify_s	10.428623	close_s	0.247222	report_s	0.217580	status	0	sequences	8766123	bases	1609927653	classified	8639469	place	lpt	weight	8766123
8486948 sequences (1613.12 Mbp) processed in 10.253s (49666.0 Kseq/m, 9440.06 Mbp/m).
  8270605 sequences classified (97.45%)
  216343 sequences unclassified (2.55%)
ak2-sample	batch	2	name	2-SRR5935758	mode	parallel	s3client	sdk	rank	1	role	home	inflight	6	threads	16	start_s	548.240278	wall_s	10.494286	setup_s	0.000083	classify_s	10.076213	close_s	0.268709	report_s	0.142622	status	0	sequences	8206591	bases	1523967713	classified	7998445	place	lpt	weight	8206591
ak2-sample	batch	2	name	2-SRR5935781	mode	parallel	s3client	sdk	rank	1	role	home	inflight	6	threads	16	start_s	547.839466	wall_s	10.969767	setup_s	0.000062	classify_s	10.252825	close_s	0.501875	report_s	0.209196	status	0	sequences	8486948	bases	1613121343	classified	8270605	place	lpt	weight	8486948
1513694 sequences (270.73 Mbp) processed in 3.137s (28947.5 Kseq/m, 5177.41 Mbp/m).
  1488159 sequences classified (98.31%)
  25535 sequences unclassified (1.69%)
ak2-sample	batch	2	name	2-SRR5935789	mode	parallel	s3client	sdk	rank	1	role	home	inflight	6	threads	16	start_s	558.809275	wall_s	3.550403	setup_s	0.000118	classify_s	3.137465	close_s	0.226745	report_s	0.183384	status	0	sequences	1513694	bases	270732465	classified	1488159	place	lpt	weight	1513694
1771479 sequences (333.19 Mbp) processed in 3.255s (32658.4 Kseq/m, 6142.53 Mbp/m).
  1476454 sequences classified (83.35%)
  295025 sequences unclassified (16.65%)
2823474 sequences (526.09 Mbp) processed in 3.785s (44756.0 Kseq/m, 8339.29 Mbp/m).
  2761157 sequences classified (97.79%)
  62317 sequences unclassified (2.21%)
ak2-sample	batch	2	name	2-SRR5935793	mode	parallel	s3client	sdk	rank	1	role	home	inflight	6	threads	16	start_s	558.734597	wall_s	4.051200	setup_s	0.000080	classify_s	3.254559	close_s	0.441051	report_s	0.346723	status	0	sequences	1771479	bases	333187068	classified	1476454	place	lpt	weight	1771479
ak2-sample	batch	2	name	2-SRR5935805	mode	parallel	s3client	sdk	rank	1	role	home	inflight	6	threads	16	start_s	558.599012	wall_s	4.229774	setup_s	0.000091	classify_s	3.785161	close_s	0.260362	report_s	0.180101	status	0	sequences	2823474	bases	526092284	classified	2761157	place	lpt	weight	2823474
1085628 sequences (199.24 Mbp) processed in 0.903s (72116.4 Kseq/m, 13235.46 Mbp/m).
  1061820 sequences classified (97.81%)
  23808 sequences unclassified (2.19%)
5174437 sequences (978.78 Mbp) processed in 5.085s (61055.1 Kseq/m, 11548.95 Mbp/m).
  5104140 sequences classified (98.64%)
  70297 sequences unclassified (1.36%)
ak2-sample	batch	2	name	2-SRR5935839	mode	parallel	s3client	sdk	rank	1	role	home	inflight	6	threads	16	start_s	562.359711	wall_s	1.246714	setup_s	0.000062	classify_s	0.903231	close_s	0.211789	report_s	0.129072	status	0	sequences	1085628	bases	199244471	classified	1061820	place	lpt	weight	1085628
6071697 sequences (1090.39 Mbp) processed in 5.430s (67093.7 Kseq/m, 12049.05 Mbp/m).
  5415115 sequences classified (89.19%)
  656582 sequences unclassified (10.81%)
ak2-sample	batch	2	name	2-SRR5935763	mode	parallel	s3client	sdk	rank	1	role	home	inflight	6	threads	16	start_s	558.132199	wall_s	5.498320	setup_s	0.000054	classify_s	5.085021	close_s	0.305305	report_s	0.103386	status	0	sequences	5174437	bases	978777662	classified	5104140	place	lpt	weight	5174437
ak2-sample	batch	2	name	2-SRR5935755	mode	parallel	s3client	sdk	rank	1	role	home	inflight	6	threads	16	start_s	557.931816	wall_s	5.827078	setup_s	0.000054	classify_s	5.429750	close_s	0.237164	report_s	0.149046	status	0	sequences	6071697	bases	1090388750	classified	5415115	place	lpt	weight	6071697
5072545 sequences (950.40 Mbp) processed in 5.094s (59749.9 Kseq/m, 11194.85 Mbp/m).
  4982177 sequences classified (98.22%)
  90368 sequences unclassified (1.78%)
ak2-sample	batch	2	name	2-SRR5935814	mode	parallel	s3client	sdk	rank	1	role	home	inflight	6	threads	16	start_s	558.555373	wall_s	5.590583	setup_s	0.000086	classify_s	5.093775	close_s	0.320281	report_s	0.171330	status	0	sequences	5072545	bases	950400325	classified	4982177	place	lpt	weight	5072545
ak2-timing	batch-barrier-2	564.145978	0.099830	0	0	0.002944	0.000127
ak2-timing	barrier	571.473119	0.003278	0	0	0.000031	0.000002
ak2-sample	batch	3	name	3-SRR5935740	mode	striped	s3client	sdk	rank	1	role	peer	inflight	1	threads	16	start_s	565.163871	wall_s	6.312579	setup_s	0.000046	classify_s	6.297593	close_s	0.000000	report_s	0.000000	status	0	sequences	0	bases	0	classified	0	place	-	weight	-
ak2-timing	batch-barrier-3	571.476461	0.891009	0	0	0.004110	0.000178
ak2-timing	barrier	578.249956	0.038032	0	0	0.000070	0.000003
ak2-sample	batch	4	name	4-SRR5935740	mode	striped	s3client	sdk	rank	1	role	peer	inflight	1	threads	16	start_s	572.461800	wall_s	5.826239	setup_s	0.000047	classify_s	5.776612	close_s	0.000000	report_s	0.000000	status	0	sequences	0	bases	0	classified	0	place	-	weight	-
ak2-timing	batch-barrier-4	578.288051	0.912052	0	0	0.005275	0.000228
ak2-timing	barrier	585.119778	0.011625	0	0	0.000052	0.000003
ak2-sample	batch	5	name	5-SRR5935740	mode	striped	s3client	sdk	rank	1	role	peer	inflight	1	threads	16	start_s	579.342628	wall_s	5.788825	setup_s	0.000044	classify_s	5.765479	close_s	0.000000	report_s	0.000000	status	0	sequences	0	bases	0	classified	0	place	-	weight	-
ak2-timing	batch-barrier-5	585.131463	0.889969	0	0	0.004297	0.000186
ak2-timing	batch-barrier-6	586.021461	6.751220	6115	0	6.568224	0.450329
ak2-timing	batch-barrier-7	592.772712	6.756525	4550	0	7.100450	0.457268
ak2-timing	batch-barrier-8	599.529270	5.815089	0	0	6.042136	0.371124
ak2-engine	shard	0	n	2	lo	148636458971	hi	297272917942	tail	302	full	false	empty_at	148636458970	keys	67787568975	batches	89910	probe_s	2844.490449	tail_probes	0	wrap_probes	0
ak2-engine	rendezvous	puts	13	gets	94
ak2-engine	s3	client	sdk	put	161	get	94	create_multipart	148	upload_part	17025	complete_multipart	148	abort_multipart	0	part_bytes	142212178590
ak2-engine	s3	client	cli	put	0	get	0	create_multipart	0	upload_part	0	complete_multipart	0	abort_multipart	0	part_bytes	0
ak2-engine	load	seconds	217.135378	requests	8879	retries	0	bytes	594545902692
ak2-engine	route	transport	nodes	calls	43393	keys	65446945419	batches	86786	route_s	784.985139	wait_s	5198.526426	gather_s	180.828393
ak2-engine	worker	scan_s	7300.686598	lookup_s	6164.372218	classify_s	5530.848533
ak2-timing	total	0.000001	606.432462	51970175	0	13993.755775	606.783686
