Loading database information...ak2-timing	opts	0.002953	0.000017	0	0	0.000016	0.000000
ak2-timing	taxo	0.002978	0.115354	87860	0	0.044588	0.074021
ak2-timing	shard-load-26	0.190166	14.289495	24109	0	19.952316	20.496430
ak2-engine	mem	t_s	15.0	rss_kib	36685712	hwm_kib	36685720	heap_inuse	405094400	sys	435419496	avail_kib	58199032
ak2-timing	rendezvous	14.921394	9.942991	2036	0	0.015143	0.023734
ak2-timing	connect	24.864400	0.491783	12903	0	0.240822	0.056091
ak2-timing	hash	0.118376	25.237828	40804	0	20.220028	20.579441
 done.
ak2-engine	mem	t_s	30.0	rss_kib	53400580	hwm_kib	53400580	heap_inuse	16189825024	sys	18002057480	avail_kib	41598988
8439357 sequences (1550.81 Mbp) processed in 8.763s (57783.3 Kseq/m, 10618.22 Mbp/m).
  8138623 sequences classified (96.44%)
  300734 sequences unclassified (3.56%)
ak2-sample	batch	0	name	0-SRR5935797	mode	parallel	s3client	sdk	rank	26	role	home	inflight	6	threads	16	start_s	25.356244	wall_s	9.292189	setup_s	0.000046	classify_s	8.763113	close_s	0.368497	report_s	0.150987	status	0	sequences	8439357	bases	1550811438	classified	8138623	place	lpt	weight	8439357
13162386 sequences (2465.10 Mbp) processed in 10.461s (75491.8 Kseq/m, 14138.37 Mbp/m).
  12297712 sequences classified (93.43%)
  864674 sequences unclassified (6.57%)
ak2-sample	batch	0	name	0-SRR5935801	mode	parallel	s3client	sdk	rank	26	role	home	inflight	6	threads	16	start_s	25.356253	wall_s	10.928532	setup_s	0.000040	classify_s	10.461306	close_s	0.251449	report_s	0.203173	status	0	sequences	13162386	bases	2465096767	classified	12297712	place	lpt	weight	13162386
14472574 sequences (2738.53 Mbp) processed in 11.803s (73569.7 Kseq/m, 13921.00 Mbp/m).
  14022498 sequences classified (96.89%)
  450076 sequences unclassified (3.11%)
ak2-sample	batch	0	name	0-SRR5935806	mode	parallel	s3client	sdk	rank	26	role	home	inflight	6	threads	16	start_s	25.356254	wall_s	12.661833	setup_s	0.000052	classify_s	11.803159	close_s	0.683487	report_s	0.166727	status	0	sequences	14472574	bases	2738529910	classified	14022498	place	lpt	weight	14472574
ak2-timing	batch-barrier-0	38.018106	1.043649	1	0	0.037718	0.002459
ak2-engine	mem	t_s	45.0	rss_kib	55529320	hwm_kib	55541220	heap_inuse	18070716416	sys	20141128456	avail_kib	38764664
14303962 sequences (2635.98 Mbp) processed in 10.757s (79780.8 Kseq/m, 14702.25 Mbp/m).
  14029845 sequences classified (98.08%)
  274117 sequences unclassified (1.92%)
ak2-sample	batch	1	name	1-SRR5935830	mode	parallel	s3client	sdk	rank	26	role	home	inflight	6	threads	16	start_s	39.061787	wall_s	11.259311	setup_s	0.000043	classify_s	10.757453	close_s	0.347965	report_s	0.145058	status	0	sequences	14303962	bases	2635979010	classified	14029845	place	mod	weight	14303962
14120624 sequences (2649.39 Mbp) processed in 11.777s (71941.4 Kseq/m, 13498.06 Mbp/m).
  13394795 sequences classified (94.86%)
  725829 sequences unclassified (5.14%)
ak2-sample	batch	1	name	1-SRR5935766	mode	parallel	s3client	sdk	rank	26	role	home	inflight	6	threads	16	start_s	39.061790	wall_s	12.225822	setup_s	0.000050	classify_s	11.776771	close_s	0.283346	report_s	0.156896	status	0	sequences	14120624	bases	2649393059	classified	13394795	place	mod	weight	14120624
20086542 sequences (3689.65 Mbp) processed in 14.205s (84840.2 Kseq/m, 15584.09 Mbp/m).
  19142785 sequences classified (95.30%)
  943757 sequences unclassified (4.70%)
ak2-sample	batch	1	name	1-SRR5935798	mode	parallel	s3client	sdk	rank	26	role	home	inflight	6	threads	16	start_s	39.061797	wall_s	14.791670	setup_s	0.000036	classify_s	14.205444	close_s	0.238101	report_s	0.335362	status	0	sequences	20086542	bases	3689648337	classified	19142785	place	mod	weight	20086542
ak2-timing	batch-barrier-1	53.853487	0.891634	2	0	0.000053	0.009155
ak2-engine	mem	t_s	60.0	rss_kib	56010060	hwm_kib	56317904	heap_inuse	13488734208	sys	20545534824	avail_kib	37921696
8439357 sequences (1550.81 Mbp) processed in 8.613s (58790.0 Kseq/m, 10803.21 Mbp/m).
  8138623 sequences classified (96.44%)
  300734 sequences unclassified (3.56%)
ak2-sample	batch	2	name	2-SRR5935797	mode	parallel	s3client	sdk	rank	26	role	home	inflight	6	threads	16	start_s	54.745169	wall_s	9.072163	setup_s	0.000053	classify_s	8.613060	close_s	0.236041	report_s	0.214292	status	0	sequences	8439357	bases	1550811438	classified	8138623	place	lpt	weight	8439357
13162386 sequences (2465.10 Mbp) processed in 10.033s (78717.5 Kseq/m, 14742.49 Mbp/m).
  12297712 sequences classified (93.43%)
  864674 sequences unclassified (6.57%)
ak2-sample	batch	2	name	2-SRR5935801	mode	parallel	s3client	sdk	rank	26	role	home	inflight	6	threads	16	start_s	54.745180	wall_s	10.495693	setup_s	0.000038	classify_s	10.032623	close_s	0.298810	report_s	0.151146	status	0	sequences	13162386	bases	2465096767	classified	12297712	place	lpt	weight	13162386
14472574 sequences (2738.53 Mbp) processed in 10.756s (80729.2 Kseq/m, 15275.75 Mbp/m).
  14022498 sequences classified (96.89%)
  450076 sequences unclassified (3.11%)
ak2-sample	batch	2	name	2-SRR5935806	mode	parallel	s3client	sdk	rank	26	role	home	inflight	6	threads	16	start_s	54.745173	wall_s	11.339875	setup_s	0.000045	classify_s	10.756384	close_s	0.402643	report_s	0.172455	status	0	sequences	14472574	bases	2738529910	classified	14022498	place	lpt	weight	14472574
ak2-timing	batch-barrier-2	66.085066	3.052500	2	0	0.682568	0.149250
ak2-engine	mem	t_s	75.0	rss_kib	39252332	hwm_kib	56317904	heap_inuse	1954619392	sys	20545534824	avail_kib	51937972
ak2-timing	barrier	76.018088	0.518622	0	0	0.016291	0.000531
ak2-sample	batch	3	name	3-SRR5935740	mode	striped	s3client	sdk	rank	26	role	peer	inflight	1	threads	16	start_s	70.464026	wall_s	6.072737	setup_s	0.000040	classify_s	5.551874	close_s	0.000000	report_s	0.000000	status	0	sequences	0	bases	0	classified	0	place	-	weight	-
ak2-timing	batch-barrier-3	76.536774	0.946526	0	0	0.007380	0.000631
ak2-timing	barrier	84.158975	0.266710	0	0	0.012468	0.000202
ak2-sample	batch	4	name	4-SRR5935740	mode	striped	s3client	sdk	rank	26	role	peer	inflight	1	threads	16	start_s	78.603536	wall_s	5.822193	setup_s	0.000047	classify_s	5.552716	close_s	0.000000	report_s	0.000000	status	0	sequences	0	bases	0	classified	0	place	-	weight	-
ak2-timing	batch-barrier-4	84.425737	0.885727	187	0	0.000000	0.008173
ak2-engine	mem	t_s	90.0	rss_kib	38456740	hwm_kib	56317904	heap_inuse	1595719680	sys	20545796968	avail_kib	56161644
ak2-timing	barrier	92.104721	0.223222	0	0	0.010392	0.000000
ak2-sample	batch	5	name	5-SRR5935740	mode	striped	s3client	sdk	rank	26	role	peer	inflight	1	threads	16	start_s	86.537047	wall_s	5.790942	setup_s	0.000044	classify_s	5.565420	close_s	0.000000	report_s	0.000000	status	0	sequences	0	bases	0	classified	0	place	-	weight	-
ak2-timing	batch-barrier-5	92.327999	0.905810	6	0	0.008464	0.000000
ak2-timing	batch-barrier-6	93.233829	7.520092	0	0	0.307862	0.059133
ak2-engine	mem	t_s	105.0	rss_kib	39184484	hwm_kib	56317904	heap_inuse	1859862528	sys	20545796968	avail_kib	56012204
ak2-timing	batch-barrier-7	100.753946	6.508027	1	0	0.323494	0.043796
ak2-timing	batch-barrier-8	107.261998	7.497963	0	0	0.326360	0.047319
ak2-engine	shard	0	n	32	lo	241534245827	hi	250824024513	tail	302	full	false	empty_at	9289778688	keys	4240213986	batches	89910	probe_s	91.162781	tail_probes	0	wrap_probes	0
ak2-engine	mem	t_s	114.8	rss_kib	39184484	hwm_kib	56317904	heap_inuse	1862303744	sys	20545796968	avail_kib	56184400
ak2-engine	rendezvous	puts	13	gets	581
ak2-engine	s3	client	sdk	put	22	get	581	create_multipart	9	upload_part	1292	complete_multipart	9	abort_multipart	0	part_bytes	10799695759
ak2-engine	s3	client	cli	put	0	get	0	create_multipart	0	upload_part	0	complete_multipart	0	abort_multipart	0	part_bytes	0
ak2-engine	load	seconds	14.289491	requests	572	retries	0	bytes	37159181552
ak2-engine	route	transport	nodes	calls	3210	keys	4861495435	batches	102720	route_s	44.431540	wait_s	746.144323	gather_s	10.105516
ak2-engine	worker	scan_s	356.806845	lookup_s	800.683352	classify_s	274.243365
ak2-timing	total	0.000001	114.827654	9340366	0	972.967422	82.119485
