ak2: log tee up
ak2-phase	2026-10-08T05:24:10Z	1791437050	preamble	no
ak2: [2026-10-08T05:24:10Z] inherited $-=hBc (stub, as spawn started it: $-=hBc)
ak2: [2026-10-08T05:24:10Z] after set +e $-=hBc
ak2: [2026-10-08T05:24:10Z] gate=g3 run=20261008-052324-306f827-765d-n16-r12
ak2: [2026-10-08T05:24:10Z] aws shim installed and self-tested (/tmp/ak2-bin/aws -> /usr/bin/aws)
ak2: [2026-10-08T05:24:10Z] imds region=us-west-2 az=us-west-2a instance=i-0e2aff85ae047a24d type=c8g.12xlarge ami=ami-09325776a00699513
ak2: [2026-10-08T05:24:11Z] bucket aws-kraken2-942542972736-us-west-2 region=us-west-2
ak2: [2026-10-08T05:24:11Z] bucket aws-kraken2-942542972736-us-west-2 payer=UNKNOWN
ak2: [2026-10-08T05:24:11Z] WARN: could not read Payer of aws-kraken2-942542972736-us-west-2 from the instance (launch host verified it)
ak2: [2026-10-08T05:24:11Z] bucket kraken2-ncbi-refseq-complete-v205 region=us-west-2
ak2: [2026-10-08T05:24:12Z] bucket kraken2-ncbi-refseq-complete-v205 payer=BucketOwner
ak2: [2026-10-08T05:24:12Z] region assert passed
ak2: [2026-10-08T05:24:12Z] drop_caches_ok=true
ak2: [2026-10-08T05:24:13Z] preamble done; spec body starts
ak2-phase	2026-10-08T05:24:13Z	1791437053	body	no
ak2: [2026-10-08T05:24:13Z] e3 cohort 20261008-052324-306f827-765d-n16 rank 12 of 16, commit 306f827; RODA kraken2-ncbi-refseq-complete-v205/Kraken2_RefSeqCompleteV205; samples aws-kraken2-942542972736-us-west-2/aws-kraken2/data/cohort; cohort 100
ak2-phase	2026-10-08T05:24:13Z	1791437053	setup	no
ak2: [2026-10-08T05:24:49Z] built 306f827679d55c2395743f532e6da71aeae1bc11; go version go1.27.1 linux/arm64; ip 172.31.21.102; nproc 48; mem_gib 92; threads 16, inflight 6
ak2-phase	2026-10-08T05:24:49Z	1791437089	manifest	no
ak2: [2026-10-08T05:24:50Z] staged s3://kraken2-ncbi-refseq-complete-v205/Kraken2_RefSeqCompleteV205/opts.k2d -> /home/ec2-user/ak2/db/roda/opts.k2d (56 bytes)
ak2: [2026-10-08T05:24:51Z] staged s3://kraken2-ncbi-refseq-complete-v205/Kraken2_RefSeqCompleteV205/taxo.k2d -> /home/ec2-user/ak2/db/roda/taxo.k2d (179150665 bytes)
ak2: [2026-10-08T05:24:51Z] RODA hash.k2d etag=f80959f9556b50d76b3e744afdd3b22a-8860 size=1189091671800
ak2: [2026-10-08T05:24:52Z] pushed out/rank12/c100.tsv
ak2: [2026-10-08T05:24:52Z] pushed out/rank12/placement.tsv
ak2: [2026-10-08T05:24:52Z] manifest c100: 306 lines in 9 batches; rank 12 reads 14 samples
ak2-phase	2026-10-08T05:24:52Z	1791437092	fetch	no
ak2: [2026-10-08T05:25:02Z] inputs staged and verified: 28 files, 15.22 GB
ak2: [2026-10-08T05:25:02Z] manifest c100: cohort: 306 samples in 9 batches check
ak2-phase	2026-10-08T05:25:02Z	1791437102	inv-c100	no
[c100] ak2-timing	taxo	0.003278	0.092911	87811	0	0.017508	0.078491
[c100] ak2-timing	shard-load-12	0.162657	28.215806	42827	0	56.734661	62.137761
[c100] ak2-timing	rendezvous	28.870350	3.150772	637	0	0.009695	0.000000
[c100] ak2-timing	connect	32.021146	0.115573	13	0	0.001267	0.000461
[c100] ak2-timing	hash	0.096277	32.040464	45346	0	56.746968	62.151798
Terminated
ak2: [2026-10-08T05:30:07Z] spec body exit rc=129 (SIGHUP)
ak2-phase	2026-10-08T05:30:07Z	1791437407	end	no
