ak2: log tee up
ak2-phase	2026-10-09T06:44:10Z	1791528250	preamble	no
ak2: [2026-10-09T06:44:10Z] inherited $-=hBc (stub, as spawn started it: $-=hBc)
ak2: [2026-10-09T06:44:10Z] after set +e $-=hBc
ak2: [2026-10-09T06:44:10Z] gate=g3 run=20261009-064231-4c67532-2a5c-n64-r38
ak2: [2026-10-09T06:44:10Z] aws shim installed and self-tested (/tmp/ak2-bin/aws -> /usr/bin/aws)
ak2: [2026-10-09T06:44:10Z] imds region=us-west-2 az=us-west-2b instance=i-0ee2b846c05dabd68 type=c8gn.4xlarge ami=ami-09325776a00699513
ak2: [2026-10-09T06:44:10Z] bucket aws-kraken2-942542972736-us-west-2 region=us-west-2
ak2: [2026-10-09T06:44:11Z] bucket aws-kraken2-942542972736-us-west-2 payer=UNKNOWN
ak2: [2026-10-09T06:44:11Z] WARN: could not read Payer of aws-kraken2-942542972736-us-west-2 from the instance (launch host verified it)
ak2: [2026-10-09T06:44:11Z] bucket kraken2-ncbi-refseq-complete-v205 region=us-west-2
ak2: [2026-10-09T06:44:12Z] bucket kraken2-ncbi-refseq-complete-v205 payer=BucketOwner
ak2: [2026-10-09T06:44:12Z] region assert passed
ak2: [2026-10-09T06:44:12Z] drop_caches_ok=true
ak2: [2026-10-09T06:44:12Z] preamble done; spec body starts
ak2-phase	2026-10-09T06:44:12Z	1791528252	body	no
ak2-phase	2026-10-09T06:44:12Z	1791528252	setup	no
go: downloading github.com/aws/aws-sdk-go-v2 v1.47.1
go: downloading github.com/aws/aws-sdk-go-v2/config v1.33.7
go: downloading github.com/aws/aws-sdk-go-v2/credentials v1.20.7
go: downloading github.com/aws/aws-sdk-go-v2/service/s3 v1.114.1
go: downloading github.com/klauspost/compress v1.20.0
go: downloading github.com/aws/smithy-go v1.28.1
go: downloading github.com/aws/aws-sdk-go-v2/feature/ec2/imds v1.20.1
go: downloading github.com/aws/aws-sdk-go-v2/service/signin v1.10.2
go: downloading github.com/aws/aws-sdk-go-v2/service/sso v1.38.2
go: downloading github.com/aws/aws-sdk-go-v2/service/ssooidc v1.43.2
go: downloading github.com/aws/aws-sdk-go-v2/service/sts v1.51.2
go: downloading github.com/aws/aws-sdk-go-v2/aws/protocol/eventstream v1.7.20
go: downloading github.com/aws/aws-sdk-go-v2/internal/configsources v1.5.4
go: downloading github.com/aws/aws-sdk-go-v2/internal/v4a v1.5.4
go: downloading github.com/aws/aws-sdk-go-v2/service/internal/accept-encoding v1.13.19
go: downloading github.com/aws/aws-sdk-go-v2/service/internal/checksum v1.11.5
go: downloading github.com/aws/aws-sdk-go-v2/service/internal/presigned-url v1.14.4
go: downloading github.com/aws/aws-sdk-go-v2/service/internal/s3shared v1.20.4
go: downloading github.com/aws/aws-sdk-go-v2/internal/endpoints/v2 v2.8.4
ak2: [2026-10-09T06:44:42Z] rank 38 of 64; hash.k2d etag=f80959f9556b50d76b3e744afdd3b22a-8860 size=1189091671800; stages 1 16 32 64 x 60s
ak2-phase	2026-10-09T06:44:42Z	1791528282	rendezvous	no
ak2: [2026-10-09T06:46:07Z] rendezvous: all 64 ready; stages start at 1791528368 (1 s from now)
ak2-phase	2026-10-09T06:46:07Z	1791528367	stage-n1	no
ak2: [2026-10-09T06:46:08Z] stage n1: rank 38 waits
ak2-phase	2026-10-09T06:46:08Z	1791528368	stage-n16	no
ak2: [2026-10-09T06:47:28Z] stage n16: rank 38 waits
ak2-phase	2026-10-09T06:47:28Z	1791528448	stage-n32	no
ak2: [2026-10-09T06:48:48Z] stage n32: rank 38 waits
ak2-phase	2026-10-09T06:48:48Z	1791528528	stage-n64	no
probe-cont {"kind":"progress","label":"n64-r38","unix_s":1791528613.8264813,"elapsed_s":5.000094093,"bytes":27783069696,"gbps_cum":5.556509373472704,"gbps_interval":5.556509373472704,"requests":478,"retries":0,"complete":false}
probe-cont {"kind":"progress","label":"n64-r38","unix_s":1791528618.826485,"elapsed_s":10.000097465,"bytes":56774098944,"gbps_cum":5.6773545600637805,"gbps_interval":5.798201939292612,"requests":910,"retries":0,"complete":false}
probe-cont {"kind":"progress","label":"n64-r38","unix_s":1791528623.826478,"elapsed_s":15.000090696,"bytes":88248156160,"gbps_cum":5.883174838638323,"gbps_interval":6.294819965127269,"requests":1379,"retries":0,"complete":false}
probe-cont {"kind":"progress","label":"n64-r38","unix_s":1791528628.8264804,"elapsed_s":20.000092933,"bytes":117910274048,"gbps_cum":5.895486308138546,"gbps_interval":5.932420923434878,"requests":1821,"retries":0,"complete":false}
probe-cont {"kind":"progress","label":"n64-r38","unix_s":1791528633.8264732,"elapsed_s":25.000085839,"bytes":146699976704,"gbps_cum":5.867978920102299,"gbps_interval":5.757948700577617,"requests":2250,"retries":0,"complete":false}
probe-cont {"kind":"progress","label":"n64-r38","unix_s":1791528638.8264804,"elapsed_s":30.000093088,"bytes":178979340288,"gbps_cum":5.965959497625409,"gbps_interval":6.455863357089305,"requests":2731,"retries":0,"complete":false}
probe-cont {"kind":"progress","label":"n64-r38","unix_s":1791528643.8265116,"elapsed_s":35.000124287,"bytes":207970369536,"gbps_cum":5.941989457827322,"gbps_interval":5.798169670180892,"requests":3163,"retries":0,"complete":false}
probe-cont {"kind":"progress","label":"n64-r38","unix_s":1791528648.826475,"elapsed_s":40.000087664,"bytes":239243100160,"gbps_cum":5.98106439589927,"gbps_interval":6.254591937184103,"requests":3629,"retries":0,"complete":false}
probe-cont {"kind":"progress","label":"n64-r38","unix_s":1791528653.82648,"elapsed_s":45.000092376,"bytes":269039435776,"gbps_cum":5.978641855399555,"gbps_interval":5.959261507191956,"requests":4073,"retries":0,"complete":false}
probe-cont {"kind":"progress","label":"n64-r38","unix_s":1791528658.8264742,"elapsed_s":50.000086873,"bytes":298835771392,"gbps_cum":5.976705043554055,"gbps_interval":5.959273681976614,"requests":4517,"retries":0,"complete":false}
probe-cont {"kind":"progress","label":"n64-r38","unix_s":1791528663.826477,"elapsed_s":55.000089713,"bytes":330175610880,"gbps_cum":6.003183133026028,"gbps_interval":6.267964337396257,"requests":4984,"retries":0,"complete":false}
probe-cont {"kind":"progress","label":"n64-r38","unix_s":1791528668.8264878,"elapsed_s":60.00010049,"bytes":359233748992,"gbps_cum":5.987219122272506,"gbps_interval":5.811615096044822,"requests":5417,"retries":0,"complete":false}
probe-cont {"kind":"done","label":"n64-r38","unix_s":1791528668.8268106,"elapsed_s":60.00042313,"bytes":359233748992,"gbps_cum":5.987186927226591,"gbps_interval":0,"requests":5417,"retries":0,"complete":false,"workers":64,"chunk_mib":64,"object":"https://kraken2-ncbi-refseq-complete-v205.s3.us-west-2.amazonaws.com/Kraken2_RefSeqCompleteV205/hash.k2d","object_bytes":1189091671800,"stopped_by":"seconds"}
ak2-phase	2026-10-09T06:51:14Z	1791528674	push	no
ak2: [2026-10-09T06:51:14Z] pushed out/cont-38.jsonl
ak2: [2026-10-09T06:51:14Z] contention probe done FAIL=0
ak2: [2026-10-09T06:51:14Z] spec body exit rc=0
ak2-phase	2026-10-09T06:51:14Z	1791528674	end	no
