ak2: log tee up
ak2-phase	2026-10-09T06:43:52Z	1791528232	preamble	no
ak2: [2026-10-09T06:43:52Z] inherited $-=hBc (stub, as spawn started it: $-=hBc)
ak2: [2026-10-09T06:43:52Z] after set +e $-=hBc
ak2: [2026-10-09T06:43:52Z] gate=g3 run=20261009-064231-4c67532-2a5c-n64-r29
ak2: [2026-10-09T06:43:52Z] aws shim installed and self-tested (/tmp/ak2-bin/aws -> /usr/bin/aws)
ak2: [2026-10-09T06:43:52Z] imds region=us-west-2 az=us-west-2b instance=i-0a503479c2a2c96d1 type=c8gn.4xlarge ami=ami-09325776a00699513
ak2: [2026-10-09T06:43:52Z] bucket aws-kraken2-942542972736-us-west-2 region=us-west-2
ak2: [2026-10-09T06:43:53Z] bucket aws-kraken2-942542972736-us-west-2 payer=UNKNOWN
ak2: [2026-10-09T06:43:53Z] WARN: could not read Payer of aws-kraken2-942542972736-us-west-2 from the instance (launch host verified it)
ak2: [2026-10-09T06:43:53Z] bucket kraken2-ncbi-refseq-complete-v205 region=us-west-2
ak2: [2026-10-09T06:43:53Z] bucket kraken2-ncbi-refseq-complete-v205 payer=BucketOwner
ak2: [2026-10-09T06:43:53Z] region assert passed
ak2: [2026-10-09T06:43:53Z] drop_caches_ok=true
ak2: [2026-10-09T06:43:54Z] preamble done; spec body starts
ak2-phase	2026-10-09T06:43:54Z	1791528234	body	no
ak2-phase	2026-10-09T06:43:54Z	1791528234	setup	no
go: downloading github.com/aws/aws-sdk-go-v2 v1.47.1
go: downloading github.com/aws/aws-sdk-go-v2/config v1.33.7
go: downloading github.com/aws/aws-sdk-go-v2/credentials v1.20.7
go: downloading github.com/aws/aws-sdk-go-v2/service/s3 v1.114.1
go: downloading github.com/klauspost/compress v1.20.0
go: downloading github.com/aws/smithy-go v1.28.1
go: downloading github.com/aws/aws-sdk-go-v2/feature/ec2/imds v1.20.1
go: downloading github.com/aws/aws-sdk-go-v2/service/signin v1.10.2
go: downloading github.com/aws/aws-sdk-go-v2/service/sts v1.51.2
go: downloading github.com/aws/aws-sdk-go-v2/service/sso v1.38.2
go: downloading github.com/aws/aws-sdk-go-v2/service/ssooidc v1.43.2
go: downloading github.com/aws/aws-sdk-go-v2/aws/protocol/eventstream v1.7.20
go: downloading github.com/aws/aws-sdk-go-v2/internal/configsources v1.5.4
go: downloading github.com/aws/aws-sdk-go-v2/internal/v4a v1.5.4
go: downloading github.com/aws/aws-sdk-go-v2/service/internal/accept-encoding v1.13.19
go: downloading github.com/aws/aws-sdk-go-v2/service/internal/checksum v1.11.5
go: downloading github.com/aws/aws-sdk-go-v2/service/internal/presigned-url v1.14.4
go: downloading github.com/aws/aws-sdk-go-v2/service/internal/s3shared v1.20.4
go: downloading github.com/aws/aws-sdk-go-v2/internal/endpoints/v2 v2.8.4
ak2: [2026-10-09T06:44:29Z] rank 29 of 64; hash.k2d etag=f80959f9556b50d76b3e744afdd3b22a-8860 size=1189091671800; stages 1 16 32 64 x 60s
ak2-phase	2026-10-09T06:44:29Z	1791528269	rendezvous	no
ak2: [2026-10-09T06:45:53Z] rendezvous: all 64 ready; stages start at 1791528368 (15 s from now)
ak2-phase	2026-10-09T06:45:53Z	1791528353	stage-n1	no
ak2: [2026-10-09T06:46:08Z] stage n1: rank 29 waits
ak2-phase	2026-10-09T06:46:08Z	1791528368	stage-n16	no
ak2: [2026-10-09T06:47:28Z] stage n16: rank 29 waits
ak2-phase	2026-10-09T06:47:28Z	1791528448	stage-n32	no
probe-cont {"kind":"progress","label":"n32-r29","unix_s":1791528533.2731993,"elapsed_s":5.000083605,"bytes":28118614016,"gbps_cum":5.623628770503329,"gbps_interval":5.623628770503329,"requests":483,"retries":0,"complete":false}
probe-cont {"kind":"progress","label":"n32-r29","unix_s":1791528538.2732036,"elapsed_s":10.000087972,"bytes":56975425536,"gbps_cum":5.697492431619581,"gbps_interval":5.771357263296566,"requests":913,"retries":0,"complete":false}
probe-cont {"kind":"progress","label":"n32-r29","unix_s":1791528543.2732089,"elapsed_s":15.000093211,"bytes":87845502976,"gbps_cum":5.856330473438683,"gbps_interval":6.17400901887335,"requests":1373,"retries":0,"complete":false}
probe-cont {"kind":"progress","label":"n32-r29","unix_s":1791528548.2732077,"elapsed_s":20.000091844,"bytes":117641838592,"gbps_cum":5.8820649179814835,"gbps_interval":5.959268752464077,"requests":1817,"retries":0,"complete":false}
probe-cont {"kind":"progress","label":"n32-r29","unix_s":1791528553.273213,"elapsed_s":25.000097239,"bytes":147975045120,"gbps_cum":5.918978782576887,"gbps_interval":6.066634759701095,"requests":2269,"retries":0,"complete":false}
probe-cont {"kind":"progress","label":"n32-r29","unix_s":1791528558.2732446,"elapsed_s":30.000128975,"bytes":178039816192,"gbps_cum":5.934635025748252,"gbps_interval":6.0129160492192515,"requests":2717,"retries":0,"complete":false}
probe-cont {"kind":"progress","label":"n32-r29","unix_s":1791528563.2732193,"elapsed_s":35.000103604,"bytes":207299280896,"gbps_cum":5.922819064807245,"gbps_interval":5.851922634625833,"requests":3153,"retries":0,"complete":false}
probe-cont {"kind":"progress","label":"n32-r29","unix_s":1791528568.273227,"elapsed_s":40.000111452,"bytes":238303576064,"gbps_cum":5.957572802014902,"gbps_interval":6.200849300746937,"requests":3615,"retries":0,"complete":false}
probe-cont {"kind":"progress","label":"n32-r29","unix_s":1791528573.2731984,"elapsed_s":45.000082762,"bytes":267831476224,"gbps_cum":5.951799636470189,"gbps_interval":5.905613918412663,"requests":4055,"retries":0,"complete":false}
probe-cont {"kind":"progress","label":"n32-r29","unix_s":1791528578.273207,"elapsed_s":50.000091391,"bytes":298366009344,"gbps_cum":5.967309279712753,"gbps_interval":6.106896084718738,"requests":4510,"retries":0,"complete":false}
probe-cont {"kind":"progress","label":"n32-r29","unix_s":1791528583.2732012,"elapsed_s":55.000085439,"bytes":328296562688,"gbps_cum":5.969019140017703,"gbps_interval":5.986117794674623,"requests":4956,"retries":0,"complete":false}
probe-cont {"kind":"progress","label":"n32-r29","unix_s":1791528588.2732358,"elapsed_s":60.000119974,"bytes":357623136256,"gbps_cum":5.960373686102123,"gbps_interval":5.8652742021510855,"requests":5393,"retries":0,"complete":false}
probe-cont {"kind":"done","label":"n32-r29","unix_s":1791528588.2733998,"elapsed_s":60.000284254,"bytes":357623136256,"gbps_cum":5.960357366676285,"gbps_interval":0,"requests":5393,"retries":0,"complete":false,"workers":64,"chunk_mib":64,"object":"https://kraken2-ncbi-refseq-complete-v205.s3.us-west-2.amazonaws.com/Kraken2_RefSeqCompleteV205/hash.k2d","object_bytes":1189091671800,"stopped_by":"seconds"}
ak2-phase	2026-10-09T06:49:53Z	1791528593	stage-n64	no
probe-cont {"kind":"progress","label":"n64-r29","unix_s":1791528613.7406585,"elapsed_s":5.000068954,"bytes":21743271936,"gbps_cum":4.34859441660412,"gbps_interval":4.34859441660412,"requests":388,"retries":0,"complete":false}
probe-cont {"kind":"progress","label":"n64-r29","unix_s":1791528618.7406566,"elapsed_s":10.000067343,"bytes":44895830016,"gbps_cum":4.489552767604797,"gbps_interval":4.630513107951323,"requests":733,"retries":0,"complete":false}
probe-cont {"kind":"progress","label":"n64-r29","unix_s":1791528623.7406602,"elapsed_s":15.000070752,"bytes":69189238784,"gbps_cum":4.61259416224919,"gbps_interval":4.858678440953039,"requests":1095,"retries":0,"complete":false}
probe-cont {"kind":"progress","label":"n64-r29","unix_s":1791528628.7406616,"elapsed_s":20.000072174,"bytes":91939143680,"gbps_cum":4.596940595020475,"gbps_interval":4.549979685185777,"requests":1434,"retries":0,"complete":false}
probe-cont {"kind":"progress","label":"n64-r29","unix_s":1791528633.7406595,"elapsed_s":25.000069942,"bytes":118380036096,"gbps_cum":4.735188196298687,"gbps_interval":5.288180843843929,"requests":1828,"retries":0,"complete":false}
probe-cont {"kind":"progress","label":"n64-r29","unix_s":1791528638.7406604,"elapsed_s":30.00007113,"bytes":144753819648,"gbps_cum":4.825115881250246,"gbps_interval":5.274755457118104,"requests":2221,"retries":0,"complete":false}
probe-cont {"kind":"progress","label":"n64-r29","unix_s":1791528643.7406714,"elapsed_s":35.000082051,"bytes":171932909568,"gbps_cum":4.912357328690537,"gbps_interval":5.435806111112291,"requests":2626,"retries":0,"complete":false}
probe-cont {"kind":"progress","label":"n64-r29","unix_s":1791528648.7406764,"elapsed_s":40.000087076,"bytes":200454176768,"gbps_cum":5.011343510006314,"gbps_interval":5.704247707231055,"requests":3051,"retries":0,"complete":false}
probe-cont {"kind":"progress","label":"n64-r29","unix_s":1791528653.7406645,"elapsed_s":45.000075216,"bytes":229982076928,"gbps_cum":5.1107042782503775,"gbps_interval":5.905594040069063,"requests":3491,"retries":0,"complete":false}
probe-cont {"kind":"progress","label":"n64-r29","unix_s":1791528658.7406561,"elapsed_s":50.000066641,"bytes":258033582080,"gbps_cum":5.1606647633627905,"gbps_interval":5.610310652082768,"requests":3909,"retries":0,"complete":false}
probe-cont {"kind":"progress","label":"n64-r29","unix_s":1791528663.7406878,"elapsed_s":55.000098438,"bytes":284474474496,"gbps_cum":5.172253915448528,"gbps_interval":5.288144853771617,"requests":4303,"retries":0,"complete":false}
probe-cont {"kind":"progress","label":"n64-r29","unix_s":1791528668.7406564,"elapsed_s":60.000067033,"bytes":312190435328,"gbps_cum":5.203168109067202,"gbps_interval":5.543226983408683,"requests":4716,"retries":0,"complete":false}
probe-cont {"kind":"done","label":"n64-r29","unix_s":1791528668.7409945,"elapsed_s":60.000405157,"bytes":312190435328,"gbps_cum":5.203138787331638,"gbps_interval":0,"requests":4716,"retries":0,"complete":false,"workers":64,"chunk_mib":64,"object":"https://kraken2-ncbi-refseq-complete-v205.s3.us-west-2.amazonaws.com/Kraken2_RefSeqCompleteV205/hash.k2d","object_bytes":1189091671800,"stopped_by":"seconds"}
ak2-phase	2026-10-09T06:51:14Z	1791528674	push	no
ak2: [2026-10-09T06:51:14Z] pushed out/cont-29.jsonl
ak2: [2026-10-09T06:51:14Z] contention probe done FAIL=0
ak2: [2026-10-09T06:51:14Z] spec body exit rc=0
ak2-phase	2026-10-09T06:51:14Z	1791528674	end	no
