make run: bucket aws-kraken2-942542972736-us-west-2 is in us-west-2
make run: bucket kraken2-ncbi-refseq-complete-v205 is in us-west-2
make run: run 20261007-202107-5faa28c-1b65-n8-r0  task ak2-g3-20261007-202107-5faa28c-1b65-n8-r0  ->  s3://aws-kraken2-942542972736-us-west-2/aws-kraken2/g3/20261007-202107-5faa28c-1b65-n8-r0
make run: user data: 12397 of 16384 bytes after base64 decoding (refuse above 15360)
make run: plan: Instance: x8g.4xlarge (0 vCPU, 0 GiB)
make run: launched i-0018b1fd3ceac71e6 (x8g.4xlarge) in us-west-2
  | ak2: log tee up
  | ak2-phase	2026-10-07T20:21:37Z	1791404497	preamble	no
  | ak2: [2026-10-07T20:21:37Z] inherited $-=hBc (stub, as spawn started it: $-=hBc)
  | ak2: [2026-10-07T20:21:37Z] after set +e $-=hBc
  | ak2: [2026-10-07T20:21:37Z] gate=g3 run=20261007-202107-5faa28c-1b65-n8-r0
  | ak2: [2026-10-07T20:21:37Z] aws shim installed and self-tested (/tmp/ak2-bin/aws -> /usr/bin/aws)
  | ak2: [2026-10-07T20:21:37Z] imds region=us-west-2 az=us-west-2a instance=i-0018b1fd3ceac71e6 type=x8g.4xlarge ami=ami-09325776a00699513
  | ak2: [2026-10-07T20:21:37Z] bucket aws-kraken2-942542972736-us-west-2 region=us-west-2
  | ak2: [2026-10-07T20:21:38Z] bucket aws-kraken2-942542972736-us-west-2 payer=UNKNOWN
  | ak2: [2026-10-07T20:21:38Z] WARN: could not read Payer of aws-kraken2-942542972736-us-west-2 from the instance (launch host verified it)
  | ak2: [2026-10-07T20:21:38Z] bucket kraken2-ncbi-refseq-complete-v205 region=us-west-2
  | ak2: [2026-10-07T20:21:39Z] bucket kraken2-ncbi-refseq-complete-v205 payer=BucketOwner
  | ak2: [2026-10-07T20:21:39Z] region assert passed
  | ak2: [2026-10-07T20:21:39Z] drop_caches_ok=true
  | ak2: [2026-10-07T20:21:39Z] preamble done; spec body starts
  | ak2-phase	2026-10-07T20:21:39Z	1791404499	body	no
  | ak2: [2026-10-07T20:21:39Z] cohort 20261007-202107-5faa28c-1b65-n8 rank 0 of 8, commit 5faa28c; RODA kraken2-ncbi-refseq-complete-v205/Kraken2_RefSeqCompleteV205, reads aws-kraken2-942542972736-us-west-2/aws-kraken2/data/reads
  | ak2-phase	2026-10-07T20:21:39Z	1791404499	setup	no
  | ak2: [2026-10-07T20:22:12Z] built 5faa28c5f02b24513cfbb005519aa414a492dcb7; go version go1.27.1 linux/arm64; ip 172.31.27.157; nproc 16; mem_gib 247
  | ak2-phase	2026-10-07T20:22:12Z	1791404532	fetch	no
  | ak2: [2026-10-07T20:22:13Z] staged s3://kraken2-ncbi-refseq-complete-v205/Kraken2_RefSeqCompleteV205/opts.k2d -> /home/ec2-user/ak2/db/roda/opts.k2d (56 bytes)
  | ak2: [2026-10-07T20:22:13Z] RODA opts.k2d bytes=56 sha256=719d8210ab7fa1ac97d9f7647ec5b9485935265be767fe4ce056f20bed513b0b
  | ak2: [2026-10-07T20:22:14Z] staged s3://kraken2-ncbi-refseq-complete-v205/Kraken2_RefSeqCompleteV205/taxo.k2d -> /home/ec2-user/ak2/db/roda/taxo.k2d (179150665 bytes)
  | ak2: [2026-10-07T20:22:14Z] RODA taxo.k2d bytes=179150665 sha256=6eacc5ef55db3cb2d05ebd85f7f2eac529e3d325087af58cee98d5615b27e53e
  | ak2: [2026-10-07T20:22:15Z] pushed out/rank0/head-hash.k2d.json
  | ak2: [2026-10-07T20:22:15Z] RODA hash.k2d etag=f80959f9556b50d76b3e744afdd3b22a-8860 size=1189091671800 version=null
  | ak2: [2026-10-07T20:22:16Z] staged s3://aws-kraken2-942542972736-us-west-2/aws-kraken2/data/reads/SRR062634_8000000.SOURCE -> /home/ec2-user/ak2/reads/SRR062634_8000000.SOURCE (403 bytes)
  | ak2: [2026-10-07T20:22:16Z] staged aws-kraken2/data/reads/SRR062634_8000000.SOURCE bytes=403 sha256=b876392120fdf2feac00e45502dcb444259d14eeb49ec4f502f05613a74928a9 object-metadata=b876392120fdf2feac00e45502dcb444259d14eeb49ec4f502f05613a74928a9
  | ak2: [2026-10-07T20:22:21Z] staged s3://aws-kraken2-942542972736-us-west-2/aws-kraken2/data/reads/SRR062634_8000000_1.fq -> /home/ec2-user/ak2/reads/SRR062634_8000000_1.fq (2093755239 bytes)
  | ak2: [2026-10-07T20:22:23Z] staged aws-kraken2/data/reads/SRR062634_8000000_1.fq bytes=2093755239 sha256=4adae422162ed57988a5b808ee761e54307d31c81e21f0988c1835cb722b598b object-metadata=4adae422162ed57988a5b808ee761e54307d31c81e21f0988c1835cb722b598b
  | ak2: [2026-10-07T20:22:28Z] staged s3://aws-kraken2-942542972736-us-west-2/aws-kraken2/data/reads/SRR062634_8000000_2.fq -> /home/ec2-user/ak2/reads/SRR062634_8000000_2.fq (2093755239 bytes)
  | ak2: [2026-10-07T20:22:30Z] staged aws-kraken2/data/reads/SRR062634_8000000_2.fq bytes=2093755239 sha256=ad320f634269e530a1f5c683bee8d212137e28da897aa40926d6b0420bc38728 object-metadata=ad320f634269e530a1f5c683bee8d212137e28da897aa40926d6b0420bc38728
  | ak2: [2026-10-07T20:22:30Z] staged s3://aws-kraken2-942542972736-us-west-2/aws-kraken2/data/reads/ERR478965_200000.SOURCE -> /home/ec2-user/ak2/reads/ERR478965_200000.SOURCE (400 bytes)
  | ak2: [2026-10-07T20:22:31Z] staged aws-kraken2/data/reads/ERR478965_200000.SOURCE bytes=400 sha256=19128ba212d865300b586dcb73d4e9543137f500e03f48cde8ce33c7e2fb3d89 object-metadata=19128ba212d865300b586dcb73d4e9543137f500e03f48cde8ce33c7e2fb3d89
  | ak2: [2026-10-07T20:22:31Z] staged s3://aws-kraken2-942542972736-us-west-2/aws-kraken2/data/reads/ERR478965_200000_1.fq.gz -> /home/ec2-user/ak2/reads/ERR478965_200000_1.fq.gz (13868909 bytes)
  | ak2: [2026-10-07T20:22:32Z] staged aws-kraken2/data/reads/ERR478965_200000_1.fq.gz bytes=13868909 sha256=12909ad81dcec618f9129cba37b63bbe5d83ded76ffc251afb462de5794a22c9 object-metadata=12909ad81dcec618f9129cba37b63bbe5d83ded76ffc251afb462de5794a22c9
  | ak2: [2026-10-07T20:22:32Z] staged s3://aws-kraken2-942542972736-us-west-2/aws-kraken2/data/reads/ERR478965_200000_2.fq.gz -> /home/ec2-user/ak2/reads/ERR478965_200000_2.fq.gz (13801673 bytes)
  | ak2: [2026-10-07T20:22:32Z] staged aws-kraken2/data/reads/ERR478965_200000_2.fq.gz bytes=13801673 sha256=64b73612b72ce90efcd8af1e3a8ae85a92227b6367a136936ea3307c65bf99ae object-metadata=64b73612b72ce90efcd8af1e3a8ae85a92227b6367a136936ea3307c65bf99ae
  | ak2: [2026-10-07T20:22:37Z] subset SRR062634_2000000: 73b7b8af194f9d8e0082b62532f3d140a44e1d5848b2cded1ce54276c497ffd6 bdd4b2d9a1e984dfa342bd104b92dec71f76171bc7753074d98d1d84a9f91e6b 
  | ak2-phase	2026-10-07T20:22:37Z	1791404557	case-SRR062634_2000000-fq	no
  | ak2: [2026-10-07T20:22:37Z] case SRR062634_2000000-fq: /home/ec2-user/ak2/repo/bin/aws-kraken2 --db /home/ec2-user/ak2/db/roda --threads 16 --paired --output <cohort>/out/SRR062634_2000000-fq/output.txt --report <local> /home/ec2-user/ak2/reads/SRR062634_2000000_1.fq /home/ec2-user/ak2/reads/SRR062634_2000000_2.fq
  | ak2: [2026-10-07T20:24:17Z] case SRR062634_2000000-fq rank 0 exit 0
  | [SRR062634_2000000-fq] ak2-timing	taxo	0.000096	0.101361	87853	0	0.024795	0.090725
  | [SRR062634_2000000-fq] ak2-timing	shard-load-0	0.308435	81.486259	78005	0	75.800593	70.567337
  | [SRR062634_2000000-fq] ak2-timing	rendezvous	82.766938	8.915712	122	0	0.009810	0.001565
  | [SRR062634_2000000-fq] ak2-timing	connect	91.682675	2.096078	5916	0	0.236713	0.005342
  | [SRR062634_2000000-fq] ak2-timing	hash	0.101549	93.677257	86253	0	76.058378	70.578077
  | [SRR062634_2000000-fq] ak2-timing	setup	93.778812	0.000104	119	0	0.000352	0.000327
  | [SRR062634_2000000-fq] ak2-timing	classify	93.778921	4.716521	511907	0	2.706384	0.658561
  | [SRR062634_2000000-fq] ak2-timing	barrier	98.496279	0.001511	0	0	0.001875	0.001697
  | [SRR062634_2000000-fq] ak2-engine	shard	0	n	8	lo	0	hi	37159114742	tail	302	full	false	empty_at	37159114756	keys	11157551	batches	63	probe_s	0.284640	tail_probes	0	wrap_probes	0
  | [SRR062634_2000000-fq] ak2-engine	node	rank	0	n	8	emitter	true	blocks_cut	63	blocks_mine	8	read_s	0.460254	window_wait_s	0.000002	send_s	0.000000	sent_bytes	0	emit_wait_s	0.315634	emit_s	4.398471
  | [SRR062634_2000000-fq] ak2-engine	rendezvous	requests	17
  | [SRR062634_2000000-fq] ak2-engine	load	seconds	81.486256	requests	2233	retries	0	bytes	148636525776
  | [SRR062634_2000000-fq] ak2-engine	route	transport	nodes	calls	8	keys	11488554	batches	64	route_s	0.165627	wait_s	0.080777	gather_s	0.046519
  | [SRR062634_2000000-fq] ak2-engine	worker	scan_s	1.165852	lookup_s	0.292930	classify_s	0.902747
  | [SRR062634_2000000-fq] ak2-timing	close	98.497923	1.057026	0	0	0.002442	0.002210
  | [SRR062634_2000000-fq] ak2-timing	report	99.554985	0.052667	68	0	0.052662	0.000149
  | [SRR062634_2000000-fq] ak2-timing	unmap	99.607668	0.274629	0	0	0.000000	0.272325
  | [SRR062634_2000000-fq] ak2-timing	total	0.000001	99.882330	686257	0	78.847528	71.606999
  | [SRR062634_2000000-fq stderr] Loading database information...ak2-timing	opts	0.000048	0.000036	4	0	0.000000	0.000038
  | [SRR062634_2000000-fq stderr]  done.
  | [SRR062634_2000000-fq stderr] 2000000 sequences (400.00 Mbp) processed in 4.717s (25442.5 Kseq/m, 5088.50 Mbp/m).
  | [SRR062634_2000000-fq stderr]   1998403 sequences classified (99.92%)
  | [SRR062634_2000000-fq stderr]   1597 sequences unclassified (0.08%)
  | ak2: [2026-10-07T20:24:17Z] pushed out/rank0/eng-SRR062634_2000000-fq.stderr
  | ak2: [2026-10-07T20:24:18Z] pushed out/eng-SRR062634_2000000-fq.report
  | ak2-phase	2026-10-07T20:24:18Z	1791404658	case-ERR478965_200000-gz	no
  | ak2: [2026-10-07T20:24:18Z] case ERR478965_200000-gz: /home/ec2-user/ak2/repo/bin/aws-kraken2 --db /home/ec2-user/ak2/db/roda --threads 16 --paired --output <cohort>/out/ERR478965_200000-gz/output.txt --report <local> /home/ec2-user/ak2/reads/ERR478965_200000_1.fq.gz /home/ec2-user/ak2/reads/ERR478965_200000_2.fq.gz
  | ak2: [2026-10-07T20:25:48Z] case ERR478965_200000-gz rank 0 exit 0
  | [ERR478965_200000-gz] ak2-timing	taxo	0.000081	0.116018	87841	0	0.041701	0.088945
  | [ERR478965_200000-gz] ak2-timing	shard-load-0	0.214826	83.600577	78054	0	104.712570	120.665336
  | [ERR478965_200000-gz] ak2-timing	rendezvous	84.248708	3.461160	77	0	0.002037	0.002347
  | [ERR478965_200000-gz] ak2-timing	connect	87.709893	0.003354	11	0	0.000302	0.000347
  | [ERR478965_200000-gz] ak2-timing	hash	0.116234	87.597042	80343	0	104.727573	120.670094
  | [ERR478965_200000-gz] ak2-timing	setup	87.713281	0.000042	7	0	0.000051	0.000059
  | [ERR478965_200000-gz] ak2-timing	classify	87.713331	0.722597	68763	0	0.591542	0.064498
  | [ERR478965_200000-gz] ak2-timing	barrier	88.436425	0.000789	4	0	0.000381	0.000437
  | [ERR478965_200000-gz] ak2-engine	shard	0	n	8	lo	0	hi	37159114742	tail	302	full	false	empty_at	37159114756	keys	955859	batches	6	probe_s	0.030597	tail_probes	0	wrap_probes	0
  | [ERR478965_200000-gz] ak2-engine	node	rank	0	n	8	emitter	true	blocks_cut	6	blocks_mine	1	read_s	0.161191	window_wait_s	0.000000	send_s	0.000000	sent_bytes	0	emit_wait_s	0.327706	emit_s	0.390280
  | [ERR478965_200000-gz] ak2-engine	rendezvous	requests	9
  | [ERR478965_200000-gz] ak2-engine	load	seconds	83.600575	requests	2233	retries	0	bytes	148636525776
  | [ERR478965_200000-gz] ak2-engine	route	transport	nodes	calls	1	keys	1371678	batches	8	route_s	0.012359	wait_s	0.011571	gather_s	0.003592
  | [ERR478965_200000-gz] ak2-engine	worker	scan_s	0.132054	lookup_s	0.027522	classify_s	0.070095
  | [ERR478965_200000-gz] ak2-timing	close	88.437313	0.920246	8	0	0.000000	0.006179
  | [ERR478965_200000-gz] ak2-timing	report	89.357599	0.046373	117	0	0.039158	0.007370
  | [ERR478965_200000-gz] ak2-timing	unmap	89.403990	0.277438	0	0	0.000000	0.277476
  | [ERR478965_200000-gz] ak2-timing	total	0.000001	89.681458	237133	0	105.400860	121.119277
  | [ERR478965_200000-gz stderr] Loading database information...ak2-timing	opts	0.000046	0.000027	4	0	0.000029	0.000000
  | [ERR478965_200000-gz stderr]  done.
  | [ERR478965_200000-gz stderr] 200000 sequences (36.17 Mbp) processed in 0.723s (16606.8 Kseq/m, 3003.74 Mbp/m).
  | [ERR478965_200000-gz stderr]   176722 sequences classified (88.36%)
  | [ERR478965_200000-gz stderr]   23278 sequences unclassified (11.64%)
  | ak2: [2026-10-07T20:25:48Z] pushed out/rank0/eng-ERR478965_200000-gz.stderr
  | ak2: [2026-10-07T20:25:48Z] pushed out/eng-ERR478965_200000-gz.report
  | ak2-phase	2026-10-07T20:25:48Z	1791404748	identity	no
  | ak2: [2026-10-07T20:25:50Z] identity SRR062634_2000000-fq output.txt: reference 1d6d1b9291a724c23003ca817b30caead15f8f61b4149f66db028e0e1c363bfd engine 1d6d1b9291a724c23003ca817b30caead15f8f61b4149f66db028e0e1c363bfd identical=yes
  | ak2: [2026-10-07T20:25:50Z] identity SRR062634_2000000-fq report: reference 0a95e7e16a55767cf580c064811c6521615b940ab2cb82a17fb7038f1d8c7583 engine 0a95e7e16a55767cf580c064811c6521615b940ab2cb82a17fb7038f1d8c7583 identical=yes
  | ak2: [2026-10-07T20:25:51Z] identity ERR478965_200000-gz output.txt: reference c171d2b7f5a0d90d2529b56d5d2233d1173e4f3da0a2b5511f617d69a3ca0ee9 engine c171d2b7f5a0d90d2529b56d5d2233d1173e4f3da0a2b5511f617d69a3ca0ee9 identical=yes
  | ak2: [2026-10-07T20:25:51Z] identity ERR478965_200000-gz report: reference 366f657d68707b81e95d6986ba4269e01c3ec4b8c3d07b182b835ad3f16623cc engine 366f657d68707b81e95d6986ba4269e01c3ec4b8c3d07b182b835ad3f16623cc identical=yes
  | ak2: [2026-10-07T20:25:51Z] pushed out/identity.tsv
  | ak2: [2026-10-07T20:25:51Z] rank 0 done: 0 failure(s)
  | ak2: [2026-10-07T20:25:51Z] spec body exit rc=0
  | ak2-phase	2026-10-07T20:25:51Z	1791404751	end	no
make run: tag-objects: s3://aws-kraken2-942542972736-us-west-2/aws-kraken2/g3/20261007-202107-5faa28c-1b65-n8-r0/: 13 objects, 12 tagged now, 1 already tagged, 0 failed
make run: run dir: results/g3/20261007-202107-5faa28c-1b65-n8-r0  (task exit 0, state terminated, cost $0.124188)
orphans: this run's instance(s) and task ak2-g3-20261007-202107-5faa28c-1b65-n8-r0 are gone (18 regions checked)
