ak2: log tee up
ak2-phase	2026-10-08T00:51:55Z	1791420715	preamble	no
ak2: [2026-10-08T00:51:55Z] inherited $-=hBc (stub, as spawn started it: $-=hBc)
ak2: [2026-10-08T00:51:55Z] after set +e $-=hBc
ak2: [2026-10-08T00:51:55Z] gate=g3 run=20261008-005107-72c3afe-1c63-n8-r6
ak2: [2026-10-08T00:51:55Z] aws shim installed and self-tested (/tmp/ak2-bin/aws -> /usr/bin/aws)
ak2: [2026-10-08T00:51:55Z] imds region=us-west-2 az=us-west-2a instance=i-0627dde7425cba617 type=x8g.4xlarge ami=ami-09325776a00699513
ak2: [2026-10-08T00:51:55Z] bucket aws-kraken2-942542972736-us-west-2 region=us-west-2
ak2: [2026-10-08T00:51:56Z] bucket aws-kraken2-942542972736-us-west-2 payer=UNKNOWN
ak2: [2026-10-08T00:51:56Z] WARN: could not read Payer of aws-kraken2-942542972736-us-west-2 from the instance (launch host verified it)
ak2: [2026-10-08T00:51:56Z] bucket kraken2-ncbi-refseq-complete-v205 region=us-west-2
ak2: [2026-10-08T00:51:57Z] bucket kraken2-ncbi-refseq-complete-v205 payer=BucketOwner
ak2: [2026-10-08T00:51:57Z] region assert passed
ak2: [2026-10-08T00:51:57Z] drop_caches_ok=true
ak2: [2026-10-08T00:51:57Z] preamble done; spec body starts
ak2-phase	2026-10-08T00:51:57Z	1791420717	body	no
ak2: [2026-10-08T00:51:57Z] cohort 20261008-005107-72c3afe-1c63-n8 rank 6 of 8, commit 72c3afe; RODA kraken2-ncbi-refseq-complete-v205/Kraken2_RefSeqCompleteV205; samples aws-kraken2-942542972736-us-west-2/aws-kraken2/data/cohort
ak2-phase	2026-10-08T00:51:57Z	1791420717	setup	no
ak2: [2026-10-08T00:52:33Z] built 72c3afe1c79f570e50b5d6dd7568e57134442eca; go version go1.27.1 linux/arm64; ip 172.31.31.146; nproc 16; mem_gib 247
ak2-phase	2026-10-08T00:52:33Z	1791420753	fetch	no
ak2: [2026-10-08T00:52:34Z] staged s3://kraken2-ncbi-refseq-complete-v205/Kraken2_RefSeqCompleteV205/opts.k2d -> /home/ec2-user/ak2/db/roda/opts.k2d (56 bytes)
ak2: [2026-10-08T00:52:35Z] staged s3://kraken2-ncbi-refseq-complete-v205/Kraken2_RefSeqCompleteV205/taxo.k2d -> /home/ec2-user/ak2/db/roda/taxo.k2d (179150665 bytes)
ak2: [2026-10-08T00:52:35Z] RODA hash.k2d etag=f80959f9556b50d76b3e744afdd3b22a-8860 size=1189091671800
ak2: [2026-10-08T00:52:36Z] staged s3://aws-kraken2-942542972736-us-west-2/aws-kraken2/data/cohort/SRR5935740_1.fastq.gz -> /home/ec2-user/ak2/cohort/SRR5935740_1.fastq.gz (495118282 bytes)
ak2: [2026-10-08T00:52:38Z] staged s3://aws-kraken2-942542972736-us-west-2/aws-kraken2/data/cohort/SRR5935740_2.fastq.gz -> /home/ec2-user/ak2/cohort/SRR5935740_2.fastq.gz (502062672 bytes)
ak2: [2026-10-08T00:52:40Z] staged s3://aws-kraken2-942542972736-us-west-2/aws-kraken2/data/cohort/SRR5935741_1.fastq.gz -> /home/ec2-user/ak2/cohort/SRR5935741_1.fastq.gz (837416271 bytes)
ak2: [2026-10-08T00:52:43Z] staged s3://aws-kraken2-942542972736-us-west-2/aws-kraken2/data/cohort/SRR5935741_2.fastq.gz -> /home/ec2-user/ak2/cohort/SRR5935741_2.fastq.gz (827325968 bytes)
ak2: [2026-10-08T00:52:45Z] staged s3://aws-kraken2-942542972736-us-west-2/aws-kraken2/data/cohort/SRR5935742_1.fastq.gz -> /home/ec2-user/ak2/cohort/SRR5935742_1.fastq.gz (575178581 bytes)
ak2: [2026-10-08T00:52:47Z] staged s3://aws-kraken2-942542972736-us-west-2/aws-kraken2/data/cohort/SRR5935742_2.fastq.gz -> /home/ec2-user/ak2/cohort/SRR5935742_2.fastq.gz (583688553 bytes)
ak2: [2026-10-08T00:52:48Z] staged s3://aws-kraken2-942542972736-us-west-2/aws-kraken2/data/cohort/SRR5935743_1.fastq.gz -> /home/ec2-user/ak2/cohort/SRR5935743_1.fastq.gz (8679627 bytes)
ak2: [2026-10-08T00:52:49Z] staged s3://aws-kraken2-942542972736-us-west-2/aws-kraken2/data/cohort/SRR5935743_2.fastq.gz -> /home/ec2-user/ak2/cohort/SRR5935743_2.fastq.gz (8611159 bytes)
ak2: [2026-10-08T00:52:51Z] staged s3://aws-kraken2-942542972736-us-west-2/aws-kraken2/data/cohort/SRR5935744_1.fastq.gz -> /home/ec2-user/ak2/cohort/SRR5935744_1.fastq.gz (745495793 bytes)
ak2: [2026-10-08T00:52:53Z] staged s3://aws-kraken2-942542972736-us-west-2/aws-kraken2/data/cohort/SRR5935744_2.fastq.gz -> /home/ec2-user/ak2/cohort/SRR5935744_2.fastq.gz (755587542 bytes)
ak2: [2026-10-08T00:52:55Z] staged s3://aws-kraken2-942542972736-us-west-2/aws-kraken2/data/cohort/SRR5935745_1.fastq.gz -> /home/ec2-user/ak2/cohort/SRR5935745_1.fastq.gz (520125014 bytes)
ak2: [2026-10-08T00:52:57Z] staged s3://aws-kraken2-942542972736-us-west-2/aws-kraken2/data/cohort/SRR5935745_2.fastq.gz -> /home/ec2-user/ak2/cohort/SRR5935745_2.fastq.gz (524678126 bytes)
ak2: [2026-10-08T00:52:59Z] staged s3://aws-kraken2-942542972736-us-west-2/aws-kraken2/data/cohort/SRR5935746_1.fastq.gz -> /home/ec2-user/ak2/cohort/SRR5935746_1.fastq.gz (524886352 bytes)
ak2: [2026-10-08T00:53:02Z] staged s3://aws-kraken2-942542972736-us-west-2/aws-kraken2/data/cohort/SRR5935746_2.fastq.gz -> /home/ec2-user/ak2/cohort/SRR5935746_2.fastq.gz (523074338 bytes)
ak2: [2026-10-08T00:53:03Z] staged s3://aws-kraken2-942542972736-us-west-2/aws-kraken2/data/cohort/SRR5935747_1.fastq.gz -> /home/ec2-user/ak2/cohort/SRR5935747_1.fastq.gz (145394201 bytes)
ak2: [2026-10-08T00:53:05Z] staged s3://aws-kraken2-942542972736-us-west-2/aws-kraken2/data/cohort/SRR5935747_2.fastq.gz -> /home/ec2-user/ak2/cohort/SRR5935747_2.fastq.gz (147979881 bytes)
ak2: [2026-10-08T00:53:06Z] staged s3://aws-kraken2-942542972736-us-west-2/aws-kraken2/data/cohort/SRR5935748_1.fastq.gz -> /home/ec2-user/ak2/cohort/SRR5935748_1.fastq.gz (558312578 bytes)
ak2: [2026-10-08T00:53:08Z] staged s3://aws-kraken2-942542972736-us-west-2/aws-kraken2/data/cohort/SRR5935748_2.fastq.gz -> /home/ec2-user/ak2/cohort/SRR5935748_2.fastq.gz (574516567 bytes)
ak2: [2026-10-08T00:53:11Z] staged s3://aws-kraken2-942542972736-us-west-2/aws-kraken2/data/cohort/SRR5935749_1.fastq.gz -> /home/ec2-user/ak2/cohort/SRR5935749_1.fastq.gz (897225885 bytes)
ak2: [2026-10-08T00:53:14Z] staged s3://aws-kraken2-942542972736-us-west-2/aws-kraken2/data/cohort/SRR5935749_2.fastq.gz -> /home/ec2-user/ak2/cohort/SRR5935749_2.fastq.gz (893278004 bytes)
ak2: [2026-10-08T00:53:15Z] cohort samples staged and verified: SRR5935740 SRR5935741 SRR5935742 SRR5935743 SRR5935744 SRR5935745 SRR5935746 SRR5935747 SRR5935748 SRR5935749
ak2-phase	2026-10-08T00:53:15Z	1791420795	inv-c1-striped-sdk	no
ak2: [2026-10-08T00:54:51Z] inv c1-striped-sdk rank 6 exit 0
[c1-striped-sdk stderr] Loading database information...ak2-timing	opts	0.000038	0.000026	3	0	0.000026	0.000000
[c1-striped-sdk stderr]  done.
ak2: [2026-10-08T00:54:52Z] pushed out/rank6/eng-c1-striped-sdk.stderr
ak2-phase	2026-10-08T00:54:52Z	1791420892	inv-c1-striped-cli	no
ak2: [2026-10-08T00:56:34Z] inv c1-striped-cli rank 6 exit 0
[c1-striped-cli stderr] Loading database information...ak2-timing	opts	0.000040	0.000025	3	0	0.000025	0.000000
[c1-striped-cli stderr]  done.
ak2: [2026-10-08T00:56:35Z] pushed out/rank6/eng-c1-striped-cli.stderr
ak2-phase	2026-10-08T00:56:35Z	1791420995	inv-c1-parallel-sdk	no
ak2: [2026-10-08T00:58:09Z] inv c1-parallel-sdk rank 6 exit 0
[c1-parallel-sdk stderr] Loading database information...ak2-timing	opts	0.000076	0.000010	3	0	0.000012	0.000000
[c1-parallel-sdk stderr]  done.
ak2: [2026-10-08T00:58:09Z] pushed out/rank6/eng-c1-parallel-sdk.stderr
ak2: [2026-10-08T00:58:09Z] pushed out/rank6/c10.tsv
ak2-phase	2026-10-08T00:58:09Z	1791421089	inv-c10	no
ak2: [2026-10-08T00:58:10Z] inv c10 rank 6 exit 64
[c10 stderr] aws-kraken2: AK2_COHORT: /home/ec2-user/ak2/c10.tsv:11: sample name "SRR5935740" (empty, with a space or /, or repeated)
ak2: [2026-10-08T00:58:11Z] pushed out/rank6/eng-c10.stderr
ak2: [2026-10-08T00:58:11Z] inv c10 FAILED on rank 6: stopping
ak2: [2026-10-08T00:58:11Z] rank 6 done (failed=1)
ak2: [2026-10-08T00:58:11Z] spec body exit rc=1
ak2-phase	2026-10-08T00:58:11Z	1791421091	end	no
