Loading database information...ak2-timing	opts	0.002487	0.000014	0	0	0.000012	0.000000
ak2-timing	taxo	0.002505	0.091940	87824	0	0.024617	0.072853
ak2-engine	mem	t_s	15.0	rss_kib	35864632	hwm_kib	35864636	heap_inuse	400474112	sys	428390760	avail_kib	58897524
ak2-engine	mem	t_s	30.0	rss_kib	72042744	hwm_kib	72042748	heap_inuse	403038208	sys	428652904	avail_kib	22820776
ak2-timing	shard-load-4	0.178439	30.882910	41517	0	35.254316	30.466512
ak2-engine	mem	t_s	45.0	rss_kib	72975920	hwm_kib	72975924	heap_inuse	407101440	sys	433981816	avail_kib	22150284
ak2-timing	rendezvous	31.618251	15.946855	3504	0	0.091558	0.015483
ak2-timing	connect	47.565117	0.013774	7	0	0.010069	0.000000
ak2-timing	hash	0.094461	47.484441	46950	0	35.367331	30.483065
 done.
18645445 sequences (3449.57 Mbp) processed in 8.513s (131416.3 Kseq/m, 24313.20 Mbp/m).
  18393099 sequences classified (98.65%)
  252346 sequences unclassified (1.35%)
ak2-sample	batch	0	name	0-SRR5935751	mode	parallel	s3client	sdk	rank	4	role	home	inflight	1	threads	16	start_s	47.578926	wall_s	8.930979	setup_s	0.000034	classify_s	8.512843	close_s	0.246679	report_s	0.165676	status	0	sequences	18645445	bases	3449573600	classified	18393099	place	lpt	weight	18645445
ak2-engine	mem	t_s	60.0	rss_kib	78981892	hwm_kib	79228856	heap_inuse	4026826752	sys	6860980440	avail_kib	15906100
14303962 sequences (2635.98 Mbp) processed in 6.423s (133624.0 Kseq/m, 24624.64 Mbp/m).
  14029845 sequences classified (98.08%)
  274117 sequences unclassified (1.92%)
ak2-sample	batch	0	name	0-SRR5935830	mode	parallel	s3client	sdk	rank	4	role	home	inflight	1	threads	16	start_s	56.509920	wall_s	6.875807	setup_s	0.000044	classify_s	6.422783	close_s	0.262557	report_s	0.185003	status	0	sequences	14303962	bases	2635979010	classified	14029845	place	lpt	weight	14303962
12252617 sequences (2212.67 Mbp) processed in 5.436s (135241.7 Kseq/m, 24423.01 Mbp/m).
  10208851 sequences classified (83.32%)
  2043766 sequences unclassified (16.68%)
ak2-sample	batch	0	name	0-SRR5935774	mode	parallel	s3client	sdk	rank	4	role	home	inflight	1	threads	16	start_s	63.385740	wall_s	5.849063	setup_s	0.000040	classify_s	5.435877	close_s	0.238445	report_s	0.162144	status	0	sequences	12252617	bases	2212674525	classified	10208851	place	lpt	weight	12252617
10834778 sequences (1957.59 Mbp) processed in 4.978s (130599.9 Kseq/m, 23596.31 Mbp/m).
  10642489 sequences classified (98.23%)
  192289 sequences unclassified (1.77%)
ak2-sample	batch	0	name	0-SRR5935760	mode	parallel	s3client	sdk	rank	4	role	home	inflight	1	threads	16	start_s	69.234816	wall_s	5.394923	setup_s	0.000035	classify_s	4.977695	close_s	0.217994	report_s	0.195020	status	0	sequences	10834778	bases	1957586977	classified	10642489	place	lpt	weight	10834778
ak2-engine	mem	t_s	75.0	rss_kib	78423412	hwm_kib	79228856	heap_inuse	3433742336	sys	6864928984	avail_kib	15159256
10054299 sequences (1885.64 Mbp) processed in 4.659s (129482.8 Kseq/m, 24283.96 Mbp/m).
  9575405 sequences classified (95.24%)
  478894 sequences unclassified (4.76%)
ak2-sample	batch	0	name	0-SRR5935786	mode	parallel	s3client	sdk	rank	4	role	home	inflight	1	threads	16	start_s	74.629752	wall_s	5.063633	setup_s	0.000041	classify_s	4.658983	close_s	0.229167	report_s	0.167965	status	0	sequences	10054299	bases	1885642952	classified	9575405	place	lpt	weight	10054299
1539039 sequences (293.66 Mbp) processed in 0.899s (102672.1 Kseq/m, 19590.44 Mbp/m).
  1494119 sequences classified (97.08%)
  44920 sequences unclassified (2.92%)
ak2-sample	batch	0	name	0-SRR5935809	mode	parallel	s3client	sdk	rank	4	role	home	inflight	1	threads	16	start_s	79.693397	wall_s	1.350731	setup_s	0.000046	classify_s	0.899391	close_s	0.256018	report_s	0.192375	status	0	sequences	1539039	bases	293657718	classified	1494119	place	lpt	weight	1539039
1085628 sequences (199.24 Mbp) processed in 0.915s (71217.0 Kseq/m, 13070.40 Mbp/m).
  1061820 sequences classified (97.81%)
  23808 sequences unclassified (2.19%)
ak2-sample	batch	0	name	0-SRR5935839	mode	parallel	s3client	sdk	rank	4	role	home	inflight	1	threads	16	start_s	81.044140	wall_s	1.286829	setup_s	0.000044	classify_s	0.914638	close_s	0.234750	report_s	0.135685	status	0	sequences	1085628	bases	199244471	classified	1061820	place	lpt	weight	1085628
ak2-timing	batch-barrier-0	82.330982	2.355747	4	0	0.592898	0.033603
ak2-engine	mem	t_s	90.0	rss_kib	79039872	hwm_kib	79393072	heap_inuse	4254875648	sys	7058845960	avail_kib	14712464
15328347 sequences (2853.53 Mbp) processed in 7.190s (127916.5 Kseq/m, 23812.95 Mbp/m).
  14998872 sequences classified (97.85%)
  329475 sequences unclassified (2.15%)
ak2-sample	batch	1	name	1-SRR5935744	mode	parallel	s3client	sdk	rank	4	role	home	inflight	1	threads	16	start_s	84.686751	wall_s	7.556572	setup_s	0.000031	classify_s	7.189853	close_s	0.226597	report_s	0.133541	status	0	sequences	15328347	bases	2853526686	classified	14998872	place	mod	weight	15328347
10834778 sequences (1957.59 Mbp) processed in 5.004s (129909.7 Kseq/m, 23471.60 Mbp/m).
  10642489 sequences classified (98.23%)
  192289 sequences unclassified (1.77%)
ak2-sample	batch	1	name	1-SRR5935760	mode	parallel	s3client	sdk	rank	4	role	home	inflight	1	threads	16	start_s	92.243338	wall_s	5.354118	setup_s	0.000033	classify_s	5.004142	close_s	0.212292	report_s	0.133526	status	0	sequences	10834778	bases	1957586977	classified	10642489	place	mod	weight	10834778
3168882 sequences (592.65 Mbp) processed in 1.637s (116145.0 Kseq/m, 21721.57 Mbp/m).
  3127330 sequences classified (98.69%)
  41552 sequences unclassified (1.31%)
ak2-sample	batch	1	name	1-SRR5935776	mode	parallel	s3client	sdk	rank	4	role	home	inflight	1	threads	16	start_s	97.597469	wall_s	1.979166	setup_s	0.000039	classify_s	1.637031	close_s	0.223922	report_s	0.115368	status	0	sequences	3168882	bases	592648009	classified	3127330	place	mod	weight	3168882
11437813 sequences (2096.18 Mbp) processed in 5.115s (134169.5 Kseq/m, 24588.95 Mbp/m).
  10922134 sequences classified (95.49%)
  515679 sequences unclassified (4.51%)
ak2-engine	mem	t_s	105.0	rss_kib	78661420	hwm_kib	79393072	heap_inuse	4450369536	sys	7058854152	avail_kib	14938344
ak2-sample	batch	1	name	1-SRR5935792	mode	parallel	s3client	sdk	rank	4	role	home	inflight	1	threads	16	start_s	99.576649	wall_s	5.498760	setup_s	0.000043	classify_s	5.114938	close_s	0.234509	report_s	0.143371	status	0	sequences	11437813	bases	2096182336	classified	10922134	place	mod	weight	11437813
15500933 sequences (2889.47 Mbp) processed in 7.140s (130259.2 Kseq/m, 24281.12 Mbp/m).
  14777244 sequences classified (95.33%)
  723689 sequences unclassified (4.67%)
ak2-sample	batch	1	name	1-SRR5935808	mode	parallel	s3client	sdk	rank	4	role	home	inflight	1	threads	16	start_s	105.075426	wall_s	7.567423	setup_s	0.000042	classify_s	7.140042	close_s	0.291850	report_s	0.128627	status	0	sequences	15500933	bases	2889469649	classified	14777244	place	mod	weight	15500933
8745078 sequences (1626.83 Mbp) processed in 4.120s (127350.6 Kseq/m, 23690.83 Mbp/m).
  8520266 sequences classified (97.43%)
  224812 sequences unclassified (2.57%)
ak2-sample	batch	1	name	1-SRR5935824	mode	parallel	s3client	sdk	rank	4	role	home	inflight	1	threads	16	start_s	112.642872	wall_s	4.559970	setup_s	0.000039	classify_s	4.120160	close_s	0.225843	report_s	0.207600	status	0	sequences	8745078	bases	1626833325	classified	8520266	place	mod	weight	8745078
ak2-engine	mem	t_s	120.0	rss_kib	79022184	hwm_kib	79393072	heap_inuse	3973341184	sys	7058878728	avail_kib	14978616
ak2-timing	batch-barrier-1	117.202855	13.996435	1	0	5.140581	0.574693
ak2-engine	mem	t_s	135.0	rss_kib	79061632	hwm_kib	79393072	heap_inuse	4760313856	sys	7058878728	avail_kib	15332720
18645445 sequences (3449.57 Mbp) processed in 8.478s (131952.3 Kseq/m, 24412.35 Mbp/m).
  18393099 sequences classified (98.65%)
  252346 sequences unclassified (1.35%)
ak2-sample	batch	2	name	2-SRR5935751	mode	parallel	s3client	sdk	rank	4	role	home	inflight	1	threads	16	start_s	131.199327	wall_s	8.883611	setup_s	0.000046	classify_s	8.478267	close_s	0.244403	report_s	0.154995	status	0	sequences	18645445	bases	3449573600	classified	18393099	place	lpt	weight	18645445
14303962 sequences (2635.98 Mbp) processed in 6.431s (133452.2 Kseq/m, 24593.00 Mbp/m).
  14029845 sequences classified (98.08%)
  274117 sequences unclassified (1.92%)
ak2-sample	batch	2	name	2-SRR5935830	mode	parallel	s3client	sdk	rank	4	role	home	inflight	1	threads	16	start_s	140.082952	wall_s	6.824317	setup_s	0.000045	classify_s	6.431048	close_s	0.256028	report_s	0.131755	status	0	sequences	14303962	bases	2635979010	classified	14029845	place	lpt	weight	14303962
ak2-engine	mem	t_s	150.0	rss_kib	79352328	hwm_kib	79544556	heap_inuse	4853473280	sys	7357038936	avail_kib	14707112
12252617 sequences (2212.67 Mbp) processed in 5.430s (135381.5 Kseq/m, 24448.26 Mbp/m).
  10208851 sequences classified (83.32%)
  2043766 sequences unclassified (16.68%)
ak2-sample	batch	2	name	2-SRR5935774	mode	parallel	s3client	sdk	rank	4	role	home	inflight	1	threads	16	start_s	146.907283	wall_s	5.888710	setup_s	0.000035	classify_s	5.430263	close_s	0.302829	report_s	0.142956	status	0	sequences	12252617	bases	2212674525	classified	10208851	place	lpt	weight	12252617
10834778 sequences (1957.59 Mbp) processed in 4.988s (130320.7 Kseq/m, 23545.85 Mbp/m).
  10642489 sequences classified (98.23%)
  192289 sequences unclassified (1.77%)
ak2-sample	batch	2	name	2-SRR5935760	mode	parallel	s3client	sdk	rank	4	role	home	inflight	1	threads	16	start_s	152.796009	wall_s	5.360444	setup_s	0.000036	classify_s	4.988362	close_s	0.211783	report_s	0.156133	status	0	sequences	10834778	bases	1957586977	classified	10642489	place	lpt	weight	10834778
10054299 sequences (1885.64 Mbp) processed in 4.678s (128969.3 Kseq/m, 24187.68 Mbp/m).
  9575405 sequences classified (95.24%)
  478894 sequences unclassified (4.76%)
ak2-sample	batch	2	name	2-SRR5935786	mode	parallel	s3client	sdk	rank	4	role	home	inflight	1	threads	16	start_s	158.156468	wall_s	5.156496	setup_s	0.000035	classify_s	4.677530	close_s	0.247730	report_s	0.223859	status	0	sequences	10054299	bases	1885642952	classified	9575405	place	lpt	weight	10054299
1539039 sequences (293.66 Mbp) processed in 0.908s (101692.4 Kseq/m, 19403.52 Mbp/m).
  1494119 sequences classified (97.08%)
  44920 sequences unclassified (2.92%)
ak2-sample	batch	2	name	2-SRR5935809	mode	parallel	s3client	sdk	rank	4	role	home	inflight	1	threads	16	start_s	163.312977	wall_s	1.344962	setup_s	0.000038	classify_s	0.908055	close_s	0.294531	report_s	0.139417	status	0	sequences	1539039	bases	293657718	classified	1494119	place	lpt	weight	1539039
ak2-engine	mem	t_s	165.0	rss_kib	77658588	hwm_kib	79544556	heap_inuse	2492301312	sys	7357571416	avail_kib	15483324
1085628 sequences (199.24 Mbp) processed in 0.678s (96128.0 Kseq/m, 17642.30 Mbp/m).
  1061820 sequences classified (97.81%)
  23808 sequences unclassified (2.19%)
ak2-sample	batch	2	name	2-SRR5935839	mode	parallel	s3client	sdk	rank	4	role	home	inflight	1	threads	16	start_s	164.657953	wall_s	1.149247	setup_s	0.000042	classify_s	0.677614	close_s	0.335630	report_s	0.134236	status	0	sequences	1085628	bases	199244471	classified	1061820	place	lpt	weight	1085628
ak2-timing	batch-barrier-2	165.807211	2.492443	0	0	0.640998	0.058606
ak2-timing	barrier	173.421661	1.044965	0	0	0.033104	0.000000
ak2-sample	batch	3	name	3-SRR5935740	mode	striped	s3client	sdk	rank	4	role	peer	inflight	1	threads	16	start_s	168.824555	wall_s	5.642104	setup_s	0.000034	classify_s	4.593985	close_s	0.000000	report_s	0.000000	status	0	sequences	0	bases	0	classified	0	place	-	weight	-
ak2-timing	batch-barrier-3	174.466665	0.526002	16	0	0.000000	0.004105
ak2-engine	mem	t_s	180.0	rss_kib	76239456	hwm_kib	79544556	heap_inuse	2860490752	sys	7357571416	avail_kib	18123392
ak2-timing	barrier	180.464714	0.189404	0	0	0.008209	0.000000
ak2-sample	batch	4	name	4-SRR5935740	mode	striped	s3client	sdk	rank	4	role	peer	inflight	1	threads	16	start_s	175.829061	wall_s	4.825090	setup_s	0.000032	classify_s	4.632261	close_s	0.000000	report_s	0.000000	status	0	sequences	0	bases	0	classified	0	place	-	weight	-
ak2-timing	batch-barrier-4	180.654157	0.506265	15	0	0.003856	0.000161
ak2-timing	barrier	186.541801	0.144068	0	0	0.006061	0.008940
ak2-sample	batch	5	name	5-SRR5935740	mode	striped	s3client	sdk	rank	4	role	peer	inflight	1	threads	16	start_s	181.929209	wall_s	4.756696	setup_s	0.000027	classify_s	4.609521	close_s	0.000000	report_s	0.000000	status	0	sequences	0	bases	0	classified	0	place	-	weight	-
ak2-timing	batch-barrier-5	186.685912	0.546379	0	0	0.004026	0.000000
ak2-timing	batch-barrier-6	187.232301	6.107191	0	0	0.548873	0.085638
ak2-engine	mem	t_s	195.0	rss_kib	76297076	hwm_kib	79544556	heap_inuse	3657252864	sys	7357571416	avail_kib	18644276
ak2-timing	batch-barrier-7	193.339509	5.058412	2	0	0.589304	0.021454
ak2-timing	batch-barrier-8	198.397936	6.101979	0	0	0.561095	0.064711
ak2-engine	shard	0	n	16	lo	74318229485	hi	92897786856	tail	302	full	false	empty_at	18579557370	keys	8477552208	batches	89910	probe_s	161.896856	tail_probes	0	wrap_probes	0
ak2-engine	mem	t_s	204.5	rss_kib	76297080	hwm_kib	79544556	heap_inuse	3658596352	sys	7357571416	avail_kib	18764452
ak2-engine	rendezvous	puts	13	gets	492
ak2-engine	s3	client	sdk	put	33	get	492	create_multipart	20	upload_part	2035	complete_multipart	20	abort_multipart	0	part_bytes	17007170948
ak2-engine	s3	client	cli	put	0	get	0	create_multipart	0	upload_part	0	complete_multipart	0	abort_multipart	0	part_bytes	0
ak2-engine	load	seconds	30.882907	requests	1126	retries	0	bytes	74318296292
ak2-engine	route	transport	nodes	calls	5346	keys	8037635259	batches	85536	route_s	54.364198	wait_s	40.576085	gather_s	11.879214
ak2-engine	worker	scan_s	412.660158	lookup_s	106.821118	classify_s	344.881320
ak2-timing	total	0.000000	204.605455	11363593	0	1297.987574	99.675210
