Loading database information...ak2-timing	opts	0.003233	0.000021	0	0	0.000019	0.000000
ak2-timing	taxo	0.003262	0.118518	87884	0	0.052285	0.069691
ak2-timing	shard-load-12	0.199666	14.373172	23987	0	20.044602	20.270978
ak2-engine	mem	t_s	15.0	rss_kib	36683824	hwm_kib	36683828	heap_inuse	403202048	sys	435546488	avail_kib	58102848
ak2-engine	mem	t_s	30.0	rss_kib	36693500	hwm_kib	36693504	heap_inuse	413286400	sys	443935096	avail_kib	58552080
ak2-engine	mem	t_s	45.0	rss_kib	36699144	hwm_kib	36699148	heap_inuse	419176448	sys	452389240	avail_kib	58716008
ak2-timing	rendezvous	15.020038	36.309172	4008	0	0.093547	0.000872
ak2-timing	connect	51.329230	0.056142	14	0	0.001133	0.001141
ak2-timing	hash	0.121823	51.263561	29862	0	20.151390	20.276396
 done.
8206591 sequences (1523.97 Mbp) processed in 7.977s (61723.6 Kseq/m, 11462.10 Mbp/m).
  7998445 sequences classified (97.46%)
  208146 sequences unclassified (2.54%)
ak2-sample	batch	0	name	0-SRR5935758	mode	parallel	s3client	sdk	rank	12	role	home	inflight	6	threads	16	start_s	51.385422	wall_s	8.402682	setup_s	0.000048	classify_s	7.977429	close_s	0.230257	report_s	0.188980	status	0	sequences	8206591	bases	1523967713	classified	7998445	place	lpt	weight	8206591
ak2-engine	mem	t_s	60.0	rss_kib	56104820	hwm_kib	56121372	heap_inuse	10905763840	sys	20732382104	avail_kib	39129804
11374148 sequences (2063.47 Mbp) processed in 9.334s (73115.5 Kseq/m, 13264.42 Mbp/m).
  10686284 sequences classified (93.95%)
  687864 sequences unclassified (6.05%)
ak2-sample	batch	0	name	0-SRR5935769	mode	parallel	s3client	sdk	rank	12	role	home	inflight	6	threads	16	start_s	51.385428	wall_s	9.751304	setup_s	0.000037	classify_s	9.333845	close_s	0.244880	report_s	0.160344	status	0	sequences	11374148	bases	2063466726	classified	10686284	place	lpt	weight	11374148
16286650 sequences (3018.35 Mbp) processed in 11.149s (87646.8 Kseq/m, 16243.31 Mbp/m).
  15278935 sequences classified (93.81%)
  1007715 sequences unclassified (6.19%)
ak2-sample	batch	0	name	0-SRR5935757	mode	parallel	s3client	sdk	rank	12	role	home	inflight	6	threads	16	start_s	51.385421	wall_s	11.662862	setup_s	0.000040	classify_s	11.149280	close_s	0.262359	report_s	0.236485	status	0	sequences	16286650	bases	3018354004	classified	15278935	place	lpt	weight	16286650
ak2-timing	batch-barrier-0	63.048307	3.121267	16	0	1.078994	0.171223
ak2-engine	mem	t_s	75.0	rss_kib	57247040	hwm_kib	57247040	heap_inuse	13587275776	sys	21556481112	avail_kib	37396868
12244248 sequences (2292.24 Mbp) processed in 11.444s (64196.5 Kseq/m, 12018.18 Mbp/m).
  11933067 sequences classified (97.46%)
  311181 sequences unclassified (2.54%)
14298074 sequences (2663.28 Mbp) processed in 11.372s (75437.9 Kseq/m, 14051.70 Mbp/m).
  14234512 sequences classified (99.56%)
  63562 sequences unclassified (0.44%)
ak2-sample	batch	1	name	1-SRR5935752	mode	parallel	s3client	sdk	rank	12	role	home	inflight	6	threads	16	start_s	66.169633	wall_s	11.958611	setup_s	0.000052	classify_s	11.372063	close_s	0.447666	report_s	0.134822	status	0	sequences	14298074	bases	2663280360	classified	14234512	place	mod	weight	14298074
ak2-sample	batch	1	name	1-SRR5935816	mode	parallel	s3client	sdk	rank	12	role	home	inflight	6	threads	16	start_s	66.169605	wall_s	11.991395	setup_s	0.000059	classify_s	11.443851	close_s	0.353853	report_s	0.186641	status	0	sequences	12244248	bases	2292238030	classified	11933067	place	mod	weight	12244248
14800056 sequences (2772.79 Mbp) processed in 12.150s (73084.8 Kseq/m, 13692.43 Mbp/m).
  14536791 sequences classified (98.22%)
  263265 sequences unclassified (1.78%)
ak2-sample	batch	1	name	1-SRR5935784	mode	parallel	s3client	sdk	rank	12	role	home	inflight	6	threads	16	start_s	66.169641	wall_s	12.633319	setup_s	0.000040	classify_s	12.150323	close_s	0.333144	report_s	0.141938	status	0	sequences	14800056	bases	2772790740	classified	14536791	place	mod	weight	14800056
ak2-timing	batch-barrier-1	78.802979	3.687794	2	0	0.638712	0.120580
ak2-engine	mem	t_s	90.0	rss_kib	57516504	hwm_kib	58488784	heap_inuse	14022737920	sys	22929313096	avail_kib	35976656
8206591 sequences (1523.97 Mbp) processed in 7.936s (62044.8 Kseq/m, 11521.75 Mbp/m).
  7998445 sequences classified (97.46%)
  208146 sequences unclassified (2.54%)
ak2-sample	batch	2	name	2-SRR5935758	mode	parallel	s3client	sdk	rank	12	role	home	inflight	6	threads	16	start_s	82.490827	wall_s	8.550520	setup_s	0.000049	classify_s	7.936128	close_s	0.365153	report_s	0.242722	status	0	sequences	8206591	bases	1523967713	classified	7998445	place	lpt	weight	8206591
11374148 sequences (2063.47 Mbp) processed in 9.437s (72320.0 Kseq/m, 13120.10 Mbp/m).
  10686284 sequences classified (93.95%)
  687864 sequences unclassified (6.05%)
ak2-sample	batch	2	name	2-SRR5935769	mode	parallel	s3client	sdk	rank	12	role	home	inflight	6	threads	16	start_s	82.490836	wall_s	10.002202	setup_s	0.000040	classify_s	9.436512	close_s	0.273402	report_s	0.280023	status	0	sequences	11374148	bases	2063466726	classified	10686284	place	lpt	weight	11374148
16286650 sequences (3018.35 Mbp) processed in 11.301s (86468.3 Kseq/m, 16024.90 Mbp/m).
  15278935 sequences classified (93.81%)
  1007715 sequences unclassified (6.19%)
ak2-sample	batch	2	name	2-SRR5935757	mode	parallel	s3client	sdk	rank	12	role	home	inflight	6	threads	16	start_s	82.490830	wall_s	11.800826	setup_s	0.000048	classify_s	11.301238	close_s	0.279002	report_s	0.205454	status	0	sequences	16286650	bases	3018354004	classified	15278935	place	lpt	weight	16286650
ak2-timing	batch-barrier-2	94.291680	1.863605	1	0	0.160377	0.018164
ak2-timing	barrier	103.137303	0.388911	0	0	0.008066	0.000000
ak2-sample	batch	3	name	3-SRR5935740	mode	striped	s3client	sdk	rank	12	role	peer	inflight	1	threads	16	start_s	97.451944	wall_s	6.074328	setup_s	0.000051	classify_s	5.682959	close_s	0.000000	report_s	0.000000	status	0	sequences	0	bases	0	classified	0	place	-	weight	-
ak2-timing	batch-barrier-3	103.526282	0.925899	0	0	0.008047	0.000547
ak2-engine	mem	t_s	105.0	rss_kib	39469836	hwm_kib	58488784	heap_inuse	2153095168	sys	22929321288	avail_kib	51689904
ak2-timing	barrier	111.263806	0.151372	0	0	0.004082	0.000364
ak2-sample	batch	4	name	4-SRR5935740	mode	striped	s3client	sdk	rank	12	role	peer	inflight	1	threads	16	start_s	105.592980	wall_s	5.822248	setup_s	0.000050	classify_s	5.668399	close_s	0.000000	report_s	0.000000	status	0	sequences	0	bases	0	classified	0	place	-	weight	-
ak2-timing	batch-barrier-4	111.415237	0.896508	55	0	0.008093	0.000721
ak2-timing	barrier	119.223403	0.094025	0	0	0.000177	0.000000
ak2-sample	batch	5	name	5-SRR5935740	mode	striped	s3client	sdk	rank	12	role	peer	inflight	1	threads	16	start_s	113.527019	wall_s	5.790457	setup_s	0.000054	classify_s	5.693933	close_s	0.000000	report_s	0.000000	status	0	sequences	0	bases	0	classified	0	place	-	weight	-
ak2-engine	mem	t_s	120.0	rss_kib	39262764	hwm_kib	58488784	heap_inuse	2028470272	sys	22929321288	avail_kib	55476516
ak2-timing	batch-barrier-5	119.317486	0.876840	7	0	0.009229	0.000000
ak2-timing	batch-barrier-6	120.194351	6.750199	9	0	0.328276	0.057410
ak2-timing	batch-barrier-7	126.944578	7.537170	73	0	0.340592	0.050238
ak2-engine	mem	t_s	135.0	rss_kib	39263096	hwm_kib	58488784	heap_inuse	2033836032	sys	22929321288	avail_kib	55957704
ak2-timing	batch-barrier-8	134.481771	7.474480	4	0	0.308889	0.090770
ak2-engine	shard	0	n	32	lo	111477344228	hi	120767122913	tail	302	full	false	empty_at	9289778684	keys	4236795303	batches	89910	probe_s	94.521466	tail_probes	0	wrap_probes	0
ak2-engine	mem	t_s	142.0	rss_kib	39263112	hwm_kib	58488784	heap_inuse	2034843648	sys	22929321288	avail_kib	56078524
ak2-engine	rendezvous	puts	13	gets	1009
ak2-engine	s3	client	sdk	put	22	get	1009	create_multipart	9	upload_part	1188	complete_multipart	9	abort_multipart	0	part_bytes	9912953326
ak2-engine	s3	client	cli	put	0	get	0	create_multipart	0	upload_part	0	complete_multipart	0	abort_multipart	0	part_bytes	0
ak2-engine	load	seconds	14.373170	requests	572	retries	0	bytes	37159181548
ak2-engine	route	transport	nodes	calls	2999	keys	4526036353	batches	95968	route_s	41.182837	wait_s	720.516488	gather_s	9.349467
ak2-engine	worker	scan_s	339.474616	lookup_s	771.050760	classify_s	254.185155
ak2-timing	total	0.000001	142.024216	8958962	0	927.533903	82.002680
