Loading database information...ak2-timing	opts	0.000040	0.000025	3	0	0.000025	0.000000
ak2-timing	taxo	0.000074	0.092991	87914	0	0.019001	0.089016
ak2-timing	shard-load-6	0.162423	83.234872	78152	0	106.802207	123.997407
ak2-timing	rendezvous	83.848136	3.287894	2909	0	0.040828	0.008810
ak2-timing	connect	87.136045	0.003474	2	0	0.000206	0.000240
ak2-timing	connect-control	87.139531	0.000212	7	0	0.000047	0.000055
ak2-timing	hash	0.093122	87.046627	83253	0	106.855844	124.009010
 done.
ak2-timing	setup	87.139753	0.000040	2	0	0.000035	0.000040
ak2-timing	classify	87.139797	11.003681	1037965	0	22.218700	0.474759
ak2-timing	barrier	98.149352	2.918320	2	0	0.022170	0.006719
ak2-engine	shard	0	n	8	lo	222954688456	hi	260113803199	tail	302	full	false	empty_at	37159114747	keys	51979032	batches	276	probe_s	1.472062	tail_probes	0	wrap_probes	0
ak2-engine	rendezvous	puts	1	gets	8
ak2-engine	s3	client	sdk	put	0	get	0	create_multipart	0	upload_part	0	complete_multipart	0	abort_multipart	0	part_bytes	0
ak2-engine	s3	client	cli	put	1	get	8	create_multipart	0	upload_part	0	complete_multipart	0	abort_multipart	0	part_bytes	0
ak2-engine	node	rank	6	n	8	emitter	false	blocks_cut	276	blocks_mine	34	read_s	5.107348	window_wait_s	5.769654	send_s	1.423572	sent_bytes	116795994	emit_wait_s	0.000000	emit_s	0.000000
ak2-engine	load	seconds	83.234869	requests	2233	retries	0	bytes	148636525780
ak2-engine	route	transport	nodes	calls	34	keys	51307925	batches	272	route_s	0.487937	wait_s	0.470771	gather_s	0.140155
ak2-engine	worker	scan_s	3.860489	lookup_s	1.098893	classify_s	2.687906
ak2-timing	unmap	101.067750	0.279515	0	0	0.000000	0.279519
ak2-timing	total	0.000001	101.347296	1209330	0	129.121764	124.859191
