Loading database information...ak2-timing	opts	0.002787	0.000017	0	0	0.000019	0.000000
ak2-timing	taxo	0.002812	0.096667	87788	0	0.025715	0.087000
ak2-engine	mem	t_s	15.0	rss_kib	27031768	hwm_kib	27031772	heap_inuse	395468800	sys	410057064	avail_kib	100644652
ak2-engine	mem	t_s	30.0	rss_kib	54218992	hwm_kib	54218992	heap_inuse	397713408	sys	410057064	avail_kib	73404832
ak2-timing	shard-load-2	0.192561	40.815189	40631	0	36.343022	40.416542
ak2-engine	mem	t_s	45.0	rss_kib	72971988	hwm_kib	72971988	heap_inuse	403398656	sys	418445672	avail_kib	54687160
ak2-engine	mem	t_s	60.0	rss_kib	72977256	hwm_kib	72977260	heap_inuse	409198592	sys	422639976	avail_kib	54853700
ak2-engine	mem	t_s	75.0	rss_kib	72980664	hwm_kib	72980668	heap_inuse	412958720	sys	427096424	avail_kib	54856968
ak2-timing	rendezvous	41.562377	39.823385	9228	0	0.158270	0.026482
ak2-timing	connect	81.385777	0.173182	1796	0	0.075434	0.023075
ak2-timing	hash	0.099561	81.459420	53550	0	36.590084	40.467884
 done.
ak2-engine	mem	t_s	90.0	rss_kib	78310572	hwm_kib	78310572	heap_inuse	3186130944	sys	5984841608	avail_kib	48835572
20086542 sequences (3689.65 Mbp) processed in 19.954s (60398.5 Kseq/m, 11094.45 Mbp/m).
  19142785 sequences classified (95.30%)
  943757 sequences unclassified (4.70%)
ak2-sample	batch	0	name	0-SRR5935798	mode	parallel	s3client	sdk	rank	2	role	home	inflight	1	threads	16	start_s	81.559019	wall_s	20.351965	setup_s	0.000054	classify_s	19.954017	close_s	0.218533	report_s	0.165007	status	0	sequences	20086542	bases	3689648337	classified	19142785	place	lpt	weight	20086542
ak2-engine	mem	t_s	105.0	rss_kib	78479616	hwm_kib	78479616	heap_inuse	4194181120	sys	6114861096	avail_kib	48861676
14261195 sequences (2665.70 Mbp) processed in 14.527s (58903.6 Kseq/m, 11010.24 Mbp/m).
  13980324 sequences classified (98.03%)
  280871 sequences unclassified (1.97%)
ak2-sample	batch	0	name	0-SRR5935817	mode	parallel	s3client	sdk	rank	2	role	home	inflight	1	threads	16	start_s	101.911010	wall_s	14.881693	setup_s	0.000064	classify_s	14.526645	close_s	0.198086	report_s	0.148605	status	0	sequences	14261195	bases	2665696979	classified	13980324	place	lpt	weight	14261195
ak2-engine	mem	t_s	120.0	rss_kib	78476452	hwm_kib	79063372	heap_inuse	5238136832	sys	6811861192	avail_kib	48874184
12062510 sequences (2207.30 Mbp) processed in 12.109s (59770.0 Kseq/m, 10937.21 Mbp/m).
  10926608 sequences classified (90.58%)
  1135902 sequences unclassified (9.42%)
ak2-sample	batch	0	name	0-SRR5935820	mode	parallel	s3client	sdk	rank	2	role	home	inflight	1	threads	16	start_s	116.792727	wall_s	12.619447	setup_s	0.000063	classify_s	12.108930	close_s	0.317916	report_s	0.177110	status	0	sequences	12062510	bases	2207297835	classified	10926608	place	lpt	weight	12062510
ak2-engine	mem	t_s	135.0	rss_kib	79058724	hwm_kib	79285476	heap_inuse	4877352960	sys	6943613160	avail_kib	48220052
10492437 sequences (1984.14 Mbp) processed in 11.011s (57175.7 Kseq/m, 10812.05 Mbp/m).
  9889429 sequences classified (94.25%)
  603008 sequences unclassified (5.75%)
ak2-sample	batch	0	name	0-SRR5935745	mode	parallel	s3client	sdk	rank	2	role	home	inflight	1	threads	16	start_s	129.412202	wall_s	11.371113	setup_s	0.000069	classify_s	11.010724	close_s	0.213348	report_s	0.136406	status	0	sequences	10492437	bases	1984140901	classified	9889429	place	lpt	weight	10492437
8326050 sequences (1540.09 Mbp) processed in 8.739s (57164.0 Kseq/m, 10573.78 Mbp/m).
  8094378 sequences classified (97.22%)
  231672 sequences unclassified (2.78%)
ak2-sample	batch	0	name	0-SRR5935828	mode	parallel	s3client	sdk	rank	2	role	home	inflight	1	threads	16	start_s	140.783343	wall_s	9.091328	setup_s	0.000065	classify_s	8.739125	close_s	0.208108	report_s	0.136717	status	0	sequences	8326050	bases	1540092338	classified	8094378	place	lpt	weight	8326050
ak2-engine	mem	t_s	150.0	rss_kib	78617384	hwm_kib	79285476	heap_inuse	3897901056	sys	7015117048	avail_kib	48867848
5072545 sequences (950.40 Mbp) processed in 5.440s (55949.8 Kseq/m, 10482.85 Mbp/m).
  4982177 sequences classified (98.22%)
  90368 sequences unclassified (1.78%)
ak2-sample	batch	0	name	0-SRR5935814	mode	parallel	s3client	sdk	rank	2	role	home	inflight	1	threads	16	start_s	149.874699	wall_s	5.814878	setup_s	0.000072	classify_s	5.439743	close_s	0.241947	report_s	0.127938	status	0	sequences	5072545	bases	950400325	classified	4982177	place	lpt	weight	5072545
ak2-timing	batch-barrier-0	155.689598	4.477569	1	0	1.057821	0.155700
ak2-engine	mem	t_s	165.1	rss_kib	78501408	hwm_kib	79285476	heap_inuse	5337292800	sys	7015641336	avail_kib	49105252
12325847 sequences (2261.51 Mbp) processed in 12.504s (59144.8 Kseq/m, 10851.72 Mbp/m).
  11791754 sequences classified (95.67%)
  534093 sequences unclassified (4.33%)
ak2-sample	batch	1	name	1-SRR5935742	mode	parallel	s3client	sdk	rank	2	role	home	inflight	1	threads	16	start_s	160.167194	wall_s	12.989280	setup_s	0.000058	classify_s	12.504076	close_s	0.326671	report_s	0.148562	status	0	sequences	12325847	bases	2261511731	classified	11791754	place	mod	weight	12325847
ak2-engine	mem	t_s	180.1	rss_kib	78100312	hwm_kib	79285476	heap_inuse	3660767232	sys	7015805176	avail_kib	49311724
8206591 sequences (1523.97 Mbp) processed in 8.577s (57407.3 Kseq/m, 10660.56 Mbp/m).
  7998445 sequences classified (97.46%)
  208146 sequences unclassified (2.54%)
ak2-sample	batch	1	name	1-SRR5935758	mode	parallel	s3client	sdk	rank	2	role	home	inflight	1	threads	16	start_s	173.156496	wall_s	8.999900	setup_s	0.000085	classify_s	8.577231	close_s	0.223413	report_s	0.193732	status	0	sequences	8206591	bases	1523967713	classified	7998445	place	mod	weight	8206591
12252617 sequences (2212.67 Mbp) processed in 11.846s (62058.7 Kseq/m, 11207.06 Mbp/m).
  10208851 sequences classified (83.32%)
  2043766 sequences unclassified (16.68%)
ak2-sample	batch	1	name	1-SRR5935774	mode	parallel	s3client	sdk	rank	2	role	home	inflight	1	threads	16	start_s	182.156422	wall_s	12.210341	setup_s	0.000068	classify_s	11.846151	close_s	0.190901	report_s	0.155484	status	0	sequences	12252617	bases	2212674525	classified	10208851	place	mod	weight	12252617
ak2-engine	mem	t_s	195.1	rss_kib	78015488	hwm_kib	79285476	heap_inuse	3254059008	sys	7015805176	avail_kib	49298648
9202475 sequences (1711.99 Mbp) processed in 9.582s (57621.8 Kseq/m, 10719.72 Mbp/m).
  8810259 sequences classified (95.74%)
  392216 sequences unclassified (4.26%)
ak2-sample	batch	1	name	1-SRR5935790	mode	parallel	s3client	sdk	rank	2	role	home	inflight	1	threads	16	start_s	194.366786	wall_s	12.387738	setup_s	0.000065	classify_s	9.582292	close_s	2.626241	report_s	0.170660	status	0	sequences	9202475	bases	1711991411	classified	8810259	place	mod	weight	9202475
ak2-engine	mem	t_s	210.1	rss_kib	78593316	hwm_kib	79285476	heap_inuse	3629539328	sys	7015805176	avail_kib	48985176
14472574 sequences (2738.53 Mbp) processed in 15.041s (57731.0 Kseq/m, 10923.98 Mbp/m).
  14022498 sequences classified (96.89%)
  450076 sequences unclassified (3.11%)
ak2-sample	batch	1	name	1-SRR5935806	mode	parallel	s3client	sdk	rank	2	role	home	inflight	1	threads	16	start_s	206.754550	wall_s	15.540748	setup_s	0.000060	classify_s	15.041390	close_s	0.235366	report_s	0.255609	status	0	sequences	14472574	bases	2738529910	classified	14022498	place	mod	weight	14472574
ak2-engine	mem	t_s	225.1	rss_kib	78113972	hwm_kib	79285476	heap_inuse	5076762624	sys	7015805176	avail_kib	49136288
13365245 sequences (2460.33 Mbp) processed in 13.310s (60247.7 Kseq/m, 11090.63 Mbp/m).
  13192260 sequences classified (98.71%)
  172985 sequences unclassified (1.29%)
ak2-sample	batch	1	name	1-SRR5935822	mode	parallel	s3client	sdk	rank	2	role	home	inflight	1	threads	16	start_s	222.295327	wall_s	13.703298	setup_s	0.000068	classify_s	13.310302	close_s	0.245773	report_s	0.140182	status	0	sequences	13365245	bases	2460327516	classified	13192260	place	mod	weight	13365245
ak2-engine	mem	t_s	240.1	rss_kib	78340492	hwm_kib	79285476	heap_inuse	4173602816	sys	7015805176	avail_kib	48937108
14615323 sequences (2691.06 Mbp) processed in 13.369s (65593.6 Kseq/m, 12077.49 Mbp/m).
  14358414 sequences classified (98.24%)
  256909 sequences unclassified (1.76%)
ak2-sample	batch	1	name	1-SRR5935838	mode	parallel	s3client	sdk	rank	2	role	home	inflight	1	threads	16	start_s	235.998649	wall_s	13.835924	setup_s	0.000065	classify_s	13.368980	close_s	0.322306	report_s	0.137391	status	0	sequences	14615323	bases	2691062094	classified	14358414	place	mod	weight	14615323
ak2-timing	batch-barrier-1	249.834591	0.456672	1	0	0.034123	0.000296
ak2-engine	mem	t_s	255.1	rss_kib	78838832	hwm_kib	79285476	heap_inuse	3946610688	sys	7015805176	avail_kib	48628416
ak2-engine	mem	t_s	270.1	rss_kib	79031668	hwm_kib	79285476	heap_inuse	5229690880	sys	7015805176	avail_kib	48535176
20086542 sequences (3689.65 Mbp) processed in 19.845s (60730.3 Kseq/m, 11155.40 Mbp/m).
  19142785 sequences classified (95.30%)
  943757 sequences unclassified (4.70%)
ak2-sample	batch	2	name	2-SRR5935798	mode	parallel	s3client	sdk	rank	2	role	home	inflight	1	threads	16	start_s	250.291303	wall_s	20.293235	setup_s	0.000053	classify_s	19.844991	close_s	0.268175	report_s	0.165843	status	0	sequences	20086542	bases	3689648337	classified	19142785	place	lpt	weight	20086542
ak2-engine	mem	t_s	285.1	rss_kib	78588388	hwm_kib	79285476	heap_inuse	5643780096	sys	7015805176	avail_kib	49048588
14261195 sequences (2665.70 Mbp) processed in 14.919s (57352.8 Kseq/m, 10720.37 Mbp/m).
  13980324 sequences classified (98.03%)
  280871 sequences unclassified (1.97%)
ak2-sample	batch	2	name	2-SRR5935817	mode	parallel	s3client	sdk	rank	2	role	home	inflight	1	threads	16	start_s	270.584562	wall_s	15.331592	setup_s	0.000068	classify_s	14.919429	close_s	0.269524	report_s	0.134495	status	0	sequences	14261195	bases	2665696979	classified	13980324	place	lpt	weight	14261195
12062510 sequences (2207.30 Mbp) processed in 12.053s (60048.1 Kseq/m, 10988.09 Mbp/m).
  10926608 sequences classified (90.58%)
  1135902 sequences unclassified (9.42%)
ak2-sample	batch	2	name	2-SRR5935820	mode	parallel	s3client	sdk	rank	2	role	home	inflight	1	threads	16	start_s	285.916180	wall_s	12.501321	setup_s	0.000063	classify_s	12.052852	close_s	0.220882	report_s	0.212116	status	0	sequences	12062510	bases	2207297835	classified	10926608	place	lpt	weight	12062510
ak2-engine	mem	t_s	300.1	rss_kib	78456800	hwm_kib	79413416	heap_inuse	3905011712	sys	7016329464	avail_kib	48399864
10492437 sequences (1984.14 Mbp) processed in 11.108s (56676.7 Kseq/m, 10717.69 Mbp/m).
  9889429 sequences classified (94.25%)
  603008 sequences unclassified (5.75%)
ak2-sample	batch	2	name	2-SRR5935745	mode	parallel	s3client	sdk	rank	2	role	home	inflight	1	threads	16	start_s	298.417527	wall_s	11.486648	setup_s	0.000066	classify_s	11.107665	close_s	0.222270	report_s	0.145524	status	0	sequences	10492437	bases	1984140901	classified	9889429	place	lpt	weight	10492437
ak2-engine	mem	t_s	315.2	rss_kib	78628700	hwm_kib	79413416	heap_inuse	5026390016	sys	7096090888	avail_kib	48700904
8326050 sequences (1540.09 Mbp) processed in 8.795s (56798.7 Kseq/m, 10506.21 Mbp/m).
  8094378 sequences classified (97.22%)
  231672 sequences unclassified (2.78%)
ak2-sample	batch	2	name	2-SRR5935828	mode	parallel	s3client	sdk	rank	2	role	home	inflight	1	threads	16	start_s	309.904202	wall_s	9.165891	setup_s	0.000058	classify_s	8.795323	close_s	0.216243	report_s	0.146807	status	0	sequences	8326050	bases	1540092338	classified	8094378	place	lpt	weight	8326050
5072545 sequences (950.40 Mbp) processed in 5.468s (55660.4 Kseq/m, 10428.61 Mbp/m).
  4982177 sequences classified (98.22%)
  90368 sequences unclassified (1.78%)
ak2-sample	batch	2	name	2-SRR5935814	mode	parallel	s3client	sdk	rank	2	role	home	inflight	1	threads	16	start_s	319.070117	wall_s	6.095987	setup_s	0.000066	classify_s	5.468035	close_s	0.333842	report_s	0.287881	status	0	sequences	5072545	bases	950400325	classified	4982177	place	lpt	weight	5072545
ak2-engine	mem	t_s	330.2	rss_kib	79105656	hwm_kib	79413416	heap_inuse	4551180288	sys	7096221960	avail_kib	48445732
ak2-timing	batch-barrier-2	325.166125	5.427494	1	0	1.235662	0.087474
ak2-timing	barrier	337.338792	0.184928	0	0	0.003060	0.000216
ak2-sample	batch	3	name	3-SRR5935740	mode	striped	s3client	sdk	rank	2	role	peer	inflight	1	threads	16	start_s	331.550436	wall_s	5.973324	setup_s	0.000056	classify_s	5.783977	close_s	0.000000	report_s	0.000000	status	0	sequences	0	bases	0	classified	0	place	-	weight	-
ak2-timing	batch-barrier-3	337.523770	0.501430	0	0	0.006365	0.000000
ak2-timing	barrier	344.551333	0.179291	0	0	0.003257	0.000000
ak2-sample	batch	4	name	4-SRR5935740	mode	striped	s3client	sdk	rank	2	role	peer	inflight	1	threads	16	start_s	338.787277	wall_s	5.943392	setup_s	0.000051	classify_s	5.759766	close_s	0.000000	report_s	0.000000	status	0	sequences	0	bases	0	classified	0	place	-	weight	-
ak2-engine	mem	t_s	345.2	rss_kib	76542960	hwm_kib	79413416	heap_inuse	3907166208	sys	7096484104	avail_kib	51011552
ak2-timing	batch-barrier-4	344.730678	0.493650	1	0	0.006666	0.000000
ak2-timing	barrier	351.781088	0.015324	0	0	0.000063	0.000005
ak2-sample	batch	5	name	5-SRR5935740	mode	striped	s3client	sdk	rank	2	role	peer	inflight	1	threads	16	start_s	346.005387	wall_s	5.791063	setup_s	0.000045	classify_s	5.771404	close_s	0.000000	report_s	0.000000	status	0	sequences	0	bases	0	classified	0	place	-	weight	-
ak2-timing	batch-barrier-5	351.796461	0.504676	0	0	0.002515	0.008897
ak2-engine	mem	t_s	360.2	rss_kib	76614040	hwm_kib	79413416	heap_inuse	2653224960	sys	7096484104	avail_kib	51019100
ak2-timing	batch-barrier-6	352.301153	11.194346	0	0	0.718031	0.112076
ak2-timing	batch-barrier-7	363.495518	9.158169	0	0	0.718129	0.055519
ak2-engine	mem	t_s	375.2	rss_kib	76614040	hwm_kib	79413416	heap_inuse	2656124928	sys	7096484104	avail_kib	51162820
ak2-timing	batch-barrier-8	372.653704	10.272913	0	0	0.713423	0.093610
ak2-engine	shard	0	n	16	lo	37159114742	hi	55738672114	tail	302	full	false	empty_at	18579557378	keys	8492407860	batches	89910	probe_s	220.750187	tail_probes	0	wrap_probes	0
ak2-engine	mem	t_s	382.9	rss_kib	76614040	hwm_kib	79413416	heap_inuse	2656468992	sys	7096484104	avail_kib	51168748
ak2-engine	rendezvous	puts	13	gets	632
ak2-engine	s3	client	sdk	put	32	get	632	create_multipart	19	upload_part	2345	complete_multipart	19	abort_multipart	0	part_bytes	19562523091
ak2-engine	s3	client	cli	put	0	get	0	create_multipart	0	upload_part	0	complete_multipart	0	abort_multipart	0	part_bytes	0
ak2-engine	load	seconds	40.815185	requests	1126	retries	0	bytes	74318296296
ak2-engine	route	transport	nodes	calls	5966	keys	8986478366	batches	95456	route_s	105.390796	wait_s	364.270178	gather_s	20.176314
ak2-engine	worker	scan_s	784.799419	lookup_s	489.842021	classify_s	700.387164
ak2-timing	total	0.000001	383.068833	7700295	0	1730.561326	120.842891
