Loading database information...ak2-timing	opts	0.002478	0.000013	0	0	0.000014	0.000000
ak2-timing	taxo	0.002496	0.090756	87800	0	0.026528	0.077456
ak2-engine	mem	t_s	15.0	rss_kib	44835232	hwm_kib	44835236	heap_inuse	405938176	sys	440785256	avail_kib	49892672
ak2-timing	shard-load-11	0.165310	24.839066	42477	0	26.984852	22.023100
ak2-engine	mem	t_s	30.0	rss_kib	72976864	hwm_kib	72976868	heap_inuse	408666112	sys	444979560	avail_kib	21894984
ak2-timing	rendezvous	25.440127	9.356961	3267	0	0.114750	0.043830
ak2-timing	connect	34.797100	0.014658	0	0	0.014354	0.000000
ak2-timing	hash	0.093272	34.718497	47586	0	27.114593	22.078323
 done.
16351397 sequences (3065.56 Mbp) processed in 7.747s (126646.4 Kseq/m, 23743.64 Mbp/m).
  16166849 sequences classified (98.87%)
  184548 sequences unclassified (1.13%)
ak2-sample	batch	0	name	0-SRR5935787	mode	parallel	s3client	sdk	rank	11	role	home	inflight	1	threads	16	start_s	34.811802	wall_s	8.126505	setup_s	0.000030	classify_s	7.746641	close_s	0.259299	report_s	0.115382	status	0	sequences	16351397	bases	3065557655	classified	16166849	place	lpt	weight	16351397
ak2-engine	mem	t_s	45.0	rss_kib	78892756	hwm_kib	78892756	heap_inuse	4022509568	sys	6502625416	avail_kib	16061524
15280552 sequences (2858.11 Mbp) processed in 6.976s (131433.5 Kseq/m, 24583.62 Mbp/m).
  13785544 sequences classified (90.22%)
  1495008 sequences unclassified (9.78%)
ak2-sample	batch	0	name	0-SRR5935810	mode	parallel	s3client	sdk	rank	11	role	home	inflight	1	threads	16	start_s	42.938323	wall_s	7.344537	setup_s	0.000060	classify_s	6.975644	close_s	0.211157	report_s	0.144496	status	0	sequences	15280552	bases	2858109884	classified	13785544	place	lpt	weight	15280552
13404063 sequences (2484.45 Mbp) processed in 6.109s (131653.6 Kseq/m, 24402.03 Mbp/m).
  13071600 sequences classified (97.52%)
  332463 sequences unclassified (2.48%)
ak2-sample	batch	0	name	0-SRR5935794	mode	parallel	s3client	sdk	rank	11	role	home	inflight	1	threads	16	start_s	50.282872	wall_s	6.537335	setup_s	0.000038	classify_s	6.108788	close_s	0.315233	report_s	0.108618	status	0	sequences	13404063	bases	2484447317	classified	13071600	place	lpt	weight	13404063
ak2-engine	mem	t_s	60.0	rss_kib	78775628	hwm_kib	79293748	heap_inuse	4056186880	sys	7010894072	avail_kib	15214152
11073410 sequences (2024.07 Mbp) processed in 5.165s (128647.0 Kseq/m, 23514.99 Mbp/m).
  10832572 sequences classified (97.83%)
  240838 sequences unclassified (2.17%)
ak2-sample	batch	0	name	0-SRR5935788	mode	parallel	s3client	sdk	rank	11	role	home	inflight	1	threads	16	start_s	56.820223	wall_s	5.527520	setup_s	0.000034	classify_s	5.164555	close_s	0.241811	report_s	0.116373	status	0	sequences	11073410	bases	2024074094	classified	10832572	place	lpt	weight	11073410
9090205 sequences (1661.37 Mbp) processed in 4.135s (131893.8 Kseq/m, 24105.56 Mbp/m).
  7439975 sequences classified (81.85%)
  1650230 sequences unclassified (18.15%)
ak2-sample	batch	0	name	0-SRR5935799	mode	parallel	s3client	sdk	rank	11	role	home	inflight	1	threads	16	start_s	62.347755	wall_s	4.575611	setup_s	0.000035	classify_s	4.135240	close_s	0.276977	report_s	0.150066	status	0	sequences	9090205	bases	1661371324	classified	7439975	place	lpt	weight	9090205
5166420 sequences (956.19 Mbp) processed in 2.485s (124728.8 Kseq/m, 23084.58 Mbp/m).
  4901709 sequences classified (94.88%)
  264711 sequences unclassified (5.12%)
ak2-sample	batch	0	name	0-SRR5935767	mode	parallel	s3client	sdk	rank	11	role	home	inflight	1	threads	16	start_s	66.923380	wall_s	2.834347	setup_s	0.000041	classify_s	2.485274	close_s	0.208429	report_s	0.135876	status	0	sequences	5166420	bases	956191777	classified	4901709	place	lpt	weight	5166420
ak2-timing	batch-barrier-0	69.757739	1.445772	1	0	0.124570	0.011444
ak2-engine	mem	t_s	75.0	rss_kib	78746856	hwm_kib	79293748	heap_inuse	4470636544	sys	7010926840	avail_kib	15264248
18645445 sequences (3449.57 Mbp) processed in 8.497s (131667.3 Kseq/m, 24359.63 Mbp/m).
  18393099 sequences classified (98.65%)
  252346 sequences unclassified (1.35%)
ak2-sample	batch	1	name	1-SRR5935751	mode	parallel	s3client	sdk	rank	11	role	home	inflight	1	threads	16	start_s	71.203531	wall_s	8.894447	setup_s	0.000035	classify_s	8.496618	close_s	0.242423	report_s	0.149433	status	0	sequences	18645445	bases	3449573600	classified	18393099	place	mod	weight	18645445
5166420 sequences (956.19 Mbp) processed in 2.488s (124582.8 Kseq/m, 23057.56 Mbp/m).
  4901709 sequences classified (94.88%)
  264711 sequences unclassified (5.12%)
ak2-sample	batch	1	name	1-SRR5935767	mode	parallel	s3client	sdk	rank	11	role	home	inflight	1	threads	16	start_s	80.097995	wall_s	2.894375	setup_s	0.000033	classify_s	2.488186	close_s	0.279274	report_s	0.121903	status	0	sequences	5166420	bases	956191777	classified	4901709	place	mod	weight	5166420
2565282 sequences (465.56 Mbp) processed in 1.311s (117389.3 Kseq/m, 21304.52 Mbp/m).
  2508539 sequences classified (97.79%)
  56743 sequences unclassified (2.21%)
ak2-sample	batch	1	name	1-SRR5935783	mode	parallel	s3client	sdk	rank	11	role	home	inflight	1	threads	16	start_s	82.992383	wall_s	1.827343	setup_s	0.000046	classify_s	1.311167	close_s	0.401639	report_s	0.112019	status	0	sequences	2565282	bases	465562992	classified	2508539	place	mod	weight	2565282
9090205 sequences (1661.37 Mbp) processed in 4.123s (132284.7 Kseq/m, 24177.02 Mbp/m).
  7439975 sequences classified (81.85%)
  1650230 sequences unclassified (18.15%)
ak2-sample	batch	1	name	1-SRR5935799	mode	parallel	s3client	sdk	rank	11	role	home	inflight	1	threads	16	start_s	84.819738	wall_s	4.516989	setup_s	0.000035	classify_s	4.123018	close_s	0.230990	report_s	0.149473	status	0	sequences	9090205	bases	1661371324	classified	7439975	place	mod	weight	9090205
ak2-engine	mem	t_s	90.0	rss_kib	77982560	hwm_kib	79293748	heap_inuse	4199653376	sys	7020822776	avail_kib	14835264
7153468 sequences (1337.27 Mbp) processed in 3.473s (123583.1 Kseq/m, 23102.60 Mbp/m).
  6947959 sequences classified (97.13%)
  205509 sequences unclassified (2.87%)
ak2-sample	batch	1	name	1-SRR5935815	mode	parallel	s3client	sdk	rank	11	role	home	inflight	1	threads	16	start_s	89.336742	wall_s	4.024770	setup_s	0.000041	classify_s	3.473032	close_s	0.334042	report_s	0.212030	status	0	sequences	7153468	bases	1337267943	classified	6947959	place	mod	weight	7153468
12793053 sequences (2357.69 Mbp) processed in 5.832s (131621.3 Kseq/m, 24257.04 Mbp/m).
  12609886 sequences classified (98.57%)
  183167 sequences unclassified (1.43%)
ak2-sample	batch	1	name	1-SRR5935831	mode	parallel	s3client	sdk	rank	11	role	home	inflight	1	threads	16	start_s	93.361525	wall_s	6.266067	setup_s	0.000038	classify_s	5.831756	close_s	0.319756	report_s	0.110636	status	0	sequences	12793053	bases	2357685670	classified	12609886	place	mod	weight	12793053
ak2-engine	mem	t_s	105.0	rss_kib	78799036	hwm_kib	79293748	heap_inuse	3632545792	sys	7025025272	avail_kib	14419244
ak2-timing	batch-barrier-1	99.627603	18.745366	7	0	9.901146	1.345952
ak2-engine	mem	t_s	120.0	rss_kib	78676572	hwm_kib	79293748	heap_inuse	4416061440	sys	7025025272	avail_kib	15758056
16351397 sequences (3065.56 Mbp) processed in 7.577s (129485.6 Kseq/m, 24275.94 Mbp/m).
  16166849 sequences classified (98.87%)
  184548 sequences unclassified (1.13%)
ak2-sample	batch	2	name	2-SRR5935787	mode	parallel	s3client	sdk	rank	11	role	home	inflight	1	threads	16	start_s	118.373006	wall_s	7.964932	setup_s	0.000037	classify_s	7.576779	close_s	0.265124	report_s	0.117792	status	0	sequences	16351397	bases	3065557655	classified	16166849	place	lpt	weight	16351397
15280552 sequences (2858.11 Mbp) processed in 6.962s (131693.2 Kseq/m, 24632.20 Mbp/m).
  13785544 sequences classified (90.22%)
  1495008 sequences unclassified (9.78%)
ak2-sample	batch	2	name	2-SRR5935810	mode	parallel	s3client	sdk	rank	11	role	home	inflight	1	threads	16	start_s	126.337952	wall_s	7.351993	setup_s	0.000039	classify_s	6.961888	close_s	0.213513	report_s	0.163462	status	0	sequences	15280552	bases	2858109884	classified	13785544	place	lpt	weight	15280552
ak2-engine	mem	t_s	135.0	rss_kib	78398340	hwm_kib	79403088	heap_inuse	4967505920	sys	7234965800	avail_kib	15288300
13404063 sequences (2484.45 Mbp) processed in 6.093s (131986.1 Kseq/m, 24463.67 Mbp/m).
  13071600 sequences classified (97.52%)
  332463 sequences unclassified (2.48%)
ak2-sample	batch	2	name	2-SRR5935794	mode	parallel	s3client	sdk	rank	11	role	home	inflight	1	threads	16	start_s	133.689957	wall_s	6.456277	setup_s	0.000040	classify_s	6.093397	close_s	0.231753	report_s	0.126413	status	0	sequences	13404063	bases	2484447317	classified	13071600	place	lpt	weight	13404063
11073410 sequences (2024.07 Mbp) processed in 5.143s (129190.6 Kseq/m, 23614.34 Mbp/m).
  10832572 sequences classified (97.83%)
  240838 sequences unclassified (2.17%)
ak2-sample	batch	2	name	2-SRR5935788	mode	parallel	s3client	sdk	rank	11	role	home	inflight	1	threads	16	start_s	140.146248	wall_s	5.559796	setup_s	0.000040	classify_s	5.142826	close_s	0.291003	report_s	0.121135	status	0	sequences	11073410	bases	2024074094	classified	10832572	place	lpt	weight	11073410
ak2-engine	mem	t_s	150.0	rss_kib	78718544	hwm_kib	79403088	heap_inuse	5048426496	sys	7234982184	avail_kib	14588136
9090205 sequences (1661.37 Mbp) processed in 4.136s (131876.8 Kseq/m, 24102.46 Mbp/m).
  7439975 sequences classified (81.85%)
  1650230 sequences unclassified (18.15%)
ak2-sample	batch	2	name	2-SRR5935799	mode	parallel	s3client	sdk	rank	11	role	home	inflight	1	threads	16	start_s	145.706058	wall_s	4.549016	setup_s	0.000037	classify_s	4.135773	close_s	0.229747	report_s	0.170409	status	0	sequences	9090205	bases	1661371324	classified	7439975	place	lpt	weight	9090205
5166420 sequences (956.19 Mbp) processed in 2.491s (124441.4 Kseq/m, 23031.38 Mbp/m).
  4901709 sequences classified (94.88%)
  264711 sequences unclassified (5.12%)
ak2-sample	batch	2	name	2-SRR5935767	mode	parallel	s3client	sdk	rank	11	role	home	inflight	1	threads	16	start_s	150.255090	wall_s	2.858819	setup_s	0.000038	classify_s	2.491015	close_s	0.250546	report_s	0.112258	status	0	sequences	5166420	bases	956191777	classified	4901709	place	lpt	weight	5166420
ak2-timing	batch-barrier-2	153.113923	2.423162	1	0	0.491899	0.065184
ak2-timing	barrier	160.690426	0.927574	0	0	0.024233	0.000303
ak2-sample	batch	3	name	3-SRR5935740	mode	striped	s3client	sdk	rank	11	role	peer	inflight	1	threads	16	start_s	156.055858	wall_s	5.562172	setup_s	0.000029	classify_s	4.631218	close_s	0.000000	report_s	0.000000	status	0	sequences	0	bases	0	classified	0	place	-	weight	-
ak2-timing	batch-barrier-3	161.618037	0.567324	0	0	0.003700	0.000265
ak2-engine	mem	t_s	165.0	rss_kib	74652524	hwm_kib	79403088	heap_inuse	1601265664	sys	7234982184	avail_kib	19221964
ak2-timing	barrier	167.622618	0.182873	0	0	0.007541	0.000540
ak2-sample	batch	4	name	4-SRR5935740	mode	striped	s3client	sdk	rank	11	role	peer	inflight	1	threads	16	start_s	162.980401	wall_s	4.825126	setup_s	0.000028	classify_s	4.639122	close_s	0.000000	report_s	0.000000	status	0	sequences	0	bases	0	classified	0	place	-	weight	-
ak2-timing	batch-barrier-4	167.805533	0.517710	17	0	0.003782	0.000271
ak2-timing	barrier	173.722181	0.115071	0	0	0.008034	0.000000
ak2-sample	batch	5	name	5-SRR5935740	mode	striped	s3client	sdk	rank	11	role	peer	inflight	1	threads	16	start_s	169.080299	wall_s	4.756988	setup_s	0.000030	classify_s	4.638885	close_s	0.000000	report_s	0.000000	status	0	sequences	0	bases	0	classified	0	place	-	weight	-
ak2-timing	batch-barrier-5	173.837293	0.504822	22	0	0.004047	0.000000
ak2-engine	mem	t_s	180.0	rss_kib	76647592	hwm_kib	79403088	heap_inuse	2646491136	sys	7234982184	avail_kib	18307944
ak2-timing	batch-barrier-6	174.342126	6.123532	21	0	0.519656	0.120158
ak2-timing	batch-barrier-7	180.465674	5.066686	4	0	0.548409	0.069897
ak2-timing	batch-barrier-8	185.532378	6.124160	1	0	0.547855	0.083440
ak2-engine	shard	0	n	16	lo	204375131085	hi	222954688456	tail	302	full	false	empty_at	18579557371	keys	8467632093	batches	89910	probe_s	161.487530	tail_probes	0	wrap_probes	0
ak2-engine	mem	t_s	191.7	rss_kib	76647612	hwm_kib	79403088	heap_inuse	2648817664	sys	7234982184	avail_kib	18510576
ak2-engine	rendezvous	puts	13	gets	479
ak2-engine	s3	client	sdk	put	31	get	479	create_multipart	18	upload_part	2088	complete_multipart	18	abort_multipart	0	part_bytes	17458072545
ak2-engine	s3	client	cli	put	0	get	0	create_multipart	0	upload_part	0	complete_multipart	0	abort_multipart	0	part_bytes	0
ak2-engine	load	seconds	24.839063	requests	1126	retries	0	bytes	74318296292
ak2-engine	route	transport	nodes	calls	5206	keys	7865017556	batches	83296	route_s	53.559078	wait_s	38.218083	gather_s	11.628923
ak2-engine	worker	scan_s	399.032632	lookup_s	103.407831	classify_s	339.299071
ak2-timing	total	0.000001	191.762378	11147664	0	1260.926514	90.341865
