Loading database information...ak2-timing	opts	0.003086	0.000017	0	0	0.000016	0.000000
ak2-timing	taxo	0.003111	0.092007	87881	0	0.022756	0.072455
ak2-engine	mem	t_s	15.0	rss_kib	36657036	hwm_kib	36657036	heap_inuse	405438464	sys	439478648	avail_kib	58164432
ak2-timing	shard-load-1	0.299614	15.058950	24474	0	20.614324	21.057363
ak2-engine	mem	t_s	30.0	rss_kib	36698192	hwm_kib	36698196	heap_inuse	418603008	sys	452389240	avail_kib	58596144
ak2-engine	mem	t_s	45.0	rss_kib	36709240	hwm_kib	36709244	heap_inuse	429867008	sys	461039992	avail_kib	58775524
ak2-engine	mem	t_s	60.0	rss_kib	36717744	hwm_kib	36717748	heap_inuse	438263808	sys	469526904	avail_kib	58755292
ak2-engine	mem	t_s	75.0	rss_kib	36721844	hwm_kib	36721848	heap_inuse	442376192	sys	473721208	avail_kib	58791112
ak2-timing	rendezvous	17.145214	58.135790	11721	0	0.164661	0.050913
ak2-timing	connect	75.281021	0.473983	7676	0	0.308362	0.000000
ak2-timing	hash	0.095215	75.659824	45672	0	21.099664	21.110961
 done.
1513694 sequences (270.73 Mbp) processed in 2.377s (38208.7 Kseq/m, 6833.83 Mbp/m).
  1488159 sequences classified (98.31%)
  25535 sequences unclassified (1.69%)
ak2-sample	batch	0	name	0-SRR5935789	mode	parallel	s3client	sdk	rank	1	role	home	inflight	6	threads	16	start_s	75.755108	wall_s	3.205641	setup_s	0.000091	classify_s	2.376990	close_s	0.662146	report_s	0.163826	status	0	sequences	1513694	bases	270732465	classified	1488159	place	lpt	weight	1513694
10479816 sequences (1916.83 Mbp) processed in 7.855s (80046.7 Kseq/m, 14641.10 Mbp/m).
  9679024 sequences classified (92.36%)
  800792 sequences unclassified (7.64%)
ak2-sample	batch	0	name	0-SRR5935754	mode	parallel	s3client	sdk	rank	1	role	home	inflight	6	threads	16	start_s	75.755112	wall_s	8.355731	setup_s	0.000066	classify_s	7.855274	close_s	0.315552	report_s	0.167726	status	0	sequences	10479816	bases	1916830360	classified	9679024	place	lpt	weight	10479816
20671571 sequences (3786.10 Mbp) processed in 12.936s (95882.0 Kseq/m, 17561.27 Mbp/m).
  19204656 sequences classified (92.90%)
  1466915 sequences unclassified (7.10%)
ak2-sample	batch	0	name	0-SRR5935773	mode	parallel	s3client	sdk	rank	1	role	home	inflight	6	threads	16	start_s	75.755124	wall_s	13.412382	setup_s	0.000070	classify_s	12.935634	close_s	0.335993	report_s	0.132463	status	0	sequences	20671571	bases	3786101975	classified	19204656	place	lpt	weight	20671571
ak2-engine	mem	t_s	90.0	rss_kib	43748404	hwm_kib	54413004	heap_inuse	4528529408	sys	18969606648	avail_kib	44998852
ak2-timing	batch-barrier-0	89.167530	0.912031	8756	0	0.231318	0.049319
2823474 sequences (526.09 Mbp) processed in 4.494s (37699.4 Kseq/m, 7024.46 Mbp/m).
  2761157 sequences classified (97.79%)
  62317 sequences unclassified (2.21%)
ak2-sample	batch	1	name	1-SRR5935805	mode	parallel	s3client	sdk	rank	1	role	home	inflight	6	threads	16	start_s	90.079622	wall_s	5.269650	setup_s	0.000052	classify_s	4.493661	close_s	0.279806	report_s	0.491797	status	0	sequences	2823474	bases	526092284	classified	2761157	place	mod	weight	2823474
9337913 sequences (1691.90 Mbp) processed in 9.095s (61603.1 Kseq/m, 11161.63 Mbp/m).
  8897092 sequences classified (95.28%)
  440821 sequences unclassified (4.72%)
ak2-sample	batch	1	name	1-SRR5935837	mode	parallel	s3client	sdk	rank	1	role	home	inflight	6	threads	16	start_s	90.079595	wall_s	9.767545	setup_s	0.000053	classify_s	9.094917	close_s	0.504633	report_s	0.157148	status	0	sequences	9337913	bases	1691901005	classified	8897092	place	mod	weight	9337913
16518263 sequences (3051.28 Mbp) processed in 12.323s (80427.2 Kseq/m, 14856.66 Mbp/m).
  16141470 sequences classified (97.72%)
  376793 sequences unclassified (2.28%)
ak2-sample	batch	1	name	1-SRR5935741	mode	parallel	s3client	sdk	rank	1	role	home	inflight	6	threads	16	start_s	90.079616	wall_s	12.991485	setup_s	0.000054	classify_s	12.322896	close_s	0.507253	report_s	0.152470	status	0	sequences	16518263	bases	3051284850	classified	16141470	place	mod	weight	16518263
20671571 sequences (3786.10 Mbp) processed in 14.260s (86975.9 Kseq/m, 15930.07 Mbp/m).
  19204656 sequences classified (92.90%)
  1466915 sequences unclassified (7.10%)
ak2-sample	batch	1	name	1-SRR5935773	mode	parallel	s3client	sdk	rank	1	role	home	inflight	6	threads	16	start_s	90.079610	wall_s	14.901936	setup_s	0.000057	classify_s	14.260208	close_s	0.488995	report_s	0.144361	status	0	sequences	20671571	bases	3786101975	classified	19204656	place	mod	weight	20671571
ak2-engine	mem	t_s	105.0	rss_kib	44270588	hwm_kib	61241880	heap_inuse	4607221760	sys	25993777176	avail_kib	43376648
ak2-timing	batch-barrier-1	104.981567	0.820788	11601	0	0.141331	0.099029
1513694 sequences (270.73 Mbp) processed in 3.301s (27510.0 Kseq/m, 4920.31 Mbp/m).
  1488159 sequences classified (98.31%)
  25535 sequences unclassified (1.69%)
ak2-sample	batch	2	name	2-SRR5935789	mode	parallel	s3client	sdk	rank	1	role	home	inflight	6	threads	16	start_s	105.802411	wall_s	3.927150	setup_s	0.000045	classify_s	3.301407	close_s	0.437912	report_s	0.185360	status	0	sequences	1513694	bases	270732465	classified	1488159	place	lpt	weight	1513694
10479816 sequences (1916.83 Mbp) processed in 8.265s (76078.7 Kseq/m, 13915.31 Mbp/m).
  9679024 sequences classified (92.36%)
  800792 sequences unclassified (7.64%)
ak2-sample	batch	2	name	2-SRR5935754	mode	parallel	s3client	sdk	rank	1	role	home	inflight	6	threads	16	start_s	105.802420	wall_s	8.782680	setup_s	0.000038	classify_s	8.264984	close_s	0.296966	report_s	0.206900	status	0	sequences	10479816	bases	1916830360	classified	9679024	place	lpt	weight	10479816
20671571 sequences (3786.10 Mbp) processed in 13.055s (95007.6 Kseq/m, 17401.12 Mbp/m).
  19204656 sequences classified (92.90%)
  1466915 sequences unclassified (7.10%)
ak2-sample	batch	2	name	2-SRR5935773	mode	parallel	s3client	sdk	rank	1	role	home	inflight	6	threads	16	start_s	105.802414	wall_s	13.494672	setup_s	0.000049	classify_s	13.054682	close_s	0.266841	report_s	0.164916	status	0	sequences	20671571	bases	3786101975	classified	19204656	place	lpt	weight	20671571
ak2-engine	mem	t_s	120.0	rss_kib	44938168	hwm_kib	61241880	heap_inuse	6361726976	sys	25993932824	avail_kib	43886988
ak2-timing	batch-barrier-2	119.297107	0.822811	0	0	0.008123	0.000761
ak2-timing	barrier	126.474855	0.460329	0	0	0.034132	0.001299
ak2-sample	batch	3	name	3-SRR5935740	mode	striped	s3client	sdk	rank	1	role	peer	inflight	1	threads	16	start_s	120.904918	wall_s	6.030318	setup_s	0.000046	classify_s	5.564040	close_s	0.000000	report_s	0.000000	status	0	sequences	0	bases	0	classified	0	place	-	weight	-
ak2-timing	batch-barrier-3	126.935246	0.942526	14	0	0.008444	0.000000
ak2-timing	barrier	134.555524	0.268601	0	0	0.012994	0.000000
ak2-sample	batch	4	name	4-SRR5935740	mode	striped	s3client	sdk	rank	1	role	peer	inflight	1	threads	16	start_s	129.001986	wall_s	5.822190	setup_s	0.000048	classify_s	5.551116	close_s	0.000000	report_s	0.000000	status	0	sequences	0	bases	0	classified	0	place	-	weight	-
ak2-engine	mem	t_s	135.0	rss_kib	39399720	hwm_kib	61241880	heap_inuse	2282471424	sys	25993932824	avail_kib	53572864
ak2-timing	batch-barrier-4	134.824187	0.917756	1	0	0.008841	0.000000
ak2-timing	barrier	142.494591	0.231785	2	0	0.010452	0.000033
ak2-sample	batch	5	name	5-SRR5935740	mode	striped	s3client	sdk	rank	1	role	peer	inflight	1	threads	16	start_s	136.937640	wall_s	5.788792	setup_s	0.000049	classify_s	5.554353	close_s	0.000000	report_s	0.000000	status	0	sequences	0	bases	0	classified	0	place	-	weight	-
ak2-timing	batch-barrier-5	142.726443	0.846002	54	0	0.007867	0.000719
ak2-engine	mem	t_s	150.0	rss_kib	39311708	hwm_kib	61241880	heap_inuse	2293727232	sys	25993932824	avail_kib	55632688
ak2-timing	batch-barrier-6	143.572473	7.563537	291	0	0.324783	0.050640
ak2-timing	batch-barrier-7	151.136044	6.481088	435	0	0.303783	0.077226
ak2-engine	mem	t_s	165.0	rss_kib	39314076	hwm_kib	61241880	heap_inuse	2297495552	sys	25993932824	avail_kib	56019916
ak2-timing	batch-barrier-8	157.617160	7.607012	153	0	0.354348	0.027607
ak2-engine	shard	0	n	32	lo	9289778685	hi	18579557371	tail	302	full	false	empty_at	9289778691	keys	4238234967	batches	89910	probe_s	93.684068	tail_probes	0	wrap_probes	0
ak2-engine	mem	t_s	165.2	rss_kib	39314080	hwm_kib	61241880	heap_inuse	2297503744	sys	25993932824	avail_kib	56022160
ak2-engine	rendezvous	puts	13	gets	1260
ak2-engine	s3	client	sdk	put	23	get	1260	create_multipart	10	upload_part	1175	complete_multipart	10	abort_multipart	0	part_bytes	9817267506
ak2-engine	s3	client	cli	put	0	get	0	create_multipart	0	upload_part	0	complete_multipart	0	abort_multipart	0	part_bytes	0
ak2-engine	load	seconds	15.058946	requests	572	retries	0	bytes	37159181552
ak2-engine	route	transport	nodes	calls	3015	keys	4514397984	batches	96480	route_s	45.334190	wait_s	544.745380	gather_s	8.904743
ak2-engine	worker	scan_s	355.727604	lookup_s	598.986266	classify_s	248.123976
ak2-timing	total	0.000001	165.290516	15525303	0	926.207266	84.772879
