spawn: shell options for --command: $-=ehB
spawn: errexit is ON. set -uo pipefail does NOT clear it; use set +e to opt out.
spawn: [2026-10-09T06:44:55Z] wrapper start
spawn: [2026-10-09T06:44:55Z] stage-in start
spawn: [2026-10-09T06:44:55Z] stage-in done rc=0
spawn: [2026-10-09T06:44:55Z] command start
ak2-stub: inherited $-=hBc
ak2-stub: imds region=us-west-2 expected=us-west-2 payload bucket aws-kraken2-942542972736-us-west-2 region=us-west-2
ak2-stub: payload verified (sha256 f99c23c4d439c85787ba884a1c5357c94010fa7dd20283867e4bf53c29df239e); exec
ak2: log tee up
ak2-phase	2026-10-09T06:44:55Z	1791528295	preamble	no
ak2: [2026-10-09T06:44:55Z] inherited $-=hBc (stub, as spawn started it: $-=hBc)
ak2: [2026-10-09T06:44:55Z] after set +e $-=hBc
ak2: [2026-10-09T06:44:55Z] gate=g3 run=20261009-064231-4c67532-2a5c-n64-r60
ak2: [2026-10-09T06:44:55Z] aws shim installed and self-tested (/tmp/ak2-bin/aws -> /usr/bin/aws)
ak2: [2026-10-09T06:44:55Z] imds region=us-west-2 az=us-west-2b instance=i-0f51e33096d4ac183 type=c8gn.4xlarge ami=ami-09325776a00699513
ak2: [2026-10-09T06:44:55Z] bucket aws-kraken2-942542972736-us-west-2 region=us-west-2
ak2: [2026-10-09T06:44:56Z] bucket aws-kraken2-942542972736-us-west-2 payer=UNKNOWN
ak2: [2026-10-09T06:44:56Z] WARN: could not read Payer of aws-kraken2-942542972736-us-west-2 from the instance (launch host verified it)
ak2: [2026-10-09T06:44:56Z] bucket kraken2-ncbi-refseq-complete-v205 region=us-west-2
ak2: [2026-10-09T06:44:57Z] bucket kraken2-ncbi-refseq-complete-v205 payer=BucketOwner
ak2: [2026-10-09T06:44:57Z] region assert passed
ak2: [2026-10-09T06:44:57Z] drop_caches_ok=true
ak2: [2026-10-09T06:44:57Z] preamble done; spec body starts
ak2-phase	2026-10-09T06:44:57Z	1791528297	body	no
ak2-phase	2026-10-09T06:44:57Z	1791528297	setup	no
go: downloading github.com/aws/aws-sdk-go-v2 v1.47.1
go: downloading github.com/aws/aws-sdk-go-v2/credentials v1.20.7
go: downloading github.com/aws/aws-sdk-go-v2/service/s3 v1.114.1
go: downloading github.com/aws/aws-sdk-go-v2/config v1.33.7
go: downloading github.com/klauspost/compress v1.20.0
go: downloading github.com/aws/smithy-go v1.28.1
go: downloading github.com/aws/aws-sdk-go-v2/feature/ec2/imds v1.20.1
go: downloading github.com/aws/aws-sdk-go-v2/service/sso v1.38.2
go: downloading github.com/aws/aws-sdk-go-v2/service/signin v1.10.2
go: downloading github.com/aws/aws-sdk-go-v2/service/ssooidc v1.43.2
go: downloading github.com/aws/aws-sdk-go-v2/service/sts v1.51.2
go: downloading github.com/aws/aws-sdk-go-v2/aws/protocol/eventstream v1.7.20
go: downloading github.com/aws/aws-sdk-go-v2/internal/configsources v1.5.4
go: downloading github.com/aws/aws-sdk-go-v2/internal/v4a v1.5.4
go: downloading github.com/aws/aws-sdk-go-v2/service/internal/accept-encoding v1.13.19
go: downloading github.com/aws/aws-sdk-go-v2/service/internal/checksum v1.11.5
go: downloading github.com/aws/aws-sdk-go-v2/service/internal/presigned-url v1.14.4
go: downloading github.com/aws/aws-sdk-go-v2/service/internal/s3shared v1.20.4
go: downloading github.com/aws/aws-sdk-go-v2/internal/endpoints/v2 v2.8.4
ak2: [2026-10-09T06:45:27Z] rank 60 of 64; hash.k2d etag=f80959f9556b50d76b3e744afdd3b22a-8860 size=1189091671800; stages 1 16 32 64 x 60s
ak2-phase	2026-10-09T06:45:27Z	1791528327	rendezvous	no
ak2: [2026-10-09T06:45:50Z] rendezvous: all 64 ready; stages start at 1791528368 (18 s from now)
ak2-phase	2026-10-09T06:45:50Z	1791528350	stage-n1	no
ak2: [2026-10-09T06:46:08Z] stage n1: rank 60 waits
ak2-phase	2026-10-09T06:46:08Z	1791528368	stage-n16	no
ak2: [2026-10-09T06:47:28Z] stage n16: rank 60 waits
ak2-phase	2026-10-09T06:47:28Z	1791528448	stage-n32	no
ak2: [2026-10-09T06:48:48Z] stage n32: rank 60 waits
ak2-phase	2026-10-09T06:48:48Z	1791528528	stage-n64	no
probe-cont {"kind":"progress","label":"n64-r60","unix_s":1791528613.563475,"elapsed_s":5.000072967,"bytes":28722593792,"gbps_cum":5.7444349275633275,"gbps_interval":5.7444349275633275,"requests":492,"retries":0,"complete":false}
probe-cont {"kind":"progress","label":"n64-r60","unix_s":1791528618.563482,"elapsed_s":10.000080047,"bytes":58586038272,"gbps_cum":5.858556931209333,"gbps_interval":5.9726804386845,"requests":937,"retries":0,"complete":false}
probe-cont {"kind":"progress","label":"n64-r60","unix_s":1791528623.5634723,"elapsed_s":15.000070385,"bytes":90932510720,"gbps_cum":6.0621389357567335,"gbps_interval":6.469306990888829,"requests":1419,"retries":0,"complete":false}
probe-cont {"kind":"progress","label":"n64-r60","unix_s":1791528628.5634751,"elapsed_s":20.000073133,"bytes":120661737472,"gbps_cum":6.033064812793552,"gbps_interval":5.945842082565191,"requests":1862,"retries":0,"complete":false}
probe-cont {"kind":"progress","label":"n64-r60","unix_s":1791528633.5634775,"elapsed_s":25.000075609,"bytes":151129161728,"gbps_cum":6.045148186415632,"gbps_interval":6.093481833707796,"requests":2316,"retries":0,"complete":false}
probe-cont {"kind":"progress","label":"n64-r60","unix_s":1791528638.563473,"elapsed_s":30.000070948,"bytes":183072980992,"gbps_cum":6.1024182679209575,"gbps_interval":6.388769808411216,"requests":2792,"retries":0,"complete":false}
probe-cont {"kind":"progress","label":"n64-r60","unix_s":1791528643.563473,"elapsed_s":35.000070959,"bytes":212802207744,"gbps_cum":6.080050751705106,"gbps_interval":5.94584533731914,"requests":3235,"retries":0,"complete":false}
probe-cont {"kind":"progress","label":"n64-r60","unix_s":1791528648.5634816,"elapsed_s":40.00007962,"bytes":245282897920,"gbps_cum":6.132060242134088,"gbps_interval":6.4961267826091875,"requests":3719,"retries":0,"complete":false}
probe-cont {"kind":"progress","label":"n64-r60","unix_s":1791528653.563474,"elapsed_s":45.000071948,"bytes":275347668992,"gbps_cum":6.118827305658066,"gbps_interval":6.012963440691103,"requests":4167,"retries":0,"complete":false}
probe-cont {"kind":"progress","label":"n64-r60","unix_s":1791528658.5634756,"elapsed_s":50.000073672,"bytes":306888835072,"gbps_cum":6.137767657807622,"gbps_interval":6.308231040921938,"requests":4637,"retries":0,"complete":false}
probe-cont {"kind":"progress","label":"n64-r60","unix_s":1791528663.5634754,"elapsed_s":55.000073331,"bytes":337624694784,"gbps_cum":6.138622629684798,"gbps_interval":6.147172361637154,"requests":5095,"retries":0,"complete":false}
probe-cont {"kind":"progress","label":"n64-r60","unix_s":1791528668.5634742,"elapsed_s":60.000072048,"bytes":367488139264,"gbps_cum":6.124794966412871,"gbps_interval":5.972690428592363,"requests":5540,"retries":0,"complete":false}
probe-cont {"kind":"done","label":"n64-r60","unix_s":1791528668.5636718,"elapsed_s":60.000269904,"bytes":367488139264,"gbps_cum":6.124774769379844,"gbps_interval":0,"requests":5540,"retries":0,"complete":false,"workers":64,"chunk_mib":64,"object":"https://kraken2-ncbi-refseq-complete-v205.s3.us-west-2.amazonaws.com/Kraken2_RefSeqCompleteV205/hash.k2d","object_bytes":1189091671800,"stopped_by":"seconds"}
ak2-phase	2026-10-09T06:51:13Z	1791528673	push	no
ak2: [2026-10-09T06:51:14Z] pushed out/cont-60.jsonl
ak2: [2026-10-09T06:51:14Z] contention probe done FAIL=0
spawn: [2026-10-09T06:51:15Z] command exit rc=0
