Loading database information...ak2-timing	opts	0.002860	0.000018	0	0	0.000018	0.000000
ak2-timing	taxo	0.002888	0.097027	87764	0	0.032849	0.079917
ak2-engine	mem	t_s	15.0	rss_kib	27070620	hwm_kib	27070624	heap_inuse	394756096	sys	414185832	avail_kib	100621468
ak2-engine	mem	t_s	30.0	rss_kib	54262128	hwm_kib	54262132	heap_inuse	397000704	sys	414185832	avail_kib	73418556
ak2-timing	shard-load-4	0.170372	40.622432	40539	0	36.582622	39.392438
ak2-engine	mem	t_s	45.0	rss_kib	72972212	hwm_kib	72972216	heap_inuse	403161088	sys	422639976	avail_kib	54780436
ak2-engine	mem	t_s	60.0	rss_kib	72977292	hwm_kib	72977296	heap_inuse	408756224	sys	427096424	avail_kib	54864428
ak2-engine	mem	t_s	75.0	rss_kib	72980520	hwm_kib	72980524	heap_inuse	412319744	sys	431290728	avail_kib	54867032
ak2-timing	rendezvous	41.306022	38.577880	3371	0	0.058754	0.016314
ak2-timing	connect	79.883917	0.023256	4	0	0.000000	0.000925
ak2-timing	hash	0.099943	79.807243	45834	0	36.656380	39.410698
 done.
ak2-engine	mem	t_s	90.0	rss_kib	78341992	hwm_kib	78341992	heap_inuse	3976839168	sys	6008835992	avail_kib	48755244
18645445 sequences (3449.57 Mbp) processed in 18.403s (60791.2 Kseq/m, 11246.91 Mbp/m).
  18393099 sequences classified (98.65%)
  252346 sequences unclassified (1.35%)
ak2-sample	batch	0	name	0-SRR5935751	mode	parallel	s3client	sdk	rank	4	role	home	inflight	1	threads	16	start_s	79.907223	wall_s	18.759208	setup_s	0.000057	classify_s	18.402774	close_s	0.217726	report_s	0.130655	status	0	sequences	18645445	bases	3449573600	classified	18393099	place	lpt	weight	18645445
ak2-engine	mem	t_s	105.0	rss_kib	78858444	hwm_kib	78922504	heap_inuse	4817526784	sys	6565314712	avail_kib	48369576
14303962 sequences (2635.98 Mbp) processed in 14.317s (59946.3 Kseq/m, 11047.10 Mbp/m).
  14029845 sequences classified (98.08%)
  274117 sequences unclassified (1.92%)
ak2-sample	batch	0	name	0-SRR5935830	mode	parallel	s3client	sdk	rank	4	role	home	inflight	1	threads	16	start_s	98.666455	wall_s	14.706025	setup_s	0.000060	classify_s	14.316769	close_s	0.232587	report_s	0.148991	status	0	sequences	14303962	bases	2635979010	classified	14029845	place	lpt	weight	14303962
ak2-engine	mem	t_s	120.0	rss_kib	78647572	hwm_kib	78922504	heap_inuse	4204888064	sys	6699794616	avail_kib	48560088
12252617 sequences (2212.67 Mbp) processed in 11.834s (62121.7 Kseq/m, 11218.42 Mbp/m).
  10208851 sequences classified (83.32%)
  2043766 sequences unclassified (16.68%)
ak2-sample	batch	0	name	0-SRR5935774	mode	parallel	s3client	sdk	rank	4	role	home	inflight	1	threads	16	start_s	113.372504	wall_s	12.245767	setup_s	0.000078	classify_s	11.834151	close_s	0.242352	report_s	0.151978	status	0	sequences	12252617	bases	2212674525	classified	10208851	place	lpt	weight	12252617
ak2-engine	mem	t_s	135.1	rss_kib	78832692	hwm_kib	78922504	heap_inuse	3279060992	sys	6821581000	avail_kib	48503660
10834778 sequences (1957.59 Mbp) processed in 10.836s (59992.1 Kseq/m, 10839.15 Mbp/m).
  10642489 sequences classified (98.23%)
  192289 sequences unclassified (1.77%)
ak2-sample	batch	0	name	0-SRR5935760	mode	parallel	s3client	sdk	rank	4	role	home	inflight	1	threads	16	start_s	125.618297	wall_s	11.215446	setup_s	0.000061	classify_s	10.836202	close_s	0.239428	report_s	0.134113	status	0	sequences	10834778	bases	1957586977	classified	10642489	place	lpt	weight	10834778
10054299 sequences (1885.64 Mbp) processed in 10.478s (57572.8 Kseq/m, 10797.54 Mbp/m).
  9575405 sequences classified (95.24%)
  478894 sequences unclassified (4.76%)
ak2-sample	batch	0	name	0-SRR5935786	mode	parallel	s3client	sdk	rank	4	role	home	inflight	1	threads	16	start_s	136.833768	wall_s	10.855969	setup_s	0.000068	classify_s	10.478181	close_s	0.205571	report_s	0.161885	status	0	sequences	10054299	bases	1885642952	classified	9575405	place	lpt	weight	10054299
1539039 sequences (293.66 Mbp) processed in 2.033s (45414.1 Kseq/m, 8665.29 Mbp/m).
  1494119 sequences classified (97.08%)
  44920 sequences unclassified (2.92%)
ak2-engine	mem	t_s	150.1	rss_kib	77827336	hwm_kib	78922504	heap_inuse	3457802240	sys	6821875912	avail_kib	49492960
ak2-sample	batch	0	name	0-SRR5935809	mode	parallel	s3client	sdk	rank	4	role	home	inflight	1	threads	16	start_s	147.689766	wall_s	2.424501	setup_s	0.000067	classify_s	2.033340	close_s	0.266584	report_s	0.120539	status	0	sequences	1539039	bases	293657718	classified	1494119	place	lpt	weight	1539039
1085628 sequences (199.24 Mbp) processed in 1.534s (42453.7 Kseq/m, 7791.50 Mbp/m).
  1061820 sequences classified (97.81%)
  23808 sequences unclassified (2.19%)
ak2-sample	batch	0	name	0-SRR5935839	mode	parallel	s3client	sdk	rank	4	role	home	inflight	1	threads	16	start_s	150.114299	wall_s	1.889919	setup_s	0.000052	classify_s	1.534322	close_s	0.248880	report_s	0.104264	status	0	sequences	1085628	bases	199244471	classified	1061820	place	lpt	weight	1085628
ak2-timing	batch-barrier-0	152.004240	8.201632	2	0	3.342126	0.356202
ak2-engine	mem	t_s	165.1	rss_kib	78540204	hwm_kib	78922504	heap_inuse	4929921024	sys	6822400200	avail_kib	49044336
15328347 sequences (2853.53 Mbp) processed in 15.775s (58300.7 Kseq/m, 10853.26 Mbp/m).
  14998872 sequences classified (97.85%)
  329475 sequences unclassified (2.15%)
ak2-sample	batch	1	name	1-SRR5935744	mode	parallel	s3client	sdk	rank	4	role	home	inflight	1	threads	16	start_s	160.205897	wall_s	16.222871	setup_s	0.000059	classify_s	15.775128	close_s	0.252814	report_s	0.186127	status	0	sequences	15328347	bases	2853526686	classified	14998872	place	mod	weight	15328347
ak2-engine	mem	t_s	180.1	rss_kib	78429072	hwm_kib	78992092	heap_inuse	4516855808	sys	6823448776	avail_kib	48749104
10834778 sequences (1957.59 Mbp) processed in 10.753s (60457.9 Kseq/m, 10923.31 Mbp/m).
  10642489 sequences classified (98.23%)
  192289 sequences unclassified (1.77%)
ak2-sample	batch	1	name	1-SRR5935760	mode	parallel	s3client	sdk	rank	4	role	home	inflight	1	threads	16	start_s	176.428792	wall_s	11.102415	setup_s	0.000069	classify_s	10.752712	close_s	0.220837	report_s	0.123150	status	0	sequences	10834778	bases	1957586977	classified	10642489	place	mod	weight	10834778
3168882 sequences (592.65 Mbp) processed in 3.541s (53698.3 Kseq/m, 10042.72 Mbp/m).
  3127330 sequences classified (98.69%)
  41552 sequences unclassified (1.31%)
ak2-sample	batch	1	name	1-SRR5935776	mode	parallel	s3client	sdk	rank	4	role	home	inflight	1	threads	16	start_s	187.531230	wall_s	3.874791	setup_s	0.000060	classify_s	3.540763	close_s	0.216549	report_s	0.113639	status	0	sequences	3168882	bases	592648009	classified	3127330	place	mod	weight	3168882
ak2-engine	mem	t_s	195.1	rss_kib	78248148	hwm_kib	79100636	heap_inuse	4278894592	sys	6829150408	avail_kib	49032660
11437813 sequences (2096.18 Mbp) processed in 11.339s (60521.9 Kseq/m, 11091.72 Mbp/m).
  10922134 sequences classified (95.49%)
  515679 sequences unclassified (4.51%)
ak2-sample	batch	1	name	1-SRR5935792	mode	parallel	s3client	sdk	rank	4	role	home	inflight	1	threads	16	start_s	191.406044	wall_s	11.751166	setup_s	0.000065	classify_s	11.339176	close_s	0.260159	report_s	0.143143	status	0	sequences	11437813	bases	2096182336	classified	10922134	place	mod	weight	11437813
ak2-engine	mem	t_s	210.1	rss_kib	78854244	hwm_kib	79100636	heap_inuse	3602456576	sys	6829150408	avail_kib	48806616
15500933 sequences (2889.47 Mbp) processed in 15.547s (59820.4 Kseq/m, 11150.89 Mbp/m).
  14777244 sequences classified (95.33%)
  723689 sequences unclassified (4.67%)
ak2-sample	batch	1	name	1-SRR5935808	mode	parallel	s3client	sdk	rank	4	role	home	inflight	1	threads	16	start_s	203.157236	wall_s	15.978405	setup_s	0.000058	classify_s	15.547482	close_s	0.264855	report_s	0.156810	status	0	sequences	15500933	bases	2889469649	classified	14777244	place	mod	weight	15500933
ak2-engine	mem	t_s	225.1	rss_kib	78800368	hwm_kib	79100636	heap_inuse	4030488576	sys	6829150408	avail_kib	48695656
8745078 sequences (1626.83 Mbp) processed in 8.771s (59823.1 Kseq/m, 11128.79 Mbp/m).
  8520266 sequences classified (97.43%)
  224812 sequences unclassified (2.57%)
ak2-sample	batch	1	name	1-SRR5935824	mode	parallel	s3client	sdk	rank	4	role	home	inflight	1	threads	16	start_s	219.135668	wall_s	9.224338	setup_s	0.000064	classify_s	8.770943	close_s	0.283690	report_s	0.161578	status	0	sequences	8745078	bases	1626833325	classified	8520266	place	mod	weight	8745078
ak2-engine	mem	t_s	240.1	rss_kib	78736384	hwm_kib	79100636	heap_inuse	4136206336	sys	6829150408	avail_kib	48928376
ak2-timing	batch-barrier-1	228.360028	21.699959	6	0	7.990564	0.843014
ak2-engine	mem	t_s	255.1	rss_kib	78877276	hwm_kib	79100636	heap_inuse	4131258368	sys	6829150408	avail_kib	48803332
18645445 sequences (3449.57 Mbp) processed in 18.658s (59959.8 Kseq/m, 11093.09 Mbp/m).
  18393099 sequences classified (98.65%)
  252346 sequences unclassified (1.35%)
ak2-sample	batch	2	name	2-SRR5935751	mode	parallel	s3client	sdk	rank	4	role	home	inflight	1	threads	16	start_s	250.060033	wall_s	19.154710	setup_s	0.000063	classify_s	18.657953	close_s	0.265585	report_s	0.223232	status	0	sequences	18645445	bases	3449573600	classified	18393099	place	lpt	weight	18645445
ak2-engine	mem	t_s	270.1	rss_kib	78802416	hwm_kib	79247032	heap_inuse	4054949888	sys	6913175784	avail_kib	48694704
14303962 sequences (2635.98 Mbp) processed in 14.463s (59338.4 Kseq/m, 10935.07 Mbp/m).
  14029845 sequences classified (98.08%)
  274117 sequences unclassified (1.92%)
ak2-sample	batch	2	name	2-SRR5935830	mode	parallel	s3client	sdk	rank	4	role	home	inflight	1	threads	16	start_s	269.214771	wall_s	14.858837	setup_s	0.000062	classify_s	14.463441	close_s	0.236468	report_s	0.151447	status	0	sequences	14303962	bases	2635979010	classified	14029845	place	lpt	weight	14303962
ak2-engine	mem	t_s	285.1	rss_kib	78230264	hwm_kib	79247032	heap_inuse	4341587968	sys	6913175784	avail_kib	48961420
12252617 sequences (2212.67 Mbp) processed in 11.835s (62115.0 Kseq/m, 11217.22 Mbp/m).
  10208851 sequences classified (83.32%)
  2043766 sequences unclassified (16.68%)
ak2-sample	batch	2	name	2-SRR5935774	mode	parallel	s3client	sdk	rank	4	role	home	inflight	1	threads	16	start_s	284.073634	wall_s	12.261259	setup_s	0.000061	classify_s	11.835421	close_s	0.227510	report_s	0.181653	status	0	sequences	12252617	bases	2212674525	classified	10208851	place	lpt	weight	12252617
ak2-engine	mem	t_s	300.1	rss_kib	78453972	hwm_kib	79247032	heap_inuse	4468555776	sys	6913241320	avail_kib	48791244
10834778 sequences (1957.59 Mbp) processed in 10.738s (60543.0 Kseq/m, 10938.68 Mbp/m).
  10642489 sequences classified (98.23%)
  192289 sequences unclassified (1.77%)
ak2-sample	batch	2	name	2-SRR5935760	mode	parallel	s3client	sdk	rank	4	role	home	inflight	1	threads	16	start_s	296.334921	wall_s	11.116706	setup_s	0.000065	classify_s	10.737607	close_s	0.233568	report_s	0.139829	status	0	sequences	10834778	bases	1957586977	classified	10642489	place	lpt	weight	10834778
ak2-engine	mem	t_s	315.1	rss_kib	79000952	hwm_kib	79247032	heap_inuse	4930297856	sys	6959575272	avail_kib	48332080
10054299 sequences (1885.64 Mbp) processed in 10.272s (58726.5 Kseq/m, 11013.91 Mbp/m).
  9575405 sequences classified (95.24%)
  478894 sequences unclassified (4.76%)
ak2-sample	batch	2	name	2-SRR5935786	mode	parallel	s3client	sdk	rank	4	role	home	inflight	1	threads	16	start_s	307.451652	wall_s	10.705053	setup_s	0.000060	classify_s	10.272332	close_s	0.280246	report_s	0.141920	status	0	sequences	10054299	bases	1885642952	classified	9575405	place	lpt	weight	10054299
1539039 sequences (293.66 Mbp) processed in 2.161s (42728.5 Kseq/m, 8152.85 Mbp/m).
  1494119 sequences classified (97.08%)
  44920 sequences unclassified (2.92%)
ak2-sample	batch	2	name	2-SRR5935809	mode	parallel	s3client	sdk	rank	4	role	home	inflight	1	threads	16	start_s	318.156730	wall_s	2.506516	setup_s	0.000056	classify_s	2.161142	close_s	0.238594	report_s	0.102899	status	0	sequences	1539039	bases	293657718	classified	1494119	place	lpt	weight	1539039
1085628 sequences (199.24 Mbp) processed in 1.449s (44956.4 Kseq/m, 8250.81 Mbp/m).
  1061820 sequences classified (97.81%)
  23808 sequences unclassified (2.19%)
ak2-sample	batch	2	name	2-SRR5935839	mode	parallel	s3client	sdk	rank	4	role	home	inflight	1	threads	16	start_s	320.663271	wall_s	1.785366	setup_s	0.000052	classify_s	1.448909	close_s	0.222166	report_s	0.111674	status	0	sequences	1085628	bases	199244471	classified	1061820	place	lpt	weight	1085628
ak2-engine	mem	t_s	330.1	rss_kib	78122872	hwm_kib	79247032	heap_inuse	4357103616	sys	6959575272	avail_kib	49601944
ak2-timing	batch-barrier-2	322.448660	7.843622	2	0	2.498948	0.247194
ak2-timing	barrier	336.331043	0.385891	0	0	0.023054	0.000000
ak2-sample	batch	3	name	3-SRR5935740	mode	striped	s3client	sdk	rank	4	role	peer	inflight	1	threads	16	start_s	330.744960	wall_s	5.972019	setup_s	0.000047	classify_s	5.581884	close_s	0.000000	report_s	0.000000	status	0	sequences	0	bases	0	classified	0	place	-	weight	-
ak2-timing	batch-barrier-3	336.716990	0.497527	1	0	0.007562	0.000022
ak2-timing	barrier	343.559992	0.363834	0	0	0.020155	0.000000
ak2-sample	batch	4	name	4-SRR5935740	mode	striped	s3client	sdk	rank	4	role	peer	inflight	1	threads	16	start_s	337.980154	wall_s	5.943717	setup_s	0.000049	classify_s	5.575695	close_s	0.000000	report_s	0.000000	status	0	sequences	0	bases	0	classified	0	place	-	weight	-
ak2-timing	batch-barrier-4	343.923882	0.507345	14	0	0.006241	0.000443
ak2-engine	mem	t_s	345.1	rss_kib	76337396	hwm_kib	79247032	heap_inuse	3305086976	sys	6959837416	avail_kib	51397176
ak2-timing	barrier	350.776260	0.213360	0	0	0.014783	0.009012
ak2-sample	batch	5	name	5-SRR5935740	mode	striped	s3client	sdk	rank	4	role	peer	inflight	1	threads	16	start_s	345.198558	wall_s	5.791100	setup_s	0.000051	classify_s	5.573619	close_s	0.000000	report_s	0.000000	status	0	sequences	0	bases	0	classified	0	place	-	weight	-
ak2-timing	batch-barrier-5	350.989670	0.529792	0	0	0.005825	0.000413
ak2-engine	mem	t_s	360.1	rss_kib	76489748	hwm_kib	79247032	heap_inuse	3305455616	sys	6959837416	avail_kib	51185920
ak2-timing	batch-barrier-6	351.519477	11.109421	0	0	0.715738	0.108226
ak2-timing	batch-barrier-7	362.628921	9.154381	3	0	0.664157	0.110239
ak2-engine	mem	t_s	375.1	rss_kib	76489764	hwm_kib	79247032	heap_inuse	3308666880	sys	6959837416	avail_kib	51341396
ak2-timing	batch-barrier-8	371.783322	10.238663	1	0	0.729198	0.075962
ak2-engine	shard	0	n	16	lo	74318229485	hi	92897786856	tail	302	full	false	empty_at	18579557370	keys	8477552208	batches	89910	probe_s	216.769768	tail_probes	0	wrap_probes	0
ak2-engine	mem	t_s	382.0	rss_kib	76489764	hwm_kib	79247032	heap_inuse	3308879872	sys	6959837416	avail_kib	51335516
ak2-engine	rendezvous	puts	13	gets	878
ak2-engine	s3	client	sdk	put	33	get	878	create_multipart	20	upload_part	2035	complete_multipart	20	abort_multipart	0	part_bytes	17007170948
ak2-engine	s3	client	cli	put	0	get	0	create_multipart	0	upload_part	0	complete_multipart	0	abort_multipart	0	part_bytes	0
ak2-engine	load	seconds	40.622427	requests	1126	retries	0	bytes	74318296292
ak2-engine	route	transport	nodes	calls	5346	keys	8037635259	batches	85536	route_s	96.970831	wait_s	325.350036	gather_s	18.817630
ak2-engine	worker	scan_s	719.196198	lookup_s	441.142751	classify_s	625.653383
ak2-timing	total	0.000001	382.158805	7500201	0	1574.215837	111.874709
