spawn: shell options for --command: $-=ehB
spawn: errexit is ON. set -uo pipefail does NOT clear it; use set +e to opt out.
spawn: [2026-10-09T06:43:32Z] wrapper start
spawn: [2026-10-09T06:43:32Z] stage-in start
spawn: [2026-10-09T06:43:32Z] stage-in done rc=0
spawn: [2026-10-09T06:43:32Z] command start
ak2-stub: inherited $-=hBc
ak2-stub: imds region=us-west-2 expected=us-west-2 payload bucket aws-kraken2-942542972736-us-west-2 region=us-west-2
ak2-stub: payload verified (sha256 f99c23c4d439c85787ba884a1c5357c94010fa7dd20283867e4bf53c29df239e); exec
ak2: log tee up
ak2-phase	2026-10-09T06:43:32Z	1791528212	preamble	no
ak2: [2026-10-09T06:43:32Z] inherited $-=hBc (stub, as spawn started it: $-=hBc)
ak2: [2026-10-09T06:43:32Z] after set +e $-=hBc
ak2: [2026-10-09T06:43:32Z] gate=g3 run=20261009-064231-4c67532-2a5c-n64-r19
ak2: [2026-10-09T06:43:32Z] aws shim installed and self-tested (/tmp/ak2-bin/aws -> /usr/bin/aws)
ak2: [2026-10-09T06:43:32Z] imds region=us-west-2 az=us-west-2b instance=i-01282100520feca7c type=c8gn.4xlarge ami=ami-09325776a00699513
ak2: [2026-10-09T06:43:32Z] bucket aws-kraken2-942542972736-us-west-2 region=us-west-2
ak2: [2026-10-09T06:43:33Z] bucket aws-kraken2-942542972736-us-west-2 payer=UNKNOWN
ak2: [2026-10-09T06:43:33Z] WARN: could not read Payer of aws-kraken2-942542972736-us-west-2 from the instance (launch host verified it)
ak2: [2026-10-09T06:43:33Z] bucket kraken2-ncbi-refseq-complete-v205 region=us-west-2
ak2: [2026-10-09T06:43:33Z] bucket kraken2-ncbi-refseq-complete-v205 payer=BucketOwner
ak2: [2026-10-09T06:43:33Z] region assert passed
ak2: [2026-10-09T06:43:33Z] drop_caches_ok=true
ak2: [2026-10-09T06:43:34Z] preamble done; spec body starts
ak2-phase	2026-10-09T06:43:34Z	1791528214	body	no
ak2-phase	2026-10-09T06:43:34Z	1791528214	setup	no
go: downloading github.com/aws/aws-sdk-go-v2/credentials v1.20.7
go: downloading github.com/aws/aws-sdk-go-v2 v1.47.1
go: downloading github.com/aws/aws-sdk-go-v2/config v1.33.7
go: downloading github.com/aws/aws-sdk-go-v2/service/s3 v1.114.1
go: downloading github.com/klauspost/compress v1.20.0
go: downloading github.com/aws/smithy-go v1.28.1
go: downloading github.com/aws/aws-sdk-go-v2/feature/ec2/imds v1.20.1
go: downloading github.com/aws/aws-sdk-go-v2/service/signin v1.10.2
go: downloading github.com/aws/aws-sdk-go-v2/service/sso v1.38.2
go: downloading github.com/aws/aws-sdk-go-v2/service/ssooidc v1.43.2
go: downloading github.com/aws/aws-sdk-go-v2/service/sts v1.51.2
go: downloading github.com/aws/aws-sdk-go-v2/aws/protocol/eventstream v1.7.20
go: downloading github.com/aws/aws-sdk-go-v2/internal/configsources v1.5.4
go: downloading github.com/aws/aws-sdk-go-v2/service/internal/accept-encoding v1.13.19
go: downloading github.com/aws/aws-sdk-go-v2/internal/v4a v1.5.4
go: downloading github.com/aws/aws-sdk-go-v2/service/internal/checksum v1.11.5
go: downloading github.com/aws/aws-sdk-go-v2/service/internal/presigned-url v1.14.4
go: downloading github.com/aws/aws-sdk-go-v2/service/internal/s3shared v1.20.4
go: downloading github.com/aws/aws-sdk-go-v2/internal/endpoints/v2 v2.8.4
ak2: [2026-10-09T06:44:03Z] rank 19 of 64; hash.k2d etag=f80959f9556b50d76b3e744afdd3b22a-8860 size=1189091671800; stages 1 16 32 64 x 60s
ak2-phase	2026-10-09T06:44:03Z	1791528243	rendezvous	no
ak2: [2026-10-09T06:46:00Z] rendezvous: all 64 ready; stages start at 1791528368 (8 s from now)
ak2-phase	2026-10-09T06:46:00Z	1791528360	stage-n1	no
ak2: [2026-10-09T06:46:08Z] stage n1: rank 19 waits
ak2-phase	2026-10-09T06:46:08Z	1791528368	stage-n16	no
ak2: [2026-10-09T06:47:28Z] stage n16: rank 19 waits
ak2-phase	2026-10-09T06:47:28Z	1791528448	stage-n32	no
probe-cont {"kind":"progress","label":"n32-r19","unix_s":1791528533.536676,"elapsed_s":5.000106759,"bytes":27783069696,"gbps_cum":5.556495298023695,"gbps_interval":5.556495298023695,"requests":478,"retries":0,"complete":false}
probe-cont {"kind":"progress","label":"n32-r19","unix_s":1791528538.5366528,"elapsed_s":10.000083782,"bytes":56841207808,"gbps_cum":5.684073158498263,"gbps_interval":5.811654329276305,"requests":911,"retries":0,"complete":false}
probe-cont {"kind":"progress","label":"n32-r19","unix_s":1791528543.5366783,"elapsed_s":15.000109273,"bytes":87778394112,"gbps_cum":5.851850310850732,"gbps_interval":6.187405716168178,"requests":1372,"retries":0,"complete":false}
probe-cont {"kind":"progress","label":"n32-r19","unix_s":1791528548.5366397,"elapsed_s":20.000070516,"bytes":117440512000,"gbps_cum":5.872004896485136,"gbps_interval":5.9324695625445685,"requests":1814,"retries":0,"complete":false}
probe-cont {"kind":"progress","label":"n32-r19","unix_s":1791528553.5366747,"elapsed_s":25.00010583,"bytes":146632867840,"gbps_cum":5.86528988465486,"gbps_interval":5.838429932337074,"requests":2249,"retries":0,"complete":false}
probe-cont {"kind":"progress","label":"n32-r19","unix_s":1791528558.5366397,"elapsed_s":30.000070558,"bytes":177838489600,"gbps_cum":5.927935711223736,"gbps_interval":6.241168379698218,"requests":2714,"retries":0,"complete":false}
probe-cont {"kind":"progress","label":"n32-r19","unix_s":1791528563.5366445,"elapsed_s":35.00007516,"bytes":207097954304,"gbps_cum":5.917071702196881,"gbps_interval":5.851887554722695,"requests":3150,"retries":0,"complete":false}
probe-cont {"kind":"progress","label":"n32-r19","unix_s":1791528568.5366461,"elapsed_s":40.000077119,"bytes":238035140608,"gbps_cum":5.950867042077115,"gbps_interval":6.18743483656303,"requests":3611,"retries":0,"complete":false}
probe-cont {"kind":"progress","label":"n32-r19","unix_s":1791528573.5366383,"elapsed_s":45.000069097,"bytes":267495931904,"gbps_cum":5.9443449148355425,"gbps_interval":5.892167712593879,"requests":4050,"retries":0,"complete":false}
probe-cont {"kind":"progress","label":"n32-r19","unix_s":1791528578.5366485,"elapsed_s":50.000079313,"bytes":298030465024,"gbps_cum":5.960599845418889,"gbps_interval":6.106894146393881,"requests":4505,"retries":0,"complete":false}
probe-cont {"kind":"progress","label":"n32-r19","unix_s":1791528583.5366402,"elapsed_s":55.00007108,"bytes":328162344960,"gbps_cum":5.966580379190303,"gbps_interval":6.02638591024704,"requests":4954,"retries":0,"complete":false}
probe-cont {"kind":"progress","label":"n32-r19","unix_s":1791528588.536669,"elapsed_s":60.000099948,"bytes":357488918528,"gbps_cum":5.958138717065859,"gbps_interval":5.865280849814486,"requests":5391,"retries":0,"complete":false}
probe-cont {"kind":"done","label":"n32-r19","unix_s":1791528588.536889,"elapsed_s":60.000319997,"bytes":357488918528,"gbps_cum":5.958116865807955,"gbps_interval":0,"requests":5391,"retries":0,"complete":false,"workers":64,"chunk_mib":64,"object":"https://kraken2-ncbi-refseq-complete-v205.s3.us-west-2.amazonaws.com/Kraken2_RefSeqCompleteV205/hash.k2d","object_bytes":1189091671800,"stopped_by":"seconds"}
ak2-phase	2026-10-09T06:49:53Z	1791528593	stage-n64	no
probe-cont {"kind":"progress","label":"n64-r19","unix_s":1791528613.0052793,"elapsed_s":5.000084266,"bytes":29125246976,"gbps_cum":5.824951226131996,"gbps_interval":5.824951226131996,"requests":498,"retries":0,"complete":false}
probe-cont {"kind":"progress","label":"n64-r19","unix_s":1791528618.005285,"elapsed_s":10.000090081,"bytes":58586038272,"gbps_cum":5.858551052786262,"gbps_interval":5.892151406627915,"requests":937,"retries":0,"complete":false}
probe-cont {"kind":"progress","label":"n64-r19","unix_s":1791528623.0052812,"elapsed_s":15.000086206,"bytes":90865401856,"gbps_cum":6.057658643298599,"gbps_interval":6.455877720105233,"requests":1418,"retries":0,"complete":false}
probe-cont {"kind":"progress","label":"n64-r19","unix_s":1791528628.0052907,"elapsed_s":20.000095789,"bytes":120930172928,"gbps_cum":6.046479687087863,"gbps_interval":6.01294268999404,"requests":1866,"retries":0,"complete":false}
probe-cont {"kind":"progress","label":"n64-r19","unix_s":1791528633.0052755,"elapsed_s":25.00008027,"bytes":150793617408,"gbps_cum":6.031725329656311,"gbps_interval":5.972707434089333,"requests":2311,"retries":0,"complete":false}
probe-cont {"kind":"progress","label":"n64-r19","unix_s":1791528638.0052996,"elapsed_s":30.000104378,"bytes":183542743040,"gbps_cum":6.118070148269135,"gbps_interval":6.549793545915439,"requests":2799,"retries":0,"complete":false}
probe-cont {"kind":"progress","label":"n64-r19","unix_s":1791528643.0052834,"elapsed_s":35.000088455,"bytes":213473296384,"gbps_cum":6.099221625067177,"gbps_interval":5.986129732228745,"requests":3245,"retries":0,"complete":false}
probe-cont {"kind":"progress","label":"n64-r19","unix_s":1791528648.0052795,"elapsed_s":40.000084384,"bytes":245014462464,"gbps_cum":6.1253486395645105,"gbps_interval":6.308238352167667,"requests":3715,"retries":0,"complete":false}
probe-cont {"kind":"progress","label":"n64-r19","unix_s":1791528653.0052788,"elapsed_s":45.000083792,"bytes":275750322176,"gbps_cum":6.1277735270577915,"gbps_interval":6.1471726702252445,"requests":4173,"retries":0,"complete":false}
probe-cont {"kind":"progress","label":"n64-r19","unix_s":1791528658.005276,"elapsed_s":50.000080978,"bytes":306083528704,"gbps_cum":6.121660659683262,"gbps_interval":6.066644719907648,"requests":4625,"retries":0,"complete":false}
probe-cont {"kind":"progress","label":"n64-r19","unix_s":1791528663.005325,"elapsed_s":55.00013009,"bytes":338430001152,"gbps_cum":6.153258194084391,"gbps_interval":6.469230946225954,"requests":5107,"retries":0,"complete":false}
probe-cont {"kind":"progress","label":"n64-r19","unix_s":1791528668.0052779,"elapsed_s":60.000082958,"bytes":368226336768,"gbps_cum":6.1370971274449415,"gbps_interval":5.959323298165137,"requests":5551,"retries":0,"complete":false}
probe-cont {"kind":"done","label":"n64-r19","unix_s":1791528668.0054793,"elapsed_s":60.000284389,"bytes":368226336768,"gbps_cum":6.137076524182406,"gbps_interval":0,"requests":5551,"retries":0,"complete":false,"workers":64,"chunk_mib":64,"object":"https://kraken2-ncbi-refseq-complete-v205.s3.us-west-2.amazonaws.com/Kraken2_RefSeqCompleteV205/hash.k2d","object_bytes":1189091671800,"stopped_by":"seconds"}
ak2-phase	2026-10-09T06:51:13Z	1791528673	push	no
ak2: [2026-10-09T06:51:13Z] pushed out/cont-19.jsonl
ak2: [2026-10-09T06:51:13Z] contention probe done FAIL=0
spawn: [2026-10-09T06:51:14Z] command exit rc=0
