make run: bucket aws-kraken2-942542972736-us-west-2 is in us-west-2
make run: bucket kraken2-ncbi-refseq-complete-v205 is in us-west-2
make run: run 20261008-152754-c825453-0fc3-n16-r6  task ak2-g3-20261008-152754-c825453-0fc3-n16-r6  ->  s3://aws-kraken2-942542972736-us-west-2/aws-kraken2/g3/20261008-152754-c825453-0fc3-n16-r6
make run: user data: 12656 of 16384 bytes after base64 decoding (refuse above 15360)
make run: plan: Instance: c8g.12xlarge (0 vCPU, 0 GiB)
make run: launched i-0edc931c56c6e4cfc (c8g.12xlarge) in us-west-2
  | ak2: log tee up
  | ak2-phase	2026-10-08T15:28:43Z	1791473323	preamble	no
  | ak2: [2026-10-08T15:28:43Z] inherited $-=hBc (stub, as spawn started it: $-=hBc)
  | ak2: [2026-10-08T15:28:43Z] after set +e $-=hBc
  | ak2: [2026-10-08T15:28:43Z] gate=g3 run=20261008-152754-c825453-0fc3-n16-r6
  | ak2: [2026-10-08T15:28:43Z] aws shim installed and self-tested (/tmp/ak2-bin/aws -> /usr/bin/aws)
  | ak2: [2026-10-08T15:28:43Z] imds region=us-west-2 az=us-west-2a instance=i-0edc931c56c6e4cfc type=c8g.12xlarge ami=ami-09325776a00699513
  | ak2: [2026-10-08T15:28:44Z] bucket aws-kraken2-942542972736-us-west-2 region=us-west-2
  | ak2: [2026-10-08T15:28:44Z] bucket aws-kraken2-942542972736-us-west-2 payer=UNKNOWN
  | ak2: [2026-10-08T15:28:44Z] WARN: could not read Payer of aws-kraken2-942542972736-us-west-2 from the instance (launch host verified it)
  | ak2: [2026-10-08T15:28:44Z] bucket kraken2-ncbi-refseq-complete-v205 region=us-west-2
  | ak2: [2026-10-08T15:28:45Z] bucket kraken2-ncbi-refseq-complete-v205 payer=BucketOwner
  | ak2: [2026-10-08T15:28:45Z] region assert passed
  | ak2: [2026-10-08T15:28:45Z] drop_caches_ok=true
  | ak2: [2026-10-08T15:28:46Z] preamble done; spec body starts
  | ak2-phase	2026-10-08T15:28:46Z	1791473326	body	no
  | ak2: [2026-10-08T15:28:46Z] e3 cohort 20261008-152754-c825453-0fc3-n16 rank 6 of 16, commit c825453; RODA kraken2-ncbi-refseq-complete-v205/Kraken2_RefSeqCompleteV205; samples aws-kraken2-942542972736-us-west-2/aws-kraken2/data/cohort; cohort 100
  | ak2-phase	2026-10-08T15:28:46Z	1791473326	setup	no
  | ak2: [2026-10-08T15:29:25Z] built c8254539ee95ecfb2c4879cf0132cad93f30d3e2; go version go1.27.1 linux/arm64; ip 172.31.24.197; nproc 48; mem_gib 92; threads 16, inflight 1
  | ak2-phase	2026-10-08T15:29:25Z	1791473365	manifest	no
  | ak2: [2026-10-08T15:29:26Z] staged s3://kraken2-ncbi-refseq-complete-v205/Kraken2_RefSeqCompleteV205/opts.k2d -> /home/ec2-user/ak2/db/roda/opts.k2d (56 bytes)
  | ak2: [2026-10-08T15:29:27Z] staged s3://kraken2-ncbi-refseq-complete-v205/Kraken2_RefSeqCompleteV205/taxo.k2d -> /home/ec2-user/ak2/db/roda/taxo.k2d (179150665 bytes)
  | ak2: [2026-10-08T15:29:28Z] RODA hash.k2d etag=f80959f9556b50d76b3e744afdd3b22a-8860 size=1189091671800
  | ak2: [2026-10-08T15:29:28Z] pushed out/rank6/c100.tsv
  | ak2: [2026-10-08T15:29:28Z] pushed out/rank6/placement.tsv
  | ak2: [2026-10-08T15:29:28Z] manifest c100: 306 lines in 9 batches; rank 6 reads 12 samples
  | ak2-phase	2026-10-08T15:29:28Z	1791473368	fetch	no
  | ak2: [2026-10-08T15:29:37Z] inputs staged and verified: 24 files, 13.30 GB
  | ak2: [2026-10-08T15:29:37Z] manifest c100: cohort: 306 samples in 9 batches check
  | ak2-phase	2026-10-08T15:29:37Z	1791473377	inv-c100	no
  | [c100] ak2-timing	taxo	0.003218	0.116193	87830	0	0.030839	0.088326
  | [c100] ak2-engine	mem	t_s	15.0	rss_kib	39162940	hwm_kib	39162944	heap_inuse	406167552	sys	440662376	avail_kib	55717452
  | [c100] ak2-timing	shard-load-6	0.185081	28.575778	42870	0	43.725342	45.283738
  | [c100] ak2-engine	mem	t_s	30.0	rss_kib	72978828	hwm_kib	72978832	heap_inuse	410091520	sys	445380968	avail_kib	21962700
  | [c100] ak2-engine	mem	t_s	45.0	rss_kib	72980472	hwm_kib	72980476	heap_inuse	412418048	sys	445380968	avail_kib	22260268
  | [c100] ak2-timing	rendezvous	29.270250	26.423065	4202	0	0.144137	0.042066
  | [c100] ak2-timing	connect	55.693336	0.024072	584	0	0.024940	0.000000
  | [c100] ak2-timing	hash	0.119497	55.597938	49478	0	43.896274	45.338837
  | [c100] ak2-engine	mem	t_s	60.0	rss_kib	78203560	hwm_kib	78203560	heap_inuse	3521183744	sys	5871243128	avail_kib	17042872
  | [c100] ak2-sample	batch	0	name	0-SRR5935762	mode	parallel	s3client	sdk	rank	6	role	home	inflight	1	threads	16	start_s	55.717470	wall_s	10.656444	setup_s	0.000048	classify_s	10.143240	close_s	0.280412	report_s	0.224571	status	0	sequences	18129553	bases	3409028279	classified	17831449	place	lpt	weight	18129553
  | [c100] ak2-engine	mem	t_s	75.0	rss_kib	79023360	hwm_kib	79218108	heap_inuse	5009530880	sys	6980493560	avail_kib	15673520
  | [c100] ak2-sample	batch	0	name	0-SRR5935838	mode	parallel	s3client	sdk	rank	6	role	home	inflight	1	threads	16	start_s	66.373940	wall_s	8.832160	setup_s	0.000044	classify_s	8.346672	close_s	0.359270	report_s	0.118966	status	0	sequences	14615323	bases	2691062094	classified	14358414	place	lpt	weight	14615323
  | [c100] ak2-sample	batch	0	name	0-SRR5935834	mode	parallel	s3client	sdk	rank	6	role	home	inflight	1	threads	16	start_s	75.206131	wall_s	7.535650	setup_s	0.000053	classify_s	7.044078	close_s	0.290157	report_s	0.192253	status	0	sequences	12610038	bases	2321592529	classified	12099380	place	lpt	weight	12610038
  | [c100] ak2-sample	batch	0	name	0-SRR5935780	mode	parallel	s3client	sdk	rank	6	role	home	inflight	1	threads	16	start_s	82.741804	wall_s	6.387528	setup_s	0.000049	classify_s	6.008504	close_s	0.212658	report_s	0.159841	status	0	sequences	10716528	bases	1994960359	classified	10376259	place	lpt	weight	10716528
  | [c100] ak2-engine	mem	t_s	90.0	rss_kib	77846116	hwm_kib	79218108	heap_inuse	4887707648	sys	6980493560	avail_kib	15902936
  | [c100] ak2-sample	batch	0	name	0-SRR5935790	mode	parallel	s3client	sdk	rank	6	role	home	inflight	1	threads	16	start_s	89.129355	wall_s	5.666362	setup_s	0.000060	classify_s	5.172057	close_s	0.217284	report_s	0.268796	status	0	sequences	9202475	bases	1711991411	classified	8810259	place	lpt	weight	9202475
  | [c100] ak2-sample	batch	0	name	0-SRR5935776	mode	parallel	s3client	sdk	rank	6	role	home	inflight	1	threads	16	start_s	94.795742	wall_s	2.454420	setup_s	0.000054	classify_s	2.035321	close_s	0.309593	report_s	0.105771	status	0	sequences	3168882	bases	592648009	classified	3127330	place	lpt	weight	3168882
  | [c100] ak2-timing	batch-barrier-0	97.250186	1.606498	1	0	0.403771	0.072893
  | [c100] ak2-engine	mem	t_s	105.0	rss_kib	78670176	hwm_kib	79218108	heap_inuse	4547084288	sys	6980763896	avail_kib	15580900
  | [c100] ak2-sample	batch	1	name	1-SRR5935746	mode	parallel	s3client	sdk	rank	6	role	home	inflight	1	threads	16	start_s	98.856714	wall_s	6.519757	setup_s	0.000047	classify_s	6.078890	close_s	0.275654	report_s	0.158005	status	0	sequences	11012615	bases	2057953866	classified	10686469	place	mod	weight	11012615
  | [c100] ak2-sample	batch	1	name	1-SRR5935762	mode	parallel	s3client	sdk	rank	6	role	home	inflight	1	threads	16	start_s	105.376498	wall_s	10.589950	setup_s	0.000072	classify_s	10.148196	close_s	0.247525	report_s	0.186190	status	0	sequences	18129553	bases	3409028279	classified	17831449	place	mod	weight	18129553
  | [c100] ak2-engine	mem	t_s	120.0	rss_kib	79140372	hwm_kib	79218108	heap_inuse	5138251776	sys	6981026040	avail_kib	15143252
  | [c100] ak2-sample	batch	1	name	1-SRR5935778	mode	parallel	s3client	sdk	rank	6	role	home	inflight	1	threads	16	start_s	115.966483	wall_s	6.877315	setup_s	0.000049	classify_s	6.446873	close_s	0.242415	report_s	0.176822	status	0	sequences	10554303	bases	1946564732	classified	10062971	place	mod	weight	10554303
  | [c100] ak2-sample	batch	1	name	1-SRR5935794	mode	parallel	s3client	sdk	rank	6	role	home	inflight	1	threads	16	start_s	122.843820	wall_s	7.947246	setup_s	0.000054	classify_s	7.561918	close_s	0.241024	report_s	0.138058	status	0	sequences	13404063	bases	2484447317	classified	13071600	place	mod	weight	13404063
  | [c100] ak2-engine	mem	t_s	135.0	rss_kib	78662836	hwm_kib	79570432	heap_inuse	4692762624	sys	7242531128	avail_kib	15605212
  | [c100] ak2-sample	batch	1	name	1-SRR5935810	mode	parallel	s3client	sdk	rank	6	role	home	inflight	1	threads	16	start_s	130.791089	wall_s	8.896757	setup_s	0.000052	classify_s	8.446798	close_s	0.280297	report_s	0.153246	status	0	sequences	15280552	bases	2858109884	classified	13785544	place	mod	weight	15280552
  | [c100] ak2-sample	batch	1	name	1-SRR5935826	mode	parallel	s3client	sdk	rank	6	role	home	inflight	1	threads	16	start_s	139.687872	wall_s	5.379664	setup_s	0.000050	classify_s	4.896870	close_s	0.313090	report_s	0.164711	status	0	sequences	8766123	bases	1609927653	classified	8639469	place	mod	weight	8766123
  | [c100] ak2-engine	mem	t_s	150.0	rss_kib	78764104	hwm_kib	79570432	heap_inuse	3914457088	sys	7242531128	avail_kib	15565200
  | [c100] ak2-timing	batch-barrier-1	145.067556	7.332293	1	0	1.232932	0.172821
  | [c100] ak2-sample	batch	2	name	2-SRR5935762	mode	parallel	s3client	sdk	rank	6	role	home	inflight	1	threads	16	start_s	152.399898	wall_s	10.629975	setup_s	0.000048	classify_s	10.173334	close_s	0.280379	report_s	0.168181	status	0	sequences	18129553	bases	3409028279	classified	17831449	place	lpt	weight	18129553
  | [c100] ak2-engine	mem	t_s	165.0	rss_kib	78949360	hwm_kib	79570432	heap_inuse	3463774208	sys	7242531128	avail_kib	15180112
  | [c100] ak2-sample	batch	2	name	2-SRR5935838	mode	parallel	s3client	sdk	rank	6	role	home	inflight	1	threads	16	start_s	163.029900	wall_s	8.636081	setup_s	0.000053	classify_s	8.218521	close_s	0.260072	report_s	0.150303	status	0	sequences	14615323	bases	2691062094	classified	14358414	place	lpt	weight	14615323
  | [c100] ak2-sample	batch	2	name	2-SRR5935834	mode	parallel	s3client	sdk	rank	6	role	home	inflight	1	threads	16	start_s	171.666009	wall_s	7.518672	setup_s	0.000060	classify_s	7.050892	close_s	0.253900	report_s	0.204889	status	0	sequences	12610038	bases	2321592529	classified	12099380	place	lpt	weight	12610038
  | [c100] ak2-engine	mem	t_s	180.0	rss_kib	77676288	hwm_kib	79617408	heap_inuse	4483334144	sys	7297151304	avail_kib	15901452
  | [c100] ak2-sample	batch	2	name	2-SRR5935780	mode	parallel	s3client	sdk	rank	6	role	home	inflight	1	threads	16	start_s	179.184704	wall_s	6.333297	setup_s	0.000063	classify_s	5.968573	close_s	0.213408	report_s	0.144595	status	0	sequences	10716528	bases	1994960359	classified	10376259	place	lpt	weight	10716528
  | [c100] ak2-sample	batch	2	name	2-SRR5935790	mode	parallel	s3client	sdk	rank	6	role	home	inflight	1	threads	16	start_s	185.518024	wall_s	5.580370	setup_s	0.000048	classify_s	5.157484	close_s	0.266991	report_s	0.147610	status	0	sequences	9202475	bases	1711991411	classified	8810259	place	lpt	weight	9202475
  | [c100] ak2-sample	batch	2	name	2-SRR5935776	mode	parallel	s3client	sdk	rank	6	role	home	inflight	1	threads	16	start_s	191.098418	wall_s	2.425289	setup_s	0.000045	classify_s	2.027714	close_s	0.274171	report_s	0.119637	status	0	sequences	3168882	bases	592648009	classified	3127330	place	lpt	weight	3168882
  | [c100] ak2-engine	mem	t_s	195.0	rss_kib	78404388	hwm_kib	79617408	heap_inuse	5291786240	sys	7297151304	avail_kib	15719760
  | [c100] ak2-timing	batch-barrier-2	193.523726	3.611101	3	0	1.227278	0.159181
  | [c100] ak2-timing	barrier	203.174429	1.409431	0	0	0.016961	0.000492
  | [c100] ak2-sample	batch	3	name	3-SRR5935740	mode	striped	s3client	sdk	rank	6	role	peer	inflight	1	threads	16	start_s	197.604828	wall_s	6.979086	setup_s	0.000049	classify_s	5.565548	close_s	0.000000	report_s	0.000000	status	0	sequences	0	bases	0	classified	0	place	-	weight	-
  | [c100] ak2-timing	batch-barrier-3	204.583925	0.477788	1	0	0.005975	0.000000
  | [c100] ak2-engine	mem	t_s	210.0	rss_kib	75807852	hwm_kib	79617408	heap_inuse	2244370432	sys	7297413448	avail_kib	18812736
  | [c100] ak2-timing	barrier	211.415006	0.203846	0	0	0.014022	0.000990
  | [c100] ak2-sample	batch	4	name	4-SRR5935740	mode	striped	s3client	sdk	rank	6	role	peer	inflight	1	threads	16	start_s	205.854713	wall_s	5.764187	setup_s	0.000049	classify_s	5.556118	close_s	0.000000	report_s	0.000000	status	0	sequences	0	bases	0	classified	0	place	-	weight	-
  | [c100] ak2-timing	batch-barrier-4	211.618908	0.525301	14	0	0.005797	0.000000
  | [c100] ak2-timing	barrier	218.518627	0.204665	0	0	0.017572	0.000532
  | [c100] ak2-sample	batch	5	name	5-SRR5935740	mode	striped	s3client	sdk	rank	6	role	peer	inflight	1	threads	16	start_s	212.954241	wall_s	5.769102	setup_s	0.000049	classify_s	5.559805	close_s	0.000000	report_s	0.000000	status	0	sequences	0	bases	0	classified	0	place	-	weight	-
  | [c100] ak2-timing	batch-barrier-5	218.723354	0.630444	178	0	0.005804	0.000408
  | [c100] ak2-engine	mem	t_s	225.0	rss_kib	76319068	hwm_kib	79617408	heap_inuse	3763773440	sys	7297413448	avail_kib	18645468
  | [c100] ak2-timing	batch-barrier-6	219.353824	7.151658	259	0	0.702359	0.073004
  | [c100] ak2-timing	batch-barrier-7	226.505507	7.064728	197	0	0.680971	0.086586
  | [c100] ak2-engine	mem	t_s	240.0	rss_kib	76321068	hwm_kib	79617408	heap_inuse	3765960704	sys	7297413448	avail_kib	18922472
  | [c100] ak2-timing	batch-barrier-8	233.570260	7.111731	310	0	0.708597	0.063292
  | [c100] ak2-engine	shard	0	n	16	lo	111477344228	hi	130056901599	tail	302	full	false	empty_at	18579557370	keys	8468165301	batches	89910	probe_s	179.427693	tail_probes	0	wrap_probes	0
  | [c100] ak2-engine	mem	t_s	240.7	rss_kib	76321084	hwm_kib	79617408	heap_inuse	3765968896	sys	7297413448	avail_kib	18925196
  | [c100] ak2-engine	rendezvous	puts	13	gets	495
  | [c100] ak2-engine	s3	client	sdk	put	31	get	495	create_multipart	18	upload_part	2218	complete_multipart	18	abort_multipart	0	part_bytes	18519412405
  | [c100] ak2-engine	s3	client	cli	put	0	get	0	create_multipart	0	upload_part	0	complete_multipart	0	abort_multipart	0	part_bytes	0
  | [c100] ak2-engine	load	seconds	28.575774	requests	1126	retries	0	bytes	74318296292
  | [c100] ak2-engine	route	transport	nodes	calls	5695	keys	8622128948	batches	91120	route_s	69.981240	wait_s	48.746485	gather_s	15.481169
  | [c100] ak2-engine	worker	scan_s	527.510019	lookup_s	134.212759	classify_s	474.101793
  | [c100] ak2-timing	total	0.000001	240.812567	11290810	0	1658.234388	116.886020
  | ak2: [2026-10-08T15:33:40Z] inv c100 rank 6 exit 0
  | [c100 stderr] Loading database information...ak2-timing	opts	0.003191	0.000017	0	0	0.000016	0.000000
  | [c100 stderr]  done.
  | ak2: [2026-10-08T15:33:40Z] pushed out/rank6/eng-c100.stderr
  | ak2: [2026-10-08T15:33:40Z] rank 6 done (rc=0)
  | ak2: [2026-10-08T15:33:40Z] spec body exit rc=0
  | ak2-phase	2026-10-08T15:33:40Z	1791473620	end	no
make run: tag-objects: s3://aws-kraken2-942542972736-us-west-2/aws-kraken2/g3/20261008-152754-c825453-0fc3-n16-r6/: 10 objects, 9 tagged now, 1 already tagged, 0 failed
make run: run dir: results/g3/20261008-152754-c825453-0fc3-n16-r6  (task exit 0, state terminated, cost $0.183448)
orphans: other live ak2 instances (concurrent runs; informational, not this run's):
  us-west-2	i-08f49d8dd48af9955	running	c8g.12xlarge	2026-10-08T15:28:48+00:00	ak2-g3-20261008-152754-c825453-0fc3-n16-r14	ttl=60m	within TTL
orphans: this run's instance(s) and task ak2-g3-20261008-152754-c825453-0fc3-n16-r6 are gone (18 regions checked)
