Loading database information...ak2-timing	opts	0.002808	0.000018	0	0	0.000000	0.000017
ak2-timing	taxo	0.002834	0.094243	87766	0	0.037255	0.067258
ak2-timing	shard-load-9	0.164906	41.653771	41229	0	58.075190	68.830988
ak2-timing	rendezvous	42.266441	13.499094	2678	0	0.030473	0.010706
ak2-timing	connect	55.765552	0.050411	300	0	0.015602	0.000000
ak2-timing	hash	0.097102	55.718880	46120	0	58.135685	68.842649
 done.
15080696 sequences (2770.85 Mbp) processed in 15.570s (58114.5 Kseq/m, 10677.66 Mbp/m).
  14478381 sequences classified (96.01%)
  602315 sequences unclassified (3.99%)
ak2-sample	batch	0	name	0-SRR5935800	mode	parallel	s3client	sdk	rank	9	role	home	inflight	2	threads	16	start_s	55.816013	wall_s	16.148702	setup_s	0.000053	classify_s	15.569971	close_s	0.323467	report_s	0.246022	status	0	sequences	15080696	bases	2770846238	classified	14478381	place	lpt	weight	15080696
16708997 sequences (3043.02 Mbp) processed in 15.963s (62805.4 Kseq/m, 11438.05 Mbp/m).
  15000245 sequences classified (89.77%)
  1708752 sequences unclassified (10.23%)
ak2-sample	batch	0	name	0-SRR5935807	mode	parallel	s3client	sdk	rank	9	role	home	inflight	2	threads	16	start_s	55.816017	wall_s	16.547996	setup_s	0.000049	classify_s	15.962642	close_s	0.370297	report_s	0.197068	status	0	sequences	16708997	bases	3043023590	classified	15000245	place	lpt	weight	16708997
11437813 sequences (2096.18 Mbp) processed in 11.347s (60479.6 Kseq/m, 11083.96 Mbp/m).
  10922134 sequences classified (95.49%)
  515679 sequences unclassified (4.51%)
ak2-sample	batch	0	name	0-SRR5935792	mode	parallel	s3client	sdk	rank	9	role	home	inflight	2	threads	16	start_s	72.364080	wall_s	11.785677	setup_s	0.000075	classify_s	11.347113	close_s	0.241356	report_s	0.187951	status	0	sequences	11437813	bases	2096182336	classified	10922134	place	lpt	weight	11437813
13010149 sequences (2394.73 Mbp) processed in 12.367s (63122.2 Kseq/m, 11618.68 Mbp/m).
  12910203 sequences classified (99.23%)
  99946 sequences unclassified (0.77%)
ak2-sample	batch	0	name	0-SRR5935775	mode	parallel	s3client	sdk	rank	9	role	home	inflight	2	threads	16	start_s	71.964743	wall_s	12.866278	setup_s	0.000060	classify_s	12.366637	close_s	0.354320	report_s	0.139760	status	0	sequences	13010149	bases	2394732661	classified	12910203	place	lpt	weight	13010149
6552107 sequences (1182.80 Mbp) processed in 6.718s (58522.2 Kseq/m, 10564.53 Mbp/m).
  6331866 sequences classified (96.64%)
  220241 sequences unclassified (3.36%)
ak2-sample	batch	0	name	0-SRR5935750	mode	parallel	s3client	sdk	rank	9	role	home	inflight	2	threads	16	start_s	84.831045	wall_s	7.783097	setup_s	0.000094	classify_s	6.717557	close_s	0.924014	report_s	0.135369	status	0	sequences	6552107	bases	1182796919	classified	6331866	place	lpt	weight	6552107
8745078 sequences (1626.83 Mbp) processed in 8.040s (65259.3 Kseq/m, 12140.09 Mbp/m).
  8520266 sequences classified (97.43%)
  224812 sequences unclassified (2.57%)
ak2-sample	batch	0	name	0-SRR5935824	mode	parallel	s3client	sdk	rank	9	role	home	inflight	2	threads	16	start_s	84.149803	wall_s	8.803204	setup_s	0.000086	classify_s	8.040300	close_s	0.494017	report_s	0.260755	status	0	sequences	8745078	bases	1626833325	classified	8520266	place	lpt	weight	8745078
ak2-timing	batch-barrier-0	92.953030	3.237504	2	0	0.442668	0.073612
10590116 sequences (1935.91 Mbp) processed in 11.087s (57311.0 Kseq/m, 10476.65 Mbp/m).
  10426493 sequences classified (98.45%)
  163623 sequences unclassified (1.55%)
ak2-sample	batch	1	name	1-SRR5935765	mode	parallel	s3client	sdk	rank	9	role	home	inflight	2	threads	16	start_s	96.190564	wall_s	11.532837	setup_s	0.000058	classify_s	11.086991	close_s	0.262884	report_s	0.176086	status	0	sequences	10590116	bases	1935908855	classified	10426493	place	mod	weight	10590116
18879904 sequences (3539.14 Mbp) processed in 18.906s (59916.2 Kseq/m, 11231.59 Mbp/m).
  18627146 sequences classified (98.66%)
  252758 sequences unclassified (1.34%)
ak2-sample	batch	1	name	1-SRR5935749	mode	parallel	s3client	sdk	rank	9	role	home	inflight	2	threads	16	start_s	96.190568	wall_s	19.353088	setup_s	0.000048	classify_s	18.906321	close_s	0.250032	report_s	0.189034	status	0	sequences	18879904	bases	3539135454	classified	18627146	place	mod	weight	18879904
8486948 sequences (1613.12 Mbp) processed in 8.525s (59731.0 Kseq/m, 11353.11 Mbp/m).
  8270605 sequences classified (97.45%)
  216343 sequences unclassified (2.55%)
ak2-sample	batch	1	name	1-SRR5935781	mode	parallel	s3client	sdk	rank	9	role	home	inflight	2	threads	16	start_s	107.723422	wall_s	9.055166	setup_s	0.000067	classify_s	8.525176	close_s	0.372848	report_s	0.151283	status	0	sequences	8486948	bases	1613121343	classified	8270605	place	mod	weight	8486948
8439357 sequences (1550.81 Mbp) processed in 8.226s (61555.8 Kseq/m, 11311.46 Mbp/m).
  8138623 sequences classified (96.44%)
  300734 sequences unclassified (3.56%)
ak2-sample	batch	1	name	1-SRR5935797	mode	parallel	s3client	sdk	rank	9	role	home	inflight	2	threads	16	start_s	115.543680	wall_s	8.626980	setup_s	0.000068	classify_s	8.226054	close_s	0.222137	report_s	0.170094	status	0	sequences	8439357	bases	1550811438	classified	8138623	place	mod	weight	8439357
16980616 sequences (3155.64 Mbp) processed in 16.530s (61634.0 Kseq/m, 11453.93 Mbp/m).
  16106690 sequences classified (94.85%)
  873926 sequences unclassified (5.15%)
ak2-sample	batch	1	name	1-SRR5935813	mode	parallel	s3client	sdk	rank	9	role	home	inflight	2	threads	16	start_s	116.778690	wall_s	17.068483	setup_s	0.000063	classify_s	16.530427	close_s	0.365785	report_s	0.157591	status	0	sequences	16980616	bases	3155638888	classified	16106690	place	mod	weight	16980616
11220767 sequences (2068.35 Mbp) processed in 10.150s (66326.8 Kseq/m, 12226.17 Mbp/m).
  10523542 sequences classified (93.79%)
  697225 sequences unclassified (6.21%)
ak2-sample	batch	1	name	1-SRR5935829	mode	parallel	s3client	sdk	rank	9	role	home	inflight	2	threads	16	start_s	124.170719	wall_s	10.560286	setup_s	0.000060	classify_s	10.150438	close_s	0.207648	report_s	0.188969	status	0	sequences	11220767	bases	2068350513	classified	10523542	place	mod	weight	11220767
ak2-timing	batch-barrier-1	134.731028	6.632478	2	0	2.012450	0.409499
15080696 sequences (2770.85 Mbp) processed in 15.813s (57222.2 Kseq/m, 10513.69 Mbp/m).
  14478381 sequences classified (96.01%)
  602315 sequences unclassified (3.99%)
ak2-sample	batch	2	name	2-SRR5935800	mode	parallel	s3client	sdk	rank	9	role	home	inflight	2	threads	16	start_s	141.363551	wall_s	16.194044	setup_s	0.000050	classify_s	15.812784	close_s	0.250442	report_s	0.122917	status	0	sequences	15080696	bases	2770846238	classified	14478381	place	lpt	weight	15080696
16708997 sequences (3043.02 Mbp) processed in 16.167s (62009.9 Kseq/m, 11293.17 Mbp/m).
  15000245 sequences classified (89.77%)
  1708752 sequences unclassified (10.23%)
ak2-sample	batch	2	name	2-SRR5935807	mode	parallel	s3client	sdk	rank	9	role	home	inflight	2	threads	16	start_s	141.363557	wall_s	17.451637	setup_s	0.000055	classify_s	16.167423	close_s	0.973093	report_s	0.293486	status	0	sequences	16708997	bases	3043023590	classified	15000245	place	lpt	weight	16708997
13010149 sequences (2394.73 Mbp) processed in 12.281s (63564.4 Kseq/m, 11700.07 Mbp/m).
  12910203 sequences classified (99.23%)
  99946 sequences unclassified (0.77%)
ak2-sample	batch	2	name	2-SRR5935775	mode	parallel	s3client	sdk	rank	9	role	home	inflight	2	threads	16	start_s	157.557615	wall_s	12.680336	setup_s	0.000056	classify_s	12.280603	close_s	0.231766	report_s	0.162335	status	0	sequences	13010149	bases	2394732661	classified	12910203	place	lpt	weight	13010149
11437813 sequences (2096.18 Mbp) processed in 11.195s (61300.5 Kseq/m, 11234.40 Mbp/m).
  10922134 sequences classified (95.49%)
  515679 sequences unclassified (4.51%)
ak2-sample	batch	2	name	2-SRR5935792	mode	parallel	s3client	sdk	rank	9	role	home	inflight	2	threads	16	start_s	158.815220	wall_s	11.598477	setup_s	0.000069	classify_s	11.195160	close_s	0.244916	report_s	0.150128	status	0	sequences	11437813	bases	2096182336	classified	10922134	place	lpt	weight	11437813
6552107 sequences (1182.80 Mbp) processed in 7.125s (55177.6 Kseq/m, 9960.75 Mbp/m).
  6331866 sequences classified (96.64%)
  220241 sequences unclassified (3.36%)
ak2-sample	batch	2	name	2-SRR5935750	mode	parallel	s3client	sdk	rank	9	role	home	inflight	2	threads	16	start_s	170.413763	wall_s	7.499294	setup_s	0.000067	classify_s	7.124748	close_s	0.244044	report_s	0.123957	status	0	sequences	6552107	bases	1182796919	classified	6331866	place	lpt	weight	6552107
8745078 sequences (1626.83 Mbp) processed in 8.167s (64247.3 Kseq/m, 11951.83 Mbp/m).
  8520266 sequences classified (97.43%)
  224812 sequences unclassified (2.57%)
ak2-sample	batch	2	name	2-SRR5935824	mode	parallel	s3client	sdk	rank	9	role	home	inflight	2	threads	16	start_s	170.237976	wall_s	8.557047	setup_s	0.000067	classify_s	8.166954	close_s	0.240107	report_s	0.141634	status	0	sequences	8745078	bases	1626833325	classified	8520266	place	lpt	weight	8745078
ak2-timing	batch-barrier-2	178.795048	3.137844	0	0	0.283993	0.123808
ak2-timing	barrier	188.037657	0.425995	0	0	0.011449	0.010205
ak2-sample	batch	3	name	3-SRR5935740	mode	striped	s3client	sdk	rank	9	role	peer	inflight	1	threads	16	start_s	182.447992	wall_s	6.015702	setup_s	0.000044	classify_s	5.585001	close_s	0.000000	report_s	0.000000	status	0	sequences	0	bases	0	classified	0	place	-	weight	-
ak2-timing	batch-barrier-3	188.463705	0.490484	108	0	0.006630	0.000548
ak2-timing	barrier	195.356185	0.180355	0	0	0.015376	0.000437
ak2-sample	batch	4	name	4-SRR5935740	mode	striped	s3client	sdk	rank	9	role	peer	inflight	1	threads	16	start_s	189.766520	wall_s	5.770065	setup_s	0.000056	classify_s	5.584626	close_s	0.000000	report_s	0.000000	status	0	sequences	0	bases	0	classified	0	place	-	weight	-
ak2-timing	batch-barrier-4	195.536598	0.530295	160	0	0.005623	0.000000
ak2-timing	barrier	202.441333	0.197487	0	0	0.016020	0.000000
ak2-sample	batch	5	name	5-SRR5935740	mode	striped	s3client	sdk	rank	9	role	peer	inflight	1	threads	16	start_s	196.860695	wall_s	5.778189	setup_s	0.000053	classify_s	5.576601	close_s	0.000000	report_s	0.000000	status	0	sequences	0	bases	0	classified	0	place	-	weight	-
ak2-timing	batch-barrier-5	202.638896	0.863007	83	0	0.007406	0.000000
ak2-timing	batch-barrier-6	203.501923	7.173433	3	0	0.715563	0.071668
ak2-timing	batch-barrier-7	210.675378	7.110370	1	0	0.690092	0.079263
ak2-timing	batch-barrier-8	217.785767	7.236051	2	0	0.669515	0.126618
ak2-engine	shard	0	n	16	lo	167216016342	hi	185795573713	tail	302	full	false	empty_at	18579557375	keys	8474664069	batches	89910	probe_s	204.666224	tail_probes	0	wrap_probes	0
ak2-engine	rendezvous	puts	13	gets	390
ak2-engine	s3	client	sdk	put	31	get	390	create_multipart	18	upload_part	2249	complete_multipart	18	abort_multipart	0	part_bytes	18831246565
ak2-engine	s3	client	cli	put	0	get	0	create_multipart	0	upload_part	0	complete_multipart	0	abort_multipart	0	part_bytes	0
ak2-engine	load	seconds	41.653768	requests	1126	retries	0	bytes	74318296292
ak2-engine	route	transport	nodes	calls	5741	keys	8639287715	batches	91856	route_s	100.496015	wait_s	353.705352	gather_s	19.554196
ak2-engine	worker	scan_s	752.551744	lookup_s	473.759570	classify_s	659.808644
ak2-timing	total	0.000001	225.148240	9835575	0	1698.174450	139.922946
