make run: bucket aws-kraken2-942542972736-us-west-2 is in us-west-2
make run: run 20261008-054457-805d7a2-7357-n12-r6  task ak2-g3-20261008-054457-805d7a2-7357-n12-r6  ->  s3://aws-kraken2-942542972736-us-west-2/aws-kraken2/g3/20261008-054457-805d7a2-7357-n12-r6
make run: user data: 12274 of 16384 bytes after base64 decoding (refuse above 15360)
make run: plan: Instance: c8g.large (0 vCPU, 0 GiB)
make run: launched i-0035332e09db71e12 (c8g.large) in us-west-2
  | ak2: log tee up
  | ak2-phase	2026-10-08T05:45:29Z	1791438329	preamble	no
  | ak2: [2026-10-08T05:45:29Z] inherited $-=hBc (stub, as spawn started it: $-=hBc)
  | ak2: [2026-10-08T05:45:29Z] after set +e $-=hBc
  | ak2: [2026-10-08T05:45:29Z] gate=g3 run=20261008-054457-805d7a2-7357-n12-r6
  | ak2: [2026-10-08T05:45:29Z] aws shim installed and self-tested (/tmp/ak2-bin/aws -> /usr/bin/aws)
  | ak2: [2026-10-08T05:45:29Z] imds region=us-west-2 az=us-west-2a instance=i-0035332e09db71e12 type=c8g.large ami=ami-09325776a00699513
  | ak2: [2026-10-08T05:45:29Z] bucket aws-kraken2-942542972736-us-west-2 region=us-west-2
  | ak2: [2026-10-08T05:45:30Z] bucket aws-kraken2-942542972736-us-west-2 payer=UNKNOWN
  | ak2: [2026-10-08T05:45:30Z] WARN: could not read Payer of aws-kraken2-942542972736-us-west-2 from the instance (launch host verified it)
  | ak2: [2026-10-08T05:45:30Z] region assert passed
  | ak2: [2026-10-08T05:45:30Z] drop_caches_ok=true
  | ak2: [2026-10-08T05:45:30Z] preamble done; spec body starts
  | ak2-phase	2026-10-08T05:45:30Z	1791438330	body	no
  | ak2-phase	2026-10-08T05:45:30Z	1791438330	setup	no
  | ak2: [2026-10-08T05:45:49Z] checkout 805d7a2; nproc 2; disk /dev/nvme0n1p1 40G 2.5G 38G 7% /; slice 6 of 12, ranks 11..1000
  | ak2-phase	2026-10-08T05:45:49Z	1791438349	stage	no
  | stage-cohort: shell flags huB (on instance: 1)
  | stage-cohort: ranks 11..1000, every 12th from offset 6; 6 files at once, 4 ranges each
  | stage-cohort: SRR5935756_2.fastq.gz present (md5 e2faee3cb17e691fdc09dae227a572ce)
  | stage-cohort: SRR5935780_1.fastq.gz present (md5 f242a1b489c3bd49fdb4ad0137a07ff6)
  | stage-cohort: SRR5935768_2.fastq.gz present (md5 65c5c3169c7b65980c969c3253a6c4c9)
  | stage-cohort: SRR5935756_1.fastq.gz present (md5 6e0c4b2f8a5200b0994f46a4d144dd96)
  | stage-cohort: SRR5935768_1.fastq.gz present (md5 90c11f2d3f8beac39061b081f57fd27d)
  | stage-cohort: SRR5935780_2.fastq.gz present (md5 f302bc7d3f48a9fd6c994ada362c9d4b)
  | stage-cohort: SRR5935792_1.fastq.gz present (md5 0a98894c3f5814093cb1d51df5ce51cf)
  | stage-cohort: SRR5935792_2.fastq.gz present (md5 721c81612e07ae4195f141fb4757ce45)
  | stage-cohort: SRR5935804_2.fastq.gz present (md5 65bedb86eb1e7ff78c41f46704fcd946)
  | stage-cohort: SRR5935804_1.fastq.gz present (md5 fd92b99f2ff145172a50074acef4ec58)
  | stage-cohort: SRR5935816_2.fastq.gz present (md5 cd6b97876ad5366ca3ff26d6de522b6e)
  | stage-cohort: SRR5935816_1.fastq.gz present (md5 af7e8668eca43a5bef3105c04b353c71)
  | stage-cohort: SRR5935828_1.fastq.gz present (md5 67757db39793ae0012c5f1057112108e)
  | stage-cohort: SRR5935852_1.fastq.gz present (md5 bab0348571210e5c61abb146873f1d77)
  | stage-cohort: SRR5935828_2.fastq.gz present (md5 6a732dfa17393628f0d56342c9da56a2)
  | stage-cohort: SRR5935840_1.fastq.gz present (md5 437d0e144da4d89521f8cd8592c4f0e7)
  | stage-cohort: SRR5935852_2.fastq.gz present (md5 b57fd5474a159b193bc54fff638a96a8)
  | stage-cohort: SRR5935840_2.fastq.gz present (md5 e5857f3db76b4acafd0e6092b20efa8f)
  | stage-cohort: SRR5935864_1.fastq.gz present (md5 f12fd5a251a620546517ee65bf183fd7)
  | stage-cohort: SRR5935864_2.fastq.gz present (md5 bde846ab705fbc15e8a5d3d8eb45ce3a)
  | stage-cohort: SRR5935876_1.fastq.gz present (md5 3d30a6d493fc1aef62579d327136d292)
  | stage-cohort: SRR5935876_2.fastq.gz present (md5 bb02a4a9fb3e10d62a1218e0b3890e04)
  | stage-cohort: SRR5935888_2.fastq.gz present (md5 842b2a16ff18db78d547b1187ac4f50e)
  | stage-cohort: SRR5935900_1.fastq.gz present (md5 7d4646fe8e98eb0f782e5f4153f2db18)
  | stage-cohort: SRR5935888_1.fastq.gz present (md5 b977c802624d2f4ac53c1d739970dee3)
  | stage-cohort: SRR5935900_2.fastq.gz present (md5 2b6f11ceafe44a2ee12ccf4967bd57e6)
  | stage-cohort: SRR5935912_1.fastq.gz present (md5 b5b5061b64acd5b6e5e55a91c1a1b899)
  | stage-cohort: SRR5935912_2.fastq.gz present (md5 9363b4fcd155c6ff0debbc64d8b8aa31)
  | stage-cohort: SRR5935936_1.fastq.gz present (md5 fb6eb54894b67aee9372c04eb20b9170)
  | stage-cohort: SRR5935924_2.fastq.gz present (md5 379dca518d44638bea63e1ad54f9a59f)
  | stage-cohort: SRR5935924_1.fastq.gz present (md5 5e0ce51ca116ce08afe62ed8132ed1e9)
  | stage-cohort: SRR5935936_2.fastq.gz present (md5 4b5bd256160893851d10e294d160c941)
  | stage-cohort: SRR5935948_1.fastq.gz present (md5 1e07a43324bc5bbb2bb85429f96a0d93)
  | stage-cohort: SRR5935960_1.fastq.gz present (md5 8f0d822281e1dd3a58aac515fdd9f30f)
  | stage-cohort: SRR5935960_2.fastq.gz present (md5 132cb275443ee0c748b1616321e823c7)
  | stage-cohort: SRR5935948_2.fastq.gz present (md5 97e429e15409b0eda23207d7eebc2254)
  | stage-cohort: SRR5935972_1.fastq.gz present (md5 5cf8126176d82d2a096b393cf73d6248)
  | stage-cohort: SRR5935984_1.fastq.gz present (md5 62c485055bc711fe7886ea8d5410974e)
  | stage-cohort: SRR5935972_2.fastq.gz present (md5 7ef17932d418d11860d2c02444fd7816)
  | stage-cohort: SRR5935996_2.fastq.gz present (md5 8248b4d1a43c1f653faec3b794c4147c)
  | stage-cohort: SRR5935984_2.fastq.gz present (md5 6d591589074e1d1a1bc9439d9015be14)
  | stage-cohort: SRR5935996_1.fastq.gz present (md5 e43819e0b436eeae9a012c845cf85095)
  | stage-cohort: SRR5936008_1.fastq.gz present (md5 95b81374f5d5701e3e99b9a4479ad4cc)
  | stage-cohort: SRR5936008_2.fastq.gz present (md5 fb86152527b3d0b381e4e2235f9bcf25)
  | stage-cohort: SRR5936044_1.fastq.gz present (md5 0678e6c61d24587ca83397b9e7752755)
  | stage-cohort: SRR5936020_2.fastq.gz present (md5 b8986f83b82137a5f0eca230cb17026a)
  | stage-cohort: SRR5936020_1.fastq.gz present (md5 c3eb6d4c655537d325990d9a28101fc7)
  | stage-cohort: SRR5936032_2.fastq.gz present (md5 aabe820dd821e728060b0e288d88bdb8)
  | stage-cohort: SRR5936032_1.fastq.gz present (md5 443d2fb02d8f83326659f2afc10a3931)
  | stage-cohort: SRR5936044_2.fastq.gz present (md5 3bd3be23e5b61a2e9519b9f5973013c8)
  | stage-cohort: SRR5936056_1.fastq.gz present (md5 ffa8c8fdad534662e7178325fecc68bf)
  | stage-cohort: SRR5936068_1.fastq.gz present (md5 936e3a97a35487948375d9219567b7d2)
  | stage-cohort: SRR5936056_2.fastq.gz present (md5 bcc5411871f250d2e785e216cc9f99ae)
  | stage-cohort: SRR5936068_2.fastq.gz present (md5 0b32bb997af7dab5b5309df70c2ed09e)
  | stage-cohort: SRR5936080_1.fastq.gz present (md5 72fa64a4dd57d0ceb518cca46e348585)
  | stage-cohort: SRR5936080_2.fastq.gz present (md5 a404e879d6c95022c3b58fcca0c2351c)
  | stage-cohort: SRR5936104_1.fastq.gz present (md5 62d048bfe685687d13110b39945c16bd)
  | stage-cohort: SRR5936092_1.fastq.gz present (md5 53b9a56c591173fbc1ace6b857bd8c2c)
  | stage-cohort: SRR5936104_2.fastq.gz present (md5 733ad0444e7e59b8c0bf0b437453d7d9)
  | stage-cohort: SRR5936092_2.fastq.gz present (md5 faa4c8a2bc9d2aedad3f2ec3bfbaabf3)
  | stage-cohort: SRR5936116_1.fastq.gz present (md5 4b1c3a2cf4a6c94cd480d20ebeed9131)
  | stage-cohort: SRR5936116_2.fastq.gz present (md5 85d37834691a009cb3b3bbbb441afa3a)
  | stage-cohort: SRR5936128_2.fastq.gz present (md5 f3a243615c353243be166c4174eb7632)
  | stage-cohort: SRR5936128_1.fastq.gz present (md5 3793b6a9b40a4b682ade48ba21d48042)
  | stage-cohort: SRR5936140_1.fastq.gz present (md5 face30da18bdec789c1acd34d0c109bc)
  | stage-cohort: SRR5936140_2.fastq.gz present (md5 91c8f4e4eb2e35892a59a80a6fdafa3f)
  | stage-cohort: SRR5936152_2.fastq.gz present (md5 dd558bd0b4e69a99f6dadf097edde5e7)
  | stage-cohort: SRR5936152_1.fastq.gz present (md5 14e87165bf9963b84cef3cd6765c0601)
  | stage-cohort: SRR5936164_1.fastq.gz present (md5 7acc3740e9f8970930d0cfd56f5ec5db)
  | stage-cohort: SRR5936164_2.fastq.gz present (md5 2a3668c6f2662e0cda872d75cb4016b9)
  | stage-cohort: SRR5936176_1.fastq.gz present (md5 d4d413cd014c8a3e4c8c7ab3380d4402)
  | stage-cohort: SRR5936176_2.fastq.gz present (md5 6cbf76334a5815e665e7c648865fff85)
  | stage-cohort: SRR5936188_2.fastq.gz present (md5 d10706ae94b2374579711ed7cf3bd761)
  | stage-cohort: SRR5936188_1.fastq.gz present (md5 8d665cf94df826770edc79e41682ca13)
  | stage-cohort: SRR5936200_1.fastq.gz present (md5 47071f6da81b6a7961db36cd10ffe820)
  | stage-cohort: SRR5936200_2.fastq.gz present (md5 35b1326a75d57944a6b8f81654a2b7ad)
  | stage-cohort: SRR5936212_2.fastq.gz present (md5 b759e9662920a7ae407be5e50fff82ea)
  | stage-cohort: SRR5936224_1.fastq.gz present (md5 7e581ccd0772846128346858c4cc1250)
  | stage-cohort: SRR5936212_1.fastq.gz present (md5 e1cf03ee13c2f71168c7b1fa58ffdf4d)
  | stage-cohort: SRR5936224_2.fastq.gz present (md5 cf09d3cbbed9bb2273e9b9e4daf5a6bc)
  | stage-cohort: SRR5936236_1.fastq.gz present (md5 cef6e213ec229be1d519bfc7cc08736c)
  | stage-cohort: SRR5936236_2.fastq.gz present (md5 801a34b1cb863007eb56b671d9184091)
  | stage-cohort: SRR5946625_1.fastq.gz present (md5 1358f49de31c43734e1e8525b4f89cee)
  | stage-cohort: SRR5946613_1.fastq.gz present (md5 ee9f031de9fbcee8666dc3ba6ea0de18)
  | stage-cohort: SRR5946613_2.fastq.gz present (md5 442a26828d6226dfbf0175feae4bf708)
  | stage-cohort: SRR5946625_2.fastq.gz present (md5 d8a71a51b344d781d285f5c4491892da)
  | stage-cohort: SRR5946637_1.fastq.gz present (md5 afef0938320777956f4b54f1c635fb59)
  | stage-cohort: SRR5946637_2.fastq.gz present (md5 be64f19c1d49bea08e46a6abae94a8d6)
  | stage-cohort: SRR5946661_1.fastq.gz present (md5 9e3f1382873b16bd6142d245b1fd4f43)
  | stage-cohort: SRR5946649_1.fastq.gz present (md5 45ddf2d7051880c5faf013bafd0ff823)
  | stage-cohort: SRR5946649_2.fastq.gz present (md5 ffb12cdd5ef0e324a53ab88be066473e)
  | stage-cohort: SRR5946661_2.fastq.gz present (md5 a39582fa287a592d352784357b1696ad)
  | stage-cohort: SRR5946673_1.fastq.gz present (md5 0fbd2b7ee34365f8aa5af90b2e5fff21)
  | stage-cohort: SRR5946673_2.fastq.gz present (md5 974d349f4601117a91ade752d46b2460)
  | stage-cohort: SRR5946685_1.fastq.gz present (md5 1b596c901bd77ae98b8c3a4b8ea44ffc)
  | stage-cohort: SRR5946685_2.fastq.gz present (md5 7437f8cd1d863143fd477b325b956a39)
  | stage-cohort: SRR5946697_1.fastq.gz present (md5 2117a15fff08073d3be3df78a649ad9f)
  | stage-cohort: SRR5946697_2.fastq.gz present (md5 f2cf1c177dc9b16e631575bc8710fd42)
  | stage-cohort: SRR5946709_1.fastq.gz present (md5 a4c8229af225fc86bf7eedfebe42e8d8)
  | stage-cohort: SRR5946709_2.fastq.gz present (md5 ebcbde9b87a87360e1004bd0146ddfd5)
  | stage-cohort: SRR5946721_2.fastq.gz present (md5 18a06859795dabd8f57aae692b6dd407)
  | stage-cohort: SRR5946721_1.fastq.gz present (md5 b329607da5b6cb80dbd5c5cbfbb87f48)
  | stage-cohort: SRR5946733_2.fastq.gz present (md5 a45150fb43cbd571d4a0d44cd928e598)
  | stage-cohort: SRR5946733_1.fastq.gz present (md5 cc1daa857f13422cc5b90720dc25c1bd)
  | stage-cohort: SRR5946745_2.fastq.gz present (md5 6f98122c00d7e4aca79e4771a8c35506)
  | stage-cohort: SRR5946745_1.fastq.gz present (md5 085c32e8dbcb376418e8c6fb5351b27e)
  | stage-cohort: SRR5946757_1.fastq.gz present (md5 eafb6536d93206d1a7a5077251c13764)
  | stage-cohort: SRR5946757_2.fastq.gz present (md5 d5dfe78d70b8e75a2b0bde70fc458cb3)
  | stage-cohort: SRR5946769_2.fastq.gz present (md5 2f94c99a5501b3f8a1154d2e20baa1ff)
  | stage-cohort: SRR5946769_1.fastq.gz present (md5 be659349fde837e67605d93d0a7c25f6)
  | stage-cohort: SRR5946781_1.fastq.gz present (md5 d8767d10abf356bb71ce9ad21f125eae)
  | stage-cohort: SRR5946781_2.fastq.gz present (md5 cb56a3fa26c1b536ba59e85ef9b728da)
  | stage-cohort: SRR5946793_1.fastq.gz present (md5 522b0ff0559b43276effefb7bb3ae5f2)
  | stage-cohort: SRR5946793_2.fastq.gz present (md5 1508f1556ea9368379c1037b6800da73)
  | stage-cohort: SRR5946805_1.fastq.gz present (md5 3b50ba8dba0bf0680e7fa45c6ab08f7e)
  | stage-cohort: SRR5946805_2.fastq.gz present (md5 84799931300f7b9bd3221a5e10b3df83)
  | stage-cohort: SRR5946817_2.fastq.gz present (md5 a5808f8fe24960b94555959377fc33d0)
  | stage-cohort: SRR5946817_1.fastq.gz present (md5 3f52e4759979db6d08c732d214c910dc)
  | stage-cohort: SRR5946829_1.fastq.gz present (md5 a98b9aa189218e0409956abcbed5ef16)
  | stage-cohort: SRR5946841_1.fastq.gz present (md5 ccec78e746a0b8e29c62290ab6a306b1)
  | stage-cohort: SRR5946829_2.fastq.gz present (md5 e7cd2301391a0e5dc0c842daa869f6d7)
  | stage-cohort: SRR5946853_1.fastq.gz present (md5 750327c6914396957ea7c02b2caf32e7)
  | stage-cohort: SRR5946841_2.fastq.gz present (md5 02f287f6209c8cd6543349e911deac17)
  | stage-cohort: SRR5946853_2.fastq.gz present (md5 b924d29a7c7d0579d620736e6f3e7726)
  | stage-cohort: SRR5946865_1.fastq.gz present (md5 dd5d98fa223dfbcbc4df1ebc44e26387)
  | stage-cohort: SRR5946865_2.fastq.gz present (md5 12a071c3fb245f35e65c78e84b699b47)
  | stage-cohort: SRR5946877_1.fastq.gz present (md5 7d84162cfbce53622ffb41ba102ff3dc)
  | stage-cohort: SRR5946877_2.fastq.gz present (md5 49c10953a2793704edf8b8a6de7ebb14)
  | stage-cohort: SRR5946889_1.fastq.gz present (md5 ab61f4d51dd64198727b45853cdcd58c)
  | stage-cohort: SRR5946889_2.fastq.gz present (md5 8c147a3465643268c613500676fb3628)
  | stage-cohort: SRR5946901_1.fastq.gz present (md5 bfc540964fd06799676dca4ea6a70d62)
  | stage-cohort: SRR5946901_2.fastq.gz present (md5 6b450274ebc6b832150e575eb4d97ec2)
  | stage-cohort: SRR5946913_1.fastq.gz present (md5 0b3b8b25db3996e82dca4efec3cde851)
  | stage-cohort: SRR5946925_1.fastq.gz present (md5 7faa960da7dd70efbfa4aead66a58890)
  | stage-cohort: SRR5946913_2.fastq.gz present (md5 0da4846a58df3c983375cb6c883fae09)
  | stage-cohort: SRR5946925_2.fastq.gz present (md5 563f2c6cca9e616f03d8a4bc50f76734)
  | stage-cohort: SRR5946937_1.fastq.gz present (md5 1a33c8ff2170990d83a454bd7a135de4)
  | stage-cohort: SRR5946937_2.fastq.gz present (md5 a9cebcd31e3926bda17f8223b99c55d0)
  | stage-cohort: SRR5946949_1.fastq.gz present (md5 dbd40ae871dbf98aaf377b5ce5479048)
  | stage-cohort: SRR5946949_2.fastq.gz present (md5 8154b6f5ffa4bea33cbe29c328c1b6ff)
  | stage-cohort: SRR5946961_1.fastq.gz present (md5 190111da0be1303281418da48163ff0a)
  | stage-cohort: SRR5946961_2.fastq.gz present (md5 5c99948847addd7cb39ebedce11849e1)
  | stage-cohort: SRR5946973_1.fastq.gz present (md5 47cc1a9173341fc5e0ac8180e60a9d9b)
  | stage-cohort: SRR5946973_2.fastq.gz present (md5 498149dca53d12c45d88fbe16a2ab94b)
  | stage-cohort: SRR5946985_1.fastq.gz present (md5 a36a9f6dd9a4d02a07e755df0c633a4d)
  | stage-cohort: SRR5946985_2.fastq.gz present (md5 eef1893bc03e012803c67eaa72e5299e)
  | stage-cohort: SRR5946997_2.fastq.gz present (md5 e3ba68a559b64dd1f33544ae90db93e9)
  | stage-cohort: SRR5946997_1.fastq.gz present (md5 f93e39cbc0bdbb543b4594b5882adee0)
  | stage-cohort: SRR5947009_1.fastq.gz present (md5 70827aca58031dc7f2d6a3c33f24e271)
  | stage-cohort: SRR5947021_1.fastq.gz present (md5 d535162974dc930634a1e85ea16a612e)
  | stage-cohort: SRR5947009_2.fastq.gz present (md5 c319dba7b80f4af19ee2c4af7bb765ff)
  | stage-cohort: SRR5947021_2.fastq.gz present (md5 c3b5a6577b213b07dd06fba1cd9af5b8)
  | stage-cohort: SRR5947033_2.fastq.gz present (md5 96a3898e0698cf722a261e6dc381c6e1)
  | stage-cohort: SRR5947045_1.fastq.gz present (md5 9a388d7b75de45fdb0d0fc4982fd93e3)
  | stage-cohort: SRR5947033_1.fastq.gz present (md5 8b362e94bee1497dbd5a34fb4e36529f)
  | stage-cohort: SRR5947045_2.fastq.gz present (md5 cca7dad93bcae371f202fec1c8a55c5d)
  | stage-cohort: SRR5947057_1.fastq.gz present (md5 5ea79e5727845745df5c5511e712bf60)
  | stage-cohort: SRR5947057_2.fastq.gz present (md5 e9177f58f465a627c1b60e8f7fa05155)
  | stage-cohort: SRR5947069_1.fastq.gz present (md5 a56a711ad8138430fc755781423b62bd)
  | stage-cohort: SRR5947069_2.fastq.gz present (md5 991100f0db627f5725c7eced4b9414ae)
  | stage-cohort: SRR5947093_2.fastq.gz present (md5 f14f972ccb89b8d09ec630d5b99ff0df)
  | stage-cohort: SRR5947093_1.fastq.gz present (md5 d9a9b36353fd033fceedbc247956337d)
  | stage-cohort: SRR5947081_1.fastq.gz staged (946554408 bytes, md5 749f910a61b93fee1d8b3d4c16270823, sha256 f8602d2ca4af6f77d3f8df1eb2f148bf8cdb211be33f63f1e37a5e116fbce868) at 2026-10-08T05:50:19Z
  | stage-cohort: SRR5947081_2.fastq.gz staged (953201589 bytes, md5 81747c8081cd78ec6bccd8d67b595cd9, sha256 4f6dff1ed102bddf2a09a9f4945bf6f4dfcc5ad3d83705aac0e357c26f8e4103) at 2026-10-08T05:50:32Z
  | s3://aws-kraken2-942542972736-us-west-2/aws-kraken2/data/cohort/
  | ak2: [2026-10-08T05:50:33Z] stage-cohort: 2 files fetched and staged, 162 present
  | ak2-phase	2026-10-08T05:50:33Z	1791438633	push	no
  | ak2: [2026-10-08T05:50:33Z] pushed out/stage.log
  | ak2: [2026-10-08T05:50:34Z] pushed out/staged.tsv
  | ak2: [2026-10-08T05:50:34Z] stage-cohort rc=0
  | ak2: [2026-10-08T05:50:34Z] spec body exit rc=0
  | ak2-phase	2026-10-08T05:50:34Z	1791438634	end	no
make run: tag-objects: s3://aws-kraken2-942542972736-us-west-2/aws-kraken2/g3/20261008-054457-805d7a2-7357-n12-r6/: 9 objects, 8 tagged now, 1 already tagged, 0 failed
make run: run dir: results/g3/20261008-054457-805d7a2-7357-n12-r6  (task exit 0, state terminated, cost $0.007644)
orphans: other live ak2 instances (concurrent runs; informational, not this run's):
  us-west-2	i-08824d9960345169f	running	x8g.8xlarge	2026-10-08T05:43:17+00:00	ak2-g3-20261008-054306-1a4dbfe-8ea3-n4-r0	ttl=60m	within TTL
  us-west-2	i-0dfb460d428694d0e	running	c8g.large	2026-10-08T05:45:09+00:00	ak2-g3-20261008-054457-805d7a2-7357-n12-r2	ttl=4h	within TTL
  us-west-2	i-0e814278362045a51	running	c8g.16xlarge	2026-10-08T05:43:35+00:00	ak2-g3-20261008-054327-1a4dbfe-0536-n16-r0	ttl=60m	within TTL
  us-west-2	i-0b010d33399e85695	running	c8g.16xlarge	2026-10-08T05:43:56+00:00	ak2-g3-20261008-054327-1a4dbfe-0536-n16-r10	ttl=60m	within TTL
  us-west-2	i-0d969d4c4bc34cdf1	running	c8g.16xlarge	2026-10-08T05:43:40+00:00	ak2-g3-20261008-054327-1a4dbfe-0536-n16-r2	ttl=60m	within TTL
  us-west-2	i-07e400a56b844c1ed	running	c8g.16xlarge	2026-10-08T05:44:02+00:00	ak2-g3-20261008-054327-1a4dbfe-0536-n16-r13	ttl=60m	within TTL
  us-west-2	i-09506ef288adb5d51	running	c8g.16xlarge	2026-10-08T05:44:07+00:00	ak2-g3-20261008-054327-1a4dbfe-0536-n16-r15	ttl=60m	within TTL
  us-west-2	i-039c69cf575e28826	running	c8g.large	2026-10-08T05:45:19+00:00	ak2-g3-20261008-054457-805d7a2-7357-n12-r7	ttl=4h	within TTL
  us-west-2	i-0e7f9701d24a4e4b9	running	c8g.16xlarge	2026-10-08T05:43:46+00:00	ak2-g3-20261008-054327-1a4dbfe-0536-n16-r5	ttl=60m	within TTL
  us-west-2	i-04a2917ebbdec9c18	running	c8g.16xlarge	2026-10-08T05:43:54+00:00	ak2-g3-20261008-054327-1a4dbfe-0536-n16-r9	ttl=60m	within TTL
  us-west-2	i-0c9f32453a685b9fe	running	c8g.16xlarge	2026-10-08T05:43:42+00:00	ak2-g3-20261008-054327-1a4dbfe-0536-n16-r3	ttl=60m	within TTL
  us-west-2	i-0ee5374f3668134b9	running	c8g.16xlarge	2026-10-08T05:44:05+00:00	ak2-g3-20261008-054327-1a4dbfe-0536-n16-r14	ttl=60m	within TTL
  us-west-2	i-0e2cfec7710fe8f7e	running	c8g.16xlarge	2026-10-08T05:44:01+00:00	ak2-g3-20261008-054327-1a4dbfe-0536-n16-r12	ttl=60m	within TTL
  us-west-2	i-05c62a2767abff068	running	c8g.16xlarge	2026-10-08T05:43:44+00:00	ak2-g3-20261008-054327-1a4dbfe-0536-n16-r4	ttl=60m	within TTL
  us-west-2	i-09df2bf2b12cc67f0	running	c8g.large	2026-10-08T05:45:27+00:00	ak2-g3-20261008-054457-805d7a2-7357-n12-r11	ttl=4h	within TTL
  us-west-2	i-08873d738233955bb	running	c8g.16xlarge	2026-10-08T05:43:50+00:00	ak2-g3-20261008-054327-1a4dbfe-0536-n16-r7	ttl=60m	within TTL
  us-west-2	i-091e369b1bef67147	running	r8gd.16xlarge	2026-10-08T05:09:08+00:00	ak2-g3-20261008-050900-9c4a5c7	ttl=120m	within TTL
  us-west-2	i-01e4f4adc84cd50f9	running	c8g.16xlarge	2026-10-08T05:43:58+00:00	ak2-g3-20261008-054327-1a4dbfe-0536-n16-r11	ttl=60m	within TTL
  us-west-2	i-04e5d3ee15efc55cd	running	c8g.16xlarge	2026-10-08T05:43:53+00:00	ak2-g3-20261008-054327-1a4dbfe-0536-n16-r8	ttl=60m	within TTL
  us-west-2	i-0e96eaa7bd23dd1f3	running	c8g.16xlarge	2026-10-08T05:43:48+00:00	ak2-g3-20261008-054327-1a4dbfe-0536-n16-r6	ttl=60m	within TTL
  us-west-2	i-0fc1dfeb17b781bd6	running	c8g.16xlarge	2026-10-08T05:43:38+00:00	ak2-g3-20261008-054327-1a4dbfe-0536-n16-r1	ttl=60m	within TTL
  us-west-2	i-000187921ca0a2bea	running	c8g.large	2026-10-08T05:45:11+00:00	ak2-g3-20261008-054457-805d7a2-7357-n12-r3	ttl=4h	within TTL
  us-west-2	i-094cfba0b82a06210	running	x8g.8xlarge	2026-10-08T05:43:21+00:00	ak2-g3-20261008-054306-1a4dbfe-8ea3-n4-r3	ttl=60m	within TTL
  us-west-2	i-051a0e8e2b31d47a5	running	x8g.8xlarge	2026-10-08T05:43:17+00:00	ak2-g3-20261008-054306-1a4dbfe-8ea3-n4-r1	ttl=60m	within TTL
  us-west-2	i-0c576ebbdf04e57e6	running	x8g.8xlarge	2026-10-08T05:43:19+00:00	ak2-g3-20261008-054306-1a4dbfe-8ea3-n4-r2	ttl=60m	within TTL
orphans: this run's instance(s) and task ak2-g3-20261008-054457-805d7a2-7357-n12-r6 are gone (18 regions checked)
