make run: bucket aws-kraken2-942542972736-us-west-2 is in us-west-2
make run: run 20261008-054457-805d7a2-7357-n12-r3  task ak2-g3-20261008-054457-805d7a2-7357-n12-r3  ->  s3://aws-kraken2-942542972736-us-west-2/aws-kraken2/g3/20261008-054457-805d7a2-7357-n12-r3
make run: user data: 12273 of 16384 bytes after base64 decoding (refuse above 15360)
make run: plan: Instance: c8g.large (0 vCPU, 0 GiB)
make run: launched i-000187921ca0a2bea (c8g.large) in us-west-2
  | ak2: log tee up
  | ak2-phase	2026-10-08T05:45:23Z	1791438323	preamble	no
  | ak2: [2026-10-08T05:45:23Z] inherited $-=hBc (stub, as spawn started it: $-=hBc)
  | ak2: [2026-10-08T05:45:23Z] after set +e $-=hBc
  | ak2: [2026-10-08T05:45:23Z] gate=g3 run=20261008-054457-805d7a2-7357-n12-r3
  | ak2: [2026-10-08T05:45:23Z] aws shim installed and self-tested (/tmp/ak2-bin/aws -> /usr/bin/aws)
  | ak2: [2026-10-08T05:45:23Z] imds region=us-west-2 az=us-west-2a instance=i-000187921ca0a2bea type=c8g.large ami=ami-09325776a00699513
  | ak2: [2026-10-08T05:45:23Z] bucket aws-kraken2-942542972736-us-west-2 region=us-west-2
  | ak2: [2026-10-08T05:45:24Z] bucket aws-kraken2-942542972736-us-west-2 payer=UNKNOWN
  | ak2: [2026-10-08T05:45:24Z] WARN: could not read Payer of aws-kraken2-942542972736-us-west-2 from the instance (launch host verified it)
  | ak2: [2026-10-08T05:45:24Z] region assert passed
  | ak2: [2026-10-08T05:45:24Z] drop_caches_ok=true
  | ak2: [2026-10-08T05:45:24Z] preamble done; spec body starts
  | ak2-phase	2026-10-08T05:45:24Z	1791438324	body	no
  | ak2-phase	2026-10-08T05:45:24Z	1791438324	setup	no
  | ak2: [2026-10-08T05:45:42Z] checkout 805d7a2; nproc 2; disk /dev/nvme0n1p1 40G 2.5G 38G 7% /; slice 3 of 12, ranks 11..1000
  | ak2-phase	2026-10-08T05:45:42Z	1791438342	stage	no
  | stage-cohort: shell flags huB (on instance: 1)
  | stage-cohort: ranks 11..1000, every 12th from offset 3; 6 files at once, 4 ranges each
  | stage-cohort: SRR5935777_2.fastq.gz present (md5 eb972e35b7c503044542008fd0246ca2)
  | stage-cohort: SRR5935765_2.fastq.gz present (md5 1b1b4732bc89ca17dc6c5b66d5fbfbe2)
  | stage-cohort: SRR5935765_1.fastq.gz present (md5 07643b37714a1c5ce21f1d2e2eb88b3c)
  | stage-cohort: SRR5935753_1.fastq.gz present (md5 be8fdd934e5de8a17b8a09ccca8f9e6e)
  | stage-cohort: SRR5935777_1.fastq.gz present (md5 cf02a6edab08fd3d707f99e476240016)
  | stage-cohort: SRR5935753_2.fastq.gz present (md5 8784706ab2a8fa5efbc440072a98c5c4)
  | stage-cohort: SRR5935789_2.fastq.gz present (md5 b7d8c000d983ae5900bbf739af523e1a)
  | stage-cohort: SRR5935789_1.fastq.gz present (md5 b5867c80c3c221a1d96fa579315a1be3)
  | stage-cohort: SRR5935813_2.fastq.gz present (md5 879510aeaeb28654e8a8af90eda94a02)
  | stage-cohort: SRR5935801_2.fastq.gz present (md5 9deabea2772703319c0fe4ec48f42724)
  | stage-cohort: SRR5935801_1.fastq.gz present (md5 83dd527fb465ba2ac90d6611095b3e05)
  | stage-cohort: SRR5935813_1.fastq.gz present (md5 9a2b1b5b9eb43d8d7627ff4178047bf7)
  | stage-cohort: SRR5935837_2.fastq.gz present (md5 9b24348db87ee434457675cb0e157814)
  | stage-cohort: SRR5935825_1.fastq.gz present (md5 cd633ca5d5ec3ae634429e2bb001cd1d)
  | stage-cohort: SRR5935837_1.fastq.gz present (md5 3beca0ad8c834b4e3f3dfa5347f3897b)
  | stage-cohort: SRR5935825_2.fastq.gz present (md5 c4bd17b6f5a245f4ad9904a42c33d00f)
  | stage-cohort: SRR5935849_1.fastq.gz present (md5 714379138964ad2afd35eda2d203401e)
  | stage-cohort: SRR5935849_2.fastq.gz present (md5 b06dfffef28c3e0ace2d646520cb6015)
  | stage-cohort: SRR5935861_2.fastq.gz present (md5 c9dc9b767d0044fbd2ebba6120760ea8)
  | stage-cohort: SRR5935861_1.fastq.gz present (md5 7a1a9a04c000afd081616d3f9dbe63f2)
  | stage-cohort: SRR5935873_1.fastq.gz present (md5 566a2d2fc1af2f1d8ecc165aea5eafcf)
  | stage-cohort: SRR5935885_1.fastq.gz present (md5 5160cb9378159d06890f29563141e1cd)
  | stage-cohort: SRR5935873_2.fastq.gz present (md5 29de626c27633431685f9dbf1aa0cb42)
  | stage-cohort: SRR5935885_2.fastq.gz present (md5 3a4f38334e6c182aa15ee78af11e0d78)
  | stage-cohort: SRR5935897_1.fastq.gz present (md5 a1ae996b4134e30c8f39d5182a4b5103)
  | stage-cohort: SRR5935897_2.fastq.gz present (md5 d62f2e974eecb9695cce1936f0c2cd5f)
  | stage-cohort: SRR5935909_1.fastq.gz present (md5 9b9356f5ff2e5c651253c3fb8f251693)
  | stage-cohort: SRR5935921_1.fastq.gz present (md5 12043088b364b66400e53106e531f04d)
  | stage-cohort: SRR5935909_2.fastq.gz present (md5 be2a6efc2312cf4d8330f523d329e868)
  | stage-cohort: SRR5935921_2.fastq.gz present (md5 d22ddd66725714ef757369d91934cbf4)
  | stage-cohort: SRR5935933_1.fastq.gz present (md5 491352ec24f3c7dedbc3720574891838)
  | stage-cohort: SRR5935933_2.fastq.gz present (md5 59766f4cb6b6edfbbee2d43bc81c32b4)
  | stage-cohort: SRR5935957_1.fastq.gz present (md5 d0f6775dbfe5079d73afc336696c204a)
  | stage-cohort: SRR5935945_1.fastq.gz present (md5 8791a427cec2fbe04b30178f24103933)
  | stage-cohort: SRR5935945_2.fastq.gz present (md5 dcde15a9a2e6fb05f1d600cc6b63c7f1)
  | stage-cohort: SRR5935957_2.fastq.gz present (md5 861f5c7af6c23462890702dd88003982)
  | stage-cohort: SRR5935969_1.fastq.gz present (md5 79137f8877acf96c04d59569f27bc826)
  | stage-cohort: SRR5935969_2.fastq.gz present (md5 4b62b956d503deb14aec51acff0e0ef2)
  | stage-cohort: SRR5935981_1.fastq.gz present (md5 ab83ea42a34b5200c68f9e52472affb9)
  | stage-cohort: SRR5935981_2.fastq.gz present (md5 78beb8255587defa57648000cc8c2b44)
  | stage-cohort: SRR5935993_1.fastq.gz present (md5 4b4b1855e227bccf8c83a3dc271a7158)
  | stage-cohort: SRR5935993_2.fastq.gz present (md5 9305c5dd381f78c0c354edc00f668685)
  | stage-cohort: SRR5936005_1.fastq.gz present (md5 6ee1c912dd0a49563435afe085c54148)
  | stage-cohort: SRR5936005_2.fastq.gz present (md5 b2fcc2daab29aa325eb2dd0e4c927b22)
  | stage-cohort: SRR5936017_1.fastq.gz present (md5 4d3e1ace99249a320b82a2e6e01987fa)
  | stage-cohort: SRR5936017_2.fastq.gz present (md5 159198200fb26526c37df9104a154b57)
  | stage-cohort: SRR5936029_1.fastq.gz present (md5 0ae9f79a7026b1c1b4cef52974cf07c8)
  | stage-cohort: SRR5936029_2.fastq.gz present (md5 ee0d794414e5620c8d9179971696c59e)
  | stage-cohort: SRR5936041_1.fastq.gz present (md5 d351ce342d86b53d0ae4a7258867beee)
  | stage-cohort: SRR5936041_2.fastq.gz present (md5 88f985f76f5bc12821c2627a009960c0)
  | stage-cohort: SRR5936053_2.fastq.gz present (md5 bc057d92963cdad6f8aaa5823b19f41c)
  | stage-cohort: SRR5936053_1.fastq.gz present (md5 91bc78bc88bfc4c17608ede30463d39f)
  | stage-cohort: SRR5936065_1.fastq.gz present (md5 3651f60f8350ba596ae36e4d95fdb47e)
  | stage-cohort: SRR5936065_2.fastq.gz present (md5 d257574551001390e984400594c78995)
  | stage-cohort: SRR5936077_2.fastq.gz present (md5 10599bd6dcc4a8336e2d1fce7ebdc01c)
  | stage-cohort: SRR5936077_1.fastq.gz present (md5 47bdc7827f08671a16dfdbbe06211302)
  | stage-cohort: SRR5936101_1.fastq.gz present (md5 a0eb1cd580b92944d3cdb661a08e16c4)
  | stage-cohort: SRR5936089_1.fastq.gz present (md5 c68dceae614cba5e3693cbb29dacd74e)
  | stage-cohort: SRR5936089_2.fastq.gz present (md5 aa8ce02c7649f1df4e497791a9b3b9e3)
  | stage-cohort: SRR5936101_2.fastq.gz present (md5 66119f2778acba3d3375eff79817e45c)
  | stage-cohort: SRR5936113_1.fastq.gz present (md5 127ddf69fa51bc746f567b674e7cc84b)
  | stage-cohort: SRR5936113_2.fastq.gz present (md5 9ee05c576f92a96334ea8cfcbf3212bd)
  | stage-cohort: SRR5936125_1.fastq.gz present (md5 4880ddc3ff9386217c71686fef13cc6d)
  | stage-cohort: SRR5936125_2.fastq.gz present (md5 6bac31a1cf262123d0663737d1babb1a)
  | stage-cohort: SRR5936137_1.fastq.gz present (md5 177ab874ea0dd66c68780841a4e883ac)
  | stage-cohort: SRR5936137_2.fastq.gz present (md5 6cd991802fef6c89029d2088bdd8a224)
  | stage-cohort: SRR5936149_2.fastq.gz present (md5 cec3fef8814a42b9587cdf1a3976ff62)
  | stage-cohort: SRR5936149_1.fastq.gz present (md5 97382cedac1c1f6c8ebca978e5e2b018)
  | stage-cohort: SRR5936161_1.fastq.gz present (md5 d6655571453610c717a8e90ba339c9e0)
  | stage-cohort: SRR5936161_2.fastq.gz present (md5 eaba20e273e3f7f46401328b281a567c)
  | stage-cohort: SRR5936173_1.fastq.gz present (md5 fd0302e08076c849eb12ee86d3a72560)
  | stage-cohort: SRR5936173_2.fastq.gz present (md5 4e0d92ed19d1c84629d75364202efcf2)
  | stage-cohort: SRR5936185_2.fastq.gz present (md5 3b0fbf6dea7da960e279a03d1fd2ac0b)
  | stage-cohort: SRR5936185_1.fastq.gz present (md5 42d6c4c6962fbc1e6e758f6a0d76229a)
  | stage-cohort: SRR5936197_1.fastq.gz present (md5 7d97caaa4f0f6f9ec29fb8d092e99dac)
  | stage-cohort: SRR5936209_1.fastq.gz present (md5 b5c8b1b73235bea3d128cb5dbebee30a)
  | stage-cohort: SRR5936197_2.fastq.gz present (md5 c185ad46c2bb1956236680f3346691ec)
  | stage-cohort: SRR5936209_2.fastq.gz present (md5 b6ceceb9278ad6f238deb4a8508e02a1)
  | stage-cohort: SRR5936221_2.fastq.gz present (md5 ef97dd37d7b46396df95f55896dac27d)
  | stage-cohort: SRR5936233_1.fastq.gz present (md5 7983e9a0e77ac8f5c505ba9625023de9)
  | stage-cohort: SRR5936221_1.fastq.gz present (md5 09828ba64976ebb54d068f6c92afc972)
  | stage-cohort: SRR5936233_2.fastq.gz present (md5 d964f3bf322ccd9c106ad90735c2066a)
  | stage-cohort: SRR5946610_1.fastq.gz present (md5 add4335d4a26885b692f5d8de516645d)
  | stage-cohort: SRR5946622_1.fastq.gz present (md5 4b1c6d3bbe23e6f5d01af8e9b84b44ef)
  | stage-cohort: SRR5946610_2.fastq.gz present (md5 18edd7cabe854a2e5832f7c3385753bd)
  | stage-cohort: SRR5946634_1.fastq.gz present (md5 cece23a441a9c49b49e449f2805320c4)
  | stage-cohort: SRR5946622_2.fastq.gz present (md5 4b752335dd02c550b1a994cb3d029f0d)
  | stage-cohort: SRR5946634_2.fastq.gz present (md5 3b9b963b1d43f62b32613f8fbac8bf82)
  | stage-cohort: SRR5946646_1.fastq.gz present (md5 95e09c782f661738621794196d6440da)
  | stage-cohort: SRR5946646_2.fastq.gz present (md5 1288e565ada839119271878deb88f293)
  | stage-cohort: SRR5946658_1.fastq.gz present (md5 ce749a90459ba00f24a624a55797b8fa)
  | stage-cohort: SRR5946670_1.fastq.gz present (md5 757137c006a4fdc661bc19ae4992c669)
  | stage-cohort: SRR5946658_2.fastq.gz present (md5 4848ac95a7ff6ba6c8a02d3a0914add5)
  | stage-cohort: SRR5946670_2.fastq.gz present (md5 9cd1bcffb30af049f8aa2b4cdcbd6001)
  | stage-cohort: SRR5946682_1.fastq.gz present (md5 9e8b0f8d45eac6610b6f5d205bb48987)
  | stage-cohort: SRR5946694_1.fastq.gz present (md5 34115991c937766c7b2d87434446837e)
  | stage-cohort: SRR5946682_2.fastq.gz present (md5 c0766a45718e2d7c0528de7c93a2f6d0)
  | stage-cohort: SRR5946706_1.fastq.gz present (md5 58ba9f617e30ae920ffff590e2ce74d6)
  | stage-cohort: SRR5946694_2.fastq.gz present (md5 6f690871476de47c36131f8e3b4f8ff3)
  | stage-cohort: SRR5946730_1.fastq.gz present (md5 ed92f56e54983eda60dc3f68e5c6f7bc)
  | stage-cohort: SRR5946706_2.fastq.gz present (md5 2a87d0ab1918214c0943e660960289aa)
  | stage-cohort: SRR5946718_1.fastq.gz present (md5 15734301dbe320523e44a9a34b791c3f)
  | stage-cohort: SRR5946730_2.fastq.gz present (md5 7eb9a50721e49e5b75c17c9c95dae7ac)
  | stage-cohort: SRR5946718_2.fastq.gz present (md5 75e7bfadd497e3bf208a2eeb72491996)
  | stage-cohort: SRR5946742_1.fastq.gz present (md5 284bd719cf2b90942f04b0549fc4dcaa)
  | stage-cohort: SRR5946754_1.fastq.gz present (md5 043328fb5ca8465eb8518acaca0e3374)
  | stage-cohort: SRR5946742_2.fastq.gz present (md5 5da431b695761fb9bb8ff95deaa5e9b2)
  | stage-cohort: SRR5946754_2.fastq.gz present (md5 e7d0fb0d3bc547d92af30e029d1738a9)
  | stage-cohort: SRR5946766_1.fastq.gz present (md5 b6a8138e83794422719b2d92f3787bc8)
  | stage-cohort: SRR5946766_2.fastq.gz present (md5 1ee4aae236991f5dc3caedb4c409e5cd)
  | stage-cohort: SRR5946778_1.fastq.gz present (md5 e08c2a259f73c4e4c098276d5dde3742)
  | stage-cohort: SRR5946802_1.fastq.gz present (md5 12f8ba7c7b13acf53831533885038291)
  | stage-cohort: SRR5946778_2.fastq.gz present (md5 3c868b1039f4d714e310a61ee1299297)
  | stage-cohort: SRR5946790_1.fastq.gz present (md5 8ffe7e5ed09a8de849622a124c9f41a7)
  | stage-cohort: SRR5946790_2.fastq.gz present (md5 dbcc67920fa2089ae4e74796b4758db7)
  | stage-cohort: SRR5946802_2.fastq.gz present (md5 bddfd86775d57c3a37ad6e7b8fbb9ced)
  | stage-cohort: SRR5946814_1.fastq.gz present (md5 cecc7fadbd889c47ac91ab5c642fa9ac)
  | stage-cohort: SRR5946826_1.fastq.gz present (md5 d834eeb1659ac192c9731611dd8d3740)
  | stage-cohort: SRR5946826_2.fastq.gz present (md5 2a250c23ea74a38bf085bf7c397ec4e2)
  | stage-cohort: SRR5946814_2.fastq.gz present (md5 5f1aff483e2a137e4f657ddd29c53e30)
  | stage-cohort: SRR5946838_2.fastq.gz present (md5 417f54edf6a41da35afae9345b3876c1)
  | stage-cohort: SRR5946838_1.fastq.gz present (md5 9bec1c56acb35deee29ceca5af8ef359)
  | stage-cohort: SRR5946850_1.fastq.gz present (md5 bd438282c4eed6f8e4006456a7c5409b)
  | stage-cohort: SRR5946862_2.fastq.gz present (md5 24264834e243987039c44108e1efdcb5)
  | stage-cohort: SRR5946874_2.fastq.gz present (md5 532c3535cea39d1eb5076bf83501b480)
  | stage-cohort: SRR5946850_2.fastq.gz present (md5 d598e84f7312cc240788cf042b3623c9)
  | stage-cohort: SRR5946862_1.fastq.gz present (md5 dd3c7dc0bbe1dfb88f2df6b7d389b2cd)
  | stage-cohort: SRR5946874_1.fastq.gz present (md5 d211f3af0929c5b09c4ea9f74cea8e62)
  | stage-cohort: SRR5946886_1.fastq.gz present (md5 d26c9214650a0ed33f007a4796283a7e)
  | stage-cohort: SRR5946898_1.fastq.gz present (md5 3963e26cc98e67ae93dcb59653aa5a8f)
  | stage-cohort: SRR5946886_2.fastq.gz present (md5 4b478f1fab1b55ac361b7db25681a073)
  | stage-cohort: SRR5946910_2.fastq.gz present (md5 1e44100d2547fbe03dc328d9e6f4481c)
  | stage-cohort: SRR5946898_2.fastq.gz present (md5 a3d4d30ebdc28b57e001b1a1fcc72b5a)
  | stage-cohort: SRR5946910_1.fastq.gz present (md5 37ce5ded4c45aba4350934c5ff227259)
  | stage-cohort: SRR5946922_1.fastq.gz present (md5 d95de178f221bd797ac854e283cc013e)
  | stage-cohort: SRR5946922_2.fastq.gz present (md5 df6637549ec42af802bbcfb6526a4c11)
  | stage-cohort: SRR5946934_2.fastq.gz present (md5 3a6f042329a041b6c04f694964510598)
  | stage-cohort: SRR5946934_1.fastq.gz present (md5 f4e8c842aec384402d43e8fa2bbced71)
  | stage-cohort: SRR5946946_2.fastq.gz present (md5 b3ef8a605d4a6ce8eb0a4562320eef2a)
  | stage-cohort: SRR5946946_1.fastq.gz present (md5 b9fbb9dd64ca0a61aeedc5de8932daa2)
  | stage-cohort: SRR5946958_1.fastq.gz present (md5 225ae7b34ce1695b424fee08a936bfb5)
  | stage-cohort: SRR5946958_2.fastq.gz present (md5 60e55a5a1ee901c610d295fdc3e53518)
  | stage-cohort: SRR5946970_1.fastq.gz present (md5 dafb7916a42b265950e4eb8ba1b7f4df)
  | stage-cohort: SRR5946982_1.fastq.gz present (md5 56c811caa299ee9fa469e12ec359d94e)
  | stage-cohort: SRR5946970_2.fastq.gz present (md5 04ee10e8ba932ad40f6d1a4fab6c684b)
  | stage-cohort: SRR5946982_2.fastq.gz present (md5 1606dafe9b8e5b09830e0be4f923c812)
  | stage-cohort: SRR5946994_2.fastq.gz present (md5 48cb217bab59d117dac29e9d1a2379b8)
  | stage-cohort: SRR5946994_1.fastq.gz present (md5 96c95f6236d09b55e29954e6b6fa0a69)
  | stage-cohort: SRR5947006_1.fastq.gz present (md5 4494873788a9616d9bdcc385d7c7ffb6)
  | stage-cohort: SRR5947018_2.fastq.gz present (md5 7094cb874723439d174ee8f07fcea067)
  | stage-cohort: SRR5947006_2.fastq.gz present (md5 f7a74e1589cd742b90f47d3ef05139b6)
  | stage-cohort: SRR5947018_1.fastq.gz present (md5 866c2f680008df364885515e64dc0ed3)
  | stage-cohort: SRR5947030_1.fastq.gz present (md5 063f465ebbdc62693ea65c92fbc1e0a6)
  | stage-cohort: SRR5947030_2.fastq.gz present (md5 157aefc6746c433281bc490979b595f4)
  | stage-cohort: SRR5947042_1.fastq.gz present (md5 4f4c7eca9ff008553e9f98cc7b5e7bc7)
  | stage-cohort: SRR5947054_1.fastq.gz present (md5 3b27bf9e88be78651a0b8b3d30055fd1)
  | stage-cohort: SRR5947042_2.fastq.gz present (md5 edb8dbe6d7e240cf47e6e08cecd3bd71)
  | stage-cohort: SRR5947054_2.fastq.gz present (md5 7b115a9c4af214e53feb74eeb15d8812)
  | stage-cohort: SRR5947066_1.fastq.gz staged (334848524 bytes, md5 a36c465eb64790d96ced25316c8b5c3f, sha256 24dd0ef52a18ac9293f1c4da34efcc522945e51aca5370e8d8756bcb0a1e5473) at 2026-10-08T05:47:36Z
  | stage-cohort: SRR5947066_2.fastq.gz staged (336539148 bytes, md5 774adba2cc6b275b1670ed801a86a6ee, sha256 a0be5cbfda2f406c8e85958519fc48fe6a3de85d5a4fa8e8049e142311c450c8) at 2026-10-08T05:49:03Z
  | stage-cohort: SRR5947090_2.fastq.gz staged (797287904 bytes, md5 3106a0141d7df1551b404136368f1173, sha256 7503544c54c73b466bf69aa3c72277f4ce1e7e275b14c762382d155664432b2d) at 2026-10-08T05:49:34Z
  | stage-cohort: SRR5947102_1.fastq.gz staged (449149258 bytes, md5 00f25ac1c5eed2830246878b49e46341, sha256 a94c98f9f08d9d43a9334e44ded98fe9d8f98117ef6149fbed5e7d82685569c7) at 2026-10-08T05:49:35Z
  | stage-cohort: SRR5947090_1.fastq.gz staged (794350399 bytes, md5 5a39633305e5eedad888e9a682f5993f, sha256 1cd6ac37c626e314383bb1781eababd5b991ad0e21e651432c1c67e6840b14b3) at 2026-10-08T05:49:44Z
  | stage-cohort: SRR5947078_2.fastq.gz staged (927366447 bytes, md5 3e6dbea22c3c3dac45621c918f19f193, sha256 a4da792446a2d2c77cacdcdd7992242f6042c81bfeb67eef28d0ba1654188747) at 2026-10-08T05:50:03Z
  | stage-cohort: SRR5947078_1.fastq.gz staged (927528751 bytes, md5 4f1e5f2567a13eda1516e29c9d95bc4d, sha256 462a96806bffabdab31fc5f95ad1f8b4c0c2c2436bcff3531a51e749b9309cb4) at 2026-10-08T05:50:10Z
  | stage-cohort: SRR5947102_2.fastq.gz staged (458195347 bytes, md5 bb2c44cc5ed87ac06dd069c64cddea6f, sha256 aafe6ca2d33043e5e00d3893b060b041e43e345266ea50d01bfbc11d077ded3f) at 2026-10-08T05:51:59Z
  | s3://aws-kraken2-942542972736-us-west-2/aws-kraken2/data/cohort/
  | ak2: [2026-10-08T05:52:00Z] stage-cohort: 8 files fetched and staged, 158 present
  | ak2-phase	2026-10-08T05:52:00Z	1791438720	push	no
  | ak2: [2026-10-08T05:52:00Z] pushed out/stage.log
  | ak2: [2026-10-08T05:52:01Z] pushed out/staged.tsv
  | ak2: [2026-10-08T05:52:01Z] stage-cohort rc=0
  | ak2: [2026-10-08T05:52:01Z] spec body exit rc=0
  | ak2-phase	2026-10-08T05:52:01Z	1791438721	end	no
make run: tag-objects: s3://aws-kraken2-942542972736-us-west-2/aws-kraken2/g3/20261008-054457-805d7a2-7357-n12-r3/: 9 objects, 8 tagged now, 1 already tagged, 0 failed
make run: run dir: results/g3/20261008-054457-805d7a2-7357-n12-r3  (task exit 0, state terminated, cost $0.010302)
orphans: other live ak2 instances (concurrent runs; informational, not this run's):
  us-west-2	i-08824d9960345169f	running	x8g.8xlarge	2026-10-08T05:43:17+00:00	ak2-g3-20261008-054306-1a4dbfe-8ea3-n4-r0	ttl=60m	within TTL
  us-west-2	i-0e814278362045a51	running	c8g.16xlarge	2026-10-08T05:43:35+00:00	ak2-g3-20261008-054327-1a4dbfe-0536-n16-r0	ttl=60m	within TTL
  us-west-2	i-0b010d33399e85695	running	c8g.16xlarge	2026-10-08T05:43:56+00:00	ak2-g3-20261008-054327-1a4dbfe-0536-n16-r10	ttl=60m	within TTL
  us-west-2	i-0d969d4c4bc34cdf1	running	c8g.16xlarge	2026-10-08T05:43:40+00:00	ak2-g3-20261008-054327-1a4dbfe-0536-n16-r2	ttl=60m	within TTL
  us-west-2	i-07e400a56b844c1ed	running	c8g.16xlarge	2026-10-08T05:44:02+00:00	ak2-g3-20261008-054327-1a4dbfe-0536-n16-r13	ttl=60m	within TTL
  us-west-2	i-09506ef288adb5d51	running	c8g.16xlarge	2026-10-08T05:44:07+00:00	ak2-g3-20261008-054327-1a4dbfe-0536-n16-r15	ttl=60m	within TTL
  us-west-2	i-039c69cf575e28826	shutting-down	c8g.large	2026-10-08T05:45:19+00:00	ak2-g3-20261008-054457-805d7a2-7357-n12-r7	ttl=4h	within TTL
  us-west-2	i-0e7f9701d24a4e4b9	running	c8g.16xlarge	2026-10-08T05:43:46+00:00	ak2-g3-20261008-054327-1a4dbfe-0536-n16-r5	ttl=60m	within TTL
  us-west-2	i-04a2917ebbdec9c18	running	c8g.16xlarge	2026-10-08T05:43:54+00:00	ak2-g3-20261008-054327-1a4dbfe-0536-n16-r9	ttl=60m	within TTL
  us-west-2	i-0c9f32453a685b9fe	running	c8g.16xlarge	2026-10-08T05:43:42+00:00	ak2-g3-20261008-054327-1a4dbfe-0536-n16-r3	ttl=60m	within TTL
  us-west-2	i-0ee5374f3668134b9	running	c8g.16xlarge	2026-10-08T05:44:05+00:00	ak2-g3-20261008-054327-1a4dbfe-0536-n16-r14	ttl=60m	within TTL
  us-west-2	i-0e2cfec7710fe8f7e	running	c8g.16xlarge	2026-10-08T05:44:01+00:00	ak2-g3-20261008-054327-1a4dbfe-0536-n16-r12	ttl=60m	within TTL
  us-west-2	i-05c62a2767abff068	running	c8g.16xlarge	2026-10-08T05:43:44+00:00	ak2-g3-20261008-054327-1a4dbfe-0536-n16-r4	ttl=60m	within TTL
  us-west-2	i-08873d738233955bb	running	c8g.16xlarge	2026-10-08T05:43:50+00:00	ak2-g3-20261008-054327-1a4dbfe-0536-n16-r7	ttl=60m	within TTL
  us-west-2	i-091e369b1bef67147	running	r8gd.16xlarge	2026-10-08T05:09:08+00:00	ak2-g3-20261008-050900-9c4a5c7	ttl=120m	within TTL
  us-west-2	i-01e4f4adc84cd50f9	running	c8g.16xlarge	2026-10-08T05:43:58+00:00	ak2-g3-20261008-054327-1a4dbfe-0536-n16-r11	ttl=60m	within TTL
  us-west-2	i-04e5d3ee15efc55cd	running	c8g.16xlarge	2026-10-08T05:43:53+00:00	ak2-g3-20261008-054327-1a4dbfe-0536-n16-r8	ttl=60m	within TTL
  us-west-2	i-0e96eaa7bd23dd1f3	running	c8g.16xlarge	2026-10-08T05:43:48+00:00	ak2-g3-20261008-054327-1a4dbfe-0536-n16-r6	ttl=60m	within TTL
  us-west-2	i-0fc1dfeb17b781bd6	running	c8g.16xlarge	2026-10-08T05:43:38+00:00	ak2-g3-20261008-054327-1a4dbfe-0536-n16-r1	ttl=60m	within TTL
  us-west-2	i-094cfba0b82a06210	running	x8g.8xlarge	2026-10-08T05:43:21+00:00	ak2-g3-20261008-054306-1a4dbfe-8ea3-n4-r3	ttl=60m	within TTL
  us-west-2	i-051a0e8e2b31d47a5	running	x8g.8xlarge	2026-10-08T05:43:17+00:00	ak2-g3-20261008-054306-1a4dbfe-8ea3-n4-r1	ttl=60m	within TTL
  us-west-2	i-0c576ebbdf04e57e6	running	x8g.8xlarge	2026-10-08T05:43:19+00:00	ak2-g3-20261008-054306-1a4dbfe-8ea3-n4-r2	ttl=60m	within TTL
orphans: this run's instance(s) and task ak2-g3-20261008-054457-805d7a2-7357-n12-r3 are gone (18 regions checked)
