Loading database information...ak2-timing	opts	0.002791	0.000017	0	0	0.000000	0.000018
ak2-timing	taxo	0.002817	0.093852	87778	0	0.030379	0.073853
ak2-timing	shard-load-0	0.180951	40.452927	41032	0	36.781101	35.601592
ak2-timing	rendezvous	42.334612	28.188729	10767	0	0.205883	0.009848
ak2-timing	connect	70.523356	0.340271	8073	0	0.301098	0.000000
ak2-timing	hash	0.096693	70.766957	61860	0	37.301050	35.616097
 done.
14164085 sequences (2640.40 Mbp) processed in 14.523s (58518.2 Kseq/m, 10908.67 Mbp/m).
  13689575 sequences classified (96.65%)
  474510 sequences unclassified (3.35%)
ak2-sample	batch	0	name	0-SRR5935753	mode	parallel	s3client	sdk	rank	0	role	home	inflight	2	threads	16	start_s	70.863691	wall_s	14.919946	setup_s	0.000055	classify_s	14.522754	close_s	0.238230	report_s	0.149002	status	0	sequences	14164085	bases	2640398097	classified	13689575	place	lpt	weight	14164085
20770968 sequences (3886.70 Mbp) processed in 21.109s (59038.8 Kseq/m, 11047.44 Mbp/m).
  20594735 sequences classified (99.15%)
  176233 sequences unclassified (0.85%)
ak2-sample	batch	0	name	0-SRR5935823	mode	parallel	s3client	sdk	rank	0	role	home	inflight	2	threads	16	start_s	70.863698	wall_s	21.634255	setup_s	0.000053	classify_s	21.109130	close_s	0.378947	report_s	0.139558	status	0	sequences	20770968	bases	3886695944	classified	20594735	place	lpt	weight	20770968
11859598 sequences (2188.90 Mbp) processed in 11.574s (61482.9 Kseq/m, 11347.78 Mbp/m).
  10951240 sequences classified (92.34%)
  908358 sequences unclassified (7.66%)
ak2-sample	batch	0	name	0-SRR5935748	mode	parallel	s3client	sdk	rank	0	role	home	inflight	2	threads	16	start_s	85.783664	wall_s	12.133672	setup_s	0.000056	classify_s	11.573557	close_s	0.375104	report_s	0.168584	status	0	sequences	11859598	bases	2188903487	classified	10951240	place	lpt	weight	11859598
10140194 sequences (1929.10 Mbp) processed in 10.033s (60638.8 Kseq/m, 11536.11 Mbp/m).
  10096895 sequences classified (99.57%)
  43299 sequences unclassified (0.43%)
ak2-sample	batch	0	name	0-SRR5935791	mode	parallel	s3client	sdk	rank	0	role	home	inflight	2	threads	16	start_s	92.497980	wall_s	10.435711	setup_s	0.000080	classify_s	10.033373	close_s	0.279458	report_s	0.118145	status	0	sequences	10140194	bases	1929101997	classified	10096895	place	lpt	weight	10140194
8206591 sequences (1523.97 Mbp) processed in 8.026s (61346.6 Kseq/m, 11392.10 Mbp/m).
  7998445 sequences classified (97.46%)
  208146 sequences unclassified (2.54%)
ak2-sample	batch	0	name	0-SRR5935758	mode	parallel	s3client	sdk	rank	0	role	home	inflight	2	threads	16	start_s	97.917369	wall_s	8.450358	setup_s	0.000062	classify_s	8.026446	close_s	0.242686	report_s	0.175400	status	0	sequences	8206591	bases	1523967713	classified	7998445	place	lpt	weight	8206591
5948317 sequences (1093.47 Mbp) processed in 4.768s (74848.8 Kseq/m, 13759.32 Mbp/m).
  5682744 sequences classified (95.54%)
  265573 sequences unclassified (4.46%)
ak2-sample	batch	0	name	0-SRR5935779	mode	parallel	s3client	sdk	rank	0	role	home	inflight	2	threads	16	start_s	102.933716	wall_s	5.195478	setup_s	0.000087	classify_s	4.768266	close_s	0.256582	report_s	0.165167	status	0	sequences	5948317	bases	1093467848	classified	5682744	place	lpt	weight	5948317
ak2-timing	batch-barrier-0	108.129217	3.077042	3	0	0.538465	0.033817
10532910 sequences (1945.09 Mbp) processed in 10.618s (59517.1 Kseq/m, 10990.91 Mbp/m).
  9366399 sequences classified (88.93%)
  1166511 sequences unclassified (11.07%)
ak2-sample	batch	1	name	1-SRR5935740	mode	parallel	s3client	sdk	rank	0	role	home	inflight	2	threads	16	start_s	111.206302	wall_s	11.039117	setup_s	0.000069	classify_s	10.618372	close_s	0.206320	report_s	0.196975	status	0	sequences	10532910	bases	1945093294	classified	9366399	place	mod	weight	10532910
16053448 sequences (2993.47 Mbp) processed in 16.097s (59837.2 Kseq/m, 11157.77 Mbp/m).
  15204484 sequences classified (94.71%)
  848964 sequences unclassified (5.29%)
ak2-sample	batch	1	name	1-SRR5935756	mode	parallel	s3client	sdk	rank	0	role	home	inflight	2	threads	16	start_s	111.206284	wall_s	16.512593	setup_s	0.000048	classify_s	16.097137	close_s	0.236508	report_s	0.162986	status	0	sequences	16053448	bases	2993468449	classified	15204484	place	mod	weight	16053448
15271512 sequences (2845.36 Mbp) processed in 15.054s (60867.9 Kseq/m, 11340.80 Mbp/m).
  14502211 sequences classified (94.96%)
  769301 sequences unclassified (5.04%)
ak2-sample	batch	1	name	1-SRR5935772	mode	parallel	s3client	sdk	rank	0	role	home	inflight	2	threads	16	start_s	122.245516	wall_s	15.491872	setup_s	0.000066	classify_s	15.053756	close_s	0.235334	report_s	0.188476	status	0	sequences	15271512	bases	2845360298	classified	14502211	place	mod	weight	15271512
11073410 sequences (2024.07 Mbp) processed in 10.528s (63107.7 Kseq/m, 11535.26 Mbp/m).
  10832572 sequences classified (97.83%)
  240838 sequences unclassified (2.17%)
ak2-sample	batch	1	name	1-SRR5935788	mode	parallel	s3client	sdk	rank	0	role	home	inflight	2	threads	16	start_s	127.718915	wall_s	11.005594	setup_s	0.000072	classify_s	10.528110	close_s	0.221368	report_s	0.248977	status	0	sequences	11073410	bases	2024074094	classified	10832572	place	mod	weight	11073410
13253368 sequences (2414.15 Mbp) processed in 12.034s (66077.8 Kseq/m, 12036.33 Mbp/m).
  12329188 sequences classified (93.03%)
  924180 sequences unclassified (6.97%)
ak2-sample	batch	1	name	1-SRR5935804	mode	parallel	s3client	sdk	rank	0	role	home	inflight	2	threads	16	start_s	137.737415	wall_s	12.420793	setup_s	0.000070	classify_s	12.034329	close_s	0.226423	report_s	0.147687	status	0	sequences	13253368	bases	2414153428	classified	12329188	place	mod	weight	13253368
12062510 sequences (2207.30 Mbp) processed in 11.386s (63563.2 Kseq/m, 11631.33 Mbp/m).
  10926608 sequences classified (90.58%)
  1135902 sequences unclassified (9.42%)
ak2-sample	batch	1	name	1-SRR5935820	mode	parallel	s3client	sdk	rank	0	role	home	inflight	2	threads	16	start_s	138.724724	wall_s	11.786529	setup_s	0.000062	classify_s	11.386308	close_s	0.201050	report_s	0.183630	status	0	sequences	12062510	bases	2207297835	classified	10926608	place	mod	weight	12062510
7326365 sequences (1333.07 Mbp) processed in 4.146s (106034.6 Kseq/m, 19293.50 Mbp/m).
  6965607 sequences classified (95.08%)
  360758 sequences unclassified (4.92%)
ak2-sample	batch	1	name	1-SRR5935836	mode	parallel	s3client	sdk	rank	0	role	home	inflight	2	threads	16	start_s	150.158229	wall_s	4.575288	setup_s	0.000058	classify_s	4.145646	close_s	0.265961	report_s	0.156912	status	0	sequences	7326365	bases	1333066620	classified	6965607	place	mod	weight	7326365
ak2-timing	batch-barrier-1	154.733536	0.438462	1	0	0.005232	0.000000
14164085 sequences (2640.40 Mbp) processed in 14.443s (58839.4 Kseq/m, 10968.55 Mbp/m).
  13689575 sequences classified (96.65%)
  474510 sequences unclassified (3.35%)
ak2-sample	batch	2	name	2-SRR5935753	mode	parallel	s3client	sdk	rank	0	role	home	inflight	2	threads	16	start_s	155.172034	wall_s	14.868846	setup_s	0.000055	classify_s	14.443466	close_s	0.236987	report_s	0.177619	status	0	sequences	14164085	bases	2640398097	classified	13689575	place	lpt	weight	14164085
20770968 sequences (3886.70 Mbp) processed in 20.692s (60228.0 Kseq/m, 11269.95 Mbp/m).
  20594735 sequences classified (99.15%)
  176233 sequences unclassified (0.85%)
ak2-sample	batch	2	name	2-SRR5935823	mode	parallel	s3client	sdk	rank	0	role	home	inflight	2	threads	16	start_s	155.172050	wall_s	21.120958	setup_s	0.000039	classify_s	20.692346	close_s	0.231714	report_s	0.190518	status	0	sequences	20770968	bases	3886695944	classified	20594735	place	lpt	weight	20770968
11859598 sequences (2188.90 Mbp) processed in 11.808s (60263.2 Kseq/m, 11122.66 Mbp/m).
  10951240 sequences classified (92.34%)
  908358 sequences unclassified (7.66%)
ak2-sample	batch	2	name	2-SRR5935748	mode	parallel	s3client	sdk	rank	0	role	home	inflight	2	threads	16	start_s	170.040910	wall_s	12.208094	setup_s	0.000071	classify_s	11.807808	close_s	0.213242	report_s	0.171456	status	0	sequences	11859598	bases	2188903487	classified	10951240	place	lpt	weight	11859598
10140194 sequences (1929.10 Mbp) processed in 10.314s (58991.0 Kseq/m, 11222.63 Mbp/m).
  10096895 sequences classified (99.57%)
  43299 sequences unclassified (0.43%)
ak2-sample	batch	2	name	2-SRR5935791	mode	parallel	s3client	sdk	rank	0	role	home	inflight	2	threads	16	start_s	176.293037	wall_s	10.785112	setup_s	0.000063	classify_s	10.313637	close_s	0.283206	report_s	0.183814	status	0	sequences	10140194	bases	1929101997	classified	10096895	place	lpt	weight	10140194
8206591 sequences (1523.97 Mbp) processed in 8.171s (60264.1 Kseq/m, 11191.08 Mbp/m).
  7998445 sequences classified (97.46%)
  208146 sequences unclassified (2.54%)
ak2-sample	batch	2	name	2-SRR5935758	mode	parallel	s3client	sdk	rank	0	role	home	inflight	2	threads	16	start_s	182.249619	wall_s	8.517843	setup_s	0.000072	classify_s	8.170624	close_s	0.195675	report_s	0.145374	status	0	sequences	8206591	bases	1523967713	classified	7998445	place	lpt	weight	8206591
5948317 sequences (1093.47 Mbp) processed in 4.968s (71833.0 Kseq/m, 13204.93 Mbp/m).
  5682744 sequences classified (95.54%)
  265573 sequences unclassified (4.46%)
ak2-sample	batch	2	name	2-SRR5935779	mode	parallel	s3client	sdk	rank	0	role	home	inflight	2	threads	16	start_s	187.078223	wall_s	5.338888	setup_s	0.000064	classify_s	4.968455	close_s	0.223308	report_s	0.141481	status	0	sequences	5948317	bases	1093467848	classified	5682744	place	lpt	weight	5948317
ak2-timing	batch-barrier-2	192.417128	3.275586	2	0	0.627209	0.063893
ak2-timing	barrier	202.814242	0.007380	0	0	0.007232	0.000000
10532910 sequences (1945.09 Mbp) processed in 5.754s (109833.1 Kseq/m, 20282.68 Mbp/m).
  9366399 sequences classified (88.93%)
  1166511 sequences unclassified (11.07%)
ak2-sample	batch	3	name	3-SRR5935740	mode	striped	s3client	sdk	rank	0	role	emitter	inflight	1	threads	16	start_s	197.056610	wall_s	6.169481	setup_s	0.000049	classify_s	5.753954	close_s	0.240067	report_s	0.164153	status	0	sequences	10532910	bases	1945093294	classified	9366399	place	-	weight	-
ak2-timing	batch-barrier-3	203.226107	0.471292	0	0	0.005218	0.000000
ak2-timing	barrier	209.886992	0.007529	0	0	0.007547	0.000000
10532910 sequences (1945.09 Mbp) processed in 5.758s (109760.2 Kseq/m, 20269.22 Mbp/m).
  9366399 sequences classified (88.93%)
  1166511 sequences unclassified (11.07%)
ak2-sample	batch	4	name	4-SRR5935740	mode	striped	s3client	sdk	rank	0	role	emitter	inflight	1	threads	16	start_s	204.125504	wall_s	6.157668	setup_s	0.000047	classify_s	5.757776	close_s	0.229875	report_s	0.158492	status	0	sequences	10532910	bases	1945093294	classified	9366399	place	-	weight	-
ak2-timing	batch-barrier-4	210.283189	0.496716	0	0	0.004805	0.000315
ak2-timing	barrier	216.989887	0.006905	0	0	0.006479	0.000425
10532910 sequences (1945.09 Mbp) processed in 5.767s (109580.8 Kseq/m, 20236.09 Mbp/m).
  9366399 sequences classified (88.93%)
  1166511 sequences unclassified (11.07%)
ak2-sample	batch	5	name	5-SRR5935740	mode	striped	s3client	sdk	rank	0	role	emitter	inflight	1	threads	16	start_s	211.219044	wall_s	6.464878	setup_s	0.000043	classify_s	5.767200	close_s	0.520840	report_s	0.166016	status	0	sequences	10532910	bases	1945093294	classified	9366399	place	-	weight	-
ak2-timing	batch-barrier-5	217.683939	0.459920	0	0	0.000000	0.007422
10532910 sequences (1945.09 Mbp) processed in 5.877s (107539.7 Kseq/m, 19859.15 Mbp/m).
  9366399 sequences classified (88.93%)
  1166511 sequences unclassified (11.07%)
ak2-sample	batch	6	name	6-SRR5935740	mode	parallel	s3client	sdk	rank	0	role	home	inflight	2	threads	16	start_s	218.143883	wall_s	6.406588	setup_s	0.000045	classify_s	5.876666	close_s	0.332021	report_s	0.181803	status	0	sequences	10532910	bases	1945093294	classified	9366399	place	lpt	weight	10532910
ak2-timing	batch-barrier-6	224.550491	0.453724	0	0	0.004980	0.000322
10532910 sequences (1945.09 Mbp) processed in 5.960s (106042.4 Kseq/m, 19582.66 Mbp/m).
  9366399 sequences classified (88.93%)
  1166511 sequences unclassified (11.07%)
ak2-sample	batch	7	name	7-SRR5935740	mode	parallel	s3client	sdk	rank	0	role	home	inflight	2	threads	16	start_s	225.004239	wall_s	6.972436	setup_s	0.000043	classify_s	5.959640	close_s	0.322611	report_s	0.674448	status	0	sequences	10532910	bases	1945093294	classified	9366399	place	lpt	weight	10532910
ak2-timing	batch-barrier-7	231.976694	0.421336	0	0	0.006245	0.000000
10532910 sequences (1945.09 Mbp) processed in 5.932s (106528.2 Kseq/m, 19672.37 Mbp/m).
  9366399 sequences classified (88.93%)
  1166511 sequences unclassified (11.07%)
ak2-sample	batch	8	name	8-SRR5935740	mode	parallel	s3client	sdk	rank	0	role	home	inflight	2	threads	16	start_s	232.398051	wall_s	6.333675	setup_s	0.000055	classify_s	5.932462	close_s	0.221190	report_s	0.164071	status	0	sequences	10532910	bases	1945093294	classified	9366399	place	lpt	weight	10532910
ak2-timing	batch-barrier-8	238.731742	0.407594	0	0	0.006182	0.000389
ak2-engine	shard	0	n	16	lo	0	hi	18579557371	tail	302	full	false	empty_at	18579557376	keys	8480550252	batches	89910	probe_s	204.048735	tail_probes	0	wrap_probes	0
ak2-engine	rendezvous	puts	13	gets	461
ak2-engine	s3	client	sdk	put	38	get	461	create_multipart	25	upload_part	3027	complete_multipart	25	abort_multipart	0	part_bytes	25308450271
ak2-engine	s3	client	cli	put	0	get	0	create_multipart	0	upload_part	0	complete_multipart	0	abort_multipart	0	part_bytes	0
ak2-engine	load	seconds	40.452923	requests	1126	retries	0	bytes	74318296292
ak2-engine	route	transport	nodes	calls	6886	keys	10395711508	batches	110176	route_s	115.553266	wait_s	392.258930	gather_s	21.887196
ak2-engine	worker	scan_s	870.704436	lookup_s	529.704060	classify_s	752.736872
ak2-timing	total	0.000001	239.267751	12321406	0	1944.767063	122.630395
