Loading database information...ak2-timing	opts	0.002520	0.000012	0	0	0.000000	0.000012
ak2-timing	taxo	0.002537	0.078125	87887	0	0.041071	0.050797
ak2-engine	mem	t_s	15.0	rss_kib	43705744	hwm_kib	43705748	heap_inuse	402980864	sys	430119272	avail_kib	50947620
ak2-timing	shard-load-13	0.142848	25.185385	41866	0	30.068103	26.074555
ak2-engine	mem	t_s	30.0	rss_kib	72974664	hwm_kib	72974668	heap_inuse	406822912	sys	434313576	avail_kib	21820880
ak2-timing	rendezvous	25.826166	6.284082	340	0	0.008932	0.000000
ak2-timing	connect	32.110255	0.016603	0	0	0.000596	0.000000
ak2-timing	hash	0.080682	32.046184	44018	0	30.089290	26.075184
 done.
16260968 sequences (3012.84 Mbp) processed in 7.368s (132415.6 Kseq/m, 24534.01 Mbp/m).
  15948766 sequences classified (98.08%)
  312202 sequences unclassified (1.92%)
ak2-sample	batch	0	name	0-SRR5935827	mode	parallel	s3client	sdk	rank	13	role	home	inflight	1	threads	16	start_s	32.126891	wall_s	7.809741	setup_s	0.000028	classify_s	7.368149	close_s	0.234492	report_s	0.201095	status	0	sequences	16260968	bases	3012837135	classified	15948766	place	lpt	weight	16260968
ak2-engine	mem	t_s	45.0	rss_kib	78917080	hwm_kib	78917080	heap_inuse	3777748992	sys	6518292616	avail_kib	16215264
15328347 sequences (2853.53 Mbp) processed in 7.174s (128201.8 Kseq/m, 23866.06 Mbp/m).
  14998872 sequences classified (97.85%)
  329475 sequences unclassified (2.15%)
ak2-sample	batch	0	name	0-SRR5935744	mode	parallel	s3client	sdk	rank	13	role	home	inflight	1	threads	16	start_s	39.936648	wall_s	7.572994	setup_s	0.000035	classify_s	7.173853	close_s	0.241255	report_s	0.151369	status	0	sequences	15328347	bases	2853526686	classified	14998872	place	lpt	weight	15328347
14120624 sequences (2649.39 Mbp) processed in 6.629s (127812.8 Kseq/m, 23980.97 Mbp/m).
  13394795 sequences classified (94.86%)
  725829 sequences unclassified (5.14%)
ak2-sample	batch	0	name	0-SRR5935766	mode	parallel	s3client	sdk	rank	13	role	home	inflight	1	threads	16	start_s	47.509657	wall_s	7.086590	setup_s	0.000035	classify_s	6.628738	close_s	0.254558	report_s	0.196883	status	0	sequences	14120624	bases	2649393059	classified	13394795	place	lpt	weight	14120624
10532910 sequences (1945.09 Mbp) processed in 4.781s (132181.0 Kseq/m, 24409.62 Mbp/m).
  9366399 sequences classified (88.93%)
  1166511 sequences unclassified (11.07%)
ak2-sample	batch	0	name	0-SRR5935740	mode	parallel	s3client	sdk	rank	13	role	home	inflight	1	threads	16	start_s	54.596264	wall_s	5.208642	setup_s	0.000040	classify_s	4.781132	close_s	0.227666	report_s	0.187510	status	0	sequences	10532910	bases	1945093294	classified	9366399	place	lpt	weight	10532910
ak2-engine	mem	t_s	60.0	rss_kib	78703612	hwm_kib	78916688	heap_inuse	2197184512	sys	6543466632	avail_kib	16413356
8486948 sequences (1613.12 Mbp) processed in 4.204s (121120.7 Kseq/m, 23021.51 Mbp/m).
  8270605 sequences classified (97.45%)
  216343 sequences unclassified (2.55%)
ak2-sample	batch	0	name	0-SRR5935781	mode	parallel	s3client	sdk	rank	13	role	home	inflight	1	threads	16	start_s	59.804921	wall_s	4.608953	setup_s	0.000041	classify_s	4.204211	close_s	0.204744	report_s	0.195948	status	0	sequences	8486948	bases	1613121343	classified	8270605	place	lpt	weight	8486948
7326365 sequences (1333.07 Mbp) processed in 3.357s (130944.8 Kseq/m, 23826.02 Mbp/m).
  6965607 sequences classified (95.08%)
  360758 sequences unclassified (4.92%)
ak2-sample	batch	0	name	0-SRR5935836	mode	parallel	s3client	sdk	rank	13	role	home	inflight	1	threads	16	start_s	64.413889	wall_s	3.711162	setup_s	0.000037	classify_s	3.357002	close_s	0.203202	report_s	0.146088	status	0	sequences	7326365	bases	1333066620	classified	6965607	place	lpt	weight	7326365
ak2-timing	batch-barrier-0	68.125061	1.288722	1	0	0.089512	0.008912
ak2-engine	mem	t_s	75.0	rss_kib	78740260	hwm_kib	79340420	heap_inuse	4654309376	sys	7042638088	avail_kib	16351712
14164085 sequences (2640.40 Mbp) processed in 6.465s (131454.5 Kseq/m, 24505.09 Mbp/m).
  13689575 sequences classified (96.65%)
  474510 sequences unclassified (3.35%)
ak2-sample	batch	1	name	1-SRR5935753	mode	parallel	s3client	sdk	rank	13	role	home	inflight	1	threads	16	start_s	69.413802	wall_s	6.876014	setup_s	0.000044	classify_s	6.464939	close_s	0.248784	report_s	0.154901	status	0	sequences	14164085	bases	2640398097	classified	13689575	place	mod	weight	14164085
11374148 sequences (2063.47 Mbp) processed in 5.188s (131540.0 Kseq/m, 23863.62 Mbp/m).
  10686284 sequences classified (93.95%)
  687864 sequences unclassified (6.05%)
ak2-sample	batch	1	name	1-SRR5935769	mode	parallel	s3client	sdk	rank	13	role	home	inflight	1	threads	16	start_s	76.289831	wall_s	5.590267	setup_s	0.000041	classify_s	5.188148	close_s	0.244267	report_s	0.149708	status	0	sequences	11374148	bases	2063466726	classified	10686284	place	mod	weight	11374148
13817496 sequences (2535.87 Mbp) processed in 6.374s (130075.8 Kseq/m, 23872.25 Mbp/m).
  12277050 sequences classified (88.85%)
  1540446 sequences unclassified (11.15%)
ak2-sample	batch	1	name	1-SRR5935785	mode	parallel	s3client	sdk	rank	13	role	home	inflight	1	threads	16	start_s	81.880112	wall_s	6.862120	setup_s	0.000035	classify_s	6.373592	close_s	0.322741	report_s	0.154709	status	0	sequences	13817496	bases	2535866229	classified	12277050	place	mod	weight	13817496
ak2-engine	mem	t_s	90.0	rss_kib	78437176	hwm_kib	79837508	heap_inuse	4045438976	sys	7605502344	avail_kib	15859356
13162386 sequences (2465.10 Mbp) processed in 6.095s (129581.4 Kseq/m, 24268.44 Mbp/m).
  12297712 sequences classified (93.43%)
  864674 sequences unclassified (6.57%)
ak2-sample	batch	1	name	1-SRR5935801	mode	parallel	s3client	sdk	rank	13	role	home	inflight	1	threads	16	start_s	88.742245	wall_s	6.569781	setup_s	0.000037	classify_s	6.094574	close_s	0.245596	report_s	0.220151	status	0	sequences	13162386	bases	2465096767	classified	12297712	place	mod	weight	13162386
14261195 sequences (2665.70 Mbp) processed in 6.472s (132207.6 Kseq/m, 24712.20 Mbp/m).
  13980324 sequences classified (98.03%)
  280871 sequences unclassified (1.97%)
ak2-sample	batch	1	name	1-SRR5935817	mode	parallel	s3client	sdk	rank	13	role	home	inflight	1	threads	16	start_s	95.312039	wall_s	6.962691	setup_s	0.000041	classify_s	6.472181	close_s	0.355599	report_s	0.128987	status	0	sequences	14261195	bases	2665696979	classified	13980324	place	mod	weight	14261195
ak2-engine	mem	t_s	105.0	rss_kib	78874032	hwm_kib	79837508	heap_inuse	5528207360	sys	7605535112	avail_kib	15736988
12711109 sequences (2382.42 Mbp) processed in 5.862s (130093.0 Kseq/m, 24383.07 Mbp/m).
  11452616 sequences classified (90.10%)
  1258493 sequences unclassified (9.90%)
ak2-sample	batch	1	name	1-SRR5935833	mode	parallel	s3client	sdk	rank	13	role	home	inflight	1	threads	16	start_s	102.274743	wall_s	6.289104	setup_s	0.000038	classify_s	5.862474	close_s	0.207760	report_s	0.206827	status	0	sequences	12711109	bases	2382418955	classified	11452616	place	mod	weight	12711109
ak2-timing	batch-barrier-1	108.563859	8.189004	0	0	1.276878	0.152998
ak2-engine	mem	t_s	120.0	rss_kib	78844472	hwm_kib	79837508	heap_inuse	3095994368	sys	7605535112	avail_kib	15828724
16260968 sequences (3012.84 Mbp) processed in 7.389s (132044.7 Kseq/m, 24465.28 Mbp/m).
  15948766 sequences classified (98.08%)
  312202 sequences unclassified (1.92%)
ak2-sample	batch	2	name	2-SRR5935827	mode	parallel	s3client	sdk	rank	13	role	home	inflight	1	threads	16	start_s	116.752897	wall_s	7.748618	setup_s	0.000033	classify_s	7.388847	close_s	0.216854	report_s	0.137004	status	0	sequences	16260968	bases	3012837135	classified	15948766	place	lpt	weight	16260968
15328347 sequences (2853.53 Mbp) processed in 7.201s (127717.2 Kseq/m, 23775.86 Mbp/m).
  14998872 sequences classified (97.85%)
  329475 sequences unclassified (2.15%)
ak2-sample	batch	2	name	2-SRR5935744	mode	parallel	s3client	sdk	rank	13	role	home	inflight	1	threads	16	start_s	124.501530	wall_s	7.537886	setup_s	0.000045	classify_s	7.201071	close_s	0.210269	report_s	0.120070	status	0	sequences	15328347	bases	2853526686	classified	14998872	place	lpt	weight	15328347
ak2-engine	mem	t_s	135.0	rss_kib	78468540	hwm_kib	79837508	heap_inuse	5322448896	sys	7605543304	avail_kib	15925396
14120624 sequences (2649.39 Mbp) processed in 6.863s (123457.6 Kseq/m, 23163.83 Mbp/m).
  13394795 sequences classified (94.86%)
  725829 sequences unclassified (5.14%)
ak2-sample	batch	2	name	2-SRR5935766	mode	parallel	s3client	sdk	rank	13	role	home	inflight	1	threads	16	start_s	132.039430	wall_s	7.221382	setup_s	0.000047	classify_s	6.862578	close_s	0.228828	report_s	0.123007	status	0	sequences	14120624	bases	2649393059	classified	13394795	place	lpt	weight	14120624
10532910 sequences (1945.09 Mbp) processed in 4.824s (131016.0 Kseq/m, 24194.49 Mbp/m).
  9366399 sequences classified (88.93%)
  1166511 sequences unclassified (11.07%)
ak2-sample	batch	2	name	2-SRR5935740	mode	parallel	s3client	sdk	rank	13	role	home	inflight	1	threads	16	start_s	139.260827	wall_s	5.212915	setup_s	0.000040	classify_s	4.823644	close_s	0.234116	report_s	0.141723	status	0	sequences	10532910	bases	1945093294	classified	9366399	place	lpt	weight	10532910
8486948 sequences (1613.12 Mbp) processed in 4.113s (123818.0 Kseq/m, 23534.19 Mbp/m).
  8270605 sequences classified (97.45%)
  216343 sequences unclassified (2.55%)
ak2-sample	batch	2	name	2-SRR5935781	mode	parallel	s3client	sdk	rank	13	role	home	inflight	1	threads	16	start_s	144.473756	wall_s	4.502533	setup_s	0.000044	classify_s	4.112624	close_s	0.230888	report_s	0.155170	status	0	sequences	8486948	bases	1613121343	classified	8270605	place	lpt	weight	8486948
ak2-engine	mem	t_s	150.0	rss_kib	77960972	hwm_kib	79837508	heap_inuse	5079465984	sys	7605600648	avail_kib	15996512
7326365 sequences (1333.07 Mbp) processed in 3.345s (131432.9 Kseq/m, 23914.84 Mbp/m).
  6965607 sequences classified (95.08%)
  360758 sequences unclassified (4.92%)
ak2-sample	batch	2	name	2-SRR5935836	mode	parallel	s3client	sdk	rank	13	role	home	inflight	1	threads	16	start_s	148.976305	wall_s	3.746237	setup_s	0.000039	classify_s	3.344534	close_s	0.245205	report_s	0.151601	status	0	sequences	7326365	bases	1333066620	classified	6965607	place	lpt	weight	7326365
ak2-timing	batch-barrier-2	152.722552	0.544852	1	0	0.000000	0.003632
ak2-timing	barrier	158.502594	1.000921	2	0	0.030004	0.001360
ak2-sample	batch	3	name	3-SRR5935740	mode	striped	s3client	sdk	rank	13	role	peer	inflight	1	threads	16	start_s	153.830507	wall_s	5.673060	setup_s	0.000028	classify_s	4.668057	close_s	0.000000	report_s	0.000000	status	0	sequences	0	bases	0	classified	0	place	-	weight	-
ak2-timing	batch-barrier-3	159.503577	0.612341	164	0	0.004047	0.000276
ak2-engine	mem	t_s	165.0	rss_kib	76158328	hwm_kib	79837508	heap_inuse	2731745280	sys	7605862792	avail_kib	18550588
ak2-timing	barrier	165.529935	0.161100	0	0	0.004542	0.000308
ak2-sample	batch	4	name	4-SRR5935740	mode	striped	s3client	sdk	rank	13	role	peer	inflight	1	threads	16	start_s	160.866145	wall_s	4.824918	setup_s	0.000031	classify_s	4.660680	close_s	0.000000	report_s	0.000000	status	0	sequences	0	bases	0	classified	0	place	-	weight	-
ak2-timing	batch-barrier-4	165.691069	0.485842	67	0	0.000000	0.003998
ak2-timing	barrier	171.646072	0.076687	0	0	0.002012	0.000137
ak2-sample	batch	5	name	5-SRR5935740	mode	striped	s3client	sdk	rank	13	role	peer	inflight	1	threads	16	start_s	166.965802	wall_s	4.756989	setup_s	0.000027	classify_s	4.676953	close_s	0.000000	report_s	0.000000	status	0	sequences	0	bases	0	classified	0	place	-	weight	-
ak2-timing	batch-barrier-5	171.722798	0.474872	40	0	0.003873	0.000264
ak2-timing	batch-barrier-6	172.197680	6.151087	33	0	0.550043	0.076794
ak2-engine	mem	t_s	180.0	rss_kib	76476220	hwm_kib	79837508	heap_inuse	3086893056	sys	7605862792	avail_kib	18335832
ak2-timing	batch-barrier-7	178.348784	5.066311	8	0	0.547582	0.066094
ak2-timing	batch-barrier-8	183.415111	6.134306	5	0	0.521586	0.107052
ak2-engine	shard	0	n	16	lo	241534245827	hi	260113803199	tail	302	full	false	empty_at	18579557376	keys	8471698086	batches	89910	probe_s	162.833005	tail_probes	0	wrap_probes	0
ak2-engine	mem	t_s	189.5	rss_kib	76476264	hwm_kib	79837508	heap_inuse	3088261120	sys	7605862792	avail_kib	18485064
ak2-engine	rendezvous	puts	13	gets	295
ak2-engine	s3	client	sdk	put	31	get	295	create_multipart	18	upload_part	2388	complete_multipart	18	abort_multipart	0	part_bytes	19960580095
ak2-engine	s3	client	cli	put	0	get	0	create_multipart	0	upload_part	0	complete_multipart	0	abort_multipart	0	part_bytes	0
ak2-engine	load	seconds	25.185383	requests	1126	retries	0	bytes	74318296296
ak2-engine	route	transport	nodes	calls	5951	keys	9003002404	batches	95216	route_s	60.443480	wait_s	44.302976	gather_s	13.037891
ak2-engine	worker	scan_s	453.756524	lookup_s	117.786372	classify_s	388.183053
ak2-timing	total	0.000001	189.654656	11579312	0	1415.488184	96.439654
