Loading database information...ak2-timing	opts	0.002732	0.000019	0	0	0.000000	0.000021
ak2-timing	taxo	0.002759	0.094419	87769	0	0.021221	0.088273
ak2-engine	mem	t_s	15.0	rss_kib	26358288	hwm_kib	26358292	heap_inuse	397516800	sys	416078184	avail_kib	229927472
ak2-engine	mem	t_s	30.0	rss_kib	52754760	hwm_kib	52754764	heap_inuse	399876096	sys	424466792	avail_kib	203501572
ak2-engine	mem	t_s	45.0	rss_kib	79169568	hwm_kib	79169572	heap_inuse	401620992	sys	424466792	avail_kib	177092236
ak2-engine	mem	t_s	60.0	rss_kib	105572880	hwm_kib	105572884	heap_inuse	404135936	sys	424466792	avail_kib	150645656
ak2-engine	mem	t_s	75.0	rss_kib	131992156	hwm_kib	131992160	heap_inuse	406274048	sys	424466792	avail_kib	124193004
ak2-timing	shard-load-5	0.162989	83.152342	78028	0	101.990537	127.846991
ak2-timing	rendezvous	83.865280	1.100122	243	0	0.002497	0.003132
ak2-timing	connect	84.965419	0.045938	1	0	0.000306	0.000384
ak2-timing	hash	0.097204	84.914165	80185	0	101.994174	127.865382
 done.
ak2-engine	mem	t_s	90.0	rss_kib	155534312	hwm_kib	155534356	heap_inuse	9936052224	sys	10894716248	avail_kib	99074572
16518263 sequences (3051.28 Mbp) processed in 17.328s (57195.4 Kseq/m, 10565.24 Mbp/m).
  16141470 sequences classified (97.72%)
  376793 sequences unclassified (2.28%)
ak2-sample	batch	0	name	0-SRR5935741	mode	parallel	s3client	sdk	rank	5	role	home	inflight	2	threads	16	start_s	85.011401	wall_s	17.787338	setup_s	0.000056	classify_s	17.328254	close_s	0.227905	report_s	0.221785	status	0	sequences	16518263	bases	3051284850	classified	16141470	place	lpt	weight	16518263
18392491 sequences (3418.71 Mbp) processed in 18.553s (59482.5 Kseq/m, 11056.32 Mbp/m).
  18064386 sequences classified (98.22%)
  328105 sequences unclassified (1.78%)
ak2-sample	batch	0	name	0-SRR5935803	mode	parallel	s3client	sdk	rank	5	role	home	inflight	2	threads	16	start_s	85.011409	wall_s	18.958270	setup_s	0.000056	classify_s	18.552502	close_s	0.238678	report_s	0.154603	status	0	sequences	18392491	bases	3418705365	classified	18064386	place	lpt	weight	18392491
ak2-engine	mem	t_s	105.0	rss_kib	154601528	hwm_kib	156658648	heap_inuse	8606162944	sys	11960614472	avail_kib	98399656
15328347 sequences (2853.53 Mbp) processed in 15.442s (59558.8 Kseq/m, 11087.46 Mbp/m).
  14998872 sequences classified (97.85%)
  329475 sequences unclassified (2.15%)
ak2-sample	batch	0	name	0-SRR5935744	mode	parallel	s3client	sdk	rank	5	role	home	inflight	2	threads	16	start_s	102.798767	wall_s	15.828621	setup_s	0.000066	classify_s	15.441909	close_s	0.230691	report_s	0.143013	status	0	sequences	15328347	bases	2853526686	classified	14998872	place	lpt	weight	15328347
14615323 sequences (2691.06 Mbp) processed in 14.948s (58664.1 Kseq/m, 10801.58 Mbp/m).
  14358414 sequences classified (98.24%)
  256909 sequences unclassified (1.76%)
ak2-sample	batch	0	name	0-SRR5935838	mode	parallel	s3client	sdk	rank	5	role	home	inflight	2	threads	16	start_s	103.969745	wall_s	15.412721	setup_s	0.000076	classify_s	14.948152	close_s	0.251365	report_s	0.205098	status	0	sequences	14615323	bases	2691062094	classified	14358414	place	lpt	weight	14615323
ak2-engine	mem	t_s	120.0	rss_kib	154033508	hwm_kib	157653388	heap_inuse	6422413312	sys	12994109256	avail_kib	97861692
13253368 sequences (2414.15 Mbp) processed in 13.101s (60697.1 Kseq/m, 11056.21 Mbp/m).
  12329188 sequences classified (93.03%)
  924180 sequences unclassified (6.97%)
ak2-sample	batch	0	name	0-SRR5935804	mode	parallel	s3client	sdk	rank	5	role	home	inflight	2	threads	16	start_s	118.628068	wall_s	13.594428	setup_s	0.000053	classify_s	13.101159	close_s	0.238066	report_s	0.243323	status	0	sequences	13253368	bases	2414153428	classified	12329188	place	lpt	weight	13253368
12711109 sequences (2382.42 Mbp) processed in 12.890s (59167.6 Kseq/m, 11089.68 Mbp/m).
  11452616 sequences classified (90.10%)
  1258493 sequences unclassified (9.90%)
ak2-sample	batch	0	name	0-SRR5935833	mode	parallel	s3client	sdk	rank	5	role	home	inflight	2	threads	16	start_s	119.382491	wall_s	13.451641	setup_s	0.000065	classify_s	12.889930	close_s	0.261990	report_s	0.280484	status	0	sequences	12711109	bases	2382418955	classified	11452616	place	lpt	weight	12711109
ak2-engine	mem	t_s	135.1	rss_kib	156030244	hwm_kib	157653388	heap_inuse	9541009408	sys	13004977256	avail_kib	95966520
11220767 sequences (2068.35 Mbp) processed in 11.349s (59323.1 Kseq/m, 10935.17 Mbp/m).
  10523542 sequences classified (93.79%)
  697225 sequences unclassified (6.21%)
ak2-sample	batch	0	name	0-SRR5935829	mode	parallel	s3client	sdk	rank	5	role	home	inflight	2	threads	16	start_s	132.222522	wall_s	11.753703	setup_s	0.000069	classify_s	11.348796	close_s	0.254402	report_s	0.138088	status	0	sequences	11220767	bases	2068350513	classified	10523542	place	lpt	weight	11220767
10554303 sequences (1946.56 Mbp) processed in 10.842s (58406.3 Kseq/m, 10772.07 Mbp/m).
  10062971 sequences classified (95.34%)
  491332 sequences unclassified (4.66%)
ak2-sample	batch	0	name	0-SRR5935778	mode	parallel	s3client	sdk	rank	5	role	home	inflight	2	threads	16	start_s	132.834233	wall_s	11.746809	setup_s	0.000077	classify_s	10.842286	close_s	0.683154	report_s	0.191118	status	0	sequences	10554303	bases	1946564732	classified	10062971	place	lpt	weight	10554303
ak2-engine	mem	t_s	150.1	rss_kib	156819824	hwm_kib	157653388	heap_inuse	10300940288	sys	13005042792	avail_kib	95676720
8173049 sequences (1459.57 Mbp) processed in 8.758s (55991.8 Kseq/m, 9999.17 Mbp/m).
  7956066 sequences classified (97.35%)
  216983 sequences unclassified (2.65%)
ak2-sample	batch	0	name	0-SRR5935777	mode	parallel	s3client	sdk	rank	5	role	home	inflight	2	threads	16	start_s	144.581077	wall_s	9.146042	setup_s	0.000066	classify_s	8.758127	close_s	0.218154	report_s	0.162874	status	0	sequences	8173049	bases	1459565869	classified	7956066	place	lpt	weight	8173049
10054299 sequences (1885.64 Mbp) processed in 9.948s (60642.0 Kseq/m, 11373.16 Mbp/m).
  9575405 sequences classified (95.24%)
  478894 sequences unclassified (4.76%)
ak2-sample	batch	0	name	0-SRR5935786	mode	parallel	s3client	sdk	rank	5	role	home	inflight	2	threads	16	start_s	143.976247	wall_s	10.453290	setup_s	0.000067	classify_s	9.947860	close_s	0.231736	report_s	0.262705	status	0	sequences	10054299	bases	1885642952	classified	9575405	place	lpt	weight	10054299
5174437 sequences (978.78 Mbp) processed in 5.217s (59509.7 Kseq/m, 11256.63 Mbp/m).
  5104140 sequences classified (98.64%)
  70297 sequences unclassified (1.36%)
ak2-sample	batch	0	name	0-SRR5935763	mode	parallel	s3client	sdk	rank	5	role	home	inflight	2	threads	16	start_s	153.727143	wall_s	5.697984	setup_s	0.000070	classify_s	5.217072	close_s	0.300338	report_s	0.175708	status	0	sequences	5174437	bases	978777662	classified	5104140	place	lpt	weight	5174437
5072545 sequences (950.40 Mbp) processed in 5.177s (58784.8 Kseq/m, 11014.01 Mbp/m).
  4982177 sequences classified (98.22%)
  90368 sequences unclassified (1.78%)
ak2-sample	batch	0	name	0-SRR5935814	mode	parallel	s3client	sdk	rank	5	role	home	inflight	2	threads	16	start_s	154.429625	wall_s	5.523360	setup_s	0.000069	classify_s	5.177410	close_s	0.215334	report_s	0.125267	status	0	sequences	5072545	bases	950400325	classified	4982177	place	lpt	weight	5072545
ak2-timing	batch-barrier-0	159.953009	0.669782	0	0	0.012058	0.000281
ak2-engine	mem	t_s	165.1	rss_kib	157499408	hwm_kib	157653388	heap_inuse	8351039488	sys	13014447208	avail_kib	94472428
10492437 sequences (1984.14 Mbp) processed in 11.620s (54178.6 Kseq/m, 10245.27 Mbp/m).
  9889429 sequences classified (94.25%)
  603008 sequences unclassified (5.75%)
ak2-sample	batch	1	name	1-SRR5935745	mode	parallel	s3client	sdk	rank	5	role	home	inflight	2	threads	16	start_s	160.622837	wall_s	12.078075	setup_s	0.000037	classify_s	11.619841	close_s	0.267488	report_s	0.177213	status	0	sequences	10492437	bases	1984140901	classified	9889429	place	mod	weight	10492437
14164085 sequences (2640.40 Mbp) processed in 14.428s (58903.1 Kseq/m, 10980.43 Mbp/m).
  13689575 sequences classified (96.65%)
  474510 sequences unclassified (3.35%)
ak2-sample	batch	1	name	1-SRR5935753	mode	parallel	s3client	sdk	rank	5	role	home	inflight	2	threads	16	start_s	160.622815	wall_s	14.864360	setup_s	0.000049	classify_s	14.427841	close_s	0.232510	report_s	0.193636	status	0	sequences	14164085	bases	2640398097	classified	13689575	place	mod	weight	14164085
ak2-engine	mem	t_s	180.1	rss_kib	157940036	hwm_kib	157941624	heap_inuse	7993753600	sys	13640123640	avail_kib	94548820
11374148 sequences (2063.47 Mbp) processed in 11.592s (58871.1 Kseq/m, 10680.24 Mbp/m).
  10686284 sequences classified (93.95%)
  687864 sequences unclassified (6.05%)
14191749 sequences (2646.88 Mbp) processed in 14.359s (59301.6 Kseq/m, 11060.23 Mbp/m).
  13987275 sequences classified (98.56%)
  204474 sequences unclassified (1.44%)
ak2-sample	batch	1	name	1-SRR5935769	mode	parallel	s3client	sdk	rank	5	role	home	inflight	2	threads	16	start_s	175.487201	wall_s	12.039635	setup_s	0.000082	classify_s	11.592249	close_s	0.251731	report_s	0.183831	status	0	sequences	11374148	bases	2063466726	classified	10686284	place	mod	weight	11374148
ak2-sample	batch	1	name	1-SRR5935761	mode	parallel	s3client	sdk	rank	5	role	home	inflight	2	threads	16	start_s	172.700942	wall_s	14.875823	setup_s	0.000079	classify_s	14.358892	close_s	0.340494	report_s	0.169263	status	0	sequences	14191749	bases	2646878118	classified	13987275	place	mod	weight	14191749
ak2-engine	mem	t_s	195.2	rss_kib	156785388	hwm_kib	157955024	heap_inuse	10138673152	sys	13896287544	avail_kib	95639720
8173049 sequences (1459.57 Mbp) processed in 8.798s (55738.8 Kseq/m, 9953.99 Mbp/m).
  7956066 sequences classified (97.35%)
  216983 sequences unclassified (2.65%)
ak2-sample	batch	1	name	1-SRR5935777	mode	parallel	s3client	sdk	rank	5	role	home	inflight	2	threads	16	start_s	187.526869	wall_s	9.319730	setup_s	0.000070	classify_s	8.797875	close_s	0.390907	report_s	0.121754	status	0	sequences	8173049	bases	1459565869	classified	7956066	place	mod	weight	8173049
1771479 sequences (333.19 Mbp) processed in 2.132s (49853.4 Kseq/m, 9376.63 Mbp/m).
  1476454 sequences classified (83.35%)
  295025 sequences unclassified (16.65%)
ak2-sample	batch	1	name	1-SRR5935793	mode	parallel	s3client	sdk	rank	5	role	home	inflight	2	threads	16	start_s	196.846626	wall_s	2.555623	setup_s	0.000047	classify_s	2.132028	close_s	0.252821	report_s	0.162739	status	0	sequences	1771479	bases	333187068	classified	1476454	place	mod	weight	1771479
13817496 sequences (2535.87 Mbp) processed in 13.733s (60370.4 Kseq/m, 11079.53 Mbp/m).
  12277050 sequences classified (88.85%)
  1540446 sequences unclassified (11.15%)
ak2-sample	batch	1	name	1-SRR5935785	mode	parallel	s3client	sdk	rank	5	role	home	inflight	2	threads	16	start_s	187.576791	wall_s	14.143372	setup_s	0.000052	classify_s	13.732714	close_s	0.231855	report_s	0.163306	status	0	sequences	13817496	bases	2535866229	classified	12277050	place	mod	weight	13817496
1539039 sequences (293.66 Mbp) processed in 2.057s (44883.9 Kseq/m, 8564.11 Mbp/m).
  1494119 sequences classified (97.08%)
  44920 sequences unclassified (2.92%)
ak2-sample	batch	1	name	1-SRR5935809	mode	parallel	s3client	sdk	rank	5	role	home	inflight	2	threads	16	start_s	201.720190	wall_s	2.499917	setup_s	0.000066	classify_s	2.057361	close_s	0.311396	report_s	0.126866	status	0	sequences	1539039	bases	293657718	classified	1494119	place	mod	weight	1539039
ak2-engine	mem	t_s	210.2	rss_kib	157316148	hwm_kib	157955024	heap_inuse	9553289216	sys	13896549688	avail_kib	95487252
13162386 sequences (2465.10 Mbp) processed in 13.126s (60164.3 Kseq/m, 11267.78 Mbp/m).
  12297712 sequences classified (93.43%)
  864674 sequences unclassified (6.57%)
ak2-sample	batch	1	name	1-SRR5935801	mode	parallel	s3client	sdk	rank	5	role	home	inflight	2	threads	16	start_s	199.402272	wall_s	13.688397	setup_s	0.000070	classify_s	13.126441	close_s	0.310250	report_s	0.236988	status	0	sequences	13162386	bases	2465096767	classified	12297712	place	mod	weight	13162386
14261195 sequences (2665.70 Mbp) processed in 14.399s (59426.9 Kseq/m, 11108.05 Mbp/m).
  13980324 sequences classified (98.03%)
  280871 sequences unclassified (1.97%)
ak2-sample	batch	1	name	1-SRR5935817	mode	parallel	s3client	sdk	rank	5	role	home	inflight	2	threads	16	start_s	204.220137	wall_s	14.836481	setup_s	0.000082	classify_s	14.398735	close_s	0.223326	report_s	0.205795	status	0	sequences	14261195	bases	2665696979	classified	13980324	place	mod	weight	14261195
11458367 sequences (2115.94 Mbp) processed in 11.586s (59337.8 Kseq/m, 10957.48 Mbp/m).
  9654089 sequences classified (84.25%)
  1804278 sequences unclassified (15.75%)
ak2-sample	batch	1	name	1-SRR5935825	mode	parallel	s3client	sdk	rank	5	role	home	inflight	2	threads	16	start_s	213.090740	wall_s	12.006207	setup_s	0.000081	classify_s	11.586250	close_s	0.218943	report_s	0.182417	status	0	sequences	11458367	bases	2115935464	classified	9654089	place	mod	weight	11458367
ak2-engine	mem	t_s	225.2	rss_kib	157186004	hwm_kib	157955024	heap_inuse	10671734784	sys	13896484152	avail_kib	95744856
12711109 sequences (2382.42 Mbp) processed in 9.806s (77776.2 Kseq/m, 14577.45 Mbp/m).
  11452616 sequences classified (90.10%)
  1258493 sequences unclassified (9.90%)
ak2-sample	batch	1	name	1-SRR5935833	mode	parallel	s3client	sdk	rank	5	role	home	inflight	2	threads	16	start_s	219.056647	wall_s	10.218706	setup_s	0.000067	classify_s	9.805908	close_s	0.216760	report_s	0.179357	status	0	sequences	12711109	bases	2382418955	classified	11452616	place	mod	weight	12711109
ak2-engine	mem	t_s	240.2	rss_kib	152485008	hwm_kib	157955024	heap_inuse	4126015488	sys	13896484152	avail_kib	100194608
ak2-timing	batch-barrier-1	229.275377	13.956975	63	0	10.637404	1.133374
ak2-engine	mem	t_s	255.2	rss_kib	157090096	hwm_kib	157955024	heap_inuse	6400606208	sys	13896484152	avail_kib	96738096
16518263 sequences (3051.28 Mbp) processed in 17.768s (55779.2 Kseq/m, 10303.63 Mbp/m).
  16141470 sequences classified (97.72%)
  376793 sequences unclassified (2.28%)
ak2-sample	batch	2	name	2-SRR5935741	mode	parallel	s3client	sdk	rank	5	role	home	inflight	2	threads	16	start_s	243.232395	wall_s	18.290952	setup_s	0.000050	classify_s	17.768205	close_s	0.230525	report_s	0.282901	status	0	sequences	16518263	bases	3051284850	classified	16141470	place	lpt	weight	16518263
18392491 sequences (3418.71 Mbp) processed in 18.425s (59893.4 Kseq/m, 11132.69 Mbp/m).
  18064386 sequences classified (98.22%)
  328105 sequences unclassified (1.78%)
ak2-sample	batch	2	name	2-SRR5935803	mode	parallel	s3client	sdk	rank	5	role	home	inflight	2	threads	16	start_s	243.232401	wall_s	18.971610	setup_s	0.000049	classify_s	18.425223	close_s	0.279873	report_s	0.256238	status	0	sequences	18392491	bases	3418705365	classified	18064386	place	lpt	weight	18392491
ak2-engine	mem	t_s	270.2	rss_kib	157250636	hwm_kib	157955024	heap_inuse	6532538368	sys	13896484152	avail_kib	96254728
15328347 sequences (2853.53 Mbp) processed in 15.843s (58049.2 Kseq/m, 10806.44 Mbp/m).
  14998872 sequences classified (97.85%)
  329475 sequences unclassified (2.15%)
14615323 sequences (2691.06 Mbp) processed in 15.234s (57564.5 Kseq/m, 10599.13 Mbp/m).
  14358414 sequences classified (98.24%)
  256909 sequences unclassified (1.76%)
ak2-sample	batch	2	name	2-SRR5935744	mode	parallel	s3client	sdk	rank	5	role	home	inflight	2	threads	16	start_s	261.523374	wall_s	16.253652	setup_s	0.000062	classify_s	15.843473	close_s	0.233202	report_s	0.168039	status	0	sequences	15328347	bases	2853526686	classified	14998872	place	lpt	weight	15328347
ak2-sample	batch	2	name	2-SRR5935838	mode	parallel	s3client	sdk	rank	5	role	home	inflight	2	threads	16	start_s	262.204037	wall_s	15.652540	setup_s	0.000065	classify_s	15.233671	close_s	0.272608	report_s	0.138484	status	0	sequences	14615323	bases	2691062094	classified	14358414	place	lpt	weight	14615323
ak2-engine	mem	t_s	285.2	rss_kib	156537404	hwm_kib	157955024	heap_inuse	6832472064	sys	13896615224	avail_kib	96906280
12711109 sequences (2382.42 Mbp) processed in 13.612s (56028.1 Kseq/m, 10501.23 Mbp/m).
  11452616 sequences classified (90.10%)
  1258493 sequences unclassified (9.90%)
13253368 sequences (2414.15 Mbp) processed in 13.932s (57076.8 Kseq/m, 10396.76 Mbp/m).
  12329188 sequences classified (93.03%)
  924180 sequences unclassified (6.97%)
ak2-sample	batch	2	name	2-SRR5935833	mode	parallel	s3client	sdk	rank	5	role	home	inflight	2	threads	16	start_s	277.856603	wall_s	14.266008	setup_s	0.000062	classify_s	13.612223	close_s	0.199174	report_s	0.437009	status	0	sequences	12711109	bases	2382418955	classified	11452616	place	lpt	weight	12711109
ak2-sample	batch	2	name	2-SRR5935804	mode	parallel	s3client	sdk	rank	5	role	home	inflight	2	threads	16	start_s	277.777051	wall_s	14.417780	setup_s	0.000063	classify_s	13.932146	close_s	0.216593	report_s	0.257358	status	0	sequences	13253368	bases	2414153428	classified	12329188	place	lpt	weight	13253368
ak2-engine	mem	t_s	300.2	rss_kib	156823804	hwm_kib	157955024	heap_inuse	6761529344	sys	13896680760	avail_kib	96811016
10554303 sequences (1946.56 Mbp) processed in 11.599s (54593.9 Kseq/m, 10068.93 Mbp/m).
  10062971 sequences classified (95.34%)
  491332 sequences unclassified (4.66%)
11220767 sequences (2068.35 Mbp) processed in 11.668s (57697.9 Kseq/m, 10635.58 Mbp/m).
  10523542 sequences classified (93.79%)
  697225 sequences unclassified (6.21%)
ak2-sample	batch	2	name	2-SRR5935829	mode	parallel	s3client	sdk	rank	5	role	home	inflight	2	threads	16	start_s	292.122639	wall_s	12.090885	setup_s	0.000069	classify_s	11.668477	close_s	0.249117	report_s	0.160923	status	0	sequences	11220767	bases	2068350513	classified	10523542	place	lpt	weight	11220767
ak2-sample	batch	2	name	2-SRR5935778	mode	parallel	s3client	sdk	rank	5	role	home	inflight	2	threads	16	start_s	292.194855	wall_s	12.055670	setup_s	0.000062	classify_s	11.599431	close_s	0.218438	report_s	0.226280	status	0	sequences	10554303	bases	1946564732	classified	10062971	place	lpt	weight	10554303
8173049 sequences (1459.57 Mbp) processed in 8.874s (55258.2 Kseq/m, 9868.17 Mbp/m).
  7956066 sequences classified (97.35%)
  216983 sequences unclassified (2.65%)
ak2-sample	batch	2	name	2-SRR5935777	mode	parallel	s3client	sdk	rank	5	role	home	inflight	2	threads	16	start_s	304.250551	wall_s	9.263605	setup_s	0.000063	classify_s	8.874385	close_s	0.201792	report_s	0.180882	status	0	sequences	8173049	bases	1459565869	classified	7956066	place	lpt	weight	8173049
10054299 sequences (1885.64 Mbp) processed in 10.533s (57274.0 Kseq/m, 10741.50 Mbp/m).
  9575405 sequences classified (95.24%)
  478894 sequences unclassified (4.76%)
ak2-sample	batch	2	name	2-SRR5935786	mode	parallel	s3client	sdk	rank	5	role	home	inflight	2	threads	16	start_s	304.213550	wall_s	10.919745	setup_s	0.000059	classify_s	10.532851	close_s	0.222219	report_s	0.153841	status	0	sequences	10054299	bases	1885642952	classified	9575405	place	lpt	weight	10054299
ak2-engine	mem	t_s	315.2	rss_kib	155970016	hwm_kib	157955024	heap_inuse	7821664256	sys	13896680760	avail_kib	97652616
5174437 sequences (978.78 Mbp) processed in 5.166s (60098.1 Kseq/m, 11367.93 Mbp/m).
  5104140 sequences classified (98.64%)
  70297 sequences unclassified (1.36%)
ak2-sample	batch	2	name	2-SRR5935763	mode	parallel	s3client	sdk	rank	5	role	home	inflight	2	threads	16	start_s	313.514236	wall_s	5.574481	setup_s	0.000063	classify_s	5.165993	close_s	0.238651	report_s	0.161377	status	0	sequences	5174437	bases	978777662	classified	5104140	place	lpt	weight	5174437
5072545 sequences (950.40 Mbp) processed in 4.601s (66154.6 Kseq/m, 12394.83 Mbp/m).
  4982177 sequences classified (98.22%)
  90368 sequences unclassified (1.78%)
ak2-sample	batch	2	name	2-SRR5935814	mode	parallel	s3client	sdk	rank	5	role	home	inflight	2	threads	16	start_s	315.133486	wall_s	4.972292	setup_s	0.000063	classify_s	4.600632	close_s	0.253142	report_s	0.113337	status	0	sequences	5072545	bases	950400325	classified	4982177	place	lpt	weight	5072545
ak2-timing	batch-barrier-2	320.105797	0.242243	0	0	0.003921	0.000000
ak2-timing	barrier	327.161302	0.169236	0	0	0.005628	0.000454
ak2-sample	batch	3	name	3-SRR5935740	mode	striped	s3client	sdk	rank	5	role	peer	inflight	1	threads	16	start_s	321.490589	wall_s	5.840004	setup_s	0.000049	classify_s	5.665068	close_s	0.000000	report_s	0.000000	status	0	sequences	0	bases	0	classified	0	place	-	weight	-
ak2-timing	batch-barrier-3	327.330604	0.624106	0	0	0.005400	0.000000
ak2-engine	mem	t_s	330.2	rss_kib	148946492	hwm_kib	157955024	heap_inuse	2445451264	sys	13896746296	avail_kib	104506080
ak2-timing	barrier	333.874036	0.106038	0	0	0.006015	0.000000
ak2-sample	batch	4	name	4-SRR5935740	mode	striped	s3client	sdk	rank	5	role	peer	inflight	1	threads	16	start_s	328.213263	wall_s	5.766856	setup_s	0.000050	classify_s	5.655038	close_s	0.000000	report_s	0.000000	status	0	sequences	0	bases	0	classified	0	place	-	weight	-
ak2-timing	batch-barrier-4	333.980130	0.474192	1	0	0.006452	0.000197
ak2-timing	barrier	340.517181	0.125991	0	0	0.005314	0.009700
ak2-sample	batch	5	name	5-SRR5935740	mode	striped	s3client	sdk	rank	5	role	peer	inflight	1	threads	16	start_s	334.856746	wall_s	5.786479	setup_s	0.000050	classify_s	5.654868	close_s	0.000000	report_s	0.000000	status	0	sequences	0	bases	0	classified	0	place	-	weight	-
ak2-timing	batch-barrier-5	340.643236	0.666881	3	0	0.004814	0.000387
ak2-engine	mem	t_s	345.2	rss_kib	150601740	hwm_kib	157955024	heap_inuse	4113530880	sys	13896746296	avail_kib	104424152
ak2-timing	batch-barrier-6	341.310136	6.909004	0	0	1.522442	0.119820
ak2-timing	batch-barrier-7	348.219161	6.949914	0	0	1.493673	0.252192
ak2-engine	mem	t_s	360.2	rss_kib	150601740	hwm_kib	157955024	heap_inuse	4114956288	sys	13896746296	avail_kib	105197196
ak2-timing	batch-barrier-8	355.169096	5.928989	0	0	1.409248	0.086147
ak2-engine	shard	0	n	8	lo	185795573713	hi	222954688456	tail	302	full	false	empty_at	37159114743	keys	16947878124	batches	89910	probe_s	452.358889	tail_probes	0	wrap_probes	0
ak2-engine	mem	t_s	361.1	rss_kib	150601740	hwm_kib	157955024	heap_inuse	4114964480	sys	13896746296	avail_kib	105240604
ak2-engine	rendezvous	puts	13	gets	245
ak2-engine	s3	client	sdk	put	49	get	245	create_multipart	36	upload_part	4306	complete_multipart	36	abort_multipart	0	part_bytes	35965409417
ak2-engine	s3	client	cli	put	0	get	0	create_multipart	0	upload_part	0	complete_multipart	0	abort_multipart	0	part_bytes	0
ak2-engine	load	seconds	83.152338	requests	2233	retries	0	bytes	148636525780
ak2-engine	route	transport	nodes	calls	10858	keys	16383026379	batches	86864	route_s	198.668977	wait_s	614.855524	gather_s	40.132499
ak2-engine	worker	scan_s	1523.882304	lookup_s	853.668799	classify_s	1314.394748
ak2-timing	total	0.000001	361.370068	15184329	0	3227.106304	259.749473
