Loading database information...ak2-timing	opts	0.000462	0.000012	3	0	0.000014	0.000000
ak2-timing	taxo	0.000481	0.115874	87896	0	0.044596	0.086912
ak2-timing	shard-load-7	0.193596	82.722069	78081	0	112.282451	137.413424
ak2-timing	rendezvous	83.401007	5.905714	8452	0	0.335592	0.019732
ak2-timing	connect	89.306740	0.027367	1092	0	0.030564	0.000000
ak2-timing	hash	0.116440	89.217688	89773	0	112.660659	137.436443
 done.
3036382 sequences (569.20 Mbp) processed in 2.143s (84993.6 Kseq/m, 15933.00 Mbp/m).
  2817388 sequences classified (92.79%)
  218994 sequences unclassified (7.21%)
ak2-sample	batch	0	name	0-SRR5935747	mode	parallel	s3client	sdk	rank	7	role	home	inflight	1	threads	16	start_s	89.334145	wall_s	2.769686	setup_s	0.000047	classify_s	2.143492	close_s	0.418073	report_s	0.201724	status	0	sequences	3036382	bases	569204188	classified	2817388
ak2-timing	batch-barrier-0	92.103849	18.517876	29	0	9.640420	0.531856
3036382 sequences (569.20 Mbp) processed in 2.073s (87894.2 Kseq/m, 16476.76 Mbp/m).
  2817388 sequences classified (92.79%)
  218994 sequences unclassified (7.21%)
ak2-sample	batch	1	name	1-SRR5935747	mode	parallel	s3client	sdk	rank	7	role	home	inflight	2	threads	16	start_s	110.621747	wall_s	2.519147	setup_s	0.000056	classify_s	2.072753	close_s	0.229122	report_s	0.210950	status	0	sequences	3036382	bases	569204188	classified	2817388
ak2-timing	batch-barrier-1	113.140916	14.620380	2	0	9.190637	0.774830
3036382 sequences (569.20 Mbp) processed in 3.072s (59305.8 Kseq/m, 11117.54 Mbp/m).
  2817388 sequences classified (92.79%)
  218994 sequences unclassified (7.21%)
ak2-sample	batch	2	name	2-SRR5935747	mode	parallel	s3client	sdk	rank	7	role	home	inflight	2	threads	8	start_s	127.761322	wall_s	3.552651	setup_s	0.000051	classify_s	3.071925	close_s	0.306463	report_s	0.169388	status	0	sequences	3036382	bases	569204188	classified	2817388
ak2-timing	batch-barrier-2	131.313998	14.597358	5	0	9.266550	0.930002
3036382 sequences (569.20 Mbp) processed in 4.770s (38192.8 Kseq/m, 7159.68 Mbp/m).
  2817388 sequences classified (92.79%)
  218994 sequences unclassified (7.21%)
ak2-sample	batch	3	name	3-SRR5935747	mode	parallel	s3client	cli	rank	7	role	home	inflight	1	threads	16	start_s	145.911382	wall_s	6.277868	setup_s	0.000052	classify_s	4.770084	close_s	1.038013	report_s	0.463451	status	0	sequences	3036382	bases	569204188	classified	2817388
ak2-timing	batch-barrier-3	152.189285	41.339322	9	0	8.404864	1.038646
ak2-timing	barrier	199.527774	0.131120	0	0	0.006056	0.000000
ak2-sample	batch	4	name	4-SRR5935740	mode	striped	s3client	sdk	rank	7	role	peer	inflight	1	threads	16	start_s	193.837525	wall_s	5.821413	setup_s	0.000045	classify_s	5.684503	close_s	0.000000	report_s	0.000000	status	0	sequences	0	bases	0	classified	0
ak2-timing	barrier	209.944103	0.005469	0	0	0.000017	0.000007
ak2-sample	batch	4	name	4-SRR5935741	mode	striped	s3client	sdk	rank	7	role	peer	inflight	1	threads	16	start_s	200.425612	wall_s	9.524005	setup_s	0.000055	classify_s	9.514850	close_s	0.000000	report_s	0.000000	status	0	sequences	0	bases	0	classified	0
ak2-timing	barrier	217.413640	0.267245	0	0	0.030129	0.000816
ak2-sample	batch	4	name	4-SRR5935742	mode	striped	s3client	sdk	rank	7	role	peer	inflight	1	threads	16	start_s	210.775837	wall_s	6.905102	setup_s	0.000052	classify_s	6.633764	close_s	0.000000	report_s	0.000000	status	0	sequences	0	bases	0	classified	0
ak2-timing	barrier	218.468501	0.295735	0	0	0.027908	0.000000
ak2-sample	batch	4	name	4-SRR5935743	mode	striped	s3client	sdk	rank	7	role	peer	inflight	1	threads	16	start_s	218.359725	wall_s	0.404552	setup_s	0.000055	classify_s	0.108702	close_s	0.000000	report_s	0.000000	status	0	sequences	0	bases	0	classified	0
ak2-timing	barrier	228.357337	0.107317	0	0	0.005148	0.000000
ak2-sample	batch	4	name	4-SRR5935744	mode	striped	s3client	sdk	rank	7	role	peer	inflight	1	threads	16	start_s	219.883131	wall_s	8.581575	setup_s	0.000052	classify_s	8.470541	close_s	0.000000	report_s	0.000000	status	0	sequences	0	bases	0	classified	0
ak2-timing	barrier	235.004054	0.056986	0	0	0.000070	0.000026
ak2-sample	batch	4	name	4-SRR5935745	mode	striped	s3client	sdk	rank	7	role	peer	inflight	1	threads	16	start_s	229.047907	wall_s	6.013184	setup_s	0.000064	classify_s	5.951617	close_s	0.000000	report_s	0.000000	status	0	sequences	0	bases	0	classified	0
ak2-timing	barrier	241.739663	0.048457	0	0	0.000060	0.000022
ak2-sample	batch	4	name	4-SRR5935746	mode	striped	s3client	sdk	rank	7	role	peer	inflight	1	threads	16	start_s	235.762322	wall_s	6.025842	setup_s	0.000053	classify_s	5.974623	close_s	0.000000	report_s	0.000000	status	0	sequences	0	bases	0	classified	0
ak2-timing	barrier	244.721646	0.021063	0	0	0.000068	0.000024
ak2-sample	batch	4	name	4-SRR5935747	mode	striped	s3client	sdk	rank	7	role	peer	inflight	1	threads	16	start_s	242.807109	wall_s	1.935645	setup_s	0.000053	classify_s	1.912411	close_s	0.000000	report_s	0.000000	status	0	sequences	0	bases	0	classified	0
ak2-timing	barrier	251.967748	0.145224	0	0	0.017911	0.000000
ak2-sample	batch	4	name	4-SRR5935748	mode	striped	s3client	sdk	rank	7	role	peer	inflight	1	threads	16	start_s	245.550683	wall_s	6.562345	setup_s	0.000050	classify_s	6.411771	close_s	0.000000	report_s	0.000000	status	0	sequences	0	bases	0	classified	0
ak2-timing	barrier	262.822290	0.113220	0	0	0.004659	0.000000
ak2-sample	batch	4	name	4-SRR5935749	mode	striped	s3client	sdk	rank	7	role	peer	inflight	1	threads	16	start_s	252.774014	wall_s	10.161549	setup_s	0.000059	classify_s	10.045432	close_s	0.000000	report_s	0.000000	status	0	sequences	0	bases	0	classified	0
ak2-timing	batch-barrier-4	262.935573	1.062157	0	0	0.006374	0.000242
ak2-engine	shard	0	n	8	lo	260113803199	hi	297272917942	tail	302	full	false	empty_at	37159114742	keys	2745212835	batches	14540	probe_s	65.583653	tail_probes	0	wrap_probes	0
ak2-engine	rendezvous	puts	16	gets	500
ak2-engine	s3	client	sdk	put	19	get	500	create_multipart	3	upload_part	108	complete_multipart	3	abort_multipart	0	part_bytes	890389170
ak2-engine	s3	client	cli	put	1	get	0	create_multipart	1	upload_part	36	complete_multipart	1	abort_multipart	0	part_bytes	296796390
ak2-engine	load	seconds	82.722065	requests	2234	retries	0	bytes	148636525780
ak2-engine	route	transport	nodes	calls	684	keys	1034960903	batches	5472	route_s	9.674465	wait_s	16.229328	gather_s	2.537016
ak2-engine	worker	scan_s	76.188491	lookup_s	28.441405	classify_s	58.722589
ak2-timing	total	0.000001	264.273436	7405347	0	484.087191	151.591499
