Loading database information...ak2-timing	opts	0.000085	0.000010	2	0	0.000010	0.000000
ak2-timing	taxo	0.000106	0.095800	87932	0	0.025447	0.086070
ak2-timing	shard-load-0	0.164106	82.751289	78205	0	114.966740	143.545982
ak2-timing	rendezvous	83.391608	0.283195	206	0	0.004368	0.000000
ak2-timing	connect	83.674819	0.017582	7	0	0.000537	0.000000
ak2-timing	hash	0.095952	83.596461	80608	0	114.973345	143.559479
 done.
10532910 sequences (1945.09 Mbp) processed in 5.894s (107223.1 Kseq/m, 19800.69 Mbp/m).
  9366399 sequences classified (88.93%)
  1166511 sequences unclassified (11.07%)
ak2-sample	batch	0	name	SRR5935740	mode	parallel	s3client	sdk	rank	0	role	home	inflight	1	threads	16	start_s	83.692426	wall_s	6.270281	setup_s	0.000044	classify_s	5.894018	close_s	0.202901	report_s	0.157091	status	0	sequences	10532910	bases	1945093294	classified	9366399
ak2-timing	batch-barrier-0	89.962723	0.253775	7	0	0.003788	0.000000
ak2-engine	shard	0	n	8	lo	0	hi	37159114742	tail	302	full	false	empty_at	37159114756	keys	51999377	batches	276	probe_s	1.579808	tail_probes	0	wrap_probes	0
ak2-engine	rendezvous	puts	2	gets	16
ak2-engine	s3	client	sdk	put	3	get	16	create_multipart	1	upload_part	113	complete_multipart	1	abort_multipart	0	part_bytes	946738756
ak2-engine	s3	client	cli	put	0	get	0	create_multipart	0	upload_part	0	complete_multipart	0	abort_multipart	0	part_bytes	0
ak2-engine	load	seconds	82.751286	requests	2233	retries	0	bytes	148636525776
ak2-engine	route	transport	nodes	calls	276	keys	415804127	batches	2208	route_s	3.592721	wait_s	3.545830	gather_s	0.869339
ak2-engine	worker	scan_s	26.239250	lookup_s	8.008076	classify_s	21.855290
ak2-timing	total	0.000001	90.490407	1480471	0	183.963920	144.598279
