Loading database information...ak2-timing	opts	0.002965	0.000017	0	0	0.000018	0.000000
ak2-timing	taxo	0.002990	0.113638	87807	0	0.033517	0.082871
ak2-timing	shard-load-5	0.183687	14.546613	24186	0	23.174307	19.719732
ak2-engine	mem	t_s	15.0	rss_kib	36684612	hwm_kib	36684620	heap_inuse	404987904	sys	439662952	avail_kib	58102176
ak2-engine	mem	t_s	30.0	rss_kib	36697456	hwm_kib	36697464	heap_inuse	418545664	sys	448117096	avail_kib	58563444
ak2-engine	mem	t_s	45.0	rss_kib	36706616	hwm_kib	36706620	heap_inuse	427900928	sys	460700008	avail_kib	58749612
ak2-engine	mem	t_s	60.0	rss_kib	36713112	hwm_kib	36713116	heap_inuse	434348032	sys	465221992	avail_kib	58713396
ak2-timing	rendezvous	15.143980	52.698334	15982	0	0.269919	0.073179
ak2-timing	connect	67.842332	0.163974	2210	0	0.119479	0.015945
ak2-timing	hash	0.116717	67.889616	44308	0	23.576471	19.811677
 done.
297656 sequences (54.18 Mbp) processed in 1.168s (15296.3 Kseq/m, 2784.07 Mbp/m).
  290837 sequences classified (97.71%)
  6819 sequences unclassified (2.29%)
ak2-sample	batch	0	name	0-SRR5935821	mode	parallel	s3client	sdk	rank	5	role	home	inflight	6	threads	16	start_s	68.006385	wall_s	1.869612	setup_s	0.000057	classify_s	1.167564	close_s	0.539155	report_s	0.161605	status	0	sequences	297656	bases	54176352	classified	290837	place	lpt	weight	297656
3036382 sequences (569.20 Mbp) processed in 4.030s (45208.8 Kseq/m, 8474.89 Mbp/m).
  2817388 sequences classified (92.79%)
  218994 sequences unclassified (7.21%)
ak2-sample	batch	0	name	0-SRR5935747	mode	parallel	s3client	sdk	rank	5	role	home	inflight	6	threads	16	start_s	68.006404	wall_s	4.554766	setup_s	0.000055	classify_s	4.029816	close_s	0.347167	report_s	0.171239	status	0	sequences	3036382	bases	569204188	classified	2817388	place	lpt	weight	3036382
ak2-engine	mem	t_s	75.0	rss_kib	56804724	hwm_kib	56810856	heap_inuse	11169701888	sys	21538282568	avail_kib	38410880
10590116 sequences (1935.91 Mbp) processed in 7.909s (80344.4 Kseq/m, 14687.22 Mbp/m).
  10426493 sequences classified (98.45%)
  163623 sequences unclassified (1.55%)
ak2-sample	batch	0	name	0-SRR5935765	mode	parallel	s3client	sdk	rank	5	role	home	inflight	6	threads	16	start_s	68.006385	wall_s	8.323725	setup_s	0.000066	classify_s	7.908544	close_s	0.267598	report_s	0.141411	status	0	sequences	10590116	bases	1935908855	classified	10426493	place	lpt	weight	10590116
18392491 sequences (3418.71 Mbp) processed in 11.895s (92773.4 Kseq/m, 17244.27 Mbp/m).
  18064386 sequences classified (98.22%)
  328105 sequences unclassified (1.78%)
ak2-sample	batch	0	name	0-SRR5935803	mode	parallel	s3client	sdk	rank	5	role	home	inflight	6	threads	16	start_s	68.006397	wall_s	12.378996	setup_s	0.000055	classify_s	11.895104	close_s	0.220997	report_s	0.254095	status	0	sequences	18392491	bases	3418705365	classified	18064386	place	lpt	weight	18392491
ak2-timing	batch-barrier-0	80.385419	1.311706	2	0	0.071234	0.000153
1539039 sequences (293.66 Mbp) processed in 2.186s (42248.1 Kseq/m, 8061.18 Mbp/m).
  1494119 sequences classified (97.08%)
  44920 sequences unclassified (2.92%)
ak2-sample	batch	1	name	1-SRR5935809	mode	parallel	s3client	sdk	rank	5	role	home	inflight	6	threads	16	start_s	81.697155	wall_s	2.624609	setup_s	0.000051	classify_s	2.185718	close_s	0.314840	report_s	0.119541	status	0	sequences	1539039	bases	293657718	classified	1494119	place	mod	weight	1539039
8173049 sequences (1459.57 Mbp) processed in 6.048s (81088.5 Kseq/m, 14481.01 Mbp/m).
  7956066 sequences classified (97.35%)
  216983 sequences unclassified (2.65%)
ak2-sample	batch	1	name	1-SRR5935777	mode	parallel	s3client	sdk	rank	5	role	home	inflight	6	threads	16	start_s	81.697181	wall_s	6.442538	setup_s	0.000041	classify_s	6.047502	close_s	0.248607	report_s	0.139872	status	0	sequences	8173049	bases	1459565869	classified	7956066	place	mod	weight	8173049
10492437 sequences (1984.14 Mbp) processed in 6.915s (91037.6 Kseq/m, 17215.39 Mbp/m).
  9889429 sequences classified (94.25%)
  603008 sequences unclassified (5.75%)
ak2-sample	batch	1	name	1-SRR5935745	mode	parallel	s3client	sdk	rank	5	role	home	inflight	6	threads	16	start_s	81.697174	wall_s	7.347875	setup_s	0.000040	classify_s	6.915235	close_s	0.255621	report_s	0.165928	status	0	sequences	10492437	bases	1984140901	classified	9889429	place	mod	weight	10492437
ak2-engine	mem	t_s	90.0	rss_kib	48946356	hwm_kib	56810856	heap_inuse	7822761984	sys	21538774088	avail_kib	41156024
ak2-timing	batch-barrier-1	89.045070	8.517704	7	0	9.637649	1.371561
297656 sequences (54.18 Mbp) processed in 1.036s (17236.9 Kseq/m, 3137.29 Mbp/m).
  290837 sequences classified (97.71%)
  6819 sequences unclassified (2.29%)
ak2-sample	batch	2	name	2-SRR5935821	mode	parallel	s3client	sdk	rank	5	role	home	inflight	6	threads	16	start_s	97.562826	wall_s	1.588924	setup_s	0.000047	classify_s	1.036110	close_s	0.417841	report_s	0.132941	status	0	sequences	297656	bases	54176352	classified	290837	place	lpt	weight	297656
3036382 sequences (569.20 Mbp) processed in 4.022s (45294.2 Kseq/m, 8490.91 Mbp/m).
  2817388 sequences classified (92.79%)
  218994 sequences unclassified (7.21%)
ak2-sample	batch	2	name	2-SRR5935747	mode	parallel	s3client	sdk	rank	5	role	home	inflight	6	threads	16	start_s	97.562837	wall_s	4.778225	setup_s	0.000042	classify_s	4.022212	close_s	0.621229	report_s	0.128013	status	0	sequences	3036382	bases	569204188	classified	2817388	place	lpt	weight	3036382
ak2-engine	mem	t_s	105.0	rss_kib	52328460	hwm_kib	56810856	heap_inuse	7827849216	sys	21542845512	avail_kib	39168180
10590116 sequences (1935.91 Mbp) processed in 8.232s (77189.2 Kseq/m, 14110.44 Mbp/m).
  10426493 sequences classified (98.45%)
  163623 sequences unclassified (1.55%)
ak2-sample	batch	2	name	2-SRR5935765	mode	parallel	s3client	sdk	rank	5	role	home	inflight	6	threads	16	start_s	97.562831	wall_s	8.764597	setup_s	0.000046	classify_s	8.231815	close_s	0.295017	report_s	0.231316	status	0	sequences	10590116	bases	1935908855	classified	10426493	place	lpt	weight	10590116
18392491 sequences (3418.71 Mbp) processed in 11.847s (93147.8 Kseq/m, 17313.86 Mbp/m).
  18064386 sequences classified (98.22%)
  328105 sequences unclassified (1.78%)
ak2-sample	batch	2	name	2-SRR5935803	mode	parallel	s3client	sdk	rank	5	role	home	inflight	6	threads	16	start_s	97.562847	wall_s	12.269466	setup_s	0.000054	classify_s	11.847294	close_s	0.228240	report_s	0.185023	status	0	sequences	18392491	bases	3418705365	classified	18064386	place	lpt	weight	18392491
ak2-timing	batch-barrier-2	109.832334	1.890339	1	0	0.170133	0.034176
ak2-timing	barrier	118.671590	0.514493	0	0	0.014437	0.001493
ak2-sample	batch	3	name	3-SRR5935740	mode	striped	s3client	sdk	rank	5	role	peer	inflight	1	threads	16	start_s	113.111371	wall_s	6.074773	setup_s	0.000048	classify_s	5.557780	close_s	0.000000	report_s	0.000000	status	0	sequences	0	bases	0	classified	0	place	-	weight	-
ak2-engine	mem	t_s	120.0	rss_kib	39300856	hwm_kib	56810856	heap_inuse	2157281280	sys	21542845512	avail_kib	51529536
ak2-timing	batch-barrier-3	119.186154	0.891157	13	0	0.009463	0.000000
ak2-timing	barrier	126.805122	0.269920	0	0	0.014269	0.000000
ak2-sample	batch	4	name	4-SRR5935740	mode	striped	s3client	sdk	rank	5	role	peer	inflight	1	threads	16	start_s	121.252435	wall_s	5.822653	setup_s	0.000051	classify_s	5.550297	close_s	0.000000	report_s	0.000000	status	0	sequences	0	bases	0	classified	0	place	-	weight	-
ak2-timing	batch-barrier-4	127.075097	0.910473	16	0	0.008274	0.000265
ak2-timing	barrier	134.739652	0.237645	0	0	0.011215	0.000122
ak2-sample	batch	5	name	5-SRR5935740	mode	striped	s3client	sdk	rank	5	role	peer	inflight	1	threads	16	start_s	129.187253	wall_s	5.790096	setup_s	0.000047	classify_s	5.549999	close_s	0.000000	report_s	0.000000	status	0	sequences	0	bases	0	classified	0	place	-	weight	-
ak2-engine	mem	t_s	135.0	rss_kib	39235224	hwm_kib	56810856	heap_inuse	2223218688	sys	21542845512	avail_kib	55348744
ak2-timing	batch-barrier-5	134.977358	0.896908	72	0	0.008542	0.000859
ak2-timing	batch-barrier-6	135.874288	7.530104	321	0	0.318732	0.056848
ak2-timing	batch-barrier-7	143.404418	6.466010	440	0	0.337742	0.033797
ak2-engine	mem	t_s	150.0	rss_kib	39238896	hwm_kib	56810856	heap_inuse	2227994624	sys	21542845512	avail_kib	56006492
ak2-timing	batch-barrier-8	149.870453	7.511430	488	0	0.304893	0.068470
ak2-engine	shard	0	n	32	lo	46448893428	hi	55738672114	tail	302	full	false	empty_at	9289778692	keys	4246408017	batches	89910	probe_s	89.347360	tail_probes	0	wrap_probes	0
ak2-engine	mem	t_s	157.4	rss_kib	39240340	hwm_kib	56810856	heap_inuse	2229526528	sys	21542845512	avail_kib	56117008
ak2-engine	rendezvous	puts	13	gets	1352
ak2-engine	s3	client	sdk	put	24	get	1352	create_multipart	11	upload_part	885	complete_multipart	11	abort_multipart	0	part_bytes	7367350581
ak2-engine	s3	client	cli	put	0	get	0	create_multipart	0	upload_part	0	complete_multipart	0	abort_multipart	0	part_bytes	0
ak2-engine	load	seconds	14.546610	requests	572	retries	0	bytes	37159181552
ak2-engine	route	transport	nodes	calls	2257	keys	3399369070	batches	72224	route_s	33.505846	wait_s	404.598153	gather_s	7.532187
ak2-engine	worker	scan_s	276.293945	lookup_s	445.637580	classify_s	193.223264
ak2-timing	total	0.000001	157.451619	12096862	0	746.519102	75.221124
