Loading database information...ak2-timing	opts	0.003115	0.000017	0	0	0.000019	0.000000
ak2-timing	taxo	0.003140	0.114932	87900	0	0.012509	0.105577
ak2-timing	shard-load-10	0.182166	14.582742	24249	0	16.618740	14.291505
ak2-engine	mem	t_s	15.0	rss_kib	36684936	hwm_kib	36684940	heap_inuse	404897792	sys	436058472	avail_kib	58154964
ak2-engine	mem	t_s	30.0	rss_kib	36695128	hwm_kib	36695132	heap_inuse	415719424	sys	444709224	avail_kib	58573192
ak2-engine	mem	t_s	45.0	rss_kib	36702924	hwm_kib	36702928	heap_inuse	423583744	sys	453097832	avail_kib	58720900
ak2-timing	rendezvous	15.260827	41.358683	5036	0	0.067597	0.038437
ak2-timing	connect	56.619527	0.057070	11	0	0.001100	0.000950
ak2-timing	hash	0.118158	56.558457	31125	0	16.699696	14.333724
 done.
ak2-engine	mem	t_s	60.0	rss_kib	52872208	hwm_kib	52872208	heap_inuse	15962120192	sys	17401194616	avail_kib	42355280
9108174 sequences (1698.33 Mbp) processed in 8.983s (60832.9 Kseq/m, 11343.05 Mbp/m).
  8923230 sequences classified (97.97%)
  184944 sequences unclassified (2.03%)
ak2-sample	batch	0	name	0-SRR5935812	mode	parallel	s3client	sdk	rank	10	role	home	inflight	6	threads	16	start_s	56.676650	wall_s	9.668009	setup_s	0.000039	classify_s	8.983471	close_s	0.548885	report_s	0.128370	status	0	sequences	9108174	bases	1698332428	classified	8923230	place	lpt	weight	9108174
11073410 sequences (2024.07 Mbp) processed in 10.062s (66030.0 Kseq/m, 12069.42 Mbp/m).
  10832572 sequences classified (97.83%)
  240838 sequences unclassified (2.17%)
ak2-sample	batch	0	name	0-SRR5935788	mode	parallel	s3client	sdk	rank	10	role	home	inflight	6	threads	16	start_s	56.676665	wall_s	10.564057	setup_s	0.000039	classify_s	10.062164	close_s	0.361899	report_s	0.133589	status	0	sequences	11073410	bases	2024074094	classified	10832572	place	lpt	weight	11073410
16518263 sequences (3051.28 Mbp) processed in 11.620s (85293.6 Kseq/m, 15755.59 Mbp/m).
  16141470 sequences classified (97.72%)
  376793 sequences unclassified (2.28%)
ak2-sample	batch	0	name	0-SRR5935741	mode	parallel	s3client	sdk	rank	10	role	home	inflight	6	threads	16	start_s	56.676654	wall_s	12.036434	setup_s	0.000041	classify_s	11.619819	close_s	0.257418	report_s	0.150402	status	0	sequences	16518263	bases	3051284850	classified	16141470	place	lpt	weight	16518263
ak2-timing	batch-barrier-0	68.713108	2.949104	696	0	0.623401	0.101487
ak2-engine	mem	t_s	75.0	rss_kib	54815412	hwm_kib	55693364	heap_inuse	18083749888	sys	20199578376	avail_kib	39149588
5072545 sequences (950.40 Mbp) processed in 5.954s (51118.7 Kseq/m, 9577.68 Mbp/m).
  4982177 sequences classified (98.22%)
  90368 sequences unclassified (1.78%)
ak2-sample	batch	1	name	1-SRR5935814	mode	parallel	s3client	sdk	rank	10	role	home	inflight	6	threads	16	start_s	71.662241	wall_s	6.430399	setup_s	0.000054	classify_s	5.953847	close_s	0.293560	report_s	0.177687	status	0	sequences	5072545	bases	950400325	classified	4982177	place	mod	weight	5072545
6552107 sequences (1182.80 Mbp) processed in 6.175s (63662.0 Kseq/m, 11492.37 Mbp/m).
  6331866 sequences classified (96.64%)
  220241 sequences unclassified (3.36%)
ak2-sample	batch	1	name	1-SRR5935750	mode	parallel	s3client	sdk	rank	10	role	home	inflight	6	threads	16	start_s	71.662255	wall_s	6.686810	setup_s	0.000044	classify_s	6.175213	close_s	0.349052	report_s	0.156372	status	0	sequences	6552107	bases	1182796919	classified	6331866	place	mod	weight	6552107
10128070 sequences (1876.81 Mbp) processed in 7.733s (78580.5 Kseq/m, 14561.58 Mbp/m).
  9942775 sequences classified (98.17%)
  185295 sequences unclassified (1.83%)
ak2-sample	batch	1	name	1-SRR5935782	mode	parallel	s3client	sdk	rank	10	role	home	inflight	6	threads	16	start_s	71.662261	wall_s	8.257263	setup_s	0.000038	classify_s	7.733273	close_s	0.374392	report_s	0.143581	status	0	sequences	10128070	bases	1876810820	classified	9942775	place	mod	weight	10128070
ak2-timing	batch-barrier-1	79.919549	7.042528	6	0	5.740080	0.992366
ak2-engine	mem	t_s	90.0	rss_kib	53645468	hwm_kib	56193084	heap_inuse	11826839552	sys	20495010648	avail_kib	39758728
9108174 sequences (1698.33 Mbp) processed in 8.931s (61190.4 Kseq/m, 11409.71 Mbp/m).
  8923230 sequences classified (97.97%)
  184944 sequences unclassified (2.03%)
ak2-sample	batch	2	name	2-SRR5935812	mode	parallel	s3client	sdk	rank	10	role	home	inflight	6	threads	16	start_s	86.962127	wall_s	9.410672	setup_s	0.000043	classify_s	8.930987	close_s	0.307456	report_s	0.165372	status	0	sequences	9108174	bases	1698332428	classified	8923230	place	lpt	weight	9108174
11073410 sequences (2024.07 Mbp) processed in 9.552s (69557.9 Kseq/m, 12714.27 Mbp/m).
  10832572 sequences classified (97.83%)
  240838 sequences unclassified (2.17%)
ak2-sample	batch	2	name	2-SRR5935788	mode	parallel	s3client	sdk	rank	10	role	home	inflight	6	threads	16	start_s	86.962137	wall_s	10.013640	setup_s	0.000034	classify_s	9.551824	close_s	0.318792	report_s	0.136375	status	0	sequences	11073410	bases	2024074094	classified	10832572	place	lpt	weight	11073410
16518263 sequences (3051.28 Mbp) processed in 12.015s (82488.9 Kseq/m, 15237.51 Mbp/m).
  16141470 sequences classified (97.72%)
  376793 sequences unclassified (2.28%)
ak2-sample	batch	2	name	2-SRR5935741	mode	parallel	s3client	sdk	rank	10	role	home	inflight	6	threads	16	start_s	86.962130	wall_s	12.667684	setup_s	0.000049	classify_s	12.014895	close_s	0.471883	report_s	0.172422	status	0	sequences	16518263	bases	3051284850	classified	16141470	place	lpt	weight	16518263
ak2-timing	batch-barrier-2	99.629834	1.794448	0	0	0.122649	0.000000
ak2-engine	mem	t_s	105.0	rss_kib	40496304	hwm_kib	56273648	heap_inuse	1504952320	sys	20617010024	avail_kib	50552348
ak2-timing	barrier	108.207841	0.447193	0	0	0.008402	0.000751
ak2-sample	batch	3	name	3-SRR5935740	mode	striped	s3client	sdk	rank	10	role	peer	inflight	1	threads	16	start_s	102.581411	wall_s	6.073669	setup_s	0.000056	classify_s	5.623704	close_s	0.000000	report_s	0.000000	status	0	sequences	0	bases	0	classified	0	place	-	weight	-
ak2-timing	batch-barrier-3	108.655096	0.909107	154	0	0.007516	0.000672
ak2-timing	barrier	116.351926	0.192070	0	0	0.008191	0.000724
ak2-sample	batch	4	name	4-SRR5935740	mode	striped	s3client	sdk	rank	10	role	peer	inflight	1	threads	16	start_s	110.720498	wall_s	5.823547	setup_s	0.000046	classify_s	5.628789	close_s	0.000000	report_s	0.000000	status	0	sequences	0	bases	0	classified	0	place	-	weight	-
ak2-timing	batch-barrier-4	116.544054	0.892654	181	0	0.008033	0.000711
ak2-engine	mem	t_s	120.0	rss_kib	38128036	hwm_kib	56273648	heap_inuse	1431429120	sys	20617010024	avail_kib	56023072
ak2-timing	barrier	124.269736	0.176514	0	0	0.007337	0.000000
ak2-sample	batch	5	name	5-SRR5935740	mode	striped	s3client	sdk	rank	10	role	peer	inflight	1	threads	16	start_s	118.656836	wall_s	5.789458	setup_s	0.000049	classify_s	5.610427	close_s	0.000000	report_s	0.000000	status	0	sequences	0	bases	0	classified	0	place	-	weight	-
ak2-timing	batch-barrier-5	124.446302	0.897626	115	0	0.008102	0.000481
ak2-timing	batch-barrier-6	125.343949	7.587234	268	0	0.320732	0.047062
ak2-engine	mem	t_s	135.0	rss_kib	39222572	hwm_kib	56273648	heap_inuse	2188075008	sys	20617010024	avail_kib	55984444
ak2-timing	batch-barrier-7	132.931203	6.479985	240	0	0.328922	0.037275
ak2-timing	batch-barrier-8	139.411212	7.531022	339	0	0.321710	0.041897
ak2-engine	shard	0	n	32	lo	92897786856	hi	102187565542	tail	302	full	false	empty_at	9289778685	keys	4243772391	batches	89910	probe_s	88.379182	tail_probes	0	wrap_probes	0
ak2-engine	mem	t_s	146.9	rss_kib	39223972	hwm_kib	56273648	heap_inuse	2190065664	sys	20617010024	avail_kib	56151248
ak2-engine	rendezvous	puts	13	gets	1141
ak2-engine	s3	client	sdk	put	22	get	1141	create_multipart	9	upload_part	985	complete_multipart	9	abort_multipart	0	part_bytes	8247247245
ak2-engine	s3	client	cli	put	0	get	0	create_multipart	0	upload_part	0	complete_multipart	0	abort_multipart	0	part_bytes	0
ak2-engine	load	seconds	14.582738	requests	572	retries	0	bytes	37159181552
ak2-engine	route	transport	nodes	calls	2517	keys	3796326632	batches	80544	route_s	36.300222	wait_s	630.939779	gather_s	8.031881
ak2-engine	worker	scan_s	282.263715	lookup_s	675.273513	classify_s	213.721874
ak2-timing	total	0.000001	147.008439	9543786	0	793.427502	69.574644
