stage-cohort: shell flags huB (on instance: 1)
stage-cohort: ranks 11..1000, every 12th from offset 4; 6 files at once, 4 ranges each
stage-cohort: SRR5935766_1.fastq.gz present (md5 89e9119fc936f6d3a0d9bce18cf8e71e)
stage-cohort: SRR5935778_2.fastq.gz present (md5 b8910fdb06382d4364569c5b49205201)
stage-cohort: SRR5935754_2.fastq.gz present (md5 50d2e98a22154354479399a8ab148690)
stage-cohort: SRR5935766_2.fastq.gz present (md5 bf407237218479e029130909391508ea)
stage-cohort: SRR5935754_1.fastq.gz present (md5 e08a74e402207afc00ef542f9d4c694e)
stage-cohort: SRR5935778_1.fastq.gz present (md5 d09763a98b2491414cb7825c65b6fab3)
stage-cohort: SRR5935802_1.fastq.gz present (md5 f5af63c931443d6708036e22fefd8afc)
stage-cohort: SRR5935790_1.fastq.gz present (md5 e4f3066b596d6de08075680ff38b94a8)
stage-cohort: SRR5935790_2.fastq.gz present (md5 eb1f3ff4910c5d41ed78f0a2d8e42e77)
stage-cohort: SRR5935802_2.fastq.gz present (md5 9b6eace69903496da0a7b8788d55d5cd)
stage-cohort: SRR5935814_1.fastq.gz present (md5 8e9473604f64d10884d3cc54d54c71c2)
stage-cohort: SRR5935814_2.fastq.gz present (md5 b32442ef72bb4518aff0075cf8cadd93)
stage-cohort: SRR5935850_1.fastq.gz present (md5 eafadaa26ce3d4acda685d50341364f2)
stage-cohort: SRR5935826_1.fastq.gz present (md5 f6756502fe42c09722ff1ee207d37ea0)
stage-cohort: SRR5935838_2.fastq.gz present (md5 24635c2758bdbb9f1f2f867e710922e5)
stage-cohort: SRR5935826_2.fastq.gz present (md5 718587bc1e0ce7f824bea9ade7c56403)
stage-cohort: SRR5935838_1.fastq.gz present (md5 ea384e0de5dcdc388040571676d4d749)
stage-cohort: SRR5935850_2.fastq.gz present (md5 ffd19ca52b9705f05f4af48097ce8887)
stage-cohort: SRR5935874_2.fastq.gz present (md5 c7387eb10e139a90df1a059a15ebc15c)
stage-cohort: SRR5935862_1.fastq.gz present (md5 f48ae8c30b4039aad38d1bfa3b80a6ef)
stage-cohort: SRR5935886_2.fastq.gz present (md5 473cf9ff480ca6a86cbc81f441483657)
stage-cohort: SRR5935886_1.fastq.gz present (md5 7cf26e6c6aacea2e1d0c78ac54d211dc)
stage-cohort: SRR5935874_1.fastq.gz present (md5 2e08749e31ad2e88f482469f7b09f4fa)
stage-cohort: SRR5935862_2.fastq.gz present (md5 0acb8291276eeeb03fe6c1cd5ee135b4)
stage-cohort: SRR5935898_2.fastq.gz present (md5 5200c267c73afbd55e0f36ed8bbe883a)
stage-cohort: SRR5935898_1.fastq.gz present (md5 3d2d1238b7e1e49a59fffb720837e4a6)
stage-cohort: SRR5935910_1.fastq.gz present (md5 20b670fafc44f37f1ed7af6af1acf17f)
stage-cohort: SRR5935922_1.fastq.gz present (md5 57c808536e8df5320a4d27c8cc3da533)
stage-cohort: SRR5935910_2.fastq.gz present (md5 78278f00f96305cd34814b862794edc4)
stage-cohort: SRR5935922_2.fastq.gz present (md5 363b2a3b7bd533cfe00f3c6127bb1ead)
stage-cohort: SRR5935934_1.fastq.gz present (md5 92567ed081ac66baf06bbf871edc33d9)
stage-cohort: SRR5935934_2.fastq.gz present (md5 d64ec99dcb0fc7c20e22bd152e3a71b0)
stage-cohort: SRR5935946_2.fastq.gz present (md5 f0c84e40b9c6953bf651bd4caa7265be)
stage-cohort: SRR5935958_1.fastq.gz present (md5 c1d20b54c243a7f6b2c4d6d2aee29d5d)
stage-cohort: SRR5935958_2.fastq.gz present (md5 1619dc092fc0ffa784720d90a3b38fcf)
stage-cohort: SRR5935946_1.fastq.gz present (md5 d4799939e62d699c8799032f6fe6b9c1)
stage-cohort: SRR5935970_1.fastq.gz present (md5 352326466408995d391e7a2a18678754)
stage-cohort: SRR5935970_2.fastq.gz present (md5 a642b046a0dc394875e56bac57772b5e)
stage-cohort: SRR5935982_2.fastq.gz present (md5 96580b864e4eda23ee6a626f7c4e0339)
stage-cohort: SRR5935982_1.fastq.gz present (md5 181877096dc65994cb4c0e91de5e632a)
stage-cohort: SRR5935994_1.fastq.gz present (md5 58c8f8c11f937d82e5be71f0b45376b8)
stage-cohort: SRR5935994_2.fastq.gz present (md5 1cdc9fd6e234d62f9e197829fb9b63f7)
stage-cohort: SRR5936006_1.fastq.gz present (md5 4fcc00dc948f18fe1e0269e6b9351c80)
stage-cohort: SRR5936018_1.fastq.gz present (md5 c7968adc417bb25e12727f0fdcd8d918)
stage-cohort: SRR5936006_2.fastq.gz present (md5 2db67f9c15df1108c5dee8e4bdebc45b)
stage-cohort: SRR5936018_2.fastq.gz present (md5 908a1f45df97e77edff64e23dfa36e93)
stage-cohort: SRR5936030_1.fastq.gz present (md5 f1db8bd1585c937e0ef53fbdaa062c41)
stage-cohort: SRR5936030_2.fastq.gz present (md5 18ab5210ebc278c978341834f81cdceb)
stage-cohort: SRR5936042_1.fastq.gz present (md5 ef52876a4bcc573c8a4f5ac27ee19d91)
stage-cohort: SRR5936042_2.fastq.gz present (md5 0c6fe0d196ccbaeaba6e4f9953bc4706)
stage-cohort: SRR5936054_1.fastq.gz present (md5 2a4775b7028009d4efcc14ac07ed76f1)
stage-cohort: SRR5936054_2.fastq.gz present (md5 1816017a8d57057e5289a471304ba701)
stage-cohort: SRR5936066_1.fastq.gz present (md5 00ff407603f5802f9f3c25c5bc417856)
stage-cohort: SRR5936066_2.fastq.gz present (md5 e26a053daaaa63d19f583ccf1611310a)
stage-cohort: SRR5936078_1.fastq.gz present (md5 6d694fe712faf155c16a08d1a4a77385)
stage-cohort: SRR5936078_2.fastq.gz present (md5 a0c6a2534300c627afd94057c48e8998)
stage-cohort: SRR5936090_1.fastq.gz present (md5 03223cf40c43a04e3bd712ee4b41d8e1)
stage-cohort: SRR5936102_1.fastq.gz present (md5 90eacc8a938556c866e000eb8b98d0e6)
stage-cohort: SRR5936090_2.fastq.gz present (md5 8630de1643ae919da32ed28e0f3b71fe)
stage-cohort: SRR5936102_2.fastq.gz present (md5 d7d24a5aee4b512283626e30349bce1d)
stage-cohort: SRR5936114_1.fastq.gz present (md5 c960445175398b86bfb8472ecdee6952)
stage-cohort: SRR5936114_2.fastq.gz present (md5 ef30b80d515650e902fd3902a7d80405)
stage-cohort: SRR5936138_1.fastq.gz present (md5 20ddefd2cd82d9f7ee2581a46c0bb9a8)
stage-cohort: SRR5936126_1.fastq.gz present (md5 54908b60813ea6e47a93c6e18186e4e7)
stage-cohort: SRR5936126_2.fastq.gz present (md5 a955139fea50d9f752b1c99152cf3903)
stage-cohort: SRR5936138_2.fastq.gz present (md5 7a2fe05de2401a41900cba7a578e1167)
stage-cohort: SRR5936150_1.fastq.gz present (md5 b7d11b47963a9bce51c5b5473741b1c8)
stage-cohort: SRR5936150_2.fastq.gz present (md5 f55204e75a29e788a4dae6b60bef14bc)
stage-cohort: SRR5936162_1.fastq.gz present (md5 03568551b23662021d43586f770b542e)
stage-cohort: SRR5936162_2.fastq.gz present (md5 1fec55d4a27eb02d68c0a0a2d4c4f16f)
stage-cohort: SRR5936174_1.fastq.gz present (md5 fd9c4a21eac3a8b85bbea9c137c7aa82)
stage-cohort: SRR5936174_2.fastq.gz present (md5 2c5a614828dcbe31e809de996005a346)
stage-cohort: SRR5936186_1.fastq.gz present (md5 a602343abe7f859b0917c814e034f1cd)
stage-cohort: SRR5936198_1.fastq.gz present (md5 2fb8b3425449a15b1ab163dc8ebbecd9)
stage-cohort: SRR5936186_2.fastq.gz present (md5 ef8d9bcdde70bbab10cbeba964dfb6ed)
stage-cohort: SRR5936210_1.fastq.gz present (md5 1f2d0ab61032e613ccdf2f6e03760d38)
stage-cohort: SRR5936198_2.fastq.gz present (md5 a8bf1a09ea157931902bb5de5d596152)
stage-cohort: SRR5936222_1.fastq.gz present (md5 3e5f4e6d2b8b560a759df69112fb6ef2)
stage-cohort: SRR5936210_2.fastq.gz present (md5 6d25473aae5bdf692fd6339a6802cbac)
stage-cohort: SRR5936222_2.fastq.gz present (md5 78240836b390ff4d9ec1c16d077ddf97)
stage-cohort: SRR5936234_1.fastq.gz present (md5 8c9b3f0706f3615f4873f27a081b516c)
stage-cohort: SRR5936234_2.fastq.gz present (md5 b1dc8c725a118022138ee6b3eaa7dad0)
stage-cohort: SRR5946611_1.fastq.gz present (md5 d9046cbac53f01275c95cc1bdba0260b)
stage-cohort: SRR5946611_2.fastq.gz present (md5 a6e3120c2005d2060e75f7a71ef2d304)
stage-cohort: SRR5946623_1.fastq.gz present (md5 cd5deb9a5d192b01e5ba3def01bc5e1f)
stage-cohort: SRR5946623_2.fastq.gz present (md5 70af5bb06a1c98586bc6c10c4723fb5c)
stage-cohort: SRR5946635_1.fastq.gz present (md5 b764e5c23029c9af158f49bb39cb6441)
stage-cohort: SRR5946635_2.fastq.gz present (md5 05170861a7697d9a5dcb937ab53d111c)
stage-cohort: SRR5946647_1.fastq.gz present (md5 3f90221983f17c517fbdb50f7adcc01e)
stage-cohort: SRR5946647_2.fastq.gz present (md5 3b3ebaa89456f119cd4105070f12c772)
stage-cohort: SRR5946659_1.fastq.gz present (md5 11c81c181209c159b7dcdf46b73aa029)
stage-cohort: SRR5946659_2.fastq.gz present (md5 113f183162d15754d3bab1e26bdaccf3)
stage-cohort: SRR5946671_1.fastq.gz present (md5 a31286ee95fa7686a570368e8c42f9e1)
stage-cohort: SRR5946671_2.fastq.gz present (md5 6bd3f412eaf5738e4dc9b46f0c8475ed)
stage-cohort: SRR5946683_1.fastq.gz present (md5 75f1f98e2abf1d270b42ea142286c64c)
stage-cohort: SRR5946707_1.fastq.gz present (md5 46c7b4bc2122e96938f45af1ba9a633d)
stage-cohort: SRR5946683_2.fastq.gz present (md5 fd0086c555a4ad1b89a421a2f00ab6ff)
stage-cohort: SRR5946707_2.fastq.gz present (md5 448aad83b16605ed2c30989500c1f28b)
stage-cohort: SRR5946695_1.fastq.gz present (md5 603896f7a34206ed22036d1c0ec0d2b9)
stage-cohort: SRR5946695_2.fastq.gz present (md5 799418f3cbcb2495dcc3762199cdb27f)
stage-cohort: SRR5946719_1.fastq.gz present (md5 314f05307190ff9486729f86066cad46)
stage-cohort: SRR5946719_2.fastq.gz present (md5 3e6944e26774a0981fabeca8cd6a40a2)
stage-cohort: SRR5946731_2.fastq.gz present (md5 05752cf95b44e6bfbefc2a5f5e56673b)
stage-cohort: SRR5946743_1.fastq.gz present (md5 5277d527907e69a6c82505cc675b73d0)
stage-cohort: SRR5946731_1.fastq.gz present (md5 666f4ebc9dced50faa97acf17dd6e1dc)
stage-cohort: SRR5946743_2.fastq.gz present (md5 4f6a5bb6b46e5c3e83041da1898d8ce6)
stage-cohort: SRR5946755_1.fastq.gz present (md5 d6eb2dbc81b71aa8354415100d5cc902)
stage-cohort: SRR5946755_2.fastq.gz present (md5 ee73b1de7f4668d4c60e76cea7d58c03)
stage-cohort: SRR5946779_1.fastq.gz present (md5 df454332a76fd224ec23b250f4522535)
stage-cohort: SRR5946767_1.fastq.gz present (md5 a13417ffde58d8378c19aa709941f13d)
stage-cohort: SRR5946767_2.fastq.gz present (md5 87f3ed87bb245b0f81cf9a0a796e1925)
stage-cohort: SRR5946779_2.fastq.gz present (md5 1fc8f759acf54a870c2577a8aba5f129)
stage-cohort: SRR5946791_1.fastq.gz present (md5 970263033b98fecde591a59a93eee829)
stage-cohort: SRR5946803_1.fastq.gz present (md5 49f124888aa29c88c83c45c3a0d88e63)
stage-cohort: SRR5946791_2.fastq.gz present (md5 ad87fc6cb78e438f71fa957a3e895782)
stage-cohort: SRR5946803_2.fastq.gz present (md5 972d4b49416d47bde4aab4a772f2b739)
stage-cohort: SRR5946815_1.fastq.gz present (md5 a2acb504eb192bb2e4bc8b1b9ac5542a)
stage-cohort: SRR5946815_2.fastq.gz present (md5 0dd833242fdfb6f0ff582fb85aff283f)
stage-cohort: SRR5946827_1.fastq.gz present (md5 6cba7e423d3dea55a87bdeb93dada54c)
stage-cohort: SRR5946827_2.fastq.gz present (md5 0a5b9cc2e721a4f28265f62f020988a6)
stage-cohort: SRR5946839_2.fastq.gz present (md5 72375b54dc66058caaab5081bea9df09)
stage-cohort: SRR5946839_1.fastq.gz present (md5 c749039115b2bf146d8db3bd84276af3)
stage-cohort: SRR5946851_1.fastq.gz present (md5 49397a7a426efb0db8ee16b08d48de69)
stage-cohort: SRR5946851_2.fastq.gz present (md5 7f14fda6ee4eceb197da913d80a70798)
stage-cohort: SRR5946863_1.fastq.gz present (md5 e63685939e36226d29f43517bd8433a5)
stage-cohort: SRR5946863_2.fastq.gz present (md5 4350ba5c76ee594ce1a06df94c0f3d59)
stage-cohort: SRR5946875_1.fastq.gz present (md5 5bca06ef8734e58bb4e226b4b0ad17ac)
stage-cohort: SRR5946875_2.fastq.gz present (md5 7f3c8667ba969e01e9449964a7c4daee)
stage-cohort: SRR5946887_1.fastq.gz present (md5 83fd8800a1b36407d321a25aa19d39cf)
stage-cohort: SRR5946899_1.fastq.gz present (md5 ad86cc7d96211704b9ace0258605a1c4)
stage-cohort: SRR5946887_2.fastq.gz present (md5 17c147846e08eb684dd46433c5a07d15)
stage-cohort: SRR5946899_2.fastq.gz present (md5 44db29e3542c723f06c08c08314311e3)
stage-cohort: SRR5946911_1.fastq.gz present (md5 bdc5649f8c283b06f8ebf0d0bc536c59)
stage-cohort: SRR5946911_2.fastq.gz present (md5 4948b48b24f1e83bc8cd71ea00909874)
stage-cohort: SRR5946923_1.fastq.gz present (md5 3a127cf617811f0bfc27bc392505559a)
stage-cohort: SRR5946935_1.fastq.gz present (md5 e74062d5c6703a0530ea595610352b6e)
stage-cohort: SRR5946923_2.fastq.gz present (md5 787670ea45f3728211c5915646d63ffc)
stage-cohort: SRR5946935_2.fastq.gz present (md5 2d4e148e0d925d18665fbf42fbebc2a6)
stage-cohort: SRR5946947_1.fastq.gz present (md5 98dbd5f894e86452a2c914fa9f79f181)
stage-cohort: SRR5946959_1.fastq.gz present (md5 b6d2e5a515cc4535b857599e121b7358)
stage-cohort: SRR5946947_2.fastq.gz present (md5 c4ebf11bd92bb050e9156bec9cacbe3a)
stage-cohort: SRR5946959_2.fastq.gz present (md5 7e76165368eab5fea89892d420ae61b4)
stage-cohort: SRR5946971_1.fastq.gz present (md5 194502f6070200804d7497ea0514faa1)
stage-cohort: SRR5946983_1.fastq.gz present (md5 e629b231e9dac0b6ca18cb09a240bc22)
stage-cohort: SRR5946983_2.fastq.gz present (md5 f300efefb974a68e8e1d7bfa71071854)
stage-cohort: SRR5946971_2.fastq.gz present (md5 2ebfff6b4df5beb5d297795e0156b3d4)
stage-cohort: SRR5946995_1.fastq.gz present (md5 af933e5bf10b67e6cbb6c73489efdb2a)
stage-cohort: SRR5946995_2.fastq.gz present (md5 1b7643ad768e0107469e1f9f8e96dd9c)
stage-cohort: SRR5947007_2.fastq.gz present (md5 ed3db054b3d9489942fe67f70f6511fa)
stage-cohort: SRR5947007_1.fastq.gz present (md5 6e34a99c89c2b0b2ae540b3eee3b29a6)
stage-cohort: SRR5947019_1.fastq.gz present (md5 d6f13ccf528cc100d21bdf4402d33824)
stage-cohort: SRR5947031_1.fastq.gz present (md5 dd088c52222a2949ae4ce6c54964eba4)
stage-cohort: SRR5947031_2.fastq.gz present (md5 29b1bf59c7d3a4ac5decc26824732626)
stage-cohort: SRR5947055_1.fastq.gz present (md5 f2ad908626da50c57f05d77a66430161)
stage-cohort: SRR5947055_2.fastq.gz present (md5 fcfbf1ed419a5503de13b4605cfa2581)
stage-cohort: SRR5947079_1.fastq.gz present (md5 f5363a96c20d15fe408c98ae1fac659c)
stage-cohort: SRR5947079_2.fastq.gz present (md5 469d146480a14000d790c4ef087e642d)
stage-cohort: SRR5947067_2.fastq.gz staged (83519237 bytes, md5 b3f2925457069d7b4e09066fa59ab03d, sha256 3a2f50b61984129a593f29a073231882b957bc493c33dc24d559a018b08ba1f6) at 2026-10-08T05:46:46Z
stage-cohort: SRR5947067_1.fastq.gz staged (83334286 bytes, md5 fb6a3e13bc61db9f86c57c3786b273ab, sha256 1d94bac5eb9c9bd9b100ef49f2dd2d95d45c14cab1005faba056591ee3d97b8b) at 2026-10-08T05:46:51Z
stage-cohort: SRR5947103_1.fastq.gz present (md5 f4537f2012b863eb3c17822cdfd5def1)
stage-cohort: SRR5947103_2.fastq.gz present (md5 843089172d8ef036fb6c9e023ead8394)
stage-cohort: SRR5947043_2.fastq.gz staged (526612338 bytes, md5 f0fdff2e04aad13aee5d26239d43ecf2, sha256 7432593f270fa37fcb0aa692974bbe2ddacf343f15af033563f739f722644247) at 2026-10-08T05:48:26Z
stage-cohort: SRR5947043_1.fastq.gz staged (527640353 bytes, md5 fd1ece777a01651e000fc1605be90b98, sha256 3a638d0b1bc579de73011e6d77e1088296ec41245880e2dd9eff835de3a2d30b) at 2026-10-08T05:48:30Z
stage-cohort: SRR5947019_2.fastq.gz staged (679763557 bytes, md5 7354440c59ea3678239012fdaef9b4d6, sha256 423f6fdc18c1f2d05876e80e14691f619b375f0109fda9cfce66043c04aa9bf8) at 2026-10-08T05:48:58Z
stage-cohort: SRR5947091_1.fastq.gz staged (811281196 bytes, md5 940b7690b1405a2c762070294f2abdaa, sha256 2abb9d6757ffdf43d9d5185f1151af8da9be8391791f0a3d53a8f7328aa9e685) at 2026-10-08T05:49:36Z
stage-cohort: SRR5947091_2.fastq.gz staged (814476760 bytes, md5 08d78bd409cecd22fa65d234cdd62e46, sha256 bb76a7f812f8a4662c2c7b36806314ea41f6706e719af98b860158687cf6242e) at 2026-10-08T05:50:07Z
s3://aws-kraken2-942542972736-us-west-2/aws-kraken2/data/cohort/
