ak2: log tee up
ak2-phase	2026-10-08T21:17:08Z	1791494228	preamble	no
ak2: [2026-10-08T21:17:08Z] inherited $-=hBc (stub, as spawn started it: $-=hBc)
ak2: [2026-10-08T21:17:08Z] after set +e $-=hBc
ak2: [2026-10-08T21:17:08Z] gate=g3 run=20261008-211637-5a3b2e5
ak2: [2026-10-08T21:17:08Z] aws shim installed and self-tested (/tmp/ak2-bin/aws -> /usr/bin/aws)
ak2: [2026-10-08T21:17:08Z] imds region=us-west-2 az=us-west-2a instance=i-086616c20270115a3 type=r8gd.16xlarge ami=ami-09325776a00699513
ak2: [2026-10-08T21:17:08Z] bucket aws-kraken2-942542972736-us-west-2 region=us-west-2
ak2: [2026-10-08T21:17:09Z] bucket aws-kraken2-942542972736-us-west-2 payer=UNKNOWN
ak2: [2026-10-08T21:17:09Z] WARN: could not read Payer of aws-kraken2-942542972736-us-west-2 from the instance (launch host verified it)
ak2: [2026-10-08T21:17:09Z] bucket kraken2-ncbi-refseq-complete-v205 region=us-west-2
ak2: [2026-10-08T21:17:10Z] bucket kraken2-ncbi-refseq-complete-v205 payer=BucketOwner
ak2: [2026-10-08T21:17:10Z] region assert passed
ak2: [2026-10-08T21:17:10Z] drop_caches_ok=true
ak2: [2026-10-08T21:17:11Z] preamble done; spec body starts
ak2-phase	2026-10-08T21:17:11Z	1791494231	body	no
ak2-phase	2026-10-08T21:17:11Z	1791494231	setup	no
ak2: [2026-10-08T21:17:53Z] perf perf version 6.1.188-233.386.amzn2023.aarch64; events usable: task-clock,context-switches,cpu-migrations,page-faults,major-faults,minor-faults,cycles,instructions,dTLB-loads,dTLB-load-misses,dtlb_walk,stall_backend,syscalls:sys_enter_futex
ak2: [2026-10-08T21:17:53Z] host: 64 CPUs; 518833360 kB; kernel 6.18.51-120.163.amzn2023.aarch64
ak2: [2026-10-08T21:17:53Z] thp enabled=[always [madvise] never] defrag=[always defer defer+madvise [madvise] never] shmem_enabled=[always within_size advise [never] deny force]
ak2: [2026-10-08T21:17:53Z] lscpu: Core(s) per socket: 64;Socket(s): 1;NUMA node(s): 1;
ak2: [2026-10-08T21:17:53Z] numa: available: 1 nodes (0);node 0 size: 506673 MB;
ak2: [2026-10-08T21:17:53Z] disks: nvme1n1   60G Amazon Elastic Block Store       vol0aebe7620819f5ed8;nvme0n1  1.7T Amazon EC2 NVMe Instance Storage AWS1E511F58495F1EF95;nvme2n1  1.7T Amazon EC2 NVMe Instance Storage AWS22370D2B6D1F55BEA;
log stripe unit (524288 bytes) is too large (maximum is 256KiB)
log stripe unit adjusted to 32KiB
ak2: [2026-10-08T21:17:56Z] storage: instance-store NVMe 2x ( 1.7T Amazon EC2 NVMe Instance Storage) mdadm RAID0 chunk 512K as md0; xfs noatime at /mnt/nvme; read_ahead_kb: md0=2048KiB nvme0n1=128KiB nvme2n1=128KiB; scheduler: md0= nvme0n1=[none]mq-deadlinekyberbfq nvme2n1=[none]mq-deadlinekyberbfq
ak2-phase	2026-10-08T21:17:58Z	1791494278	fetch	no
ak2: [2026-10-08T21:18:02Z] inputs staged and verified: 6 files
ak2: [2026-10-08T21:18:02Z] aws: aws-cli/2.36.47 Python/3.9.25 Linux/6.18.51-120.163.amzn2023.aarch64 source/aarch64.amzn.2023; s3 transfer client crt, target_bandwidth 25Gb/s, 64 MB parts
ak2: [2026-10-08T21:18:03Z] staged opts.k2d bytes=56 in 0.5 s (0.000 GB/s)
ak2: [2026-10-08T21:18:03Z] etag opts.k2d: {"ok": true, "file": "/mnt/nvme/db/RefSeqCompleteV205/opts.k2d", "size": 56, "etag": "24fb1753eb45d74643ef13f16562df6b", "computed": "24fb1753eb45d74643ef13f16562df6b", "part_bytes": 56, "parts": 1, "workers": 64, "seconds": 0.0, "read_gb_s": 0.0}
ak2: [2026-10-08T21:18:06Z] staged taxo.k2d bytes=179150665 in 2.5 s (0.072 GB/s)
ak2: [2026-10-08T21:18:06Z] etag taxo.k2d: {"ok": true, "file": "/mnt/nvme/db/RefSeqCompleteV205/taxo.k2d", "size": 179150665, "etag": "9ee988cb814f39881e29623b9c8007cd-22", "computed": "9ee988cb814f39881e29623b9c8007cd-22", "part_bytes": 8388608, "parts": 22, "workers": 64, "seconds": 0.038, "read_gb_s": 4.73}
ak2: [2026-10-08T21:28:16Z] staged hash.k2d bytes=1189091671800 in 610.2 s (1.949 GB/s)
ak2: [2026-10-08T21:30:48Z] etag hash.k2d: {"ok": true, "file": "/mnt/nvme/db/RefSeqCompleteV205/hash.k2d", "size": 1189091671800, "etag": "f80959f9556b50d76b3e744afdd3b22a-8860", "computed": "f80959f9556b50d76b3e744afdd3b22a-8860", "part_bytes": 134217728, "parts": 8860, "workers": 64, "seconds": 151.635, "read_gb_s": 7.842}
ak2: [2026-10-08T21:30:49Z] read_ahead_kb: md0=4 nvme0n1=4 nvme2n1=4 
ak2: [2026-10-08T21:30:49Z] upstream pin 2731b35f7abb26ec926517274f3d87e78d42fd76;describe 2.17.2-20-g2731b35;cxx g++ (g++ (GCC) 11.5.0 20240719 (Red Hat 11.5.0-5));version Kraken version 2.17.1;built 2026-10-08T21:18:19Z Linux aarch64;; harnesses and Go built
ak2-phase	2026-10-08T21:30:49Z	1791495049	diag-SRR5935755	no
d44: SRR5935755 2026-10-08T21:30:49Z upstream kraken2 -M T=256
d44: SRR5935755 2026-10-08T21:32:07Z upstream exit 0 in 78 s; our plain path -M T=256
d44: SRR5935755 2026-10-08T21:33:34Z ours exit 0 in 87 s; extracting the differences
d44: SRR5935755 2026-10-08T21:34:01Z diag_extract: 6071697 records, 2 differ
d44: SRR5935755 2026-10-08T21:34:01Z diag-reads on 2 read pairs
d44: SRR5935755 2026-10-08T21:34:04Z done: {"differing_records":2,"diag_reads_exit":0}
d44-summary {"sample":"SRR5935755","upstream":{"exit":0,"seconds":77.9,"output_sha256":"7e1a295b2cf53e48948ac86c7659ede1aed931c4f29af0b9215e0cd95ae75f89","report_sha256":"00809ddbcd1c308e5b0a64f33c77ecb3c64e8d8b6e7874b00a4ca6c718004f9e","output_etag":"\"510a400c6ab9d971f02f23e485a372e4-59\"","report_etag":"\"c448c146cc049545dd5511c35a8d2caa\""},"ours_plain_mmap":{"exit":0,"seconds":87.3,"output_sha256":"305d3e51bf8e1aba0b295fa4a583837236769b1839c549a53e2318c417c1caa0","report_sha256":"bfd47e7129b2bebc1649a4150634a9623c3b04ea60eb3576079d71a4f6168c88","output_etag":"\"40025331346bffb4a90333a21fdfb23f-59\"","report_etag":"\"64830f134c5706ba71ba95f0bcdbc355\""},"extract":{"exit":0,"log":"diag_extract: 6071697 records, 2 differ"},"differing_records":2,"diag_reads_exit":0}
ak2: [2026-10-08T21:34:04Z] pushed out/d44/SRR5935755/summary.json
ak2: [2026-10-08T21:34:04Z] pushed out/d44/SRR5935755/report.diff
ak2: [2026-10-08T21:34:05Z] pushed out/d44/SRR5935755/diff.tsv
ak2: [2026-10-08T21:34:05Z] pushed out/d44/SRR5935755/up_sel.txt
ak2: [2026-10-08T21:34:06Z] pushed out/d44/SRR5935755/ours_sel.txt
ak2: [2026-10-08T21:34:06Z] pushed out/d44/SRR5935755/sel_1.fq
ak2: [2026-10-08T21:34:06Z] pushed out/d44/SRR5935755/sel_2.fq
ak2: [2026-10-08T21:34:07Z] pushed out/d44/SRR5935755/diag.jsonl
ak2: [2026-10-08T21:34:07Z] pushed out/d44/SRR5935755/diag.err
ak2: [2026-10-08T21:34:08Z] pushed out/d44/SRR5935755/run.log
ak2-phase	2026-10-08T21:34:08Z	1791495248	diag-SRR5935786	no
d44: SRR5935786 2026-10-08T21:34:08Z upstream kraken2 -M T=256
d44: SRR5935786 2026-10-08T21:36:06Z upstream exit 0 in 119 s; our plain path -M T=256
d44: SRR5935786 2026-10-08T21:38:45Z ours exit 0 in 159 s; extracting the differences
d44: SRR5935786 2026-10-08T21:39:37Z diag_extract: 10054299 records, 10 differ
d44: SRR5935786 2026-10-08T21:39:37Z diag-reads on 10 read pairs
d44: SRR5935786 2026-10-08T21:39:41Z done: {"differing_records":10,"diag_reads_exit":0}
d44-summary {"sample":"SRR5935786","upstream":{"exit":0,"seconds":118.6,"output_sha256":"c3627db48ec6da7e440ac14a276e9d023ba6e44cd5c2bb7820fc8698592f2f81","report_sha256":"f7ad1a66d8a4d2d8d2053ca73a975b92728cc4b275553c64d981a460a97c1f6c","output_etag":"\"2f2d7f853f06a9f31dfdb61cc1e1225e-104\"","report_etag":"\"7fa145de6b29bfd3817994d2ab4522f1\""},"ours_plain_mmap":{"exit":0,"seconds":158.9,"output_sha256":"80c270ce3db6dd524ad04d550b5fd07779eadcaf8eeb7da1e5363a8a90d8a7b7","report_sha256":"e520cff7ba17766538c7c0e4d169cace6cd946ec51147b1ca3547097c6871b6f","output_etag":"\"6aea7df630a4f9669e642a0bc1d332ab-104\"","report_etag":"\"32d4735cb3094eeb0d6752c3647ac268\""},"extract":{"exit":0,"log":"diag_extract: 10054299 records, 10 differ"},"differing_records":10,"diag_reads_exit":0}
ak2: [2026-10-08T21:39:42Z] pushed out/d44/SRR5935786/summary.json
ak2: [2026-10-08T21:39:42Z] pushed out/d44/SRR5935786/report.diff
ak2: [2026-10-08T21:39:43Z] pushed out/d44/SRR5935786/diff.tsv
ak2: [2026-10-08T21:39:43Z] pushed out/d44/SRR5935786/up_sel.txt
ak2: [2026-10-08T21:39:43Z] pushed out/d44/SRR5935786/ours_sel.txt
ak2: [2026-10-08T21:39:44Z] pushed out/d44/SRR5935786/sel_1.fq
ak2: [2026-10-08T21:39:44Z] pushed out/d44/SRR5935786/sel_2.fq
ak2: [2026-10-08T21:39:45Z] pushed out/d44/SRR5935786/diag.jsonl
ak2: [2026-10-08T21:39:45Z] pushed out/d44/SRR5935786/diag.err
ak2: [2026-10-08T21:39:46Z] pushed out/d44/SRR5935786/run.log
ak2-phase	2026-10-08T21:39:46Z	1791495586	diag-SRR5935807	no
d44: SRR5935807 2026-10-08T21:39:46Z upstream kraken2 -M T=256
d44: SRR5935807 2026-10-08T21:43:21Z upstream exit 0 in 215 s; our plain path -M T=256
d44: SRR5935807 2026-10-08T21:48:02Z ours exit 0 in 281 s; extracting the differences
d44: SRR5935807 2026-10-08T21:49:26Z diag_extract: 16708997 records, 4 differ
d44: SRR5935807 2026-10-08T21:49:26Z diag-reads on 4 read pairs
d44: SRR5935807 2026-10-08T21:49:33Z done: {"differing_records":4,"diag_reads_exit":0}
d44-summary {"sample":"SRR5935807","upstream":{"exit":0,"seconds":215.4,"output_sha256":"2fc74467cb8633dc7a499bc29172545373900760ba2505f197a7195f7d058c32","report_sha256":"8ecbccacbaabd5cf45accc07446a11c851ade322df94bfbe3e9b798e08c08d99","output_etag":"\"c71ac44a903dea4a940b31e7e6aebc8f-167\"","report_etag":"\"ac67725096f4eb7d621e006ffd93e41d\""},"ours_plain_mmap":{"exit":0,"seconds":281.1,"output_sha256":"7e87aca5db08cc75eea71d52ebdb5d74e192652044c103bdd0f374db749d22bb","report_sha256":"561680fefb8f5f5621191518de02c9ed62dba7b4fbb4f9d422c6011af40036f7","output_etag":"\"5254ddabf1f8cffda1f986d427dce699-167\"","report_etag":"\"a25aee2b237425e0760d096831fe7c3d\""},"extract":{"exit":0,"log":"diag_extract: 16708997 records, 4 differ"},"differing_records":4,"diag_reads_exit":0}
ak2: [2026-10-08T21:49:34Z] pushed out/d44/SRR5935807/summary.json
ak2: [2026-10-08T21:49:34Z] pushed out/d44/SRR5935807/report.diff
ak2: [2026-10-08T21:49:35Z] pushed out/d44/SRR5935807/diff.tsv
ak2: [2026-10-08T21:49:35Z] pushed out/d44/SRR5935807/up_sel.txt
ak2: [2026-10-08T21:49:36Z] pushed out/d44/SRR5935807/ours_sel.txt
ak2: [2026-10-08T21:49:36Z] pushed out/d44/SRR5935807/sel_1.fq
ak2: [2026-10-08T21:49:36Z] pushed out/d44/SRR5935807/sel_2.fq
ak2: [2026-10-08T21:49:37Z] pushed out/d44/SRR5935807/diag.jsonl
ak2: [2026-10-08T21:49:37Z] pushed out/d44/SRR5935807/diag.err
ak2: [2026-10-08T21:49:38Z] pushed out/d44/SRR5935807/run.log
ak2: [2026-10-08T21:49:38Z] diag44 done (failed=0)
ak2: [2026-10-08T21:49:38Z] spec body exit rc=0
ak2-phase	2026-10-08T21:49:38Z	1791496178	end	no
