ak2: log tee up
ak2-phase	2026-10-08T04:47:51Z	1791434871	preamble	no
ak2: [2026-10-08T04:47:51Z] inherited $-=hBc (stub, as spawn started it: $-=hBc)
ak2: [2026-10-08T04:47:51Z] after set +e $-=hBc
ak2: [2026-10-08T04:47:51Z] gate=g3 run=20261008-044702-3c2153c-55a5-n16-r7
ak2: [2026-10-08T04:47:51Z] aws shim installed and self-tested (/tmp/ak2-bin/aws -> /usr/bin/aws)
ak2: [2026-10-08T04:47:51Z] imds region=us-west-2 az=us-west-2a instance=i-00ddc06fd545b4c78 type=r8g.4xlarge ami=ami-09325776a00699513
ak2: [2026-10-08T04:47:51Z] bucket aws-kraken2-942542972736-us-west-2 region=us-west-2
ak2: [2026-10-08T04:47:52Z] bucket aws-kraken2-942542972736-us-west-2 payer=UNKNOWN
ak2: [2026-10-08T04:47:52Z] WARN: could not read Payer of aws-kraken2-942542972736-us-west-2 from the instance (launch host verified it)
ak2: [2026-10-08T04:47:52Z] bucket kraken2-ncbi-refseq-complete-v205 region=us-west-2
ak2: [2026-10-08T04:47:53Z] bucket kraken2-ncbi-refseq-complete-v205 payer=BucketOwner
ak2: [2026-10-08T04:47:53Z] region assert passed
ak2: [2026-10-08T04:47:53Z] drop_caches_ok=true
ak2: [2026-10-08T04:47:53Z] preamble done; spec body starts
ak2-phase	2026-10-08T04:47:53Z	1791434873	body	no
ak2: [2026-10-08T04:47:53Z] e3 cohort 20261008-044702-3c2153c-55a5-n16 rank 7 of 16, commit 3c2153c; RODA kraken2-ncbi-refseq-complete-v205/Kraken2_RefSeqCompleteV205; samples aws-kraken2-942542972736-us-west-2/aws-kraken2/data/cohort; cohort 100
ak2-phase	2026-10-08T04:47:53Z	1791434873	setup	no
ak2: [2026-10-08T04:48:28Z] built 3c2153c5c900621c7d44acdcd4523dab1f8ef35c; go version go1.27.1 linux/arm64; ip 172.31.28.154; nproc 16; mem_gib 123; threads 16, inflight 2
ak2-phase	2026-10-08T04:48:28Z	1791434908	manifest	no
ak2: [2026-10-08T04:48:29Z] staged s3://kraken2-ncbi-refseq-complete-v205/Kraken2_RefSeqCompleteV205/opts.k2d -> /home/ec2-user/ak2/db/roda/opts.k2d (56 bytes)
ak2: [2026-10-08T04:48:30Z] staged s3://kraken2-ncbi-refseq-complete-v205/Kraken2_RefSeqCompleteV205/taxo.k2d -> /home/ec2-user/ak2/db/roda/taxo.k2d (179150665 bytes)
ak2: [2026-10-08T04:48:30Z] RODA hash.k2d etag=f80959f9556b50d76b3e744afdd3b22a-8860 size=1189091671800
ak2: [2026-10-08T04:48:31Z] pushed out/rank7/c100.tsv
ak2: [2026-10-08T04:48:31Z] pushed out/rank7/placement.tsv
ak2: [2026-10-08T04:48:31Z] manifest c100: 306 lines in 9 batches; rank 7 reads 13 samples
ak2-phase	2026-10-08T04:48:31Z	1791434911	fetch	no
ak2: [2026-10-08T04:48:42Z] inputs staged and verified: 26 files, 12.83 GB
ak2: [2026-10-08T04:48:42Z] manifest c100: cohort: 306 samples in 9 batches check
ak2-phase	2026-10-08T04:48:42Z	1791434922	inv-c100	no
[c100] ak2-timing	taxo	0.002860	0.093085	87772	0	0.006801	0.095492
[c100] ak2-timing	shard-load-7	0.174617	40.389026	41038	0	37.573601	34.730269
[c100] ak2-timing	rendezvous	41.015539	22.645971	10784	0	0.169666	0.026131
[c100] ak2-timing	connect	63.661527	0.269004	7832	0	0.178396	0.066102
[c100] ak2-timing	hash	0.095971	63.834580	61652	0	37.922978	34.837017
[c100] ak2-sample	batch	0	name	0-SRR5935784	mode	parallel	s3client	sdk	rank	7	role	home	inflight	2	threads	16	start_s	63.930590	wall_s	15.479566	setup_s	0.000063	classify_s	14.981907	close_s	0.310081	report_s	0.179115	status	0	sequences	14800056	bases	2772790740	classified	14536791	place	lpt	weight	14800056
[c100] ak2-sample	batch	0	name	0-SRR5935813	mode	parallel	s3client	sdk	rank	7	role	home	inflight	2	threads	16	start_s	63.930598	wall_s	17.435399	setup_s	0.000046	classify_s	16.810671	close_s	0.345506	report_s	0.265445	status	0	sequences	16980616	bases	3155638888	classified	16106690	place	lpt	weight	16980616
[c100] ak2-sample	batch	0	name	0-SRR5935801	mode	parallel	s3client	sdk	rank	7	role	home	inflight	2	threads	16	start_s	79.410182	wall_s	13.131575	setup_s	0.000060	classify_s	12.702700	close_s	0.263783	report_s	0.152475	status	0	sequences	13162386	bases	2465096767	classified	12297712	place	lpt	weight	13162386
[c100] ak2-sample	batch	0	name	0-SRR5935829	mode	parallel	s3client	sdk	rank	7	role	home	inflight	2	threads	16	start_s	81.366024	wall_s	11.518756	setup_s	0.000074	classify_s	11.116953	close_s	0.218604	report_s	0.170601	status	0	sequences	11220767	bases	2068350513	classified	10523542	place	lpt	weight	11220767
[c100] ak2-sample	batch	0	name	0-SRR5935755	mode	parallel	s3client	sdk	rank	7	role	home	inflight	2	threads	16	start_s	92.884843	wall_s	6.478564	setup_s	0.000085	classify_s	6.056232	close_s	0.207502	report_s	0.202234	status	0	sequences	6071697	bases	1090388750	classified	5415115	place	lpt	weight	6071697
[c100] ak2-sample	batch	0	name	0-SRR5935818	mode	parallel	s3client	sdk	rank	7	role	home	inflight	2	threads	16	start_s	92.541782	wall_s	8.232400	setup_s	0.000071	classify_s	7.866758	close_s	0.216186	report_s	0.139657	status	0	sequences	8877621	bases	1663945574	classified	8212460	place	lpt	weight	8877621
[c100] ak2-timing	batch-barrier-0	100.774202	3.189527	2	0	0.335028	0.111046
[c100] ak2-sample	batch	1	name	1-SRR5935747	mode	parallel	s3client	sdk	rank	7	role	home	inflight	2	threads	16	start_s	103.963769	wall_s	4.280250	setup_s	0.000064	classify_s	3.691048	close_s	0.341631	report_s	0.241211	status	0	sequences	3036382	bases	569204188	classified	2817388	place	mod	weight	3036382
[c100] ak2-sample	batch	1	name	1-SRR5935763	mode	parallel	s3client	sdk	rank	7	role	home	inflight	2	threads	16	start_s	103.963756	wall_s	5.877778	setup_s	0.000070	classify_s	5.476655	close_s	0.202963	report_s	0.193583	status	0	sequences	5174437	bases	978777662	classified	5104140	place	mod	weight	5174437
[c100] ak2-sample	batch	1	name	1-SRR5935779	mode	parallel	s3client	sdk	rank	7	role	home	inflight	2	threads	16	start_s	108.244096	wall_s	6.199041	setup_s	0.000066	classify_s	5.800018	close_s	0.258309	report_s	0.134881	status	0	sequences	5948317	bases	1093467848	classified	5682744	place	mod	weight	5948317
[c100] ak2-sample	batch	1	name	1-SRR5935795	mode	parallel	s3client	sdk	rank	7	role	home	inflight	2	threads	16	start_s	109.841559	wall_s	12.501898	setup_s	0.000065	classify_s	11.764961	close_s	0.533656	report_s	0.196374	status	0	sequences	11924297	bases	2214843465	classified	11742476	place	mod	weight	11924297
[c100] ak2-sample	batch	1	name	1-SRR5935811	mode	parallel	s3client	sdk	rank	7	role	home	inflight	2	threads	16	start_s	114.443165	wall_s	10.007333	setup_s	0.000071	classify_s	9.538048	close_s	0.307244	report_s	0.155608	status	0	sequences	10067025	bases	1870494351	classified	9884918	place	mod	weight	10067025
[c100] ak2-sample	batch	1	name	1-SRR5935827	mode	parallel	s3client	sdk	rank	7	role	home	inflight	2	threads	16	start_s	122.343486	wall_s	10.420039	setup_s	0.000076	classify_s	9.856271	close_s	0.384210	report_s	0.171668	status	0	sequences	16260968	bases	3012837135	classified	15948766	place	mod	weight	16260968
[c100] ak2-timing	batch-barrier-1	132.763543	16.013676	3	0	12.703289	1.580119
[c100] ak2-sample	batch	2	name	2-SRR5935784	mode	parallel	s3client	sdk	rank	7	role	home	inflight	2	threads	16	start_s	148.777265	wall_s	15.508858	setup_s	0.000044	classify_s	15.121914	close_s	0.209942	report_s	0.164863	status	0	sequences	14800056	bases	2772790740	classified	14536791	place	lpt	weight	14800056
[c100] ak2-sample	batch	2	name	2-SRR5935813	mode	parallel	s3client	sdk	rank	7	role	home	inflight	2	threads	16	start_s	148.777269	wall_s	17.483915	setup_s	0.000040	classify_s	17.031219	close_s	0.257739	report_s	0.180907	status	0	sequences	16980616	bases	3155638888	classified	16106690	place	lpt	weight	16980616
[c100] ak2-sample	batch	2	name	2-SRR5935801	mode	parallel	s3client	sdk	rank	7	role	home	inflight	2	threads	16	start_s	164.286149	wall_s	13.185044	setup_s	0.000060	classify_s	12.808387	close_s	0.215034	report_s	0.148426	status	0	sequences	13162386	bases	2465096767	classified	12297712	place	lpt	weight	13162386
[c100] ak2-sample	batch	2	name	2-SRR5935829	mode	parallel	s3client	sdk	rank	7	role	home	inflight	2	threads	16	start_s	166.262120	wall_s	11.437474	setup_s	0.000047	classify_s	11.053815	close_s	0.231627	report_s	0.139708	status	0	sequences	11220767	bases	2068350513	classified	10523542	place	lpt	weight	11220767
[c100] ak2-sample	batch	2	name	2-SRR5935755	mode	parallel	s3client	sdk	rank	7	role	home	inflight	2	threads	16	start_s	177.699622	wall_s	6.694115	setup_s	0.000066	classify_s	6.255549	close_s	0.240140	report_s	0.187211	status	0	sequences	6071697	bases	1090388750	classified	5415115	place	lpt	weight	6071697
[c100] ak2-sample	batch	2	name	2-SRR5935818	mode	parallel	s3client	sdk	rank	7	role	home	inflight	2	threads	16	start_s	177.471216	wall_s	8.516850	setup_s	0.000058	classify_s	8.016038	close_s	0.279073	report_s	0.212063	status	0	sequences	8877621	bases	1663945574	classified	8212460	place	lpt	weight	8877621
[c100] ak2-timing	batch-barrier-2	185.988087	3.158724	0	0	0.470722	0.041505
[c100] ak2-timing	barrier	195.584292	0.368647	0	0	0.013768	0.000260
[c100] ak2-sample	batch	3	name	3-SRR5935740	mode	striped	s3client	sdk	rank	7	role	peer	inflight	1	threads	16	start_s	190.017364	wall_s	5.935631	setup_s	0.000052	classify_s	5.562767	close_s	0.000000	report_s	0.000000	status	0	sequences	0	bases	0	classified	0	place	-	weight	-
[c100] ak2-timing	batch-barrier-3	195.953009	0.538161	3	0	0.005607	0.000000
[c100] ak2-timing	barrier	202.815241	0.210576	0	0	0.018669	0.000600
[c100] ak2-sample	batch	4	name	4-SRR5935740	mode	striped	s3client	sdk	rank	7	role	peer	inflight	1	threads	16	start_s	197.256578	wall_s	5.769281	setup_s	0.000050	classify_s	5.553988	close_s	0.000000	report_s	0.000000	status	0	sequences	0	bases	0	classified	0	place	-	weight	-
[c100] ak2-timing	batch-barrier-4	203.025869	0.557275	194	0	0.006208	0.000433
[c100] ak2-timing	barrier	209.916513	0.211585	0	0	0.018320	0.000000
[c100] ak2-sample	batch	5	name	5-SRR5935740	mode	striped	s3client	sdk	rank	7	role	peer	inflight	1	threads	16	start_s	204.350052	wall_s	5.778094	setup_s	0.000055	classify_s	5.562378	close_s	0.000000	report_s	0.000000	status	0	sequences	0	bases	0	classified	0	place	-	weight	-
[c100] ak2-timing	batch-barrier-5	210.128159	0.860958	0	0	0.000000	0.006135
[c100] ak2-timing	batch-barrier-6	210.989133	7.127897	2	0	0.625978	0.141278
[c100] ak2-timing	batch-barrier-7	218.117049	7.089010	6	0	0.677125	0.084885
[c100] ak2-timing	batch-barrier-8	225.206079	7.181272	0	0	0.652195	0.100475
[c100] ak2-engine	shard	0	n	16	lo	130056901599	hi	148636458971	tail	302	full	false	empty_at	18579557384	keys	8474658732	batches	89910	probe_s	198.664939	tail_probes	0	wrap_probes	0
[c100] ak2-engine	rendezvous	puts	13	gets	592
[c100] ak2-engine	s3	client	sdk	put	31	get	592	create_multipart	18	upload_part	2058	complete_multipart	18	abort_multipart	0	part_bytes	17182220081
[c100] ak2-engine	s3	client	cli	put	0	get	0	create_multipart	0	upload_part	0	complete_multipart	0	abort_multipart	0	part_bytes	0
[c100] ak2-engine	load	seconds	40.389023	requests	1126	retries	0	bytes	74318296296
[c100] ak2-engine	route	transport	nodes	calls	5180	keys	7836667637	batches	82880	route_s	90.737304	wait_s	313.539874	gather_s	17.718974
[c100] ak2-engine	worker	scan_s	688.038643	lookup_s	421.999693	classify_s	583.261347
[c100] ak2-timing	total	0.000001	232.519859	9919654	0	1527.643228	106.380909
ak2: [2026-10-08T04:52:36Z] inv c100 rank 7 exit 0
[c100 stderr] Loading database information...ak2-timing	opts	0.002834	0.000018	0	0	0.000000	0.000017
[c100 stderr]  done.
ak2: [2026-10-08T04:52:36Z] pushed out/rank7/eng-c100.stderr
ak2: [2026-10-08T04:52:36Z] rank 7 done (rc=0)
ak2: [2026-10-08T04:52:36Z] spec body exit rc=0
ak2-phase	2026-10-08T04:52:36Z	1791435156	end	no
