Loading database information...ak2-timing	opts	0.002861	0.000015	0	0	0.000015	0.000000
ak2-timing	taxo	0.002884	0.093506	87816	0	0.023074	0.082227
ak2-engine	mem	t_s	15.0	rss_kib	26832232	hwm_kib	26832236	heap_inuse	400506880	sys	423950696	avail_kib	488084188
ak2-engine	mem	t_s	30.0	rss_kib	54019080	hwm_kib	54019084	heap_inuse	402817024	sys	428407144	avail_kib	460862856
ak2-engine	mem	t_s	45.0	rss_kib	81219008	hwm_kib	81219012	heap_inuse	405323776	sys	432863592	avail_kib	433563312
ak2-engine	mem	t_s	60.0	rss_kib	108407736	hwm_kib	108407744	heap_inuse	406822912	sys	432863592	avail_kib	406378056
ak2-engine	mem	t_s	75.0	rss_kib	135594984	hwm_kib	135594988	heap_inuse	408928256	sys	437057896	avail_kib	379097992
ak2-engine	mem	t_s	90.0	rss_kib	162784488	hwm_kib	162784492	heap_inuse	411230208	sys	437320040	avail_kib	351846236
ak2-engine	mem	t_s	105.0	rss_kib	189944240	hwm_kib	189944244	heap_inuse	415203328	sys	441514344	avail_kib	324662844
ak2-engine	mem	t_s	120.0	rss_kib	217033904	hwm_kib	217033908	heap_inuse	421666816	sys	450038136	avail_kib	297514848
ak2-engine	mem	t_s	135.0	rss_kib	244062256	hwm_kib	244062256	heap_inuse	210264064	sys	450161016	avail_kib	270484616
ak2-engine	mem	t_s	150.0	rss_kib	271079544	hwm_kib	271079544	heap_inuse	211107840	sys	450161016	avail_kib	243387356
ak2-timing	shard-load-2	0.311629	161.292547	152321	0	154.432454	144.717052
ak2-engine	mem	t_s	165.0	rss_kib	290716512	hwm_kib	290716516	heap_inuse	213196800	sys	450161016	avail_kib	223713312
ak2-timing	rendezvous	163.678538	11.061118	128	0	0.211678	0.048074
ak2-timing	connect	174.739673	0.010559	0	0	0.000293	0.000275
ak2-timing	hash	0.096417	174.653829	154332	0	154.658844	144.766367
 done.
ak2-engine	mem	t_s	180.0	rss_kib	313172168	hwm_kib	313172168	heap_inuse	16132718592	sys	24119697000	avail_kib	198107684
16180463 sequences (3026.48 Mbp) processed in 17.888s (54274.0 Kseq/m, 10151.70 Mbp/m).
  15739294 sequences classified (97.27%)
  441169 sequences unclassified (2.73%)
16518263 sequences (3051.28 Mbp) processed in 17.933s (55266.2 Kseq/m, 10208.87 Mbp/m).
  16141470 sequences classified (97.72%)
  376793 sequences unclassified (2.28%)
ak2-sample	batch	0	name	0-SRR5935770	mode	parallel	s3client	sdk	rank	2	role	home	inflight	4	threads	16	start_s	174.750277	wall_s	18.344657	setup_s	0.000037	classify_s	17.887546	close_s	0.260032	report_s	0.186243	status	0	sequences	16180463	bases	3026482353	classified	15739294	place	lpt	weight	16180463
ak2-sample	batch	0	name	0-SRR5935741	mode	parallel	s3client	sdk	rank	2	role	home	inflight	4	threads	16	start_s	174.750301	wall_s	18.431218	setup_s	0.000053	classify_s	17.933140	close_s	0.298460	report_s	0.190179	status	0	sequences	16518263	bases	3051284850	classified	16141470	place	lpt	weight	16518263
18392491 sequences (3418.71 Mbp) processed in 19.444s (56754.1 Kseq/m, 10549.18 Mbp/m).
  18064386 sequences classified (98.22%)
  328105 sequences unclassified (1.78%)
ak2-sample	batch	0	name	0-SRR5935803	mode	parallel	s3client	sdk	rank	2	role	home	inflight	4	threads	16	start_s	174.750285	wall_s	20.049287	setup_s	0.000039	classify_s	19.444384	close_s	0.351390	report_s	0.228109	status	0	sequences	18392491	bases	3418705365	classified	18064386	place	lpt	weight	18392491
ak2-engine	mem	t_s	195.0	rss_kib	312183388	hwm_kib	316363344	heap_inuse	17559814144	sys	27272749384	avail_kib	194576716
20086542 sequences (3689.65 Mbp) processed in 20.159s (59783.8 Kseq/m, 10981.55 Mbp/m).
  19142785 sequences classified (95.30%)
  943757 sequences unclassified (4.70%)
ak2-sample	batch	0	name	0-SRR5935798	mode	parallel	s3client	sdk	rank	2	role	home	inflight	4	threads	16	start_s	174.750280	wall_s	20.849754	setup_s	0.000043	classify_s	20.159176	close_s	0.230514	report_s	0.445397	status	0	sequences	20086542	bases	3689648337	classified	19142785	place	lpt	weight	20086542
15080696 sequences (2770.85 Mbp) processed in 15.680s (57705.7 Kseq/m, 10602.54 Mbp/m).
  14478381 sequences classified (96.01%)
  602315 sequences unclassified (3.99%)
15328347 sequences (2853.53 Mbp) processed in 15.805s (58191.1 Kseq/m, 10832.86 Mbp/m).
  14998872 sequences classified (97.85%)
  329475 sequences unclassified (2.15%)
ak2-sample	batch	0	name	0-SRR5935744	mode	parallel	s3client	sdk	rank	2	role	home	inflight	4	threads	16	start_s	193.095000	wall_s	16.178754	setup_s	0.000066	classify_s	15.804838	close_s	0.232852	report_s	0.130819	status	0	sequences	15328347	bases	2853526686	classified	14998872	place	lpt	weight	15328347
ak2-sample	batch	0	name	0-SRR5935800	mode	parallel	s3client	sdk	rank	2	role	home	inflight	4	threads	16	start_s	193.181755	wall_s	16.103058	setup_s	0.000059	classify_s	15.680283	close_s	0.248552	report_s	0.164344	status	0	sequences	15080696	bases	2770846238	classified	14478381	place	lpt	weight	15080696
14303962 sequences (2635.98 Mbp) processed in 14.294s (60041.1 Kseq/m, 11064.56 Mbp/m).
  14029845 sequences classified (98.08%)
  274117 sequences unclassified (1.92%)
ak2-sample	batch	0	name	0-SRR5935830	mode	parallel	s3client	sdk	rank	2	role	home	inflight	4	threads	16	start_s	194.799649	wall_s	14.852387	setup_s	0.000054	classify_s	14.294171	close_s	0.251696	report_s	0.298572	status	0	sequences	14303962	bases	2635979010	classified	14029845	place	lpt	weight	14303962
ak2-engine	mem	t_s	210.0	rss_kib	313145728	hwm_kib	316363344	heap_inuse	13958037504	sys	27286790472	avail_kib	193279268
14298074 sequences (2663.28 Mbp) processed in 14.566s (58897.9 Kseq/m, 10970.82 Mbp/m).
  14234512 sequences classified (99.56%)
  63562 sequences unclassified (0.44%)
ak2-sample	batch	0	name	0-SRR5935752	mode	parallel	s3client	sdk	rank	2	role	home	inflight	4	threads	16	start_s	195.600297	wall_s	15.262975	setup_s	0.000100	classify_s	14.565624	close_s	0.439495	report_s	0.251416	status	0	sequences	14298074	bases	2663280360	classified	14234512	place	lpt	weight	14298074
12793053 sequences (2357.69 Mbp) processed in 13.162s (58320.1 Kseq/m, 10748.05 Mbp/m).
  12609886 sequences classified (98.57%)
  183167 sequences unclassified (1.43%)
12325847 sequences (2261.51 Mbp) processed in 12.852s (57543.5 Kseq/m, 10557.92 Mbp/m).
  11791754 sequences classified (95.67%)
  534093 sequences unclassified (4.33%)
ak2-sample	batch	0	name	0-SRR5935831	mode	parallel	s3client	sdk	rank	2	role	home	inflight	4	threads	16	start_s	209.284840	wall_s	13.561609	setup_s	0.000058	classify_s	13.161563	close_s	0.220552	report_s	0.173340	status	0	sequences	12793053	bases	2357685670	classified	12609886	place	lpt	weight	12793053
ak2-sample	batch	0	name	0-SRR5935742	mode	parallel	s3client	sdk	rank	2	role	home	inflight	4	threads	16	start_s	209.652105	wall_s	13.292002	setup_s	0.000092	classify_s	12.852031	close_s	0.274617	report_s	0.154987	status	0	sequences	12325847	bases	2261511731	classified	11791754	place	lpt	weight	12325847
12062510 sequences (2207.30 Mbp) processed in 12.353s (58588.7 Kseq/m, 10721.05 Mbp/m).
  10926608 sequences classified (90.58%)
  1135902 sequences unclassified (9.42%)
14120624 sequences (2649.39 Mbp) processed in 14.157s (59847.8 Kseq/m, 11228.98 Mbp/m).
  13394795 sequences classified (94.86%)
  725829 sequences unclassified (5.14%)
ak2-sample	batch	0	name	0-SRR5935820	mode	parallel	s3client	sdk	rank	2	role	home	inflight	4	threads	16	start_s	210.863294	wall_s	13.067922	setup_s	0.000901	classify_s	12.353072	close_s	0.252146	report_s	0.443930	status	0	sequences	12062510	bases	2207297835	classified	10926608	place	lpt	weight	12062510
ak2-sample	batch	0	name	0-SRR5935766	mode	parallel	s3client	sdk	rank	2	role	home	inflight	4	threads	16	start_s	209.273783	wall_s	14.791327	setup_s	0.000073	classify_s	14.156547	close_s	0.380009	report_s	0.197451	status	0	sequences	14120624	bases	2649393059	classified	13394795	place	lpt	weight	14120624
ak2-engine	mem	t_s	225.0	rss_kib	311793020	hwm_kib	316363344	heap_inuse	17632772096	sys	27303600456	avail_kib	193074832
10896278 sequences (2024.82 Mbp) processed in 11.117s (58808.2 Kseq/m, 10928.15 Mbp/m).
  10712521 sequences classified (98.31%)
  183757 sequences unclassified (1.69%)
ak2-sample	batch	0	name	0-SRR5935819	mode	parallel	s3client	sdk	rank	2	role	home	inflight	4	threads	16	start_s	222.944179	wall_s	11.536461	setup_s	0.000075	classify_s	11.117096	close_s	0.240225	report_s	0.173014	status	0	sequences	10896278	bases	2024821947	classified	10712521	place	lpt	weight	10896278
11689489 sequences (2123.44 Mbp) processed in 11.432s (61350.9 Kseq/m, 11144.63 Mbp/m).
  11327502 sequences classified (96.90%)
  361987 sequences unclassified (3.10%)
ak2-sample	batch	0	name	0-SRR5935764	mode	parallel	s3client	sdk	rank	2	role	home	inflight	4	threads	16	start_s	222.846722	wall_s	11.849287	setup_s	0.000067	classify_s	11.432098	close_s	0.227500	report_s	0.179262	status	0	sequences	11689489	bases	2123440867	classified	11327502	place	lpt	weight	11689489
10590116 sequences (1935.91 Mbp) processed in 10.724s (59248.6 Kseq/m, 10830.83 Mbp/m).
  10426493 sequences classified (98.45%)
  163623 sequences unclassified (1.55%)
10532910 sequences (1945.09 Mbp) processed in 10.937s (57783.0 Kseq/m, 10670.68 Mbp/m).
  9366399 sequences classified (88.93%)
  1166511 sequences unclassified (11.07%)
ak2-sample	batch	0	name	0-SRR5935740	mode	parallel	s3client	sdk	rank	2	role	home	inflight	4	threads	16	start_s	224.065139	wall_s	11.375996	setup_s	0.000067	classify_s	10.937033	close_s	0.232586	report_s	0.187088	status	0	sequences	10532910	bases	1945093294	classified	9366399	place	lpt	weight	10532910
ak2-sample	batch	0	name	0-SRR5935765	mode	parallel	s3client	sdk	rank	2	role	home	inflight	4	threads	16	start_s	223.931283	wall_s	11.680938	setup_s	0.000071	classify_s	10.724431	close_s	0.444698	report_s	0.505194	status	0	sequences	10590116	bases	1935908855	classified	10426493	place	lpt	weight	10590116
ak2-engine	mem	t_s	240.1	rss_kib	314353940	hwm_kib	316363344	heap_inuse	13831806976	sys	27307270472	avail_kib	191051040
9108174 sequences (1698.33 Mbp) processed in 9.088s (60132.7 Kseq/m, 11212.49 Mbp/m).
  8923230 sequences classified (97.97%)
  184944 sequences unclassified (2.03%)
ak2-sample	batch	0	name	0-SRR5935812	mode	parallel	s3client	sdk	rank	2	role	home	inflight	4	threads	16	start_s	234.696083	wall_s	9.544551	setup_s	0.000069	classify_s	9.088076	close_s	0.287021	report_s	0.162054	status	0	sequences	9108174	bases	1698332428	classified	8923230	place	lpt	weight	9108174
10067025 sequences (1870.49 Mbp) processed in 9.804s (61608.7 Kseq/m, 11447.14 Mbp/m).
  9884918 sequences classified (98.19%)
  182107 sequences unclassified (1.81%)
8326050 sequences (1540.09 Mbp) processed in 8.713s (57337.5 Kseq/m, 10605.87 Mbp/m).
  8094378 sequences classified (97.22%)
  231672 sequences unclassified (2.78%)
ak2-sample	batch	0	name	0-SRR5935811	mode	parallel	s3client	sdk	rank	2	role	home	inflight	4	threads	16	start_s	234.480661	wall_s	10.288595	setup_s	0.000070	classify_s	9.804164	close_s	0.349794	report_s	0.128139	status	0	sequences	10067025	bases	1870494351	classified	9884918	place	lpt	weight	10067025
ak2-sample	batch	0	name	0-SRR5935828	mode	parallel	s3client	sdk	rank	2	role	home	inflight	4	threads	16	start_s	235.612243	wall_s	9.210772	setup_s	0.000067	classify_s	8.712679	close_s	0.310386	report_s	0.180036	status	0	sequences	8326050	bases	1540092338	classified	8094378	place	lpt	weight	8326050
8486948 sequences (1613.12 Mbp) processed in 9.201s (55344.5 Kseq/m, 10519.37 Mbp/m).
  8270605 sequences classified (97.45%)
  216343 sequences unclassified (2.55%)
ak2-sample	batch	0	name	0-SRR5935781	mode	parallel	s3client	sdk	rank	2	role	home	inflight	4	threads	16	start_s	235.441160	wall_s	9.710524	setup_s	0.000060	classify_s	9.200865	close_s	0.256231	report_s	0.247065	status	0	sequences	8486948	bases	1613121343	classified	8270605	place	lpt	weight	8486948
1341509 sequences (254.99 Mbp) processed in 2.050s (39263.1 Kseq/m, 7463.12 Mbp/m).
  1320808 sequences classified (98.46%)
  20701 sequences unclassified (1.54%)
ak2-sample	batch	0	name	0-SRR5935835	mode	parallel	s3client	sdk	rank	2	role	home	inflight	4	threads	16	start_s	245.151725	wall_s	2.800358	setup_s	0.000108	classify_s	2.050031	close_s	0.568463	report_s	0.179068	status	0	sequences	1341509	bases	254993682	classified	1320808	place	lpt	weight	1341509
5174437 sequences (978.78 Mbp) processed in 4.887s (63528.8 Kseq/m, 12016.87 Mbp/m).
  5104140 sequences classified (98.64%)
  70297 sequences unclassified (1.36%)
ak2-sample	batch	0	name	0-SRR5935763	mode	parallel	s3client	sdk	rank	2	role	home	inflight	4	threads	16	start_s	244.769288	wall_s	5.369587	setup_s	0.000059	classify_s	4.887019	close_s	0.352007	report_s	0.125945	status	0	sequences	5174437	bases	978777662	classified	5104140	place	lpt	weight	5174437
7153468 sequences (1337.27 Mbp) processed in 5.966s (71943.7 Kseq/m, 13449.13 Mbp/m).
  6947959 sequences classified (97.13%)
  205509 sequences unclassified (2.87%)
5072545 sequences (950.40 Mbp) processed in 5.477s (55564.7 Kseq/m, 10410.70 Mbp/m).
  4982177 sequences classified (98.22%)
  90368 sequences unclassified (1.78%)
ak2-sample	batch	0	name	0-SRR5935815	mode	parallel	s3client	sdk	rank	2	role	home	inflight	4	threads	16	start_s	244.240656	wall_s	6.361888	setup_s	0.000078	classify_s	5.965892	close_s	0.212567	report_s	0.175163	status	0	sequences	7153468	bases	1337267943	classified	6947959	place	lpt	weight	7153468
ak2-sample	batch	0	name	0-SRR5935814	mode	parallel	s3client	sdk	rank	2	role	home	inflight	4	threads	16	start_s	244.823036	wall_s	5.827884	setup_s	0.000098	classify_s	5.477446	close_s	0.201236	report_s	0.143797	status	0	sequences	5072545	bases	950400325	classified	4982177	place	lpt	weight	5072545
ak2-timing	batch-barrier-0	250.650942	1.941224	1599	0	2.638280	0.287861
ak2-engine	mem	t_s	255.1	rss_kib	312240508	hwm_kib	316363344	heap_inuse	17654759424	sys	27313348936	avail_kib	192621752
6552107 sequences (1182.80 Mbp) processed in 8.176s (48084.8 Kseq/m, 8680.34 Mbp/m).
  6331866 sequences classified (96.64%)
  220241 sequences unclassified (3.36%)
ak2-sample	batch	1	name	1-SRR5935750	mode	parallel	s3client	sdk	rank	2	role	home	inflight	4	threads	16	start_s	252.592252	wall_s	8.868718	setup_s	0.000038	classify_s	8.175698	close_s	0.313011	report_s	0.373467	status	0	sequences	6552107	bases	1182796919	classified	6331866	place	mod	weight	6552107
10479816 sequences (1916.83 Mbp) processed in 11.213s (56076.1 Kseq/m, 10256.71 Mbp/m).
  9679024 sequences classified (92.36%)
  800792 sequences unclassified (7.64%)
ak2-sample	batch	1	name	1-SRR5935754	mode	parallel	s3client	sdk	rank	2	role	home	inflight	4	threads	16	start_s	252.592196	wall_s	11.720091	setup_s	0.000048	classify_s	11.213135	close_s	0.247864	report_s	0.243839	status	0	sequences	10479816	bases	1916830360	classified	9679024	place	mod	weight	10479816
11012615 sequences (2057.95 Mbp) processed in 12.489s (52905.6 Kseq/m, 9886.59 Mbp/m).
  10686469 sequences classified (97.04%)
  326146 sequences unclassified (2.96%)
12325847 sequences (2261.51 Mbp) processed in 12.822s (57676.3 Kseq/m, 10582.29 Mbp/m).
  11791754 sequences classified (95.67%)
  534093 sequences unclassified (4.33%)
ak2-sample	batch	1	name	1-SRR5935746	mode	parallel	s3client	sdk	rank	2	role	home	inflight	4	threads	16	start_s	252.592224	wall_s	13.171312	setup_s	0.000044	classify_s	12.489365	close_s	0.496316	report_s	0.177584	status	0	sequences	11012615	bases	2057953866	classified	10686469	place	mod	weight	11012615
ak2-sample	batch	1	name	1-SRR5935742	mode	parallel	s3client	sdk	rank	2	role	home	inflight	4	threads	16	start_s	252.592233	wall_s	13.222925	setup_s	0.000039	classify_s	12.822433	close_s	0.245365	report_s	0.144751	status	0	sequences	12325847	bases	2261511731	classified	11791754	place	mod	weight	12325847
ak2-engine	mem	t_s	270.1	rss_kib	315785388	hwm_kib	316363344	heap_inuse	14150909952	sys	27599466904	avail_kib	190198672
8206591 sequences (1523.97 Mbp) processed in 8.950s (55013.7 Kseq/m, 10216.07 Mbp/m).
  7998445 sequences classified (97.46%)
  208146 sequences unclassified (2.54%)
ak2-sample	batch	1	name	1-SRR5935758	mode	parallel	s3client	sdk	rank	2	role	home	inflight	4	threads	16	start_s	261.461492	wall_s	9.435014	setup_s	0.000066	classify_s	8.950417	close_s	0.244746	report_s	0.233740	status	0	sequences	8206591	bases	1523967713	classified	7998445	place	mod	weight	8206591
14120624 sequences (2649.39 Mbp) processed in 14.459s (58594.2 Kseq/m, 10993.79 Mbp/m).
  13394795 sequences classified (94.86%)
  725829 sequences unclassified (5.14%)
ak2-sample	batch	1	name	1-SRR5935766	mode	parallel	s3client	sdk	rank	2	role	home	inflight	4	threads	16	start_s	265.763559	wall_s	15.173425	setup_s	0.000067	classify_s	14.459398	close_s	0.358357	report_s	0.345133	status	0	sequences	14120624	bases	2649393059	classified	13394795	place	mod	weight	14120624
18129553 sequences (3409.03 Mbp) processed in 17.627s (61712.1 Kseq/m, 11604.17 Mbp/m).
  17831449 sequences classified (98.36%)
  298104 sequences unclassified (1.64%)
ak2-sample	batch	1	name	1-SRR5935762	mode	parallel	s3client	sdk	rank	2	role	home	inflight	4	threads	16	start_s	264.312310	wall_s	18.190431	setup_s	0.000056	classify_s	17.626569	close_s	0.404093	report_s	0.149477	status	0	sequences	18129553	bases	3409028279	classified	17831449	place	mod	weight	18129553
16180463 sequences (3026.48 Mbp) processed in 16.685s (58186.7 Kseq/m, 10883.55 Mbp/m).
  15739294 sequences classified (97.27%)
  441169 sequences unclassified (2.73%)
ak2-sample	batch	1	name	1-SRR5935770	mode	parallel	s3client	sdk	rank	2	role	home	inflight	4	threads	16	start_s	265.815186	wall_s	17.214521	setup_s	0.000061	classify_s	16.684709	close_s	0.323907	report_s	0.193646	status	0	sequences	16180463	bases	3026482353	classified	15739294	place	mod	weight	16180463
12252617 sequences (2212.67 Mbp) processed in 12.020s (61159.6 Kseq/m, 11044.69 Mbp/m).
  10208851 sequences classified (83.32%)
  2043766 sequences unclassified (16.68%)
ak2-sample	batch	1	name	1-SRR5935774	mode	parallel	s3client	sdk	rank	2	role	home	inflight	4	threads	16	start_s	270.896544	wall_s	12.522516	setup_s	0.000065	classify_s	12.020298	close_s	0.212678	report_s	0.270212	status	0	sequences	12252617	bases	2212674525	classified	10208851	place	mod	weight	12252617
ak2-engine	mem	t_s	285.1	rss_kib	310851716	hwm_kib	316447020	heap_inuse	17008664576	sys	27788480952	avail_kib	191535068
10554303 sequences (1946.56 Mbp) processed in 10.918s (58002.9 Kseq/m, 10697.66 Mbp/m).
  10062971 sequences classified (95.34%)
  491332 sequences unclassified (4.66%)
ak2-sample	batch	1	name	1-SRR5935778	mode	parallel	s3client	sdk	rank	2	role	home	inflight	4	threads	16	start_s	280.937023	wall_s	11.461277	setup_s	0.000068	classify_s	10.917702	close_s	0.220760	report_s	0.301632	status	0	sequences	10554303	bases	1946564732	classified	10062971	place	mod	weight	10554303
10128070 sequences (1876.81 Mbp) processed in 10.266s (59194.8 Kseq/m, 10969.27 Mbp/m).
  9942775 sequences classified (98.17%)
  185295 sequences unclassified (1.83%)
ak2-sample	batch	1	name	1-SRR5935782	mode	parallel	s3client	sdk	rank	2	role	home	inflight	4	threads	16	start_s	282.502770	wall_s	10.738779	setup_s	0.000070	classify_s	10.265833	close_s	0.267940	report_s	0.198055	status	0	sequences	10128070	bases	1876810820	classified	9942775	place	mod	weight	10128070
9202475 sequences (1711.99 Mbp) processed in 9.638s (57291.0 Kseq/m, 10658.19 Mbp/m).
  8810259 sequences classified (95.74%)
  392216 sequences unclassified (4.26%)
ak2-sample	batch	1	name	1-SRR5935790	mode	parallel	s3client	sdk	rank	2	role	home	inflight	4	threads	16	start_s	283.419140	wall_s	10.034713	setup_s	0.000067	classify_s	9.637613	close_s	0.214677	report_s	0.172134	status	0	sequences	9202475	bases	1711991411	classified	8810259	place	mod	weight	9202475
10054299 sequences (1885.64 Mbp) processed in 10.195s (59170.1 Kseq/m, 11097.10 Mbp/m).
  9575405 sequences classified (95.24%)
  478894 sequences unclassified (4.76%)
ak2-sample	batch	1	name	1-SRR5935786	mode	parallel	s3client	sdk	rank	2	role	home	inflight	4	threads	16	start_s	283.029735	wall_s	10.818314	setup_s	0.000089	classify_s	10.195325	close_s	0.271181	report_s	0.340807	status	0	sequences	10054299	bases	1885642952	classified	9575405	place	mod	weight	10054299
ak2-engine	mem	t_s	300.1	rss_kib	314127752	hwm_kib	316447020	heap_inuse	17636597760	sys	27789267384	avail_kib	190040452
13404063 sequences (2484.45 Mbp) processed in 13.664s (58859.4 Kseq/m, 10909.61 Mbp/m).
  13071600 sequences classified (97.52%)
  332463 sequences unclassified (2.48%)
ak2-sample	batch	1	name	1-SRR5935794	mode	parallel	s3client	sdk	rank	2	role	home	inflight	4	threads	16	start_s	292.398379	wall_s	14.263266	setup_s	0.000072	classify_s	13.663805	close_s	0.331016	report_s	0.261025	status	0	sequences	13404063	bases	2484447317	classified	13071600	place	mod	weight	13404063
14472574 sequences (2738.53 Mbp) processed in 15.826s (54870.4 Kseq/m, 10382.69 Mbp/m).
  14022498 sequences classified (96.89%)
  450076 sequences unclassified (3.11%)
ak2-sample	batch	1	name	1-SRR5935806	mode	parallel	s3client	sdk	rank	2	role	home	inflight	4	threads	16	start_s	293.848130	wall_s	16.374845	setup_s	0.003073	classify_s	15.825558	close_s	0.335272	report_s	0.201361	status	0	sequences	14472574	bases	2738529910	classified	14022498	place	mod	weight	14472574
16720060 sequences (3103.13 Mbp) processed in 17.402s (57650.1 Kseq/m, 10699.48 Mbp/m).
  16427692 sequences classified (98.25%)
  292368 sequences unclassified (1.75%)
ak2-sample	batch	1	name	1-SRR5935802	mode	parallel	s3client	sdk	rank	2	role	home	inflight	4	threads	16	start_s	293.453926	wall_s	18.040776	setup_s	0.000069	classify_s	17.401579	close_s	0.367548	report_s	0.262321	status	0	sequences	16720060	bases	3103131942	classified	16427692	place	mod	weight	16720060
20086542 sequences (3689.65 Mbp) processed in 20.391s (59105.0 Kseq/m, 10856.85 Mbp/m).
  19142785 sequences classified (95.30%)
  943757 sequences unclassified (4.70%)
ak2-sample	batch	1	name	1-SRR5935798	mode	parallel	s3client	sdk	rank	2	role	home	inflight	4	threads	16	start_s	293.241570	wall_s	20.952196	setup_s	0.000059	classify_s	20.390711	close_s	0.230873	report_s	0.312194	status	0	sequences	20086542	bases	3689648337	classified	19142785	place	mod	weight	20086542
ak2-engine	mem	t_s	315.1	rss_kib	313786304	hwm_kib	316447020	heap_inuse	13725450240	sys	27789267384	avail_kib	190242996
5072545 sequences (950.40 Mbp) processed in 5.190s (58645.4 Kseq/m, 10987.91 Mbp/m).
  4982177 sequences classified (98.22%)
  90368 sequences unclassified (1.78%)
ak2-sample	batch	1	name	1-SRR5935814	mode	parallel	s3client	sdk	rank	2	role	home	inflight	4	threads	16	start_s	310.223660	wall_s	5.672061	setup_s	0.000052	classify_s	5.189708	close_s	0.195500	report_s	0.281279	status	0	sequences	5072545	bases	950400325	classified	4982177	place	mod	weight	5072545
8877621 sequences (1663.95 Mbp) processed in 9.128s (58354.5 Kseq/m, 10937.48 Mbp/m).
  8212460 sequences classified (92.51%)
  665161 sequences unclassified (7.49%)
ak2-sample	batch	1	name	1-SRR5935818	mode	parallel	s3client	sdk	rank	2	role	home	inflight	4	threads	16	start_s	311.500346	wall_s	9.797522	setup_s	0.000101	classify_s	9.127950	close_s	0.456645	report_s	0.195789	status	0	sequences	8877621	bases	1663945574	classified	8212460	place	mod	weight	8877621
15280552 sequences (2858.11 Mbp) processed in 14.846s (61755.7 Kseq/m, 11550.93 Mbp/m).
  13785544 sequences classified (90.22%)
  1495008 sequences unclassified (9.78%)
ak2-sample	batch	1	name	1-SRR5935810	mode	parallel	s3client	sdk	rank	2	role	home	inflight	4	threads	16	start_s	306.661722	wall_s	15.448969	setup_s	0.000075	classify_s	14.846133	close_s	0.332634	report_s	0.249804	status	0	sequences	15280552	bases	2858109884	classified	13785544	place	mod	weight	15280552
8766123 sequences (1609.93 Mbp) processed in 8.575s (61340.2 Kseq/m, 11265.33 Mbp/m).
  8639469 sequences classified (98.56%)
  126654 sequences unclassified (1.44%)
ak2-sample	batch	1	name	1-SRR5935826	mode	parallel	s3client	sdk	rank	2	role	home	inflight	4	threads	16	start_s	315.895819	wall_s	9.053429	setup_s	0.000076	classify_s	8.574597	close_s	0.215799	report_s	0.257167	status	0	sequences	8766123	bases	1609927653	classified	8639469	place	mod	weight	8766123
13365245 sequences (2460.33 Mbp) processed in 13.217s (60672.7 Kseq/m, 11168.88 Mbp/m).
  13192260 sequences classified (98.71%)
  172985 sequences unclassified (1.29%)
ak2-sample	batch	1	name	1-SRR5935822	mode	parallel	s3client	sdk	rank	2	role	home	inflight	4	threads	16	start_s	314.193795	wall_s	13.643540	setup_s	0.000076	classify_s	13.217052	close_s	0.226798	report_s	0.192148	status	0	sequences	13365245	bases	2460327516	classified	13192260	place	mod	weight	13365245
ak2-engine	mem	t_s	330.1	rss_kib	313431188	hwm_kib	316447020	heap_inuse	12120424448	sys	27789332920	avail_kib	190373340
12610038 sequences (2321.59 Mbp) processed in 10.260s (73744.3 Kseq/m, 13576.82 Mbp/m).
  12099380 sequences classified (95.95%)
  510658 sequences unclassified (4.05%)
ak2-sample	batch	1	name	1-SRR5935834	mode	parallel	s3client	sdk	rank	2	role	home	inflight	4	threads	16	start_s	322.110776	wall_s	10.652753	setup_s	0.000068	classify_s	10.259805	close_s	0.235823	report_s	0.147299	status	0	sequences	12610038	bases	2321592529	classified	12099380	place	mod	weight	12610038
14303962 sequences (2635.98 Mbp) processed in 11.221s (76486.3 Kseq/m, 14095.14 Mbp/m).
  14029845 sequences classified (98.08%)
  274117 sequences unclassified (1.92%)
ak2-sample	batch	1	name	1-SRR5935830	mode	parallel	s3client	sdk	rank	2	role	home	inflight	4	threads	16	start_s	321.297977	wall_s	11.633136	setup_s	0.000077	classify_s	11.220797	close_s	0.246514	report_s	0.158154	status	0	sequences	14303962	bases	2635979010	classified	14029845	place	mod	weight	14303962
14615323 sequences (2691.06 Mbp) processed in 10.179s (86146.5 Kseq/m, 15861.81 Mbp/m).
  14358414 sequences classified (98.24%)
  256909 sequences unclassified (1.76%)
ak2-sample	batch	1	name	1-SRR5935838	mode	parallel	s3client	sdk	rank	2	role	home	inflight	4	threads	16	start_s	324.949325	wall_s	10.600885	setup_s	0.000066	classify_s	10.179399	close_s	0.214507	report_s	0.199731	status	0	sequences	14615323	bases	2691062094	classified	14358414	place	mod	weight	14615323
ak2-timing	batch-barrier-1	335.550225	0.137367	0	0	0.014093	0.060484
ak2-engine	mem	t_s	345.1	rss_kib	315425180	hwm_kib	316447020	heap_inuse	17056358400	sys	27789332920	avail_kib	190688092
16518263 sequences (3051.28 Mbp) processed in 17.579s (56379.1 Kseq/m, 10414.46 Mbp/m).
  16141470 sequences classified (97.72%)
  376793 sequences unclassified (2.28%)
16180463 sequences (3026.48 Mbp) processed in 17.803s (54531.4 Kseq/m, 10199.85 Mbp/m).
  15739294 sequences classified (97.27%)
  441169 sequences unclassified (2.73%)
ak2-sample	batch	2	name	2-SRR5935741	mode	parallel	s3client	sdk	rank	2	role	home	inflight	4	threads	16	start_s	335.687657	wall_s	18.059061	setup_s	0.000059	classify_s	17.579124	close_s	0.303749	report_s	0.166265	status	0	sequences	16518263	bases	3051284850	classified	16141470	place	lpt	weight	16518263
ak2-sample	batch	2	name	2-SRR5935770	mode	parallel	s3client	sdk	rank	2	role	home	inflight	4	threads	16	start_s	335.687633	wall_s	18.363144	setup_s	0.000051	classify_s	17.803099	close_s	0.216230	report_s	0.332783	status	0	sequences	16180463	bases	3026482353	classified	15739294	place	lpt	weight	16180463
18392491 sequences (3418.71 Mbp) processed in 18.957s (58213.2 Kseq/m, 10820.38 Mbp/m).
  18064386 sequences classified (98.22%)
  328105 sequences unclassified (1.78%)
ak2-sample	batch	2	name	2-SRR5935803	mode	parallel	s3client	sdk	rank	2	role	home	inflight	4	threads	16	start_s	335.687642	wall_s	19.653593	setup_s	0.000044	classify_s	18.957034	close_s	0.271068	report_s	0.408942	status	0	sequences	18392491	bases	3418705365	classified	18064386	place	lpt	weight	18392491
20086542 sequences (3689.65 Mbp) processed in 19.851s (60712.9 Kseq/m, 11152.21 Mbp/m).
  19142785 sequences classified (95.30%)
  943757 sequences unclassified (4.70%)
ak2-sample	batch	2	name	2-SRR5935798	mode	parallel	s3client	sdk	rank	2	role	home	inflight	4	threads	16	start_s	335.687636	wall_s	20.493507	setup_s	0.000051	classify_s	19.850677	close_s	0.327400	report_s	0.300046	status	0	sequences	20086542	bases	3689648337	classified	19142785	place	lpt	weight	20086542
ak2-engine	mem	t_s	360.2	rss_kib	315279316	hwm_kib	316447020	heap_inuse	22636019712	sys	27789332920	avail_kib	189154208
15328347 sequences (2853.53 Mbp) processed in 15.849s (58027.5 Kseq/m, 10802.41 Mbp/m).
  14998872 sequences classified (97.85%)
  329475 sequences unclassified (2.15%)
14303962 sequences (2635.98 Mbp) processed in 14.333s (59879.8 Kseq/m, 11034.84 Mbp/m).
  14029845 sequences classified (98.08%)
  274117 sequences unclassified (1.92%)
ak2-sample	batch	2	name	2-SRR5935744	mode	parallel	s3client	sdk	rank	2	role	home	inflight	4	threads	16	start_s	353.746746	wall_s	16.361523	setup_s	0.000069	classify_s	15.849394	close_s	0.356937	report_s	0.145478	status	0	sequences	15328347	bases	2853526686	classified	14998872	place	lpt	weight	15328347
ak2-sample	batch	2	name	2-SRR5935830	mode	parallel	s3client	sdk	rank	2	role	home	inflight	4	threads	16	start_s	355.341311	wall_s	14.840329	setup_s	0.000076	classify_s	14.332672	close_s	0.358124	report_s	0.141371	status	0	sequences	14303962	bases	2635979010	classified	14029845	place	lpt	weight	14303962
15080696 sequences (2770.85 Mbp) processed in 15.825s (57178.5 Kseq/m, 10505.66 Mbp/m).
  14478381 sequences classified (96.01%)
  602315 sequences unclassified (3.99%)
ak2-sample	batch	2	name	2-SRR5935800	mode	parallel	s3client	sdk	rank	2	role	home	inflight	4	threads	16	start_s	354.050846	wall_s	16.380811	setup_s	0.000060	classify_s	15.824872	close_s	0.303364	report_s	0.244460	status	0	sequences	15080696	bases	2770846238	classified	14478381	place	lpt	weight	15080696
14298074 sequences (2663.28 Mbp) processed in 14.406s (59551.2 Kseq/m, 11092.50 Mbp/m).
  14234512 sequences classified (99.56%)
  63562 sequences unclassified (0.44%)
ak2-sample	batch	2	name	2-SRR5935752	mode	parallel	s3client	sdk	rank	2	role	home	inflight	4	threads	16	start_s	356.181182	wall_s	15.240367	setup_s	0.000081	classify_s	14.405838	close_s	0.296415	report_s	0.533553	status	0	sequences	14298074	bases	2663280360	classified	14234512	place	lpt	weight	14298074
ak2-engine	mem	t_s	375.2	rss_kib	314060936	hwm_kib	316447020	heap_inuse	22140018688	sys	27789463992	avail_kib	188951084
12793053 sequences (2357.69 Mbp) processed in 13.647s (56244.2 Kseq/m, 10365.48 Mbp/m).
  12609886 sequences classified (98.57%)
  183167 sequences unclassified (1.43%)
12325847 sequences (2261.51 Mbp) processed in 13.422s (55099.1 Kseq/m, 10109.44 Mbp/m).
  11791754 sequences classified (95.67%)
  534093 sequences unclassified (4.33%)
ak2-sample	batch	2	name	2-SRR5935831	mode	parallel	s3client	sdk	rank	2	role	home	inflight	4	threads	16	start_s	370.181679	wall_s	14.034490	setup_s	0.000070	classify_s	13.647333	close_s	0.238649	report_s	0.142190	status	0	sequences	12793053	bases	2357685670	classified	12609886	place	lpt	weight	12793053
ak2-sample	batch	2	name	2-SRR5935742	mode	parallel	s3client	sdk	rank	2	role	home	inflight	4	threads	16	start_s	370.431689	wall_s	13.797929	setup_s	0.000088	classify_s	13.422185	close_s	0.215271	report_s	0.149863	status	0	sequences	12325847	bases	2261511731	classified	11791754	place	lpt	weight	12325847
12062510 sequences (2207.30 Mbp) processed in 12.751s (56760.6 Kseq/m, 10386.52 Mbp/m).
  10926608 sequences classified (90.58%)
  1135902 sequences unclassified (9.42%)
ak2-sample	batch	2	name	2-SRR5935820	mode	parallel	s3client	sdk	rank	2	role	home	inflight	4	threads	16	start_s	371.421577	wall_s	13.193568	setup_s	0.000065	classify_s	12.750938	close_s	0.247564	report_s	0.178689	status	0	sequences	12062510	bases	2207297835	classified	10926608	place	lpt	weight	12062510
14120624 sequences (2649.39 Mbp) processed in 14.509s (58395.7 Kseq/m, 10956.54 Mbp/m).
  13394795 sequences classified (94.86%)
  725829 sequences unclassified (5.14%)
ak2-sample	batch	2	name	2-SRR5935766	mode	parallel	s3client	sdk	rank	2	role	home	inflight	4	threads	16	start_s	370.108293	wall_s	15.108000	setup_s	0.000060	classify_s	14.508557	close_s	0.203961	report_s	0.384510	status	0	sequences	14120624	bases	2649393059	classified	13394795	place	lpt	weight	14120624
ak2-engine	mem	t_s	390.2	rss_kib	314792544	hwm_kib	316447020	heap_inuse	14932189184	sys	27796738488	avail_kib	187647980
11689489 sequences (2123.44 Mbp) processed in 11.845s (59210.6 Kseq/m, 10755.84 Mbp/m).
  11327502 sequences classified (96.90%)
  361987 sequences unclassified (3.10%)
10896278 sequences (2024.82 Mbp) processed in 11.906s (54909.4 Kseq/m, 10203.64 Mbp/m).
  10712521 sequences classified (98.31%)
  183757 sequences unclassified (1.69%)
ak2-sample	batch	2	name	2-SRR5935764	mode	parallel	s3client	sdk	rank	2	role	home	inflight	4	threads	16	start_s	384.216197	wall_s	12.227158	setup_s	0.000071	classify_s	11.845334	close_s	0.211092	report_s	0.160842	status	0	sequences	11689489	bases	2123440867	classified	11327502	place	lpt	weight	11689489
10590116 sequences (1935.91 Mbp) processed in 11.539s (55068.4 Kseq/m, 10066.68 Mbp/m).
  10426493 sequences classified (98.45%)
  163623 sequences unclassified (1.55%)
ak2-sample	batch	2	name	2-SRR5935819	mode	parallel	s3client	sdk	rank	2	role	home	inflight	4	threads	16	start_s	384.229642	wall_s	12.268148	setup_s	0.000071	classify_s	11.906468	close_s	0.207851	report_s	0.147854	status	0	sequences	10896278	bases	2024821947	classified	10712521	place	lpt	weight	10896278
10532910 sequences (1945.09 Mbp) processed in 11.090s (56984.2 Kseq/m, 10523.17 Mbp/m).
  9366399 sequences classified (88.93%)
  1166511 sequences unclassified (11.07%)
ak2-sample	batch	2	name	2-SRR5935765	mode	parallel	s3client	sdk	rank	2	role	home	inflight	4	threads	16	start_s	384.615234	wall_s	12.056575	setup_s	0.000076	classify_s	11.538514	close_s	0.292092	report_s	0.219604	status	0	sequences	10590116	bases	1935908855	classified	10426493	place	lpt	weight	10590116
ak2-sample	batch	2	name	2-SRR5935740	mode	parallel	s3client	sdk	rank	2	role	home	inflight	4	threads	16	start_s	385.216315	wall_s	11.504627	setup_s	0.000074	classify_s	11.090345	close_s	0.222283	report_s	0.175473	status	0	sequences	10532910	bases	1945093294	classified	9366399	place	lpt	weight	10532910
ak2-engine	mem	t_s	405.2	rss_kib	316630260	hwm_kib	316630260	heap_inuse	17256816640	sys	27796771256	avail_kib	186117436
8326050 sequences (1540.09 Mbp) processed in 9.807s (50937.9 Kseq/m, 9422.12 Mbp/m).
  8094378 sequences classified (97.22%)
  231672 sequences unclassified (2.78%)
9108174 sequences (1698.33 Mbp) processed in 10.135s (53919.7 Kseq/m, 10053.99 Mbp/m).
  8923230 sequences classified (97.97%)
  184944 sequences unclassified (2.03%)
ak2-sample	batch	2	name	2-SRR5935828	mode	parallel	s3client	sdk	rank	2	role	home	inflight	4	threads	16	start_s	396.721022	wall_s	10.205201	setup_s	0.000073	classify_s	9.807299	close_s	0.240915	report_s	0.148188	status	0	sequences	8326050	bases	1540092338	classified	8094378	place	lpt	weight	8326050
ak2-sample	batch	2	name	2-SRR5935812	mode	parallel	s3client	sdk	rank	2	role	home	inflight	4	threads	16	start_s	396.497817	wall_s	10.509557	setup_s	0.000074	classify_s	10.135274	close_s	0.236328	report_s	0.130722	status	0	sequences	9108174	bases	1698332428	classified	8923230	place	lpt	weight	9108174
8486948 sequences (1613.12 Mbp) processed in 10.201s (49917.0 Kseq/m, 9487.76 Mbp/m).
  8270605 sequences classified (97.45%)
  216343 sequences unclassified (2.55%)
ak2-sample	batch	2	name	2-SRR5935781	mode	parallel	s3client	sdk	rank	2	role	home	inflight	4	threads	16	start_s	396.671840	wall_s	10.581510	setup_s	0.000080	classify_s	10.201275	close_s	0.221023	report_s	0.153277	status	0	sequences	8486948	bases	1613121343	classified	8270605	place	lpt	weight	8486948
10067025 sequences (1870.49 Mbp) processed in 10.838s (55729.4 Kseq/m, 10354.75 Mbp/m).
  9884918 sequences classified (98.19%)
  182107 sequences unclassified (1.81%)
ak2-sample	batch	2	name	2-SRR5935811	mode	parallel	s3client	sdk	rank	2	role	home	inflight	4	threads	16	start_s	396.443380	wall_s	11.702600	setup_s	0.000062	classify_s	10.838469	close_s	0.290290	report_s	0.566634	status	0	sequences	10067025	bases	1870494351	classified	9884918	place	lpt	weight	10067025
1341509 sequences (254.99 Mbp) processed in 2.234s (36029.9 Kseq/m, 6848.55 Mbp/m).
  1320808 sequences classified (98.46%)
  20701 sequences unclassified (1.54%)
ak2-sample	batch	2	name	2-SRR5935835	mode	parallel	s3client	sdk	rank	2	role	home	inflight	4	threads	16	start_s	408.146053	wall_s	2.716513	setup_s	0.000085	classify_s	2.233996	close_s	0.238370	report_s	0.240814	status	0	sequences	1341509	bases	254993682	classified	1320808	place	lpt	weight	1341509
5174437 sequences (978.78 Mbp) processed in 5.225s (59417.5 Kseq/m, 11239.20 Mbp/m).
  5104140 sequences classified (98.64%)
  70297 sequences unclassified (1.36%)
ak2-sample	batch	2	name	2-SRR5935763	mode	parallel	s3client	sdk	rank	2	role	home	inflight	4	threads	16	start_s	407.007401	wall_s	5.578792	setup_s	0.000070	classify_s	5.225166	close_s	0.213565	report_s	0.135326	status	0	sequences	5174437	bases	978777662	classified	5104140	place	lpt	weight	5174437
5072545 sequences (950.40 Mbp) processed in 5.307s (57347.6 Kseq/m, 10744.74 Mbp/m).
  4982177 sequences classified (98.22%)
  90368 sequences unclassified (1.78%)
ak2-sample	batch	2	name	2-SRR5935814	mode	parallel	s3client	sdk	rank	2	role	home	inflight	4	threads	16	start_s	407.253458	wall_s	5.685620	setup_s	0.000072	classify_s	5.307157	close_s	0.207677	report_s	0.165121	status	0	sequences	5072545	bases	950400325	classified	4982177	place	lpt	weight	5072545
7153468 sequences (1337.27 Mbp) processed in 6.280s (68350.3 Kseq/m, 12777.39 Mbp/m).
  6947959 sequences classified (97.13%)
  205509 sequences unclassified (2.87%)
ak2-sample	batch	2	name	2-SRR5935815	mode	parallel	s3client	sdk	rank	2	role	home	inflight	4	threads	16	start_s	406.926245	wall_s	6.672494	setup_s	0.000076	classify_s	6.279535	close_s	0.240126	report_s	0.145102	status	0	sequences	7153468	bases	1337267943	classified	6947959	place	lpt	weight	7153468
ak2-timing	batch-barrier-2	413.598765	1.853134	1	0	0.513700	0.041488
ak2-engine	mem	t_s	420.2	rss_kib	296481104	hwm_kib	316627600	heap_inuse	5275787264	sys	27797098936	avail_kib	203004852
ak2-timing	barrier	421.755253	0.006750	0	0	0.000024	0.000001
ak2-sample	batch	3	name	3-SRR5935740	mode	striped	s3client	sdk	rank	2	role	peer	inflight	1	threads	16	start_s	415.721954	wall_s	6.040094	setup_s	0.000045	classify_s	6.025359	close_s	0.000000	report_s	0.000000	status	0	sequences	0	bases	0	classified	0	place	-	weight	-
ak2-timing	batch-barrier-3	421.762057	0.542314	0	0	0.004006	0.000246
ak2-timing	barrier	428.300537	0.006664	0	0	0.000026	0.000002
ak2-sample	batch	4	name	4-SRR5935740	mode	striped	s3client	sdk	rank	2	role	peer	inflight	1	threads	16	start_s	422.524206	wall_s	5.783041	setup_s	0.000042	classify_s	5.768333	close_s	0.000000	report_s	0.000000	status	0	sequences	0	bases	0	classified	0	place	-	weight	-
ak2-timing	batch-barrier-4	428.307255	0.542758	0	0	0.004495	0.000000
ak2-timing	barrier	434.879763	0.006876	0	0	0.000035	0.000002
ak2-sample	batch	5	name	5-SRR5935740	mode	striped	s3client	sdk	rank	2	role	peer	inflight	1	threads	16	start_s	429.117422	wall_s	5.769257	setup_s	0.000048	classify_s	5.754285	close_s	0.000000	report_s	0.000000	status	0	sequences	0	bases	0	classified	0	place	-	weight	-
ak2-engine	mem	t_s	435.2	rss_kib	296086328	hwm_kib	316627600	heap_inuse	4458561536	sys	27797098936	avail_kib	208927776
ak2-timing	batch-barrier-5	434.886687	0.532288	0	0	0.004462	0.000274
ak2-timing	batch-barrier-6	435.418996	6.929196	1481	0	3.035137	0.317649
ak2-timing	batch-barrier-7	442.348216	5.822168	0	0	2.770281	0.251495
ak2-engine	mem	t_s	450.2	rss_kib	296095260	hwm_kib	316627600	heap_inuse	4488527872	sys	27797098936	avail_kib	211413936
ak2-timing	batch-barrier-8	448.170406	6.842622	752	0	3.036978	0.145214
ak2-engine	shard	0	n	4	lo	148636458971	hi	222954688456	tail	302	full	false	empty_at	74318229485	keys	33903437076	batches	89910	probe_s	970.964371	tail_probes	0	wrap_probes	0
ak2-engine	mem	t_s	455.0	rss_kib	296095260	hwm_kib	316627600	heap_inuse	4488577024	sys	27797098936	avail_kib	211899832
ak2-engine	rendezvous	puts	13	gets	143
ak2-engine	s3	client	sdk	put	86	get	143	create_multipart	73	upload_part	9063	complete_multipart	73	abort_multipart	0	part_bytes	75720743859
ak2-engine	s3	client	cli	put	0	get	0	create_multipart	0	upload_part	0	complete_multipart	0	abort_multipart	0	part_bytes	0
ak2-engine	load	seconds	161.292544	requests	4448	retries	0	bytes	297272984748
ak2-engine	route	transport	nodes	calls	22990	keys	34715485816	batches	91960	route_s	400.223288	wait_s	4168.407930	gather_s	81.591472
ak2-engine	worker	scan_s	3244.178432	lookup_s	4650.238304	classify_s	2723.810319
ak2-timing	total	0.000001	455.560870	33180027	0	6780.007966	416.895197
