make run: bucket aws-kraken2-942542972736-us-west-2 is in us-west-2
make run: run 20261008-040133-ad4af00-18db-n8-r1  task ak2-g3-20261008-040133-ad4af00-18db-n8-r1  ->  s3://aws-kraken2-942542972736-us-west-2/aws-kraken2/g3/20261008-040133-ad4af00-18db-n8-r1
make run: user data: 12264 of 16384 bytes after base64 decoding (refuse above 15360)
make run: plan: Instance: c8g.large (0 vCPU, 0 GiB)
make run: launched i-0defe492920629bf8 (c8g.large) in us-west-2
  | ak2: log tee up
  | ak2-phase	2026-10-08T04:02:07Z	1791432127	preamble	no
  | ak2: [2026-10-08T04:02:07Z] inherited $-=hBc (stub, as spawn started it: $-=hBc)
  | ak2: [2026-10-08T04:02:07Z] after set +e $-=hBc
  | ak2: [2026-10-08T04:02:07Z] gate=g3 run=20261008-040133-ad4af00-18db-n8-r1
  | ak2: [2026-10-08T04:02:07Z] aws shim installed and self-tested (/tmp/ak2-bin/aws -> /usr/bin/aws)
  | ak2: [2026-10-08T04:02:07Z] imds region=us-west-2 az=us-west-2a instance=i-0defe492920629bf8 type=c8g.large ami=ami-09325776a00699513
  | ak2: [2026-10-08T04:02:07Z] bucket aws-kraken2-942542972736-us-west-2 region=us-west-2
  | ak2: [2026-10-08T04:02:08Z] bucket aws-kraken2-942542972736-us-west-2 payer=UNKNOWN
  | ak2: [2026-10-08T04:02:08Z] WARN: could not read Payer of aws-kraken2-942542972736-us-west-2 from the instance (launch host verified it)
  | ak2: [2026-10-08T04:02:08Z] region assert passed
  | ak2: [2026-10-08T04:02:08Z] drop_caches_ok=true
  | ak2: [2026-10-08T04:02:08Z] preamble done; spec body starts
  | ak2-phase	2026-10-08T04:02:08Z	1791432128	body	no
  | ak2-phase	2026-10-08T04:02:08Z	1791432128	setup	no
  | ak2: [2026-10-08T04:02:26Z] checkout ad4af00; nproc 2; disk /dev/nvme0n1p1 40G 2.4G 38G 6% /; slice 1 of 8, ranks 11..1000
  | ak2-phase	2026-10-08T04:02:26Z	1791432146	stage	no
  | stage-cohort: shell flags huB (on instance: 1)
  | stage-cohort: ranks 11..1000, every 8th from offset 1; 6 files at once, 4 ranges each
  | stage-cohort: SRR5935767_2.fastq.gz staged (245651270 bytes, md5 c644fb7ec27cedbcaf09a8eaad6e96d2, sha256 500d8a2b5695ba51d309a9e403426d185bb646231c3d3046bc3b42f22ba2cbc5) at 2026-10-08T04:03:38Z
  | stage-cohort: SRR5935767_1.fastq.gz staged (249961146 bytes, md5 6248111ed19b8bee0c3f5b747eb6a437, sha256 1a9259afb0eaaed821abe67e69eb8546830e8b30a2013cd5f5ed5f32025b1185) at 2026-10-08T04:03:44Z
  | stage-cohort: SRR5935759_1.fastq.gz staged (712563976 bytes, md5 8cbfa211038fba3ece572d6b0dd01d71, sha256 6b139cd3c2d7710e989b0481cb1398c4b902dfceabfe86ae7981d7cc5ea88f68) at 2026-10-08T04:05:10Z
  | stage-cohort: SRR5935759_2.fastq.gz staged (741570898 bytes, md5 ed0e549122f87f2ab9b0f8125cac4db1, sha256 ec5bf83d40cb0e96b478a026db3d83dd454a0f121bab17beb9d0e4b4f4e983e8) at 2026-10-08T04:05:41Z
  | stage-cohort: SRR5935783_1.fastq.gz staged (121552290 bytes, md5 554e11e9a708abb5262534c150b27f49, sha256 aaf479ca0b8b4b14abe605c7be23f3bfa1c25ea176b887fb282fc16da513001c) at 2026-10-08T04:05:45Z
  | stage-cohort: SRR5935751_1.fastq.gz staged (880918362 bytes, md5 7a41b3c4a92a0c364c89f986f44bdaf7, sha256 112f2b75ac57e0e07d7f8bb8d1abf7273cfe22be12cc5f1e535875255fd7bcc5) at 2026-10-08T04:06:04Z
  | stage-cohort: SRR5935775_1.fastq.gz staged (614890196 bytes, md5 72d4133ada25deb7c6b545336fdd523e, sha256 d8a8dfbcedbb5e93f876de91ef04185facac2ca8658d6fdbecd4658400eb39d3) at 2026-10-08T04:06:07Z
  | stage-cohort: SRR5935783_2.fastq.gz staged (122217283 bytes, md5 1a9a17a16012a8b463c94f90cbafe407, sha256 f526e644910980b26b5c544901aa4b7c4f628c11f26af488fa4b1a04843a81a5) at 2026-10-08T04:06:13Z
  | stage-cohort: SRR5935751_2.fastq.gz staged (893794835 bytes, md5 f656af54e39c78d27f5e1d03a9880309, sha256 29dddcadec7533448cd70416f77d0d9ba46d80d4f919650f0380c6a9ce1fd35f) at 2026-10-08T04:06:29Z
  | stage-cohort: SRR5935775_2.fastq.gz staged (614806057 bytes, md5 ada8860368598603dd5e3ae2b19aa5f4, sha256 e9cd4e3b513c884b6449e850c55f804a89026ef724bd2c2a8858d60da653236d) at 2026-10-08T04:06:34Z
  | stage-cohort: SRR5935791_1.fastq.gz staged (501172269 bytes, md5 845afaa070e1a3dba41706130c862587, sha256 86ce992a81feee11e5c9d2c09bd8c7507eb524cbcc93a9ca0b237a91b434273f) at 2026-10-08T04:07:44Z
  | stage-cohort: SRR5935799_1.fastq.gz staged (425608974 bytes, md5 5107ce6b50c7542537e7254169531dca, sha256 e42afca84358e4145b7d6b5bb996e3fd9d3b5162a253d4d2176dc2f760577a07) at 2026-10-08T04:07:58Z
  | stage-cohort: SRR5935799_2.fastq.gz staged (427991562 bytes, md5 86962405cefc9c3ffd86b2acfe51b579, sha256 96504107aa9d741a36ef050c41b544cb4d0f4d7ddd2ceff4b9931e2802f58846) at 2026-10-08T04:08:02Z
  | stage-cohort: SRR5935791_2.fastq.gz staged (503423397 bytes, md5 ca210e709a2e82d937ec6252eb6008ab, sha256 ac84970ae1ad750dc6dedc39816d1d2b26cc4aa85a214f44a757a0770e743aa1) at 2026-10-08T04:08:09Z
  | stage-cohort: SRR5935815_1.fastq.gz staged (355512230 bytes, md5 4a74e6b8fabc17ea02122384ac20b07f, sha256 44c4cb055423b7854d5c8ae0b65b4feb8ec564762c4e7a69a6adfb931886697b) at 2026-10-08T04:09:12Z
  | stage-cohort: SRR5935815_2.fastq.gz staged (349651525 bytes, md5 6c4d8a55a96d65864f9459bc78b29f18, sha256 5742295a1020aa779cdc8d8908a136ce98e9e1b799f33b0454e5d856222a544a) at 2026-10-08T04:09:33Z
  | stage-cohort: SRR5935807_2.fastq.gz staged (777398360 bytes, md5 4c4ab2966a0e7379df74989f07b86c5e, sha256 ea98b48efa32e800bda58818593e19784ec229cf0e5e37c06053122fabad091a) at 2026-10-08T04:09:36Z
  | stage-cohort: SRR5935839_1.fastq.gz staged (52799928 bytes, md5 510d71c0948f3a8a3f8e7fd743dac0db, sha256 ef8a22f0c5865894c5219a3229bfc22eec1c98d23c04f6640e06ec3fd72972a2) at 2026-10-08T04:09:57Z
  | stage-cohort: SRR5935807_1.fastq.gz staged (781208913 bytes, md5 ee2a519342ea02d4205a9548e4d80d1a, sha256 9503450bb81ee7699dba62a74ae8383a0f8dcc084025388be15c2c362b265d8a) at 2026-10-08T04:10:09Z
  | stage-cohort: SRR5935839_2.fastq.gz staged (52532841 bytes, md5 d90289b6f3be9546d52b1c723c9cf130, sha256 5d60c19633e55f6d61c965f78362fa2dee41693b69ce604caa006feb7d9924c8) at 2026-10-08T04:10:16Z
  | stage-cohort: SRR5935847_2.fastq.gz staged (251526445 bytes, md5 d2b0f60ab2fbac65c50b192012ecf9b2, sha256 c8b1f77700aa0dd56b052de4efac62d6312876bf25db874ad701e06df056dd01) at 2026-10-08T04:11:16Z
  | stage-cohort: SRR5935831_1.fastq.gz staged (598644899 bytes, md5 0d7f8f302531c71a72f0d7af8f2afb26, sha256 76b906ee1866469695e831504329b6c17adfb6065ab554bffaf921f142085f56) at 2026-10-08T04:11:34Z
  | stage-cohort: SRR5935847_1.fastq.gz staged (255447891 bytes, md5 b968d77b18d88ce1fe57eff838bcc572, sha256 2902df0e1e428f9f898d9e31de600b5c591be322f73627f87fa294f034b5873a) at 2026-10-08T04:11:35Z
  | stage-cohort: SRR5935831_2.fastq.gz staged (610696656 bytes, md5 7f81adc8b0d924683a6d9b775f60deff, sha256 0f348b134a23bf51e80e74922c902a1adbdf66e9875f24e87e672a52ab6aa3a8) at 2026-10-08T04:11:56Z
  | stage-cohort: SRR5935823_1.fastq.gz staged (1007756091 bytes, md5 804ad04388fd7cfb0f1aba130f6cb21c, sha256 d20a80cdfc72b940ff625febe71e328e7b13e054e5d73c407fd5122e6317e49e) at 2026-10-08T04:12:08Z
  | stage-cohort: SRR5935823_2.fastq.gz staged (1003208128 bytes, md5 62e1203134d1feadf76614b929c8f10a, sha256 cbcf5900ad7105d6d21631149ec4552ea07c1ecdcbc0aa7ea335fcbedd9ba577) at 2026-10-08T04:12:17Z
  | stage-cohort: SRR5935863_1.fastq.gz staged (587795608 bytes, md5 ed676227f8ff0970766671d05ab5020b, sha256 d5b989e4c974e2342b2cf48b6547e89dd8e8270ea5ae6e6b05a452483a6d3562) at 2026-10-08T04:14:06Z
  | stage-cohort: SRR5935855_1.fastq.gz staged (771028067 bytes, md5 716247fbbfbc3e932a09edbe3ed3ac58, sha256 147a996a2c680c19543d27348f3726ca4502a269da8e67af3bd60f87f936ad33) at 2026-10-08T04:14:30Z
  | stage-cohort: SRR5935863_2.fastq.gz staged (582707460 bytes, md5 95e7b7abd129579a2e1d066b032675a2, sha256 bd606c3c880644fe499afd211c03fb9fdfade82433560d102d5c4f0be514fec1) at 2026-10-08T04:14:35Z
  | stage-cohort: SRR5935855_2.fastq.gz staged (772027844 bytes, md5 9f41afc9489672d8b41182e582f725f0, sha256 10f72678610c73335344f3f3e98deac4f7ee2bf42767bfdf0c93d48ca4972b0e) at 2026-10-08T04:14:46Z
  | stage-cohort: SRR5935871_1.fastq.gz staged (640825126 bytes, md5 93fb3ad671dc855c19357baa0d55b364, sha256 4751dc47a2ffb77b1657c60ad59c3923ad4968a140de4ccca5830442dbdefd8d) at 2026-10-08T04:14:51Z
  | stage-cohort: SRR5935871_2.fastq.gz staged (643255193 bytes, md5 f36340347389e7af5feccb3b504d4524, sha256 41480ffc7495c2e7d94ec874fa84a70e46cc721d158ef09d77cbff0fdf1130cb) at 2026-10-08T04:14:55Z
  | stage-cohort: SRR5935879_1.fastq.gz staged (478127870 bytes, md5 118dc26d742c6f64b34d19fd032e0dcf, sha256 3799bebbeba3f69a45284af18f6e1c76a06acb1ec253fd17c865147fa25097a5) at 2026-10-08T04:16:12Z
  | stage-cohort: SRR5935887_1.fastq.gz staged (426637553 bytes, md5 37a79ac45cf11606321b26b145a76162, sha256 cb0d5fe187d88bd153925d5d2eb8daee851778cb053548393a984fef553e65a9) at 2026-10-08T04:16:22Z
  | stage-cohort: SRR5935879_2.fastq.gz staged (474767151 bytes, md5 56ace09baf262d91de10753bc63272d3, sha256 4e0b7566047edd5cf98f3f76638273bdc0a034ff8ea3178e0b9ce870cd0ffc51) at 2026-10-08T04:16:34Z
  | stage-cohort: SRR5935887_2.fastq.gz staged (438166837 bytes, md5 f761d23f1fb88e2df1933ab64293df79, sha256 073807c83381f1ceec31682da770bbfff0b31cd485d1adb0dde664ee8e0c188f) at 2026-10-08T04:16:36Z
  | stage-cohort: SRR5935895_2.fastq.gz staged (499023533 bytes, md5 09a33afb7dec6754cb3ee3f0ade7cb0f, sha256 410753b68fa9483f5a825f5e0073e6a492c42051fec22972ac1e0e78458fd606) at 2026-10-08T04:17:03Z
  | stage-cohort: SRR5935895_1.fastq.gz staged (508827831 bytes, md5 536880ec6fcebb8a70e67f5ce5ef28a3, sha256 751b8424d001b75d106fa7c562a8bb518a86f7c9db0800c9a72a821c50243245) at 2026-10-08T04:17:04Z
  | stage-cohort: SRR5935903_1.fastq.gz staged (369954342 bytes, md5 5281da66c60819a594ed2510d5d4e484, sha256 5366198b25f47428b40aab75e0090fe3e221276e3f1f6e65e1906c27a1f1f9f3) at 2026-10-08T04:17:47Z
  | stage-cohort: SRR5935903_2.fastq.gz staged (371958758 bytes, md5 fe4fa8f9354ae96bd8eecc0dbbb1cd4b, sha256 ac416f9723f10c606dbbc2ef5acaeac502a2806aff3626429a5efaf64fa91d59) at 2026-10-08T04:17:52Z
  | stage-cohort: SRR5935927_1.fastq.gz staged (351146163 bytes, md5 0f03560ab1a84d714522e38278ce15d6, sha256 3cdb5251f81fbe4244f80bcbe7e2f56d9d40a38435fb8319ccb9e7db119f180b) at 2026-10-08T04:19:15Z
  | stage-cohort: SRR5935927_2.fastq.gz staged (349315509 bytes, md5 5b540e34cb8bb2823d3f0fa712cd83dd, sha256 f393636ce8b5bd7161fb349a2eedf55b0d6c854b114f77f6286cca62372b35be) at 2026-10-08T04:19:28Z
  | stage-cohort: SRR5935911_1.fastq.gz staged (806559034 bytes, md5 e52474fbf635c221c328b5f2bb1ed083, sha256 55a457bb5d61354675b298e0de1450cfebe58165ca0782bb824692da63c8390b) at 2026-10-08T04:19:51Z
  | stage-cohort: SRR5935911_2.fastq.gz staged (811088839 bytes, md5 ed3046462736166f34e27eac9d7f8c9f, sha256 1ec1c3b5252d034575bc4208fcf37c2989c8e8f3d176cdda50237d3768db2417) at 2026-10-08T04:19:58Z
  | stage-cohort: SRR5935919_2.fastq.gz staged (792222139 bytes, md5 a70ec9c9633469e1981b3c2668b27013, sha256 3ca591f35721aab78714ad35bdf76fff34c1b10af0a6531d9474fdb1a88dd2c8) at 2026-10-08T04:20:21Z
  | stage-cohort: SRR5935919_1.fastq.gz staged (807477280 bytes, md5 c772bf754ec209c8e7b6d86359d4cde5, sha256 c40fe7eddfad9601b30a12a6c230efe6a8e9ad3ea9a3df027225dadf1c85b846) at 2026-10-08T04:20:28Z
  | stage-cohort: SRR5935935_1.fastq.gz staged (339595027 bytes, md5 241d62907a66c563b7e8a528a1d5e9f3, sha256 27b102a3854600f0e8338de385477dd831d1537b4579a92dfc22147d86115b72) at 2026-10-08T04:20:42Z
  | stage-cohort: SRR5935943_2.fastq.gz staged (204227555 bytes, md5 2449ff782f669d09226c4e343b81cab5, sha256 3687d63d6a54090f6015905dbd72368ddda6a1294d6639473037830837ffbd4f) at 2026-10-08T04:20:47Z
  | stage-cohort: SRR5935943_1.fastq.gz staged (204118737 bytes, md5 9dc2249393087602d8b23b4fb4c35651, sha256 54fa2b5a46bf7480372aba36c6e5c9897cf33b4362b94aae5f30b26884c49c08) at 2026-10-08T04:20:50Z
  | stage-cohort: SRR5935935_2.fastq.gz staged (338384878 bytes, md5 6c30ea9bb09a7d457bc9b08fb2391608, sha256 bf1606d2f993faae5746b475d3e6ae39f6ec588a86cb5ef1b913f34e43865758) at 2026-10-08T04:20:56Z
  | stage-cohort: SRR5935959_1.fastq.gz staged (154280205 bytes, md5 4635d0af19e32e4a406061f5ff1eb0b5, sha256 a1950293337840e25a5b22d84539c963b2ce64e1a75f0e1d9bc49c402b2e9057) at 2026-10-08T04:21:29Z
  | stage-cohort: SRR5935959_2.fastq.gz staged (154575148 bytes, md5 976255fcb80b9a043f4e3514b2ccbaf2, sha256 25b90a4f94bb0965854a42c3e16ab3d13ffc3e66d091cbf4bde8843dae09e123) at 2026-10-08T04:21:33Z
  | stage-cohort: SRR5935967_1.fastq.gz staged (303716818 bytes, md5 892474130a063557818d3b8daf1b182b, sha256 4b7b5142a0250420869c2ffbad31d3a27133e3322930d7dfb8d3ccbcea3668da) at 2026-10-08T04:22:02Z
  | stage-cohort: SRR5935967_2.fastq.gz staged (300778329 bytes, md5 1f39ba3be2ebf1d56eab27f312bfbce3, sha256 3871e0503690d6b87fa72c570af84b29f50c282ac8ea1a6f7ec367ff8db64720) at 2026-10-08T04:22:11Z
  | stage-cohort: SRR5935951_1.fastq.gz staged (561511131 bytes, md5 7ed9a9a0ec3fad82513023cf9318bf1d, sha256 4839c940bbca737bd760749369932fe5fddba9920281f011921a02fdd1f4f840) at 2026-10-08T04:22:42Z
  | stage-cohort: SRR5935951_2.fastq.gz staged (575273439 bytes, md5 096cd155ef60ad060c5332bee2390d01, sha256 425816f931d8cba88c55220fd25e4375db8f0e15f86552026c9c38f45c098fcf) at 2026-10-08T04:22:46Z
  | stage-cohort: SRR5935975_1.fastq.gz staged (555547995 bytes, md5 03afb559ca5e1eccc0a000685af267ff, sha256 a2aa240265d9a8d37b2ee947eedeb5b018a723912b01d3bc83ae16ef8c0846d4) at 2026-10-08T04:23:49Z
  | stage-cohort: SRR5935975_2.fastq.gz staged (572362233 bytes, md5 6b6fabb6317892826c1bc2555f6efdef, sha256 6436431cf10a3a1a8a34823c769d55c44c634dc6d27aef6f4ce3c648938755ec) at 2026-10-08T04:23:58Z
  | stage-cohort: SRR5935983_1.fastq.gz staged (785937446 bytes, md5 6bf301365eca2021a288d37d1934d1df, sha256 749ab6eca14b338a20b2e2b153bf49d9c8deda8843cd19d75bf60a0c2e2d3aef) at 2026-10-08T04:25:13Z
  | stage-cohort: SRR5935991_1.fastq.gz staged (694069177 bytes, md5 d065abc4847468d304de2cf5a17d045a, sha256 5a31543f5f1d5da07fb0dda56a281d15b3f8c780ebede94f16ae8e72287b2b01) at 2026-10-08T04:25:29Z
  | stage-cohort: SRR5935991_2.fastq.gz staged (694801436 bytes, md5 43be4696d90de62751d9622bb7c8e14c, sha256 286f4848c6746e7bd234a90ed186b3c33ede3397849b615d9560349f526649c4) at 2026-10-08T04:25:35Z
  | stage-cohort: SRR5935999_1.fastq.gz staged (473617316 bytes, md5 a7f8397f3ef7ba37c4bf2c071a0babe2, sha256 7a05d622e27e031960f00e10709ea53273d3318aa95f7e53c305e22626184c99) at 2026-10-08T04:25:46Z
  | stage-cohort: SRR5935999_2.fastq.gz staged (471442618 bytes, md5 9e66bfd02b3362b7d3375f3fef4d317a, sha256 575576e5b1d0d50c8b02ecd6fbe91b028424f0f6413e62c488113116d5102721) at 2026-10-08T04:25:51Z
  | stage-cohort: SRR5935983_2.fastq.gz staged (787555154 bytes, md5 960fa2b8145aa4faadf155e414767d99, sha256 07b469c4b1ce346a6e1b6c6058cb0d81343364547d5a20300ea185b29ecbecbb) at 2026-10-08T04:26:03Z
  | stage-cohort: SRR5936007_2.fastq.gz staged (655527893 bytes, md5 0212d3d11fcba937a72d334e70d177c2, sha256 71ff3a26416d333f4c27ca9494226e49d42993efd9876fa368cbf0cfba062258) at 2026-10-08T04:28:08Z
  | stage-cohort: SRR5936015_1.fastq.gz staged (752449722 bytes, md5 c4bb7573c981ac32473e150f5fbad80d, sha256 e5a79d2f71bdea54ddcc4a10096d22409d6b5ffc96fe87163be2263bd86f82a4) at 2026-10-08T04:28:34Z
  | stage-cohort: SRR5936007_1.fastq.gz staged (669463468 bytes, md5 b1c7d66f3be2c765a32bac55eb31ed2b, sha256 f2d425892c0c374478e724de59bea08158bfefedb6acd529900e9dd70921ad0e) at 2026-10-08T04:28:47Z
  | stage-cohort: SRR5936023_2.fastq.gz staged (713706480 bytes, md5 e41d7fb9d39cc185974574224f6ee9fb, sha256 7865f2bab48bd6ea004eb82d9873c0d7906da52a737b228a9145cdfdca26ec14) at 2026-10-08T04:28:52Z
  | stage-cohort: SRR5936015_2.fastq.gz staged (772654778 bytes, md5 bbef998b68f04b0b6500f6c0f02376fc, sha256 1d078314e0313cc9fb21554eebfdad1607d9e78f7c65f2295d34aa05385e6f2a) at 2026-10-08T04:29:02Z
  | stage-cohort: SRR5936023_1.fastq.gz staged (708573164 bytes, md5 b51411035ecc0e0eff39f3d1babca23d, sha256 41c03d389068722d73b14b46690f1bded27d5bfe6503369be78423678539a6ab) at 2026-10-08T04:29:31Z
  | stage-cohort: SRR5936031_1.fastq.gz staged (715986506 bytes, md5 4552bdbe501a4f0087ae00064da61d88, sha256 f2915252a7e2cb07d4d63661898a0643e02f16afcb530f3b5bc18e29a2c4c614) at 2026-10-08T04:31:05Z
  | stage-cohort: SRR5936047_1.fastq.gz staged (538636342 bytes, md5 6c7b91c1cedc79a97268ca91687837ce, sha256 5c6a58d6e370a6508bc7c64003d35c49c3cc1be285e20225323fda4b7068ebfc) at 2026-10-08T04:31:13Z
  | stage-cohort: SRR5936055_1.fastq.gz staged (62542276 bytes, md5 1e1ab30073d0df2ba9b7efa5f366e8a9, sha256 06d3b5a809b8977e505e481396e4c4146ab487741bdf6caf7ffc02f0701f96ec) at 2026-10-08T04:31:26Z
  | stage-cohort: SRR5936055_2.fastq.gz staged (63701747 bytes, md5 e986d30bdbfa1a8e51322e1496b64c23, sha256 950c1aa43cd9a41feae6a0ecc837c9adbfbe1d2009ebc032376d613952fccab9) at 2026-10-08T04:31:34Z
  | stage-cohort: SRR5936031_2.fastq.gz staged (711741775 bytes, md5 36266bff97ac4a5f6ff5797dd4de7863, sha256 bb60449852f7fb89a2ba2f7cd169d5de50048074b0896e95dec93cdc937f1709) at 2026-10-08T04:31:37Z
  | stage-cohort: SRR5936039_1.fastq.gz staged (699818898 bytes, md5 900e02bba56d3789183caf9985b2df89, sha256 3b681e1f3177398462d31e5dc45efba2b7844519c325e446d3a243e78de8526b) at 2026-10-08T04:31:42Z
  | stage-cohort: SRR5936039_2.fastq.gz staged (693079697 bytes, md5 ef0707c1eb29684ac9185d715c38e6c4, sha256 2004ff67eafbbb620fe06f0c5e2678816978dba1f64f04e889fab26556900099) at 2026-10-08T04:31:53Z
  | stage-cohort: SRR5936047_2.fastq.gz staged (543682571 bytes, md5 e03246d36ae3569e02b9876b57610480, sha256 8fd26611bad5346d2e866167eeb9b5d7fce8e8a0f73fc69cda37a3caec425a62) at 2026-10-08T04:32:24Z
  | stage-cohort: SRR5936079_1.fastq.gz staged (297763893 bytes, md5 cd119fb03f31f091787933b82b1c130e, sha256 572391f81b81927118fa5df2c75bb3bdaf1270e7a4b91b6c09e51b951f702688) at 2026-10-08T04:33:08Z
  | stage-cohort: SRR5936063_1.fastq.gz staged (456182256 bytes, md5 9f56424eff8774667036f1d093fb4893, sha256 7c12e4b1821ccff61230fd7d571e872f1eef17de5ef774998a7ae9f20cc823a3) at 2026-10-08T04:33:15Z
  | stage-cohort: SRR5936063_2.fastq.gz staged (456088138 bytes, md5 ac99593dddc757b4e56f6db9a32e5839, sha256 ad37f740ce4dfff9bb592ea76c7403ace15903871d9f0d9c725ed2802f732cae) at 2026-10-08T04:33:37Z
  | stage-cohort: SRR5936079_2.fastq.gz staged (299699754 bytes, md5 31244eb5d39f52b85651d533960a473d, sha256 04c52beaacc4e1cf9a3af932f61a7190b36d94192095fd195941b5d4b4ba607d) at 2026-10-08T04:33:42Z
  | stage-cohort: SRR5936071_1.fastq.gz staged (753822283 bytes, md5 b574168813e5f6bbf6f0b2a3ff54eeb7, sha256 7b48749c23f4d0ebf7e95c382bf5703aa7ef630215e9d9f4aa69252d90c91ab2) at 2026-10-08T04:34:37Z
  | stage-cohort: SRR5936071_2.fastq.gz staged (754602388 bytes, md5 55ad7679bd2de41e728dd97cfee247a0, sha256 b20b0a2620e7c282200b95efb6d1725c4941e49030563a67c27c20633f20f7c1) at 2026-10-08T04:34:42Z
  | stage-cohort: SRR5936087_2.fastq.gz staged (498492847 bytes, md5 41ea499ec1cddaf07f518462b2b51a20, sha256 0b553855cdbe616fc69bd41a5a67f2c66e89dc3c14bf8b861c9139c0f5e84267) at 2026-10-08T04:35:15Z
  | stage-cohort: SRR5936087_1.fastq.gz staged (493662767 bytes, md5 49882f10a89ee484a9141ea3673ab928, sha256 5d72ce70eb7225f5601f7830ed41487bf43ac32bfdf5110aebddafa10eb8a392) at 2026-10-08T04:35:29Z
  | stage-cohort: SRR5936095_1.fastq.gz staged (696657977 bytes, md5 d5eb9e42bc322befec0250493ac6613b, sha256 3bde22ad9c7b123b3152e4847f8ef1dd9b93bed4507a80bf4de6ef2442a17fd2) at 2026-10-08T04:36:25Z
  | stage-cohort: SRR5936095_2.fastq.gz staged (690564960 bytes, md5 df3b27c4eb5c7c50600783a8dfddcad1, sha256 3d5185b5cab31d0102d5fd9baafc1cbf70f59472bf0277b3f54280ba341de934) at 2026-10-08T04:36:31Z
  | stage-cohort: SRR5936103_2.fastq.gz staged (439557483 bytes, md5 94fbaaf601f53f4dd66b59dfc038385b, sha256 e3965e1c0460f33d023f39d8b8af221efc7a4a04dac0d5be216f365f38ffede2) at 2026-10-08T04:36:34Z
  | stage-cohort: SRR5936103_1.fastq.gz staged (430944795 bytes, md5 e1e3e903d6856fa878145df7f9c7168e, sha256 5a1ae31cb25a20ee472cba720896e6be8c1efc6772644f4baa107fb9f9e8684b) at 2026-10-08T04:36:37Z
  | stage-cohort: SRR5936111_1.fastq.gz staged (369813074 bytes, md5 dd619215bbc867d79d3b643bdb340fe7, sha256 68fb26d4c8bb31f1ad2102f3a2f870fef709289de7e42ea886af82a9dbaa3f5a) at 2026-10-08T04:36:54Z
  | stage-cohort: SRR5936111_2.fastq.gz staged (369696516 bytes, md5 17220a34eb4d7827072021f3c6f1a6ee, sha256 b08e951d079abf6baf691452b1672fda19822382d5ae629691ef2ba87733d64e) at 2026-10-08T04:37:06Z
  | stage-cohort: SRR5936135_1.fastq.gz staged (390933104 bytes, md5 f6665264bdf2493c7ff69a6421411cf0, sha256 26f55a8e472e8526d1df0ba7ad1f12be1b8a8c9e3a3fe225f6620a1761684dd0) at 2026-10-08T04:38:38Z
  | stage-cohort: SRR5936135_2.fastq.gz staged (397468958 bytes, md5 1e26b1f8b9b8e99f8e0df8d71eb8d00a, sha256 9336a9b17016c8a9a01d4df1984e99d7cfe455c332b1344fe0f0062808a6c832) at 2026-10-08T04:38:41Z
  | stage-cohort: SRR5936119_2.fastq.gz staged (504399368 bytes, md5 623fcca6e57835725db1dad6d32899eb, sha256 943bea03f9d71d0f6cb2b3a8c2261aa6eec7835ad6016f208ff1961b8d93aa7b) at 2026-10-08T04:38:44Z
  | stage-cohort: SRR5936119_1.fastq.gz staged (510691101 bytes, md5 c6866b865dac2407fff88e387b47b8e9, sha256 54ba649d71f5ad7d42adde012057a639e2852580115e117fe6f0d7ae7c7f5f8e) at 2026-10-08T04:38:51Z
  | stage-cohort: SRR5936127_2.fastq.gz staged (731564492 bytes, md5 999b96bd82347fb7844c3ad5552e0a34, sha256 717bee6199b8cdc7c83ada50e705b2b9e3ece716f2b4ca6db7b6a75aee166d08) at 2026-10-08T04:39:31Z
  | stage-cohort: SRR5936127_1.fastq.gz staged (748068853 bytes, md5 17180ddac2fd5da1ce86a1b67222f809, sha256 182ea762f27aa7a74fc93b62cc15b62037abc48604884232f811af8d09e8295d) at 2026-10-08T04:39:45Z
  | stage-cohort: SRR5936143_2.fastq.gz staged (694598542 bytes, md5 c2b2d7759edb629816a0cedc0f1076d1, sha256 57aa6f13431ff1d14015bc4a3e4cec36f24c28d73149831b3559a88ecdbba695) at 2026-10-08T04:41:26Z
  | stage-cohort: SRR5936151_2.fastq.gz staged (665380582 bytes, md5 2075a20365103b707fc263022810e312, sha256 e8249a4afa4a42eba63f889948f949e41d2df4be48788f981c0f7bbae704050d) at 2026-10-08T04:41:36Z
  | stage-cohort: SRR5936143_1.fastq.gz staged (683248892 bytes, md5 ec6a91b0abdfa1ca1daa81a9af7189b5, sha256 79348ae26ef14cfa2bd46aca2c39a4b4817974d8360de0a6762f15f36ba28428) at 2026-10-08T04:41:45Z
  | stage-cohort: SRR5936151_1.fastq.gz staged (659421421 bytes, md5 073b1f136e51b504a93bf8f6d562eb92, sha256 15dca0c65f9697f09093a68c90dd421f3cb7b6d8c844c259c6b87eb6bbe9a8ac) at 2026-10-08T04:41:45Z
  | stage-cohort: SRR5936175_1.fastq.gz staged (438720 bytes, md5 4645217a85b59b6db9a77b249e2a8b0f, sha256 1fc01eebaac65ba7679166e1961b67d2d59a7c71cc49480588e79230441075b6) at 2026-10-08T04:41:47Z
  | stage-cohort: SRR5936175_2.fastq.gz staged (436904 bytes, md5 a1028d361e251dee1423b98cb0960f9a, sha256 267bdbc834dd741607b0cb17f0111fab0fb3496b9498e3841a9abfc09e523c25) at 2026-10-08T04:41:48Z
  | stage-cohort: SRR5936159_1.fastq.gz staged (647915773 bytes, md5 f73b206770719900df3def079d2cea52, sha256 476fb96a63ce5f1ba3b63b7a016dd98057911bebb10da561fb16ef76209a07bb) at 2026-10-08T04:42:14Z
  | stage-cohort: SRR5936159_2.fastq.gz staged (647195719 bytes, md5 7718b6ca4b40c57235a0473bffa0277d, sha256 613cecfd853f3c020fe527a9d27aa3615928bfce3736dcb94d76da41d7a0657a) at 2026-10-08T04:42:35Z
  | stage-cohort: SRR5936167_1.fastq.gz staged (602350831 bytes, md5 e4a274bf76b9a50e439d49de981c4c35, sha256 6beb60c188f6ad07709dcf39cc3b7afef9ae361172596ec56eb8e7824c0b545b) at 2026-10-08T04:44:14Z
  | stage-cohort: SRR5936167_2.fastq.gz staged (605581575 bytes, md5 20026af1fe6d17211f2e1d408e8a18b8, sha256 802830b38bdd633d0744cf80613a7778f08b44cecab3f6eccde27c4738a2b528) at 2026-10-08T04:44:19Z
  | stage-cohort: SRR5936183_2.fastq.gz staged (745514696 bytes, md5 364b15666b6d1fa2a64300defd07c306, sha256 7101c6b799a69c489202f4bf1411d1ef1baaa7b5a16af1cec92428a4713df6ae) at 2026-10-08T04:44:42Z
  | stage-cohort: SRR5936191_1.fastq.gz staged (564275508 bytes, md5 0eb0420c036874b6d1574477121afcaf, sha256 611be56a5b58ed6facf330ab164604fd8d1ea7933c721a33115d5cc95bf55e61) at 2026-10-08T04:44:43Z
  | stage-cohort: SRR5936183_1.fastq.gz staged (748696036 bytes, md5 cbaddfdf562f6c7b67489890be9d3ed9, sha256 967ef1f1895552546a835994800a145309d3590f8ffe02b486a2e82c2b597594) at 2026-10-08T04:44:55Z
  | stage-cohort: SRR5936191_2.fastq.gz staged (563651205 bytes, md5 982dbce5ce45fcd006d8076a4f50fe6d, sha256 91674f96e526a3f2dd6dfb7f164e9b5ecbb74dc873d998345ed06af0e54ea680) at 2026-10-08T04:45:02Z
  | stage-cohort: SRR5936199_1.fastq.gz staged (823782199 bytes, md5 fe393adb20b6b1048e084224ac5179fc, sha256 77bcd1089479ff3f870ef6928d2283cdd4a417ac53c3b576c0e5770f070fb9fc) at 2026-10-08T04:47:21Z
  | stage-cohort: SRR5936215_1.fastq.gz staged (548409803 bytes, md5 52fc76b62b86501cd8fe688f0cd86fef, sha256 041535e600c2f1c6b320a6f7dbfabec7125a498261e9040f948fd6a9502426a0) at 2026-10-08T04:47:34Z
  | stage-cohort: SRR5936215_2.fastq.gz staged (552867232 bytes, md5 9468ec8744ccc06096e9e8a5de199193, sha256 a6782473d96af031cf19d377a45406d797f034e261e1e952db5a4d15cbe3fd15) at 2026-10-08T04:47:38Z
  | stage-cohort: SRR5936207_2.fastq.gz staged (736234343 bytes, md5 831aba2d10d1d2d7eb6cb0f38fe6ddf9, sha256 56ef510268a9c9a0d6084cebdab27ca58a889397f7c7b3fe14c5c6cee9780b9a) at 2026-10-08T04:47:44Z
  | stage-cohort: SRR5936199_2.fastq.gz staged (819415408 bytes, md5 ff3aa9515004b87f66368a358dec3b76, sha256 2719dc612ad847591b5643f1f2ff6ac2acd795634f830596c2e9c97d3734b582) at 2026-10-08T04:47:53Z
  | stage-cohort: SRR5936207_1.fastq.gz staged (747888018 bytes, md5 f368487fd5a9bdcf92a59bd8ba8a81a9, sha256 d3a528ff8b2e109bca375ff452cc05ea825b48a6a9033aeab126e16637912246) at 2026-10-08T04:47:59Z
  | stage-cohort: SRR5936223_1.fastq.gz staged (307372841 bytes, md5 af388b7cfb2e5409a448272808141795, sha256 6b9223c3250bb6418e265b8ce37341041059ee12cebeafa2380b380ead883eb1) at 2026-10-08T04:48:46Z
  | stage-cohort: SRR5936223_2.fastq.gz staged (301541502 bytes, md5 084cde4d89e839b2b16f704033b79fd5, sha256 2771af9f92e2e0acf999acf35b2345ffdab880e5d96f3931a9918bad867d5382) at 2026-10-08T04:48:56Z
  | stage-cohort: SRR5936231_1.fastq.gz staged (610067417 bytes, md5 f375edbb288acd633b34074ae39cfa03, sha256 f129b4130fce74239533daf83b7fa16bcdfd4450599b7fcdd59546acf3edd7f2) at 2026-10-08T04:49:52Z
  | stage-cohort: SRR5936239_2.fastq.gz staged (559449492 bytes, md5 47b6df6bc15cb0d98202565f0a0e7848, sha256 dc10a420d92c0ce3f3f7f85cd9b47eeb0471cdec64986176e686dd061a283a43) at 2026-10-08T04:50:12Z
  | stage-cohort: SRR5936231_2.fastq.gz staged (602972969 bytes, md5 22feb3ffa87a2c49ba0532e405b8d3d5, sha256 9ee3ef4780799809dc081529d406ec22ccaaac3ee2c97cf4746632a010f3d313) at 2026-10-08T04:50:17Z
  | stage-cohort: SRR5936239_1.fastq.gz staged (553055283 bytes, md5 5cbc56cd68c996d6c172c91a4a27c8f4, sha256 e2d39a456812b2152d583ee6bd3c700482efd13a69f3bab63f481b1baf17d70b) at 2026-10-08T04:50:19Z
  | stage-cohort: SRR5946612_2.fastq.gz staged (645775055 bytes, md5 eee48380aea8937a680bf892abe90e4a, sha256 fe9a3837a178487c92137b8bfbd1b5428210c3e0c935268042cbf2251aaee525) at 2026-10-08T04:51:30Z
  | stage-cohort: SRR5946612_1.fastq.gz staged (641055609 bytes, md5 c10e6bda5498d0407df4615cdb761dfe, sha256 d72f120cddf5b8127a30d1960addcef4777e1171025ab98b4cc182187d3564bb) at 2026-10-08T04:51:35Z
  | stage-cohort: SRR5946620_2.fastq.gz staged (775195520 bytes, md5 927d7dff8f3d4a25ccef335407d2c038, sha256 254ee2b25a690cc0aaf16af9285d455e6d288f2447811af04fed857a2c25b1cc) at 2026-10-08T04:53:23Z
  | stage-cohort: SRR5946620_1.fastq.gz staged (792791508 bytes, md5 c5d3d3996eaeb74c179afb4c3633e83a, sha256 820dd509561652acd93b5e3f24bb0b64cedcc8d2217a47ff24e1095a31eea388) at 2026-10-08T04:53:37Z
  | stage-cohort: SRR5946636_1.fastq.gz staged (602628836 bytes, md5 a785e166101df1aa164590465a84b7ce, sha256 9c3dbc853bca657657addf3575001ced18045a9b95cd61b2f6eb0dee834891c7) at 2026-10-08T04:53:56Z
  | stage-cohort: SRR5946636_2.fastq.gz staged (598436744 bytes, md5 dde00aa28bb213fe10aa1e93597324d2, sha256 a50121210c4bf0de8447561897faa70797775e186036fc50a8dd12650aab0173) at 2026-10-08T04:54:13Z
  | stage-cohort: SRR5946628_2.fastq.gz staged (929898273 bytes, md5 07561f0569904076988c5836338c3c9c, sha256 c189bdad67e054cca4f386ce7bd019baa619d9c6c290247b3f140112e7aae6c5) at 2026-10-08T04:54:17Z
  | stage-cohort: SRR5946628_1.fastq.gz staged (906537125 bytes, md5 c453bebb81ab751e51c1ca748aead983, sha256 8e0eb0c77624f64408fa85e35de73db16c8c0dfde7e7feb1be0a35d7e76dbce3) at 2026-10-08T04:54:20Z
  | stage-cohort: SRR5946644_1.fastq.gz staged (578956810 bytes, md5 73b1ba8fca9905a47619110e4a53f90a, sha256 c345ac39577098f7194ee92fbff9437497ad7c6149c4775509edc4d8090a69cc) at 2026-10-08T04:55:44Z
  | stage-cohort: SRR5946644_2.fastq.gz staged (571619332 bytes, md5 21bf745568fa68bae9fbb3e15657fff8, sha256 616c7b08ade7225369ae2dd372a6e049a3cfe5d9fcce4bda41d257852b748049) at 2026-10-08T04:55:59Z
  | stage-cohort: SRR5946660_1.fastq.gz staged (589709264 bytes, md5 8725ef59732598cd3b0ac4023ca24aae, sha256 674878e3925bc78006217ccebdcd0b7cfa30989d8af844e13e982c281e369c7a) at 2026-10-08T04:56:35Z
  | stage-cohort: SRR5946652_2.fastq.gz staged (616833811 bytes, md5 8770f2f3a03ba469fdf41e28a5c373f5, sha256 a7d3d6c82247062ba7bd9e18691131b4d3d391817e1eedb6e2ead478ee8c71d0) at 2026-10-08T04:56:46Z
  | stage-cohort: SRR5946652_1.fastq.gz staged (607040116 bytes, md5 8692b3c11838e0583dd129a92710e943, sha256 14658b3722fcc0e27f3e0e4e072d97b3744aa35aba9c1fb8d2973f894500d10d) at 2026-10-08T04:56:51Z
  | stage-cohort: SRR5946660_2.fastq.gz staged (612553091 bytes, md5 bab82c67f47300f253295ca074f09cdf, sha256 244db8acd309d9d2bfcd3dcf54f4f275f52d590d14d7b7339725f941d0e745f0) at 2026-10-08T04:58:19Z
  | stage-cohort: SRR5946668_1.fastq.gz staged (705571405 bytes, md5 3d2198ded5ff7695d4d0a77981347ede, sha256 edad73faaf2de92f14f3872de537dc072277d1b8f67f2f56d87d3ace19ff62bc) at 2026-10-08T04:58:33Z
  | stage-cohort: SRR5946684_1.fastq.gz staged (381094907 bytes, md5 300a92c34ff29d4e075cf1a284710670, sha256 b484d168e2529ab9db0f7e64df8aeab7e167fcf878cef0090e50a42771a027fd) at 2026-10-08T04:58:34Z
  | stage-cohort: SRR5946676_1.fastq.gz staged (597840995 bytes, md5 8383363ac2f23d340bde0dcb658aeef3, sha256 b4f7632c98c0730e0a0c149239aba3bac7c95b6ee72ac9fc55891437762bb5b9) at 2026-10-08T04:58:58Z
  | stage-cohort: SRR5946668_2.fastq.gz staged (714183226 bytes, md5 784fa7828774d489787cc41eb8f35abb, sha256 3abb3108243bbce1d2c1904b93eb29fa915cd345d6296f084bb22686f2e780fa) at 2026-10-08T04:59:06Z
  | stage-cohort: SRR5946676_2.fastq.gz staged (609309823 bytes, md5 070d018ad00f390ab842858b9e51b650, sha256 29eb8a7d02fb45296160e5eca483a57bb0ecc8f926793f79ecf190cb508ef604) at 2026-10-08T04:59:18Z
  | stage-cohort: SRR5946700_1.fastq.gz staged (97729522 bytes, md5 996e4b7ee0c6bc6f5b735b76e9914c46, sha256 cd8cead0112b94d0326fd0c2d934bbad20d199c0697f261f3d45828fa0d0c09d) at 2026-10-08T04:59:29Z
  | stage-cohort: SRR5946700_2.fastq.gz staged (100997198 bytes, md5 7ce104b4f7228644d189f6a87699822b, sha256 390ad74f400b9830d85d43f428e281ce8d41ac372c7cbcae5fd525ab655af9a9) at 2026-10-08T04:59:36Z
  | stage-cohort: SRR5946684_2.fastq.gz staged (392001992 bytes, md5 3b270d2606feb0a77c570821ce86c259, sha256 0ff91aebb4273150a8e8ff17f3f04b7ebb789bbfc0ae0fffced8de2ca2a4f973) at 2026-10-08T05:00:19Z
  | stage-cohort: SRR5946708_1.fastq.gz staged (616690158 bytes, md5 2fc1921d9d29817ce04944894c79adfa, sha256 a9547de4f4aab1d79f393665b581aa7850b932f5a7789d8c1f1b336cbc4f7704) at 2026-10-08T05:01:52Z
  | stage-cohort: SRR5946708_2.fastq.gz staged (612695453 bytes, md5 f36b2d78fecc926da04a0b4f42ad3a04, sha256 cd6376a6985ae05c454c32cfd9bc908eb1dce6c61f3e0d4ecf2512864aecbcd6) at 2026-10-08T05:01:58Z
  | stage-cohort: SRR5946692_1.fastq.gz staged (954706265 bytes, md5 e3112af58944764fa06b163efc434324, sha256 c64776d345f7f7ce0bfffab23649c2e1f85311dd303fa8b92921e86b21f4a4de) at 2026-10-08T05:02:19Z
  | stage-cohort: SRR5946716_1.fastq.gz staged (747717161 bytes, md5 462b082e60bdf40250d701b5885c7436, sha256 42401a34aedab0dc2137efdde235eb6e96811f82c23e564beace177e91f24c40) at 2026-10-08T05:02:28Z
  | stage-cohort: SRR5946692_2.fastq.gz staged (936312071 bytes, md5 0ad64a13005254afe57c576f2141cca2, sha256 d8211c81f2eec4849da3c4269b71630a0f1e20899d73ad0eb4367f387a80301d) at 2026-10-08T05:02:57Z
  | stage-cohort: SRR5946716_2.fastq.gz staged (748945782 bytes, md5 6768b40bedb7bb2670b8b77eabafdc85, sha256 7d9d476aeeb0f9b1467ad93a0c34c0524f38283726ff013a2e182cc0f55012b7) at 2026-10-08T05:03:07Z
  | stage-cohort: SRR5946724_2.fastq.gz staged (373616858 bytes, md5 bf8a086ef68e1517da507e7cef530f69, sha256 ebfddb67d0fc5f80b203805cc59fd05d40f1eaa40a84e3a8fc235496ea5b136a) at 2026-10-08T05:03:31Z
  | stage-cohort: SRR5946724_1.fastq.gz staged (366457702 bytes, md5 2850db3195099cc6744de067101f46d8, sha256 3c6cf87fff9b70dfbec6a79a688c5800b3ab426a040b82a601ee521c0df9e0e2) at 2026-10-08T05:03:36Z
  | stage-cohort: SRR5946732_1.fastq.gz staged (501783684 bytes, md5 c52c081e6fd0dfe109948dc441407bcb, sha256 594426c0ef767ad2ac03f8a6ba6781ba9ea84b84400d78dca6bcb8c64f969a95) at 2026-10-08T05:04:33Z
  | stage-cohort: SRR5946732_2.fastq.gz staged (494019966 bytes, md5 7f6537109a387db86834047f7daa2aad, sha256 e5a0539d2710b47294459e0663db0e404be75c44c21759e2c2ddb3bda33c3f38) at 2026-10-08T05:04:39Z
  | stage-cohort: SRR5946740_1.fastq.gz staged (424362416 bytes, md5 c18f741d7562265c13d1f4cb3ef7a60f, sha256 6f0a6c5a15ac006668756d3febc2aed7b12f3c04baa9d624571163f143612f49) at 2026-10-08T05:04:46Z
  | stage-cohort: SRR5946740_2.fastq.gz staged (437851811 bytes, md5 13df2493701af9fbb27923483ac39ed7, sha256 c138e2b1f8d42f02176aaf1dee12c06cbdd999f9a36a02ddd22c79c4616bd97d) at 2026-10-08T05:04:52Z
  | stage-cohort: SRR5946748_1.fastq.gz staged (580399592 bytes, md5 e20d697abc06e1e63df904d862273845, sha256 cf89687440496a4827064c741478c1af361b2227ff5cf0d6b5d8db87598b0460) at 2026-10-08T05:05:43Z
  | stage-cohort: SRR5946748_2.fastq.gz staged (574603877 bytes, md5 eb1c720a9dc3f0a2208cf2375afec14f, sha256 7d7e2627575a03e49ebd783ca958f7bba6515ae4aa799e46ffd580e6e9fa463b) at 2026-10-08T05:05:53Z
  | stage-cohort: SRR5946772_2.fastq.gz staged (283110557 bytes, md5 6f1450044c1634f8a7b31a29d5204d61, sha256 0482ca69090609f3aff74250479f2f4d53a169f250992299f51f0c8f16a3467d) at 2026-10-08T05:07:03Z
  | stage-cohort: SRR5946772_1.fastq.gz staged (279415498 bytes, md5 bcb32afe5851f960dc0c3519b9cd530c, sha256 6e6126b60c5d6e7f869519bd4e8072d2da9db08de9f4160ee43e2f93c2b358dd) at 2026-10-08T05:07:07Z
  | stage-cohort: SRR5946756_2.fastq.gz staged (683811594 bytes, md5 51cd9e2442c166fa2bb8e3459032ac74, sha256 667c609091437bc026857f72b645548a6c52ef6d13cc0cc51669e59d8d9bda31) at 2026-10-08T05:07:32Z
  | stage-cohort: SRR5946756_1.fastq.gz staged (693225307 bytes, md5 85de4c7c919e3f22ef1e203e49745f0b, sha256 e69fda0217d67a0fb740d9a68f22227e7c1d8b93a260389cb8a6769f3dabcd43) at 2026-10-08T05:08:04Z
  | stage-cohort: SRR5946764_2.fastq.gz staged (798064873 bytes, md5 fc79f1f201eacf299031e5a61e59813a, sha256 f64680bb0c789c03039b8daf9c8ba1be91b7fa1e0f49f2a7d32b29da6f1a661e) at 2026-10-08T05:08:25Z
  | stage-cohort: SRR5946764_1.fastq.gz staged (801935907 bytes, md5 8ce9ded685b5228b079ec593fdff0cbf, sha256 100b33f21731f9d274bee495c1db8d8932730a74ea2fc02129bfab332e9f1f0e) at 2026-10-08T05:08:45Z
  | stage-cohort: SRR5946780_1.fastq.gz staged (456547480 bytes, md5 29525094e5b812157042ce29ea7032e9, sha256 e9c166f09a9c7c3bb44e9af7e7dd14bca5717d4ba0bd3cc2a4f6bc8789dfb733) at 2026-10-08T05:08:51Z
  | stage-cohort: SRR5946780_2.fastq.gz staged (451650712 bytes, md5 ff856278064ed6df33eba470cbb14dcb, sha256 ff42fd1b8711a7c124e4b3a74cb48e5ce14e9f8f410e0aae04c5dee5820f8f1d) at 2026-10-08T05:09:02Z
  | stage-cohort: SRR5946788_1.fastq.gz staged (489708943 bytes, md5 c484c9ac3198df5d232ac5c7fda32605, sha256 a38daced69ffbdc8357eca931601337e01897b9307b1e1314418935637f89c5c) at 2026-10-08T05:09:47Z
  | stage-cohort: SRR5946788_2.fastq.gz staged (494777476 bytes, md5 6e6b3006100ec62b478f8804474b2aeb, sha256 9e313e34a201e7ee941b89ae7f5f7916ff67a86891e665ef00badc4598b42cb1) at 2026-10-08T05:10:16Z
  | stage-cohort: SRR5946812_1.fastq.gz staged (278814250 bytes, md5 604a9cafda97260d74cbe5c711a3bdc2, sha256 1fa995e1c0aa6380b3b3e775b58e244abf145c58e30d7232d28ac0e161c1b135) at 2026-10-08T05:10:59Z
  | stage-cohort: SRR5946812_2.fastq.gz staged (275305298 bytes, md5 4c790e0c50f9f0f707f8813f6685178d, sha256 edbb0ab122638eb40112c19ec67ea55a22521649c1dde81e2aafd11e80f41d77) at 2026-10-08T05:11:39Z
  | stage-cohort: SRR5946796_1.fastq.gz staged (827089249 bytes, md5 8b77b48cf09ee5ec88899a5e30847373, sha256 37872d6acb23f8b89ea85823451fc779f05476a18efa3d496cb00f2d50df2d1d) at 2026-10-08T05:11:49Z
  | stage-cohort: SRR5946804_1.fastq.gz staged (738930951 bytes, md5 3160b5c25d3cef6a274273c235ff251a, sha256 7b432146077d031bf785fa5011f4eebcb3d14be4433101e99a91a51fcc0453e1) at 2026-10-08T05:11:53Z
  | stage-cohort: SRR5946804_2.fastq.gz staged (747899583 bytes, md5 0dc09ca76fdf44593b4082148ddc692b, sha256 10df2c76f65f6255bd8267230fc459d9aa0922617361a624195143beaccf126d) at 2026-10-08T05:12:03Z
  | stage-cohort: SRR5946796_2.fastq.gz staged (875500524 bytes, md5 10299e2fa5e7e6006d506aa461c4b014, sha256 1749bb906df998355ef8d4857d559c753dd8ae0175d0e147d428075e5a1224ce) at 2026-10-08T05:12:24Z
  | stage-cohort: SRR5946836_1.fastq.gz staged (375490022 bytes, md5 99b38925bd0aad7bfde8d232eda8ee1d, sha256 c44e7671b7ce6a6ddf20b5b1e384e4b53cd854776f8ff7eac5b0d212cbfb91d8) at 2026-10-08T05:13:51Z
  | stage-cohort: SRR5946836_2.fastq.gz staged (381152286 bytes, md5 c543bf1db48b3552459e39a2780ae9a8, sha256 a2a17bf03b625593805a62592f0f113c5d0a56eec102d72a7338c157b5e20ff2) at 2026-10-08T05:14:01Z
  | stage-cohort: SRR5946820_1.fastq.gz staged (886623478 bytes, md5 283e85a80eff30208e9f493119cf93e2, sha256 5936b51fe4daa7cde3f971347ca4a95915547a8486f0bff453feb68d0535926f) at 2026-10-08T05:14:56Z
  | stage-cohort: SRR5946828_1.fastq.gz staged (723483649 bytes, md5 e1d3ce24695c0a4496866190f697cff9, sha256 cd5999d4bb44295c01400d225806d0c782dba1a8dc473c12766ed12b99a947c5) at 2026-10-08T05:15:03Z
  | stage-cohort: SRR5946820_2.fastq.gz staged (878358047 bytes, md5 71f4b3ff9db3c2490256c58718b7973d, sha256 3cea58e4ec32d0bde608d1ab531d311458e5ffcdc70a1d614f2d7515c654f8c4) at 2026-10-08T05:15:09Z
  | stage-cohort: SRR5946828_2.fastq.gz staged (713719206 bytes, md5 743852eb6bc8d33ccadba9f20496ef1b, sha256 4935cc6f461649313ef68288c69f8d5074839e6925ed4e27c2690f4622c98c10) at 2026-10-08T05:15:27Z
  | stage-cohort: SRR5946844_1.fastq.gz staged (539193879 bytes, md5 a5ff1851647e9ea3c9eb7d3bb6be0f50, sha256 4bd20e65ae972b5f2c07c052e6d2e0ee5a3479ae68083924733ab2126e41146b) at 2026-10-08T05:15:50Z
  | stage-cohort: SRR5946844_2.fastq.gz staged (526689418 bytes, md5 363f215e8c1e778c1e80ccf9ba153418, sha256 33d78a63c5bfb4a59fd9d263fa44efffb5475cb1c35ab27afc278419c448342d) at 2026-10-08T05:16:16Z
  | stage-cohort: SRR5946860_1.fastq.gz staged (395376453 bytes, md5 9f93c2796a931b7c0a0bba01b3d9e59c, sha256 b2367157f92043488ac4a38ce53d27064163b3bacd4be2875b35fbaab47269bb) at 2026-10-08T05:16:46Z
  | stage-cohort: SRR5946868_1.fastq.gz staged (324110358 bytes, md5 618b37dd73a929b800938b5b1bafdc4a, sha256 9a4a5a78fada0936d79f66192738f3d65f4d213d42869824fe834316a00edd45) at 2026-10-08T05:17:33Z
  | stage-cohort: SRR5946860_2.fastq.gz staged (397235231 bytes, md5 1eb9cd87a985158bfddc959ae0e1c5a7, sha256 176cfea1fd2216f5afa116d0f44cc451b304a5baae466628014020e95bcac359) at 2026-10-08T05:17:33Z
  | stage-cohort: SRR5946852_1.fastq.gz staged (884302135 bytes, md5 4891bfb80bf9782e81dceeb884993904, sha256 c600b32c1c566f345d277a24fd4389eb84c0bce6b056cdd18fdd3b2f575ee89a) at 2026-10-08T05:18:26Z
  | stage-cohort: SRR5946868_2.fastq.gz staged (319632372 bytes, md5 6d339ff17f47652c6c92ca98c17af89d, sha256 43a2194c6ce0e54847974682039a730a181dca914e0fb9469115e4900a09780d) at 2026-10-08T05:18:34Z
  | stage-cohort: SRR5946852_2.fastq.gz staged (888133301 bytes, md5 f97aba8dc68bed2039fab405840d9e62, sha256 262687a5fdf93a09591a94077e33ec67daa045b2435eaeed57dae3c052fa00e6) at 2026-10-08T05:18:59Z
  | stage-cohort: SRR5946884_1.fastq.gz staged (484998127 bytes, md5 4a30414f8b76288c8382eab4d2719d83, sha256 bb57cd2803594ce9a7b65a635cbd0bea5b4f3e5e46af11869fd6baafb2cad9a5) at 2026-10-08T05:19:53Z
  | stage-cohort: SRR5946884_2.fastq.gz staged (485272592 bytes, md5 5abff16d6f0c6d68d607e758ecaea4b8, sha256 09ccef2ec287a7043c20a0273ef6662d9fd5053989852f98dbb87c73058af865) at 2026-10-08T05:20:30Z
  | stage-cohort: SRR5946892_1.fastq.gz staged (489724712 bytes, md5 bc0cf83d2850dffb2022731edc170d50, sha256 6bb820540bcbdf998ba5d87783d62d6fcfac010b8cce651537b1c0465444123b) at 2026-10-08T05:20:38Z
  | stage-cohort: SRR5946892_2.fastq.gz staged (485851536 bytes, md5 0b326388697edd0acc36abf4d5acc668, sha256 61180001ddf660391f695a31babf490b1ee706c5e318a60bbc680e576118fb1a) at 2026-10-08T05:21:43Z
  | stage-cohort: SRR5946876_1.fastq.gz staged (1155336226 bytes, md5 b519474a74b4436725ffb19680d682b5, sha256 b3f4f3b1e0ff81ab8b414bfe856b59722272dabb56b46820838752b027949745) at 2026-10-08T05:22:11Z
  | stage-cohort: SRR5946876_2.fastq.gz staged (1135098842 bytes, md5 434a65428620857f2a4dca53d4859701, sha256 1dce28f1547f67d36236712dd5a1c5afe36e5fd5653f39e06d47861c2a5fea13) at 2026-10-08T05:22:24Z
  | stage-cohort: SRR5946900_1.fastq.gz staged (573502608 bytes, md5 8b49a0b77557aeb27a16ae531217186d, sha256 6523708811f3e28bd758ae99424a0a737930cbcf54d60c017ced15a852116a55) at 2026-10-08T05:22:28Z
  | stage-cohort: SRR5946900_2.fastq.gz staged (572894983 bytes, md5 1f82f3334cad9865cb2610f0d8c99aa8, sha256 2c444afdaadc30aaa79317cba83a8f455c6022eb5d4550d1080fa4c6a4234a23) at 2026-10-08T05:22:47Z
  | stage-cohort: SRR5946908_1.fastq.gz staged (549509274 bytes, md5 840a172591b924622429e1774a868be8, sha256 206a8793852dd7004d93d7e900d2a19c609676e8979f1beca748e2de07a58745) at 2026-10-08T05:22:52Z
  | stage-cohort: SRR5946908_2.fastq.gz staged (568495248 bytes, md5 4ecd2ef7cc1ff816efda3236aa264d87, sha256 8e63c0bdccb7629f808434f593c2e5a0ac3d2a6255eec614b608fc3b0af02ff7) at 2026-10-08T05:23:51Z
  | stage-cohort: SRR5946916_1.fastq.gz staged (512890735 bytes, md5 24f5af901bb6ea1c14c4af6f14402a02, sha256 a900f45551b18e34263279c269ec0ce46e4f8d281c0543cbff6f16d19b28c187) at 2026-10-08T05:24:16Z
  | stage-cohort: SRR5946916_2.fastq.gz staged (513115749 bytes, md5 fa74c8ba9da0df083a75a3a5a6ebc84f, sha256 62e398bd1d53d20e95e0ea4454ed2f99408eab66b621dcc668ebf9755b9aaaed) at 2026-10-08T05:24:22Z
  | stage-cohort: SRR5946932_1.fastq.gz staged (484488897 bytes, md5 dad45e788957b21594db352cbfcab97b, sha256 b5c5ba2ce261c245d6bea4a434aba53bc393c92fad81f8d5b5cf7f4780ff2485) at 2026-10-08T05:24:58Z
  | stage-cohort: SRR5946932_2.fastq.gz staged (483422281 bytes, md5 d11a86e2f29e254044fd9630f1be39c6, sha256 64dcd9ae9ac84b725fcd4c509a850dbb7a5238f1dad458eb5141984e34b81fd4) at 2026-10-08T05:26:07Z
  | stage-cohort: SRR5946948_1.fastq.gz staged (281552431 bytes, md5 305253fad4668430d8403b185e0bdb15, sha256 dadeb3d11f79d6a1c5cf483a8f1158e6c5eb8950b40afc0253fae99c358eb814) at 2026-10-08T05:26:09Z
  | stage-cohort: SRR5946924_2.fastq.gz staged (869676245 bytes, md5 da86ed1fb38e7645a75b79e4af5c0d74, sha256 5901186d7b6ef3815f194d4db4fc236473f2b77d5b0e588f8c1b742bbe3c473e) at 2026-10-08T05:26:22Z
  | stage-cohort: SRR5946956_1.fastq.gz staged (51652141 bytes, md5 cd40ce205ed2a211cf87b1707ad34eb1, sha256 a12b2f565ccc84d5cacbaf7c69051dd2ecc663c865b43c10399d0aa5463fa39c) at 2026-10-08T05:26:27Z
  | stage-cohort: SRR5946956_2.fastq.gz staged (51813835 bytes, md5 626bdc5b17ee27d701a716fb14113f28, sha256 c48ce7eb097785e968c644e500d9af1439bf5cd05f9a7e3e02ae0089048da767) at 2026-10-08T05:26:38Z
  | stage-cohort: SRR5946924_1.fastq.gz staged (876105603 bytes, md5 011eaaed3b1be3a7de8a05f7bf31735f, sha256 e2d4e22dd6987a4f4235b312a02f59fdfce1e757b530777b62c4219d41ff2b14) at 2026-10-08T05:27:00Z
  | stage-cohort: SRR5946940_1.fastq.gz staged (717914010 bytes, md5 425db339e0847bdac13157925b5a95e5, sha256 ae045c731eed001006e09749a1e65afa7310abbdf660b85e1674f8f468393782) at 2026-10-08T05:27:12Z
  | stage-cohort: SRR5946948_2.fastq.gz staged (275942797 bytes, md5 5716c3b6fdeb22c5de1c77159737bb93, sha256 821f3639b8e5118b2f58b2a17f0262906bcd0d6e0c9736f7513d78314e6cf48f) at 2026-10-08T05:27:24Z
  | stage-cohort: SRR5946940_2.fastq.gz staged (749654767 bytes, md5 911ac4a7a3ba1d180789aa6e1c18018a, sha256 9691fde2ec887f8102289e123624868a7a42ba88b66ab902b009bfa492f2568d) at 2026-10-08T05:29:15Z
  | stage-cohort: SRR5946964_1.fastq.gz staged (744820527 bytes, md5 3c1a44739fd3ebb3f079f73d0286abef, sha256 ae98bb95f441193d70118bb00e7439e5bc6006b794fd44c01f00bf2b2942f7cc) at 2026-10-08T05:29:21Z
  | stage-cohort: SRR5946972_2.fastq.gz staged (670513520 bytes, md5 73d8060a097bee47b6407f7622e8dfb5, sha256 39c49d6975adef6ac3cdc08076a397d05666f0c14a573ccb5d156876dbdf7590) at 2026-10-08T05:29:45Z
  | stage-cohort: SRR5946980_1.fastq.gz staged (635607412 bytes, md5 b55cc5b65866a96b2830944ad2df93bf, sha256 83648c889133bc4bb39987e3e5240832a8663394c4be08cbea6ebf0036060209) at 2026-10-08T05:29:57Z
  | stage-cohort: SRR5946972_1.fastq.gz staged (671132967 bytes, md5 5793f4fbd6a906a51ca8ab267bcd8fd5, sha256 0214837a303887717f1c7e639d9ac14ba9c13c4d8aee8c9d25cba8095e6c99dd) at 2026-10-08T05:30:19Z
  | stage-cohort: SRR5946964_2.fastq.gz staged (751324556 bytes, md5 db6e8180fa386ef7985426ba6303dc32, sha256 4e2fbc4f9b4396f4dcdf6442d677906ccc1165c7f93a21feedd061f1b740d9f4) at 2026-10-08T05:30:25Z
  | stage-cohort: SRR5946988_1.fastq.gz staged (481462235 bytes, md5 d279fbb2f09d6f5f1171f8782ca9cb70, sha256 b3e735ccd3f949759cdd889ca78e46090bb75ce7e41246b5182b7930e8284f11) at 2026-10-08T05:31:19Z
  | stage-cohort: SRR5946988_2.fastq.gz staged (477917165 bytes, md5 6145655d27897016177b6aa199f869fe, sha256 1b18f335925189219f53fd6c9dde79b89ada0df6100e594ed86a116ff3fde37c) at 2026-10-08T05:31:54Z
  | stage-cohort: SRR5946980_2.fastq.gz staged (631492305 bytes, md5 f345d02b2023e0bf6269cecc9b08a557, sha256 358624e50a04e0ace63d5e3e1292ab3a95af21418784f598db24c25420372fe7) at 2026-10-08T05:31:55Z
  | stage-cohort: SRR5946996_1.fastq.gz staged (378897336 bytes, md5 330edd528460b4ee1d9057b8104a65b2, sha256 49d231829b4c74e6085ddd05c6da8a7e343dd35b9df4c17f6440ff0daafefaf5) at 2026-10-08T05:31:56Z
  | stage-cohort: SRR5946996_2.fastq.gz staged (378963587 bytes, md5 a5f5ae46158e49fab911201a7f96af49, sha256 d60fe4af060f1db3fbe988840ff761646f1adf82caafc57c90d90a10b397980c) at 2026-10-08T05:32:18Z
  | stage-cohort: SRR5947012_2.fastq.gz staged (417465529 bytes, md5 3f07f3b7c3d0b1495501311a097ab04b, sha256 fb0540be0edc757e5dff0829428de5c1645afe08ac53ddeb7f9935d685ba3d2c) at 2026-10-08T05:33:32Z
  | stage-cohort: SRR5947012_1.fastq.gz staged (407489123 bytes, md5 c43f45c8909929a68e361dd829bc0132, sha256 99797a274bd1564c35e39cf37bc47d7d10c86baa1655716de8ecf1f06ee8e3a3) at 2026-10-08T05:33:36Z
  | stage-cohort: SRR5947004_2.fastq.gz staged (539026735 bytes, md5 e90565a4dabe17c2e8aa140733beda4b, sha256 b1f0e94342979e7b77047ada0079ee8710e3a1959ea65403256e83de7f24036a) at 2026-10-08T05:33:39Z
  | stage-cohort: SRR5947004_1.fastq.gz staged (536510220 bytes, md5 5ad08bc270c5cfdf61b05d514a9d0f7d, sha256 e162e9474b4fa344970c15f6239c114a307e7d843b7404eb2734265919dc9d03) at 2026-10-08T05:33:42Z
  | stage-cohort: SRR5947020_1.fastq.gz staged (464330052 bytes, md5 68d228290192592402dd80bb631115d7, sha256 30a32f3c0dca423f04385ce7143e4eaddeeaa902ed91db7a371426eb920036e4) at 2026-10-08T05:33:45Z
  | stage-cohort: SRR5947020_2.fastq.gz staged (458210540 bytes, md5 e9b3c2d779cc49cf4e00c2dfda2602a6, sha256 87a65f3f1f5a9825faf4079bbfb239cfb601b4d46e1c1289b57a27735671065d) at 2026-10-08T05:34:04Z
  | stage-cohort: SRR5947036_1.fastq.gz staged (445334293 bytes, md5 4da12545dd55dd4e74087c7be9009859, sha256 532689755b471b7707462c391df8b0c34e7f4383f631907f5454cb0dedd2cb5c) at 2026-10-08T05:35:29Z
  | stage-cohort: SRR5947036_2.fastq.gz staged (442289162 bytes, md5 2beb902656165039d9788784c5eec4c6, sha256 be1abe876ce9b6432bb17a8b00d95d0a1bef4c4a32d156dd31044e55c6063ea7) at 2026-10-08T05:35:39Z
  | stage-cohort: SRR5947044_1.fastq.gz staged (558944828 bytes, md5 5622b101e54fea103c7b84b2471efaf5, sha256 e45289e98287338624e3654996520943e2c670bf8d384eed007869d9a10859f3) at 2026-10-08T05:35:51Z
  | stage-cohort: SRR5947044_2.fastq.gz staged (566858488 bytes, md5 0b0c2d2e49a41312fe88d9a62a55442a, sha256 03e73dbe38485e75df146acf575a08d5445932f8af37c6915726bd2d75baa0ee) at 2026-10-08T05:36:20Z
  | stage-cohort: SRR5947060_1.fastq.gz staged (65261825 bytes, md5 9965b3e4a7b038d51715d9835c6205de, sha256 2bf5f0d63b3c9c32eb7a7f1af7e3ba3c62ca7fe944909226bdd0f799aeafe5ec) at 2026-10-08T05:36:23Z
  | stage-cohort: SRR5947060_2.fastq.gz staged (64516493 bytes, md5 9ecbeb70da3ee7471c43356103be681b, sha256 1b448a807272e7857a8c3c09f8f856cb8eea3107379c5c189183034cd760d375) at 2026-10-08T05:36:42Z
  | stage-cohort: SRR5947068_1.fastq.gz staged (66210645 bytes, md5 2ade429227cda8af2b64ff9cd87ec062, sha256 a21a91e7638554545ac564c0b76346ca89a9525a701e8a6c39eee36994047cfe) at 2026-10-08T05:36:48Z
  | stage-cohort: SRR5947028_1.fastq.gz staged (902127439 bytes, md5 2acafa3a7021a6b23c45ddb26030dd1d, sha256 4b60e1e2fa4748c82bb1749376052be9f2b916036ac8b606c030b19f62850ca5) at 2026-10-08T05:36:58Z
  | stage-cohort: SRR5947068_2.fastq.gz staged (66571109 bytes, md5 a5284e6bb6a1a579aa8b623c280348cd, sha256 bfe7a081d8e8383767abd8547da795201769a4605da203faf1ebf10a1d8f6b4b) at 2026-10-08T05:37:05Z
  | stage-cohort: SRR5947028_2.fastq.gz staged (921754732 bytes, md5 fda3d31afb4e28c1174b312f24ef283f, sha256 4a46ff354602e79c4293d89e091e5e36341d3e8ebf77f838b46175eebc7cfd3f) at 2026-10-08T05:37:13Z
  | stage-cohort: SRR5947084_1.fastq.gz staged (51814438 bytes, md5 72f025e62dff9df82ed70558ce23e57e, sha256 23644d7e17f3de89d78aca99cc6f568dcee8cf03caa7680cf7d679c57052927e) at 2026-10-08T05:37:22Z
  | stage-cohort: SRR5947084_2.fastq.gz staged (51619604 bytes, md5 abb636a1a2d809e1d161e2a4d8b6f988, sha256 c4db9da57cb2cb68a0b577d6981d28751f65d59d7501ea288fd102a39c577474) at 2026-10-08T05:37:31Z
  | stage-cohort: SRR5947052_2.fastq.gz staged (486562160 bytes, md5 620f916015bb940c0d45014c13232668, sha256 f7a488c68211f1c286135fa34e7b3199624a00c67cba19bada1a977c88c5db40) at 2026-10-08T05:37:35Z
  | stage-cohort: SRR5947052_1.fastq.gz staged (495376084 bytes, md5 cb3eb346c7c5e703617ab231d9fa3d2f, sha256 f81ee228df144fba98e586572e323f6d60eb455615f4591673b483d99dde5324) at 2026-10-08T05:37:38Z
  | stage-cohort: SRR5947076_1.fastq.gz staged (325982888 bytes, md5 ed973b00a886ebea7f149bb381a22827, sha256 3ab59268903d8100a4959765f138ee4b7b13a8c27c9065b9b6653b05cc6a383c) at 2026-10-08T05:38:13Z
  | stage-cohort: SRR5947076_2.fastq.gz staged (324527991 bytes, md5 c54db87a4fd8bd519e97332256de90b8, sha256 202bbe8894cc22aa5a71dd4fca65ceecc8f8be7af1ab159493e0079c3eb9bb61) at 2026-10-08T05:38:20Z
  | Terminated
  | ak2: [2026-10-08T05:38:37Z] spec body exit rc=129 (SIGHUP)
  | ak2-phase	2026-10-08T05:38:37Z	1791437917	end	no
make run: instance is shutting-down
make run: tag-objects: s3://aws-kraken2-942542972736-us-west-2/aws-kraken2/g3/20261008-040133-ad4af00-18db-n8-r1/: 4 objects, 3 tagged now, 1 already tagged, 0 failed
make run: run dir: results/g3/20261008-040133-ad4af00-18db-n8-r1  (task exit 99, state terminated, cost $0.128569)
orphans: other live ak2 instances (concurrent runs; informational, not this run's):
  us-west-2	i-023c889e48febd7fb	shutting-down	c8g.large	2026-10-08T04:02:04+00:00	ak2-g3-20261008-040133-ad4af00-18db-n8-r7	ttl=4h	within TTL
  us-west-2	i-091e369b1bef67147	running	r8gd.16xlarge	2026-10-08T05:09:08+00:00	ak2-g3-20261008-050900-9c4a5c7	ttl=120m	within TTL
orphans: this run's instance(s) and task ak2-g3-20261008-040133-ad4af00-18db-n8-r1 are gone (18 regions checked)
