make run: bucket aws-kraken2-942542972736-us-west-2 is in us-west-2
make run: run 20261008-040133-ad4af00-18db-n8-r5  task ak2-g3-20261008-040133-ad4af00-18db-n8-r5  ->  s3://aws-kraken2-942542972736-us-west-2/aws-kraken2/g3/20261008-040133-ad4af00-18db-n8-r5
make run: user data: 12267 of 16384 bytes after base64 decoding (refuse above 15360)
make run: plan: Instance: c8g.large (0 vCPU, 0 GiB)
make run: launched i-0fd6860a28e8c9c16 (c8g.large) in us-west-2
  | ak2: log tee up
  | ak2-phase	2026-10-08T04:02:12Z	1791432132	preamble	no
  | ak2: [2026-10-08T04:02:12Z] inherited $-=hBc (stub, as spawn started it: $-=hBc)
  | ak2: [2026-10-08T04:02:12Z] after set +e $-=hBc
  | ak2: [2026-10-08T04:02:12Z] gate=g3 run=20261008-040133-ad4af00-18db-n8-r5
  | ak2: [2026-10-08T04:02:12Z] aws shim installed and self-tested (/tmp/ak2-bin/aws -> /usr/bin/aws)
  | ak2: [2026-10-08T04:02:13Z] imds region=us-west-2 az=us-west-2a instance=i-0fd6860a28e8c9c16 type=c8g.large ami=ami-09325776a00699513
  | ak2: [2026-10-08T04:02:13Z] bucket aws-kraken2-942542972736-us-west-2 region=us-west-2
  | ak2: [2026-10-08T04:02:14Z] bucket aws-kraken2-942542972736-us-west-2 payer=UNKNOWN
  | ak2: [2026-10-08T04:02:14Z] WARN: could not read Payer of aws-kraken2-942542972736-us-west-2 from the instance (launch host verified it)
  | ak2: [2026-10-08T04:02:14Z] region assert passed
  | ak2: [2026-10-08T04:02:14Z] drop_caches_ok=true
  | ak2: [2026-10-08T04:02:14Z] preamble done; spec body starts
  | ak2-phase	2026-10-08T04:02:14Z	1791432134	body	no
  | ak2-phase	2026-10-08T04:02:14Z	1791432134	setup	no
  | ak2: [2026-10-08T04:02:32Z] checkout ad4af00; nproc 2; disk /dev/nvme0n1p1 40G 2.4G 38G 6% /; slice 5 of 8, ranks 11..1000
  | ak2-phase	2026-10-08T04:02:32Z	1791432152	stage	no
  | stage-cohort: shell flags huB (on instance: 1)
  | stage-cohort: ranks 11..1000, every 8th from offset 5; 6 files at once, 4 ranges each
  | stage-cohort: SRR5935763_1.fastq.gz staged (248782436 bytes, md5 84b96c0b4fa817dd32ba822c9d8f2b9d, sha256 d5382acc6d762b00c707b65c91d5ef15adb2f121cf4db7564bc5d18a4bf77e60) at 2026-10-08T04:03:35Z
  | stage-cohort: SRR5935763_2.fastq.gz staged (250936354 bytes, md5 8ed32b9983ce08671bf0681dc9d83866, sha256 3860796ee4e4fb3c93cfdd27f6f4299510b9151b21653a719d04db6274a1c6a3) at 2026-10-08T04:03:40Z
  | stage-cohort: SRR5935755_2.fastq.gz staged (280575300 bytes, md5 99ac6e44697d3f23861d5951f14f63f0, sha256 cf535a267ab35dca7e4b1bf1dbffdc63aebb4d5aee6c79d632f2d0b7d8d40fdf) at 2026-10-08T04:03:49Z
  | stage-cohort: SRR5935755_1.fastq.gz staged (281326213 bytes, md5 7d50a162f7f3625336743ec906b5a3cb, sha256 f2d9e6ca1737fcbd88d48f473cc2990b1448d8d9e852a9fe3acde0a5481dd05e) at 2026-10-08T04:03:54Z
  | stage-cohort: SRR5935771_2.fastq.gz staged (442348770 bytes, md5 251724a0aff57717ceb1d84f0bbe3435, sha256 00548e26bae331fed92189f62e33151bfd258ba7095c7794cfd7d7eae4865119) at 2026-10-08T04:04:18Z
  | stage-cohort: SRR5935771_1.fastq.gz staged (435729827 bytes, md5 86b04a2c6525b1dacd9f3a965a0a46ea, sha256 0456db76879a4de7d997fd00466c230d6f616cb9a602985beab821606afafe1d) at 2026-10-08T04:04:35Z
  | stage-cohort: SRR5935779_1.fastq.gz staged (288893771 bytes, md5 ea337628d0809e53c4203f3c130aa084, sha256 0b4875998aaeb58dbb79d1490e60a2bd2bb41e31ca11c37989fd39b1f346404e) at 2026-10-08T04:04:44Z
  | stage-cohort: SRR5935779_2.fastq.gz staged (292360626 bytes, md5 e361a1db78bba7251aa3e1b1311f641e, sha256 03f48e5b9a94bce9e4d5f6d6d126a896cad4cd0ea0331116a2f195b8228002a3) at 2026-10-08T04:04:55Z
  | stage-cohort: SRR5935795_1.fastq.gz staged (561032492 bytes, md5 d002d12d3b2ff1c54ae514ec4f98753f, sha256 7723dd436d5f84b682d1b6169279b263dcfc200e6c826346182acf91cad0f02a) at 2026-10-08T04:06:26Z
  | stage-cohort: SRR5935795_2.fastq.gz staged (567430848 bytes, md5 cc5764539038155381e07d56ef0ce4fb, sha256 0738983dc37391d70b93674bd66d054acefd47aeff5a3660e297ddee1ec74416) at 2026-10-08T04:06:58Z
  | stage-cohort: SRR5935787_1.fastq.gz staged (793621528 bytes, md5 65b67a9c6c2e0d5f12c7da87298577bc, sha256 c22e1fd61021658c191328ad3aacff82500dc08ad82a2bcb82d55a7d18a14b48) at 2026-10-08T04:07:03Z
  | stage-cohort: SRR5935787_2.fastq.gz staged (795247039 bytes, md5 0180b2f954c2def8adc88198f9b31c54, sha256 3afda72b1926ffc250f9811036024f94dff624d370c234f88bd7c4386d8cecaf) at 2026-10-08T04:08:39Z
  | stage-cohort: SRR5935811_1.fastq.gz staged (481198284 bytes, md5 43eafe03b0fb14d61432d7b1de70f13a, sha256 6ba6b2dea78885e82623e276a8d89e58197b2ce2277dee96527ff54ed70e222b) at 2026-10-08T04:08:46Z
  | stage-cohort: SRR5935803_2.fastq.gz staged (880935449 bytes, md5 32397c1781cc7b5df7cb609bae98e8f6, sha256 2a7765713e99b873fd1e551edd1ff5f00c76615c3de62035d768b41786a67fd7) at 2026-10-08T04:08:48Z
  | stage-cohort: SRR5935803_1.fastq.gz staged (879819739 bytes, md5 9b9698a62c9a64cdb66b7cd7d24d4b3b, sha256 5f0d339959ce91cad14fcc31405ef6bc28be3a00181056e99e1727c6de1955c9) at 2026-10-08T04:08:54Z
  | stage-cohort: SRR5935811_2.fastq.gz staged (477093046 bytes, md5 b1d85e7400e255e1ad618c13da89ed7d, sha256 0633216d90668690813c14bab68d01a64c053784aacbe821398112e652de0242) at 2026-10-08T04:08:56Z
  | stage-cohort: SRR5935835_1.fastq.gz staged (64810685 bytes, md5 b230ff46978793806913dbd60f409437, sha256 4b2433f030d3a1907bbc38a14afa926421ce778cab4aa4bd11fd796730169348) at 2026-10-08T04:09:16Z
  | stage-cohort: SRR5935835_2.fastq.gz staged (65864102 bytes, md5 cef5c9936c08439d9655020cd157c857, sha256 7a950edd0f3dff52b0e90ba5cb86515ab329b8b1c80277dbb337456eb1177d03) at 2026-10-08T04:09:17Z
  | stage-cohort: SRR5935819_1.fastq.gz staged (532389741 bytes, md5 8d9530bd2bdf4ef5ca8eb331765b7096, sha256 45022dfb50adde2d5262bf79e0fbe0bd527600a90d9281fd3ea994294271cb2d) at 2026-10-08T04:09:23Z
  | stage-cohort: SRR5935819_2.fastq.gz staged (541499608 bytes, md5 f4367ff7d33332ccbdc6dd0668fcb901, sha256 ccb3c10588b7da4df2e74e0fdc37faad272eea71584345673af4549bf56a22d7) at 2026-10-08T04:10:51Z
  | stage-cohort: SRR5935827_1.fastq.gz staged (767211750 bytes, md5 7cd9eb50aa1cd9b61726b6cff0843554, sha256 3357cbe7ba9d81720e17404a69266a04d85b25b190b4ecf05f5490e07312f52a) at 2026-10-08T04:11:49Z
  | stage-cohort: SRR5935827_2.fastq.gz staged (776655872 bytes, md5 3a41707cae4903b5ec566e884a58d38a, sha256 ae2d35b028d9c74873c473f6f40e51c14b8687e3742a451cc317bd8e84341980) at 2026-10-08T04:11:58Z
  | stage-cohort: SRR5935851_1.fastq.gz staged (676928498 bytes, md5 cb2226819eecb5368b079f96d11405c8, sha256 1957bc1ec403ec356bd7f8f23bb88a219a0f9308941e6585437f024c283ffdfd) at 2026-10-08T04:12:03Z
  | stage-cohort: SRR5935843_1.fastq.gz staged (814793908 bytes, md5 e9d3eaaac6b3230557ea118c54a7ca4a, sha256 88684b45b16c3c32ca4c5d50c9e03055d880582f146262f1f4a3bef07b5800a5) at 2026-10-08T04:12:27Z
  | stage-cohort: SRR5935843_2.fastq.gz staged (827851858 bytes, md5 ebe539cc493921223c3b1a49a563308e, sha256 9438ce179821871ad38094ae8f0b30438b4da8e08d58dd6da34339ce2183f8a2) at 2026-10-08T04:12:50Z
  | stage-cohort: SRR5935851_2.fastq.gz staged (665322815 bytes, md5 48975dd684770632615f48af86a4d3a7, sha256 d1e73309fb5906f83919028064b04bca218c466045a83d5bdaec5716fb354c65) at 2026-10-08T04:13:35Z
  | stage-cohort: SRR5935867_1.fastq.gz staged (498816982 bytes, md5 722869768b136cf97543326b74a9d736, sha256 5d93542f16423c044bb5384db0a3d22e56bac3c24cfd340d396f051f63ad449d) at 2026-10-08T04:13:57Z
  | stage-cohort: SRR5935867_2.fastq.gz staged (496901762 bytes, md5 f57cb753915235f591007487587df832, sha256 b1d35de47785dafcbffa0154a829776a53015457475737b3611d067a02afd53b) at 2026-10-08T04:14:45Z
  | stage-cohort: SRR5935859_1.fastq.gz staged (757365639 bytes, md5 5d2c6d3d1e0a867df4456fc4be3c90b3, sha256 1e1d90e9ee4a0c8b52f48249cfd35de61a5679eb93a371f12bbef18b24e9cc13) at 2026-10-08T04:14:54Z
  | stage-cohort: SRR5935859_2.fastq.gz staged (747438154 bytes, md5 d21a9aadc2508e8194bb61371e8a8312, sha256 9b841502c3c4a30ecd2cd89147ff62f84e602a7e89b874eeb341cbf360f44e02) at 2026-10-08T04:15:04Z
  | stage-cohort: SRR5935875_1.fastq.gz staged (904594059 bytes, md5 7b03b3da295f20285d2bea229f0afcfd, sha256 13be494c9815b10ca778d5bbf0440baac7f6cfd423caeca637a6b7e26f64f565) at 2026-10-08T04:16:31Z
  | stage-cohort: SRR5935883_1.fastq.gz staged (735068517 bytes, md5 8327f8fade536128ea1283051f660cb0, sha256 42b4542d019bfb0a204f416900eacf23c66fb3c25048e081939e8b98daf83f27) at 2026-10-08T04:16:57Z
  | stage-cohort: SRR5935883_2.fastq.gz staged (729162451 bytes, md5 cd35194bbb23370ea4b5c80f31348eeb, sha256 c000b239c5582e6db4bceded4cd9da950ac8f1e65b28646a052416c541380d41) at 2026-10-08T04:17:33Z
  | stage-cohort: SRR5935891_1.fastq.gz staged (713434955 bytes, md5 061027da964c650c5586ef4b6232b6b0, sha256 351f32709d2f1de015fc6562fde5e91ea92b37bc8d1273c35b2bb0b7b8f8e402) at 2026-10-08T04:17:55Z
  | stage-cohort: SRR5935891_2.fastq.gz staged (707467602 bytes, md5 56b0d6c1afdd193be1963f1faed99d59, sha256 8b321e1e9e275d8a43902ca5f79935f6743277a2c2c8bac8225ba90763e9d075) at 2026-10-08T04:18:11Z
  | stage-cohort: SRR5935875_2.fastq.gz staged (896575949 bytes, md5 c5aa280a60f3a0479486ac3605b9caac, sha256 23e3f7e3349256814f6308a0e350659d0fc4f716edb4aee17ac47f89c17378ac) at 2026-10-08T04:18:12Z
  | stage-cohort: SRR5935899_1.fastq.gz staged (551116035 bytes, md5 af43366fa03972eb5361e562f4b005af, sha256 1107fbdf739996d1b0869b18f611b4d37c7e69c9cf2bac50c645d2382a8624f4) at 2026-10-08T04:18:33Z
  | stage-cohort: SRR5935899_2.fastq.gz staged (544233350 bytes, md5 41ce32b8d1453af0aafbe660a2799c33, sha256 c6235682e87b5aaf5aa9fb521d95ba0ba0876e325716d3b5ffe986d9bfabbabb) at 2026-10-08T04:19:13Z
  | stage-cohort: SRR5935907_1.fastq.gz staged (459544789 bytes, md5 770755dab0cbd9097a04a2e135a700dc, sha256 f1d7121b43e79776cd1164affb9c0933f50cc28ca212148cc3e7acc265c8ec2a) at 2026-10-08T04:19:32Z
  | stage-cohort: SRR5935907_2.fastq.gz staged (461841043 bytes, md5 200964f96da71bdfa47f177fb4d53c11, sha256 3f262cd73608d201e831aa3c24f1bc81e5053c4122bc1342319ad2c58698bdca) at 2026-10-08T04:19:51Z
  | stage-cohort: SRR5935915_2.fastq.gz staged (456938229 bytes, md5 df51e2516d85094fbb794c070b84bda8, sha256 f4c0324ebaa4332a18f4db417b08d676d54811c226076561b12bf8adf988be38) at 2026-10-08T04:20:05Z
  | stage-cohort: SRR5935915_1.fastq.gz staged (465255085 bytes, md5 f511d2bdf9de5543d9739fb87679efca, sha256 242f15dc735e765b669531f01a33433deddc45411642b03421c6b87777b15551) at 2026-10-08T04:20:20Z
  | stage-cohort: SRR5935931_1.fastq.gz staged (426991072 bytes, md5 6e10f2f29501549c982d433ee7f02163, sha256 05e780d3260733c80f17211012e004b5a0f3a5e12d450c18c0dd6d2b4fecb020) at 2026-10-08T04:21:13Z
  | stage-cohort: SRR5935923_1.fastq.gz staged (662103327 bytes, md5 83a3ce95f23b74ab9299d70a8b59f47c, sha256 268b5ea2b34c199367da3a7f93fe7f88bde9b9e148f4459e108a257ef4b74080) at 2026-10-08T04:21:22Z
  | stage-cohort: SRR5935939_1.fastq.gz staged (379714429 bytes, md5 54ca62dcde7d923eef5da64ea900d70a, sha256 9dc6a615541342d8fd68902994c7292438d74d9e54f41956a74118621d0dd0c9) at 2026-10-08T04:21:30Z
  | stage-cohort: SRR5935931_2.fastq.gz staged (420243260 bytes, md5 2e88342bb3d742244d142e113331b34e, sha256 6a155bd4b30c327a57fe388f18deb79dfbfc85b0a487734d5aea7482c6f028b8) at 2026-10-08T04:21:32Z
  | stage-cohort: SRR5935923_2.fastq.gz staged (651850203 bytes, md5 103f258d5609c2da52e5eda50a7503f0, sha256 a83e9e0aa1981d90684bd043c0833a8271f4f7a78555ae5e29293d4e3ece9e52) at 2026-10-08T04:21:52Z
  | stage-cohort: SRR5935939_2.fastq.gz staged (374374626 bytes, md5 5b7a0e3425d2ec3997dfc5a89c92261a, sha256 abe62dba0175dbdef1a9601c26180498bfe6aa27998ec29883f55d01f6c92eba) at 2026-10-08T04:22:11Z
  | stage-cohort: SRR5935955_1.fastq.gz staged (256185213 bytes, md5 3e262f0a5356e539aa05892369c45acd, sha256 793230a793aeaf5f35728121d862add10d5105249d9f9f25b755d2ebfe16ecb7) at 2026-10-08T04:22:39Z
  | stage-cohort: SRR5935955_2.fastq.gz staged (259280428 bytes, md5 ba0427678d85e9853c73fdf91fe74582, sha256 3b58a0bf8e376586b96edfa584a0e31a31cbf9ce221ae14fca38e7cc52c30c2d) at 2026-10-08T04:22:39Z
  | stage-cohort: SRR5935947_2.fastq.gz staged (650420550 bytes, md5 3c73624e6d62662bb37d0d5560a0fd1d, sha256 034bb06d5698df75e2279b01bfdbad0784f52dc9c3b359d08bd187565b6fd744) at 2026-10-08T04:23:41Z
  | stage-cohort: SRR5935947_1.fastq.gz staged (644710375 bytes, md5 5f83a1d4b6dcfcadea1b5f601cb93a8e, sha256 ffc89ac4a0847f19712bbdc7569cea774eb964f5572eaded9229bd443d0e7fbe) at 2026-10-08T04:24:06Z
  | stage-cohort: SRR5935963_1.fastq.gz staged (709080893 bytes, md5 c20d03860401877feb2c88c2a9fbf8b4, sha256 0cb3dfb59fa72ea3783cfdc64d6e03c611f60dfbdd384351b0415c41c45e7197) at 2026-10-08T04:25:12Z
  | stage-cohort: SRR5935971_1.fastq.gz staged (602195456 bytes, md5 ac62cd2e74ffe182204208f592cce2c1, sha256 bcf44a133715ba1f573e52ce85624177e51db3b674a3c883328a86da23d4b930) at 2026-10-08T04:25:18Z
  | stage-cohort: SRR5935971_2.fastq.gz staged (601409698 bytes, md5 ae2055bd0b9ee8f2df3437782fa1fc69, sha256 10ee0be98ccc00271efdfc3b591ea474ad1742bf1313829237b9e172fe822966) at 2026-10-08T04:25:20Z
  | stage-cohort: SRR5935963_2.fastq.gz staged (707677582 bytes, md5 b9f5cfbf782388b9ed12a99a05c05d29, sha256 9fe9e5c2c84ac84fc4d4d0e1082f165d3ce906d25236b98ce46ae01f3c2ac51c) at 2026-10-08T04:25:25Z
  | stage-cohort: SRR5935979_2.fastq.gz staged (473783665 bytes, md5 e0068bf9ca771e4655972459c59cfa66, sha256 a60f580c5c3a5517a98158fe69d2617b36abeb946086dd35bf6d821e14732410) at 2026-10-08T04:25:55Z
  | stage-cohort: SRR5935979_1.fastq.gz staged (468165689 bytes, md5 ef2ded5ae63b98baaee070e659de2bed, sha256 de90f9082715c8a807f9d248b4727e48cafbadb7e24d16f507a29395aa6575ca) at 2026-10-08T04:25:59Z
  | stage-cohort: SRR5935987_1.fastq.gz staged (447045856 bytes, md5 d80fcd30a7f0397cca81f8a3255694da, sha256 55982187d5632e294b0e70d0297086c5edfcfd313c3da5757204171a85c43b5d) at 2026-10-08T04:27:08Z
  | stage-cohort: SRR5935987_2.fastq.gz staged (450880260 bytes, md5 c2fbc1ae38804ae762188cb507f175de, sha256 eebefc2ff200c8c7d747805fefad8945642e6fb5eccb85a75fd8225ad254a786) at 2026-10-08T04:27:15Z
  | stage-cohort: SRR5936003_2.fastq.gz staged (318506325 bytes, md5 ece53e4ddb1b116974bd01efaba94ab9, sha256 35c833871d3cee00b5e50d8923a0a0137475723b6b1afe47e54e7d466854705d) at 2026-10-08T04:27:20Z
  | stage-cohort: SRR5936003_1.fastq.gz staged (321154897 bytes, md5 d5048d4b6d6faf73fb81533f9de5f8a2, sha256 b6f62a8bd4bfc126038ec8d540fc922fa2dbfc419e0052e5cf5f25cf1bf3d880) at 2026-10-08T04:28:02Z
  | stage-cohort: SRR5935995_2.fastq.gz staged (668763087 bytes, md5 a3fcd34cfc7456f237c18ffa7e5e219c, sha256 e0c323a86b94042a13affb3eb900ba5fe9ae04c68179c6ab744ceee8fea17d82) at 2026-10-08T04:28:08Z
  | stage-cohort: SRR5936011_2.fastq.gz staged (352362927 bytes, md5 748d0925f1ee40698a547a484095d334, sha256 c13653ee49ea3e0a6e7117e293132310dfeaa7d125d33e4e5375ca09f82645bb) at 2026-10-08T04:28:40Z
  | stage-cohort: SRR5936011_1.fastq.gz staged (353514156 bytes, md5 5f10f1060babfc8724d66c07d2846576, sha256 463688adf0d53461b1c2e5b046af526c52f1cfe56adbec855ce9a62aa0cff38c) at 2026-10-08T04:28:50Z
  | stage-cohort: SRR5935995_1.fastq.gz staged (672348602 bytes, md5 4c4e96700ea9a2dceb9b225f153adcf9, sha256 4f43a338ff350c0d0f859a2ddc2cde1dadaf175867c90aa608653a8754e0ec4b) at 2026-10-08T04:29:34Z
  | stage-cohort: SRR5936019_1.fastq.gz staged (609300893 bytes, md5 15d3208cd53088800ff723bca1f0154a, sha256 3f4c61fa1740a40af1d67dda5d972580b871c2980be80f928ab26564e6ab2ab7) at 2026-10-08T04:29:54Z
  | stage-cohort: SRR5936027_1.fastq.gz staged (618619355 bytes, md5 630c0bc83e65e2390207fee5f13b7494, sha256 42db505d915353209d7c2a8cf195b94ba40ebe21d07c47eb60743f1afbe2b5b1) at 2026-10-08T04:30:38Z
  | stage-cohort: SRR5936019_2.fastq.gz staged (600099569 bytes, md5 7062b0d7084e2b14bcf180901877b629, sha256 3eed2774dacb29aab1e11b1f55e94e715112855e8da017d4cb663d867382fda4) at 2026-10-08T04:30:40Z
  | stage-cohort: SRR5936035_1.fastq.gz staged (616039253 bytes, md5 e434ffd0ad47a3495e57d77721a54919, sha256 adfbe9382456c1e83d0d333a224f8283c52ecc2fbca71cff9055e65fc190c7e7) at 2026-10-08T04:31:21Z
  | stage-cohort: SRR5936027_2.fastq.gz staged (633672494 bytes, md5 0261138d71445ac08cabd008e9a06e61, sha256 1bd0e9182498edbafbb4f82b562e6c7fe7839c02adad79196a3c4fd0b7792791) at 2026-10-08T04:31:25Z
  | stage-cohort: SRR5936035_2.fastq.gz staged (639978270 bytes, md5 c5c7f2f3c5d7e18abe527e4949b0f9c5, sha256 608b415ddd49fc0cf1e35745c93a4fc564345a553ee07bef1e2bc3b7e7c64588) at 2026-10-08T04:32:40Z
  | stage-cohort: SRR5936051_1.fastq.gz staged (581218022 bytes, md5 4101d7d952f1434de78e1f652282def7, sha256 5b78cbc383148c09eae17d17649c266ba21da811a9358eb02d85f6b37a218f1a) at 2026-10-08T04:33:17Z
  | stage-cohort: SRR5936043_1.fastq.gz staged (839964775 bytes, md5 8bc636b4580e2e3c017051156f79e9c6, sha256 2d727ee11e0d4e13010e8994db2cf0643728262b27a1c213f96e1fb7a8892a95) at 2026-10-08T04:33:28Z
  | stage-cohort: SRR5936051_2.fastq.gz staged (576834256 bytes, md5 252d449d51403181b4055be46a9f0c8d, sha256 3c5cefff3840def723b499785f6c60db487d02e4ed7d56024755029c595e6c8d) at 2026-10-08T04:33:38Z
  | stage-cohort: SRR5936059_1.fastq.gz staged (508479483 bytes, md5 d16a17f6eefac512e98bb564d905ba18, sha256 b0907c261f52767452d38e72f0ac88ca9bf9afa6108c65eadfef25987ca7758e) at 2026-10-08T04:33:57Z
  | stage-cohort: SRR5936075_1.fastq.gz staged (233346404 bytes, md5 184ccfad29d3d89b86fb72d287665780, sha256 ca1c47f26225bf869d985efb4caae745cc42b1dc4afde1f907cfec57f813f644) at 2026-10-08T04:34:36Z
  | stage-cohort: SRR5936043_2.fastq.gz staged (837287756 bytes, md5 02d88afdb81ac594435c03aaaae2cec9, sha256 175a19d4c84147624e9c06f324735b12d4f324c2f3d8a50cb2e4b614b9dbe694) at 2026-10-08T04:34:44Z
  | stage-cohort: SRR5936075_2.fastq.gz staged (238995208 bytes, md5 726808f74a1f8024f788b0f82eff5521, sha256 7d9f9caf52184c021ea8d6eb17750f93850bedd498699f92dca28a2e311e2dd5) at 2026-10-08T04:35:01Z
  | stage-cohort: SRR5936059_2.fastq.gz staged (514286415 bytes, md5 d36663a8112414ab4a4c12ffd66ad306, sha256 24dca0f843aa6594148723235472019ed4a8e6763be56ec1af03acefefb396c9) at 2026-10-08T04:35:21Z
  | stage-cohort: SRR5936067_2.fastq.gz staged (630343872 bytes, md5 7155f04b35096b6f5eb8039f786d9fe8, sha256 dab17359b23b4a8da3ec751906dc8c227efa931d28b98585c0b6021c9dc8fb93) at 2026-10-08T04:35:54Z
  | stage-cohort: SRR5936067_1.fastq.gz staged (628106640 bytes, md5 284d73170405f98cae22f95fc0b4509f, sha256 715d8cc2264fefdfb43cf64e7058e14fc76b8c3bbb54e4c5212a061ce0fce02e) at 2026-10-08T04:35:58Z
  | stage-cohort: SRR5936083_2.fastq.gz staged (538871477 bytes, md5 f3b0a1934d74d3cbc3225808bb497af5, sha256 19fc85927f1882512d9c15ed2a41c27ef32a14b022c5f7f1237e371a79a3eb0c) at 2026-10-08T04:37:03Z
  | stage-cohort: SRR5936091_1.fastq.gz staged (628667994 bytes, md5 074a297593f6f1c8f538594c1f294f57, sha256 a92bc18ac07c3ec5fa1ca175a6480a2b92e7691caad350e6f365304c6aa7daa5) at 2026-10-08T04:37:31Z
  | stage-cohort: SRR5936091_2.fastq.gz staged (639980957 bytes, md5 111132c1c7c54b0669d2e1b1796125d5, sha256 d9e50baf1508d6ce3c70406be262658c6da46872c3f9b70247765923348cd0a6) at 2026-10-08T04:37:55Z
  | stage-cohort: SRR5936083_1.fastq.gz staged (533264500 bytes, md5 ee2cebb1308b78fbcd362bb3cb814665, sha256 5b59e122986806fe8233dc2bab86513d7b8e5d3ae3ba5a6b943efe73342c625e) at 2026-10-08T04:37:59Z
  | stage-cohort: SRR5936099_1.fastq.gz staged (565857397 bytes, md5 3109f1fd7d7b1b23d7268e0a11dbc36e, sha256 e2a9a656d0b44782094a57b496a73e5525c2422658b524ba74f6fd21820fb526) at 2026-10-08T04:38:10Z
  | stage-cohort: SRR5936099_2.fastq.gz staged (563704350 bytes, md5 df4196a9906023094e8a3da8035302fb, sha256 85f974cc0944303c3fd3d50208e47a60e2f1f3398ded435446064d05792964bf) at 2026-10-08T04:38:14Z
  | stage-cohort: SRR5936107_1.fastq.gz staged (647869705 bytes, md5 2deef6aed2463d8058b543bd68d20926, sha256 7842ed98320ac3206cedc49e5f003f44e62b5f37750ef6eb39a0276cec1ba834) at 2026-10-08T04:39:48Z
  | stage-cohort: SRR5936107_2.fastq.gz staged (652157870 bytes, md5 844265b3d1e72baf8eac42ab4cd7e834, sha256 48d2745db22efbe009ad98b1388e9e2275c02f51e7c7a46112548cc079d3f624) at 2026-10-08T04:40:11Z
  | stage-cohort: SRR5936115_2.fastq.gz staged (604875835 bytes, md5 ebadfc6767221309dec0dae6651361e4, sha256 20066fdff903754e908fff08ae0afd61ed8b8ea24faf43db917bf7d0f218e01b) at 2026-10-08T04:40:28Z
  | stage-cohort: SRR5936115_1.fastq.gz staged (608772834 bytes, md5 575e48d193bf90fb366912c27f5dc837, sha256 254abef827e462e7b19eec6f17031015060b570c3901f265eecfb5f4bf5efaa3) at 2026-10-08T04:40:32Z
  | stage-cohort: SRR5936123_2.fastq.gz staged (626349576 bytes, md5 45a0dbc79b7f53e73e10a8a72facd748, sha256 ba06171d852d37b13564723b07a78c9401e2966184fa0bbfbc7f7735c24e1eb0) at 2026-10-08T04:40:52Z
  | stage-cohort: SRR5936139_1.fastq.gz staged (124692944 bytes, md5 e91c208266107d03bccfe0aeb13607d3, sha256 f601bccc834687eb1cdee46dd870f50ded9878926f7198818a8e565a0a58ffd6) at 2026-10-08T04:41:04Z
  | stage-cohort: SRR5936139_2.fastq.gz staged (125486452 bytes, md5 61a65cf917e4f03b35197a63d794c712, sha256 4ecc3957bfe2a6bfa3c23d4c0e51e19643f86973a613611bd09ac2008637100a) at 2026-10-08T04:41:16Z
  | stage-cohort: SRR5936123_1.fastq.gz staged (630143840 bytes, md5 46cf703ef230eeae828eaa00b999dfe6, sha256 e6091231fc9039183bc48492b72bdd9bceaff23ab0f911d4740292ace088f396) at 2026-10-08T04:41:16Z
  | stage-cohort: SRR5936147_2.fastq.gz staged (461459535 bytes, md5 e31ee15b70407ab101ac48728a8bb4d1, sha256 8ae28fd11b5c2465963b476647da8e642e874d79f7acbe2118b9bfd19665e306) at 2026-10-08T04:43:08Z
  | stage-cohort: SRR5936155_1.fastq.gz staged (516938061 bytes, md5 1223c6929c0f3ae52cf278419a56e612, sha256 09b670f44400bca6d44837e5d8710445d06b9b892d871bef3038d3f97d853100) at 2026-10-08T04:43:30Z
  | stage-cohort: SRR5936155_2.fastq.gz staged (519373595 bytes, md5 fce7ceb14c5282a8db3ca60ee4241cc1, sha256 5f5fc08b555b800d08204278585825f96330da134b70a44e9e90cd2ee3b6ca85) at 2026-10-08T04:43:34Z
  | stage-cohort: SRR5936147_1.fastq.gz staged (459579607 bytes, md5 82ed8f29a3b5e79df88b4b05025b8fd9, sha256 9a0f6fba25f60fae66f5b0e4d25c4cf69106d1fbd3e926f68beb4df906d1a4fc) at 2026-10-08T04:43:52Z
  | stage-cohort: SRR5936163_1.fastq.gz staged (367014824 bytes, md5 925911549f1a85a48ca1e5dd00068dd6, sha256 fe0b3d1585a1011387c1fc78181ce4f4d74380354ce9252116b88b7acb8e6199) at 2026-10-08T04:44:48Z
  | stage-cohort: SRR5936163_2.fastq.gz staged (361810686 bytes, md5 e7ac5bdde7e3e185592d9959e6023923, sha256 550159ab62d8a109be8e7b338f2587cd72956213a2412c8e8b4320db182b284a) at 2026-10-08T04:45:02Z
  | stage-cohort: SRR5936131_2.fastq.gz staged (1318597478 bytes, md5 ee71215a15efbc3ad9e4c08cfe046220, sha256 2eae2171d5f74af994bcc47be0434c4b1cf2db75215f407129c9f77809629711) at 2026-10-08T04:45:27Z
  | stage-cohort: SRR5936187_1.fastq.gz staged (5642375 bytes, md5 f73fb18a17ec4e2cdf1d5d033df13217, sha256 cb43d9a14a1129a9af9c2a0c82061677a55e0ccd065a26e1ddb75dcc520d42e6) at 2026-10-08T04:45:31Z
  | stage-cohort: SRR5936187_2.fastq.gz staged (5605246 bytes, md5 0682efb6111d9daa1ca8c65ff0e76820, sha256 08a20fde2b3a0161dccdb5fd33fc519e1651a00de3ac1a1f05d213ee5e4d77ea) at 2026-10-08T04:45:35Z
  | stage-cohort: SRR5936179_1.fastq.gz staged (205042527 bytes, md5 56222244738365eaf5e74ab7625920e6, sha256 ebbcf692eab49856ff146bec7612e3c340b549327934eedabba2ffac0ae829ab) at 2026-10-08T04:45:49Z
  | stage-cohort: SRR5936131_1.fastq.gz staged (1312013697 bytes, md5 df8035f3cc68a042cabfc5227de8fb11, sha256 20cad6d61615fc7bc078d126d28ad7ef605a2ce83ebc605a6f70b4e52ad85ab2) at 2026-10-08T04:46:05Z
  | stage-cohort: SRR5936171_1.fastq.gz staged (660500253 bytes, md5 411de0e6e9b89a5b4a115b4945de3157, sha256 24b36b71036e99a762c424cbe80bb6751facea57d47096bd2073c15af830268c) at 2026-10-08T04:46:09Z
  | stage-cohort: SRR5936179_2.fastq.gz staged (204750015 bytes, md5 6653fea1eeae60edac60ae80150c517b, sha256 190378dcae8d4f764c052d24ed4aafb7ba1bafd776e74b7274e00fd4b6e15684) at 2026-10-08T04:46:12Z
  | stage-cohort: SRR5936211_1.fastq.gz staged (118426162 bytes, md5 e69b1d4c0ceb14508f8087046ad57147, sha256 be6aec8fba3b765948a3dab7849cefd97a20ca9cac8a91d7f8380bf9bf8dbedc) at 2026-10-08T04:46:50Z
  | stage-cohort: SRR5936171_2.fastq.gz staged (665097107 bytes, md5 c04cf0c84a65b71aeea0284d40104485, sha256 ea11c88211d18211b08bf89ea9a5a972d7d64113b6415f161a29b45a62ec7c15) at 2026-10-08T04:47:05Z
  | stage-cohort: SRR5936211_2.fastq.gz staged (119206363 bytes, md5 f1bfe38c0c81c1dc035dc87616bd860f, sha256 463227f1a4c4d3bb7a5a236b5836512445ae110a61b4b2a7de498ea92711a1d0) at 2026-10-08T04:47:26Z
  | stage-cohort: SRR5936195_1.fastq.gz staged (719539356 bytes, md5 aceeafdee638e5a46ea8b0167791d567, sha256 a89b909a8bf272d1373363feb936e20049999cf557f32ae63f2821a13f3181b3) at 2026-10-08T04:48:26Z
  | stage-cohort: SRR5936219_1.fastq.gz staged (398148737 bytes, md5 ad3fe548dfd89cc15aa16842491c2d2a, sha256 59a071cedf01ac0a1ac3c7ba44daac208a9362abe4ecdcfe87072c684f589b9a) at 2026-10-08T04:48:40Z
  | stage-cohort: SRR5936203_2.fastq.gz staged (628838995 bytes, md5 ac5131142120af1db59c2f79deec8db4, sha256 aac839e0c7299b8aac9072914aec1c0e3da89fd18d3c6d8155ccfd53ecb3841f) at 2026-10-08T04:48:50Z
  | stage-cohort: SRR5936195_2.fastq.gz staged (716014345 bytes, md5 205b40e106c141f0b6b13f6ac8f125d3, sha256 f9dd71cbf77c2dbce2dcb88182e1f06c172d5b00d39d230f658b50e3c0a9f757) at 2026-10-08T04:49:01Z
  | stage-cohort: SRR5936219_2.fastq.gz staged (405580487 bytes, md5 a4d092644845ed2fd1dd6ba7b7fefa5d, sha256 28cba8ff49e938936fdafd95bfdf18a7ffbaf27efba067e366683091a3dd5e9e) at 2026-10-08T04:49:06Z
  | stage-cohort: SRR5936203_1.fastq.gz staged (631199287 bytes, md5 fb52e5f1e6c725bbbc5a039734eefe17, sha256 19694f9e6750a98ff398d0a55d372505259f80cbf867ef9cb41bdb6a33fa2a85) at 2026-10-08T04:49:17Z
  | stage-cohort: SRR5936227_1.fastq.gz staged (651841581 bytes, md5 d1564f533770d4de9dbde31f10e9de9d, sha256 14b9ec1173bb04e25ed487c37391e34b76286da8c5d768add6738cf934875706) at 2026-10-08T04:51:02Z
  | stage-cohort: SRR5936227_2.fastq.gz staged (650610859 bytes, md5 dc51eda8658a3dcba42c891c3dacd927, sha256 993c0fac2bf36f4d739cd7c4dc376907907bb0ee9f47dd99f611389e76a86770) at 2026-10-08T04:51:29Z
  | stage-cohort: SRR5936235_1.fastq.gz staged (698282354 bytes, md5 395d6141324eab76ec3dd01a9566ef77, sha256 cf8094aedb369c588580769a58546628d9c1b0068d7b67b53d121c1ebb95fb12) at 2026-10-08T04:51:47Z
  | stage-cohort: SRR5936235_2.fastq.gz staged (696707085 bytes, md5 6bcc671e9d7ff08881b39249698b4142, sha256 6b4bd50fb130f9c091f0ed8303cf392fb74190e7bf677af813fa2e54e3919982) at 2026-10-08T04:51:54Z
  | stage-cohort: SRR5946608_2.fastq.gz staged (751625006 bytes, md5 3a91f38f8f0860c5eeb253a1a31aadee, sha256 11c043a4d01ddf51d27861d5ce7462f951b9bb7068f641f5f253d0798f8f1694) at 2026-10-08T04:52:10Z
  | stage-cohort: SRR5946608_1.fastq.gz staged (729763780 bytes, md5 895c3a5961effb492cc3c6de9393027c, sha256 e19d2db26d59e99785411be304140e73fe38aaa06bbeee77edc903c280e71266) at 2026-10-08T04:52:18Z
  | stage-cohort: SRR5946624_1.fastq.gz staged (233995752 bytes, md5 a905bc0c4bd6794b95a2a16fade9929d, sha256 49c24c81e29ee0e964121ef3df879ca97658a595427aa69af0f60acd74fba42d) at 2026-10-08T04:52:46Z
  | stage-cohort: SRR5946624_2.fastq.gz staged (229182258 bytes, md5 6c3a49ebd5a0b56e4356b54d7561c594, sha256 5a73093374571563c2ce9b1735c30acdc27d57f46b870a9f2e4f2bbdf7ea4544) at 2026-10-08T04:53:00Z
  | stage-cohort: SRR5946632_2.fastq.gz staged (308900000 bytes, md5 bacdc7b0144d1b5eab8384b18783b705, sha256 d3a5f5281d1aa79de010bc33cc2878036882dff39dbd748914241ed1eff9360d) at 2026-10-08T04:53:35Z
  | stage-cohort: SRR5946632_1.fastq.gz staged (302822056 bytes, md5 3b85bd10713654a078e3d1efaaebeb66, sha256 12b04b0c90922bfc5f571d20b8f5db0030fd24dad06d8ec2f71a45056f1e885b) at 2026-10-08T04:53:39Z
  | stage-cohort: SRR5946616_1.fastq.gz staged (520930997 bytes, md5 672749caf2866e2472c8acbeb0c3a584, sha256 71c0b36416e6a09bcd1024ac787e8cefe68d87c4912a282af5c45585c895990c) at 2026-10-08T04:53:42Z
  | stage-cohort: SRR5946640_1.fastq.gz staged (315722809 bytes, md5 77e0395457d5e92b1dd509efb72f8288, sha256 4d8ad12a2802abe8359548030d97ddd3d1d34993a1a4ea4d8fcf904e810b899b) at 2026-10-08T04:54:09Z
  | stage-cohort: SRR5946640_2.fastq.gz staged (311502012 bytes, md5 d7333afc3eec764b488016e51b4b6fc8, sha256 0a3e321e36cbce2d00d78b1077db7be493e4352ca922c548a7a5a216ffdb9df0) at 2026-10-08T04:54:15Z
  | stage-cohort: SRR5946616_2.fastq.gz staged (531378625 bytes, md5 35fb68956396f83e5b86d12c11462077, sha256 cdd5bd44aad3eaad0bd35ca46660582ff0b9d3428a898c48503e0c786092b866) at 2026-10-08T04:54:19Z
  | stage-cohort: SRR5946664_2.fastq.gz staged (382928535 bytes, md5 ab26b150298d88a84a683d1e85e629e9, sha256 6e987f9c9177506a27325b731da6d4a528c30dc07ac7c0cf54eccef450e4c07c) at 2026-10-08T04:55:52Z
  | stage-cohort: SRR5946664_1.fastq.gz staged (380437025 bytes, md5 cec8b75a89ea39e8374d69dbea50d830, sha256 8f9db53fccefdbbd735190602adbc4d9eff1d11d0a7b33c0b628e5e739de0522) at 2026-10-08T04:55:54Z
  | stage-cohort: SRR5946648_1.fastq.gz staged (734696497 bytes, md5 f01a7ab4456c954a7f1bedaa42ed8643, sha256 74fceb86f7d7ed82815e62caf6eb80afdf3482db3cb200e617ce95208eb6a75a) at 2026-10-08T04:56:28Z
  | stage-cohort: SRR5946656_1.fastq.gz staged (753246131 bytes, md5 531f490145737c9aefa7ef832eb9dca3, sha256 67c389af10f795b67c2938cac1b3ada278782ea23e33e7c5e971da7ee9cf1287) at 2026-10-08T04:56:43Z
  | stage-cohort: SRR5946648_2.fastq.gz staged (780161387 bytes, md5 cd00c2732b461da3500f955873543a68, sha256 1725a0bdf7a1ba119f5a48e903cc5077c27f82e4ae571fae0f2d36bb3fa60029) at 2026-10-08T04:56:49Z
  | stage-cohort: SRR5946656_2.fastq.gz staged (772206807 bytes, md5 0bd13ab6cc450d9859cba0cd3bb2eb97, sha256 fad6a8f8e1ce2f22792df9c0e8fe195e941b084dd05d1ea2c69cc59d4489e3a6) at 2026-10-08T04:57:16Z
  | stage-cohort: SRR5946680_1.fastq.gz staged (425042731 bytes, md5 3baadb25b2524f8eddf99c184d3392dd, sha256 5e476fa997db36d3440bef8602caa8e4414b201d121e6a06b817506cd951c845) at 2026-10-08T04:58:11Z
  | stage-cohort: SRR5946672_1.fastq.gz staged (735162572 bytes, md5 220f2ff818a4de02cf303f8aac011d9b, sha256 00c5046e1470df0ed293e30d2376d8d756941391eae3e285687887e6f95401db) at 2026-10-08T04:58:43Z
  | stage-cohort: SRR5946680_2.fastq.gz staged (428025203 bytes, md5 833482ba3a38785f998c0da5cad3ff92, sha256 07dac58f35f045a2bebf2f60dbdc37e0b553f126e3ae2c04bd3a168cd3f60b66) at 2026-10-08T04:58:47Z
  | stage-cohort: SRR5946672_2.fastq.gz staged (727918409 bytes, md5 a7fc39cceb474825fd2beefe3d88bf02, sha256 cfa0f91f900a8fa2e47dfbfbfd5eb19036a90b98f6930bdebad1e2b969a55ba6) at 2026-10-08T04:58:52Z
  | stage-cohort: SRR5946696_1.fastq.gz staged (301449737 bytes, md5 2924b8762a14a9f9d1e44c495d84cd1c, sha256 135ebf5e476464bf2bcb435d7c5ef30037f58c78d9c519045872b35cf7de910c) at 2026-10-08T04:59:34Z
  | stage-cohort: SRR5946696_2.fastq.gz staged (298728841 bytes, md5 3526ee08f3609eca56c67277a2c62dee, sha256 b0113df16c8e462999c69fa7bb501c15a8a8cb0023968df28656888b7de53965) at 2026-10-08T05:00:10Z
  | stage-cohort: SRR5946688_1.fastq.gz staged (942957341 bytes, md5 348afdb63a80e77e65444bb4dbd0c4ff, sha256 b31da244ab09b6b06982899ab420b220f555226a253563b269f64935d751c5f4) at 2026-10-08T05:00:20Z
  | stage-cohort: SRR5946720_1.fastq.gz staged (15497159 bytes, md5 4d4819f9c7b91e7b8c9fffb96ebb218c, sha256 ddbc3eee2a0d615bceddc49e41b840f16eeec05526e218f176c5a89ca5e92ada) at 2026-10-08T05:00:26Z
  | stage-cohort: SRR5946720_2.fastq.gz staged (15238542 bytes, md5 4ec47cd5db06f3e7f8208d8949750c21, sha256 73831cf20a15ab1e1ac2425c07c59a7c4ddd0d00dda5af20e1833bd447f399d2) at 2026-10-08T05:00:33Z
  | stage-cohort: SRR5946728_1.fastq.gz staged (129884 bytes, md5 f987b5d8ba5993a782a61ac1e840d80e, sha256 503fc46eb7a5c2a158c94e28f13170982f52700953efd9adb0217a4dd82f6886) at 2026-10-08T05:00:35Z
  | stage-cohort: SRR5946728_2.fastq.gz staged (133214 bytes, md5 03ba01fa610204bc303440a00b07f5af, sha256 f69f4ac805f9453b721d23f4a139f8e18d87c9424bed824cb6803f5e1c3bc15f) at 2026-10-08T05:00:37Z
  | stage-cohort: SRR5946688_2.fastq.gz staged (927044148 bytes, md5 442dcd97f74a7492528e9d8a2567f174, sha256 652f7e5b8c311193fa7eaed251963988184f5b39bfe0b3d30bb38a9ad6584a43) at 2026-10-08T05:01:46Z
  | stage-cohort: SRR5946712_1.fastq.gz staged (576899482 bytes, md5 3f04b84eb114b3862aff9dc626ecca2a, sha256 568465cec4b3c747fe11d6586b3c8a34849b2b3f1f54989f149e3e73dc135953) at 2026-10-08T05:01:50Z
  | stage-cohort: SRR5946704_2.fastq.gz staged (737221955 bytes, md5 f0f673d2ae6f44bf9082bf18e09913cf, sha256 99908d2e0c1ecedaaf61270382f8dfee1e4370df62697e62dd29fe8e1db3f7f8) at 2026-10-08T05:02:01Z
  | stage-cohort: SRR5946704_1.fastq.gz staged (716228273 bytes, md5 f0b10fdfae5a4ab843b526e9f73fa4b4, sha256 8e414aebcf40a866a6ff426f120fdd7190f4b57651099bb17f74b004fb1c62a2) at 2026-10-08T05:02:32Z
  | stage-cohort: SRR5946712_2.fastq.gz staged (549599699 bytes, md5 6d6db63cef4765449f07119d2aa4fa42, sha256 befe2958599e5b99fb3d35f56a5491a8e259c6b817a39d2f32bdba664324ac21) at 2026-10-08T05:02:45Z
  | stage-cohort: SRR5946752_1.fastq.gz staged (141214205 bytes, md5 20faa6607e838a313633d41e6b75c9e8, sha256 3be04371c737a36f0b4d69b9de8b6ee66f2e3a0fb3b8458dae9aea9f776f1c47) at 2026-10-08T05:03:15Z
  | stage-cohort: SRR5946752_2.fastq.gz staged (140420746 bytes, md5 4d33a539dc1feb1eb6a203be3bbf92f9, sha256 516276f62a345a98c51e1694850b1d9cd149f4150917d66a7dded4fc75ee9bba) at 2026-10-08T05:03:29Z
  | stage-cohort: SRR5946736_2.fastq.gz staged (594643861 bytes, md5 cdd5005e086535f762b4a4d2709290e7, sha256 74c7953ee0125e0a81d1957634d0aeaf3e4900c465522f1b63d230b78bdf718c) at 2026-10-08T05:04:15Z
  | stage-cohort: SRR5946744_1.fastq.gz staged (586974176 bytes, md5 74b9b099207bc9ea4b3aa6b89c9fde33, sha256 ee3f2337d8b7843d045836766d0b109db4dcae4780714985ce9b4682c8c42c4b) at 2026-10-08T05:04:24Z
  | stage-cohort: SRR5946744_2.fastq.gz staged (600121064 bytes, md5 c9006fd9da979bd710da11c6f3ade4d5, sha256 18f3806dae928d3901b7ceda70bea8bdf101d83fcc936495848784e3a1e810f4) at 2026-10-08T05:04:29Z
  | stage-cohort: SRR5946736_1.fastq.gz staged (591969868 bytes, md5 ddace7559a9de569d9e1342589d4e6fa, sha256 267eff13f19150801f05bb2f823a80d4e8103637a11c76ecb08d2b64a9abc531) at 2026-10-08T05:04:32Z
  | stage-cohort: SRR5946768_1.fastq.gz staged (554150124 bytes, md5 e307a6025b51d4ccda338788dda7b4bc, sha256 bfd57c41e6516cc88e91727bd2e647f950049aac098ffeb442acda66a9d6b0f4) at 2026-10-08T05:06:40Z
  | stage-cohort: SRR5946768_2.fastq.gz staged (552436462 bytes, md5 8bd472df5f3d470e02a3394b923f559a, sha256 92c1ef9a8b821ab31f6ebce460d1c1e8068c9da4bf81391570068d83223fd854) at 2026-10-08T05:06:50Z
  | stage-cohort: SRR5946760_1.fastq.gz staged (988958591 bytes, md5 e2b8d11565361cf86b0f59d81cbfe422, sha256 a36756f16ce40c72bbecab4d4f25a4c5ef6234523c0f5c3399d55b8112414ced) at 2026-10-08T05:07:13Z
  | stage-cohort: SRR5946760_2.fastq.gz staged (1007495703 bytes, md5 ce44513fca1df5b51f51802e0fd62d80, sha256 33276da6dd454f4d4c26598211986e98debd8d3981def0b3c5553cb5108d38a2) at 2026-10-08T05:07:42Z
  | stage-cohort: SRR5946776_2.fastq.gz staged (963993590 bytes, md5 ede84f73ce7ca8159a69eb538dc534d1, sha256 d505a1a8ccecf83b9ff8c66c54f1e3f20784d151bc1dc4e033fe4e0a67525c84) at 2026-10-08T05:08:17Z
  | stage-cohort: SRR5946776_1.fastq.gz staged (973628559 bytes, md5 0eb5d275833532511a5c4d5361048896, sha256 617d3fdb566652761d3412e2a11f760cd4b169bb8a9f0387645aaefce9fdb78a) at 2026-10-08T05:08:35Z
  | stage-cohort: SRR5946784_1.fastq.gz staged (647292902 bytes, md5 8a2e348edbe10ad81fcf51847e76f1c6, sha256 e149920e8492a82b31a5c777ca24583881774c06f4efd87e0aff8c8a19b11531) at 2026-10-08T05:09:26Z
  | stage-cohort: SRR5946784_2.fastq.gz staged (676203336 bytes, md5 4c0429e5f767e58a8934908bf73524c7, sha256 aa12ba41e9c25006d4e4b84958f6a052e3e7fa336138c14367e6a8cbe2fd6ac9) at 2026-10-08T05:09:55Z
  | stage-cohort: SRR5946792_1.fastq.gz staged (817055796 bytes, md5 71c7f2581c7aa10b11c77b1a8d91afb7, sha256 23dbfc4e84e5fb84dd6039ba53ebcfead840202f511e63ab59b47d87878a3c6f) at 2026-10-08T05:10:36Z
  | stage-cohort: SRR5946792_2.fastq.gz staged (817454493 bytes, md5 080dd7770b944e1f08d3a2eb10626f64, sha256 a6ebc9f67440696891e96fddfd87ec785e15405679ebfab91752dae135d5f568) at 2026-10-08T05:10:59Z
  | stage-cohort: SRR5946816_1.fastq.gz staged (95653495 bytes, md5 2dae1da903ac58497ce38a65b05b7c5c, sha256 cd3bea4a7642127afa54a841d677ced9798b01efb669fb55c24a2fabe85ce49f) at 2026-10-08T05:11:07Z
  | stage-cohort: SRR5946808_1.fastq.gz staged (419125287 bytes, md5 46dbea5a9267b85bb8727b0d5e529d2e, sha256 ac65529ab4bb1e02e1560eaa8b24eae77bc0bb245ab72da606577de3bd7443c7) at 2026-10-08T05:11:14Z
  | stage-cohort: SRR5946816_2.fastq.gz staged (94858614 bytes, md5 c30956cbcbec3fc6ae59a4ff2dc14276, sha256 3b684377bd0bab2bd37e20b15f3b45e7e89d383d8af03ac68dce3ce7761a046b) at 2026-10-08T05:11:30Z
  | stage-cohort: SRR5946808_2.fastq.gz staged (412772848 bytes, md5 0be083ac86b6849ea322bd64ec353019, sha256 d47a3a96e68c70ab5a41843bbf1c8ec89e94a3f7e5264f840d4fdf93ef293350) at 2026-10-08T05:11:47Z
  | stage-cohort: SRR5946824_1.fastq.gz staged (177970753 bytes, md5 a7c99856eee3760024ee8f2867b623e5, sha256 4bc6958659401aa1bd5dc2eb38f4ee30f123b42f4f084c6aa4cf7bf07b12f48e) at 2026-10-08T05:11:50Z
  | stage-cohort: SRR5946800_2.fastq.gz staged (959919424 bytes, md5 ff3879af5a5ffb73ecbce87f0a104bb8, sha256 5ee1da07267b7c0d44df63795b2061ec641ab0b6595e852f6ba596b4d036ec62) at 2026-10-08T05:12:45Z
  | stage-cohort: SRR5946824_2.fastq.gz staged (174976745 bytes, md5 2410dc565c05d9ebccc2ba10c2d6c05e, sha256 ed6e0c8f8756f92b6d6b5158ba7de9e166a6fda8f3d522d8cf7e5712f3721180) at 2026-10-08T05:13:32Z
  | stage-cohort: SRR5946800_1.fastq.gz staged (924204770 bytes, md5 a65f113532bf4d65d916fb52a0e6ab22, sha256 73aac4a0d2d829e84685c2d99839423f0fbffb51b438a543ba907d5f3563f52c) at 2026-10-08T05:13:33Z
  | stage-cohort: SRR5946832_1.fastq.gz staged (504097437 bytes, md5 f2f2fb11d684874f62de658ed9e7c922, sha256 2bea89a7c634a9643f5eb0579fff57d58b1d8467e5d0608e84ca3395ff405449) at 2026-10-08T05:13:38Z
  | stage-cohort: SRR5946840_1.fastq.gz staged (453242634 bytes, md5 fbebd70185507e7ebf99dec6cdaff69f, sha256 493a5ba9d942d6447ac108636f20bf05118d559438d77bddf6104a4e09a884f1) at 2026-10-08T05:14:00Z
  | stage-cohort: SRR5946848_1.fastq.gz staged (125225951 bytes, md5 611b161ec543935504de281653b80187, sha256 f7625c8e00877e1845e095882b649c7aa9af0c16fece5507731ed809f7e0ed6e) at 2026-10-08T05:14:09Z
  | stage-cohort: SRR5946848_2.fastq.gz staged (129462663 bytes, md5 8c562627fb2b54562c2c06d60690aedc, sha256 318488bc52e55025837bcef05b9f3aac2e2de172891fb07c288584d97b39f3b7) at 2026-10-08T05:14:12Z
  | stage-cohort: SRR5946832_2.fastq.gz staged (512220793 bytes, md5 e68196f0aef0ae06520e3404ba215849, sha256 94251735158a0e3b2061800fa6317e53f3d431d23c5c2d2a44cb5522cc592ea1) at 2026-10-08T05:14:23Z
  | stage-cohort: SRR5946840_2.fastq.gz staged (447093429 bytes, md5 750e1c6409ba76faa9834cd929ac171b, sha256 821644bda14156a0a4a20e683141a66c83257cac91b4c08dbb8cdbf429225fbc) at 2026-10-08T05:14:41Z
  | stage-cohort: SRR5946872_1.fastq.gz staged (462598786 bytes, md5 ad69e6a1ca2ff8cd4c2276425580af70, sha256 9883cbf9887bda26e171664f6ed7183eb4b68eae1102dc35c31dacb2cb95233b) at 2026-10-08T05:16:12Z
  | stage-cohort: SRR5946856_1.fastq.gz staged (722864103 bytes, md5 0c20836f155f797dcefd0fee1c6d385d, sha256 7732ca8da98d00bcf69bde7a710c83589547918f2416c6173513f9d4c5e2e2e4) at 2026-10-08T05:16:40Z
  | stage-cohort: SRR5946872_2.fastq.gz staged (448894120 bytes, md5 7ca2681210728d8ad89815bf37cc62c7, sha256 012838a03cbbed9e8fbdbac786134e2ba19f4450a7066f228605d50f9274cfbb) at 2026-10-08T05:16:43Z
  | stage-cohort: SRR5946856_2.fastq.gz staged (712380323 bytes, md5 f81dcd0f14e073ba358764ba544d3cf9, sha256 cc8943a3464cd84c5d5a8e2857a89f232a1bac1054a0e29bf227d12cd863fd27) at 2026-10-08T05:16:48Z
  | stage-cohort: SRR5946864_2.fastq.gz staged (750850508 bytes, md5 a57fcd4beea91e4e33ee607adc324007, sha256 da45d31c68c03e0e5cb0f6fcc8cd3ca88d4303f81be68ca66ca0f83eb41953e7) at 2026-10-08T05:17:30Z
  | stage-cohort: SRR5946864_1.fastq.gz staged (731198256 bytes, md5 66d15f7577c38722628bc136e46816e5, sha256 0dc0da883347321d1b6c79dab91c6aa0f8870ef2dbd73e8294afc6fe1601cb22) at 2026-10-08T05:17:44Z
  | stage-cohort: SRR5946896_1.fastq.gz staged (316997661 bytes, md5 1fc793a0f9334947d2aaef4008215cfd, sha256 206180a8c72ab8260b6b7e4f7b4f36581f8f956604237cadca09030c1509e60d) at 2026-10-08T05:18:47Z
  | stage-cohort: SRR5946880_1.fastq.gz staged (620457556 bytes, md5 0273dd0d072798f438c1fe66916761b9, sha256 09fbda5089449a7536fd970f7c3204f1873993a92b3066106734bcadc82ac1ea) at 2026-10-08T05:19:00Z
  | stage-cohort: SRR5946896_2.fastq.gz staged (320713451 bytes, md5 ca3d30819c9852fbcf5f1590f22d4bbe, sha256 b9df4addb0cf509c858b0164d37eeb7840b95829ae4d3af98d47fa790c9ae455) at 2026-10-08T05:19:07Z
  | stage-cohort: SRR5946888_1.fastq.gz staged (711416693 bytes, md5 ee00a82c969e397bf0bce07a62f5bd70, sha256 7931e548aea2a780da2825aa44ae8fca96f0830755987c771c50da7390f0a8b1) at 2026-10-08T05:19:24Z
  | stage-cohort: SRR5946888_2.fastq.gz staged (710783102 bytes, md5 ee717f986a09a83390d8c7ad328e618a, sha256 1a02c0426c71a95c30b5567e90507927fc6ff5a5bb933e4b60afcccc51966f88) at 2026-10-08T05:19:46Z
  | stage-cohort: SRR5946880_2.fastq.gz staged (631853498 bytes, md5 7f9ceacd16e21f92b26a4ad18a7f3ed7, sha256 1476ea148a344cbee845995aa10ca8877b3fe7556df803a159c57c012b487ab0) at 2026-10-08T05:20:03Z
  | stage-cohort: SRR5946904_1.fastq.gz staged (443892569 bytes, md5 1e172a2fb8b6c363fb422a4bb9b46628, sha256 3b7d59e8a2e0530d22ffd21958f0ded4b7987f6e5ee30b8d95b96b802edc269f) at 2026-10-08T05:20:41Z
  | stage-cohort: SRR5946904_2.fastq.gz staged (427568018 bytes, md5 bee4740c844b0efd58e3d150ddffc1da, sha256 389862af1d85d83c994e8ca826ff2fd9a425f68965aab1f0a76dc19b7419dbc8) at 2026-10-08T05:21:02Z
  | stage-cohort: SRR5946920_1.fastq.gz staged (341997542 bytes, md5 675502327431b603a027879a3a55bedb, sha256 6117783cb4a73cc05d40b143dadef97d34eb62b13918442e7da034bd375b762c) at 2026-10-08T05:21:17Z
  | stage-cohort: SRR5946912_1.fastq.gz staged (588819861 bytes, md5 fb3fda15b02221f486b2eefee1503c54, sha256 7754724eb535e647a4955a2b2eb7bcc31bd2151874ae48dfdcf4c247390a0931) at 2026-10-08T05:21:42Z
  | stage-cohort: SRR5946920_2.fastq.gz staged (344662813 bytes, md5 d30f38c1b2fcc4da73501be6baf404e4, sha256 186dda3a8f79098b120b10e0c0ac3a2fb45cea80ce98ec71a099b63c386b842b) at 2026-10-08T05:21:44Z
  | stage-cohort: SRR5946912_2.fastq.gz staged (586944289 bytes, md5 9d2f23cb9c238b67dfa2e3dc6117ac92, sha256 9ab8f3cbe5dd68c1b026d33d36cfc43407dd3aa38c4ab3e6693ee5040e6697e6) at 2026-10-08T05:21:48Z
  | stage-cohort: SRR5946944_1.fastq.gz staged (378236553 bytes, md5 6d0f60b25147b6d2ff57f4dfc44435a7, sha256 7b389063365aab96a1c7052b1db63330ce1ff591f5633c96a49c7e05d7457f22) at 2026-10-08T05:23:21Z
  | stage-cohort: SRR5946944_2.fastq.gz staged (373620763 bytes, md5 621b60013a1b9af6b4a660f03a5c1b95, sha256 d475bb63a50acb3f886e6d866fc7718d0b9e686cfd989bb842bed36b80915c8b) at 2026-10-08T05:23:22Z
  | stage-cohort: SRR5946936_1.fastq.gz staged (572318463 bytes, md5 b7dd282fc806d12350332d5f60e3d227, sha256 3c0b91c457e4dfb5d102605bfd3f9acacdd17c139b9a65aab41f597090b81c9d) at 2026-10-08T05:23:31Z
  | stage-cohort: SRR5946936_2.fastq.gz staged (590733033 bytes, md5 7788f9fadb47674857f89be4dd515b90, sha256 93e395d2eaf5c28a2b0ba499752e9b09ae261b0f4af83d208f437e48c0e26a9e) at 2026-10-08T05:24:07Z
  | stage-cohort: SRR5946928_1.fastq.gz staged (926993795 bytes, md5 10337f3efd8e2aaef73735d7e14690ec, sha256 96739dfadfabe6c5fb4e094416b74f38880c7a86e31026a5502c195dbf472078) at 2026-10-08T05:24:22Z
  | stage-cohort: SRR5946928_2.fastq.gz staged (941639990 bytes, md5 142d825d63efc672a2b9900d093592d0, sha256 8998dbf87d15fdf0f4a7d64c7c3c84fc8a6d7e2fe910404964234e7856d20d8d) at 2026-10-08T05:24:40Z
  | stage-cohort: SRR5946952_1.fastq.gz staged (379364724 bytes, md5 96634b013ce4ffd8b90d040ab01699fb, sha256 440017e7ee36fc6cb92bb48a2109a645287fc57926ddd488e91b13657dc4eddb) at 2026-10-08T05:24:51Z
  | stage-cohort: SRR5946952_2.fastq.gz staged (370676666 bytes, md5 a932927bcbe9f5b0f5af13b7a69a0850, sha256 05b5e4e19d45ffa732e671543b4da738fda5d940e30485c3d46a7466445b9e3f) at 2026-10-08T05:25:06Z
  | stage-cohort: SRR5946968_1.fastq.gz staged (404515885 bytes, md5 9274ba43320fd6c21bf2d9e9dbd302ca, sha256 2702ac6aef18ae5234e1b007dc60af2fc93dc94d8eaa82cae0847c8a15bea490) at 2026-10-08T05:26:01Z
  | stage-cohort: SRR5946960_2.fastq.gz staged (479199028 bytes, md5 49a76a2dbc3d5086c7efc58ef922c4b3, sha256 dd75619add02a9149e64663b84fc8861a0fdb870e9da1121455a3579f047fa51) at 2026-10-08T05:26:04Z
  | stage-cohort: SRR5946968_2.fastq.gz staged (399173694 bytes, md5 5a37697d8e6a07c31d8400784e282563, sha256 cfdbb4aca11a42a4a40e673af9e63a99d7cc160ca2062dc05a4b863661dba842) at 2026-10-08T05:26:29Z
  | stage-cohort: SRR5946960_1.fastq.gz staged (478676134 bytes, md5 b6d64e3bc87d716871f76e60cf20fdb8, sha256 72f52d393e04fcb4297ca45c4e9319d27b2a7c7983eb15af9f2d8289661d5d34) at 2026-10-08T05:26:50Z
  | stage-cohort: SRR5946976_1.fastq.gz staged (695325345 bytes, md5 1abadfd3bda9fc8710b2d0ec46063921, sha256 1fa8600a0bf6b299d94a22fe0b9d3af6cc2baa8c341588419d436f01161786e9) at 2026-10-08T05:27:45Z
  | stage-cohort: SRR5946976_2.fastq.gz staged (701227608 bytes, md5 5fdead41b78c4106970bdae49d847b19, sha256 40f3d6a96146a74964419c0ee45ab47e1273ae97073b824eb2a737aa02971acb) at 2026-10-08T05:27:55Z
  | stage-cohort: SRR5946984_2.fastq.gz staged (529333392 bytes, md5 927d59a4afc35de6c1978ea45cbfe406, sha256 4a3195b3338d765756e2bbfb87f24b67ad81ada3c8e4930114cb95312c5df336) at 2026-10-08T05:28:02Z
  | stage-cohort: SRR5946984_1.fastq.gz staged (529318533 bytes, md5 6fabca9d172c27a920d6af881e38a909, sha256 2bc8720c3ca990c0cdebc5a84e09f243145a4fd93547d61a406ca269fc519d91) at 2026-10-08T05:28:23Z
  | stage-cohort: SRR5947008_1.fastq.gz staged (127458785 bytes, md5 efe84be489062740717e8fbc9846004b, sha256 0260eef5ecd712f036c81f7937c33486ce72975db29557918b36e97935c2f8ec) at 2026-10-08T05:28:40Z
  | stage-cohort: SRR5946992_1.fastq.gz staged (487171706 bytes, md5 8dbc3e7b7cfb38fedfee5156a93e2746, sha256 7a68b93a33c63355e466782628861743d35960349e61c1aa8e2ef8b14b3e2c90) at 2026-10-08T05:28:46Z
  | stage-cohort: SRR5946992_2.fastq.gz staged (482964739 bytes, md5 ef9e1b132b8577ba02424b9121aeb4f0, sha256 488707e7b1a734b57df28583db7371ff77ed715023257e75e78a461f6bed4276) at 2026-10-08T05:28:48Z
  | stage-cohort: SRR5947008_2.fastq.gz staged (129804736 bytes, md5 a038df532e684f056f5c69d0a32a58d9, sha256 b0bf1167005bb9a5a844dab83def66d27b25fd5a5f35c237c4e7fe7355bc7754) at 2026-10-08T05:29:04Z
  | stage-cohort: SRR5947000_1.fastq.gz staged (970842409 bytes, md5 8ec32b7ff5c216eb0ab03e49f18940ea, sha256 7da27260c6ab2f0fb0bde7d78c9b912f258a09c332d1f3413253d90452b5fbff) at 2026-10-08T05:31:28Z
  | stage-cohort: SRR5947024_1.fastq.gz staged (656918134 bytes, md5 cb17d47525db076e0d436a47377cce82, sha256 00010e00fba9a2fa7041532bbde65b5d4d2721224e560b738cb91b0b88e36007) at 2026-10-08T05:31:44Z
  | stage-cohort: SRR5947000_2.fastq.gz staged (968615570 bytes, md5 a9c867cb4e71efe7d661f51eab81b5dd, sha256 829999df5ef16265d51ad430b3ac531bad836760439fcb7a22a93d9942614a36) at 2026-10-08T05:31:57Z
  | stage-cohort: SRR5947016_1.fastq.gz staged (822908435 bytes, md5 2f78a08a152e6d7520aad90e7f78f8b0, sha256 44f370a81aa6a7149ba983803f982daaedc54a64e72a2586955df5463f287bf6) at 2026-10-08T05:32:11Z
  | stage-cohort: SRR5947024_2.fastq.gz staged (663816597 bytes, md5 ec9521c0ae95941903435a286ba280f3, sha256 4edfeed8b953da43a84b73c3f50617a2985394a7cb6858d02c337fa5daf7a8a3) at 2026-10-08T05:32:16Z
  | stage-cohort: SRR5947016_2.fastq.gz staged (835459666 bytes, md5 ea29c6c50104b7e649ff043344b80b74, sha256 63bdbf2b32380cd06931251174e2a3622f4a69013638727d0e81a7dbe47c74da) at 2026-10-08T05:33:09Z
  | stage-cohort: SRR5947032_2.fastq.gz staged (393537207 bytes, md5 950ab18fa095337a97b8bcf4c06b5167, sha256 89b29b9b785d37837c3a4e7481ecc5a919ae894ed9fedc2dfa3ee42b158a690a) at 2026-10-08T05:33:16Z
  | stage-cohort: SRR5947040_1.fastq.gz staged (273123290 bytes, md5 2e94d5f776922c5e19f3dde71bfa59ae, sha256 fb2f6adaf08d6eef453fae9765e4983e9c87a7d928d6332a208638d3fc506dcc) at 2026-10-08T05:33:21Z
  | stage-cohort: SRR5947056_1.fastq.gz staged (12916738 bytes, md5 56a84fa5d0fdbdccd3d4e8fa73530e73, sha256 b141547ac5ca25692e125dd5a02c6a5bfec368a47d0af7a03b57f055300674a2) at 2026-10-08T05:33:22Z
  | stage-cohort: SRR5947040_2.fastq.gz staged (267881326 bytes, md5 ba1835b5cfb82c8c9d10fa2704962769, sha256 fc9ffc34c8a3fc5d8868869c87698fd2f0fec0e7e81662385f4fbc09e57f032e) at 2026-10-08T05:33:26Z
  | stage-cohort: SRR5947056_2.fastq.gz staged (12782834 bytes, md5 c4d6c7294c5ddbfc3f11b4abc606aedb, sha256 6b02e03c3b3de002d81ad0e89d51d98994ac2e32d591b4ea44c68fd88e0a3469) at 2026-10-08T05:33:27Z
  | stage-cohort: SRR5947032_1.fastq.gz staged (398320578 bytes, md5 968efabf736dc074cf03182a9290316a, sha256 cf5527aeb41dcaa6f32138b640c1fb967260d7499de8d550cac1c2a2721e949e) at 2026-10-08T05:33:30Z
  | stage-cohort: SRR5947048_1.fastq.gz staged (384216903 bytes, md5 fef570de8325d190e36e5ebe5e2f6a76, sha256 d9be08e36351e17459e338b71b67a436c72d792fb173dfe705f3b2b19a0128e2) at 2026-10-08T05:34:03Z
  | stage-cohort: SRR5947080_1.fastq.gz staged (155292776 bytes, md5 e46f9457ed9fcec43f7db2528aaa09ec, sha256 61967276c707aa17accb4f506f2ab29dc54161a4242f284d78661fd98d5c26d2) at 2026-10-08T05:34:44Z
  | stage-cohort: SRR5947048_2.fastq.gz staged (391203173 bytes, md5 977a45677b3d95acf5a06d180db04c16, sha256 152294a2ead8cfe14a998b08f729d009c71fa9e4f04f4676cea27fd5345896ef) at 2026-10-08T05:34:44Z
  | stage-cohort: SRR5947064_2.fastq.gz staged (418036400 bytes, md5 06d79d7fcf243b024698fda673a68fc1, sha256 9b3455a47c0f69ca0d465597c9615687630527a4c0be9af884ca1b423db62f0c) at 2026-10-08T05:35:11Z
  | stage-cohort: SRR5947064_1.fastq.gz staged (421118292 bytes, md5 d389689380964442de5ed34948671ff8, sha256 2a4a8b9204c9ad01ab763fcb3ec180d1b822529fcf2bdf84175b81d9aaee8b61) at 2026-10-08T05:35:15Z
  | stage-cohort: SRR5947080_2.fastq.gz staged (152879984 bytes, md5 5739ea2957f71e30d851e451cd371bc7, sha256 6c79a41fc7d1e68d514399387afa619fcb38605a2fe64f23dd0c2543ea6f8a98) at 2026-10-08T05:35:28Z
  | stage-cohort: SRR5947072_1.fastq.gz staged (809544451 bytes, md5 b7337ff0042ffbb7b79e0f1e5bb15da8, sha256 27eb990b85dae380a3ca943df0942cfcddfa7f836936286fc223e7fc146c38b8) at 2026-10-08T05:36:44Z
  | stage-cohort: SRR5947088_1.fastq.gz staged (484829665 bytes, md5 c47c3378c9c1afe3c5f4d2751de811a5, sha256 89461043bfb447c565399b40d503c6033038c7349e54b427a080bcbe48f9054f) at 2026-10-08T05:36:44Z
  | stage-cohort: SRR5947072_2.fastq.gz staged (805325057 bytes, md5 c44c6da1d11312ed0800ce262e83e9f0, sha256 823ba7f6ab6b3f6e48c76fce98b848f15811d51135d738c15a7f69ad2e837450) at 2026-10-08T05:37:02Z
  | stage-cohort: SRR5947088_2.fastq.gz staged (466959205 bytes, md5 0ff1fe76a4e018c830c007de832ba559, sha256 aa43047f440b630d8d4642835bb490574d1669b64a4fc1d6ad96801dfe69dbe2) at 2026-10-08T05:37:04Z
  | stage-cohort: SRR5947096_1.fastq.gz staged (659273431 bytes, md5 aecbfb52ddae09a76e6bd3cecc0439c0, sha256 ac6702847bdcdfade78a5510d50133113212caacf0ff555d31d70a88470435e2) at 2026-10-08T05:37:54Z
  | stage-cohort: SRR5947096_2.fastq.gz staged (658836319 bytes, md5 9463145e0978714367a2a1501138880a, sha256 96dfe12ee3081ea326942e9cce9107eedcafee721e35758c8904f7b8251601d1) at 2026-10-08T05:38:16Z
  | stage-cohort: SRR5947104_1.fastq.gz staged (535214734 bytes, md5 7e6743a51707ac7d6f0c7f53376dd927, sha256 291258c1b3e17121b450b6cf17a151440c3bae5634199b4bf3373354846d8da7) at 2026-10-08T05:38:36Z
  | Terminated
  | ak2: [2026-10-08T05:38:42Z] spec body exit rc=129 (SIGHUP)
  | ak2-phase	2026-10-08T05:38:42Z	1791437922	end	no
make run: instance is shutting-down
make run: tag-objects: s3://aws-kraken2-942542972736-us-west-2/aws-kraken2/g3/20261008-040133-ad4af00-18db-n8-r5/: 4 objects, 3 tagged now, 1 already tagged, 0 failed
make run: run dir: results/g3/20261008-040133-ad4af00-18db-n8-r5  (task exit 99, state terminated, cost $0.128547)
orphans: other live ak2 instances (concurrent runs; informational, not this run's):
  us-west-2	i-091e369b1bef67147	running	r8gd.16xlarge	2026-10-08T05:09:08+00:00	ak2-g3-20261008-050900-9c4a5c7	ttl=120m	within TTL
orphans: this run's instance(s) and task ak2-g3-20261008-040133-ad4af00-18db-n8-r5 are gone (18 regions checked)
