ak2: log tee up
ak2-phase	2026-10-07T20:21:40Z	1791404500	preamble	no
ak2: [2026-10-07T20:21:40Z] inherited $-=hBc (stub, as spawn started it: $-=hBc)
ak2: [2026-10-07T20:21:40Z] after set +e $-=hBc
ak2: [2026-10-07T20:21:40Z] gate=g3 run=20261007-202107-5faa28c-1b65-n8-r2
ak2: [2026-10-07T20:21:40Z] aws shim installed and self-tested (/tmp/ak2-bin/aws -> /usr/bin/aws)
ak2: [2026-10-07T20:21:40Z] imds region=us-west-2 az=us-west-2a instance=i-0fea8cf0b632b4989 type=x8g.4xlarge ami=ami-09325776a00699513
ak2: [2026-10-07T20:21:40Z] bucket aws-kraken2-942542972736-us-west-2 region=us-west-2
ak2: [2026-10-07T20:21:41Z] bucket aws-kraken2-942542972736-us-west-2 payer=UNKNOWN
ak2: [2026-10-07T20:21:41Z] WARN: could not read Payer of aws-kraken2-942542972736-us-west-2 from the instance (launch host verified it)
ak2: [2026-10-07T20:21:41Z] bucket kraken2-ncbi-refseq-complete-v205 region=us-west-2
ak2: [2026-10-07T20:21:41Z] bucket kraken2-ncbi-refseq-complete-v205 payer=BucketOwner
ak2: [2026-10-07T20:21:41Z] region assert passed
ak2: [2026-10-07T20:21:41Z] drop_caches_ok=true
ak2: [2026-10-07T20:21:42Z] preamble done; spec body starts
ak2-phase	2026-10-07T20:21:42Z	1791404502	body	no
ak2: [2026-10-07T20:21:42Z] cohort 20261007-202107-5faa28c-1b65-n8 rank 2 of 8, commit 5faa28c; RODA kraken2-ncbi-refseq-complete-v205/Kraken2_RefSeqCompleteV205, reads aws-kraken2-942542972736-us-west-2/aws-kraken2/data/reads
ak2-phase	2026-10-07T20:21:42Z	1791404502	setup	no
ak2: [2026-10-07T20:22:14Z] built 5faa28c5f02b24513cfbb005519aa414a492dcb7; go version go1.27.1 linux/arm64; ip 172.31.21.127; nproc 16; mem_gib 247
ak2-phase	2026-10-07T20:22:14Z	1791404534	fetch	no
ak2: [2026-10-07T20:22:15Z] staged s3://kraken2-ncbi-refseq-complete-v205/Kraken2_RefSeqCompleteV205/opts.k2d -> /home/ec2-user/ak2/db/roda/opts.k2d (56 bytes)
ak2: [2026-10-07T20:22:15Z] RODA opts.k2d bytes=56 sha256=719d8210ab7fa1ac97d9f7647ec5b9485935265be767fe4ce056f20bed513b0b
ak2: [2026-10-07T20:22:16Z] staged s3://kraken2-ncbi-refseq-complete-v205/Kraken2_RefSeqCompleteV205/taxo.k2d -> /home/ec2-user/ak2/db/roda/taxo.k2d (179150665 bytes)
ak2: [2026-10-07T20:22:16Z] RODA taxo.k2d bytes=179150665 sha256=6eacc5ef55db3cb2d05ebd85f7f2eac529e3d325087af58cee98d5615b27e53e
ak2: [2026-10-07T20:22:17Z] pushed out/rank2/head-hash.k2d.json
ak2: [2026-10-07T20:22:17Z] RODA hash.k2d etag=f80959f9556b50d76b3e744afdd3b22a-8860 size=1189091671800 version=null
ak2: [2026-10-07T20:22:18Z] staged s3://aws-kraken2-942542972736-us-west-2/aws-kraken2/data/reads/SRR062634_8000000.SOURCE -> /home/ec2-user/ak2/reads/SRR062634_8000000.SOURCE (403 bytes)
ak2: [2026-10-07T20:22:18Z] staged aws-kraken2/data/reads/SRR062634_8000000.SOURCE bytes=403 sha256=b876392120fdf2feac00e45502dcb444259d14eeb49ec4f502f05613a74928a9 object-metadata=b876392120fdf2feac00e45502dcb444259d14eeb49ec4f502f05613a74928a9
ak2: [2026-10-07T20:22:21Z] staged s3://aws-kraken2-942542972736-us-west-2/aws-kraken2/data/reads/SRR062634_8000000_1.fq -> /home/ec2-user/ak2/reads/SRR062634_8000000_1.fq (2093755239 bytes)
ak2: [2026-10-07T20:22:23Z] staged aws-kraken2/data/reads/SRR062634_8000000_1.fq bytes=2093755239 sha256=4adae422162ed57988a5b808ee761e54307d31c81e21f0988c1835cb722b598b object-metadata=4adae422162ed57988a5b808ee761e54307d31c81e21f0988c1835cb722b598b
ak2: [2026-10-07T20:22:28Z] staged s3://aws-kraken2-942542972736-us-west-2/aws-kraken2/data/reads/SRR062634_8000000_2.fq -> /home/ec2-user/ak2/reads/SRR062634_8000000_2.fq (2093755239 bytes)
ak2: [2026-10-07T20:22:30Z] staged aws-kraken2/data/reads/SRR062634_8000000_2.fq bytes=2093755239 sha256=ad320f634269e530a1f5c683bee8d212137e28da897aa40926d6b0420bc38728 object-metadata=ad320f634269e530a1f5c683bee8d212137e28da897aa40926d6b0420bc38728
ak2: [2026-10-07T20:22:30Z] staged s3://aws-kraken2-942542972736-us-west-2/aws-kraken2/data/reads/ERR478965_200000.SOURCE -> /home/ec2-user/ak2/reads/ERR478965_200000.SOURCE (400 bytes)
ak2: [2026-10-07T20:22:31Z] staged aws-kraken2/data/reads/ERR478965_200000.SOURCE bytes=400 sha256=19128ba212d865300b586dcb73d4e9543137f500e03f48cde8ce33c7e2fb3d89 object-metadata=19128ba212d865300b586dcb73d4e9543137f500e03f48cde8ce33c7e2fb3d89
ak2: [2026-10-07T20:22:31Z] staged s3://aws-kraken2-942542972736-us-west-2/aws-kraken2/data/reads/ERR478965_200000_1.fq.gz -> /home/ec2-user/ak2/reads/ERR478965_200000_1.fq.gz (13868909 bytes)
ak2: [2026-10-07T20:22:31Z] staged aws-kraken2/data/reads/ERR478965_200000_1.fq.gz bytes=13868909 sha256=12909ad81dcec618f9129cba37b63bbe5d83ded76ffc251afb462de5794a22c9 object-metadata=12909ad81dcec618f9129cba37b63bbe5d83ded76ffc251afb462de5794a22c9
ak2: [2026-10-07T20:22:32Z] staged s3://aws-kraken2-942542972736-us-west-2/aws-kraken2/data/reads/ERR478965_200000_2.fq.gz -> /home/ec2-user/ak2/reads/ERR478965_200000_2.fq.gz (13801673 bytes)
ak2: [2026-10-07T20:22:32Z] staged aws-kraken2/data/reads/ERR478965_200000_2.fq.gz bytes=13801673 sha256=64b73612b72ce90efcd8af1e3a8ae85a92227b6367a136936ea3307c65bf99ae object-metadata=64b73612b72ce90efcd8af1e3a8ae85a92227b6367a136936ea3307c65bf99ae
ak2: [2026-10-07T20:22:37Z] subset SRR062634_2000000: 73b7b8af194f9d8e0082b62532f3d140a44e1d5848b2cded1ce54276c497ffd6 bdd4b2d9a1e984dfa342bd104b92dec71f76171bc7753074d98d1d84a9f91e6b 
ak2-phase	2026-10-07T20:22:37Z	1791404557	case-SRR062634_2000000-fq	no
ak2: [2026-10-07T20:22:37Z] case SRR062634_2000000-fq: /home/ec2-user/ak2/repo/bin/aws-kraken2 --db /home/ec2-user/ak2/db/roda --threads 16 --paired --output <cohort>/out/SRR062634_2000000-fq/output.txt --report <local> /home/ec2-user/ak2/reads/SRR062634_2000000_1.fq /home/ec2-user/ak2/reads/SRR062634_2000000_2.fq
ak2: [2026-10-07T20:24:16Z] case SRR062634_2000000-fq rank 2 exit 0
[SRR062634_2000000-fq] ak2-timing	taxo	0.000076	0.102783	87875	0	0.034389	0.082471
[SRR062634_2000000-fq] ak2-timing	shard-load-2	0.291105	82.878419	78072	0	100.338404	118.536533
[SRR062634_2000000-fq] ak2-timing	rendezvous	83.593880	8.736798	6584	0	0.156129	0.039659
[SRR062634_2000000-fq] ak2-timing	connect	92.330705	0.005643	4	0	0.000000	0.000731
[SRR062634_2000000-fq] ak2-timing	hash	0.102965	92.233394	86911	0	100.496560	118.590059
[SRR062634_2000000-fq] ak2-timing	setup	92.336365	0.000038	5	0	0.000000	0.000040
[SRR062634_2000000-fq] ak2-timing	classify	92.336407	1.538742	354724	0	2.761670	0.268514
[SRR062634_2000000-fq] ak2-timing	barrier	93.876236	4.622321	4	0	0.080827	0.000000
[SRR062634_2000000-fq] ak2-engine	shard	0	n	8	lo	74318229485	hi	111477344228	tail	302	full	false	empty_at	37159114742	keys	11143313	batches	63	probe_s	0.282500	tail_probes	0	wrap_probes	0
[SRR062634_2000000-fq] ak2-engine	node	rank	2	n	8	emitter	false	blocks_cut	63	blocks_mine	8	read_s	0.450242	window_wait_s	0.000002	send_s	7.733262	sent_bytes	39990523	emit_wait_s	0.000000	emit_s	0.000000
[SRR062634_2000000-fq] ak2-engine	rendezvous	requests	17
[SRR062634_2000000-fq] ak2-engine	load	seconds	82.878416	requests	2233	retries	0	bytes	148636525780
[SRR062634_2000000-fq] ak2-engine	route	transport	nodes	calls	8	keys	11466049	batches	64	route_s	0.144867	wait_s	0.081024	gather_s	0.046183
[SRR062634_2000000-fq] ak2-engine	worker	scan_s	1.158947	lookup_s	0.272081	classify_s	0.896951
[SRR062634_2000000-fq] ak2-timing	unmap	98.498632	0.271652	0	0	0.013465	0.257359
[SRR062634_2000000-fq] ak2-timing	total	0.000001	98.770325	529661	0	103.387689	119.199242
[SRR062634_2000000-fq stderr] Loading database information...ak2-timing	opts	0.000043	0.000026	4	0	0.000028	0.000000
[SRR062634_2000000-fq stderr]  done.
ak2: [2026-10-07T20:24:16Z] pushed out/rank2/eng-SRR062634_2000000-fq.stderr
ak2-phase	2026-10-07T20:24:16Z	1791404656	case-ERR478965_200000-gz	no
ak2: [2026-10-07T20:24:16Z] case ERR478965_200000-gz: /home/ec2-user/ak2/repo/bin/aws-kraken2 --db /home/ec2-user/ak2/db/roda --threads 16 --paired --output <cohort>/out/ERR478965_200000-gz/output.txt --report <local> /home/ec2-user/ak2/reads/ERR478965_200000_1.fq.gz /home/ec2-user/ak2/reads/ERR478965_200000_2.fq.gz
ak2: [2026-10-07T20:25:47Z] case ERR478965_200000-gz rank 2 exit 0
[ERR478965_200000-gz] ak2-timing	taxo	0.000078	0.097094	87863	0	0.025731	0.086746
[ERR478965_200000-gz] ak2-timing	shard-load-2	0.166747	81.213684	78046	0	76.750278	73.147503
[ERR478965_200000-gz] ak2-timing	rendezvous	82.638761	4.053824	90	0	0.004008	0.003824
[ERR478965_200000-gz] ak2-timing	connect	86.692608	2.592308	16	0	0.000512	0.000488
[ERR478965_200000-gz] ak2-timing	hash	0.097238	89.187700	80385	0	76.756665	73.164839
[ERR478965_200000-gz] ak2-timing	setup	89.284943	0.000046	5	0	0.000028	0.000027
[ERR478965_200000-gz] ak2-timing	classify	89.284994	0.332458	73188	0	0.591202	0.057885
[ERR478965_200000-gz] ak2-timing	barrier	89.618038	0.391024	0	0	0.000050	0.000047
[ERR478965_200000-gz] ak2-engine	shard	0	n	8	lo	74318229485	hi	111477344228	tail	302	full	false	empty_at	37159114742	keys	956739	batches	6	probe_s	0.031071	tail_probes	0	wrap_probes	0
[ERR478965_200000-gz] ak2-engine	node	rank	2	n	8	emitter	false	blocks_cut	6	blocks_mine	1	read_s	0.161029	window_wait_s	0.000000	send_s	0.002252	sent_bytes	3254541	emit_wait_s	0.000000	emit_s	0.000000
[ERR478965_200000-gz] ak2-engine	rendezvous	requests	11
[ERR478965_200000-gz] ak2-engine	load	seconds	81.213681	requests	2233	retries	0	bytes	148636525780
[ERR478965_200000-gz] ak2-engine	route	transport	nodes	calls	1	keys	1357778	batches	8	route_s	0.012272	wait_s	0.011774	gather_s	0.003520
[ERR478965_200000-gz] ak2-engine	worker	scan_s	0.132200	lookup_s	0.027567	classify_s	0.068587
[ERR478965_200000-gz] ak2-timing	unmap	90.009118	0.274258	3	0	0.000000	0.274439
[ERR478965_200000-gz] ak2-timing	total	0.000001	90.283409	241503	0	77.374076	73.584492
[ERR478965_200000-gz stderr] Loading database information...ak2-timing	opts	0.000046	0.000025	4	0	0.000008	0.000017
[ERR478965_200000-gz stderr]  done.
ak2: [2026-10-07T20:25:47Z] pushed out/rank2/eng-ERR478965_200000-gz.stderr
ak2: [2026-10-07T20:25:47Z] rank 2 done: 0 failed case(s)
ak2: [2026-10-07T20:25:47Z] spec body exit rc=0
ak2-phase	2026-10-07T20:25:47Z	1791404747	end	no
