Loading database information...ak2-timing	opts	0.003304	0.000021	0	0	0.000020	0.000000
ak2-timing	taxo	0.003334	0.098623	87829	0	0.013072	0.088532
ak2-engine	mem	t_s	15.0	rss_kib	39066992	hwm_kib	39069048	heap_inuse	405102592	sys	435030392	avail_kib	55957068
ak2-timing	shard-load-2	0.172127	28.368648	42347	0	40.403286	41.754916
ak2-engine	mem	t_s	30.0	rss_kib	72977376	hwm_kib	72977380	heap_inuse	409313280	sys	439486840	avail_kib	22047176
ak2-engine	mem	t_s	45.0	rss_kib	72980232	hwm_kib	72980236	heap_inuse	412950528	sys	439486840	avail_kib	22310252
ak2-timing	rendezvous	29.029102	29.062039	1723	0	0.042985	0.011246
ak2-timing	connect	58.091158	0.027674	870	0	0.011006	0.000554
ak2-timing	hash	0.102060	58.016785	46802	0	40.467133	41.772281
 done.
ak2-engine	mem	t_s	60.0	rss_kib	77354344	hwm_kib	77354348	heap_inuse	4495663104	sys	4998741672	avail_kib	17974836
20086542 sequences (3689.65 Mbp) processed in 11.076s (108808.7 Kseq/m, 19986.81 Mbp/m).
  19142785 sequences classified (95.30%)
  943757 sequences unclassified (4.70%)
ak2-sample	batch	0	name	0-SRR5935798	mode	parallel	s3client	sdk	rank	2	role	home	inflight	1	threads	16	start_s	58.118876	wall_s	11.569553	setup_s	0.000049	classify_s	11.076252	close_s	0.208126	report_s	0.271095	status	0	sequences	20086542	bases	3689648337	classified	19142785	place	lpt	weight	20086542
ak2-engine	mem	t_s	75.0	rss_kib	78495456	hwm_kib	78495456	heap_inuse	3560300544	sys	6082338728	avail_kib	16661672
14261195 sequences (2665.70 Mbp) processed in 7.849s (109013.6 Kseq/m, 20376.78 Mbp/m).
  13980324 sequences classified (98.03%)
  280871 sequences unclassified (1.97%)
ak2-sample	batch	0	name	0-SRR5935817	mode	parallel	s3client	sdk	rank	2	role	home	inflight	1	threads	16	start_s	69.688453	wall_s	8.299839	setup_s	0.000047	classify_s	7.849220	close_s	0.284698	report_s	0.157500	status	0	sequences	14261195	bases	2665696979	classified	13980324	place	lpt	weight	14261195
12062510 sequences (2207.30 Mbp) processed in 6.734s (107476.2 Kseq/m, 19666.89 Mbp/m).
  10926608 sequences classified (90.58%)
  1135902 sequences unclassified (9.42%)
ak2-sample	batch	0	name	0-SRR5935820	mode	parallel	s3client	sdk	rank	2	role	home	inflight	1	threads	16	start_s	77.988316	wall_s	7.191601	setup_s	0.000058	classify_s	6.734054	close_s	0.236755	report_s	0.204612	status	0	sequences	12062510	bases	2207297835	classified	10926608	place	lpt	weight	12062510
ak2-engine	mem	t_s	90.0	rss_kib	78474052	hwm_kib	78910944	heap_inuse	4264296448	sys	6569304216	avail_kib	16403972
10492437 sequences (1984.14 Mbp) processed in 6.237s (100936.7 Kseq/m, 19087.33 Mbp/m).
  9889429 sequences classified (94.25%)
  603008 sequences unclassified (5.75%)
ak2-sample	batch	0	name	0-SRR5935745	mode	parallel	s3client	sdk	rank	2	role	home	inflight	1	threads	16	start_s	85.179943	wall_s	6.741487	setup_s	0.000049	classify_s	6.237043	close_s	0.343735	report_s	0.149911	status	0	sequences	10492437	bases	1984140901	classified	9889429	place	lpt	weight	10492437
8326050 sequences (1540.09 Mbp) processed in 4.686s (106614.7 Kseq/m, 19720.82 Mbp/m).
  8094378 sequences classified (97.22%)
  231672 sequences unclassified (2.78%)
ak2-sample	batch	0	name	0-SRR5935828	mode	parallel	s3client	sdk	rank	2	role	home	inflight	1	threads	16	start_s	91.921457	wall_s	5.098353	setup_s	0.000053	classify_s	4.685685	close_s	0.262004	report_s	0.143369	status	0	sequences	8326050	bases	1540092338	classified	8094378	place	lpt	weight	8326050
5072545 sequences (950.40 Mbp) processed in 2.966s (102604.6 Kseq/m, 19224.16 Mbp/m).
  4982177 sequences classified (98.22%)
  90368 sequences unclassified (1.78%)
ak2-sample	batch	0	name	0-SRR5935814	mode	parallel	s3client	sdk	rank	2	role	home	inflight	1	threads	16	start_s	97.019837	wall_s	3.364954	setup_s	0.000062	classify_s	2.966269	close_s	0.257596	report_s	0.135891	status	0	sequences	5072545	bases	950400325	classified	4982177	place	lpt	weight	5072545
ak2-timing	batch-barrier-0	100.384812	0.952500	1	0	0.084589	0.007073
ak2-engine	mem	t_s	105.0	rss_kib	77750064	hwm_kib	79243984	heap_inuse	4711604224	sys	6955540728	avail_kib	16969268
12325847 sequences (2261.51 Mbp) processed in 8.264s (89487.8 Kseq/m, 16418.96 Mbp/m).
  11791754 sequences classified (95.67%)
  534093 sequences unclassified (4.33%)
ak2-sample	batch	1	name	1-SRR5935742	mode	parallel	s3client	sdk	rank	2	role	home	inflight	1	threads	16	start_s	101.337341	wall_s	8.705230	setup_s	0.036394	classify_s	8.264268	close_s	0.225500	report_s	0.169466	status	0	sequences	12325847	bases	2261511731	classified	11791754	place	mod	weight	12325847
8206591 sequences (1523.97 Mbp) processed in 5.520s (89209.7 Kseq/m, 16566.28 Mbp/m).
  7998445 sequences classified (97.46%)
  208146 sequences unclassified (2.54%)
ak2-sample	batch	1	name	1-SRR5935758	mode	parallel	s3client	sdk	rank	2	role	home	inflight	1	threads	16	start_s	110.042601	wall_s	5.951251	setup_s	0.021405	classify_s	5.519531	close_s	0.252564	report_s	0.152212	status	0	sequences	8206591	bases	1523967713	classified	7998445	place	mod	weight	8206591
ak2-engine	mem	t_s	120.0	rss_kib	78539092	hwm_kib	79243984	heap_inuse	5018787840	sys	6955540728	avail_kib	16237048
12252617 sequences (2212.67 Mbp) processed in 6.583s (111678.4 Kseq/m, 20167.76 Mbp/m).
  10208851 sequences classified (83.32%)
  2043766 sequences unclassified (16.68%)
ak2-sample	batch	1	name	1-SRR5935774	mode	parallel	s3client	sdk	rank	2	role	home	inflight	1	threads	16	start_s	115.993876	wall_s	7.071821	setup_s	0.000055	classify_s	6.582807	close_s	0.257612	report_s	0.212961	status	0	sequences	12252617	bases	2212674525	classified	10208851	place	mod	weight	12252617
9202475 sequences (1711.99 Mbp) processed in 5.174s (106707.2 Kseq/m, 19851.37 Mbp/m).
  8810259 sequences classified (95.74%)
  392216 sequences unclassified (4.26%)
ak2-sample	batch	1	name	1-SRR5935790	mode	parallel	s3client	sdk	rank	2	role	home	inflight	1	threads	16	start_s	123.065719	wall_s	5.571742	setup_s	0.000054	classify_s	5.174428	close_s	0.226263	report_s	0.162615	status	0	sequences	9202475	bases	1711991411	classified	8810259	place	mod	weight	9202475
ak2-engine	mem	t_s	135.0	rss_kib	78648368	hwm_kib	79243984	heap_inuse	5540225024	sys	6955557112	avail_kib	16534928
14472574 sequences (2738.53 Mbp) processed in 8.224s (105586.0 Kseq/m, 19979.19 Mbp/m).
  14022498 sequences classified (96.89%)
  450076 sequences unclassified (3.11%)
ak2-sample	batch	1	name	1-SRR5935806	mode	parallel	s3client	sdk	rank	2	role	home	inflight	1	threads	16	start_s	128.637487	wall_s	8.743359	setup_s	0.000059	classify_s	8.224147	close_s	0.324301	report_s	0.186007	status	0	sequences	14472574	bases	2738529910	classified	14022498	place	mod	weight	14472574
13365245 sequences (2460.33 Mbp) processed in 8.369s (95822.3 Kseq/m, 17639.36 Mbp/m).
  13192260 sequences classified (98.71%)
  172985 sequences unclassified (1.29%)
ak2-sample	batch	1	name	1-SRR5935822	mode	parallel	s3client	sdk	rank	2	role	home	inflight	1	threads	16	start_s	137.380871	wall_s	8.776590	setup_s	0.000069	classify_s	8.368765	close_s	0.236555	report_s	0.164409	status	0	sequences	13365245	bases	2460327516	classified	13192260	place	mod	weight	13365245
ak2-engine	mem	t_s	150.0	rss_kib	79333488	hwm_kib	79333488	heap_inuse	5526732800	sys	7020245256	avail_kib	15778340
14615323 sequences (2691.06 Mbp) processed in 8.218s (106708.2 Kseq/m, 19647.76 Mbp/m).
  14358414 sequences classified (98.24%)
  256909 sequences unclassified (1.76%)
ak2-sample	batch	1	name	1-SRR5935838	mode	parallel	s3client	sdk	rank	2	role	home	inflight	1	threads	16	start_s	146.157481	wall_s	8.593847	setup_s	0.000057	classify_s	8.217922	close_s	0.230220	report_s	0.138526	status	0	sequences	14615323	bases	2691062094	classified	14358414	place	mod	weight	14615323
ak2-timing	batch-barrier-1	154.751350	0.433446	1	0	0.022549	0.010995
ak2-engine	mem	t_s	165.0	rss_kib	78934548	hwm_kib	79615764	heap_inuse	4136255488	sys	7330902344	avail_kib	15935908
20086542 sequences (3689.65 Mbp) processed in 11.069s (108875.9 Kseq/m, 19999.15 Mbp/m).
  19142785 sequences classified (95.30%)
  943757 sequences unclassified (4.70%)
ak2-sample	batch	2	name	2-SRR5935798	mode	parallel	s3client	sdk	rank	2	role	home	inflight	1	threads	16	start_s	155.184841	wall_s	11.538777	setup_s	0.000057	classify_s	11.069416	close_s	0.299856	report_s	0.154720	status	0	sequences	20086542	bases	3689648337	classified	19142785	place	lpt	weight	20086542
14261195 sequences (2665.70 Mbp) processed in 7.811s (109545.3 Kseq/m, 20476.17 Mbp/m).
  13980324 sequences classified (98.03%)
  280871 sequences unclassified (1.97%)
ak2-sample	batch	2	name	2-SRR5935817	mode	parallel	s3client	sdk	rank	2	role	home	inflight	1	threads	16	start_s	166.723643	wall_s	8.200945	setup_s	0.000060	classify_s	7.811121	close_s	0.228571	report_s	0.153156	status	0	sequences	14261195	bases	2665696979	classified	13980324	place	lpt	weight	14261195
ak2-engine	mem	t_s	180.0	rss_kib	78949752	hwm_kib	79637256	heap_inuse	3385073664	sys	7439044968	avail_kib	15578728
12062510 sequences (2207.30 Mbp) processed in 6.719s (107712.8 Kseq/m, 19710.17 Mbp/m).
  10926608 sequences classified (90.58%)
  1135902 sequences unclassified (9.42%)
ak2-sample	batch	2	name	2-SRR5935820	mode	parallel	s3client	sdk	rank	2	role	home	inflight	1	threads	16	start_s	174.924615	wall_s	7.341675	setup_s	0.000070	classify_s	6.719266	close_s	0.287011	report_s	0.319374	status	0	sequences	12062510	bases	2207297835	classified	10926608	place	lpt	weight	12062510
10492437 sequences (1984.14 Mbp) processed in 6.326s (99517.0 Kseq/m, 18818.86 Mbp/m).
  9889429 sequences classified (94.25%)
  603008 sequences unclassified (5.75%)
ak2-sample	batch	2	name	2-SRR5935745	mode	parallel	s3client	sdk	rank	2	role	home	inflight	1	threads	16	start_s	182.266310	wall_s	6.727669	setup_s	0.000047	classify_s	6.326020	close_s	0.224230	report_s	0.166739	status	0	sequences	10492437	bases	1984140901	classified	9889429	place	lpt	weight	10492437
8326050 sequences (1540.09 Mbp) processed in 4.672s (106934.3 Kseq/m, 19779.92 Mbp/m).
  8094378 sequences classified (97.22%)
  231672 sequences unclassified (2.78%)
ak2-sample	batch	2	name	2-SRR5935828	mode	parallel	s3client	sdk	rank	2	role	home	inflight	1	threads	16	start_s	188.994000	wall_s	5.077864	setup_s	0.000060	classify_s	4.671684	close_s	0.258164	report_s	0.140760	status	0	sequences	8326050	bases	1540092338	classified	8094378	place	lpt	weight	8326050
ak2-engine	mem	t_s	195.0	rss_kib	78003884	hwm_kib	79637256	heap_inuse	4993351680	sys	7439053160	avail_kib	15756164
5072545 sequences (950.40 Mbp) processed in 2.964s (102678.7 Kseq/m, 19238.04 Mbp/m).
  4982177 sequences classified (98.22%)
  90368 sequences unclassified (1.78%)
ak2-sample	batch	2	name	2-SRR5935814	mode	parallel	s3client	sdk	rank	2	role	home	inflight	1	threads	16	start_s	194.071885	wall_s	3.304037	setup_s	0.000049	classify_s	2.964128	close_s	0.205749	report_s	0.129033	status	0	sequences	5072545	bases	950400325	classified	4982177	place	lpt	weight	5072545
ak2-timing	batch-barrier-2	197.375940	2.253263	1	0	0.185875	0.057847
ak2-timing	barrier	207.213634	0.009942	0	0	0.000046	0.000004
ak2-sample	batch	3	name	3-SRR5935740	mode	striped	s3client	sdk	rank	2	role	peer	inflight	1	threads	16	start_s	200.086416	wall_s	7.137215	setup_s	0.000809	classify_s	7.121673	close_s	0.000000	report_s	0.000000	status	0	sequences	0	bases	0	classified	0	place	-	weight	-
ak2-timing	batch-barrier-3	207.223640	0.534321	182	0	0.005577	0.000374
ak2-engine	mem	t_s	210.0	rss_kib	74207976	hwm_kib	79637256	heap_inuse	1145585664	sys	7439053160	avail_kib	20307340
ak2-timing	barrier	214.248465	0.010112	0	0	0.000042	0.000003
ak2-sample	batch	4	name	4-SRR5935740	mode	striped	s3client	sdk	rank	2	role	peer	inflight	1	threads	16	start_s	208.494444	wall_s	5.764182	setup_s	0.000045	classify_s	5.749693	close_s	0.000000	report_s	0.000000	status	0	sequences	0	bases	0	classified	0	place	-	weight	-
ak2-timing	batch-barrier-4	214.258635	0.540185	0	0	0.005581	0.000374
ak2-timing	barrier	221.353816	0.009188	0	0	0.000047	0.000003
ak2-sample	batch	5	name	5-SRR5935740	mode	striped	s3client	sdk	rank	2	role	peer	inflight	1	threads	16	start_s	215.594026	wall_s	5.769034	setup_s	0.000053	classify_s	5.754733	close_s	0.000000	report_s	0.000000	status	0	sequences	0	bases	0	classified	0	place	-	weight	-
ak2-timing	batch-barrier-5	221.363068	0.622170	222	0	0.005973	0.000401
ak2-engine	mem	t_s	225.0	rss_kib	76359992	hwm_kib	79637256	heap_inuse	3815735296	sys	7439315304	avail_kib	18526244
ak2-timing	batch-barrier-6	221.985266	7.127370	217	0	0.708290	0.069957
ak2-timing	batch-barrier-7	229.112659	7.178146	203	0	0.729551	0.043979
ak2-engine	mem	t_s	240.0	rss_kib	76361920	hwm_kib	79637256	heap_inuse	3817791488	sys	7439315304	avail_kib	18883992
ak2-timing	batch-barrier-8	236.290829	7.104183	301	0	0.652694	0.129182
ak2-engine	shard	0	n	16	lo	37159114742	hi	55738672114	tail	302	full	false	empty_at	18579557378	keys	8492407860	batches	89910	probe_s	184.964198	tail_probes	0	wrap_probes	0
ak2-engine	mem	t_s	243.4	rss_kib	76362032	hwm_kib	79637256	heap_inuse	3817938944	sys	7439315304	avail_kib	18894168
ak2-engine	rendezvous	puts	13	gets	442
ak2-engine	s3	client	sdk	put	32	get	442	create_multipart	19	upload_part	2345	complete_multipart	19	abort_multipart	0	part_bytes	19562523091
ak2-engine	s3	client	cli	put	0	get	0	create_multipart	0	upload_part	0	complete_multipart	0	abort_multipart	0	part_bytes	0
ak2-engine	load	seconds	28.368643	requests	1126	retries	0	bytes	74318296296
ak2-engine	route	transport	nodes	calls	5966	keys	8986478366	batches	95456	route_s	73.123122	wait_s	52.115871	gather_s	16.170755
ak2-engine	worker	scan_s	550.849734	lookup_s	141.413802	classify_s	493.062465
ak2-timing	total	0.000001	243.525577	12157807	1	1726.690456	116.050694
