spawn: shell options for --command: $-=ehB
spawn: errexit is ON. set -uo pipefail does NOT clear it; use set +e to opt out.
spawn: [2026-10-09T06:43:08Z] wrapper start
spawn: [2026-10-09T06:43:08Z] stage-in start
spawn: [2026-10-09T06:43:08Z] stage-in done rc=0
spawn: [2026-10-09T06:43:08Z] command start
ak2-stub: inherited $-=hBc
ak2-stub: imds region=us-west-2 expected=us-west-2 payload bucket aws-kraken2-942542972736-us-west-2 region=us-west-2
ak2-stub: payload verified (sha256 f99c23c4d439c85787ba884a1c5357c94010fa7dd20283867e4bf53c29df239e); exec
ak2: log tee up
ak2-phase	2026-10-09T06:43:08Z	1791528188	preamble	no
ak2: [2026-10-09T06:43:08Z] inherited $-=hBc (stub, as spawn started it: $-=hBc)
ak2: [2026-10-09T06:43:08Z] after set +e $-=hBc
ak2: [2026-10-09T06:43:08Z] gate=g3 run=20261009-064231-4c67532-2a5c-n64-r7
ak2: [2026-10-09T06:43:08Z] aws shim installed and self-tested (/tmp/ak2-bin/aws -> /usr/bin/aws)
ak2: [2026-10-09T06:43:08Z] imds region=us-west-2 az=us-west-2b instance=i-0b154d2427e93eb67 type=c8gn.4xlarge ami=ami-09325776a00699513
ak2: [2026-10-09T06:43:08Z] bucket aws-kraken2-942542972736-us-west-2 region=us-west-2
ak2: [2026-10-09T06:43:09Z] bucket aws-kraken2-942542972736-us-west-2 payer=UNKNOWN
ak2: [2026-10-09T06:43:09Z] WARN: could not read Payer of aws-kraken2-942542972736-us-west-2 from the instance (launch host verified it)
ak2: [2026-10-09T06:43:09Z] bucket kraken2-ncbi-refseq-complete-v205 region=us-west-2
ak2: [2026-10-09T06:43:09Z] bucket kraken2-ncbi-refseq-complete-v205 payer=BucketOwner
ak2: [2026-10-09T06:43:09Z] region assert passed
ak2: [2026-10-09T06:43:10Z] drop_caches_ok=true
ak2: [2026-10-09T06:43:10Z] preamble done; spec body starts
ak2-phase	2026-10-09T06:43:10Z	1791528190	body	no
ak2-phase	2026-10-09T06:43:10Z	1791528190	setup	no
go: downloading github.com/aws/aws-sdk-go-v2 v1.47.1
go: downloading github.com/aws/aws-sdk-go-v2/credentials v1.20.7
go: downloading github.com/aws/aws-sdk-go-v2/config v1.33.7
go: downloading github.com/aws/aws-sdk-go-v2/service/s3 v1.114.1
go: downloading github.com/klauspost/compress v1.20.0
go: downloading github.com/aws/smithy-go v1.28.1
go: downloading github.com/aws/aws-sdk-go-v2/feature/ec2/imds v1.20.1
go: downloading github.com/aws/aws-sdk-go-v2/service/signin v1.10.2
go: downloading github.com/aws/aws-sdk-go-v2/service/ssooidc v1.43.2
go: downloading github.com/aws/aws-sdk-go-v2/service/sso v1.38.2
go: downloading github.com/aws/aws-sdk-go-v2/service/sts v1.51.2
go: downloading github.com/aws/aws-sdk-go-v2/aws/protocol/eventstream v1.7.20
go: downloading github.com/aws/aws-sdk-go-v2/internal/configsources v1.5.4
go: downloading github.com/aws/aws-sdk-go-v2/internal/v4a v1.5.4
go: downloading github.com/aws/aws-sdk-go-v2/service/internal/accept-encoding v1.13.19
go: downloading github.com/aws/aws-sdk-go-v2/service/internal/checksum v1.11.5
go: downloading github.com/aws/aws-sdk-go-v2/service/internal/presigned-url v1.14.4
go: downloading github.com/aws/aws-sdk-go-v2/service/internal/s3shared v1.20.4
go: downloading github.com/aws/aws-sdk-go-v2/internal/endpoints/v2 v2.8.4
ak2: [2026-10-09T06:43:40Z] rank 7 of 64; hash.k2d etag=f80959f9556b50d76b3e744afdd3b22a-8860 size=1189091671800; stages 1 16 32 64 x 60s
ak2-phase	2026-10-09T06:43:40Z	1791528220	rendezvous	no
ak2: [2026-10-09T06:46:08Z] rendezvous: all 64 ready; stages start at 1791528368 (0 s from now)
ak2-phase	2026-10-09T06:46:08Z	1791528368	stage-n1	no
ak2: [2026-10-09T06:46:08Z] stage n1: rank 7 waits
ak2-phase	2026-10-09T06:46:08Z	1791528368	stage-n16	no
probe-cont {"kind":"progress","label":"n16-r7","unix_s":1791528453.088863,"elapsed_s":5.00010815,"bytes":24024973312,"gbps_cum":4.804890732613454,"gbps_interval":4.804890732613454,"requests":422,"retries":0,"complete":false}
probe-cont {"kind":"progress","label":"n16-r7","unix_s":1791528458.088838,"elapsed_s":10.000083476,"bytes":51673825280,"gbps_cum":5.167339393117682,"gbps_interval":5.529797682045601,"requests":834,"retries":0,"complete":false}
probe-cont {"kind":"progress","label":"n16-r7","unix_s":1791528463.0888488,"elapsed_s":15.000094067,"bytes":80127983616,"gbps_cum":5.3418320750588135,"gbps_interval":5.690819612905896,"requests":1258,"retries":0,"complete":false}
probe-cont {"kind":"progress","label":"n16-r7","unix_s":1791528468.088826,"elapsed_s":20.000071253,"bytes":108179488768,"gbps_cum":5.408955168185869,"gbps_interval":5.610326629198344,"requests":1676,"retries":0,"complete":false}
probe-cont {"kind":"progress","label":"n16-r7","unix_s":1791528473.0888429,"elapsed_s":25.000087976,"bytes":136499429376,"gbps_cum":5.459957961229536,"gbps_interval":5.6639691778886885,"requests":2098,"retries":0,"complete":false}
probe-cont {"kind":"progress","label":"n16-r7","unix_s":1791528478.0888412,"elapsed_s":30.000086517,"bytes":164416716800,"gbps_cum":5.480541421333261,"gbps_interval":5.58345911405337,"requests":2514,"retries":0,"complete":false}
probe-cont {"kind":"progress","label":"n16-r7","unix_s":1791528483.0888295,"elapsed_s":35.000074667,"bytes":192602439680,"gbps_cum":5.50291510839536,"gbps_interval":5.637157936064308,"requests":2934,"retries":0,"complete":false}
probe-cont {"kind":"progress","label":"n16-r7","unix_s":1791528488.0888274,"elapsed_s":40.000072752,"bytes":220989489152,"gbps_cum":5.524727180426204,"gbps_interval":5.677412068848823,"requests":3357,"retries":0,"complete":false}
probe-cont {"kind":"progress","label":"n16-r7","unix_s":1791528493.0888262,"elapsed_s":45.000071368,"bytes":249175212032,"gbps_cum":5.537218152262553,"gbps_interval":5.63714613636205,"requests":3777,"retries":0,"complete":false}
probe-cont {"kind":"progress","label":"n16-r7","unix_s":1791528498.0888236,"elapsed_s":50.000068869,"bytes":277226717184,"gbps_cum":5.544526706759805,"gbps_interval":5.610303834429856,"requests":4195,"retries":0,"complete":false}
probe-cont {"kind":"progress","label":"n16-r7","unix_s":1791528503.0888257,"elapsed_s":55.000070821,"bytes":306150637568,"gbps_cum":5.566368060949955,"gbps_interval":5.784781818421178,"requests":4626,"retries":0,"complete":false}
probe-cont {"kind":"progress","label":"n16-r7","unix_s":1791528508.0888247,"elapsed_s":60.000070185,"bytes":335208775680,"gbps_cum":5.586806392833222,"gbps_interval":5.811628361639127,"requests":5059,"retries":0,"complete":false}
probe-cont {"kind":"done","label":"n16-r7","unix_s":1791528508.0890894,"elapsed_s":60.000334493,"bytes":335208775680,"gbps_cum":5.586781782343355,"gbps_interval":0,"requests":5059,"retries":0,"complete":false,"workers":64,"chunk_mib":64,"object":"https://kraken2-ncbi-refseq-complete-v205.s3.us-west-2.amazonaws.com/Kraken2_RefSeqCompleteV205/hash.k2d","object_bytes":1189091671800,"stopped_by":"seconds"}
ak2-phase	2026-10-09T06:48:33Z	1791528513	stage-n32	no
probe-cont {"kind":"progress","label":"n32-r7","unix_s":1791528533.5539732,"elapsed_s":5.000119067,"bytes":27447525376,"gbps_cum":5.489374354532745,"gbps_interval":5.489374354532745,"requests":473,"retries":0,"complete":false}
probe-cont {"kind":"progress","label":"n32-r7","unix_s":1791528538.5539563,"elapsed_s":10.000102241,"bytes":56774098944,"gbps_cum":5.677351848586965,"gbps_interval":5.865334451623496,"requests":910,"retries":0,"complete":false}
probe-cont {"kind":"progress","label":"n32-r7","unix_s":1791528543.5539632,"elapsed_s":15.000109084,"bytes":87912611840,"gbps_cum":5.860798168046176,"gbps_interval":6.227694055977914,"requests":1374,"retries":0,"complete":false}
probe-cont {"kind":"progress","label":"n32-r7","unix_s":1791528548.553983,"elapsed_s":20.000128829,"bytes":117373403136,"gbps_cum":5.868632354298121,"gbps_interval":5.892134991158919,"requests":1813,"retries":0,"complete":false}
probe-cont {"kind":"progress","label":"n32-r7","unix_s":1791528553.5539544,"elapsed_s":25.000100016,"bytes":146565758976,"gbps_cum":5.8626069048603116,"gbps_interval":5.838504812967836,"requests":2248,"retries":0,"complete":false}
probe-cont {"kind":"progress","label":"n32-r7","unix_s":1791528558.5539541,"elapsed_s":30.000099963,"bytes":177704271872,"gbps_cum":5.923455991518957,"gbps_interval":6.227702645213648,"requests":2712,"retries":0,"complete":false}
probe-cont {"kind":"progress","label":"n32-r7","unix_s":1791528563.5539613,"elapsed_s":35.000107011,"bytes":207165063168,"gbps_cum":5.918983707760985,"gbps_interval":5.8921499536254265,"requests":3151,"retries":0,"complete":false}
probe-cont {"kind":"progress","label":"n32-r7","unix_s":1791528568.5539575,"elapsed_s":40.000103073,"bytes":237565378560,"gbps_cum":5.9391191599292705,"gbps_interval":6.080067867061452,"requests":3604,"retries":0,"complete":false}
probe-cont {"kind":"progress","label":"n32-r7","unix_s":1791528573.5539725,"elapsed_s":45.000118228,"bytes":267697258496,"gbps_cum":5.948812337329222,"gbps_interval":6.026357721309747,"requests":4053,"retries":0,"complete":false}
probe-cont {"kind":"progress","label":"n32-r7","unix_s":1791528578.553962,"elapsed_s":50.000107845,"bytes":297225158656,"gbps_cum":5.944490351448761,"gbps_interval":5.905592295552961,"requests":4493,"retries":0,"complete":false}
probe-cont {"kind":"progress","label":"n32-r7","unix_s":1791528583.5539682,"elapsed_s":55.000113971,"bytes":327625474048,"gbps_cum":5.956814457161809,"gbps_interval":6.080055629115844,"requests":4946,"retries":0,"complete":false}
probe-cont {"kind":"progress","label":"n32-r7","unix_s":1791528588.5539637,"elapsed_s":60.00010965,"bytes":357354700800,"gbps_cum":5.955900795591297,"gbps_interval":5.945850488803993,"requests":5389,"retries":0,"complete":false}
probe-cont {"kind":"done","label":"n32-r7","unix_s":1791528588.5547144,"elapsed_s":60.000860242,"bytes":357354700800,"gbps_cum":5.95582628913469,"gbps_interval":0,"requests":5389,"retries":0,"complete":false,"workers":64,"chunk_mib":64,"object":"https://kraken2-ncbi-refseq-complete-v205.s3.us-west-2.amazonaws.com/Kraken2_RefSeqCompleteV205/hash.k2d","object_bytes":1189091671800,"stopped_by":"seconds"}
ak2-phase	2026-10-09T06:49:53Z	1791528593	stage-n64	no
probe-cont {"kind":"progress","label":"n64-r7","unix_s":1791528613.0089667,"elapsed_s":5.000070819,"bytes":27850178560,"gbps_cum":5.569956820245589,"gbps_interval":5.569956820245589,"requests":479,"retries":0,"complete":false}
probe-cont {"kind":"progress","label":"n64-r7","unix_s":1791528618.0089843,"elapsed_s":10.000088524,"bytes":56908316672,"gbps_cum":5.690781290127706,"gbps_interval":5.811607043499459,"requests":912,"retries":0,"complete":false}
probe-cont {"kind":"progress","label":"n64-r7","unix_s":1791528623.0089679,"elapsed_s":15.00007195,"bytes":87711285248,"gbps_cum":5.847390968547987,"gbps_interval":6.160614136403739,"requests":1371,"retries":0,"complete":false}
probe-cont {"kind":"progress","label":"n64-r7","unix_s":1791528628.0089679,"elapsed_s":20.000072054,"bytes":117507620864,"gbps_cum":5.875359876040974,"gbps_interval":5.959266999247247,"requests":1815,"retries":0,"complete":false}
probe-cont {"kind":"progress","label":"n64-r7","unix_s":1791528633.0089686,"elapsed_s":25.00007277,"bytes":146699976704,"gbps_cum":5.867981987638031,"gbps_interval":5.838470331931048,"requests":2250,"retries":0,"complete":false}
probe-cont {"kind":"progress","label":"n64-r7","unix_s":1791528638.0089726,"elapsed_s":30.000076762,"bytes":178241142784,"gbps_cum":5.9413562237871185,"gbps_interval":6.308228179510622,"requests":2720,"retries":0,"complete":false}
probe-cont {"kind":"progress","label":"n64-r7","unix_s":1791528643.0089726,"elapsed_s":35.000076549,"bytes":207299280896,"gbps_cum":5.92282364313637,"gbps_interval":5.811627869975347,"requests":3153,"retries":0,"complete":false}
probe-cont {"kind":"progress","label":"n64-r7","unix_s":1791528648.0089707,"elapsed_s":40.000074845,"bytes":238504902656,"gbps_cum":5.962611409608726,"gbps_interval":6.241126478975904,"requests":3618,"retries":0,"complete":false}
probe-cont {"kind":"progress","label":"n64-r7","unix_s":1791528653.0089777,"elapsed_s":45.000081898,"bytes":267831476224,"gbps_cum":5.9517997507445335,"gbps_interval":5.865306439998736,"requests":4055,"retries":0,"complete":false}
probe-cont {"kind":"progress","label":"n64-r7","unix_s":1791528658.0089724,"elapsed_s":50.000076416,"bytes":297694920704,"gbps_cum":5.9538893146318825,"gbps_interval":5.972695444463286,"requests":4500,"retries":0,"complete":false}
probe-cont {"kind":"progress","label":"n64-r7","unix_s":1791528663.008977,"elapsed_s":55.000081111,"bytes":328632107008,"gbps_cum":5.975120406545613,"gbps_interval":6.187431450801867,"requests":4961,"retries":0,"complete":false}
probe-cont {"kind":"progress","label":"n64-r7","unix_s":1791528668.009016,"elapsed_s":60.000120184,"bytes":357958680576,"gbps_cum":5.965966059372253,"gbps_interval":5.86526887886982,"requests":5398,"retries":0,"complete":false}
probe-cont {"kind":"done","label":"n64-r7","unix_s":1791528668.0093741,"elapsed_s":60.000478429,"bytes":357958680576,"gbps_cum":5.965930438364439,"gbps_interval":0,"requests":5398,"retries":0,"complete":false,"workers":64,"chunk_mib":64,"object":"https://kraken2-ncbi-refseq-complete-v205.s3.us-west-2.amazonaws.com/Kraken2_RefSeqCompleteV205/hash.k2d","object_bytes":1189091671800,"stopped_by":"seconds"}
ak2-phase	2026-10-09T06:51:13Z	1791528673	push	no
ak2: [2026-10-09T06:51:13Z] pushed out/cont-7.jsonl
ak2: [2026-10-09T06:51:13Z] contention probe done FAIL=0
spawn: [2026-10-09T06:51:14Z] command exit rc=0
