ak2: log tee up
ak2-phase	2026-10-08T05:11:16Z	1791436276	preamble	no
ak2: [2026-10-08T05:11:16Z] inherited $-=hBc (stub, as spawn started it: $-=hBc)
ak2: [2026-10-08T05:11:16Z] after set +e $-=hBc
ak2: [2026-10-08T05:11:16Z] gate=g3 run=20261008-051043-9c4a5c7-f7bd-n16-r5
ak2: [2026-10-08T05:11:16Z] aws shim installed and self-tested (/tmp/ak2-bin/aws -> /usr/bin/aws)
ak2: [2026-10-08T05:11:16Z] imds region=us-west-2 az=us-west-2a instance=i-07b7394158d1d9e68 type=c8g.12xlarge ami=ami-09325776a00699513
ak2: [2026-10-08T05:11:16Z] bucket aws-kraken2-942542972736-us-west-2 region=us-west-2
ak2: [2026-10-08T05:11:17Z] bucket aws-kraken2-942542972736-us-west-2 payer=UNKNOWN
ak2: [2026-10-08T05:11:17Z] WARN: could not read Payer of aws-kraken2-942542972736-us-west-2 from the instance (launch host verified it)
ak2: [2026-10-08T05:11:17Z] bucket kraken2-ncbi-refseq-complete-v205 region=us-west-2
ak2: [2026-10-08T05:11:18Z] bucket kraken2-ncbi-refseq-complete-v205 payer=BucketOwner
ak2: [2026-10-08T05:11:18Z] region assert passed
ak2: [2026-10-08T05:11:18Z] drop_caches_ok=true
ak2: [2026-10-08T05:11:18Z] preamble done; spec body starts
ak2-phase	2026-10-08T05:11:18Z	1791436278	body	no
ak2: [2026-10-08T05:11:18Z] e3 cohort 20261008-051043-9c4a5c7-f7bd-n16 rank 5 of 16, commit 9c4a5c7; RODA kraken2-ncbi-refseq-complete-v205/Kraken2_RefSeqCompleteV205; samples aws-kraken2-942542972736-us-west-2/aws-kraken2/data/cohort; cohort 100
ak2-phase	2026-10-08T05:11:18Z	1791436278	setup	no
ak2: [2026-10-08T05:11:53Z] built 9c4a5c762db39c86a6d09e95a503f1b19d310b10; go version go1.27.1 linux/arm64; ip 172.31.24.57; nproc 48; mem_gib 92; threads 16, inflight 6
ak2-phase	2026-10-08T05:11:53Z	1791436313	manifest	no
ak2: [2026-10-08T05:11:54Z] staged s3://kraken2-ncbi-refseq-complete-v205/Kraken2_RefSeqCompleteV205/opts.k2d -> /home/ec2-user/ak2/db/roda/opts.k2d (56 bytes)
ak2: [2026-10-08T05:11:55Z] staged s3://kraken2-ncbi-refseq-complete-v205/Kraken2_RefSeqCompleteV205/taxo.k2d -> /home/ec2-user/ak2/db/roda/taxo.k2d (179150665 bytes)
ak2: [2026-10-08T05:11:55Z] RODA hash.k2d etag=f80959f9556b50d76b3e744afdd3b22a-8860 size=1189091671800
ak2: [2026-10-08T05:11:56Z] pushed out/rank5/c100.tsv
ak2: [2026-10-08T05:11:56Z] pushed out/rank5/placement.tsv
ak2: [2026-10-08T05:11:56Z] manifest c100: 306 lines in 9 batches; rank 5 reads 13 samples
ak2-phase	2026-10-08T05:11:56Z	1791436316	fetch	no
ak2: [2026-10-08T05:12:06Z] inputs staged and verified: 26 files, 12.40 GB
ak2: [2026-10-08T05:12:06Z] manifest c100: cohort: 306 samples in 9 batches check
ak2-phase	2026-10-08T05:12:06Z	1791436326	inv-c100	no
[c100] ak2-timing	taxo	0.003223	0.110951	87832	0	0.037436	0.076555
[c100] ak2-timing	shard-load-5	0.212241	27.224223	42473	0	35.218177	30.670638
Terminated
ak2: [2026-10-08T05:14:43Z] spec body exit rc=129 (SIGHUP)
ak2-phase	2026-10-08T05:14:43Z	1791436483	end	no
