ak2: log tee up
ak2-phase	2026-10-08T15:53:43Z	1791474823	preamble	no
ak2: [2026-10-08T15:53:43Z] inherited $-=hBc (stub, as spawn started it: $-=hBc)
ak2: [2026-10-08T15:53:43Z] after set +e $-=hBc
ak2: [2026-10-08T15:53:43Z] gate=g3 run=20261008-155257-b74c0f2-6d43-n16-r6
ak2: [2026-10-08T15:53:43Z] aws shim installed and self-tested (/tmp/ak2-bin/aws -> /usr/bin/aws)
ak2: [2026-10-08T15:53:43Z] imds region=us-west-2 az=us-west-2b instance=i-04c3de3840a0a08f6 type=c9g.12xlarge ami=ami-09325776a00699513
ak2: [2026-10-08T15:53:43Z] bucket aws-kraken2-942542972736-us-west-2 region=us-west-2
ak2: [2026-10-08T15:53:44Z] bucket aws-kraken2-942542972736-us-west-2 payer=UNKNOWN
ak2: [2026-10-08T15:53:44Z] WARN: could not read Payer of aws-kraken2-942542972736-us-west-2 from the instance (launch host verified it)
ak2: [2026-10-08T15:53:44Z] bucket kraken2-ncbi-refseq-complete-v205 region=us-west-2
ak2: [2026-10-08T15:53:44Z] bucket kraken2-ncbi-refseq-complete-v205 payer=BucketOwner
ak2: [2026-10-08T15:53:44Z] region assert passed
ak2: [2026-10-08T15:53:44Z] drop_caches_ok=true
ak2: [2026-10-08T15:53:45Z] preamble done; spec body starts
ak2-phase	2026-10-08T15:53:45Z	1791474825	body	no
ak2: [2026-10-08T15:53:45Z] e3 cohort 20261008-155257-b74c0f2-6d43-n16 rank 6 of 16, commit b74c0f2; RODA kraken2-ncbi-refseq-complete-v205/Kraken2_RefSeqCompleteV205; samples aws-kraken2-942542972736-us-west-2/aws-kraken2/data/cohort; cohort 100
ak2-phase	2026-10-08T15:53:45Z	1791474825	setup	no
ak2: [2026-10-08T15:54:18Z] built b74c0f27c23ad30f1ef9fa3b414ea3f2f68655cc; go version go1.27.1 linux/arm64; ip 172.31.51.35; nproc 48; mem_gib 92; threads 16, inflight 1
ak2-phase	2026-10-08T15:54:18Z	1791474858	manifest	no
ak2: [2026-10-08T15:54:18Z] staged s3://kraken2-ncbi-refseq-complete-v205/Kraken2_RefSeqCompleteV205/opts.k2d -> /home/ec2-user/ak2/db/roda/opts.k2d (56 bytes)
ak2: [2026-10-08T15:54:19Z] staged s3://kraken2-ncbi-refseq-complete-v205/Kraken2_RefSeqCompleteV205/taxo.k2d -> /home/ec2-user/ak2/db/roda/taxo.k2d (179150665 bytes)
ak2: [2026-10-08T15:54:20Z] RODA hash.k2d etag=f80959f9556b50d76b3e744afdd3b22a-8860 size=1189091671800
ak2: [2026-10-08T15:54:20Z] pushed out/rank6/c100.tsv
ak2: [2026-10-08T15:54:20Z] pushed out/rank6/placement.tsv
ak2: [2026-10-08T15:54:20Z] manifest c100: 306 lines in 9 batches; rank 6 reads 12 samples
ak2-phase	2026-10-08T15:54:20Z	1791474860	fetch	no
ak2: [2026-10-08T15:54:29Z] inputs staged and verified: 24 files, 13.30 GB
ak2: [2026-10-08T15:54:29Z] manifest c100: cohort: 306 samples in 9 batches check
ak2-phase	2026-10-08T15:54:29Z	1791474869	inv-c100	no
[c100] ak2-timing	taxo	0.002533	0.090614	87857	0	0.026668	0.077739
[c100] ak2-engine	mem	t_s	15.0	rss_kib	44854680	hwm_kib	44854688	heap_inuse	404922368	sys	439400808	avail_kib	49820016
[c100] ak2-timing	shard-load-6	0.161058	25.204682	42228	0	27.146671	19.329002
[c100] ak2-engine	mem	t_s	30.0	rss_kib	72977592	hwm_kib	72977596	heap_inuse	409436160	sys	440187240	avail_kib	21862356
[c100] ak2-engine	mem	t_s	45.0	rss_kib	72982380	hwm_kib	72982384	heap_inuse	414892032	sys	444381544	avail_kib	22193584
[c100] ak2-timing	rendezvous	25.790649	19.420629	4245	0	0.145910	0.000000
[c100] ak2-timing	connect	45.211289	0.013609	293	0	0.009281	0.004559
[c100] ak2-timing	hash	0.093241	45.131673	48573	0	27.313202	19.334081
[c100] ak2-sample	batch	0	name	0-SRR5935762	mode	parallel	s3client	sdk	rank	6	role	home	inflight	1	threads	16	start_s	45.224941	wall_s	8.821539	setup_s	0.000045	classify_s	8.461775	close_s	0.224472	report_s	0.128949	status	0	sequences	18129553	bases	3409028279	classified	17831449	place	lpt	weight	18129553
[c100] ak2-engine	mem	t_s	60.0	rss_kib	79113996	hwm_kib	79282324	heap_inuse	5508284416	sys	6938398952	avail_kib	15475040
[c100] ak2-sample	batch	0	name	0-SRR5935838	mode	parallel	s3client	sdk	rank	6	role	home	inflight	1	threads	16	start_s	54.046493	wall_s	7.247348	setup_s	0.000046	classify_s	6.828136	close_s	0.295813	report_s	0.117960	status	0	sequences	14615323	bases	2691062094	classified	14358414	place	lpt	weight	14615323
[c100] ak2-sample	batch	0	name	0-SRR5935834	mode	parallel	s3client	sdk	rank	6	role	home	inflight	1	threads	16	start_s	61.293855	wall_s	6.242130	setup_s	0.000039	classify_s	5.840526	close_s	0.268436	report_s	0.126260	status	0	sequences	12610038	bases	2321592529	classified	12099380	place	lpt	weight	12610038
[c100] ak2-sample	batch	0	name	0-SRR5935780	mode	parallel	s3client	sdk	rank	6	role	home	inflight	1	threads	16	start_s	67.535998	wall_s	5.398436	setup_s	0.000043	classify_s	4.976391	close_s	0.231381	report_s	0.185709	status	0	sequences	10716528	bases	1994960359	classified	10376259	place	lpt	weight	10716528
[c100] ak2-engine	mem	t_s	75.0	rss_kib	78399492	hwm_kib	79282324	heap_inuse	5219811328	sys	6938947816	avail_kib	15398856
[c100] ak2-sample	batch	0	name	0-SRR5935790	mode	parallel	s3client	sdk	rank	6	role	home	inflight	1	threads	16	start_s	72.934448	wall_s	4.690820	setup_s	0.000039	classify_s	4.282947	close_s	0.270765	report_s	0.130947	status	0	sequences	9202475	bases	1711991411	classified	8810259	place	lpt	weight	9202475
[c100] ak2-sample	batch	0	name	0-SRR5935776	mode	parallel	s3client	sdk	rank	6	role	home	inflight	1	threads	16	start_s	77.625281	wall_s	2.017101	setup_s	0.000035	classify_s	1.643931	close_s	0.231649	report_s	0.138815	status	0	sequences	3168882	bases	592648009	classified	3127330	place	lpt	weight	3168882
[c100] ak2-timing	batch-barrier-0	79.642396	2.449295	0	0	0.578745	0.086712
[c100] ak2-sample	batch	1	name	1-SRR5935746	mode	parallel	s3client	sdk	rank	6	role	home	inflight	1	threads	16	start_s	82.091714	wall_s	5.523771	setup_s	0.000037	classify_s	5.045009	close_s	0.316632	report_s	0.156567	status	0	sequences	11012615	bases	2057953866	classified	10686469	place	mod	weight	11012615
[c100] ak2-engine	mem	t_s	90.0	rss_kib	78563084	hwm_kib	79282324	heap_inuse	5578006528	sys	6938972392	avail_kib	15629076
[c100] ak2-sample	batch	1	name	1-SRR5935762	mode	parallel	s3client	sdk	rank	6	role	home	inflight	1	threads	16	start_s	87.615497	wall_s	8.932207	setup_s	0.000039	classify_s	8.440649	close_s	0.314579	report_s	0.170898	status	0	sequences	18129553	bases	3409028279	classified	17831449	place	mod	weight	18129553
[c100] ak2-sample	batch	1	name	1-SRR5935778	mode	parallel	s3client	sdk	rank	6	role	home	inflight	1	threads	16	start_s	96.547719	wall_s	5.775770	setup_s	0.000050	classify_s	5.215033	close_s	0.265987	report_s	0.286269	status	0	sequences	10554303	bases	1946564732	classified	10062971	place	mod	weight	10554303
[c100] ak2-engine	mem	t_s	105.0	rss_kib	78513052	hwm_kib	79282324	heap_inuse	5526183936	sys	6938988776	avail_kib	15367740
[c100] ak2-sample	batch	1	name	1-SRR5935794	mode	parallel	s3client	sdk	rank	6	role	home	inflight	1	threads	16	start_s	102.323505	wall_s	6.497821	setup_s	0.000042	classify_s	6.107612	close_s	0.243182	report_s	0.142354	status	0	sequences	13404063	bases	2484447317	classified	13071600	place	mod	weight	13404063
[c100] ak2-sample	batch	1	name	1-SRR5935810	mode	parallel	s3client	sdk	rank	6	role	home	inflight	1	threads	16	start_s	108.821342	wall_s	7.369862	setup_s	0.000048	classify_s	6.986528	close_s	0.240461	report_s	0.130111	status	0	sequences	15280552	bases	2858109884	classified	13785544	place	mod	weight	15280552
[c100] ak2-engine	mem	t_s	120.0	rss_kib	78949940	hwm_kib	79282324	heap_inuse	4606533632	sys	6938996968	avail_kib	15572732
[c100] ak2-sample	batch	1	name	1-SRR5935826	mode	parallel	s3client	sdk	rank	6	role	home	inflight	1	threads	16	start_s	116.191218	wall_s	4.403480	setup_s	0.000046	classify_s	4.038867	close_s	0.246693	report_s	0.114254	status	0	sequences	8766123	bases	1609927653	classified	8639469	place	mod	weight	8766123
[c100] ak2-timing	batch-barrier-1	120.594710	8.256626	1	0	0.962393	0.152166
[c100] ak2-engine	mem	t_s	135.0	rss_kib	78825956	hwm_kib	79282324	heap_inuse	4777000960	sys	6938996968	avail_kib	15478932
[c100] ak2-sample	batch	2	name	2-SRR5935762	mode	parallel	s3client	sdk	rank	6	role	home	inflight	1	threads	16	start_s	128.851370	wall_s	8.858463	setup_s	0.000032	classify_s	8.446181	close_s	0.261838	report_s	0.144396	status	0	sequences	18129553	bases	3409028279	classified	17831449	place	lpt	weight	18129553
[c100] ak2-sample	batch	2	name	2-SRR5935838	mode	parallel	s3client	sdk	rank	6	role	home	inflight	1	threads	16	start_s	137.709847	wall_s	7.224514	setup_s	0.000047	classify_s	6.845107	close_s	0.216929	report_s	0.157103	status	0	sequences	14615323	bases	2691062094	classified	14358414	place	lpt	weight	14615323
[c100] ak2-engine	mem	t_s	150.0	rss_kib	79096220	hwm_kib	79282324	heap_inuse	5784444928	sys	6939046120	avail_kib	15455784
[c100] ak2-sample	batch	2	name	2-SRR5935834	mode	parallel	s3client	sdk	rank	6	role	home	inflight	1	threads	16	start_s	144.934375	wall_s	6.214925	setup_s	0.000039	classify_s	5.836488	close_s	0.229936	report_s	0.141762	status	0	sequences	12610038	bases	2321592529	classified	12099380	place	lpt	weight	12610038
[c100] ak2-sample	batch	2	name	2-SRR5935780	mode	parallel	s3client	sdk	rank	6	role	home	inflight	1	threads	16	start_s	151.149316	wall_s	5.406010	setup_s	0.000040	classify_s	4.965974	close_s	0.318942	report_s	0.116055	status	0	sequences	10716528	bases	1994960359	classified	10376259	place	lpt	weight	10716528
[c100] ak2-sample	batch	2	name	2-SRR5935790	mode	parallel	s3client	sdk	rank	6	role	home	inflight	1	threads	16	start_s	156.555338	wall_s	4.642296	setup_s	0.000041	classify_s	4.279980	close_s	0.225029	report_s	0.130811	status	0	sequences	9202475	bases	1711991411	classified	8810259	place	lpt	weight	9202475
[c100] ak2-sample	batch	2	name	2-SRR5935776	mode	parallel	s3client	sdk	rank	6	role	home	inflight	1	threads	16	start_s	161.197648	wall_s	1.998208	setup_s	0.000039	classify_s	1.642916	close_s	0.245207	report_s	0.107321	status	0	sequences	3168882	bases	592648009	classified	3127330	place	lpt	weight	3168882
[c100] ak2-engine	mem	t_s	165.0	rss_kib	78814364	hwm_kib	79339868	heap_inuse	5695619072	sys	7061115144	avail_kib	15511464
[c100] ak2-timing	batch-barrier-2	163.195867	2.527905	3	0	0.786266	0.090522
[c100] ak2-timing	barrier	171.011320	1.055804	0	0	0.035847	0.000385
[c100] ak2-sample	batch	3	name	3-SRR5935740	mode	striped	s3client	sdk	rank	6	role	peer	inflight	1	threads	16	start_s	166.394270	wall_s	5.672884	setup_s	0.000030	classify_s	4.613961	close_s	0.000000	report_s	0.000000	status	0	sequences	0	bases	0	classified	0	place	-	weight	-
[c100] ak2-timing	batch-barrier-3	172.067160	0.567210	1	0	0.003925	0.000000
[c100] ak2-timing	barrier	178.025077	0.229533	0	0	0.013259	0.000000
[c100] ak2-sample	batch	4	name	4-SRR5935740	mode	striped	s3client	sdk	rank	6	role	peer	inflight	1	threads	16	start_s	173.429697	wall_s	4.824951	setup_s	0.000032	classify_s	4.592236	close_s	0.000000	report_s	0.000000	status	0	sequences	0	bases	0	classified	0	place	-	weight	-
[c100] ak2-timing	batch-barrier-4	178.254655	0.508780	16	0	0.000000	0.003920
[c100] ak2-engine	mem	t_s	180.0	rss_kib	76975496	hwm_kib	79339868	heap_inuse	4488552448	sys	7061377288	avail_kib	17751164
[c100] ak2-timing	barrier	184.144626	0.141736	0	0	0.012465	0.000162
[c100] ak2-sample	batch	5	name	5-SRR5935740	mode	striped	s3client	sdk	rank	6	role	peer	inflight	1	threads	16	start_s	179.529462	wall_s	4.756954	setup_s	0.000030	classify_s	4.612094	close_s	0.000000	report_s	0.000000	status	0	sequences	0	bases	0	classified	0	place	-	weight	-
[c100] ak2-timing	batch-barrier-5	184.286424	0.507179	5	0	0.000000	0.003618
[c100] ak2-timing	batch-barrier-6	184.793611	6.072296	0	0	0.521686	0.107930
[c100] ak2-engine	mem	t_s	195.0	rss_kib	76305556	hwm_kib	79339868	heap_inuse	3554967552	sys	7061377288	avail_kib	18795380
[c100] ak2-timing	batch-barrier-7	190.865921	5.156774	4	0	0.566121	0.053099
[c100] ak2-timing	batch-barrier-8	196.022711	6.150335	1	0	0.529219	0.082051
[c100] ak2-engine	shard	0	n	16	lo	111477344228	hi	130056901599	tail	302	full	false	empty_at	18579557370	keys	8468165301	batches	89910	probe_s	162.751233	tail_probes	0	wrap_probes	0
[c100] ak2-engine	mem	t_s	202.2	rss_kib	76305560	hwm_kib	79339868	heap_inuse	3556139008	sys	7061377288	avail_kib	18904544
[c100] ak2-engine	rendezvous	puts	13	gets	482
[c100] ak2-engine	s3	client	sdk	put	31	get	482	create_multipart	18	upload_part	2218	complete_multipart	18	abort_multipart	0	part_bytes	18519412405
[c100] ak2-engine	s3	client	cli	put	0	get	0	create_multipart	0	upload_part	0	complete_multipart	0	abort_multipart	0	part_bytes	0
[c100] ak2-engine	load	seconds	25.204679	requests	1126	retries	0	bytes	74318296292
[c100] ak2-engine	route	transport	nodes	calls	5695	keys	8622128948	batches	91120	route_s	58.382640	wait_s	43.997927	gather_s	12.669659
[c100] ak2-engine	worker	scan_s	435.259611	lookup_s	115.052120	classify_s	373.448814
[c100] ak2-timing	total	0.000000	202.277306	11707372	0	1362.073926	90.636227
ak2: [2026-10-08T15:57:52Z] inv c100 rank 6 exit 0
[c100 stderr] Loading database information...ak2-timing	opts	0.002515	0.000013	0	0	0.000013	0.000000
[c100 stderr]  done.
ak2: [2026-10-08T15:57:53Z] pushed out/rank6/eng-c100.stderr
ak2: [2026-10-08T15:57:53Z] rank 6 done (rc=0)
ak2: [2026-10-08T15:57:53Z] spec body exit rc=0
ak2-phase	2026-10-08T15:57:53Z	1791475073	end	no
