ak2: log tee up
ak2-phase	2026-10-09T06:42:58Z	1791528178	preamble	no
ak2: [2026-10-09T06:42:58Z] inherited $-=hBc (stub, as spawn started it: $-=hBc)
ak2: [2026-10-09T06:42:58Z] after set +e $-=hBc
ak2: [2026-10-09T06:42:58Z] gate=g3 run=20261009-064231-4c67532-2a5c-n64-r0
ak2: [2026-10-09T06:42:58Z] aws shim installed and self-tested (/tmp/ak2-bin/aws -> /usr/bin/aws)
ak2: [2026-10-09T06:42:58Z] imds region=us-west-2 az=us-west-2b instance=i-07881fcea00a05b47 type=c8gn.4xlarge ami=ami-09325776a00699513
ak2: [2026-10-09T06:42:58Z] bucket aws-kraken2-942542972736-us-west-2 region=us-west-2
ak2: [2026-10-09T06:42:58Z] bucket aws-kraken2-942542972736-us-west-2 payer=UNKNOWN
ak2: [2026-10-09T06:42:58Z] WARN: could not read Payer of aws-kraken2-942542972736-us-west-2 from the instance (launch host verified it)
ak2: [2026-10-09T06:42:58Z] bucket kraken2-ncbi-refseq-complete-v205 region=us-west-2
ak2: [2026-10-09T06:42:59Z] bucket kraken2-ncbi-refseq-complete-v205 payer=BucketOwner
ak2: [2026-10-09T06:42:59Z] region assert passed
ak2: [2026-10-09T06:42:59Z] drop_caches_ok=true
ak2: [2026-10-09T06:43:00Z] preamble done; spec body starts
ak2-phase	2026-10-09T06:43:00Z	1791528180	body	no
ak2-phase	2026-10-09T06:43:00Z	1791528180	setup	no
go: downloading github.com/aws/aws-sdk-go-v2 v1.47.1
go: downloading github.com/aws/aws-sdk-go-v2/config v1.33.7
go: downloading github.com/aws/aws-sdk-go-v2/credentials v1.20.7
go: downloading github.com/aws/aws-sdk-go-v2/service/s3 v1.114.1
go: downloading github.com/klauspost/compress v1.20.0
go: downloading github.com/aws/smithy-go v1.28.1
go: downloading github.com/aws/aws-sdk-go-v2/feature/ec2/imds v1.20.1
go: downloading github.com/aws/aws-sdk-go-v2/service/signin v1.10.2
go: downloading github.com/aws/aws-sdk-go-v2/service/sso v1.38.2
go: downloading github.com/aws/aws-sdk-go-v2/service/sts v1.51.2
go: downloading github.com/aws/aws-sdk-go-v2/service/ssooidc v1.43.2
go: downloading github.com/aws/aws-sdk-go-v2/aws/protocol/eventstream v1.7.20
go: downloading github.com/aws/aws-sdk-go-v2/internal/configsources v1.5.4
go: downloading github.com/aws/aws-sdk-go-v2/internal/v4a v1.5.4
go: downloading github.com/aws/aws-sdk-go-v2/service/internal/accept-encoding v1.13.19
go: downloading github.com/aws/aws-sdk-go-v2/service/internal/checksum v1.11.5
go: downloading github.com/aws/aws-sdk-go-v2/service/internal/presigned-url v1.14.4
go: downloading github.com/aws/aws-sdk-go-v2/service/internal/s3shared v1.20.4
go: downloading github.com/aws/aws-sdk-go-v2/internal/endpoints/v2 v2.8.4
ak2: [2026-10-09T06:43:31Z] rank 0 of 64; hash.k2d etag=f80959f9556b50d76b3e744afdd3b22a-8860 size=1189091671800; stages 1 16 32 64 x 60s
ak2-phase	2026-10-09T06:43:31Z	1791528211	rendezvous	no
ak2: [2026-10-09T06:46:08Z] rendezvous: all 64 ready; stages start at 1791528368 (0 s from now)
ak2-phase	2026-10-09T06:46:08Z	1791528368	stage-n1	no
probe-cont {"kind":"progress","label":"n1-r0","unix_s":1791528373.4713213,"elapsed_s":5.000081835,"bytes":21676163072,"gbps_cum":4.335161660809098,"gbps_interval":4.335161660809098,"requests":387,"retries":0,"complete":false}
probe-cont {"kind":"progress","label":"n1-r0","unix_s":1791528378.4713368,"elapsed_s":10.000097493,"bytes":45030047744,"gbps_cum":4.502960873683554,"gbps_interval":4.670762307440759,"requests":735,"retries":0,"complete":false}
probe-cont {"kind":"progress","label":"n1-r0","unix_s":1791528383.4713347,"elapsed_s":15.000095131,"bytes":69390565376,"gbps_cum":4.626008353279956,"gbps_interval":4.872105827982793,"requests":1098,"retries":0,"complete":false}
probe-cont {"kind":"progress","label":"n1-r0","unix_s":1791528388.471325,"elapsed_s":20.0000856,"bytes":92207579136,"gbps_cum":4.61035922446252,"gbps_interval":4.5634114507749075,"requests":1438,"retries":0,"complete":false}
probe-cont {"kind":"progress","label":"n1-r0","unix_s":1791528393.4713233,"elapsed_s":25.000083822,"bytes":116635205632,"gbps_cum":4.665392582778517,"gbps_interval":4.885527036493414,"requests":1802,"retries":0,"complete":false}
probe-cont {"kind":"progress","label":"n1-r0","unix_s":1791528398.4713333,"elapsed_s":30.000093979,"bytes":140391743488,"gbps_cum":4.679710123117411,"gbps_interval":4.751297919413406,"requests":2156,"retries":0,"complete":false}
probe-cont {"kind":"progress","label":"n1-r0","unix_s":1791528403.4713724,"elapsed_s":35.000132872,"bytes":164215390208,"gbps_cum":4.691850479784087,"gbps_interval":4.764692281364621,"requests":2511,"retries":0,"complete":false}
probe-cont {"kind":"progress","label":"n1-r0","unix_s":1791528408.4713416,"elapsed_s":40.000102071,"bytes":187971928064,"gbps_cum":4.699286210078931,"gbps_interval":4.751336840385204,"requests":2865,"retries":0,"complete":false}
probe-cont {"kind":"progress","label":"n1-r0","unix_s":1791528413.4713218,"elapsed_s":45.000082352,"bytes":211527139328,"gbps_cum":4.7005944938809385,"gbps_interval":4.711060832281711,"requests":3216,"retries":0,"complete":false}
probe-cont {"kind":"progress","label":"n1-r0","unix_s":1791528418.4713428,"elapsed_s":50.000103304,"bytes":234008608768,"gbps_cum":4.68016250576985,"gbps_interval":4.4962750468090436,"requests":3551,"retries":0,"complete":false}
probe-cont {"kind":"progress","label":"n1-r0","unix_s":1791528423.471327,"elapsed_s":55.000087683,"bytes":256624295936,"gbps_cum":4.6658888512157795,"gbps_interval":4.523151564830119,"requests":3888,"retries":0,"complete":false}
probe-cont {"kind":"progress","label":"n1-r0","unix_s":1791528428.4713528,"elapsed_s":60.0001134,"bytes":279776854016,"gbps_cum":4.6629387539790885,"gbps_interval":4.630487799549052,"requests":4233,"retries":0,"complete":false}
probe-cont {"kind":"done","label":"n1-r0","unix_s":1791528428.4715767,"elapsed_s":60.000337182,"bytes":279776854016,"gbps_cum":4.662921362714151,"gbps_interval":0,"requests":4233,"retries":0,"complete":false,"workers":64,"chunk_mib":64,"object":"https://kraken2-ncbi-refseq-complete-v205.s3.us-west-2.amazonaws.com/Kraken2_RefSeqCompleteV205/hash.k2d","object_bytes":1189091671800,"stopped_by":"seconds"}
ak2-phase	2026-10-09T06:47:13Z	1791528433	stage-n16	no
probe-cont {"kind":"progress","label":"n16-r0","unix_s":1791528453.9808888,"elapsed_s":5.000093858,"bytes":28521267200,"gbps_cum":5.704146364046113,"gbps_interval":5.704146364046113,"requests":489,"retries":0,"complete":false}
probe-cont {"kind":"progress","label":"n16-r0","unix_s":1791528458.9808946,"elapsed_s":10.000099637,"bytes":56706990080,"gbps_cum":5.670642507419249,"gbps_interval":5.637138060595829,"requests":909,"retries":0,"complete":false}
probe-cont {"kind":"progress","label":"n16-r0","unix_s":1791528463.9808831,"elapsed_s":15.000088464,"bytes":84758495232,"gbps_cum":5.650533024216436,"gbps_interval":5.610313567206697,"requests":1327,"retries":0,"complete":false}
probe-cont {"kind":"progress","label":"n16-r0","unix_s":1791528468.9808903,"elapsed_s":20.000095391,"bytes":113481089024,"gbps_cum":5.674027388642669,"gbps_interval":5.744510799954738,"requests":1755,"retries":0,"complete":false}
probe-cont {"kind":"progress","label":"n16-r0","unix_s":1791528473.9808955,"elapsed_s":25.000100664,"bytes":141666811904,"gbps_cum":5.666649659055148,"gbps_interval":5.6371386310736,"requests":2175,"retries":0,"complete":false}
probe-cont {"kind":"progress","label":"n16-r0","unix_s":1791528478.9808946,"elapsed_s":30.000099728,"bytes":169584099328,"gbps_cum":5.652784519570181,"gbps_interval":5.583458530023437,"requests":2591,"retries":0,"complete":false}
probe-cont {"kind":"progress","label":"n16-r0","unix_s":1791528483.9808953,"elapsed_s":35.000100334,"bytes":197165842432,"gbps_cum":5.633293634889041,"gbps_interval":5.516347952218628,"requests":3002,"retries":0,"complete":false}
probe-cont {"kind":"progress","label":"n16-r0","unix_s":1791528488.9808857,"elapsed_s":40.000090928,"bytes":226022653952,"gbps_cum":5.650553503961775,"gbps_interval":5.771373161107191,"requests":3432,"retries":0,"complete":false}
probe-cont {"kind":"progress","label":"n16-r0","unix_s":1791528493.9809346,"elapsed_s":45.000139776,"bytes":254476812288,"gbps_cum":5.655022707812134,"gbps_interval":5.690776070594101,"requests":3856,"retries":0,"complete":false}
probe-cont {"kind":"progress","label":"n16-r0","unix_s":1791528498.9808893,"elapsed_s":50.000094399,"bytes":282729644032,"gbps_cum":5.654582204901889,"gbps_interval":5.650617630415243,"requests":4277,"retries":0,"complete":false}
probe-cont {"kind":"progress","label":"n16-r0","unix_s":1791528503.9808886,"elapsed_s":55.000093768,"bytes":311452237824,"gbps_cum":5.662758306154166,"gbps_interval":5.744519483358358,"requests":4705,"retries":0,"complete":false}
probe-cont {"kind":"progress","label":"n16-r0","unix_s":1791528508.9809127,"elapsed_s":60.000117901,"bytes":340107722752,"gbps_cum":5.668450907266159,"gbps_interval":5.7310693240208,"requests":5132,"retries":0,"complete":false}
probe-cont {"kind":"done","label":"n16-r0","unix_s":1791528508.9811056,"elapsed_s":60.000310767,"bytes":340107722752,"gbps_cum":5.668432686502989,"gbps_interval":0,"requests":5132,"retries":0,"complete":false,"workers":64,"chunk_mib":64,"object":"https://kraken2-ncbi-refseq-complete-v205.s3.us-west-2.amazonaws.com/Kraken2_RefSeqCompleteV205/hash.k2d","object_bytes":1189091671800,"stopped_by":"seconds"}
ak2-phase	2026-10-09T06:48:34Z	1791528514	stage-n32	no
probe-cont {"kind":"progress","label":"n32-r0","unix_s":1791528533.4609249,"elapsed_s":5.000162638,"bytes":27984396288,"gbps_cum":5.596697210471817,"gbps_interval":5.596697210471817,"requests":481,"retries":0,"complete":false}
probe-cont {"kind":"progress","label":"n32-r0","unix_s":1791528538.460988,"elapsed_s":10.000225931,"bytes":57109643264,"gbps_cum":5.710835300926963,"gbps_interval":5.82497565916312,"requests":915,"retries":0,"complete":false}
probe-cont {"kind":"progress","label":"n32-r0","unix_s":1791528543.4609377,"elapsed_s":15.000175372,"bytes":88113938432,"gbps_cum":5.874193884191343,"gbps_interval":6.200921736080411,"requests":1377,"retries":0,"complete":false}
probe-cont {"kind":"progress","label":"n32-r0","unix_s":1791528548.4609284,"elapsed_s":20.000166182,"bytes":117373403136,"gbps_cum":5.8686213938379765,"gbps_interval":5.851903696598995,"requests":1813,"retries":0,"complete":false}
probe-cont {"kind":"progress","label":"n32-r0","unix_s":1791528553.4609416,"elapsed_s":25.000179455,"bytes":147303956480,"gbps_cum":5.892115964413184,"gbps_interval":5.986094778112801,"requests":2259,"retries":0,"complete":false}
probe-cont {"kind":"progress","label":"n32-r0","unix_s":1791528558.4609632,"elapsed_s":30.00020113,"bytes":177972707328,"gbps_cum":5.9323838049215105,"gbps_interval":6.133723579908281,"requests":2716,"retries":0,"complete":false}
probe-cont {"kind":"progress","label":"n32-r0","unix_s":1791528563.4621713,"elapsed_s":35.001409254,"bytes":207433498624,"gbps_cum":5.9264327649977195,"gbps_interval":5.890734911555143,"requests":3155,"retries":0,"complete":false}
probe-cont {"kind":"progress","label":"n32-r0","unix_s":1791528568.4609277,"elapsed_s":40.000165605,"bytes":238169358336,"gbps_cum":5.954209307229192,"gbps_interval":6.148701307646511,"requests":3613,"retries":0,"complete":false}
probe-cont {"kind":"progress","label":"n32-r0","unix_s":1791528573.460955,"elapsed_s":45.000192767,"bytes":267831476224,"gbps_cum":5.951785087027647,"gbps_interval":5.932391350477228,"requests":4055,"retries":0,"complete":false}
probe-cont {"kind":"progress","label":"n32-r0","unix_s":1791528578.4609241,"elapsed_s":50.000162033,"bytes":298433118208,"gbps_cum":5.9686430218173046,"gbps_interval":6.1203660174658365,"requests":4511,"retries":0,"complete":false}
probe-cont {"kind":"progress","label":"n32-r0","unix_s":1791528583.4610326,"elapsed_s":55.000270489,"bytes":328497889280,"gbps_cum":5.972659522569061,"gbps_interval":6.012823789036627,"requests":4959,"retries":0,"complete":false}
probe-cont {"kind":"progress","label":"n32-r0","unix_s":1791528588.461014,"elapsed_s":60.000251756,"bytes":357488918528,"gbps_cum":5.958123642243739,"gbps_interval":5.7982275732394255,"requests":5391,"retries":0,"complete":false}
probe-cont {"kind":"done","label":"n32-r0","unix_s":1791528588.461235,"elapsed_s":60.000472823,"bytes":357488918528,"gbps_cum":5.9581016900080765,"gbps_interval":0,"requests":5391,"retries":0,"complete":false,"workers":64,"chunk_mib":64,"object":"https://kraken2-ncbi-refseq-complete-v205.s3.us-west-2.amazonaws.com/Kraken2_RefSeqCompleteV205/hash.k2d","object_bytes":1189091671800,"stopped_by":"seconds"}
ak2-phase	2026-10-09T06:49:53Z	1791528593	stage-n64	no
probe-cont {"kind":"progress","label":"n64-r0","unix_s":1791528613.9688432,"elapsed_s":5.000070958,"bytes":27850178560,"gbps_cum":5.569956665402987,"gbps_interval":5.569956665402987,"requests":479,"retries":0,"complete":false}
probe-cont {"kind":"progress","label":"n64-r0","unix_s":1791528618.9689524,"elapsed_s":10.000179819,"bytes":57109643264,"gbps_cum":5.71086163425718,"gbps_interval":5.8517655349904185,"requests":915,"retries":0,"complete":false}
probe-cont {"kind":"progress","label":"n64-r0","unix_s":1791528623.9688475,"elapsed_s":15.00007533,"bytes":88583700480,"gbps_cum":5.90555037432602,"gbps_interval":6.294942993659693,"requests":1384,"retries":0,"complete":false}
probe-cont {"kind":"progress","label":"n64-r0","unix_s":1791528628.968852,"elapsed_s":20.000079463,"bytes":118111600640,"gbps_cum":5.905556568337921,"gbps_interval":5.905575150451581,"requests":1824,"retries":0,"complete":false}
probe-cont {"kind":"progress","label":"n64-r0","unix_s":1791528633.9688475,"elapsed_s":25.000075092,"bytes":147236847616,"gbps_cum":5.889456214598158,"gbps_interval":5.8250544874626335,"requests":2258,"retries":0,"complete":false}
probe-cont {"kind":"progress","label":"n64-r0","unix_s":1791528638.9688454,"elapsed_s":30.000072868,"bytes":178979340288,"gbps_cum":5.9659635186723445,"gbps_interval":6.348501358213404,"requests":2731,"retries":0,"complete":false}
probe-cont {"kind":"progress","label":"n64-r0","unix_s":1791528643.9688947,"elapsed_s":35.00012239,"bytes":208574349312,"gbps_cum":5.9592462845670635,"gbps_interval":5.918943181219156,"requests":3172,"retries":0,"complete":false}
probe-cont {"kind":"progress","label":"n64-r0","unix_s":1791528648.9688451,"elapsed_s":40.000072592,"bytes":239847079936,"gbps_cum":5.996166116557732,"gbps_interval":6.254608418198002,"requests":3638,"retries":0,"complete":false}
probe-cont {"kind":"progress","label":"n64-r0","unix_s":1791528653.9688563,"elapsed_s":45.000083905,"bytes":269576306688,"gbps_cum":5.990573423309709,"gbps_interval":5.945831897360749,"requests":4081,"retries":0,"complete":false}
probe-cont {"kind":"progress","label":"n64-r0","unix_s":1791528658.9688432,"elapsed_s":50.000070785,"bytes":299573968896,"gbps_cum":5.991470895794653,"gbps_interval":5.9995481844144365,"requests":4528,"retries":0,"complete":false}
probe-cont {"kind":"progress","label":"n64-r0","unix_s":1791528663.9688485,"elapsed_s":55.000075946,"bytes":330309828608,"gbps_cum":6.005624954632858,"gbps_interval":6.147165597295671,"requests":4986,"retries":0,"complete":false}
probe-cont {"kind":"progress","label":"n64-r0","unix_s":1791528668.9689016,"elapsed_s":60.000129288,"bytes":359971946496,"gbps_cum":5.999519513835352,"gbps_interval":5.932360288807495,"requests":5428,"retries":0,"complete":false}
probe-cont {"kind":"done","label":"n64-r0","unix_s":1791528668.9691305,"elapsed_s":60.000358052,"bytes":359971946496,"gbps_cum":5.999496639403821,"gbps_interval":0,"requests":5428,"retries":0,"complete":false,"workers":64,"chunk_mib":64,"object":"https://kraken2-ncbi-refseq-complete-v205.s3.us-west-2.amazonaws.com/Kraken2_RefSeqCompleteV205/hash.k2d","object_bytes":1189091671800,"stopped_by":"seconds"}
ak2-phase	2026-10-09T06:51:14Z	1791528674	push	no
ak2: [2026-10-09T06:51:14Z] pushed out/cont-0.jsonl
ak2: [2026-10-09T06:51:14Z] contention probe done FAIL=0
ak2: [2026-10-09T06:51:14Z] spec body exit rc=0
ak2-phase	2026-10-09T06:51:14Z	1791528674	end	no
