Loading database information...ak2-timing	opts	0.003062	0.000026	0	0	0.000000	0.000024
ak2-timing	taxo	0.003099	0.119415	87751	0	0.005746	0.131821
ak2-timing	shard-load-6	0.220372	42.064056	41123	0	57.232203	80.403250
ak2-timing	rendezvous	42.976570	15.776745	3214	0	0.040723	0.022315
ak2-timing	connect	58.753337	0.069769	15	0	0.007115	0.010005
ak2-timing	hash	0.122562	58.700577	46209	0	57.290438	80.442278
 done.
14615323 sequences (2691.06 Mbp) processed in 17.146s (51144.5 Kseq/m, 9417.03 Mbp/m).
  14358414 sequences classified (98.24%)
  256909 sequences unclassified (1.76%)
ak2-sample	batch	0	name	0-SRR5935838	mode	parallel	s3client	sdk	rank	6	role	home	inflight	2	threads	16	start_s	58.823216	wall_s	17.520594	setup_s	0.000057	classify_s	17.145924	close_s	0.214406	report_s	0.150866	status	0	sequences	14615323	bases	2691062094	classified	14358414	place	lpt	weight	14615323
18129553 sequences (3409.03 Mbp) processed in 20.497s (53070.9 Kseq/m, 9979.29 Mbp/m).
  17831449 sequences classified (98.36%)
  298104 sequences unclassified (1.64%)
ak2-sample	batch	0	name	0-SRR5935762	mode	parallel	s3client	sdk	rank	6	role	home	inflight	2	threads	16	start_s	58.823223	wall_s	21.024631	setup_s	0.000053	classify_s	20.496621	close_s	0.309481	report_s	0.205541	status	0	sequences	18129553	bases	3409028279	classified	17831449	place	lpt	weight	18129553
12610038 sequences (2321.59 Mbp) processed in 13.804s (54812.2 Kseq/m, 10091.29 Mbp/m).
  12099380 sequences classified (95.95%)
  510658 sequences unclassified (4.05%)
ak2-sample	batch	0	name	0-SRR5935834	mode	parallel	s3client	sdk	rank	6	role	home	inflight	2	threads	16	start_s	76.343896	wall_s	14.269677	setup_s	0.000083	classify_s	13.803537	close_s	0.214410	report_s	0.238935	status	0	sequences	12610038	bases	2321592529	classified	12099380	place	lpt	weight	12610038
10716528 sequences (1994.96 Mbp) processed in 11.981s (53667.1 Kseq/m, 9990.53 Mbp/m).
  10376259 sequences classified (96.82%)
  340269 sequences unclassified (3.18%)
ak2-sample	batch	0	name	0-SRR5935780	mode	parallel	s3client	sdk	rank	6	role	home	inflight	2	threads	16	start_s	79.847886	wall_s	12.542202	setup_s	0.000095	classify_s	11.981111	close_s	0.244433	report_s	0.307188	status	0	sequences	10716528	bases	1994960359	classified	10376259	place	lpt	weight	10716528
3168882 sequences (592.65 Mbp) processed in 3.735s (50904.4 Kseq/m, 9520.20 Mbp/m).
  3127330 sequences classified (98.69%)
  41552 sequences unclassified (1.31%)
ak2-sample	batch	0	name	0-SRR5935776	mode	parallel	s3client	sdk	rank	6	role	home	inflight	2	threads	16	start_s	92.390198	wall_s	4.207382	setup_s	0.000092	classify_s	3.735100	close_s	0.297816	report_s	0.169665	status	0	sequences	3168882	bases	592648009	classified	3127330	place	lpt	weight	3168882
9202475 sequences (1711.99 Mbp) processed in 7.769s (71075.1 Kseq/m, 13222.53 Mbp/m).
  8810259 sequences classified (95.74%)
  392216 sequences unclassified (4.26%)
ak2-sample	batch	0	name	0-SRR5935790	mode	parallel	s3client	sdk	rank	6	role	home	inflight	2	threads	16	start_s	90.613679	wall_s	8.254855	setup_s	0.000080	classify_s	7.768519	close_s	0.310945	report_s	0.165746	status	0	sequences	9202475	bases	1711991411	classified	8810259	place	lpt	weight	9202475
ak2-timing	batch-barrier-0	98.868553	0.428975	0	0	0.010902	0.018678
11012615 sequences (2057.95 Mbp) processed in 13.254s (49852.8 Kseq/m, 9316.11 Mbp/m).
  10686469 sequences classified (97.04%)
  326146 sequences unclassified (2.96%)
ak2-sample	batch	1	name	1-SRR5935746	mode	parallel	s3client	sdk	rank	6	role	home	inflight	2	threads	16	start_s	99.297577	wall_s	13.757260	setup_s	0.000054	classify_s	13.254157	close_s	0.295731	report_s	0.198234	status	0	sequences	11012615	bases	2057953866	classified	10686469	place	mod	weight	11012615
18129553 sequences (3409.03 Mbp) processed in 20.403s (53313.9 Kseq/m, 10025.00 Mbp/m).
  17831449 sequences classified (98.36%)
  298104 sequences unclassified (1.64%)
ak2-sample	batch	1	name	1-SRR5935762	mode	parallel	s3client	sdk	rank	6	role	home	inflight	2	threads	16	start_s	99.297558	wall_s	20.811968	setup_s	0.000057	classify_s	20.403168	close_s	0.208489	report_s	0.190140	status	0	sequences	18129553	bases	3409028279	classified	17831449	place	mod	weight	18129553
10554303 sequences (1946.56 Mbp) processed in 11.719s (54036.1 Kseq/m, 9966.05 Mbp/m).
  10062971 sequences classified (95.34%)
  491332 sequences unclassified (4.66%)
ak2-sample	batch	1	name	1-SRR5935778	mode	parallel	s3client	sdk	rank	6	role	home	inflight	2	threads	16	start_s	113.054929	wall_s	12.284719	setup_s	0.000084	classify_s	11.719173	close_s	0.350986	report_s	0.181048	status	0	sequences	10554303	bases	1946564732	classified	10062971	place	mod	weight	10554303
13404063 sequences (2484.45 Mbp) processed in 14.146s (56852.2 Kseq/m, 10537.58 Mbp/m).
  13071600 sequences classified (97.52%)
  332463 sequences unclassified (2.48%)
ak2-sample	batch	1	name	1-SRR5935794	mode	parallel	s3client	sdk	rank	6	role	home	inflight	2	threads	16	start_s	120.109620	wall_s	14.529676	setup_s	0.000081	classify_s	14.146211	close_s	0.235956	report_s	0.138601	status	0	sequences	13404063	bases	2484447317	classified	13071600	place	mod	weight	13404063
15280552 sequences (2858.11 Mbp) processed in 16.097s (56957.5 Kseq/m, 10653.47 Mbp/m).
  13785544 sequences classified (90.22%)
  1495008 sequences unclassified (9.78%)
ak2-sample	batch	1	name	1-SRR5935810	mode	parallel	s3client	sdk	rank	6	role	home	inflight	2	threads	16	start_s	125.339760	wall_s	16.527571	setup_s	0.000084	classify_s	16.096784	close_s	0.212860	report_s	0.190535	status	0	sequences	15280552	bases	2858109884	classified	13785544	place	mod	weight	15280552
8766123 sequences (1609.93 Mbp) processed in 7.887s (66685.3 Kseq/m, 12246.97 Mbp/m).
  8639469 sequences classified (98.56%)
  126654 sequences unclassified (1.44%)
ak2-sample	batch	1	name	1-SRR5935826	mode	parallel	s3client	sdk	rank	6	role	home	inflight	2	threads	16	start_s	134.639376	wall_s	8.689214	setup_s	0.000067	classify_s	7.887309	close_s	0.642939	report_s	0.153099	status	0	sequences	8766123	bases	1609927653	classified	8639469	place	mod	weight	8766123
ak2-timing	batch-barrier-1	143.328608	0.521407	1	0	0.000000	0.006152
14615323 sequences (2691.06 Mbp) processed in 17.124s (51210.1 Kseq/m, 9429.12 Mbp/m).
  14358414 sequences classified (98.24%)
  256909 sequences unclassified (1.76%)
ak2-sample	batch	2	name	2-SRR5935838	mode	parallel	s3client	sdk	rank	6	role	home	inflight	2	threads	16	start_s	143.850061	wall_s	17.496395	setup_s	0.000054	classify_s	17.123941	close_s	0.214409	report_s	0.147264	status	0	sequences	14615323	bases	2691062094	classified	14358414	place	lpt	weight	14615323
18129553 sequences (3409.03 Mbp) processed in 20.525s (52997.5 Kseq/m, 9965.49 Mbp/m).
  17831449 sequences classified (98.36%)
  298104 sequences unclassified (1.64%)
ak2-sample	batch	2	name	2-SRR5935762	mode	parallel	s3client	sdk	rank	6	role	home	inflight	2	threads	16	start_s	143.850064	wall_s	20.950838	setup_s	0.000049	classify_s	20.524995	close_s	0.243701	report_s	0.169789	status	0	sequences	18129553	bases	3409028279	classified	17831449	place	lpt	weight	18129553
12610038 sequences (2321.59 Mbp) processed in 13.978s (54127.3 Kseq/m, 9965.20 Mbp/m).
  12099380 sequences classified (95.95%)
  510658 sequences unclassified (4.05%)
ak2-sample	batch	2	name	2-SRR5935834	mode	parallel	s3client	sdk	rank	6	role	home	inflight	2	threads	16	start_s	161.346538	wall_s	14.370630	setup_s	0.000085	classify_s	13.978205	close_s	0.227416	report_s	0.149770	status	0	sequences	12610038	bases	2321592529	classified	12099380	place	lpt	weight	12610038
10716528 sequences (1994.96 Mbp) processed in 11.825s (54376.4 Kseq/m, 10122.56 Mbp/m).
  10376259 sequences classified (96.82%)
  340269 sequences unclassified (3.18%)
ak2-sample	batch	2	name	2-SRR5935780	mode	parallel	s3client	sdk	rank	6	role	home	inflight	2	threads	16	start_s	164.800945	wall_s	12.338580	setup_s	0.000095	classify_s	11.824832	close_s	0.351680	report_s	0.153071	status	0	sequences	10716528	bases	1994960359	classified	10376259	place	lpt	weight	10716528
3168882 sequences (592.65 Mbp) processed in 3.961s (48001.7 Kseq/m, 8977.33 Mbp/m).
  3127330 sequences classified (98.69%)
  41552 sequences unclassified (1.31%)
ak2-sample	batch	2	name	2-SRR5935776	mode	parallel	s3client	sdk	rank	6	role	home	inflight	2	threads	16	start_s	177.139617	wall_s	4.320695	setup_s	0.000056	classify_s	3.960967	close_s	0.211529	report_s	0.143610	status	0	sequences	3168882	bases	592648009	classified	3127330	place	lpt	weight	3168882
9202475 sequences (1711.99 Mbp) processed in 8.047s (68612.0 Kseq/m, 12764.29 Mbp/m).
  8810259 sequences classified (95.74%)
  392216 sequences unclassified (4.26%)
ak2-sample	batch	2	name	2-SRR5935790	mode	parallel	s3client	sdk	rank	6	role	home	inflight	2	threads	16	start_s	175.717205	wall_s	8.463004	setup_s	0.000083	classify_s	8.047409	close_s	0.230849	report_s	0.174718	status	0	sequences	9202475	bases	1711991411	classified	8810259	place	lpt	weight	9202475
ak2-timing	batch-barrier-2	184.180231	0.436179	0	0	0.005679	0.000532
ak2-timing	barrier	191.121401	0.315610	0	0	0.010358	0.000000
ak2-sample	batch	3	name	3-SRR5935740	mode	striped	s3client	sdk	rank	6	role	peer	inflight	1	threads	16	start_s	185.491740	wall_s	5.945336	setup_s	0.000051	classify_s	5.624541	close_s	0.000000	report_s	0.000000	status	0	sequences	0	bases	0	classified	0	place	-	weight	-
ak2-timing	batch-barrier-3	191.437087	0.475663	1	0	0.006487	0.000000
ak2-timing	barrier	198.372497	0.137387	0	0	0.013969	0.000000
ak2-sample	batch	4	name	4-SRR5935740	mode	striped	s3client	sdk	rank	6	role	peer	inflight	1	threads	16	start_s	192.739986	wall_s	5.769961	setup_s	0.000064	classify_s	5.627624	close_s	0.000000	report_s	0.000000	status	0	sequences	0	bases	0	classified	0	place	-	weight	-
ak2-timing	batch-barrier-4	198.509961	0.517834	1	0	0.006520	0.000000
ak2-timing	barrier	205.470363	0.141803	0	0	0.008723	0.000811
ak2-sample	batch	5	name	5-SRR5935740	mode	striped	s3client	sdk	rank	6	role	peer	inflight	1	threads	16	start_s	199.833878	wall_s	5.778346	setup_s	0.000060	classify_s	5.632063	close_s	0.000000	report_s	0.000000	status	0	sequences	0	bases	0	classified	0	place	-	weight	-
ak2-timing	batch-barrier-5	205.612238	0.793956	1	0	0.006415	0.000596
ak2-timing	batch-barrier-6	206.406220	7.201652	0	0	0.901589	0.088557
ak2-timing	batch-barrier-7	213.607894	7.127048	12	0	0.861104	0.144424
ak2-timing	batch-barrier-8	220.734966	7.215871	1	0	0.903929	0.104275
ak2-engine	shard	0	n	16	lo	111477344228	hi	130056901599	tail	302	full	false	empty_at	18579557370	keys	8468165301	batches	89910	probe_s	278.822300	tail_probes	0	wrap_probes	0
ak2-engine	rendezvous	puts	13	gets	337
ak2-engine	s3	client	sdk	put	31	get	337	create_multipart	18	upload_part	2218	complete_multipart	18	abort_multipart	0	part_bytes	18519412405
ak2-engine	s3	client	cli	put	0	get	0	create_multipart	0	upload_part	0	complete_multipart	0	abort_multipart	0	part_bytes	0
ak2-engine	load	seconds	42.064050	requests	1126	retries	0	bytes	74318296292
ak2-engine	route	transport	nodes	calls	5695	keys	8622128948	batches	91120	route_s	110.929755	wait_s	342.453824	gather_s	21.030667
ak2-engine	worker	scan_s	850.288269	lookup_s	474.419677	classify_s	751.767250
ak2-timing	total	0.000002	228.128059	8573322	0	1825.123747	169.891953
