Loading database information...ak2-timing	opts	0.003316	0.000022	0	0	0.000022	0.000000
ak2-timing	taxo	0.003346	0.098945	87864	0	0.013121	0.089233
ak2-engine	mem	t_s	15.0	rss_kib	40374728	hwm_kib	40374732	heap_inuse	406110208	sys	443865448	avail_kib	54606624
ak2-timing	shard-load-1	0.169478	27.388669	42518	0	34.402983	30.514129
ak2-engine	mem	t_s	30.0	rss_kib	72978652	hwm_kib	72978656	heap_inuse	410607616	sys	444127592	avail_kib	22075188
ak2-engine	mem	t_s	45.0	rss_kib	72981412	hwm_kib	72981416	heap_inuse	413933568	sys	448321896	avail_kib	22336556
ak2-timing	rendezvous	28.324589	29.869451	3542	0	0.114876	0.004528
ak2-timing	connect	58.194056	0.027101	2	0	0.013232	0.002622
ak2-timing	hash	0.102331	58.118855	47868	0	34.544784	30.522861
 done.
ak2-engine	mem	t_s	60.0	rss_kib	77492360	hwm_kib	77492360	heap_inuse	4249698304	sys	5150322360	avail_kib	17776808
20671571 sequences (3786.10 Mbp) processed in 11.861s (104567.7 Kseq/m, 19152.09 Mbp/m).
  19204656 sequences classified (92.90%)
  1466915 sequences unclassified (7.10%)
ak2-sample	batch	0	name	0-SRR5935773	mode	parallel	s3client	sdk	rank	1	role	home	inflight	1	threads	16	start_s	58.221231	wall_s	12.259233	setup_s	0.000048	classify_s	11.861166	close_s	0.239946	report_s	0.149678	status	0	sequences	20671571	bases	3786101975	classified	19204656	place	lpt	weight	20671571
ak2-engine	mem	t_s	75.0	rss_kib	79541536	hwm_kib	79541536	heap_inuse	6054232064	sys	7191773464	avail_kib	15237036
14191749 sequences (2646.88 Mbp) processed in 7.862s (108311.9 Kseq/m, 20201.06 Mbp/m).
  13987275 sequences classified (98.56%)
  204474 sequences unclassified (1.44%)
ak2-sample	batch	0	name	0-SRR5935761	mode	parallel	s3client	sdk	rank	1	role	home	inflight	1	threads	16	start_s	70.480487	wall_s	8.274088	setup_s	0.000048	classify_s	7.861602	close_s	0.256197	report_s	0.149399	status	0	sequences	14191749	bases	2646878118	classified	13987275	place	lpt	weight	14191749
11924297 sequences (2214.84 Mbp) processed in 6.758s (105868.3 Kseq/m, 19664.20 Mbp/m).
  11742476 sequences classified (98.48%)
  181821 sequences unclassified (1.52%)
ak2-sample	batch	0	name	0-SRR5935795	mode	parallel	s3client	sdk	rank	1	role	home	inflight	1	threads	16	start_s	78.754604	wall_s	7.152312	setup_s	0.000055	classify_s	6.757996	close_s	0.241597	report_s	0.146193	status	0	sequences	11924297	bases	2214843465	classified	11742476	place	lpt	weight	11924297
ak2-engine	mem	t_s	90.0	rss_kib	79265884	hwm_kib	79539720	heap_inuse	5075640320	sys	7255281960	avail_kib	14189596
10479816 sequences (1916.83 Mbp) processed in 5.715s (110027.9 Kseq/m, 20124.86 Mbp/m).
  9679024 sequences classified (92.36%)
  800792 sequences unclassified (7.64%)
ak2-sample	batch	0	name	0-SRR5935754	mode	parallel	s3client	sdk	rank	1	role	home	inflight	1	threads	16	start_s	85.906940	wall_s	6.199935	setup_s	0.000051	classify_s	5.714815	close_s	0.279081	report_s	0.191769	status	0	sequences	10479816	bases	1916830360	classified	9679024	place	lpt	weight	10479816
8173049 sequences (1459.57 Mbp) processed in 4.729s (103689.9 Kseq/m, 18517.23 Mbp/m).
  7956066 sequences classified (97.35%)
  216983 sequences unclassified (2.65%)
ak2-sample	batch	0	name	0-SRR5935777	mode	parallel	s3client	sdk	rank	1	role	home	inflight	1	threads	16	start_s	92.106900	wall_s	5.219867	setup_s	0.000059	classify_s	4.729322	close_s	0.347052	report_s	0.137285	status	0	sequences	8173049	bases	1459565869	classified	7956066	place	lpt	weight	8173049
2565282 sequences (465.56 Mbp) processed in 1.655s (92980.9 Kseq/m, 16874.75 Mbp/m).
  2508539 sequences classified (97.79%)
  56743 sequences unclassified (2.21%)
ak2-sample	batch	0	name	0-SRR5935783	mode	parallel	s3client	sdk	rank	1	role	home	inflight	1	threads	16	start_s	97.326796	wall_s	2.091380	setup_s	0.000055	classify_s	1.655360	close_s	0.252190	report_s	0.180320	status	0	sequences	2565282	bases	465562992	classified	2508539	place	lpt	weight	2565282
201473 sequences (36.75 Mbp) processed in 0.431s (28023.1 Kseq/m, 5110.96 Mbp/m).
  197603 sequences classified (98.08%)
  3870 sequences unclassified (1.92%)
ak2-sample	batch	0	name	0-SRR5935743	mode	parallel	s3client	sdk	rank	1	role	home	inflight	1	threads	16	start_s	99.418196	wall_s	0.766605	setup_s	0.000051	classify_s	0.431372	close_s	0.236322	report_s	0.098124	status	0	sequences	201473	bases	36745424	classified	197603	place	lpt	weight	201473
ak2-timing	batch-barrier-0	100.184824	1.435256	6	0	0.209378	0.026860
ak2-engine	mem	t_s	105.0	rss_kib	78192672	hwm_kib	79539720	heap_inuse	4458627072	sys	7255290152	avail_kib	15956256
16518263 sequences (3051.28 Mbp) processed in 9.652s (102687.8 Kseq/m, 18968.69 Mbp/m).
  16141470 sequences classified (97.72%)
  376793 sequences unclassified (2.28%)
ak2-sample	batch	1	name	1-SRR5935741	mode	parallel	s3client	sdk	rank	1	role	home	inflight	1	threads	16	start_s	101.620106	wall_s	10.050122	setup_s	0.000053	classify_s	9.651542	close_s	0.239824	report_s	0.149675	status	0	sequences	16518263	bases	3051284850	classified	16141470	place	mod	weight	16518263
ak2-engine	mem	t_s	120.0	rss_kib	78774708	hwm_kib	79539720	heap_inuse	4818411520	sys	7255306536	avail_kib	15337500
16286650 sequences (3018.35 Mbp) processed in 9.068s (107760.4 Kseq/m, 19970.90 Mbp/m).
  15278935 sequences classified (93.81%)
  1007715 sequences unclassified (6.19%)
ak2-sample	batch	1	name	1-SRR5935757	mode	parallel	s3client	sdk	rank	1	role	home	inflight	1	threads	16	start_s	111.670259	wall_s	9.627857	setup_s	0.000053	classify_s	9.068257	close_s	0.325534	report_s	0.219620	status	0	sequences	16286650	bases	3018354004	classified	15278935	place	mod	weight	16286650
20671571 sequences (3786.10 Mbp) processed in 11.870s (104492.3 Kseq/m, 19138.29 Mbp/m).
  19204656 sequences classified (92.90%)
  1466915 sequences unclassified (7.10%)
ak2-sample	batch	1	name	1-SRR5935773	mode	parallel	s3client	sdk	rank	1	role	home	inflight	1	threads	16	start_s	121.298138	wall_s	12.303436	setup_s	0.000056	classify_s	11.869718	close_s	0.240773	report_s	0.184580	status	0	sequences	20671571	bases	3786101975	classified	19204656	place	mod	weight	20671571
1513694 sequences (270.73 Mbp) processed in 1.017s (89322.3 Kseq/m, 15975.78 Mbp/m).
  1488159 sequences classified (98.31%)
  25535 sequences unclassified (1.69%)
ak2-sample	batch	1	name	1-SRR5935789	mode	parallel	s3client	sdk	rank	1	role	home	inflight	1	threads	16	start_s	133.601597	wall_s	1.386793	setup_s	0.000059	classify_s	1.016787	close_s	0.234984	report_s	0.132733	status	0	sequences	1513694	bases	270732465	classified	1488159	place	mod	weight	1513694
ak2-engine	mem	t_s	135.0	rss_kib	77561404	hwm_kib	79539720	heap_inuse	4629692416	sys	7255765288	avail_kib	15306968
2823474 sequences (526.09 Mbp) processed in 1.825s (92815.4 Kseq/m, 17294.11 Mbp/m).
  2761157 sequences classified (97.79%)
  62317 sequences unclassified (2.21%)
ak2-sample	batch	1	name	1-SRR5935805	mode	parallel	s3client	sdk	rank	1	role	home	inflight	1	threads	16	start_s	134.988417	wall_s	2.203878	setup_s	0.000062	classify_s	1.825220	close_s	0.213989	report_s	0.161325	status	0	sequences	2823474	bases	526092284	classified	2761157	place	mod	weight	2823474
297656 sequences (54.18 Mbp) processed in 0.468s (38192.5 Kseq/m, 6951.42 Mbp/m).
  290837 sequences classified (97.71%)
  6819 sequences unclassified (2.29%)
ak2-sample	batch	1	name	1-SRR5935821	mode	parallel	s3client	sdk	rank	1	role	home	inflight	1	threads	16	start_s	137.192316	wall_s	0.878654	setup_s	0.000057	classify_s	0.467615	close_s	0.266023	report_s	0.143927	status	0	sequences	297656	bases	54176352	classified	290837	place	mod	weight	297656
9337913 sequences (1691.90 Mbp) processed in 5.101s (109831.3 Kseq/m, 19899.92 Mbp/m).
  8897092 sequences classified (95.28%)
  440821 sequences unclassified (4.72%)
ak2-sample	batch	1	name	1-SRR5935837	mode	parallel	s3client	sdk	rank	1	role	home	inflight	1	threads	16	start_s	138.070993	wall_s	5.605840	setup_s	0.000065	classify_s	5.101231	close_s	0.336862	report_s	0.158147	status	0	sequences	9337913	bases	1691901005	classified	8897092	place	mod	weight	9337913
ak2-engine	mem	t_s	150.0	rss_kib	78401088	hwm_kib	79539720	heap_inuse	3735486464	sys	7255765288	avail_kib	15507492
ak2-timing	batch-barrier-1	143.676860	11.761980	1	0	3.986856	0.482119
ak2-engine	mem	t_s	165.0	rss_kib	79020108	hwm_kib	79539720	heap_inuse	5034672128	sys	7255765288	avail_kib	15279852
20671571 sequences (3786.10 Mbp) processed in 11.892s (104296.9 Kseq/m, 19102.50 Mbp/m).
  19204656 sequences classified (92.90%)
  1466915 sequences unclassified (7.10%)
ak2-sample	batch	2	name	2-SRR5935773	mode	parallel	s3client	sdk	rank	1	role	home	inflight	1	threads	16	start_s	155.438898	wall_s	12.379562	setup_s	0.000052	classify_s	11.891958	close_s	0.297181	report_s	0.181490	status	0	sequences	20671571	bases	3786101975	classified	19204656	place	lpt	weight	20671571
14191749 sequences (2646.88 Mbp) processed in 7.937s (107282.2 Kseq/m, 20009.01 Mbp/m).
  13987275 sequences classified (98.56%)
  204474 sequences unclassified (1.44%)
ak2-sample	batch	2	name	2-SRR5935761	mode	parallel	s3client	sdk	rank	1	role	home	inflight	1	threads	16	start_s	167.818482	wall_s	8.504701	setup_s	0.000058	classify_s	7.937060	close_s	0.302384	report_s	0.258230	status	0	sequences	14191749	bases	2646878118	classified	13987275	place	lpt	weight	14191749
ak2-engine	mem	t_s	180.0	rss_kib	79200880	hwm_kib	79539720	heap_inuse	5712494592	sys	7255773480	avail_kib	14648232
11924297 sequences (2214.84 Mbp) processed in 6.620s (108070.5 Kseq/m, 20073.24 Mbp/m).
  11742476 sequences classified (98.48%)
  181821 sequences unclassified (1.52%)
ak2-sample	batch	2	name	2-SRR5935795	mode	parallel	s3client	sdk	rank	1	role	home	inflight	1	threads	16	start_s	176.323206	wall_s	7.117917	setup_s	0.000050	classify_s	6.620287	close_s	0.314328	report_s	0.176968	status	0	sequences	11924297	bases	2214843465	classified	11742476	place	lpt	weight	11924297
10479816 sequences (1916.83 Mbp) processed in 5.776s (108867.4 Kseq/m, 19912.59 Mbp/m).
  9679024 sequences classified (92.36%)
  800792 sequences unclassified (7.64%)
ak2-sample	batch	2	name	2-SRR5935754	mode	parallel	s3client	sdk	rank	1	role	home	inflight	1	threads	16	start_s	183.441148	wall_s	6.205785	setup_s	0.000066	classify_s	5.775734	close_s	0.201526	report_s	0.213898	status	0	sequences	10479816	bases	1916830360	classified	9679024	place	lpt	weight	10479816
8173049 sequences (1459.57 Mbp) processed in 4.737s (103519.7 Kseq/m, 18486.84 Mbp/m).
  7956066 sequences classified (97.35%)
  216983 sequences unclassified (2.65%)
ak2-sample	batch	2	name	2-SRR5935777	mode	parallel	s3client	sdk	rank	1	role	home	inflight	1	threads	16	start_s	189.646954	wall_s	5.261856	setup_s	0.000069	classify_s	4.737099	close_s	0.380890	report_s	0.137495	status	0	sequences	8173049	bases	1459565869	classified	7956066	place	lpt	weight	8173049
ak2-engine	mem	t_s	195.0	rss_kib	78753344	hwm_kib	79539720	heap_inuse	3595624448	sys	7255773480	avail_kib	14675628
2565282 sequences (465.56 Mbp) processed in 1.566s (98305.5 Kseq/m, 17841.09 Mbp/m).
  2508539 sequences classified (97.79%)
  56743 sequences unclassified (2.21%)
ak2-sample	batch	2	name	2-SRR5935783	mode	parallel	s3client	sdk	rank	1	role	home	inflight	1	threads	16	start_s	194.908832	wall_s	1.960739	setup_s	0.000060	classify_s	1.565700	close_s	0.274265	report_s	0.117264	status	0	sequences	2565282	bases	465562992	classified	2508539	place	lpt	weight	2565282
201473 sequences (36.75 Mbp) processed in 0.482s (25066.6 Kseq/m, 4571.75 Mbp/m).
  197603 sequences classified (98.08%)
  3870 sequences unclassified (1.92%)
ak2-sample	batch	2	name	2-SRR5935743	mode	parallel	s3client	sdk	rank	1	role	home	inflight	1	threads	16	start_s	196.869598	wall_s	0.825594	setup_s	0.000054	classify_s	0.482250	close_s	0.249762	report_s	0.092753	status	0	sequences	201473	bases	36745424	classified	197603	place	lpt	weight	201473
ak2-timing	batch-barrier-2	197.695209	1.373342	0	0	0.063144	0.038981
ak2-timing	barrier	205.762756	1.439069	0	0	0.016757	0.001066
ak2-sample	batch	3	name	3-SRR5935740	mode	striped	s3client	sdk	rank	1	role	peer	inflight	1	threads	16	start_s	200.021224	wall_s	7.180662	setup_s	0.000052	classify_s	5.736399	close_s	0.000000	report_s	0.000000	status	0	sequences	0	bases	0	classified	0	place	-	weight	-
ak2-timing	batch-barrier-3	207.201897	0.517386	184	0	0.005977	0.000380
ak2-engine	mem	t_s	210.0	rss_kib	74236000	hwm_kib	79539720	heap_inuse	1574076416	sys	7255773480	avail_kib	19628408
ak2-timing	barrier	214.212168	0.024639	0	0	0.000081	0.000005
ak2-sample	batch	4	name	4-SRR5935740	mode	striped	s3client	sdk	rank	1	role	peer	inflight	1	threads	16	start_s	208.472764	wall_s	5.764099	setup_s	0.000045	classify_s	5.734623	close_s	0.000000	report_s	0.000000	status	0	sequences	0	bases	0	classified	0	place	-	weight	-
ak2-timing	batch-barrier-4	214.236872	0.503038	1	0	0.005749	0.000366
ak2-timing	barrier	221.308100	0.033140	0	0	0.000082	0.000005
ak2-sample	batch	5	name	5-SRR5935740	mode	striped	s3client	sdk	rank	1	role	peer	inflight	1	threads	16	start_s	215.572326	wall_s	5.768965	setup_s	0.000049	classify_s	5.731499	close_s	0.000000	report_s	0.000000	status	0	sequences	0	bases	0	classified	0	place	-	weight	-
ak2-timing	batch-barrier-5	221.341300	0.681320	1	0	0.000000	0.007197
ak2-engine	mem	t_s	225.0	rss_kib	76462424	hwm_kib	79539720	heap_inuse	3380117504	sys	7255773480	avail_kib	18369084
ak2-timing	batch-barrier-6	222.022641	7.154614	0	0	0.669721	0.118007
ak2-timing	batch-barrier-7	229.177278	7.086646	1	0	0.669826	0.118023
ak2-engine	mem	t_s	240.0	rss_kib	76462432	hwm_kib	79539720	heap_inuse	3382206464	sys	7255773480	avail_kib	18734608
ak2-timing	batch-barrier-8	236.263949	7.102558	1	0	0.754558	0.057952
ak2-engine	shard	0	n	16	lo	18579557371	hi	37159114742	tail	302	full	false	empty_at	18579557385	keys	8473234428	batches	89910	probe_s	186.189898	tail_probes	0	wrap_probes	0
ak2-engine	mem	t_s	243.4	rss_kib	76462432	hwm_kib	79539720	heap_inuse	3382329344	sys	7255773480	avail_kib	18774864
ak2-engine	rendezvous	puts	13	gets	543
ak2-engine	s3	client	sdk	put	34	get	543	create_multipart	21	upload_part	2111	complete_multipart	21	abort_multipart	0	part_bytes	17624130341
ak2-engine	s3	client	cli	put	0	get	0	create_multipart	0	upload_part	0	complete_multipart	0	abort_multipart	0	part_bytes	0
ak2-engine	load	seconds	27.388664	requests	1126	retries	0	bytes	74318296292
ak2-engine	route	transport	nodes	calls	5378	keys	8071347759	batches	86048	route_s	65.556760	wait_s	45.577131	gather_s	14.654488
ak2-engine	worker	scan_s	500.788773	lookup_s	125.792134	classify_s	439.234781
ak2-timing	total	0.000001	243.497599	12340417	0	1581.603680	100.889727
