Loading database information...ak2-timing	opts	0.003092	0.000017	0	0	0.000000	0.000015
ak2-timing	taxo	0.003117	0.113605	87893	0	0.041719	0.074993
ak2-timing	shard-load-31	0.187930	14.109853	23762	0	17.687351	13.861967
ak2-engine	mem	t_s	15.0	rss_kib	36685012	hwm_kib	36685016	heap_inuse	403881984	sys	435665256	avail_kib	58157016
ak2-timing	rendezvous	14.703361	0.846902	6196	0	0.075377	0.033449
ak2-timing	connect	15.550279	0.562328	15742	0	0.517214	0.088569
ak2-timing	hash	0.116764	15.995865	47577	0	18.293017	13.986880
 done.
5072545 sequences (950.40 Mbp) processed in 6.415s (47441.4 Kseq/m, 8888.69 Mbp/m).
  4982177 sequences classified (98.22%)
  90368 sequences unclassified (1.78%)
ak2-sample	batch	0	name	0-SRR5935814	mode	parallel	s3client	sdk	rank	31	role	home	inflight	6	threads	16	start_s	16.112665	wall_s	7.124511	setup_s	0.000049	classify_s	6.415344	close_s	0.542280	report_s	0.159611	status	0	sequences	5072545	bases	950400325	classified	4982177	place	lpt	weight	5072545
14120624 sequences (2649.39 Mbp) processed in 10.315s (82136.5 Kseq/m, 15410.93 Mbp/m).
  13394795 sequences classified (94.86%)
  725829 sequences unclassified (5.14%)
ak2-sample	batch	0	name	0-SRR5935766	mode	parallel	s3client	sdk	rank	31	role	home	inflight	6	threads	16	start_s	16.112673	wall_s	10.711362	setup_s	0.000040	classify_s	10.314990	close_s	0.225555	report_s	0.161969	status	0	sequences	14120624	bases	2649393059	classified	13394795	place	lpt	weight	14120624
14164085 sequences (2640.40 Mbp) processed in 10.985s (77363.7 Kseq/m, 14421.75 Mbp/m).
  13689575 sequences classified (96.65%)
  474510 sequences unclassified (3.35%)
ak2-sample	batch	0	name	0-SRR5935753	mode	parallel	s3client	sdk	rank	31	role	home	inflight	6	threads	16	start_s	16.112675	wall_s	11.487215	setup_s	0.000049	classify_s	10.985064	close_s	0.291855	report_s	0.200889	status	0	sequences	14164085	bases	2640398097	classified	13689575	place	lpt	weight	14164085
ak2-engine	mem	t_s	30.0	rss_kib	52154840	hwm_kib	55178756	heap_inuse	13025370112	sys	19759069864	avail_kib	40301412
ak2-timing	batch-barrier-0	27.599910	2.617945	9986	0	0.483753	0.085797
1341509 sequences (254.99 Mbp) processed in 1.919s (41940.3 Kseq/m, 7972.01 Mbp/m).
  1320808 sequences classified (98.46%)
  20701 sequences unclassified (1.54%)
ak2-sample	batch	1	name	1-SRR5935835	mode	parallel	s3client	sdk	rank	31	role	home	inflight	6	threads	16	start_s	30.217897	wall_s	2.608768	setup_s	0.000050	classify_s	1.919169	close_s	0.492360	report_s	0.194427	status	0	sequences	1341509	bases	254993682	classified	1320808	place	mod	weight	1341509
9230220 sequences (1688.15 Mbp) processed in 6.665s (83090.0 Kseq/m, 15196.66 Mbp/m).
  8736529 sequences classified (94.65%)
  493691 sequences unclassified (5.35%)
ak2-sample	batch	1	name	1-SRR5935771	mode	parallel	s3client	sdk	rank	31	role	home	inflight	6	threads	16	start_s	30.217917	wall_s	7.387386	setup_s	0.000072	classify_s	6.665221	close_s	0.547898	report_s	0.163266	status	0	sequences	9230220	bases	1688151903	classified	8736529	place	mod	weight	9230220
18392491 sequences (3418.71 Mbp) processed in 11.145s (99015.7 Kseq/m, 18404.54 Mbp/m).
  18064386 sequences classified (98.22%)
  328105 sequences unclassified (1.78%)
ak2-sample	batch	1	name	1-SRR5935803	mode	parallel	s3client	sdk	rank	31	role	home	inflight	6	threads	16	start_s	30.217921	wall_s	11.683935	setup_s	0.000067	classify_s	11.145200	close_s	0.404741	report_s	0.124997	status	0	sequences	18392491	bases	3418705365	classified	18064386	place	mod	weight	18392491
ak2-engine	mem	t_s	45.0	rss_kib	43705676	hwm_kib	55178756	heap_inuse	5556822016	sys	19762952872	avail_kib	44651608
ak2-timing	batch-barrier-1	41.901881	3.734118	4070	0	0.562493	0.106219
5072545 sequences (950.40 Mbp) processed in 4.967s (61269.0 Kseq/m, 11479.47 Mbp/m).
  4982177 sequences classified (98.22%)
  90368 sequences unclassified (1.78%)
ak2-sample	batch	2	name	2-SRR5935814	mode	parallel	s3client	sdk	rank	31	role	home	inflight	6	threads	16	start_s	45.636052	wall_s	5.454080	setup_s	0.000054	classify_s	4.967480	close_s	0.354277	report_s	0.126679	status	0	sequences	5072545	bases	950400325	classified	4982177	place	lpt	weight	5072545
14120624 sequences (2649.39 Mbp) processed in 9.697s (87374.3 Kseq/m, 16393.67 Mbp/m).
  13394795 sequences classified (94.86%)
  725829 sequences unclassified (5.14%)
14164085 sequences (2640.40 Mbp) processed in 9.767s (87012.7 Kseq/m, 16220.47 Mbp/m).
  13689575 sequences classified (96.65%)
  474510 sequences unclassified (3.35%)
ak2-sample	batch	2	name	2-SRR5935766	mode	parallel	s3client	sdk	rank	31	role	home	inflight	6	threads	16	start_s	45.636069	wall_s	10.090107	setup_s	0.000057	classify_s	9.696642	close_s	0.235790	report_s	0.148629	status	0	sequences	14120624	bases	2649393059	classified	13394795	place	lpt	weight	14120624
ak2-sample	batch	2	name	2-SRR5935753	mode	parallel	s3client	sdk	rank	31	role	home	inflight	6	threads	16	start_s	45.636065	wall_s	10.213313	setup_s	0.000058	classify_s	9.766911	close_s	0.252076	report_s	0.184558	status	0	sequences	14164085	bases	2640398097	classified	13689575	place	lpt	weight	14164085
ak2-engine	mem	t_s	60.0	rss_kib	47201076	hwm_kib	55715984	heap_inuse	5939150848	sys	20215372552	avail_kib	43093236
ak2-timing	batch-barrier-2	55.849399	4.542573	2	0	1.453734	0.425570
ak2-timing	barrier	66.798313	0.250407	0	0	0.002296	0.000206
ak2-sample	batch	3	name	3-SRR5935740	mode	striped	s3client	sdk	rank	31	role	peer	inflight	1	threads	16	start_s	61.241515	wall_s	5.807257	setup_s	0.000045	classify_s	5.554597	close_s	0.000000	report_s	0.000000	status	0	sequences	0	bases	0	classified	0	place	-	weight	-
ak2-timing	batch-barrier-3	67.048782	0.883032	1	0	0.008710	0.000000
ak2-timing	barrier	74.674568	0.263113	0	0	0.013227	0.000285
ak2-sample	batch	4	name	4-SRR5935740	mode	striped	s3client	sdk	rank	31	role	peer	inflight	1	threads	16	start_s	69.115156	wall_s	5.822575	setup_s	0.000051	classify_s	5.557229	close_s	0.000000	report_s	0.000000	status	0	sequences	0	bases	0	classified	0	place	-	weight	-
ak2-engine	mem	t_s	75.0	rss_kib	38963872	hwm_kib	55715984	heap_inuse	2256125952	sys	20215372552	avail_kib	54757360
ak2-timing	batch-barrier-4	74.937740	0.932453	9	0	0.008803	0.000000
ak2-timing	barrier	82.605587	0.234367	3	0	0.011174	0.000101
ak2-sample	batch	5	name	5-SRR5935740	mode	striped	s3client	sdk	rank	31	role	peer	inflight	1	threads	16	start_s	77.050790	wall_s	5.789210	setup_s	0.000047	classify_s	5.551992	close_s	0.000000	report_s	0.000000	status	0	sequences	0	bases	0	classified	0	place	-	weight	-
ak2-timing	batch-barrier-5	82.840009	0.954812	244	0	0.000989	0.007456
ak2-engine	mem	t_s	90.0	rss_kib	39056476	hwm_kib	55715984	heap_inuse	2566103040	sys	20215372552	avail_kib	55925716
ak2-timing	batch-barrier-6	83.794844	7.506421	374	0	0.291643	0.078628
ak2-timing	batch-barrier-7	91.301286	6.654712	394	0	0.337112	0.028755
ak2-engine	mem	t_s	105.0	rss_kib	39059884	hwm_kib	55715984	heap_inuse	2570461184	sys	20215372552	avail_kib	56363672
ak2-timing	batch-barrier-8	97.956022	7.516575	468	0	0.324260	0.053100
ak2-engine	shard	0	n	32	lo	287983139256	hi	297272917942	tail	302	full	false	empty_at	9289778685	keys	4235455809	batches	89910	probe_s	90.280853	tail_probes	0	wrap_probes	0
ak2-engine	mem	t_s	105.5	rss_kib	39059900	hwm_kib	55715984	heap_inuse	2570469376	sys	20215372552	avail_kib	56369428
ak2-engine	rendezvous	puts	13	gets	612
ak2-engine	s3	client	sdk	put	22	get	612	create_multipart	9	upload_part	984	complete_multipart	9	abort_multipart	0	part_bytes	8212858870
ak2-engine	s3	client	cli	put	0	get	0	create_multipart	0	upload_part	0	complete_multipart	0	abort_multipart	0	part_bytes	0
ak2-engine	load	seconds	14.109849	requests	573	retries	0	bytes	37159181552
ak2-engine	route	transport	nodes	calls	2554	keys	3873606484	batches	81728	route_s	35.577859	wait_s	506.968185	gather_s	7.508425
ak2-engine	worker	scan_s	291.827717	lookup_s	550.056038	classify_s	214.779133
ak2-timing	total	0.000001	105.545084	12097230	0	807.184098	71.508832
