Loading database information...ak2-timing	opts	0.003122	0.000016	0	0	0.000009	0.000009
ak2-timing	taxo	0.003146	0.091884	87848	0	0.016444	0.078256
ak2-timing	shard-load-3	0.161737	14.223535	23645	0	16.573059	14.673459
ak2-engine	mem	t_s	15.0	rss_kib	36682616	hwm_kib	36682620	heap_inuse	402194432	sys	430233960	avail_kib	58116732
ak2-engine	mem	t_s	30.0	rss_kib	36697772	hwm_kib	36697776	heap_inuse	417710080	sys	442882408	avail_kib	58528904
ak2-engine	mem	t_s	45.0	rss_kib	36709252	hwm_kib	36709256	heap_inuse	429252608	sys	456059256	avail_kib	58714104
ak2-engine	mem	t_s	60.0	rss_kib	36717532	hwm_kib	36717536	heap_inuse	437616640	sys	464546168	avail_kib	58777660
ak2-timing	rendezvous	15.919927	58.097458	11538	0	0.143611	0.058165
ak2-timing	connect	74.017401	0.513475	8362	0	0.272794	0.038402
ak2-timing	hash	0.095081	74.435824	45408	0	17.003751	14.771141
 done.
ak2-engine	mem	t_s	75.1	rss_kib	42781964	hwm_kib	42782572	heap_inuse	6686507008	sys	6799575432	avail_kib	52451836
1341509 sequences (254.99 Mbp) processed in 3.559s (22616.0 Kseq/m, 4298.84 Mbp/m).
  1320808 sequences classified (98.46%)
  20701 sequences unclassified (1.54%)
ak2-sample	batch	0	name	0-SRR5935835	mode	parallel	s3client	sdk	rank	3	role	home	inflight	6	threads	16	start_s	74.530965	wall_s	3.911624	setup_s	0.000069	classify_s	3.559009	close_s	0.226381	report_s	0.122777	status	0	sequences	1341509	bases	254993682	classified	1320808	place	lpt	weight	1341509
2565282 sequences (465.56 Mbp) processed in 3.983s (38640.8 Kseq/m, 7012.76 Mbp/m).
  2508539 sequences classified (97.79%)
  56743 sequences unclassified (2.21%)
ak2-sample	batch	0	name	0-SRR5935783	mode	parallel	s3client	sdk	rank	3	role	home	inflight	6	threads	16	start_s	74.530979	wall_s	4.419148	setup_s	0.000071	classify_s	3.983279	close_s	0.267309	report_s	0.164847	status	0	sequences	2565282	bases	465562992	classified	2508539	place	lpt	weight	2565282
10532910 sequences (1945.09 Mbp) processed in 8.596s (73515.8 Kseq/m, 13576.02 Mbp/m).
  9366399 sequences classified (88.93%)
  1166511 sequences unclassified (11.07%)
ak2-sample	batch	0	name	0-SRR5935740	mode	parallel	s3client	sdk	rank	3	role	home	inflight	6	threads	16	start_s	74.530975	wall_s	9.099263	setup_s	0.000041	classify_s	8.596452	close_s	0.322282	report_s	0.163654	status	0	sequences	10532910	bases	1945093294	classified	9366399	place	lpt	weight	10532910
18879904 sequences (3539.14 Mbp) processed in 12.390s (91426.5 Kseq/m, 17138.38 Mbp/m).
  18627146 sequences classified (98.66%)
  252758 sequences unclassified (1.34%)
ak2-sample	batch	0	name	0-SRR5935749	mode	parallel	s3client	sdk	rank	3	role	home	inflight	6	threads	16	start_s	74.530983	wall_s	12.785209	setup_s	0.000049	classify_s	12.390212	close_s	0.253852	report_s	0.133605	status	0	sequences	18879904	bases	3539135454	classified	18627146	place	lpt	weight	18879904
ak2-timing	batch-barrier-0	87.316210	1.051681	96	0	0.028071	0.002904
201473 sequences (36.75 Mbp) processed in 1.049s (11525.2 Kseq/m, 2102.02 Mbp/m).
  197603 sequences classified (98.08%)
  3870 sequences unclassified (1.92%)
ak2-sample	batch	1	name	1-SRR5935743	mode	parallel	s3client	sdk	rank	3	role	home	inflight	6	threads	16	start_s	88.367948	wall_s	1.625057	setup_s	0.000041	classify_s	1.048863	close_s	0.458792	report_s	0.116575	status	0	sequences	201473	bases	36745424	classified	197603	place	mod	weight	201473
ak2-engine	mem	t_s	90.1	rss_kib	50815408	hwm_kib	60626260	heap_inuse	13760946176	sys	25529479080	avail_kib	42242552
1085628 sequences (199.24 Mbp) processed in 3.047s (21375.6 Kseq/m, 3923.05 Mbp/m).
  1061820 sequences classified (97.81%)
  23808 sequences unclassified (2.19%)
ak2-sample	batch	1	name	1-SRR5935839	mode	parallel	s3client	sdk	rank	3	role	home	inflight	6	threads	16	start_s	88.367919	wall_s	3.570732	setup_s	0.000049	classify_s	3.047286	close_s	0.388169	report_s	0.131815	status	0	sequences	1085628	bases	199244471	classified	1061820	place	mod	weight	1085628
13010149 sequences (2394.73 Mbp) processed in 8.855s (88157.3 Kseq/m, 16226.80 Mbp/m).
  12910203 sequences classified (99.23%)
  99946 sequences unclassified (0.77%)
ak2-sample	batch	1	name	1-SRR5935775	mode	parallel	s3client	sdk	rank	3	role	home	inflight	6	threads	16	start_s	88.367941	wall_s	9.411352	setup_s	0.000037	classify_s	8.854732	close_s	0.409191	report_s	0.141881	status	0	sequences	13010149	bases	2394732661	classified	12910203	place	mod	weight	13010149
16708997 sequences (3043.02 Mbp) processed in 10.817s (92679.8 Kseq/m, 16878.74 Mbp/m).
  15000245 sequences classified (89.77%)
  1708752 sequences unclassified (10.23%)
ak2-sample	batch	1	name	1-SRR5935807	mode	parallel	s3client	sdk	rank	3	role	home	inflight	6	threads	16	start_s	88.367958	wall_s	11.579489	setup_s	0.000041	classify_s	10.817240	close_s	0.565477	report_s	0.179466	status	0	sequences	16708997	bases	3043023590	classified	15000245	place	mod	weight	16708997
ak2-timing	batch-barrier-1	99.947468	4.883702	303	0	1.413175	0.227592
ak2-engine	mem	t_s	105.1	rss_kib	49975176	hwm_kib	60626260	heap_inuse	5421531136	sys	25529552808	avail_kib	41528148
1341509 sequences (254.99 Mbp) processed in 2.993s (26892.9 Kseq/m, 5111.80 Mbp/m).
  1320808 sequences classified (98.46%)
  20701 sequences unclassified (1.54%)
ak2-sample	batch	2	name	2-SRR5935835	mode	parallel	s3client	sdk	rank	3	role	home	inflight	6	threads	16	start_s	104.831223	wall_s	3.659655	setup_s	0.000048	classify_s	2.993002	close_s	0.518838	report_s	0.145181	status	0	sequences	1341509	bases	254993682	classified	1320808	place	lpt	weight	1341509
2565282 sequences (465.56 Mbp) processed in 3.944s (39022.2 Kseq/m, 7081.98 Mbp/m).
  2508539 sequences classified (97.79%)
  56743 sequences unclassified (2.21%)
ak2-sample	batch	2	name	2-SRR5935783	mode	parallel	s3client	sdk	rank	3	role	home	inflight	6	threads	16	start_s	104.831235	wall_s	4.611800	setup_s	0.000041	classify_s	3.944345	close_s	0.528540	report_s	0.135184	status	0	sequences	2565282	bases	465562992	classified	2508539	place	lpt	weight	2565282
10532910 sequences (1945.09 Mbp) processed in 8.647s (73086.0 Kseq/m, 13496.66 Mbp/m).
  9366399 sequences classified (88.93%)
  1166511 sequences unclassified (11.07%)
ak2-sample	batch	2	name	2-SRR5935740	mode	parallel	s3client	sdk	rank	3	role	home	inflight	6	threads	16	start_s	104.831231	wall_s	9.281834	setup_s	0.000045	classify_s	8.646998	close_s	0.339452	report_s	0.278432	status	0	sequences	10532910	bases	1945093294	classified	9366399	place	lpt	weight	10532910
18879904 sequences (3539.14 Mbp) processed in 12.441s (91055.9 Kseq/m, 17068.89 Mbp/m).
  18627146 sequences classified (98.66%)
  252758 sequences unclassified (1.34%)
ak2-sample	batch	2	name	2-SRR5935749	mode	parallel	s3client	sdk	rank	3	role	home	inflight	6	threads	16	start_s	104.831225	wall_s	13.032390	setup_s	0.000047	classify_s	12.440652	close_s	0.329284	report_s	0.255536	status	0	sequences	18879904	bases	3539135454	classified	18627146	place	lpt	weight	18879904
ak2-timing	batch-barrier-2	117.863636	0.935551	2	0	0.008368	0.000793
ak2-engine	mem	t_s	120.2	rss_kib	44081824	hwm_kib	60626260	heap_inuse	6947586048	sys	25536458664	avail_kib	44043824
ak2-timing	barrier	125.220765	0.490375	0	0	0.012942	0.000273
ak2-sample	batch	3	name	3-SRR5935740	mode	striped	s3client	sdk	rank	3	role	peer	inflight	1	threads	16	start_s	119.661377	wall_s	6.049814	setup_s	0.000052	classify_s	5.557029	close_s	0.000000	report_s	0.000000	status	0	sequences	0	bases	0	classified	0	place	-	weight	-
ak2-timing	batch-barrier-3	125.711204	0.927913	2	0	0.007718	0.000727
ak2-timing	barrier	133.328677	0.271401	0	0	0.000000	0.014182
ak2-sample	batch	4	name	4-SRR5935740	mode	striped	s3client	sdk	rank	3	role	peer	inflight	1	threads	16	start_s	127.777357	wall_s	5.822767	setup_s	0.000052	classify_s	5.548977	close_s	0.000000	report_s	0.000000	status	0	sequences	0	bases	0	classified	0	place	-	weight	-
ak2-timing	batch-barrier-4	133.600133	0.898914	62	0	0.005589	0.002635
ak2-engine	mem	t_s	135.2	rss_kib	39384572	hwm_kib	60626260	heap_inuse	1976459264	sys	25536458664	avail_kib	53498824
ak2-timing	barrier	141.266804	0.235536	0	0	0.011081	0.000095
ak2-sample	batch	5	name	5-SRR5935740	mode	striped	s3client	sdk	rank	3	role	peer	inflight	1	threads	16	start_s	135.711758	wall_s	5.790638	setup_s	0.000051	classify_s	5.552566	close_s	0.000000	report_s	0.000000	status	0	sequences	0	bases	0	classified	0	place	-	weight	-
ak2-timing	batch-barrier-5	141.502405	0.923897	9	0	0.007584	0.000697
ak2-timing	batch-barrier-6	142.426325	7.534394	0	0	0.287825	0.081874
ak2-engine	mem	t_s	150.2	rss_kib	39401048	hwm_kib	60626260	heap_inuse	2390155264	sys	25536458664	avail_kib	55391476
ak2-timing	batch-barrier-7	149.960744	6.548630	0	0	0.298966	0.062690
ak2-timing	batch-barrier-8	156.509414	7.600619	1	0	0.344069	0.028521
ak2-engine	shard	0	n	32	lo	27869336057	hi	37159114742	tail	302	full	false	empty_at	9289778699	keys	4229995602	batches	89910	probe_s	91.194137	tail_probes	0	wrap_probes	0
ak2-engine	mem	t_s	164.1	rss_kib	39401052	hwm_kib	60626260	heap_inuse	2392997888	sys	25536458664	avail_kib	55816960
ak2-engine	rendezvous	puts	13	gets	1314
ak2-engine	s3	client	sdk	put	25	get	1314	create_multipart	12	upload_part	999	complete_multipart	12	abort_multipart	0	part_bytes	8354232688
ak2-engine	s3	client	cli	put	0	get	0	create_multipart	0	upload_part	0	complete_multipart	0	abort_multipart	0	part_bytes	0
ak2-engine	load	seconds	14.223531	requests	572	retries	0	bytes	37159181548
ak2-engine	route	transport	nodes	calls	2594	keys	3909033129	batches	83008	route_s	41.888411	wait_s	483.182852	gather_s	8.552910
ak2-engine	worker	scan_s	345.890115	lookup_s	533.625671	classify_s	218.488960
ak2-timing	total	0.000001	164.174686	14710591	0	824.976519	75.993183
