Loading database information...ak2-timing	opts	0.003089	0.000016	0	0	0.000017	0.000000
ak2-timing	taxo	0.003113	0.114958	87902	0	0.044003	0.073468
ak2-engine	mem	t_s	15.0	rss_kib	36685408	hwm_kib	36685412	heap_inuse	407379968	sys	444135784	avail_kib	58211728
ak2-timing	shard-load-4	0.187921	14.983431	24855	0	17.342102	15.240487
ak2-engine	mem	t_s	30.0	rss_kib	36700552	hwm_kib	36700564	heap_inuse	421265408	sys	457116024	avail_kib	58603760
ak2-engine	mem	t_s	45.0	rss_kib	36711360	hwm_kib	36711364	heap_inuse	432193536	sys	469961080	avail_kib	58756492
ak2-engine	mem	t_s	60.0	rss_kib	36719744	hwm_kib	36719748	heap_inuse	440623104	sys	478447992	avail_kib	58770880
ak2-timing	rendezvous	15.617350	57.976956	10117	0	0.160586	0.016399
ak2-timing	connect	73.594326	0.546852	9908	0	0.282851	0.029148
ak2-timing	hash	0.118095	74.023118	46746	0	17.798389	15.288520
 done.
ak2-engine	mem	t_s	75.0	rss_kib	46056092	hwm_kib	46056256	heap_inuse	10142121984	sys	10293498328	avail_kib	49252020
201473 sequences (36.75 Mbp) processed in 1.050s (11517.7 Kseq/m, 2100.64 Mbp/m).
  197603 sequences classified (98.08%)
  3870 sequences unclassified (1.92%)
ak2-sample	batch	0	name	0-SRR5935743	mode	parallel	s3client	sdk	rank	4	role	home	inflight	6	threads	16	start_s	74.141275	wall_s	1.528273	setup_s	0.000062	classify_s	1.049549	close_s	0.336044	report_s	0.141709	status	0	sequences	201473	bases	36745424	classified	197603	place	lpt	weight	201473
2823474 sequences (526.09 Mbp) processed in 3.678s (46063.4 Kseq/m, 8582.90 Mbp/m).
  2761157 sequences classified (97.79%)
  62317 sequences unclassified (2.21%)
ak2-sample	batch	0	name	0-SRR5935805	mode	parallel	s3client	sdk	rank	4	role	home	inflight	6	threads	16	start_s	74.141283	wall_s	4.229597	setup_s	0.000286	classify_s	3.677725	close_s	0.330693	report_s	0.217051	status	0	sequences	2823474	bases	526092284	classified	2761157	place	lpt	weight	2823474
10554303 sequences (1946.56 Mbp) processed in 8.371s (75648.8 Kseq/m, 13952.16 Mbp/m).
  10062971 sequences classified (95.34%)
  491332 sequences unclassified (4.66%)
ak2-sample	batch	0	name	0-SRR5935778	mode	parallel	s3client	sdk	rank	4	role	home	inflight	6	threads	16	start_s	74.141279	wall_s	8.878525	setup_s	0.000923	classify_s	8.371028	close_s	0.282503	report_s	0.211720	status	0	sequences	10554303	bases	1946564732	classified	10062971	place	lpt	weight	10554303
18645445 sequences (3449.57 Mbp) processed in 11.557s (96797.9 Kseq/m, 17908.47 Mbp/m).
  18393099 sequences classified (98.65%)
  252346 sequences unclassified (1.35%)
ak2-sample	batch	0	name	0-SRR5935751	mode	parallel	s3client	sdk	rank	4	role	home	inflight	6	threads	16	start_s	74.141281	wall_s	11.951660	setup_s	0.000063	classify_s	11.557346	close_s	0.244463	report_s	0.142065	status	0	sequences	18645445	bases	3449573600	classified	18393099	place	lpt	weight	18645445
ak2-timing	batch-barrier-0	86.092966	1.825455	3	0	0.121476	0.036591
ak2-engine	mem	t_s	90.0	rss_kib	53342356	hwm_kib	54701444	heap_inuse	17156694016	sys	19284970040	avail_kib	41413732
3168882 sequences (592.65 Mbp) processed in 3.454s (55041.9 Kseq/m, 10294.00 Mbp/m).
  3127330 sequences classified (98.69%)
  41552 sequences unclassified (1.31%)
ak2-sample	batch	1	name	1-SRR5935776	mode	parallel	s3client	sdk	rank	4	role	home	inflight	6	threads	16	start_s	87.918462	wall_s	3.990236	setup_s	0.000042	classify_s	3.454333	close_s	0.356606	report_s	0.175255	status	0	sequences	3168882	bases	592648009	classified	3127330	place	mod	weight	3168882
15328347 sequences (2853.53 Mbp) processed in 10.188s (90273.6 Kseq/m, 16805.34 Mbp/m).
  14998872 sequences classified (97.85%)
  329475 sequences unclassified (2.15%)
ak2-sample	batch	1	name	1-SRR5935744	mode	parallel	s3client	sdk	rank	4	role	home	inflight	6	threads	16	start_s	87.918456	wall_s	10.643856	setup_s	0.000044	classify_s	10.187929	close_s	0.316526	report_s	0.130553	status	0	sequences	15328347	bases	2853526686	classified	14998872	place	mod	weight	15328347
15500933 sequences (2889.47 Mbp) processed in 10.656s (87276.8 Kseq/m, 16268.93 Mbp/m).
  14777244 sequences classified (95.33%)
  723689 sequences unclassified (4.67%)
ak2-sample	batch	1	name	1-SRR5935808	mode	parallel	s3client	sdk	rank	4	role	home	inflight	6	threads	16	start_s	87.918453	wall_s	11.263580	setup_s	0.000048	classify_s	10.656395	close_s	0.386383	report_s	0.211199	status	0	sequences	15500933	bases	2889469649	classified	14777244	place	mod	weight	15500933
ak2-timing	batch-barrier-1	99.182055	5.066902	0	0	1.492952	0.216189
ak2-engine	mem	t_s	105.0	rss_kib	49881804	hwm_kib	55655112	heap_inuse	10006921216	sys	20174715656	avail_kib	41396768
201473 sequences (36.75 Mbp) processed in 1.018s (11874.1 Kseq/m, 2165.65 Mbp/m).
  197603 sequences classified (98.08%)
  3870 sequences unclassified (1.92%)
ak2-sample	batch	2	name	2-SRR5935743	mode	parallel	s3client	sdk	rank	4	role	home	inflight	6	threads	16	start_s	104.249005	wall_s	1.801291	setup_s	0.000050	classify_s	1.018044	close_s	0.677883	report_s	0.103378	status	0	sequences	201473	bases	36745424	classified	197603	place	lpt	weight	201473
2823474 sequences (526.09 Mbp) processed in 3.822s (44327.3 Kseq/m, 8259.43 Mbp/m).
  2761157 sequences classified (97.79%)
  62317 sequences unclassified (2.21%)
ak2-sample	batch	2	name	2-SRR5935805	mode	parallel	s3client	sdk	rank	4	role	home	inflight	6	threads	16	start_s	104.249022	wall_s	4.233105	setup_s	0.000046	classify_s	3.821760	close_s	0.269459	report_s	0.137127	status	0	sequences	2823474	bases	526092284	classified	2761157	place	lpt	weight	2823474
10554303 sequences (1946.56 Mbp) processed in 8.421s (75197.1 Kseq/m, 13868.85 Mbp/m).
  10062971 sequences classified (95.34%)
  491332 sequences unclassified (4.66%)
ak2-sample	batch	2	name	2-SRR5935778	mode	parallel	s3client	sdk	rank	4	role	home	inflight	6	threads	16	start_s	104.249016	wall_s	9.115758	setup_s	0.000060	classify_s	8.421309	close_s	0.457659	report_s	0.224575	status	0	sequences	10554303	bases	1946564732	classified	10062971	place	lpt	weight	10554303
18645445 sequences (3449.57 Mbp) processed in 11.848s (94422.8 Kseq/m, 17469.06 Mbp/m).
  18393099 sequences classified (98.65%)
  252346 sequences unclassified (1.35%)
ak2-sample	batch	2	name	2-SRR5935751	mode	parallel	s3client	sdk	rank	4	role	home	inflight	6	threads	16	start_s	104.249028	wall_s	12.288764	setup_s	0.000046	classify_s	11.848058	close_s	0.274553	report_s	0.158429	status	0	sequences	18645445	bases	3449573600	classified	18393099	place	lpt	weight	18645445
ak2-timing	batch-barrier-2	116.537819	1.282145	0	0	0.038244	0.160531
ak2-engine	mem	t_s	120.0	rss_kib	45097288	hwm_kib	56240096	heap_inuse	5532205056	sys	20708023176	avail_kib	44591280
ak2-timing	barrier	124.800821	0.520671	0	0	0.015722	0.000511
ak2-sample	batch	3	name	3-SRR5935740	mode	striped	s3client	sdk	rank	4	role	peer	inflight	1	threads	16	start_s	119.247610	wall_s	6.073929	setup_s	0.000048	classify_s	5.550581	close_s	0.000000	report_s	0.000000	status	0	sequences	0	bases	0	classified	0	place	-	weight	-
ak2-timing	batch-barrier-3	125.321550	0.911647	1	0	0.007603	0.000690
ak2-timing	barrier	132.958747	0.251690	0	0	0.011535	0.001038
ak2-sample	batch	4	name	4-SRR5935740	mode	striped	s3client	sdk	rank	4	role	peer	inflight	1	threads	16	start_s	127.403749	wall_s	5.806738	setup_s	0.000041	classify_s	5.552623	close_s	0.000000	report_s	0.000000	status	0	sequences	0	bases	0	classified	0	place	-	weight	-
ak2-timing	batch-barrier-4	133.210495	0.892883	16	0	0.007572	0.000682
ak2-engine	mem	t_s	135.0	rss_kib	39315388	hwm_kib	56240096	heap_inuse	2474811392	sys	20708547464	avail_kib	53999248
ak2-timing	barrier	140.880008	0.232687	0	0	0.009923	0.000000
ak2-sample	batch	5	name	5-SRR5935740	mode	striped	s3client	sdk	rank	4	role	peer	inflight	1	threads	16	start_s	135.322708	wall_s	5.790032	setup_s	0.000043	classify_s	5.554918	close_s	0.000000	report_s	0.000000	status	0	sequences	0	bases	0	classified	0	place	-	weight	-
ak2-timing	batch-barrier-5	141.112750	0.907024	6	0	0.007597	0.000667
ak2-timing	batch-barrier-6	142.019790	7.525150	3	0	0.296675	0.064683
ak2-engine	mem	t_s	150.0	rss_kib	39321300	hwm_kib	56240096	heap_inuse	2081923072	sys	20708547464	avail_kib	55562632
ak2-timing	batch-barrier-7	149.544965	6.469846	23	0	0.328131	0.039025
ak2-timing	batch-barrier-8	156.014835	7.461882	10	0	0.324389	0.035995
ak2-engine	shard	0	n	32	lo	37159114742	hi	46448893428	tail	302	full	false	empty_at	9289778686	keys	4245999843	batches	89910	probe_s	90.141291	tail_probes	0	wrap_probes	0
ak2-engine	mem	t_s	163.5	rss_kib	39321432	hwm_kib	56240096	heap_inuse	2084208640	sys	20708547464	avail_kib	56005768
ak2-engine	rendezvous	puts	13	gets	1360
ak2-engine	s3	client	sdk	put	24	get	1360	create_multipart	11	upload_part	978	complete_multipart	11	abort_multipart	0	part_bytes	8143811041
ak2-engine	s3	client	cli	put	0	get	0	create_multipart	0	upload_part	0	complete_multipart	0	abort_multipart	0	part_bytes	0
ak2-engine	load	seconds	14.983428	requests	572	retries	0	bytes	37159181552
ak2-engine	route	transport	nodes	calls	2621	keys	3954843974	batches	83872	route_s	37.797712	wait_s	460.916089	gather_s	8.350487
ak2-engine	worker	scan_s	302.035113	lookup_s	507.065993	classify_s	219.206525
ak2-timing	total	0.000001	163.546288	12250110	0	827.096857	73.765420
