Loading database information...ak2-timing	opts	0.002762	0.000016	0	0	0.000016	0.000000
ak2-timing	taxo	0.002786	0.093677	87791	0	0.022195	0.086337
ak2-engine	mem	t_s	15.0	rss_kib	26357960	hwm_kib	26360008	heap_inuse	395476992	sys	409983336	avail_kib	101270368
ak2-engine	mem	t_s	30.0	rss_kib	52791612	hwm_kib	52791616	heap_inuse	397688832	sys	409983336	avail_kib	74780880
ak2-timing	shard-load-3	0.141574	41.643984	40595	0	53.145960	73.481420
ak2-engine	mem	t_s	45.0	rss_kib	72971644	hwm_kib	72971648	heap_inuse	403038208	sys	418437480	avail_kib	54542276
ak2-engine	mem	t_s	60.0	rss_kib	72976384	hwm_kib	72976388	heap_inuse	408289280	sys	422631784	avail_kib	54827404
ak2-engine	mem	t_s	75.0	rss_kib	72979460	hwm_kib	72979464	heap_inuse	411664384	sys	426826088	avail_kib	54808000
ak2-timing	rendezvous	42.385339	37.600394	11284	0	0.159407	0.092764
ak2-timing	connect	79.985747	0.218245	1305	0	0.116412	0.000000
ak2-timing	hash	0.096491	80.107523	55105	0	53.433345	73.577844
 done.
ak2-engine	mem	t_s	90.0	rss_kib	78342696	hwm_kib	78354416	heap_inuse	4006993920	sys	6014410648	avail_kib	48842332
18879904 sequences (3539.14 Mbp) processed in 18.971s (59710.5 Kseq/m, 11193.04 Mbp/m).
  18627146 sequences classified (98.66%)
  252758 sequences unclassified (1.34%)
ak2-sample	batch	0	name	0-SRR5935749	mode	parallel	s3client	sdk	rank	3	role	home	inflight	1	threads	16	start_s	80.204047	wall_s	19.360218	setup_s	0.000054	classify_s	18.971449	close_s	0.238781	report_s	0.142775	status	0	sequences	18879904	bases	3539135454	classified	18627146	place	lpt	weight	18879904
ak2-engine	mem	t_s	105.0	rss_kib	78475580	hwm_kib	78532328	heap_inuse	3596451840	sys	6182690744	avail_kib	48922508
14298074 sequences (2663.28 Mbp) processed in 14.444s (59395.6 Kseq/m, 11063.53 Mbp/m).
  14234512 sequences classified (99.56%)
  63562 sequences unclassified (0.44%)
ak2-sample	batch	0	name	0-SRR5935752	mode	parallel	s3client	sdk	rank	3	role	home	inflight	1	threads	16	start_s	99.564293	wall_s	14.804010	setup_s	0.000066	classify_s	14.443570	close_s	0.238604	report_s	0.117894	status	0	sequences	14298074	bases	2663280360	classified	14234512	place	lpt	weight	14298074
ak2-engine	mem	t_s	120.0	rss_kib	78349176	hwm_kib	78532328	heap_inuse	4640874496	sys	6182739896	avail_kib	49015716
12244248 sequences (2292.24 Mbp) processed in 12.660s (58027.6 Kseq/m, 10863.32 Mbp/m).
  11933067 sequences classified (97.46%)
  311181 sequences unclassified (2.54%)
ak2-sample	batch	0	name	0-SRR5935816	mode	parallel	s3client	sdk	rank	3	role	home	inflight	1	threads	16	start_s	114.368328	wall_s	13.015218	setup_s	0.000074	classify_s	12.660431	close_s	0.221541	report_s	0.125690	status	0	sequences	12244248	bases	2292238030	classified	11933067	place	lpt	weight	12244248
ak2-engine	mem	t_s	135.0	rss_kib	78876860	hwm_kib	79031224	heap_inuse	5616754688	sys	6659334312	avail_kib	48667968
10554303 sequences (1946.56 Mbp) processed in 10.973s (57709.1 Kseq/m, 10643.48 Mbp/m).
  10062971 sequences classified (95.34%)
  491332 sequences unclassified (4.66%)
ak2-sample	batch	0	name	0-SRR5935778	mode	parallel	s3client	sdk	rank	3	role	home	inflight	1	threads	16	start_s	127.383568	wall_s	11.374990	setup_s	0.000060	classify_s	10.973280	close_s	0.230831	report_s	0.159330	status	0	sequences	10554303	bases	1946564732	classified	10062971	place	lpt	weight	10554303
10128070 sequences (1876.81 Mbp) processed in 10.335s (58798.0 Kseq/m, 10895.73 Mbp/m).
  9942775 sequences classified (98.17%)
  185295 sequences unclassified (1.83%)
ak2-sample	batch	0	name	0-SRR5935782	mode	parallel	s3client	sdk	rank	3	role	home	inflight	1	threads	16	start_s	138.758582	wall_s	10.720031	setup_s	0.000079	classify_s	10.335114	close_s	0.226515	report_s	0.152339	status	0	sequences	10128070	bases	1876810820	classified	9942775	place	lpt	weight	10128070
ak2-engine	mem	t_s	150.0	rss_kib	78187524	hwm_kib	79084856	heap_inuse	2510929920	sys	6737064120	avail_kib	48916124
1513694 sequences (270.73 Mbp) processed in 1.881s (48284.1 Kseq/m, 8635.88 Mbp/m).
  1488159 sequences classified (98.31%)
  25535 sequences unclassified (1.69%)
ak2-sample	batch	0	name	0-SRR5935789	mode	parallel	s3client	sdk	rank	3	role	home	inflight	1	threads	16	start_s	149.478636	wall_s	2.312153	setup_s	0.000064	classify_s	1.880984	close_s	0.261886	report_s	0.167079	status	0	sequences	1513694	bases	270732465	classified	1488159	place	lpt	weight	1513694
1341509 sequences (254.99 Mbp) processed in 1.852s (43466.2 Kseq/m, 8262.05 Mbp/m).
  1320808 sequences classified (98.46%)
  20701 sequences unclassified (1.54%)
ak2-sample	batch	0	name	0-SRR5935835	mode	parallel	s3client	sdk	rank	3	role	home	inflight	1	threads	16	start_s	151.790813	wall_s	2.198099	setup_s	0.000083	classify_s	1.851796	close_s	0.224904	report_s	0.118797	status	0	sequences	1341509	bases	254993682	classified	1320808	place	lpt	weight	1341509
ak2-timing	batch-barrier-0	153.988935	4.602669	1	0	1.090823	0.176651
201473 sequences (36.75 Mbp) processed in 0.511s (23664.7 Kseq/m, 4316.05 Mbp/m).
  197603 sequences classified (98.08%)
  3870 sequences unclassified (1.92%)
ak2-sample	batch	1	name	1-SRR5935743	mode	parallel	s3client	sdk	rank	3	role	home	inflight	1	threads	16	start_s	158.591629	wall_s	0.810946	setup_s	0.000056	classify_s	0.510820	close_s	0.194254	report_s	0.105064	status	0	sequences	201473	bases	36745424	classified	197603	place	mod	weight	201473
ak2-engine	mem	t_s	165.0	rss_kib	78142160	hwm_kib	79084856	heap_inuse	4512677888	sys	6737391800	avail_kib	49206820
15312868 sequences (2847.18 Mbp) processed in 15.117s (60778.6 Kseq/m, 11300.78 Mbp/m).
  13152387 sequences classified (85.89%)
  2160481 sequences unclassified (14.11%)
ak2-sample	batch	1	name	1-SRR5935759	mode	parallel	s3client	sdk	rank	3	role	home	inflight	1	threads	16	start_s	159.402599	wall_s	15.588994	setup_s	0.000055	classify_s	15.116706	close_s	0.252593	report_s	0.207298	status	0	sequences	15312868	bases	2847175138	classified	13152387	place	mod	weight	15312868
ak2-engine	mem	t_s	180.1	rss_kib	78912368	hwm_kib	79084856	heap_inuse	5052178432	sys	6737391800	avail_kib	48308760
13010149 sequences (2394.73 Mbp) processed in 12.922s (60407.7 Kseq/m, 11119.04 Mbp/m).
  12910203 sequences classified (99.23%)
  99946 sequences unclassified (0.77%)
ak2-sample	batch	1	name	1-SRR5935775	mode	parallel	s3client	sdk	rank	3	role	home	inflight	1	threads	16	start_s	174.991621	wall_s	13.282603	setup_s	0.000061	classify_s	12.922336	close_s	0.223082	report_s	0.132046	status	0	sequences	13010149	bases	2394732661	classified	12910203	place	mod	weight	13010149
ak2-engine	mem	t_s	195.1	rss_kib	78625836	hwm_kib	79303472	heap_inuse	3614212096	sys	6951579896	avail_kib	48586404
10140194 sequences (1929.10 Mbp) processed in 10.754s (56573.7 Kseq/m, 10762.76 Mbp/m).
  10096895 sequences classified (99.57%)
  43299 sequences unclassified (0.43%)
ak2-sample	batch	1	name	1-SRR5935791	mode	parallel	s3client	sdk	rank	3	role	home	inflight	1	threads	16	start_s	188.274252	wall_s	11.152472	setup_s	0.000062	classify_s	10.754311	close_s	0.263506	report_s	0.130622	status	0	sequences	10140194	bases	1929101997	classified	10096895	place	mod	weight	10140194
ak2-engine	mem	t_s	210.1	rss_kib	78745348	hwm_kib	79303472	heap_inuse	5432614912	sys	6951579896	avail_kib	48737916
16708997 sequences (3043.02 Mbp) processed in 16.264s (61640.0 Kseq/m, 11225.81 Mbp/m).
  15000245 sequences classified (89.77%)
  1708752 sequences unclassified (10.23%)
ak2-sample	batch	1	name	1-SRR5935807	mode	parallel	s3client	sdk	rank	3	role	home	inflight	1	threads	16	start_s	199.426749	wall_s	16.697507	setup_s	0.000066	classify_s	16.264435	close_s	0.246075	report_s	0.168716	status	0	sequences	16708997	bases	3043023590	classified	15000245	place	mod	weight	16708997
ak2-engine	mem	t_s	225.1	rss_kib	78508752	hwm_kib	79303472	heap_inuse	5161091072	sys	6951579896	avail_kib	49029800
20770968 sequences (3886.70 Mbp) processed in 20.109s (61974.5 Kseq/m, 11596.76 Mbp/m).
  20594735 sequences classified (99.15%)
  176233 sequences unclassified (0.85%)
ak2-sample	batch	1	name	1-SRR5935823	mode	parallel	s3client	sdk	rank	3	role	home	inflight	1	threads	16	start_s	216.124288	wall_s	20.528022	setup_s	0.000062	classify_s	20.109218	close_s	0.259458	report_s	0.153580	status	0	sequences	20770968	bases	3886695944	classified	20594735	place	mod	weight	20770968
1085628 sequences (199.24 Mbp) processed in 1.408s (46277.4 Kseq/m, 8493.26 Mbp/m).
  1061820 sequences classified (97.81%)
  23808 sequences unclassified (2.19%)
ak2-sample	batch	1	name	1-SRR5935839	mode	parallel	s3client	sdk	rank	3	role	home	inflight	1	threads	16	start_s	236.652338	wall_s	1.753125	setup_s	0.000061	classify_s	1.407547	close_s	0.201085	report_s	0.142064	status	0	sequences	1085628	bases	199244471	classified	1061820	place	mod	weight	1085628
ak2-engine	mem	t_s	240.1	rss_kib	77864008	hwm_kib	79303472	heap_inuse	3771146240	sys	6951579896	avail_kib	49747780
ak2-timing	batch-barrier-1	238.405485	10.575190	5	0	2.006069	0.265714
ak2-engine	mem	t_s	255.1	rss_kib	78516356	hwm_kib	79303472	heap_inuse	3265789952	sys	6951579896	avail_kib	49032292
18879904 sequences (3539.14 Mbp) processed in 19.181s (59057.8 Kseq/m, 11070.69 Mbp/m).
  18627146 sequences classified (98.66%)
  252758 sequences unclassified (1.34%)
ak2-sample	batch	2	name	2-SRR5935749	mode	parallel	s3client	sdk	rank	3	role	home	inflight	1	threads	16	start_s	248.980722	wall_s	19.691719	setup_s	0.000050	classify_s	19.181119	close_s	0.281312	report_s	0.222052	status	0	sequences	18879904	bases	3539135454	classified	18627146	place	lpt	weight	18879904
ak2-engine	mem	t_s	270.1	rss_kib	78359096	hwm_kib	79303472	heap_inuse	4520304640	sys	6951710968	avail_kib	49196132
14298074 sequences (2663.28 Mbp) processed in 14.735s (58220.9 Kseq/m, 10844.71 Mbp/m).
  14234512 sequences classified (99.56%)
  63562 sequences unclassified (0.44%)
ak2-sample	batch	2	name	2-SRR5935752	mode	parallel	s3client	sdk	rank	3	role	home	inflight	1	threads	16	start_s	268.672466	wall_s	15.091765	setup_s	0.000061	classify_s	14.734999	close_s	0.223268	report_s	0.129595	status	0	sequences	14298074	bases	2663280360	classified	14234512	place	lpt	weight	14298074
ak2-engine	mem	t_s	285.1	rss_kib	78419032	hwm_kib	79303472	heap_inuse	3909394432	sys	6951710968	avail_kib	48901632
12244248 sequences (2292.24 Mbp) processed in 12.602s (58295.6 Kseq/m, 10913.48 Mbp/m).
  11933067 sequences classified (97.46%)
  311181 sequences unclassified (2.54%)
ak2-sample	batch	2	name	2-SRR5935816	mode	parallel	s3client	sdk	rank	3	role	home	inflight	1	threads	16	start_s	283.764257	wall_s	13.011623	setup_s	0.000057	classify_s	12.602240	close_s	0.243603	report_s	0.158910	status	0	sequences	12244248	bases	2292238030	classified	11933067	place	lpt	weight	12244248
ak2-engine	mem	t_s	300.1	rss_kib	78878036	hwm_kib	79303472	heap_inuse	3528982528	sys	6981071096	avail_kib	48528332
10554303 sequences (1946.56 Mbp) processed in 10.863s (58294.9 Kseq/m, 10751.53 Mbp/m).
  10062971 sequences classified (95.34%)
  491332 sequences unclassified (4.66%)
ak2-sample	batch	2	name	2-SRR5935778	mode	parallel	s3client	sdk	rank	3	role	home	inflight	1	threads	16	start_s	296.775904	wall_s	11.256517	setup_s	0.000065	classify_s	10.863006	close_s	0.222628	report_s	0.158537	status	0	sequences	10554303	bases	1946564732	classified	10062971	place	lpt	weight	10554303
ak2-engine	mem	t_s	315.1	rss_kib	78394288	hwm_kib	79303472	heap_inuse	4288397312	sys	6981071096	avail_kib	49117116
10128070 sequences (1876.81 Mbp) processed in 10.431s (58255.3 Kseq/m, 10795.17 Mbp/m).
  9942775 sequences classified (98.17%)
  185295 sequences unclassified (1.83%)
ak2-sample	batch	2	name	2-SRR5935782	mode	parallel	s3client	sdk	rank	3	role	home	inflight	1	threads	16	start_s	308.032447	wall_s	10.930248	setup_s	0.000060	classify_s	10.431397	close_s	0.301015	report_s	0.191649	status	0	sequences	10128070	bases	1876810820	classified	9942775	place	lpt	weight	10128070
1513694 sequences (270.73 Mbp) processed in 1.868s (48630.6 Kseq/m, 8697.85 Mbp/m).
  1488159 sequences classified (98.31%)
  25535 sequences unclassified (1.69%)
ak2-sample	batch	2	name	2-SRR5935789	mode	parallel	s3client	sdk	rank	3	role	home	inflight	1	threads	16	start_s	318.962722	wall_s	2.199879	setup_s	0.000053	classify_s	1.867583	close_s	0.207491	report_s	0.122607	status	0	sequences	1513694	bases	270732465	classified	1488159	place	lpt	weight	1513694
1341509 sequences (254.99 Mbp) processed in 1.799s (44754.0 Kseq/m, 8506.82 Mbp/m).
  1320808 sequences classified (98.46%)
  20701 sequences unclassified (1.54%)
ak2-sample	batch	2	name	2-SRR5935835	mode	parallel	s3client	sdk	rank	3	role	home	inflight	1	threads	16	start_s	321.162623	wall_s	2.138489	setup_s	0.000072	classify_s	1.798513	close_s	0.209158	report_s	0.128274	status	0	sequences	1341509	bases	254993682	classified	1320808	place	lpt	weight	1341509
ak2-timing	batch-barrier-2	323.301133	5.593417	1	0	1.266743	0.206493
ak2-engine	mem	t_s	330.1	rss_kib	77728600	hwm_kib	79303472	heap_inuse	3662454784	sys	6981136632	avail_kib	49908140
ak2-timing	barrier	335.719568	0.255038	0	0	0.003263	0.000000
ak2-sample	batch	3	name	3-SRR5935740	mode	striped	s3client	sdk	rank	3	role	peer	inflight	1	threads	16	start_s	330.001095	wall_s	5.973555	setup_s	0.000054	classify_s	5.714294	close_s	0.000000	report_s	0.000000	status	0	sequences	0	bases	0	classified	0	place	-	weight	-
ak2-timing	batch-barrier-3	335.974659	0.500393	0	0	0.007853	0.000000
ak2-timing	barrier	342.961286	0.220222	0	0	0.006592	0.000000
ak2-sample	batch	4	name	4-SRR5935740	mode	striped	s3client	sdk	rank	3	role	peer	inflight	1	threads	16	start_s	337.237495	wall_s	5.944054	setup_s	0.000055	classify_s	5.719330	close_s	0.000000	report_s	0.000000	status	0	sequences	0	bases	0	classified	0	place	-	weight	-
ak2-timing	batch-barrier-4	343.181557	0.535952	0	0	0.006060	0.000000
ak2-engine	mem	t_s	345.1	rss_kib	76726788	hwm_kib	79303472	heap_inuse	3886120960	sys	6981136632	avail_kib	50940656
ak2-timing	barrier	350.151453	0.095852	0	0	0.002728	0.000236
ak2-sample	batch	5	name	5-SRR5935740	mode	striped	s3client	sdk	rank	3	role	peer	inflight	1	threads	16	start_s	344.456554	wall_s	5.790790	setup_s	0.000051	classify_s	5.690725	close_s	0.000000	report_s	0.000000	status	0	sequences	0	bases	0	classified	0	place	-	weight	-
ak2-timing	batch-barrier-5	350.247356	0.486617	0	0	0.005842	0.000507
ak2-engine	mem	t_s	360.1	rss_kib	76527108	hwm_kib	79303472	heap_inuse	3756204032	sys	6981136632	avail_kib	51183620
ak2-timing	batch-barrier-6	350.733991	11.176560	0	0	0.719704	0.093929
ak2-timing	batch-barrier-7	361.910571	9.177530	2	0	0.702977	0.060246
ak2-engine	mem	t_s	375.1	rss_kib	76527116	hwm_kib	79303472	heap_inuse	3758948352	sys	6981136632	avail_kib	51323136
ak2-timing	batch-barrier-8	371.088122	10.210014	0	0	0.708053	0.075251
ak2-engine	shard	0	n	16	lo	55738672114	hi	74318229485	tail	302	full	false	empty_at	18579557370	keys	8470412349	batches	89910	probe_s	215.615309	tail_probes	0	wrap_probes	0
ak2-engine	mem	t_s	381.3	rss_kib	76527116	hwm_kib	79303472	heap_inuse	3759235072	sys	6981136632	avail_kib	51274300
ak2-engine	rendezvous	puts	13	gets	672
ak2-engine	s3	client	sdk	put	34	get	672	create_multipart	21	upload_part	2157	complete_multipart	21	abort_multipart	0	part_bytes	18001191177
ak2-engine	s3	client	cli	put	0	get	0	create_multipart	0	upload_part	0	complete_multipart	0	abort_multipart	0	part_bytes	0
ak2-engine	load	seconds	41.643979	requests	1126	retries	0	bytes	74318296292
ak2-engine	route	transport	nodes	calls	5734	keys	8665196449	batches	91744	route_s	101.809690	wait_s	335.276675	gather_s	19.303484
ak2-engine	worker	scan_s	762.237820	lookup_s	456.394129	classify_s	670.649780
ak2-timing	total	0.000001	381.436790	7846390	0	1688.619746	146.742948
