ak2: log tee up
ak2-phase	2026-10-08T15:39:20Z	1791473960	preamble	no
ak2: [2026-10-08T15:39:20Z] inherited $-=hBc (stub, as spawn started it: $-=hBc)
ak2: [2026-10-08T15:39:20Z] after set +e $-=hBc
ak2: [2026-10-08T15:39:20Z] gate=g3 run=20261008-153829-c825453-f61a-n16-r8
ak2: [2026-10-08T15:39:20Z] aws shim installed and self-tested (/tmp/ak2-bin/aws -> /usr/bin/aws)
ak2: [2026-10-08T15:39:20Z] imds region=us-west-2 az=us-west-2a instance=i-03553eb14185af603 type=c9g.12xlarge ami=ami-09325776a00699513
ak2: [2026-10-08T15:39:20Z] bucket aws-kraken2-942542972736-us-west-2 region=us-west-2
ak2: [2026-10-08T15:39:20Z] bucket aws-kraken2-942542972736-us-west-2 payer=UNKNOWN
ak2: [2026-10-08T15:39:20Z] WARN: could not read Payer of aws-kraken2-942542972736-us-west-2 from the instance (launch host verified it)
ak2: [2026-10-08T15:39:20Z] bucket kraken2-ncbi-refseq-complete-v205 region=us-west-2
ak2: [2026-10-08T15:39:21Z] bucket kraken2-ncbi-refseq-complete-v205 payer=BucketOwner
ak2: [2026-10-08T15:39:21Z] region assert passed
ak2: [2026-10-08T15:39:21Z] drop_caches_ok=true
ak2: [2026-10-08T15:39:21Z] preamble done; spec body starts
ak2-phase	2026-10-08T15:39:21Z	1791473961	body	no
ak2: [2026-10-08T15:39:21Z] e3 cohort 20261008-153829-c825453-f61a-n16 rank 8 of 16, commit c825453; RODA kraken2-ncbi-refseq-complete-v205/Kraken2_RefSeqCompleteV205; samples aws-kraken2-942542972736-us-west-2/aws-kraken2/data/cohort; cohort 100
ak2-phase	2026-10-08T15:39:21Z	1791473961	setup	no
ak2: [2026-10-08T15:39:50Z] built c8254539ee95ecfb2c4879cf0132cad93f30d3e2; go version go1.27.1 linux/arm64; ip 172.31.30.210; nproc 48; mem_gib 92; threads 16, inflight 1
ak2-phase	2026-10-08T15:39:50Z	1791473990	manifest	no
Terminated
ak2: [2026-10-08T15:39:50Z] spec body exit rc=129 (SIGHUP)
ak2-phase	2026-10-08T15:39:50Z	1791473990	end	no
