Loading database information...ak2-timing	opts	0.003201	0.000017	0	0	0.000015	0.000000
ak2-timing	taxo	0.003226	0.118474	87821	0	0.023853	0.097398
ak2-timing	shard-load-2	0.184903	14.382650	23519	0	17.684494	15.949584
ak2-engine	mem	t_s	15.0	rss_kib	36682056	hwm_kib	36682060	heap_inuse	401702912	sys	424196456	avail_kib	58230148
ak2-engine	mem	t_s	30.0	rss_kib	36697432	hwm_kib	36697436	heap_inuse	417710080	sys	441301352	avail_kib	58601236
ak2-engine	mem	t_s	45.0	rss_kib	36708292	hwm_kib	36708296	heap_inuse	428711936	sys	450021752	avail_kib	58729624
ak2-engine	mem	t_s	60.0	rss_kib	36715632	hwm_kib	36715636	heap_inuse	436011008	sys	458475896	avail_kib	58736456
ak2-timing	rendezvous	15.046056	55.755701	9198	0	0.110134	0.057316
ak2-timing	connect	70.801772	0.397034	6655	0	0.123484	0.000000
ak2-timing	hash	0.121758	71.077070	41296	0	17.932568	16.008067
 done.
1771479 sequences (333.19 Mbp) processed in 3.110s (34179.1 Kseq/m, 6428.55 Mbp/m).
  1476454 sequences classified (83.35%)
  295025 sequences unclassified (16.65%)
ak2-sample	batch	0	name	0-SRR5935793	mode	parallel	s3client	sdk	rank	2	role	home	inflight	6	threads	16	start_s	71.198902	wall_s	3.695197	setup_s	0.000058	classify_s	3.109755	close_s	0.343318	report_s	0.234104	status	0	sequences	1771479	bases	333187068	classified	1476454	place	lpt	weight	1771479
ak2-engine	mem	t_s	75.0	rss_kib	53497176	hwm_kib	53497176	heap_inuse	11502755840	sys	18161875240	avail_kib	41745752
10492437 sequences (1984.14 Mbp) processed in 7.874s (79949.9 Kseq/m, 15118.69 Mbp/m).
  9889429 sequences classified (94.25%)
  603008 sequences unclassified (5.75%)
ak2-sample	batch	0	name	0-SRR5935745	mode	parallel	s3client	sdk	rank	2	role	home	inflight	6	threads	16	start_s	71.198902	wall_s	8.407644	setup_s	0.000093	classify_s	7.874260	close_s	0.290599	report_s	0.231484	status	0	sequences	10492437	bases	1984140901	classified	9889429	place	lpt	weight	10492437
20086542 sequences (3689.65 Mbp) processed in 12.437s (96906.3 Kseq/m, 17800.49 Mbp/m).
  19142785 sequences classified (95.30%)
  943757 sequences unclassified (4.70%)
ak2-sample	batch	0	name	0-SRR5935798	mode	parallel	s3client	sdk	rank	2	role	home	inflight	6	threads	16	start_s	71.198888	wall_s	12.924210	setup_s	0.000066	classify_s	12.436675	close_s	0.252626	report_s	0.221401	status	0	sequences	20086542	bases	3689648337	classified	19142785	place	lpt	weight	20086542
ak2-timing	batch-barrier-0	84.123115	1.009391	3	0	0.007927	0.035952
ak2-engine	mem	t_s	90.0	rss_kib	59407856	hwm_kib	59407856	heap_inuse	20936474624	sys	24184753768	avail_kib	35820876
12252617 sequences (2212.67 Mbp) processed in 12.292s (59809.4 Kseq/m, 10800.85 Mbp/m).
  10208851 sequences classified (83.32%)
  2043766 sequences unclassified (16.68%)
12325847 sequences (2261.51 Mbp) processed in 12.454s (59380.6 Kseq/m, 10894.98 Mbp/m).
  11791754 sequences classified (95.67%)
  534093 sequences unclassified (4.33%)
ak2-sample	batch	1	name	1-SRR5935774	mode	parallel	s3client	sdk	rank	2	role	home	inflight	6	threads	16	start_s	85.132558	wall_s	12.790999	setup_s	0.000038	classify_s	12.291673	close_s	0.304253	report_s	0.178159	status	0	sequences	12252617	bases	2212674525	classified	10208851	place	mod	weight	12252617
14615323 sequences (2691.06 Mbp) processed in 12.674s (69188.3 Kseq/m, 12739.37 Mbp/m).
  14358414 sequences classified (98.24%)
  256909 sequences unclassified (1.76%)
ak2-sample	batch	1	name	1-SRR5935742	mode	parallel	s3client	sdk	rank	2	role	home	inflight	6	threads	16	start_s	85.132565	wall_s	13.049261	setup_s	0.000041	classify_s	12.454423	close_s	0.293253	report_s	0.292206	status	0	sequences	12325847	bases	2261511731	classified	11791754	place	mod	weight	12325847
ak2-sample	batch	1	name	1-SRR5935838	mode	parallel	s3client	sdk	rank	2	role	home	inflight	6	threads	16	start_s	85.132536	wall_s	13.153590	setup_s	0.000049	classify_s	12.674388	close_s	0.340721	report_s	0.131196	status	0	sequences	14615323	bases	2691062094	classified	14358414	place	mod	weight	14615323
14472574 sequences (2738.53 Mbp) processed in 13.674s (63503.1 Kseq/m, 12016.18 Mbp/m).
  14022498 sequences classified (96.89%)
  450076 sequences unclassified (3.11%)
ak2-sample	batch	1	name	1-SRR5935806	mode	parallel	s3client	sdk	rank	2	role	home	inflight	6	threads	16	start_s	85.132574	wall_s	14.243925	setup_s	0.000041	classify_s	13.674212	close_s	0.374285	report_s	0.187311	status	0	sequences	14472574	bases	2738529910	classified	14022498	place	mod	weight	14472574
ak2-timing	batch-barrier-1	99.376518	1.661885	0	0	0.030970	0.011113
1771479 sequences (333.19 Mbp) processed in 2.438s (43591.1 Kseq/m, 8198.79 Mbp/m).
  1476454 sequences classified (83.35%)
  295025 sequences unclassified (16.65%)
ak2-sample	batch	2	name	2-SRR5935793	mode	parallel	s3client	sdk	rank	2	role	home	inflight	6	threads	16	start_s	101.038448	wall_s	2.894901	setup_s	0.000042	classify_s	2.438314	close_s	0.310602	report_s	0.138394	status	0	sequences	1771479	bases	333187068	classified	1476454	place	lpt	weight	1771479
ak2-engine	mem	t_s	105.0	rss_kib	55831048	hwm_kib	62395348	heap_inuse	13788504064	sys	27092656408	avail_kib	34364916
10492437 sequences (1984.14 Mbp) processed in 8.495s (74108.7 Kseq/m, 14014.11 Mbp/m).
  9889429 sequences classified (94.25%)
  603008 sequences unclassified (5.75%)
ak2-sample	batch	2	name	2-SRR5935745	mode	parallel	s3client	sdk	rank	2	role	home	inflight	6	threads	16	start_s	101.038459	wall_s	9.177197	setup_s	0.000040	classify_s	8.494901	close_s	0.501945	report_s	0.169215	status	0	sequences	10492437	bases	1984140901	classified	9889429	place	lpt	weight	10492437
20086542 sequences (3689.65 Mbp) processed in 12.826s (93968.2 Kseq/m, 17260.79 Mbp/m).
  19142785 sequences classified (95.30%)
  943757 sequences unclassified (4.70%)
ak2-sample	batch	2	name	2-SRR5935798	mode	parallel	s3client	sdk	rank	2	role	home	inflight	6	threads	16	start_s	101.038451	wall_s	13.239053	setup_s	0.000040	classify_s	12.825539	close_s	0.227108	report_s	0.170531	status	0	sequences	20086542	bases	3689648337	classified	19142785	place	lpt	weight	20086542
ak2-timing	batch-barrier-2	114.277529	0.931066	0	0	0.024220	0.001225
ak2-engine	mem	t_s	120.0	rss_kib	38714028	hwm_kib	62395348	heap_inuse	2156814336	sys	27092672792	avail_kib	50058416
ak2-timing	barrier	122.170963	0.497480	0	0	0.014904	0.000416
ak2-sample	batch	3	name	3-SRR5935740	mode	striped	s3client	sdk	rank	2	role	peer	inflight	1	threads	16	start_s	116.594183	wall_s	6.074321	setup_s	0.000055	classify_s	5.574076	close_s	0.000000	report_s	0.000000	status	0	sequences	0	bases	0	classified	0	place	-	weight	-
ak2-timing	batch-barrier-3	122.668516	0.871248	67	0	0.008082	0.000697
ak2-timing	barrier	130.292595	0.264791	0	0	0.011803	0.001008
ak2-sample	batch	4	name	4-SRR5935740	mode	striped	s3client	sdk	rank	2	role	peer	inflight	1	threads	16	start_s	124.734332	wall_s	5.823102	setup_s	0.000058	classify_s	5.555916	close_s	0.000000	report_s	0.000000	status	0	sequences	0	bases	0	classified	0	place	-	weight	-
ak2-timing	batch-barrier-4	130.557443	0.931700	9	0	0.007756	0.000663
ak2-engine	mem	t_s	135.0	rss_kib	38599060	hwm_kib	62395348	heap_inuse	1496784896	sys	27092672792	avail_kib	54820244
ak2-timing	barrier	138.218326	0.241315	0	0	0.011241	0.000098
ak2-sample	batch	5	name	5-SRR5935740	mode	striped	s3client	sdk	rank	2	role	peer	inflight	1	threads	16	start_s	132.670392	wall_s	5.789304	setup_s	0.000050	classify_s	5.545457	close_s	0.000000	report_s	0.000000	status	0	sequences	0	bases	0	classified	0	place	-	weight	-
ak2-timing	batch-barrier-5	138.459705	0.929377	41	0	0.007446	0.000631
ak2-timing	batch-barrier-6	139.389106	7.527597	14	0	0.329532	0.030831
ak2-engine	mem	t_s	150.0	rss_kib	39391856	hwm_kib	62395348	heap_inuse	2374049792	sys	27092672792	avail_kib	55532996
ak2-timing	batch-barrier-7	146.916741	6.486537	10	0	0.319431	0.043297
ak2-timing	batch-barrier-8	153.403305	7.555821	282	0	0.334517	0.030398
ak2-engine	shard	0	n	32	lo	18579557371	hi	27869336057	tail	302	full	false	empty_at	9289778686	keys	4243238826	batches	89910	probe_s	93.353936	tail_probes	0	wrap_probes	0
ak2-engine	mem	t_s	161.0	rss_kib	39392976	hwm_kib	62395348	heap_inuse	2376474624	sys	27092672792	avail_kib	55907776
ak2-engine	rendezvous	puts	13	gets	1227
ak2-engine	s3	client	sdk	put	23	get	1227	create_multipart	10	upload_part	1252	complete_multipart	10	abort_multipart	0	part_bytes	10441711330
ak2-engine	s3	client	cli	put	0	get	0	create_multipart	0	upload_part	0	complete_multipart	0	abort_multipart	0	part_bytes	0
ak2-engine	load	seconds	14.382645	requests	572	retries	0	bytes	37159181552
ak2-engine	route	transport	nodes	calls	3135	keys	4717917665	batches	100320	route_s	48.068369	wait_s	744.919235	gather_s	10.880064
ak2-engine	worker	scan_s	366.534651	lookup_s	803.869681	classify_s	265.211440
ak2-timing	total	0.000001	161.025395	12266542	0	951.863154	80.751563
