Loading database information...ak2-timing	opts	0.002838	0.000021	0	0	0.000020	0.000000
ak2-timing	taxo	0.002866	0.100089	87781	0	0.031384	0.077057
ak2-engine	mem	t_s	15.0	rss_kib	17896916	hwm_kib	17896916	heap_inuse	394076160	sys	409991528	avail_kib	109865992
ak2-engine	mem	t_s	30.0	rss_kib	35760976	hwm_kib	35760976	heap_inuse	395485184	sys	409991528	avail_kib	91945364
ak2-engine	mem	t_s	45.0	rss_kib	60332636	hwm_kib	60332640	heap_inuse	397574144	sys	414251368	avail_kib	67283628
ak2-timing	shard-load-15	0.165574	52.443742	40614	0	52.280611	73.647354
ak2-timing	rendezvous	53.033666	0.468658	249	0	0.006238	0.000000
ak2-timing	connect	53.502338	0.114105	1166	0	0.015212	0.000000
ak2-timing	hash	0.102984	53.513483	43925	0	52.315991	73.648845
 done.
ak2-engine	mem	t_s	60.0	rss_kib	78161784	hwm_kib	78161784	heap_inuse	5295415296	sys	5871120248	avail_kib	49118416
16053448 sequences (2993.47 Mbp) processed in 17.099s (56331.7 Kseq/m, 10504.10 Mbp/m).
  15204484 sequences classified (94.71%)
  848964 sequences unclassified (5.29%)
ak2-sample	batch	0	name	0-SRR5935756	mode	parallel	s3client	sdk	rank	15	role	home	inflight	1	threads	16	start_s	53.616506	wall_s	17.497176	setup_s	0.000060	classify_s	17.098852	close_s	0.206881	report_s	0.178073	status	0	sequences	16053448	bases	2993468449	classified	15204484	place	lpt	weight	16053448
ak2-engine	mem	t_s	75.0	rss_kib	78573156	hwm_kib	78576404	heap_inuse	3629965312	sys	6187524152	avail_kib	48678788
15746753 sequences (2888.34 Mbp) processed in 16.362s (57745.3 Kseq/m, 10591.89 Mbp/m).
  14105631 sequences classified (89.58%)
  1641122 sequences unclassified (10.42%)
ak2-sample	batch	0	name	0-SRR5935768	mode	parallel	s3client	sdk	rank	15	role	home	inflight	1	threads	16	start_s	71.113709	wall_s	16.764435	setup_s	0.000080	classify_s	16.361590	close_s	0.230554	report_s	0.156781	status	0	sequences	15746753	bases	2888337209	classified	14105631	place	lpt	weight	15746753
ak2-engine	mem	t_s	90.1	rss_kib	78150200	hwm_kib	78776060	heap_inuse	4634845184	sys	6616387752	avail_kib	49307816
12711109 sequences (2382.42 Mbp) processed in 13.642s (55907.3 Kseq/m, 10478.60 Mbp/m).
  11452616 sequences classified (90.10%)
  1258493 sequences unclassified (9.90%)
ak2-sample	batch	0	name	0-SRR5935833	mode	parallel	s3client	sdk	rank	15	role	home	inflight	1	threads	16	start_s	87.878171	wall_s	14.080220	setup_s	0.000061	classify_s	13.641626	close_s	0.224956	report_s	0.194131	status	0	sequences	12711109	bases	2382418955	classified	11452616	place	lpt	weight	12711109
ak2-engine	mem	t_s	105.1	rss_kib	78664040	hwm_kib	78808240	heap_inuse	5241077760	sys	6627668136	avail_kib	48927732
11689489 sequences (2123.44 Mbp) processed in 12.059s (58160.5 Kseq/m, 10565.07 Mbp/m).
  11327502 sequences classified (96.90%)
  361987 sequences unclassified (3.10%)
ak2-sample	batch	0	name	0-SRR5935764	mode	parallel	s3client	sdk	rank	15	role	home	inflight	1	threads	16	start_s	101.958421	wall_s	12.948387	setup_s	0.000091	classify_s	12.059213	close_s	0.739983	report_s	0.139603	status	0	sequences	11689489	bases	2123440867	classified	11327502	place	lpt	weight	11689489
ak2-engine	mem	t_s	120.1	rss_kib	78188668	hwm_kib	79136400	heap_inuse	4159160320	sys	7018168568	avail_kib	49242828
8766123 sequences (1609.93 Mbp) processed in 9.276s (56699.0 Kseq/m, 10412.96 Mbp/m).
  8639469 sequences classified (98.56%)
  126654 sequences unclassified (1.44%)
ak2-sample	batch	0	name	0-SRR5935826	mode	parallel	s3client	sdk	rank	15	role	home	inflight	1	threads	16	start_s	114.906832	wall_s	9.655839	setup_s	0.000066	classify_s	9.276484	close_s	0.241568	report_s	0.132226	status	0	sequences	8766123	bases	1609927653	classified	8639469	place	lpt	weight	8766123
6882441 sequences (1244.79 Mbp) processed in 6.841s (60359.9 Kseq/m, 10916.94 Mbp/m).
  6619730 sequences classified (96.18%)
  262711 sequences unclassified (3.82%)
ak2-sample	batch	0	name	0-SRR5935832	mode	parallel	s3client	sdk	rank	15	role	home	inflight	1	threads	16	start_s	124.562693	wall_s	7.201077	setup_s	0.000070	classify_s	6.841405	close_s	0.211211	report_s	0.141457	status	0	sequences	6882441	bases	1244786679	classified	6619730	place	lpt	weight	6882441
ak2-timing	batch-barrier-0	131.763786	0.849740	4	0	0.023817	0.000000
ak2-engine	mem	t_s	135.1	rss_kib	77999540	hwm_kib	79136400	heap_inuse	4822016000	sys	7018168568	avail_kib	49497716
6071697 sequences (1090.39 Mbp) processed in 6.449s (56490.7 Kseq/m, 10144.91 Mbp/m).
  5415115 sequences classified (89.19%)
  656582 sequences unclassified (10.81%)
ak2-sample	batch	1	name	1-SRR5935755	mode	parallel	s3client	sdk	rank	15	role	home	inflight	1	threads	16	start_s	132.613551	wall_s	6.830048	setup_s	0.000042	classify_s	6.448885	close_s	0.186556	report_s	0.182313	status	0	sequences	6071697	bases	1090388750	classified	5415115	place	mod	weight	6071697
9230220 sequences (1688.15 Mbp) processed in 9.821s (56391.4 Kseq/m, 10313.65 Mbp/m).
  8736529 sequences classified (94.65%)
  493691 sequences unclassified (5.35%)
ak2-sample	batch	1	name	1-SRR5935771	mode	parallel	s3client	sdk	rank	15	role	home	inflight	1	threads	16	start_s	139.443625	wall_s	10.265485	setup_s	0.000069	classify_s	9.820877	close_s	0.250140	report_s	0.182431	status	0	sequences	9230220	bases	1688151903	classified	8736529	place	mod	weight	9230220
ak2-engine	mem	t_s	150.1	rss_kib	78561032	hwm_kib	79136400	heap_inuse	1629519872	sys	7018758392	avail_kib	48776080
ak2-engine	mem	t_s	165.1	rss_kib	78395808	hwm_kib	79136400	heap_inuse	4331438080	sys	7018758392	avail_kib	49047880
16351397 sequences (3065.56 Mbp) processed in 17.528s (55973.8 Kseq/m, 10493.96 Mbp/m).
  16166849 sequences classified (98.87%)
  184548 sequences unclassified (1.13%)
ak2-sample	batch	1	name	1-SRR5935787	mode	parallel	s3client	sdk	rank	15	role	home	inflight	1	threads	16	start_s	149.709139	wall_s	17.910460	setup_s	0.000082	classify_s	17.527563	close_s	0.234435	report_s	0.140782	status	0	sequences	16351397	bases	3065557655	classified	16166849	place	mod	weight	16351397
ak2-engine	mem	t_s	180.1	rss_kib	78805540	hwm_kib	79136400	heap_inuse	3766329344	sys	7018758392	avail_kib	48586352
18392491 sequences (3418.71 Mbp) processed in 19.342s (57054.0 Kseq/m, 10604.92 Mbp/m).
  18064386 sequences classified (98.22%)
  328105 sequences unclassified (1.78%)
ak2-sample	batch	1	name	1-SRR5935803	mode	parallel	s3client	sdk	rank	15	role	home	inflight	1	threads	16	start_s	167.619635	wall_s	19.822370	setup_s	0.000070	classify_s	19.342185	close_s	0.272676	report_s	0.197167	status	0	sequences	18392491	bases	3418705365	classified	18064386	place	mod	weight	18392491
ak2-engine	mem	t_s	195.1	rss_kib	78436360	hwm_kib	79136400	heap_inuse	4059176960	sys	7018758392	avail_kib	49011224
10896278 sequences (2024.82 Mbp) processed in 11.582s (56445.5 Kseq/m, 10489.10 Mbp/m).
  10712521 sequences classified (98.31%)
  183757 sequences unclassified (1.69%)
ak2-sample	batch	1	name	1-SRR5935819	mode	parallel	s3client	sdk	rank	15	role	home	inflight	1	threads	16	start_s	187.442050	wall_s	12.112695	setup_s	0.000067	classify_s	11.582439	close_s	0.348699	report_s	0.175204	status	0	sequences	10896278	bases	2024821947	classified	10712521	place	mod	weight	10896278
1341509 sequences (254.99 Mbp) processed in 2.061s (39060.5 Kseq/m, 7424.62 Mbp/m).
  1320808 sequences classified (98.46%)
  20701 sequences unclassified (1.54%)
ak2-sample	batch	1	name	1-SRR5935835	mode	parallel	s3client	sdk	rank	15	role	home	inflight	1	threads	16	start_s	199.554772	wall_s	2.381919	setup_s	0.000063	classify_s	2.060662	close_s	0.206587	report_s	0.112015	status	0	sequences	1341509	bases	254993682	classified	1320808	place	mod	weight	1341509
ak2-engine	mem	t_s	210.1	rss_kib	77701192	hwm_kib	79136400	heap_inuse	4364648448	sys	7018758392	avail_kib	49915992
ak2-timing	batch-barrier-1	201.936715	20.727952	493	0	7.573044	1.150618
ak2-engine	mem	t_s	225.1	rss_kib	77452304	hwm_kib	79136400	heap_inuse	3512475648	sys	7018758392	avail_kib	50174376
16053448 sequences (2993.47 Mbp) processed in 16.910s (56961.3 Kseq/m, 10621.51 Mbp/m).
  15204484 sequences classified (94.71%)
  848964 sequences unclassified (5.29%)
ak2-sample	batch	2	name	2-SRR5935756	mode	parallel	s3client	sdk	rank	15	role	home	inflight	1	threads	16	start_s	222.664713	wall_s	17.383390	setup_s	0.000061	classify_s	16.909852	close_s	0.269032	report_s	0.189856	status	0	sequences	16053448	bases	2993468449	classified	15204484	place	lpt	weight	16053448
ak2-engine	mem	t_s	240.1	rss_kib	78669524	hwm_kib	79136400	heap_inuse	3865731072	sys	7018758392	avail_kib	49030340
ak2-engine	mem	t_s	255.2	rss_kib	78937916	hwm_kib	79136400	heap_inuse	4095393792	sys	7018758392	avail_kib	48609292
15746753 sequences (2888.34 Mbp) processed in 16.405s (57593.7 Kseq/m, 10564.08 Mbp/m).
  14105631 sequences classified (89.58%)
  1641122 sequences unclassified (10.42%)
ak2-sample	batch	2	name	2-SRR5935768	mode	parallel	s3client	sdk	rank	15	role	home	inflight	1	threads	16	start_s	240.048132	wall_s	16.938019	setup_s	0.000066	classify_s	16.404662	close_s	0.352671	report_s	0.164603	status	0	sequences	15746753	bases	2888337209	classified	14105631	place	lpt	weight	15746753
ak2-engine	mem	t_s	270.2	rss_kib	78599360	hwm_kib	79136400	heap_inuse	5254815744	sys	7018758392	avail_kib	48734092
12711109 sequences (2382.42 Mbp) processed in 13.753s (55456.1 Kseq/m, 10394.04 Mbp/m).
  11452616 sequences classified (90.10%)
  1258493 sequences unclassified (9.90%)
ak2-sample	batch	2	name	2-SRR5935833	mode	parallel	s3client	sdk	rank	15	role	home	inflight	1	threads	16	start_s	256.986177	wall_s	14.137508	setup_s	0.000055	classify_s	13.752612	close_s	0.201895	report_s	0.162582	status	0	sequences	12711109	bases	2382418955	classified	11452616	place	lpt	weight	12711109
11689489 sequences (2123.44 Mbp) processed in 12.204s (57469.6 Kseq/m, 10439.58 Mbp/m).
  11327502 sequences classified (96.90%)
  361987 sequences unclassified (3.10%)
ak2-sample	batch	2	name	2-SRR5935764	mode	parallel	s3client	sdk	rank	15	role	home	inflight	1	threads	16	start_s	271.123706	wall_s	12.589170	setup_s	0.000069	classify_s	12.204178	close_s	0.219333	report_s	0.155627	status	0	sequences	11689489	bases	2123440867	classified	11327502	place	lpt	weight	11689489
ak2-engine	mem	t_s	285.2	rss_kib	78652352	hwm_kib	79376516	heap_inuse	4433477632	sys	7179661608	avail_kib	48814328
8766123 sequences (1609.93 Mbp) processed in 9.420s (55832.3 Kseq/m, 10253.79 Mbp/m).
  8639469 sequences classified (98.56%)
  126654 sequences unclassified (1.44%)
ak2-sample	batch	2	name	2-SRR5935826	mode	parallel	s3client	sdk	rank	15	role	home	inflight	1	threads	16	start_s	283.712900	wall_s	9.796388	setup_s	0.000066	classify_s	9.420484	close_s	0.216916	report_s	0.153641	status	0	sequences	8766123	bases	1609927653	classified	8639469	place	lpt	weight	8766123
ak2-engine	mem	t_s	300.2	rss_kib	78372832	hwm_kib	79376516	heap_inuse	4058447872	sys	7179661608	avail_kib	49282304
6882441 sequences (1244.79 Mbp) processed in 7.017s (58845.9 Kseq/m, 10643.11 Mbp/m).
  6619730 sequences classified (96.18%)
  262711 sequences unclassified (3.82%)
ak2-sample	batch	2	name	2-SRR5935832	mode	parallel	s3client	sdk	rank	15	role	home	inflight	1	threads	16	start_s	293.509317	wall_s	7.389390	setup_s	0.000051	classify_s	7.017423	close_s	0.215531	report_s	0.149602	status	0	sequences	6882441	bases	1244786679	classified	6619730	place	lpt	weight	6882441
ak2-timing	batch-barrier-2	300.898730	2.019158	0	0	0.121932	0.003038
ak2-timing	barrier	309.792298	0.249560	0	0	0.003077	0.000294
ak2-sample	batch	3	name	3-SRR5935740	mode	striped	s3client	sdk	rank	15	role	peer	inflight	1	threads	16	start_s	304.067941	wall_s	5.973967	setup_s	0.000055	classify_s	5.720124	close_s	0.000000	report_s	0.000000	status	0	sequences	0	bases	0	classified	0	place	-	weight	-
ak2-timing	batch-barrier-3	310.041919	0.484476	0	0	0.006538	0.000000
ak2-engine	mem	t_s	315.2	rss_kib	75423732	hwm_kib	79376516	heap_inuse	2229125120	sys	7179661608	avail_kib	52166592
ak2-timing	barrier	317.027507	0.221267	0	0	0.005854	0.000556
ak2-sample	batch	4	name	4-SRR5935740	mode	striped	s3client	sdk	rank	15	role	peer	inflight	1	threads	16	start_s	311.304774	wall_s	5.944047	setup_s	0.000050	classify_s	5.718554	close_s	0.000000	report_s	0.000000	status	0	sequences	0	bases	0	classified	0	place	-	weight	-
ak2-timing	batch-barrier-4	317.248833	0.517225	0	0	0.005927	0.000000
ak2-timing	barrier	324.242214	0.072377	0	0	0.000160	0.000015
ak2-sample	batch	5	name	5-SRR5935740	mode	striped	s3client	sdk	rank	15	role	peer	inflight	1	threads	16	start_s	318.523349	wall_s	5.791281	setup_s	0.000060	classify_s	5.713931	close_s	0.000000	report_s	0.000000	status	0	sequences	0	bases	0	classified	0	place	-	weight	-
ak2-timing	batch-barrier-5	324.314640	0.523120	195	0	0.010187	0.008240
ak2-engine	mem	t_s	330.2	rss_kib	76588164	hwm_kib	79376516	heap_inuse	4073283584	sys	7179661608	avail_kib	51001276
ak2-timing	batch-barrier-6	324.837781	11.112809	267	0	0.743587	0.062105
ak2-timing	batch-barrier-7	335.950610	9.200269	330	0	0.676448	0.079522
ak2-engine	mem	t_s	345.2	rss_kib	76589940	hwm_kib	79376516	heap_inuse	4075192320	sys	7179661608	avail_kib	51227748
ak2-timing	batch-barrier-8	345.150899	10.245176	483	0	0.687163	0.095468
ak2-engine	shard	0	n	16	lo	278693360570	hi	297272917942	tail	302	full	false	empty_at	18579557371	keys	8468698137	batches	89910	probe_s	248.114935	tail_probes	0	wrap_probes	0
ak2-engine	mem	t_s	355.4	rss_kib	76591492	hwm_kib	79376516	heap_inuse	4076797952	sys	7179661608	avail_kib	51240964
ak2-engine	rendezvous	puts	13	gets	447
ak2-engine	s3	client	sdk	put	31	get	447	create_multipart	18	upload_part	2132	complete_multipart	18	abort_multipart	0	part_bytes	17819487418
ak2-engine	s3	client	cli	put	0	get	0	create_multipart	0	upload_part	0	complete_multipart	0	abort_multipart	0	part_bytes	0
ak2-engine	load	seconds	52.443737	requests	1127	retries	0	bytes	74318296296
ak2-engine	route	transport	nodes	calls	5450	keys	8208455580	batches	87200	route_s	102.076269	wait_s	347.230742	gather_s	19.127761
ak2-engine	worker	scan_s	758.361084	lookup_s	468.446636	classify_s	667.843230
ak2-timing	total	0.000001	355.536775	7721284	0	1659.889370	156.757567
