ak2: log tee up
ak2-phase	2026-10-07T20:21:41Z	1791404501	preamble	no
ak2: [2026-10-07T20:21:41Z] inherited $-=hBc (stub, as spawn started it: $-=hBc)
ak2: [2026-10-07T20:21:41Z] after set +e $-=hBc
ak2: [2026-10-07T20:21:41Z] gate=g3 run=20261007-202107-5faa28c-1b65-n8-r3
ak2: [2026-10-07T20:21:41Z] aws shim installed and self-tested (/tmp/ak2-bin/aws -> /usr/bin/aws)
ak2: [2026-10-07T20:21:41Z] imds region=us-west-2 az=us-west-2a instance=i-08193278d37cc28d1 type=x8g.4xlarge ami=ami-09325776a00699513
ak2: [2026-10-07T20:21:41Z] bucket aws-kraken2-942542972736-us-west-2 region=us-west-2
ak2: [2026-10-07T20:21:42Z] bucket aws-kraken2-942542972736-us-west-2 payer=UNKNOWN
ak2: [2026-10-07T20:21:42Z] WARN: could not read Payer of aws-kraken2-942542972736-us-west-2 from the instance (launch host verified it)
ak2: [2026-10-07T20:21:42Z] bucket kraken2-ncbi-refseq-complete-v205 region=us-west-2
ak2: [2026-10-07T20:21:43Z] bucket kraken2-ncbi-refseq-complete-v205 payer=BucketOwner
ak2: [2026-10-07T20:21:43Z] region assert passed
ak2: [2026-10-07T20:21:43Z] drop_caches_ok=true
ak2: [2026-10-07T20:21:43Z] preamble done; spec body starts
ak2-phase	2026-10-07T20:21:43Z	1791404503	body	no
ak2: [2026-10-07T20:21:43Z] cohort 20261007-202107-5faa28c-1b65-n8 rank 3 of 8, commit 5faa28c; RODA kraken2-ncbi-refseq-complete-v205/Kraken2_RefSeqCompleteV205, reads aws-kraken2-942542972736-us-west-2/aws-kraken2/data/reads
ak2-phase	2026-10-07T20:21:43Z	1791404503	setup	no
ak2: [2026-10-07T20:22:14Z] built 5faa28c5f02b24513cfbb005519aa414a492dcb7; go version go1.27.1 linux/arm64; ip 172.31.24.84; nproc 16; mem_gib 247
ak2-phase	2026-10-07T20:22:14Z	1791404534	fetch	no
ak2: [2026-10-07T20:22:15Z] staged s3://kraken2-ncbi-refseq-complete-v205/Kraken2_RefSeqCompleteV205/opts.k2d -> /home/ec2-user/ak2/db/roda/opts.k2d (56 bytes)
ak2: [2026-10-07T20:22:15Z] RODA opts.k2d bytes=56 sha256=719d8210ab7fa1ac97d9f7647ec5b9485935265be767fe4ce056f20bed513b0b
ak2: [2026-10-07T20:22:16Z] staged s3://kraken2-ncbi-refseq-complete-v205/Kraken2_RefSeqCompleteV205/taxo.k2d -> /home/ec2-user/ak2/db/roda/taxo.k2d (179150665 bytes)
ak2: [2026-10-07T20:22:16Z] RODA taxo.k2d bytes=179150665 sha256=6eacc5ef55db3cb2d05ebd85f7f2eac529e3d325087af58cee98d5615b27e53e
ak2: [2026-10-07T20:22:17Z] pushed out/rank3/head-hash.k2d.json
ak2: [2026-10-07T20:22:17Z] RODA hash.k2d etag=f80959f9556b50d76b3e744afdd3b22a-8860 size=1189091671800 version=null
ak2: [2026-10-07T20:22:17Z] staged s3://aws-kraken2-942542972736-us-west-2/aws-kraken2/data/reads/SRR062634_8000000.SOURCE -> /home/ec2-user/ak2/reads/SRR062634_8000000.SOURCE (403 bytes)
ak2: [2026-10-07T20:22:18Z] staged aws-kraken2/data/reads/SRR062634_8000000.SOURCE bytes=403 sha256=b876392120fdf2feac00e45502dcb444259d14eeb49ec4f502f05613a74928a9 object-metadata=b876392120fdf2feac00e45502dcb444259d14eeb49ec4f502f05613a74928a9
ak2: [2026-10-07T20:22:21Z] staged s3://aws-kraken2-942542972736-us-west-2/aws-kraken2/data/reads/SRR062634_8000000_1.fq -> /home/ec2-user/ak2/reads/SRR062634_8000000_1.fq (2093755239 bytes)
ak2: [2026-10-07T20:22:23Z] staged aws-kraken2/data/reads/SRR062634_8000000_1.fq bytes=2093755239 sha256=4adae422162ed57988a5b808ee761e54307d31c81e21f0988c1835cb722b598b object-metadata=4adae422162ed57988a5b808ee761e54307d31c81e21f0988c1835cb722b598b
ak2: [2026-10-07T20:22:28Z] staged s3://aws-kraken2-942542972736-us-west-2/aws-kraken2/data/reads/SRR062634_8000000_2.fq -> /home/ec2-user/ak2/reads/SRR062634_8000000_2.fq (2093755239 bytes)
ak2: [2026-10-07T20:22:30Z] staged aws-kraken2/data/reads/SRR062634_8000000_2.fq bytes=2093755239 sha256=ad320f634269e530a1f5c683bee8d212137e28da897aa40926d6b0420bc38728 object-metadata=ad320f634269e530a1f5c683bee8d212137e28da897aa40926d6b0420bc38728
ak2: [2026-10-07T20:22:30Z] staged s3://aws-kraken2-942542972736-us-west-2/aws-kraken2/data/reads/ERR478965_200000.SOURCE -> /home/ec2-user/ak2/reads/ERR478965_200000.SOURCE (400 bytes)
ak2: [2026-10-07T20:22:30Z] staged aws-kraken2/data/reads/ERR478965_200000.SOURCE bytes=400 sha256=19128ba212d865300b586dcb73d4e9543137f500e03f48cde8ce33c7e2fb3d89 object-metadata=19128ba212d865300b586dcb73d4e9543137f500e03f48cde8ce33c7e2fb3d89
ak2: [2026-10-07T20:22:31Z] staged s3://aws-kraken2-942542972736-us-west-2/aws-kraken2/data/reads/ERR478965_200000_1.fq.gz -> /home/ec2-user/ak2/reads/ERR478965_200000_1.fq.gz (13868909 bytes)
ak2: [2026-10-07T20:22:31Z] staged aws-kraken2/data/reads/ERR478965_200000_1.fq.gz bytes=13868909 sha256=12909ad81dcec618f9129cba37b63bbe5d83ded76ffc251afb462de5794a22c9 object-metadata=12909ad81dcec618f9129cba37b63bbe5d83ded76ffc251afb462de5794a22c9
ak2: [2026-10-07T20:22:32Z] staged s3://aws-kraken2-942542972736-us-west-2/aws-kraken2/data/reads/ERR478965_200000_2.fq.gz -> /home/ec2-user/ak2/reads/ERR478965_200000_2.fq.gz (13801673 bytes)
ak2: [2026-10-07T20:22:32Z] staged aws-kraken2/data/reads/ERR478965_200000_2.fq.gz bytes=13801673 sha256=64b73612b72ce90efcd8af1e3a8ae85a92227b6367a136936ea3307c65bf99ae object-metadata=64b73612b72ce90efcd8af1e3a8ae85a92227b6367a136936ea3307c65bf99ae
ak2: [2026-10-07T20:22:37Z] subset SRR062634_2000000: 73b7b8af194f9d8e0082b62532f3d140a44e1d5848b2cded1ce54276c497ffd6 bdd4b2d9a1e984dfa342bd104b92dec71f76171bc7753074d98d1d84a9f91e6b 
ak2-phase	2026-10-07T20:22:37Z	1791404557	case-SRR062634_2000000-fq	no
ak2: [2026-10-07T20:22:37Z] case SRR062634_2000000-fq: /home/ec2-user/ak2/repo/bin/aws-kraken2 --db /home/ec2-user/ak2/db/roda --threads 16 --paired --output <cohort>/out/SRR062634_2000000-fq/output.txt --report <local> /home/ec2-user/ak2/reads/SRR062634_2000000_1.fq /home/ec2-user/ak2/reads/SRR062634_2000000_2.fq
ak2: [2026-10-07T20:24:16Z] case SRR062634_2000000-fq rank 3 exit 0
[SRR062634_2000000-fq] ak2-timing	taxo	0.000084	0.093516	87903	0	0.030180	0.078501
[SRR062634_2000000-fq] ak2-timing	shard-load-3	0.439153	83.064367	78079	0	111.618648	138.342440
[SRR062634_2000000-fq] ak2-timing	rendezvous	83.910628	7.128257	147	0	0.004390	0.005443
[SRR062634_2000000-fq] ak2-timing	connect	91.038914	0.680116	15	0	0.000436	0.000541
[SRR062634_2000000-fq] ak2-timing	hash	0.093687	91.625365	80450	0	111.635412	138.351513
[SRR062634_2000000-fq] ak2-timing	setup	91.719057	0.000046	5	0	0.000023	0.000029
[SRR062634_2000000-fq] ak2-timing	classify	91.719107	2.186115	342755	0	2.992129	0.184648
[SRR062634_2000000-fq] ak2-timing	barrier	93.906240	4.620085	18	0	0.080117	0.000000
[SRR062634_2000000-fq] ak2-engine	shard	0	n	8	lo	111477344228	hi	148636458971	tail	302	full	false	empty_at	37159114755	keys	11137481	batches	63	probe_s	0.279201	tail_probes	0	wrap_probes	0
[SRR062634_2000000-fq] ak2-engine	node	rank	3	n	8	emitter	false	blocks_cut	63	blocks_mine	8	read_s	0.457933	window_wait_s	0.000001	send_s	12.823795	sent_bytes	40125427	emit_wait_s	0.000000	emit_s	0.000000
[SRR062634_2000000-fq] ak2-engine	rendezvous	requests	15
[SRR062634_2000000-fq] ak2-engine	load	seconds	83.064364	requests	2233	retries	0	bytes	148636525780
[SRR062634_2000000-fq] ak2-engine	route	transport	nodes	calls	8	keys	11458151	batches	64	route_s	0.133842	wait_s	0.099104	gather_s	0.045897
[SRR062634_2000000-fq] ak2-engine	worker	scan_s	1.147319	lookup_s	0.278849	classify_s	0.896215
[SRR062634_2000000-fq] ak2-timing	unmap	98.526391	0.270191	1	0	0.012217	0.257702
[SRR062634_2000000-fq] ak2-timing	total	0.000001	98.796619	511201	0	114.750670	138.873161
[SRR062634_2000000-fq stderr] Loading database information...ak2-timing	opts	0.000050	0.000027	4	0	0.000000	0.000027
[SRR062634_2000000-fq stderr]  done.
ak2: [2026-10-07T20:24:16Z] pushed out/rank3/eng-SRR062634_2000000-fq.stderr
ak2-phase	2026-10-07T20:24:16Z	1791404656	case-ERR478965_200000-gz	no
ak2: [2026-10-07T20:24:16Z] case ERR478965_200000-gz: /home/ec2-user/ak2/repo/bin/aws-kraken2 --db /home/ec2-user/ak2/db/roda --threads 16 --paired --output <cohort>/out/ERR478965_200000-gz/output.txt --report <local> /home/ec2-user/ak2/reads/ERR478965_200000_1.fq.gz /home/ec2-user/ak2/reads/ERR478965_200000_2.fq.gz
ak2: [2026-10-07T20:25:47Z] case ERR478965_200000-gz rank 3 exit 0
[ERR478965_200000-gz] ak2-timing	taxo	0.000083	0.090439	87862	0	0.033395	0.071102
[ERR478965_200000-gz] ak2-timing	shard-load-3	0.173655	82.871041	78040	0	115.036110	135.084890
[ERR478965_200000-gz] ak2-timing	rendezvous	83.755143	3.610122	93	0	0.002389	0.002806
[ERR478965_200000-gz] ak2-timing	connect	87.365288	1.928826	11	0	0.000417	0.002701
[ERR478965_200000-gz] ak2-timing	hash	0.090620	89.203527	80343	0	115.050250	135.093957
[ERR478965_200000-gz] ak2-timing	setup	89.294154	0.000052	5	0	0.000000	0.000082
[ERR478965_200000-gz] ak2-timing	classify	89.294210	0.362240	73563	0	0.600715	0.045867
[ERR478965_200000-gz] ak2-timing	barrier	89.657038	0.361081	0	0	0.000080	0.000093
[ERR478965_200000-gz] ak2-engine	shard	0	n	8	lo	111477344228	hi	148636458971	tail	302	full	false	empty_at	37159114755	keys	953502	batches	6	probe_s	0.030916	tail_probes	0	wrap_probes	0
[ERR478965_200000-gz] ak2-engine	node	rank	3	n	8	emitter	false	blocks_cut	6	blocks_mine	1	read_s	0.161293	window_wait_s	0.000000	send_s	0.004674	sent_bytes	3265446	emit_wait_s	0.000000	emit_s	0.000000
[ERR478965_200000-gz] ak2-engine	rendezvous	requests	10
[ERR478965_200000-gz] ak2-engine	load	seconds	82.871039	requests	2233	retries	0	bytes	148636525780
[ERR478965_200000-gz] ak2-engine	route	transport	nodes	calls	1	keys	1354032	batches	8	route_s	0.012123	wait_s	0.012000	gather_s	0.003377
[ERR478965_200000-gz] ak2-engine	worker	scan_s	0.131744	lookup_s	0.027501	classify_s	0.068133
[ERR478965_200000-gz] ak2-timing	unmap	90.018172	0.271878	1	0	0.000000	0.272060
[ERR478965_200000-gz] ak2-timing	total	0.000001	90.290088	241845	0	115.684897	135.483718
[ERR478965_200000-gz stderr] Loading database information...ak2-timing	opts	0.000047	0.000028	4	0	0.000030	0.000000
[ERR478965_200000-gz stderr]  done.
ak2: [2026-10-07T20:25:47Z] pushed out/rank3/eng-ERR478965_200000-gz.stderr
ak2: [2026-10-07T20:25:47Z] rank 3 done: 0 failed case(s)
ak2: [2026-10-07T20:25:47Z] spec body exit rc=0
ak2-phase	2026-10-07T20:25:47Z	1791404747	end	no
