Loading database information...ak2-timing	opts	0.003115	0.000017	0	0	0.000018	0.000000
ak2-timing	taxo	0.003140	0.112584	87824	0	0.029888	0.085521
ak2-engine	mem	t_s	15.0	rss_kib	40373844	hwm_kib	40373848	heap_inuse	405176320	sys	436197736	avail_kib	54421152
ak2-timing	shard-load-8	0.184098	27.215219	42240	0	34.843948	31.912786
ak2-engine	mem	t_s	30.0	rss_kib	72977460	hwm_kib	72977464	heap_inuse	409165824	sys	440392040	avail_kib	21841072
ak2-engine	mem	t_s	45.0	rss_kib	72979428	hwm_kib	72979432	heap_inuse	412000256	sys	440392040	avail_kib	22247072
ak2-timing	rendezvous	27.854757	27.609637	1219	0	0.040209	0.000000
ak2-timing	connect	55.464411	0.022860	4	0	0.000900	0.000000
ak2-timing	hash	0.115817	55.371464	45386	0	34.896847	31.916008
 done.
ak2-engine	mem	t_s	60.0	rss_kib	78186368	hwm_kib	78186368	heap_inuse	4686848000	sys	5844885352	avail_kib	16981876
16720060 sequences (3103.13 Mbp) processed in 9.258s (108362.5 Kseq/m, 20111.35 Mbp/m).
  16427692 sequences classified (98.25%)
  292368 sequences unclassified (1.75%)
ak2-sample	batch	0	name	0-SRR5935802	mode	parallel	s3client	sdk	rank	8	role	home	inflight	1	threads	16	start_s	55.487314	wall_s	9.805519	setup_s	0.000042	classify_s	9.257853	close_s	0.371446	report_s	0.168530	status	0	sequences	16720060	bases	3103131942	classified	16427692	place	lpt	weight	16720060
14959235 sequences (2745.67 Mbp) processed in 8.091s (110936.7 Kseq/m, 20361.67 Mbp/m).
  13888405 sequences classified (92.84%)
  1070830 sequences unclassified (7.16%)
ak2-sample	batch	0	name	0-SRR5935796	mode	parallel	s3client	sdk	rank	8	role	home	inflight	1	threads	16	start_s	65.292857	wall_s	8.648488	setup_s	0.000049	classify_s	8.090691	close_s	0.400675	report_s	0.144344	status	0	sequences	14959235	bases	2745665723	classified	13888405	place	lpt	weight	14959235
ak2-engine	mem	t_s	75.0	rss_kib	77584396	hwm_kib	78634424	heap_inuse	4553285632	sys	6222893128	avail_kib	16346520
13365245 sequences (2460.33 Mbp) processed in 7.557s (106117.4 Kseq/m, 19534.52 Mbp/m).
  13192260 sequences classified (98.71%)
  172985 sequences unclassified (1.29%)
ak2-sample	batch	0	name	0-SRR5935822	mode	parallel	s3client	sdk	rank	8	role	home	inflight	1	threads	16	start_s	73.941368	wall_s	7.923368	setup_s	0.000053	classify_s	7.556861	close_s	0.218300	report_s	0.141392	status	0	sequences	13365245	bases	2460327516	classified	13192260	place	lpt	weight	13365245
11012615 sequences (2057.95 Mbp) processed in 6.094s (108433.2 Kseq/m, 20263.18 Mbp/m).
  10686469 sequences classified (97.04%)
  326146 sequences unclassified (2.96%)
ak2-sample	batch	0	name	0-SRR5935746	mode	parallel	s3client	sdk	rank	8	role	home	inflight	1	threads	16	start_s	81.864754	wall_s	6.513291	setup_s	0.000050	classify_s	6.093676	close_s	0.231756	report_s	0.180576	status	0	sequences	11012615	bases	2057953866	classified	10686469	place	lpt	weight	11012615
ak2-engine	mem	t_s	90.0	rss_kib	77681932	hwm_kib	78948644	heap_inuse	4785364992	sys	6596812952	avail_kib	15381268
9230220 sequences (1688.15 Mbp) processed in 5.226s (105968.5 Kseq/m, 19380.99 Mbp/m).
  8736529 sequences classified (94.65%)
  493691 sequences unclassified (5.35%)
ak2-sample	batch	0	name	0-SRR5935771	mode	parallel	s3client	sdk	rank	8	role	home	inflight	1	threads	16	start_s	88.378070	wall_s	5.696171	setup_s	0.000048	classify_s	5.226209	close_s	0.307123	report_s	0.152522	status	0	sequences	9230220	bases	1688151903	classified	8736529	place	lpt	weight	9230220
3036382 sequences (569.20 Mbp) processed in 1.877s (97075.7 Kseq/m, 18197.94 Mbp/m).
  2817388 sequences classified (92.79%)
  218994 sequences unclassified (7.21%)
ak2-sample	batch	0	name	0-SRR5935747	mode	parallel	s3client	sdk	rank	8	role	home	inflight	1	threads	16	start_s	94.074266	wall_s	2.305443	setup_s	0.000056	classify_s	1.876710	close_s	0.280710	report_s	0.141841	status	0	sequences	3036382	bases	569204188	classified	2817388	place	lpt	weight	3036382
ak2-timing	batch-barrier-0	96.379730	2.739154	3	0	1.531045	0.138082
ak2-engine	mem	t_s	105.0	rss_kib	78776612	hwm_kib	79084492	heap_inuse	4246642688	sys	6830792920	avail_kib	14713860
11859598 sequences (2188.90 Mbp) processed in 6.604s (107744.3 Kseq/m, 19886.15 Mbp/m).
  10951240 sequences classified (92.34%)
  908358 sequences unclassified (7.66%)
ak2-sample	batch	1	name	1-SRR5935748	mode	parallel	s3client	sdk	rank	8	role	home	inflight	1	threads	16	start_s	99.118910	wall_s	7.007167	setup_s	0.000050	classify_s	6.604304	close_s	0.218887	report_s	0.170400	status	0	sequences	11859598	bases	2188903487	classified	10951240	place	mod	weight	11859598
11689489 sequences (2123.44 Mbp) processed in 6.479s (108254.9 Kseq/m, 19664.92 Mbp/m).
  11327502 sequences classified (96.90%)
  361987 sequences unclassified (3.10%)
ak2-sample	batch	1	name	1-SRR5935764	mode	parallel	s3client	sdk	rank	8	role	home	inflight	1	threads	16	start_s	106.126103	wall_s	6.903939	setup_s	0.000068	classify_s	6.478870	close_s	0.230083	report_s	0.185903	status	0	sequences	11689489	bases	2123440867	classified	11327502	place	mod	weight	11689489
10716528 sequences (1994.96 Mbp) processed in 5.978s (107568.3 Kseq/m, 20024.62 Mbp/m).
  10376259 sequences classified (96.82%)
  340269 sequences unclassified (3.18%)
ak2-sample	batch	1	name	1-SRR5935780	mode	parallel	s3client	sdk	rank	8	role	home	inflight	1	threads	16	start_s	113.030069	wall_s	6.410299	setup_s	0.000049	classify_s	5.977524	close_s	0.235017	report_s	0.191081	status	0	sequences	10716528	bases	1994960359	classified	10376259	place	mod	weight	10716528
ak2-engine	mem	t_s	120.0	rss_kib	76916204	hwm_kib	79137028	heap_inuse	3166044160	sys	6914298088	avail_kib	15273640
14959235 sequences (2745.67 Mbp) processed in 8.122s (110506.5 Kseq/m, 20282.72 Mbp/m).
  13888405 sequences classified (92.84%)
  1070830 sequences unclassified (7.16%)
ak2-sample	batch	1	name	1-SRR5935796	mode	parallel	s3client	sdk	rank	8	role	home	inflight	1	threads	16	start_s	119.440395	wall_s	8.581595	setup_s	0.000055	classify_s	8.122183	close_s	0.264100	report_s	0.182687	status	0	sequences	14959235	bases	2745665723	classified	13888405	place	mod	weight	14959235
9108174 sequences (1698.33 Mbp) processed in 5.073s (107727.1 Kseq/m, 20087.05 Mbp/m).
  8923230 sequences classified (97.97%)
  184944 sequences unclassified (2.03%)
ak2-sample	batch	1	name	1-SRR5935812	mode	parallel	s3client	sdk	rank	8	role	home	inflight	1	threads	16	start_s	128.022013	wall_s	5.500629	setup_s	0.000061	classify_s	5.072917	close_s	0.224487	report_s	0.196259	status	0	sequences	9108174	bases	1698332428	classified	8923230	place	mod	weight	9108174
ak2-engine	mem	t_s	135.0	rss_kib	78418004	hwm_kib	79269692	heap_inuse	3510910976	sys	6926881000	avail_kib	14895424
8326050 sequences (1540.09 Mbp) processed in 4.658s (107257.2 Kseq/m, 19839.66 Mbp/m).
  8094378 sequences classified (97.22%)
  231672 sequences unclassified (2.78%)
ak2-sample	batch	1	name	1-SRR5935828	mode	parallel	s3client	sdk	rank	8	role	home	inflight	1	threads	16	start_s	133.522669	wall_s	5.087848	setup_s	0.000058	classify_s	4.657617	close_s	0.234497	report_s	0.188579	status	0	sequences	8326050	bases	1540092338	classified	8094378	place	mod	weight	8326050
ak2-engine	mem	t_s	150.0	rss_kib	78812300	hwm_kib	79269692	heap_inuse	3946938368	sys	6926881000	avail_kib	15355356
ak2-timing	batch-barrier-1	138.610542	14.164656	4	0	5.962289	0.554688
16720060 sequences (3103.13 Mbp) processed in 9.258s (108356.5 Kseq/m, 20110.24 Mbp/m).
  16427692 sequences classified (98.25%)
  292368 sequences unclassified (1.75%)
ak2-sample	batch	2	name	2-SRR5935802	mode	parallel	s3client	sdk	rank	8	role	home	inflight	1	threads	16	start_s	152.775248	wall_s	9.737660	setup_s	0.000048	classify_s	9.258362	close_s	0.274151	report_s	0.197531	status	0	sequences	16720060	bases	3103131942	classified	16427692	place	lpt	weight	16720060
ak2-engine	mem	t_s	165.0	rss_kib	78402164	hwm_kib	79269692	heap_inuse	4277755904	sys	6926889192	avail_kib	15499436
14959235 sequences (2745.67 Mbp) processed in 8.083s (111038.0 Kseq/m, 20380.28 Mbp/m).
  13888405 sequences classified (92.84%)
  1070830 sequences unclassified (7.16%)
ak2-sample	batch	2	name	2-SRR5935796	mode	parallel	s3client	sdk	rank	8	role	home	inflight	1	threads	16	start_s	162.512930	wall_s	8.533746	setup_s	0.000051	classify_s	8.083304	close_s	0.274635	report_s	0.162984	status	0	sequences	14959235	bases	2745665723	classified	13888405	place	lpt	weight	14959235
13365245 sequences (2460.33 Mbp) processed in 7.540s (106347.8 Kseq/m, 19576.92 Mbp/m).
  13192260 sequences classified (98.71%)
  172985 sequences unclassified (1.29%)
ak2-sample	batch	2	name	2-SRR5935822	mode	parallel	s3client	sdk	rank	8	role	home	inflight	1	threads	16	start_s	171.046698	wall_s	8.025170	setup_s	0.000042	classify_s	7.540493	close_s	0.282367	report_s	0.195641	status	0	sequences	13365245	bases	2460327516	classified	13192260	place	lpt	weight	13365245
ak2-engine	mem	t_s	180.0	rss_kib	77164644	hwm_kib	79269692	heap_inuse	3526557696	sys	6927151336	avail_kib	15419700
11012615 sequences (2057.95 Mbp) processed in 6.091s (108485.6 Kseq/m, 20272.97 Mbp/m).
  10686469 sequences classified (97.04%)
  326146 sequences unclassified (2.96%)
ak2-sample	batch	2	name	2-SRR5935746	mode	parallel	s3client	sdk	rank	8	role	home	inflight	1	threads	16	start_s	179.071895	wall_s	6.463942	setup_s	0.000063	classify_s	6.090733	close_s	0.226651	report_s	0.139367	status	0	sequences	11012615	bases	2057953866	classified	10686469	place	lpt	weight	11012615
9230220 sequences (1688.15 Mbp) processed in 5.156s (107417.4 Kseq/m, 19645.99 Mbp/m).
  8736529 sequences classified (94.65%)
  493691 sequences unclassified (5.35%)
ak2-sample	batch	2	name	2-SRR5935771	mode	parallel	s3client	sdk	rank	8	role	home	inflight	1	threads	16	start_s	185.535860	wall_s	5.516678	setup_s	0.000048	classify_s	5.155714	close_s	0.205432	report_s	0.145262	status	0	sequences	9230220	bases	1688151903	classified	8736529	place	lpt	weight	9230220
3036382 sequences (569.20 Mbp) processed in 1.884s (96694.0 Kseq/m, 18126.38 Mbp/m).
  2817388 sequences classified (92.79%)
  218994 sequences unclassified (7.21%)
ak2-sample	batch	2	name	2-SRR5935747	mode	parallel	s3client	sdk	rank	8	role	home	inflight	1	threads	16	start_s	191.052558	wall_s	2.252802	setup_s	0.000048	classify_s	1.884119	close_s	0.228356	report_s	0.134443	status	0	sequences	3036382	bases	569204188	classified	2817388	place	lpt	weight	3036382
ak2-engine	mem	t_s	195.0	rss_kib	77507664	hwm_kib	79269692	heap_inuse	4488568832	sys	6927151336	avail_kib	15457624
ak2-timing	batch-barrier-2	193.305383	3.890669	1	0	1.742687	0.149695
ak2-timing	barrier	203.242903	1.558297	2	0	0.004275	0.019076
ak2-sample	batch	3	name	3-SRR5935740	mode	striped	s3client	sdk	rank	8	role	peer	inflight	1	threads	16	start_s	197.689438	wall_s	7.111816	setup_s	0.000047	classify_s	5.548819	close_s	0.000000	report_s	0.000000	status	0	sequences	0	bases	0	classified	0	place	-	weight	-
ak2-timing	batch-barrier-3	204.801265	0.535706	179	0	0.002748	0.010215
ak2-engine	mem	t_s	210.0	rss_kib	75584028	hwm_kib	79269692	heap_inuse	2195931136	sys	6927151336	avail_kib	18627520
ak2-timing	barrier	211.632745	0.203448	0	0	0.014680	0.000294
ak2-sample	batch	4	name	4-SRR5935740	mode	striped	s3client	sdk	rank	8	role	peer	inflight	1	threads	16	start_s	206.073003	wall_s	5.763254	setup_s	0.000060	classify_s	5.554708	close_s	0.000000	report_s	0.000000	status	0	sequences	0	bases	0	classified	0	place	-	weight	-
ak2-timing	batch-barrier-4	211.836271	0.550695	215	0	0.005594	0.000354
ak2-timing	barrier	218.732641	0.208001	0	0	0.019274	0.000585
ak2-sample	batch	5	name	5-SRR5935740	mode	striped	s3client	sdk	rank	8	role	peer	inflight	1	threads	16	start_s	213.171699	wall_s	5.768988	setup_s	0.000050	classify_s	5.556869	close_s	0.000000	report_s	0.000000	status	0	sequences	0	bases	0	classified	0	place	-	weight	-
ak2-timing	batch-barrier-5	218.940696	0.776812	0	0	0.005732	0.000364
ak2-engine	mem	t_s	225.0	rss_kib	76341828	hwm_kib	79269692	heap_inuse	3257458688	sys	6927151336	avail_kib	18580260
ak2-timing	batch-barrier-6	219.717530	7.077503	1	0	0.623922	0.101759
ak2-timing	batch-barrier-7	226.795056	7.090171	0	0	0.700440	0.024880
ak2-engine	mem	t_s	240.0	rss_kib	76341836	hwm_kib	79269692	heap_inuse	3259604992	sys	6927151336	avail_kib	18831328
ak2-timing	batch-barrier-8	233.885249	7.118789	1	0	0.656545	0.061124
ak2-engine	shard	0	n	16	lo	148636458971	hi	167216016342	tail	302	full	false	empty_at	18579557372	keys	8480894883	batches	89910	probe_s	175.014203	tail_probes	0	wrap_probes	0
ak2-engine	mem	t_s	241.0	rss_kib	76341836	hwm_kib	79269692	heap_inuse	3259613184	sys	6927151336	avail_kib	18844520
ak2-engine	rendezvous	puts	13	gets	625
ak2-engine	s3	client	sdk	put	31	get	625	create_multipart	18	upload_part	2148	complete_multipart	18	abort_multipart	0	part_bytes	17957403705
ak2-engine	s3	client	cli	put	0	get	0	create_multipart	0	upload_part	0	complete_multipart	0	abort_multipart	0	part_bytes	0
ak2-engine	load	seconds	27.215215	requests	1126	retries	0	bytes	74318296292
ak2-engine	route	transport	nodes	calls	5383	keys	8095663616	batches	86128	route_s	65.524823	wait_s	42.903611	gather_s	14.467573
ak2-engine	worker	scan_s	493.882052	lookup_s	122.899242	classify_s	440.977309
ak2-timing	total	0.000001	241.130537	10678101	0	1555.806152	98.767025
