ak2: log tee up
ak2-phase	2026-10-09T06:44:31Z	1791528271	preamble	no
ak2: [2026-10-09T06:44:31Z] inherited $-=hBc (stub, as spawn started it: $-=hBc)
ak2: [2026-10-09T06:44:31Z] after set +e $-=hBc
ak2: [2026-10-09T06:44:31Z] gate=g3 run=20261009-064231-4c67532-2a5c-n64-r48
ak2: [2026-10-09T06:44:31Z] aws shim installed and self-tested (/tmp/ak2-bin/aws -> /usr/bin/aws)
ak2: [2026-10-09T06:44:31Z] imds region=us-west-2 az=us-west-2b instance=i-086618a13ebd02125 type=c8gn.4xlarge ami=ami-09325776a00699513
ak2: [2026-10-09T06:44:31Z] bucket aws-kraken2-942542972736-us-west-2 region=us-west-2
ak2: [2026-10-09T06:44:32Z] bucket aws-kraken2-942542972736-us-west-2 payer=UNKNOWN
ak2: [2026-10-09T06:44:32Z] WARN: could not read Payer of aws-kraken2-942542972736-us-west-2 from the instance (launch host verified it)
ak2: [2026-10-09T06:44:32Z] bucket kraken2-ncbi-refseq-complete-v205 region=us-west-2
ak2: [2026-10-09T06:44:32Z] bucket kraken2-ncbi-refseq-complete-v205 payer=BucketOwner
ak2: [2026-10-09T06:44:32Z] region assert passed
ak2: [2026-10-09T06:44:32Z] drop_caches_ok=true
ak2: [2026-10-09T06:44:33Z] preamble done; spec body starts
ak2-phase	2026-10-09T06:44:33Z	1791528273	body	no
ak2-phase	2026-10-09T06:44:33Z	1791528273	setup	no
go: downloading github.com/aws/aws-sdk-go-v2 v1.47.1
go: downloading github.com/aws/aws-sdk-go-v2/config v1.33.7
go: downloading github.com/aws/aws-sdk-go-v2/service/s3 v1.114.1
go: downloading github.com/aws/aws-sdk-go-v2/credentials v1.20.7
go: downloading github.com/klauspost/compress v1.20.0
go: downloading github.com/aws/aws-sdk-go-v2/service/sso v1.38.2
go: downloading github.com/aws/aws-sdk-go-v2/feature/ec2/imds v1.20.1
go: downloading github.com/aws/aws-sdk-go-v2/service/ssooidc v1.43.2
go: downloading github.com/aws/aws-sdk-go-v2/service/sts v1.51.2
go: downloading github.com/aws/smithy-go v1.28.1
go: downloading github.com/aws/aws-sdk-go-v2/service/signin v1.10.2
go: downloading github.com/aws/aws-sdk-go-v2/aws/protocol/eventstream v1.7.20
go: downloading github.com/aws/aws-sdk-go-v2/internal/configsources v1.5.4
go: downloading github.com/aws/aws-sdk-go-v2/internal/v4a v1.5.4
go: downloading github.com/aws/aws-sdk-go-v2/service/internal/accept-encoding v1.13.19
go: downloading github.com/aws/aws-sdk-go-v2/service/internal/checksum v1.11.5
go: downloading github.com/aws/aws-sdk-go-v2/service/internal/presigned-url v1.14.4
go: downloading github.com/aws/aws-sdk-go-v2/service/internal/s3shared v1.20.4
go: downloading github.com/aws/aws-sdk-go-v2/internal/endpoints/v2 v2.8.4
ak2: [2026-10-09T06:45:09Z] rank 48 of 64; hash.k2d etag=f80959f9556b50d76b3e744afdd3b22a-8860 size=1189091671800; stages 1 16 32 64 x 60s
ak2-phase	2026-10-09T06:45:09Z	1791528309	rendezvous	no
ak2: [2026-10-09T06:46:06Z] rendezvous: all 64 ready; stages start at 1791528368 (2 s from now)
ak2-phase	2026-10-09T06:46:06Z	1791528366	stage-n1	no
ak2: [2026-10-09T06:46:08Z] stage n1: rank 48 waits
ak2-phase	2026-10-09T06:46:08Z	1791528368	stage-n16	no
ak2: [2026-10-09T06:47:28Z] stage n16: rank 48 waits
ak2-phase	2026-10-09T06:47:28Z	1791528448	stage-n32	no
ak2: [2026-10-09T06:48:48Z] stage n32: rank 48 waits
ak2-phase	2026-10-09T06:48:48Z	1791528528	stage-n64	no
probe-cont {"kind":"progress","label":"n64-r48","unix_s":1791528613.1242015,"elapsed_s":5.000121969,"bytes":28454158336,"gbps_cum":5.690692849576766,"gbps_interval":5.690692849576766,"requests":488,"retries":0,"complete":false}
probe-cont {"kind":"progress","label":"n64-r48","unix_s":1791528618.1242013,"elapsed_s":10.000121841,"bytes":58116276224,"gbps_cum":5.8115568138106255,"gbps_interval":5.932423729470047,"requests":930,"retries":0,"complete":false}
probe-cont {"kind":"progress","label":"n64-r48","unix_s":1791528623.1241872,"elapsed_s":15.000107687,"bytes":90664075264,"gbps_cum":6.044228291945862,"gbps_interval":6.509578235314069,"requests":1415,"retries":0,"complete":false}
probe-cont {"kind":"progress","label":"n64-r48","unix_s":1791528628.124188,"elapsed_s":20.000108324,"bytes":120259084288,"gbps_cum":6.0129216472137745,"gbps_interval":5.919001050719266,"requests":1856,"retries":0,"complete":false}
probe-cont {"kind":"progress","label":"n64-r48","unix_s":1791528633.1242168,"elapsed_s":25.000137341,"bytes":149921202176,"gbps_cum":5.99681514269646,"gbps_interval":5.932389149572809,"requests":2298,"retries":0,"complete":false}
probe-cont {"kind":"progress","label":"n64-r48","unix_s":1791528638.124195,"elapsed_s":30.00011553,"bytes":182536110080,"gbps_cum":6.084513571204905,"gbps_interval":6.5230100354743765,"requests":2784,"retries":0,"complete":false}
probe-cont {"kind":"progress","label":"n64-r48","unix_s":1791528643.1241925,"elapsed_s":35.00011315,"bytes":212466663424,"gbps_cum":6.070456472910003,"gbps_interval":5.986113518190034,"requests":3230,"retries":0,"complete":false}
probe-cont {"kind":"progress","label":"n64-r48","unix_s":1791528648.124198,"elapsed_s":40.000118318,"bytes":244544700416,"gbps_cum":6.113599426678577,"gbps_interval":6.415600767235047,"requests":3708,"retries":0,"complete":false}
probe-cont {"kind":"progress","label":"n64-r48","unix_s":1791528653.124191,"elapsed_s":45.000111536,"bytes":274877906944,"gbps_cum":6.108382791987043,"gbps_interval":6.066649534403428,"requests":4160,"retries":0,"complete":false}
probe-cont {"kind":"progress","label":"n64-r48","unix_s":1791528658.1241987,"elapsed_s":50.000119282,"bytes":306284855296,"gbps_cum":6.12568249224682,"gbps_interval":6.281379939286198,"requests":4628,"retries":0,"complete":false}
probe-cont {"kind":"progress","label":"n64-r48","unix_s":1791528663.1241908,"elapsed_s":55.000111269,"bytes":337087823872,"gbps_cum":6.128857125821754,"gbps_interval":6.16060358818331,"requests":5087,"retries":0,"complete":false}
probe-cont {"kind":"progress","label":"n64-r48","unix_s":1791528668.124202,"elapsed_s":60.000122495,"bytes":367018377216,"gbps_cum":6.116960465315463,"gbps_interval":5.986097228814502,"requests":5533,"retries":0,"complete":false}
probe-cont {"kind":"done","label":"n64-r48","unix_s":1791528668.124523,"elapsed_s":60.000443622,"bytes":367018377216,"gbps_cum":6.116927726871466,"gbps_interval":0,"requests":5533,"retries":0,"complete":false,"workers":64,"chunk_mib":64,"object":"https://kraken2-ncbi-refseq-complete-v205.s3.us-west-2.amazonaws.com/Kraken2_RefSeqCompleteV205/hash.k2d","object_bytes":1189091671800,"stopped_by":"seconds"}
ak2-phase	2026-10-09T06:51:13Z	1791528673	push	no
ak2: [2026-10-09T06:51:13Z] pushed out/cont-48.jsonl
ak2: [2026-10-09T06:51:13Z] contention probe done FAIL=0
ak2: [2026-10-09T06:51:13Z] spec body exit rc=0
ak2-phase	2026-10-09T06:51:13Z	1791528673	end	no
