ak2: log tee up
ak2-phase	2026-10-08T05:24:39Z	1791437079	preamble	no
ak2: [2026-10-08T05:24:39Z] inherited $-=hBc (stub, as spawn started it: $-=hBc)
ak2: [2026-10-08T05:24:39Z] after set +e $-=hBc
ak2: [2026-10-08T05:24:39Z] gate=g3 run=20261008-052413-306f827-5162-n16-r2
ak2: [2026-10-08T05:24:39Z] aws shim installed and self-tested (/tmp/ak2-bin/aws -> /usr/bin/aws)
ak2: [2026-10-08T05:24:39Z] imds region=us-west-2 az=us-west-2a instance=i-0ca12d01d5008dd36 type=c9g.12xlarge ami=ami-09325776a00699513
ak2: [2026-10-08T05:24:39Z] bucket aws-kraken2-942542972736-us-west-2 region=us-west-2
ak2: [2026-10-08T05:24:40Z] bucket aws-kraken2-942542972736-us-west-2 payer=UNKNOWN
ak2: [2026-10-08T05:24:40Z] WARN: could not read Payer of aws-kraken2-942542972736-us-west-2 from the instance (launch host verified it)
ak2: [2026-10-08T05:24:40Z] bucket kraken2-ncbi-refseq-complete-v205 region=us-west-2
ak2: [2026-10-08T05:24:40Z] bucket kraken2-ncbi-refseq-complete-v205 payer=BucketOwner
ak2: [2026-10-08T05:24:40Z] region assert passed
ak2: [2026-10-08T05:24:40Z] drop_caches_ok=true
ak2: [2026-10-08T05:24:41Z] preamble done; spec body starts
ak2-phase	2026-10-08T05:24:41Z	1791437081	body	no
ak2: [2026-10-08T05:24:41Z] e3 cohort 20261008-052413-306f827-5162-n16 rank 2 of 16, commit 306f827; RODA kraken2-ncbi-refseq-complete-v205/Kraken2_RefSeqCompleteV205; samples aws-kraken2-942542972736-us-west-2/aws-kraken2/data/cohort; cohort 100
ak2-phase	2026-10-08T05:24:41Z	1791437081	setup	no
ak2: [2026-10-08T05:25:06Z] built 306f827679d55c2395743f532e6da71aeae1bc11; go version go1.27.1 linux/arm64; ip 172.31.16.106; nproc 48; mem_gib 92; threads 16, inflight 6
ak2-phase	2026-10-08T05:25:06Z	1791437106	manifest	no
ak2: [2026-10-08T05:25:07Z] staged s3://kraken2-ncbi-refseq-complete-v205/Kraken2_RefSeqCompleteV205/opts.k2d -> /home/ec2-user/ak2/db/roda/opts.k2d (56 bytes)
ak2: [2026-10-08T05:25:08Z] staged s3://kraken2-ncbi-refseq-complete-v205/Kraken2_RefSeqCompleteV205/taxo.k2d -> /home/ec2-user/ak2/db/roda/taxo.k2d (179150665 bytes)
ak2: [2026-10-08T05:25:08Z] RODA hash.k2d etag=f80959f9556b50d76b3e744afdd3b22a-8860 size=1189091671800
ak2: [2026-10-08T05:25:09Z] pushed out/rank2/c100.tsv
ak2: [2026-10-08T05:25:09Z] pushed out/rank2/placement.tsv
ak2: [2026-10-08T05:25:09Z] manifest c100: 306 lines in 9 batches; rank 2 reads 14 samples
ak2-phase	2026-10-08T05:25:09Z	1791437109	fetch	no
ak2: [2026-10-08T05:25:18Z] inputs staged and verified: 28 files, 15.86 GB
ak2: [2026-10-08T05:25:18Z] manifest c100: cohort: 306 samples in 9 batches check
ak2-phase	2026-10-08T05:25:18Z	1791437118	inv-c100	no
[c100] ak2-timing	taxo	0.002582	0.075411	87823	0	0.028437	0.060241
[c100] ak2-timing	shard-load-2	0.139998	25.060562	42032	0	36.482629	32.215227
[c100] ak2-timing	rendezvous	25.598666	30.442284	3373	0	0.024200	0.014637
[c100] ak2-timing	connect	56.040961	0.070038	16	0	0.000492	0.000435
[c100] ak2-timing	hash	0.078080	56.032926	47320	0	36.508852	32.240817
Hangup
ak2: [2026-10-08T05:30:16Z] spec body exit rc=129 (SIGHUP)
ak2-phase	2026-10-08T05:30:16Z	1791437416	end	no
