Loading database information...ak2-timing	opts	0.002466	0.000013	0	0	0.000012	0.000000
ak2-timing	taxo	0.002483	0.078923	87824	0	0.023038	0.069531
ak2-engine	mem	t_s	15.0	rss_kib	45016212	hwm_kib	45016216	heap_inuse	406487040	sys	443672952	avail_kib	49805272
ak2-timing	shard-load-15	0.137087	24.643343	42563	0	27.665625	19.946655
ak2-timing	rendezvous	25.214830	0.443985	177	0	0.002369	0.001713
ak2-timing	connect	25.658824	0.133604	592	0	0.018219	0.000000
ak2-timing	hash	0.081426	25.711013	45168	0	27.687224	19.959627
 done.
ak2-engine	mem	t_s	30.0	rss_kib	78278876	hwm_kib	78278876	heap_inuse	5033943040	sys	5959692168	avail_kib	16975864
16053448 sequences (2993.47 Mbp) processed in 7.317s (131645.1 Kseq/m, 24547.72 Mbp/m).
  15204484 sequences classified (94.71%)
  848964 sequences unclassified (5.29%)
ak2-sample	batch	0	name	0-SRR5935756	mode	parallel	s3client	sdk	rank	15	role	home	inflight	1	threads	16	start_s	25.792463	wall_s	7.714803	setup_s	0.000036	classify_s	7.316693	close_s	0.266247	report_s	0.122310	status	0	sequences	16053448	bases	2993468449	classified	15204484	place	lpt	weight	16053448
15746753 sequences (2888.34 Mbp) processed in 7.200s (131215.4 Kseq/m, 24068.09 Mbp/m).
  14105631 sequences classified (89.58%)
  1641122 sequences unclassified (10.42%)
ak2-sample	batch	0	name	0-SRR5935768	mode	parallel	s3client	sdk	rank	15	role	home	inflight	1	threads	16	start_s	33.507278	wall_s	7.618517	setup_s	0.000044	classify_s	7.200416	close_s	0.268967	report_s	0.138301	status	0	sequences	15746753	bases	2888337209	classified	14105631	place	lpt	weight	15746753
ak2-engine	mem	t_s	45.0	rss_kib	78661284	hwm_kib	79091264	heap_inuse	4570931200	sys	6714814648	avail_kib	15901368
12711109 sequences (2382.42 Mbp) processed in 5.888s (129536.8 Kseq/m, 24278.84 Mbp/m).
  11452616 sequences classified (90.10%)
  1258493 sequences unclassified (9.90%)
ak2-sample	batch	0	name	0-SRR5935833	mode	parallel	s3client	sdk	rank	15	role	home	inflight	1	threads	16	start_s	41.125810	wall_s	6.257600	setup_s	0.000035	classify_s	5.887644	close_s	0.217358	report_s	0.139500	status	0	sequences	12711109	bases	2382418955	classified	11452616	place	lpt	weight	12711109
11689489 sequences (2123.44 Mbp) processed in 5.332s (131530.5 Kseq/m, 23893.02 Mbp/m).
  11327502 sequences classified (96.90%)
  361987 sequences unclassified (3.10%)
ak2-sample	batch	0	name	0-SRR5935764	mode	parallel	s3client	sdk	rank	15	role	home	inflight	1	threads	16	start_s	47.383424	wall_s	5.789763	setup_s	0.000035	classify_s	5.332371	close_s	0.287692	report_s	0.162876	status	0	sequences	11689489	bases	2123440867	classified	11327502	place	lpt	weight	11689489
8766123 sequences (1609.93 Mbp) processed in 4.053s (129777.7 Kseq/m, 23834.10 Mbp/m).
  8639469 sequences classified (98.56%)
  126654 sequences unclassified (1.44%)
ak2-sample	batch	0	name	0-SRR5935826	mode	parallel	s3client	sdk	rank	15	role	home	inflight	1	threads	16	start_s	53.173200	wall_s	4.453150	setup_s	0.000038	classify_s	4.052834	close_s	0.260907	report_s	0.135575	status	0	sequences	8766123	bases	1609927653	classified	8639469	place	lpt	weight	8766123
ak2-engine	mem	t_s	60.0	rss_kib	79103248	hwm_kib	79113596	heap_inuse	5780824064	sys	6832410840	avail_kib	15407696
6882441 sequences (1244.79 Mbp) processed in 3.156s (130847.6 Kseq/m, 23665.64 Mbp/m).
  6619730 sequences classified (96.18%)
  262711 sequences unclassified (3.82%)
ak2-sample	batch	0	name	0-SRR5935832	mode	parallel	s3client	sdk	rank	15	role	home	inflight	1	threads	16	start_s	57.626363	wall_s	3.574895	setup_s	0.000040	classify_s	3.155934	close_s	0.261133	report_s	0.152768	status	0	sequences	6882441	bases	1244786679	classified	6619730	place	lpt	weight	6882441
ak2-timing	batch-barrier-0	61.201272	1.381424	2	0	0.088369	0.001694
6071697 sequences (1090.39 Mbp) processed in 2.754s (132290.9 Kseq/m, 23757.53 Mbp/m).
  5415115 sequences classified (89.19%)
  656582 sequences unclassified (10.81%)
ak2-sample	batch	1	name	1-SRR5935755	mode	parallel	s3client	sdk	rank	15	role	home	inflight	1	threads	16	start_s	62.582715	wall_s	3.122397	setup_s	0.000034	classify_s	2.753793	close_s	0.219561	report_s	0.140774	status	0	sequences	6071697	bases	1090388750	classified	5415115	place	mod	weight	6071697
9230220 sequences (1688.15 Mbp) processed in 4.305s (128644.2 Kseq/m, 23528.25 Mbp/m).
  8736529 sequences classified (94.65%)
  493691 sequences unclassified (5.35%)
ak2-sample	batch	1	name	1-SRR5935771	mode	parallel	s3client	sdk	rank	15	role	home	inflight	1	threads	16	start_s	65.705126	wall_s	4.655181	setup_s	0.000037	classify_s	4.305000	close_s	0.208137	report_s	0.133978	status	0	sequences	9230220	bases	1688151903	classified	8736529	place	mod	weight	9230220
ak2-engine	mem	t_s	75.0	rss_kib	78489564	hwm_kib	79361400	heap_inuse	4629422080	sys	7042875656	avail_kib	15644948
16351397 sequences (3065.56 Mbp) processed in 7.580s (129437.6 Kseq/m, 24266.95 Mbp/m).
  16166849 sequences classified (98.87%)
  184548 sequences unclassified (1.13%)
ak2-sample	batch	1	name	1-SRR5935787	mode	parallel	s3client	sdk	rank	15	role	home	inflight	1	threads	16	start_s	70.360320	wall_s	7.987182	setup_s	0.000037	classify_s	7.579588	close_s	0.276260	report_s	0.126196	status	0	sequences	16351397	bases	3065557655	classified	16166849	place	mod	weight	16351397
18392491 sequences (3418.71 Mbp) processed in 8.325s (132563.0 Kseq/m, 24640.16 Mbp/m).
  18064386 sequences classified (98.22%)
  328105 sequences unclassified (1.78%)
ak2-sample	batch	1	name	1-SRR5935803	mode	parallel	s3client	sdk	rank	15	role	home	inflight	1	threads	16	start_s	78.347516	wall_s	8.779419	setup_s	0.000044	classify_s	8.324716	close_s	0.301706	report_s	0.146306	status	0	sequences	18392491	bases	3418705365	classified	18064386	place	mod	weight	18392491
ak2-engine	mem	t_s	90.0	rss_kib	79171052	hwm_kib	79361400	heap_inuse	5635039232	sys	7044784392	avail_kib	15322660
10896278 sequences (2024.82 Mbp) processed in 5.180s (126209.2 Kseq/m, 23453.07 Mbp/m).
  10712521 sequences classified (98.31%)
  183757 sequences unclassified (1.69%)
ak2-sample	batch	1	name	1-SRR5935819	mode	parallel	s3client	sdk	rank	15	role	home	inflight	1	threads	16	start_s	87.126956	wall_s	5.585095	setup_s	0.000042	classify_s	5.180102	close_s	0.267191	report_s	0.133668	status	0	sequences	10896278	bases	2024821947	classified	10712521	place	mod	weight	10896278
1341509 sequences (254.99 Mbp) processed in 0.857s (93966.0 Kseq/m, 17861.03 Mbp/m).
  1320808 sequences classified (98.46%)
  20701 sequences unclassified (1.54%)
ak2-sample	batch	1	name	1-SRR5935835	mode	parallel	s3client	sdk	rank	15	role	home	inflight	1	threads	16	start_s	92.712067	wall_s	1.245680	setup_s	0.000046	classify_s	0.856592	close_s	0.244346	report_s	0.142836	status	0	sequences	1341509	bases	254993682	classified	1320808	place	mod	weight	1341509
ak2-engine	mem	t_s	105.0	rss_kib	77676888	hwm_kib	79716380	heap_inuse	3847290880	sys	7426883944	avail_kib	16567880
ak2-timing	batch-barrier-1	93.957772	16.189788	7	0	6.937203	0.939046
16053448 sequences (2993.47 Mbp) processed in 7.341s (131205.6 Kseq/m, 24465.77 Mbp/m).
  15204484 sequences classified (94.71%)
  848964 sequences unclassified (5.29%)
ak2-sample	batch	2	name	2-SRR5935756	mode	parallel	s3client	sdk	rank	15	role	home	inflight	1	threads	16	start_s	110.147595	wall_s	7.838913	setup_s	0.000038	classify_s	7.341201	close_s	0.367312	report_s	0.121077	status	0	sequences	16053448	bases	2993468449	classified	15204484	place	lpt	weight	16053448
ak2-engine	mem	t_s	120.0	rss_kib	78779964	hwm_kib	79716380	heap_inuse	4867522560	sys	7426892136	avail_kib	15371824
15746753 sequences (2888.34 Mbp) processed in 7.234s (130606.3 Kseq/m, 23956.36 Mbp/m).
  14105631 sequences classified (89.58%)
  1641122 sequences unclassified (10.42%)
ak2-sample	batch	2	name	2-SRR5935768	mode	parallel	s3client	sdk	rank	15	role	home	inflight	1	threads	16	start_s	117.986523	wall_s	7.736631	setup_s	0.000042	classify_s	7.233997	close_s	0.294146	report_s	0.197700	status	0	sequences	15746753	bases	2888337209	classified	14105631	place	lpt	weight	15746753
12711109 sequences (2382.42 Mbp) processed in 5.882s (129655.2 Kseq/m, 24301.02 Mbp/m).
  11452616 sequences classified (90.10%)
  1258493 sequences unclassified (9.90%)
ak2-sample	batch	2	name	2-SRR5935833	mode	parallel	s3client	sdk	rank	15	role	home	inflight	1	threads	16	start_s	125.723168	wall_s	6.255508	setup_s	0.000038	classify_s	5.882270	close_s	0.207494	report_s	0.153576	status	0	sequences	12711109	bases	2382418955	classified	11452616	place	lpt	weight	12711109
ak2-engine	mem	t_s	135.0	rss_kib	78962112	hwm_kib	79716380	heap_inuse	4622336000	sys	7426892136	avail_kib	15265700
11689489 sequences (2123.44 Mbp) processed in 5.381s (130349.0 Kseq/m, 23678.40 Mbp/m).
  11327502 sequences classified (96.90%)
  361987 sequences unclassified (3.10%)
ak2-sample	batch	2	name	2-SRR5935764	mode	parallel	s3client	sdk	rank	15	role	home	inflight	1	threads	16	start_s	131.978692	wall_s	5.985185	setup_s	0.000039	classify_s	5.380703	close_s	0.394424	report_s	0.202842	status	0	sequences	11689489	bases	2123440867	classified	11327502	place	lpt	weight	11689489
8766123 sequences (1609.93 Mbp) processed in 4.050s (129856.0 Kseq/m, 23848.48 Mbp/m).
  8639469 sequences classified (98.56%)
  126654 sequences unclassified (1.44%)
ak2-sample	batch	2	name	2-SRR5935826	mode	parallel	s3client	sdk	rank	15	role	home	inflight	1	threads	16	start_s	137.963893	wall_s	4.434770	setup_s	0.000050	classify_s	4.050391	close_s	0.264502	report_s	0.116251	status	0	sequences	8766123	bases	1609927653	classified	8639469	place	lpt	weight	8766123
6882441 sequences (1244.79 Mbp) processed in 3.141s (131464.8 Kseq/m, 23777.26 Mbp/m).
  6619730 sequences classified (96.18%)
  262711 sequences unclassified (3.82%)
ak2-sample	batch	2	name	2-SRR5935832	mode	parallel	s3client	sdk	rank	15	role	home	inflight	1	threads	16	start_s	142.398675	wall_s	3.521397	setup_s	0.000039	classify_s	3.141119	close_s	0.262202	report_s	0.113026	status	0	sequences	6882441	bases	1244786679	classified	6619730	place	lpt	weight	6882441
ak2-timing	batch-barrier-2	145.920082	0.482546	1	0	0.003433	0.000242
ak2-engine	mem	t_s	150.0	rss_kib	75434772	hwm_kib	79716380	heap_inuse	2231820288	sys	7427170664	avail_kib	18337984
ak2-timing	barrier	152.077440	0.831821	0	0	0.016579	0.000000
ak2-sample	batch	3	name	3-SRR5935740	mode	striped	s3client	sdk	rank	15	role	peer	inflight	1	threads	16	start_s	147.382943	wall_s	5.526354	setup_s	0.000032	classify_s	4.691470	close_s	0.000000	report_s	0.000000	status	0	sequences	0	bases	0	classified	0	place	-	weight	-
ak2-timing	batch-barrier-3	152.909306	0.631490	0	0	0.003979	0.000038
ak2-timing	barrier	158.970153	0.126597	0	0	0.002141	0.000150
ak2-sample	batch	4	name	4-SRR5935740	mode	striped	s3client	sdk	rank	15	role	peer	inflight	1	threads	16	start_s	154.272360	wall_s	4.824422	setup_s	0.000031	classify_s	4.694718	close_s	0.000000	report_s	0.000000	status	0	sequences	0	bases	0	classified	0	place	-	weight	-
ak2-timing	batch-barrier-4	159.096789	0.521280	2	0	0.003917	0.000000
ak2-engine	mem	t_s	165.0	rss_kib	76611668	hwm_kib	79716380	heap_inuse	2531975168	sys	7427170664	avail_kib	18163876
ak2-timing	barrier	165.073249	0.055280	0	0	0.000073	0.000005
ak2-sample	batch	5	name	5-SRR5935740	mode	striped	s3client	sdk	rank	15	role	peer	inflight	1	threads	16	start_s	160.371644	wall_s	4.756914	setup_s	0.000031	classify_s	4.698555	close_s	0.000000	report_s	0.000000	status	0	sequences	0	bases	0	classified	0	place	-	weight	-
ak2-timing	batch-barrier-5	165.128564	0.491191	2	0	0.004043	0.000000
ak2-timing	batch-barrier-6	165.619767	6.117608	0	0	0.574348	0.059045
ak2-timing	batch-barrier-7	171.737390	5.056394	1	0	0.543029	0.075940
ak2-engine	mem	t_s	180.0	rss_kib	76611780	hwm_kib	79716380	heap_inuse	2560450560	sys	7427170664	avail_kib	18474128
ak2-timing	batch-barrier-8	176.793802	6.110771	21	0	0.580831	0.045675
ak2-engine	shard	0	n	16	lo	278693360570	hi	297272917942	tail	302	full	false	empty_at	18579557371	keys	8468698137	batches	89910	probe_s	161.794423	tail_probes	0	wrap_probes	0
ak2-engine	mem	t_s	182.9	rss_kib	76611780	hwm_kib	79716380	heap_inuse	2560557056	sys	7427170664	avail_kib	18524004
ak2-engine	rendezvous	puts	13	gets	394
ak2-engine	s3	client	sdk	put	31	get	394	create_multipart	18	upload_part	2132	complete_multipart	18	abort_multipart	0	part_bytes	17819487418
ak2-engine	s3	client	cli	put	0	get	0	create_multipart	0	upload_part	0	complete_multipart	0	abort_multipart	0	part_bytes	0
ak2-engine	load	seconds	24.643340	requests	1127	retries	0	bytes	74318296296
ak2-engine	route	transport	nodes	calls	5450	keys	8208455580	batches	87200	route_s	55.056793	wait_s	42.375934	gather_s	11.946582
ak2-engine	worker	scan_s	414.721460	lookup_s	109.380943	classify_s	351.916730
ak2-timing	total	0.000001	183.010899	10676055	0	1303.318013	91.335647
