ak2: log tee up
ak2-phase	2026-10-08T05:44:15Z	1791438255	preamble	no
ak2: [2026-10-08T05:44:15Z] inherited $-=hBc (stub, as spawn started it: $-=hBc)
ak2: [2026-10-08T05:44:15Z] after set +e $-=hBc
ak2: [2026-10-08T05:44:15Z] gate=g3 run=20261008-054327-1a4dbfe-0536-n16-r13
ak2: [2026-10-08T05:44:15Z] aws shim installed and self-tested (/tmp/ak2-bin/aws -> /usr/bin/aws)
ak2: [2026-10-08T05:44:15Z] imds region=us-west-2 az=us-west-2a instance=i-07e400a56b844c1ed type=c8g.16xlarge ami=ami-09325776a00699513
ak2: [2026-10-08T05:44:15Z] bucket aws-kraken2-942542972736-us-west-2 region=us-west-2
ak2: [2026-10-08T05:44:16Z] bucket aws-kraken2-942542972736-us-west-2 payer=UNKNOWN
ak2: [2026-10-08T05:44:16Z] WARN: could not read Payer of aws-kraken2-942542972736-us-west-2 from the instance (launch host verified it)
ak2: [2026-10-08T05:44:16Z] bucket kraken2-ncbi-refseq-complete-v205 region=us-west-2
ak2: [2026-10-08T05:44:17Z] bucket kraken2-ncbi-refseq-complete-v205 payer=BucketOwner
ak2: [2026-10-08T05:44:17Z] region assert passed
ak2: [2026-10-08T05:44:17Z] drop_caches_ok=true
ak2: [2026-10-08T05:44:17Z] preamble done; spec body starts
ak2-phase	2026-10-08T05:44:17Z	1791438257	body	no
ak2: [2026-10-08T05:44:17Z] e3 cohort 20261008-054327-1a4dbfe-0536-n16 rank 13 of 16, commit 1a4dbfe; RODA kraken2-ncbi-refseq-complete-v205/Kraken2_RefSeqCompleteV205; samples aws-kraken2-942542972736-us-west-2/aws-kraken2/data/cohort; cohort 100
ak2-phase	2026-10-08T05:44:17Z	1791438257	setup	no
ak2: [2026-10-08T05:44:53Z] built 1a4dbfe0bf36fd5744d2631453752d4e835af8b7; go version go1.27.1 linux/arm64; ip 172.31.20.201; nproc 64; mem_gib 123; threads 16, inflight 4
ak2-phase	2026-10-08T05:44:53Z	1791438293	manifest	no
ak2: [2026-10-08T05:44:54Z] staged s3://kraken2-ncbi-refseq-complete-v205/Kraken2_RefSeqCompleteV205/opts.k2d -> /home/ec2-user/ak2/db/roda/opts.k2d (56 bytes)
ak2: [2026-10-08T05:44:55Z] staged s3://kraken2-ncbi-refseq-complete-v205/Kraken2_RefSeqCompleteV205/taxo.k2d -> /home/ec2-user/ak2/db/roda/taxo.k2d (179150665 bytes)
ak2: [2026-10-08T05:44:55Z] RODA hash.k2d etag=f80959f9556b50d76b3e744afdd3b22a-8860 size=1189091671800
ak2: [2026-10-08T05:44:55Z] pushed out/rank13/c100.tsv
ak2: [2026-10-08T05:44:56Z] pushed out/rank13/placement.tsv
ak2: [2026-10-08T05:44:56Z] manifest c100: 306 lines in 9 batches; rank 13 reads 12 samples
ak2-phase	2026-10-08T05:44:56Z	1791438296	fetch	no
ak2: [2026-10-08T05:45:04Z] inputs staged and verified: 24 files, 14.56 GB
ak2: [2026-10-08T05:45:04Z] manifest c100: cohort: 306 samples in 9 batches check
ak2-phase	2026-10-08T05:45:04Z	1791438304	inv-c100	no
[c100] ak2-timing	taxo	0.003336	0.113996	87887	0	0.022738	0.094576
[c100] ak2-engine	mem	t_s	15.0	rss_kib	53701236	hwm_kib	53701240	heap_inuse	406331392	sys	444922216	avail_kib	73183752
[c100] ak2-timing	shard-load-13	0.187781	20.528971	42286	0	30.990618	26.617835
[c100] ak2-engine	mem	t_s	30.0	rss_kib	72976992	hwm_kib	72976996	heap_inuse	408977408	sys	445184360	avail_kib	54215952
[c100] ak2-engine	mem	t_s	45.0	rss_kib	72977312	hwm_kib	72977316	heap_inuse	409272320	sys	445184360	avail_kib	54440716
[c100] ak2-engine	mem	t_s	60.0	rss_kib	72977696	hwm_kib	72977700	heap_inuse	409640960	sys	445184360	avail_kib	54527208
[c100] ak2-engine	mem	t_s	75.0	rss_kib	72978076	hwm_kib	72978076	heap_inuse	410132480	sys	445184360	avail_kib	54615472
[c100] ak2-engine	mem	t_s	90.0	rss_kib	72978216	hwm_kib	72978216	heap_inuse	410722304	sys	445184360	avail_kib	54620392
[c100] ak2-engine	mem	t_s	105.0	rss_kib	72978280	hwm_kib	72978284	heap_inuse	411320320	sys	445184360	avail_kib	54573220
[c100] ak2-engine	mem	t_s	120.0	rss_kib	72978836	hwm_kib	72978840	heap_inuse	411901952	sys	445184360	avail_kib	54617688
[c100] ak2-engine	mem	t_s	135.0	rss_kib	72980016	hwm_kib	72980020	heap_inuse	189423616	sys	449927528	avail_kib	54633200
[c100] ak2-engine	mem	t_s	150.0	rss_kib	72980192	hwm_kib	72980192	heap_inuse	189800448	sys	449927528	avail_kib	54631832
[c100] ak2-engine	mem	t_s	165.0	rss_kib	72980372	hwm_kib	72980372	heap_inuse	190324736	sys	449927528	avail_kib	54630496
[c100] ak2-engine	mem	t_s	180.0	rss_kib	72980424	hwm_kib	72980424	heap_inuse	190898176	sys	449927528	avail_kib	54575428
[c100] ak2-engine	mem	t_s	195.0	rss_kib	72980580	hwm_kib	72980580	heap_inuse	191406080	sys	449927528	avail_kib	54622096
[c100] ak2-engine	mem	t_s	210.0	rss_kib	72980644	hwm_kib	72980644	heap_inuse	191979520	sys	449993064	avail_kib	54601868
[c100] ak2-engine	mem	t_s	225.0	rss_kib	72980652	hwm_kib	72980652	heap_inuse	192610304	sys	449993064	avail_kib	54631188
[c100] ak2-engine	mem	t_s	240.0	rss_kib	72980676	hwm_kib	72980676	heap_inuse	193191936	sys	449993064	avail_kib	54599364
[c100] ak2-engine	mem	t_s	255.0	rss_kib	72797632	hwm_kib	72977244	heap_inuse	187801600	sys	450541928	avail_kib	54804480
[c100] ak2-engine	mem	t_s	270.0	rss_kib	72797632	hwm_kib	72977244	heap_inuse	188219392	sys	450541928	avail_kib	54822104
[c100] ak2-engine	mem	t_s	285.0	rss_kib	72797644	hwm_kib	72977244	heap_inuse	188776448	sys	450541928	avail_kib	54831704
[c100] ak2-engine	mem	t_s	300.0	rss_kib	72797648	hwm_kib	72977244	heap_inuse	189325312	sys	450541928	avail_kib	54802136
[c100] ak2-engine	mem	t_s	315.0	rss_kib	72797648	hwm_kib	72977244	heap_inuse	189915136	sys	450541928	avail_kib	54795032
[c100] ak2-engine	mem	t_s	330.0	rss_kib	72797652	hwm_kib	72977244	heap_inuse	190570496	sys	450541928	avail_kib	54807420
[c100] ak2-engine	mem	t_s	345.0	rss_kib	72797660	hwm_kib	72977244	heap_inuse	191234048	sys	450541928	avail_kib	54826736
[c100] ak2-engine	mem	t_s	360.0	rss_kib	72797660	hwm_kib	72977244	heap_inuse	191897600	sys	450541928	avail_kib	54829744
[c100] ak2-engine	mem	t_s	375.0	rss_kib	72797728	hwm_kib	72977244	heap_inuse	187555840	sys	450550120	avail_kib	54833044
[c100] ak2-engine	mem	t_s	390.0	rss_kib	72797732	hwm_kib	72977244	heap_inuse	188063744	sys	450550120	avail_kib	54819548
[c100] ak2-engine	mem	t_s	405.0	rss_kib	72797732	hwm_kib	72977244	heap_inuse	188522496	sys	450550120	avail_kib	54793616
[c100] ak2-engine	mem	t_s	420.0	rss_kib	72797740	hwm_kib	72977244	heap_inuse	189120512	sys	450550120	avail_kib	54797548
[c100] ak2-engine	mem	t_s	435.0	rss_kib	72797752	hwm_kib	72977244	heap_inuse	189710336	sys	450550120	avail_kib	54807404
[c100] ak2-engine	mem	t_s	450.0	rss_kib	72797756	hwm_kib	72977244	heap_inuse	190382080	sys	450550120	avail_kib	54818916
[c100] ak2-engine	mem	t_s	465.0	rss_kib	72797760	hwm_kib	72977244	heap_inuse	191021056	sys	450550120	avail_kib	54824388
[c100] ak2-engine	mem	t_s	480.0	rss_kib	72797768	hwm_kib	72977244	heap_inuse	191709184	sys	450550120	avail_kib	54809136
[c100] ak2-engine	mem	t_s	495.0	rss_kib	72797868	hwm_kib	72977244	heap_inuse	187613184	sys	450574696	avail_kib	54817856
[c100] ak2-engine	mem	t_s	510.0	rss_kib	72797872	hwm_kib	72977244	heap_inuse	188022784	sys	450574696	avail_kib	54821304
[c100] ak2-engine	mem	t_s	525.0	rss_kib	72797884	hwm_kib	72977244	heap_inuse	188522496	sys	450574696	avail_kib	54836496
[c100] ak2-engine	mem	t_s	540.0	rss_kib	72797888	hwm_kib	72977244	heap_inuse	189095936	sys	450574696	avail_kib	54808812
