spawn: shell options for --command: $-=ehB
spawn: errexit is ON. set -uo pipefail does NOT clear it; use set +e to opt out.
spawn: [2026-10-08T05:45:27Z] wrapper start
spawn: [2026-10-08T05:45:27Z] stage-in start
spawn: [2026-10-08T05:45:27Z] stage-in done rc=0
spawn: [2026-10-08T05:45:27Z] command start
ak2-stub: inherited $-=hBc
ak2-stub: imds region=us-west-2 expected=us-west-2 payload bucket aws-kraken2-942542972736-us-west-2 region=us-west-2
ak2-stub: payload verified (sha256 c2cc43bff2ac6f95de1c0e8a1482e008691c006392de997458b115c8472d1e86); exec
ak2: log tee up
ak2-phase	2026-10-08T05:45:27Z	1791438327	preamble	no
ak2: [2026-10-08T05:45:27Z] inherited $-=hBc (stub, as spawn started it: $-=hBc)
ak2: [2026-10-08T05:45:27Z] after set +e $-=hBc
ak2: [2026-10-08T05:45:27Z] gate=g3 run=20261008-054457-805d7a2-7357-n12-r5
ak2: [2026-10-08T05:45:27Z] aws shim installed and self-tested (/tmp/ak2-bin/aws -> /usr/bin/aws)
ak2: [2026-10-08T05:45:28Z] imds region=us-west-2 az=us-west-2a instance=i-0e6ec64ad525cf9b6 type=c8g.large ami=ami-09325776a00699513
ak2: [2026-10-08T05:45:28Z] bucket aws-kraken2-942542972736-us-west-2 region=us-west-2
ak2: [2026-10-08T05:45:29Z] bucket aws-kraken2-942542972736-us-west-2 payer=UNKNOWN
ak2: [2026-10-08T05:45:29Z] WARN: could not read Payer of aws-kraken2-942542972736-us-west-2 from the instance (launch host verified it)
ak2: [2026-10-08T05:45:29Z] region assert passed
ak2: [2026-10-08T05:45:29Z] drop_caches_ok=true
ak2: [2026-10-08T05:45:29Z] preamble done; spec body starts
ak2-phase	2026-10-08T05:45:29Z	1791438329	body	no
ak2-phase	2026-10-08T05:45:29Z	1791438329	setup	no
ak2: [2026-10-08T05:45:53Z] checkout 805d7a2; nproc 2; disk /dev/nvme0n1p1 40G 2.5G 38G 7% /; slice 5 of 12, ranks 11..1000
ak2-phase	2026-10-08T05:45:53Z	1791438353	stage	no
stage-cohort: shell flags huB (on instance: 1)
stage-cohort: ranks 11..1000, every 12th from offset 5; 6 files at once, 4 ranges each
stage-cohort: SRR5935767_2.fastq.gz present (md5 c644fb7ec27cedbcaf09a8eaad6e96d2)
stage-cohort: SRR5935755_2.fastq.gz present (md5 99ac6e44697d3f23861d5951f14f63f0)
stage-cohort: SRR5935755_1.fastq.gz present (md5 7d50a162f7f3625336743ec906b5a3cb)
stage-cohort: SRR5935767_1.fastq.gz present (md5 6248111ed19b8bee0c3f5b747eb6a437)
stage-cohort: SRR5935779_2.fastq.gz present (md5 e361a1db78bba7251aa3e1b1311f641e)
stage-cohort: SRR5935779_1.fastq.gz present (md5 ea337628d0809e53c4203f3c130aa084)
stage-cohort: SRR5935803_1.fastq.gz present (md5 9b9698a62c9a64cdb66b7cd7d24d4b3b)
stage-cohort: SRR5935803_2.fastq.gz present (md5 32397c1781cc7b5df7cb609bae98e8f6)
stage-cohort: SRR5935791_1.fastq.gz present (md5 845afaa070e1a3dba41706130c862587)
stage-cohort: SRR5935791_2.fastq.gz present (md5 ca210e709a2e82d937ec6252eb6008ab)
stage-cohort: SRR5935815_2.fastq.gz present (md5 6c4d8a55a96d65864f9459bc78b29f18)
stage-cohort: SRR5935815_1.fastq.gz present (md5 4a74e6b8fabc17ea02122384ac20b07f)
stage-cohort: SRR5935827_2.fastq.gz present (md5 3a41707cae4903b5ec566e884a58d38a)
stage-cohort: SRR5935827_1.fastq.gz present (md5 7cd9eb50aa1cd9b61726b6cff0843554)
stage-cohort: SRR5935851_2.fastq.gz present (md5 48975dd684770632615f48af86a4d3a7)
stage-cohort: SRR5935839_1.fastq.gz present (md5 510d71c0948f3a8a3f8e7fd743dac0db)
stage-cohort: SRR5935839_2.fastq.gz present (md5 d90289b6f3be9546d52b1c723c9cf130)
stage-cohort: SRR5935851_1.fastq.gz present (md5 cb2226819eecb5368b079f96d11405c8)
stage-cohort: SRR5935863_1.fastq.gz present (md5 ed676227f8ff0970766671d05ab5020b)
stage-cohort: SRR5935863_2.fastq.gz present (md5 95e7b7abd129579a2e1d066b032675a2)
stage-cohort: SRR5935887_1.fastq.gz present (md5 37a79ac45cf11606321b26b145a76162)
stage-cohort: SRR5935875_2.fastq.gz present (md5 c5aa280a60f3a0479486ac3605b9caac)
stage-cohort: SRR5935875_1.fastq.gz present (md5 7b03b3da295f20285d2bea229f0afcfd)
stage-cohort: SRR5935887_2.fastq.gz present (md5 f761d23f1fb88e2df1933ab64293df79)
stage-cohort: SRR5935899_1.fastq.gz present (md5 af43366fa03972eb5361e562f4b005af)
stage-cohort: SRR5935911_2.fastq.gz present (md5 ed3046462736166f34e27eac9d7f8c9f)
stage-cohort: SRR5935899_2.fastq.gz present (md5 41ce32b8d1453af0aafbe660a2799c33)
stage-cohort: SRR5935911_1.fastq.gz present (md5 e52474fbf635c221c328b5f2bb1ed083)
stage-cohort: SRR5935923_1.fastq.gz present (md5 83a3ce95f23b74ab9299d70a8b59f47c)
stage-cohort: SRR5935923_2.fastq.gz present (md5 103f258d5609c2da52e5eda50a7503f0)
stage-cohort: SRR5935935_1.fastq.gz present (md5 241d62907a66c563b7e8a528a1d5e9f3)
stage-cohort: SRR5935947_1.fastq.gz present (md5 5f83a1d4b6dcfcadea1b5f601cb93a8e)
stage-cohort: SRR5935935_2.fastq.gz present (md5 6c30ea9bb09a7d457bc9b08fb2391608)
stage-cohort: SRR5935959_1.fastq.gz present (md5 4635d0af19e32e4a406061f5ff1eb0b5)
stage-cohort: SRR5935947_2.fastq.gz present (md5 3c73624e6d62662bb37d0d5560a0fd1d)
stage-cohort: SRR5935959_2.fastq.gz present (md5 976255fcb80b9a043f4e3514b2ccbaf2)
stage-cohort: SRR5935971_1.fastq.gz present (md5 ac62cd2e74ffe182204208f592cce2c1)
stage-cohort: SRR5935971_2.fastq.gz present (md5 ae2055bd0b9ee8f2df3437782fa1fc69)
stage-cohort: SRR5935983_1.fastq.gz present (md5 6bf301365eca2021a288d37d1934d1df)
stage-cohort: SRR5935983_2.fastq.gz present (md5 960fa2b8145aa4faadf155e414767d99)
stage-cohort: SRR5935995_1.fastq.gz present (md5 4c4e96700ea9a2dceb9b225f153adcf9)
stage-cohort: SRR5935995_2.fastq.gz present (md5 a3fcd34cfc7456f237c18ffa7e5e219c)
stage-cohort: SRR5936007_1.fastq.gz present (md5 b1c7d66f3be2c765a32bac55eb31ed2b)
stage-cohort: SRR5936007_2.fastq.gz present (md5 0212d3d11fcba937a72d334e70d177c2)
stage-cohort: SRR5936031_1.fastq.gz present (md5 4552bdbe501a4f0087ae00064da61d88)
stage-cohort: SRR5936019_1.fastq.gz present (md5 15d3208cd53088800ff723bca1f0154a)
stage-cohort: SRR5936031_2.fastq.gz present (md5 36266bff97ac4a5f6ff5797dd4de7863)
stage-cohort: SRR5936019_2.fastq.gz present (md5 7062b0d7084e2b14bcf180901877b629)
stage-cohort: SRR5936043_1.fastq.gz present (md5 8bc636b4580e2e3c017051156f79e9c6)
stage-cohort: SRR5936043_2.fastq.gz present (md5 02d88afdb81ac594435c03aaaae2cec9)
stage-cohort: SRR5936055_1.fastq.gz present (md5 1e1ab30073d0df2ba9b7efa5f366e8a9)
stage-cohort: SRR5936055_2.fastq.gz present (md5 e986d30bdbfa1a8e51322e1496b64c23)
stage-cohort: SRR5936067_2.fastq.gz present (md5 7155f04b35096b6f5eb8039f786d9fe8)
stage-cohort: SRR5936067_1.fastq.gz present (md5 284d73170405f98cae22f95fc0b4509f)
stage-cohort: SRR5936079_1.fastq.gz present (md5 cd119fb03f31f091787933b82b1c130e)
stage-cohort: SRR5936079_2.fastq.gz present (md5 31244eb5d39f52b85651d533960a473d)
stage-cohort: SRR5936091_1.fastq.gz present (md5 074a297593f6f1c8f538594c1f294f57)
stage-cohort: SRR5936103_1.fastq.gz present (md5 e1e3e903d6856fa878145df7f9c7168e)
stage-cohort: SRR5936091_2.fastq.gz present (md5 111132c1c7c54b0669d2e1b1796125d5)
stage-cohort: SRR5936103_2.fastq.gz present (md5 94fbaaf601f53f4dd66b59dfc038385b)
stage-cohort: SRR5936115_1.fastq.gz present (md5 575e48d193bf90fb366912c27f5dc837)
stage-cohort: SRR5936115_2.fastq.gz present (md5 ebadfc6767221309dec0dae6651361e4)
stage-cohort: SRR5936127_1.fastq.gz present (md5 17180ddac2fd5da1ce86a1b67222f809)
stage-cohort: SRR5936127_2.fastq.gz present (md5 999b96bd82347fb7844c3ad5552e0a34)
stage-cohort: SRR5936139_1.fastq.gz present (md5 e91c208266107d03bccfe0aeb13607d3)
stage-cohort: SRR5936139_2.fastq.gz present (md5 61a65cf917e4f03b35197a63d794c712)
stage-cohort: SRR5936151_1.fastq.gz present (md5 073b1f136e51b504a93bf8f6d562eb92)
stage-cohort: SRR5936151_2.fastq.gz present (md5 2075a20365103b707fc263022810e312)
stage-cohort: SRR5936163_1.fastq.gz present (md5 925911549f1a85a48ca1e5dd00068dd6)
stage-cohort: SRR5936163_2.fastq.gz present (md5 e7ac5bdde7e3e185592d9959e6023923)
stage-cohort: SRR5936175_2.fastq.gz present (md5 a1028d361e251dee1423b98cb0960f9a)
stage-cohort: SRR5936175_1.fastq.gz present (md5 4645217a85b59b6db9a77b249e2a8b0f)
stage-cohort: SRR5936187_1.fastq.gz present (md5 f73fb18a17ec4e2cdf1d5d033df13217)
stage-cohort: SRR5936187_2.fastq.gz present (md5 0682efb6111d9daa1ca8c65ff0e76820)
stage-cohort: SRR5936199_1.fastq.gz present (md5 fe393adb20b6b1048e084224ac5179fc)
stage-cohort: SRR5936211_1.fastq.gz present (md5 e69b1d4c0ceb14508f8087046ad57147)
stage-cohort: SRR5936211_2.fastq.gz present (md5 f1bfe38c0c81c1dc035dc87616bd860f)
stage-cohort: SRR5936199_2.fastq.gz present (md5 ff3aa9515004b87f66368a358dec3b76)
stage-cohort: SRR5936223_1.fastq.gz present (md5 af388b7cfb2e5409a448272808141795)
stage-cohort: SRR5936223_2.fastq.gz present (md5 084cde4d89e839b2b16f704033b79fd5)
stage-cohort: SRR5936235_1.fastq.gz present (md5 395d6141324eab76ec3dd01a9566ef77)
stage-cohort: SRR5936235_2.fastq.gz present (md5 6bcc671e9d7ff08881b39249698b4142)
stage-cohort: SRR5946612_1.fastq.gz present (md5 c10e6bda5498d0407df4615cdb761dfe)
stage-cohort: SRR5946612_2.fastq.gz present (md5 eee48380aea8937a680bf892abe90e4a)
stage-cohort: SRR5946624_1.fastq.gz present (md5 a905bc0c4bd6794b95a2a16fade9929d)
stage-cohort: SRR5946636_1.fastq.gz present (md5 a785e166101df1aa164590465a84b7ce)
stage-cohort: SRR5946624_2.fastq.gz present (md5 6c3a49ebd5a0b56e4356b54d7561c594)
stage-cohort: SRR5946648_1.fastq.gz present (md5 f01a7ab4456c954a7f1bedaa42ed8643)
stage-cohort: SRR5946636_2.fastq.gz present (md5 dde00aa28bb213fe10aa1e93597324d2)
stage-cohort: SRR5946648_2.fastq.gz present (md5 cd00c2732b461da3500f955873543a68)
stage-cohort: SRR5946660_1.fastq.gz present (md5 8725ef59732598cd3b0ac4023ca24aae)
stage-cohort: SRR5946660_2.fastq.gz present (md5 bab82c67f47300f253295ca074f09cdf)
stage-cohort: SRR5946672_2.fastq.gz present (md5 a7fc39cceb474825fd2beefe3d88bf02)
stage-cohort: SRR5946672_1.fastq.gz present (md5 220f2ff818a4de02cf303f8aac011d9b)
stage-cohort: SRR5946684_1.fastq.gz present (md5 300a92c34ff29d4e075cf1a284710670)
stage-cohort: SRR5946684_2.fastq.gz present (md5 3b270d2606feb0a77c570821ce86c259)
stage-cohort: SRR5946696_1.fastq.gz present (md5 2924b8762a14a9f9d1e44c495d84cd1c)
stage-cohort: SRR5946696_2.fastq.gz present (md5 3526ee08f3609eca56c67277a2c62dee)
stage-cohort: SRR5946708_1.fastq.gz present (md5 2fc1921d9d29817ce04944894c79adfa)
stage-cohort: SRR5946708_2.fastq.gz present (md5 f36b2d78fecc926da04a0b4f42ad3a04)
stage-cohort: SRR5946720_2.fastq.gz present (md5 4ec47cd5db06f3e7f8208d8949750c21)
stage-cohort: SRR5946720_1.fastq.gz present (md5 4d4819f9c7b91e7b8c9fffb96ebb218c)
stage-cohort: SRR5946732_1.fastq.gz present (md5 c52c081e6fd0dfe109948dc441407bcb)
stage-cohort: SRR5946744_1.fastq.gz present (md5 74b9b099207bc9ea4b3aa6b89c9fde33)
stage-cohort: SRR5946732_2.fastq.gz present (md5 7f6537109a387db86834047f7daa2aad)
stage-cohort: SRR5946744_2.fastq.gz present (md5 c9006fd9da979bd710da11c6f3ade4d5)
stage-cohort: SRR5946756_2.fastq.gz present (md5 51cd9e2442c166fa2bb8e3459032ac74)
stage-cohort: SRR5946756_1.fastq.gz present (md5 85de4c7c919e3f22ef1e203e49745f0b)
stage-cohort: SRR5946768_1.fastq.gz present (md5 e307a6025b51d4ccda338788dda7b4bc)
stage-cohort: SRR5946768_2.fastq.gz present (md5 8bd472df5f3d470e02a3394b923f559a)
stage-cohort: SRR5946780_1.fastq.gz present (md5 29525094e5b812157042ce29ea7032e9)
stage-cohort: SRR5946780_2.fastq.gz present (md5 ff856278064ed6df33eba470cbb14dcb)
stage-cohort: SRR5946792_1.fastq.gz present (md5 71c7f2581c7aa10b11c77b1a8d91afb7)
stage-cohort: SRR5946792_2.fastq.gz present (md5 080dd7770b944e1f08d3a2eb10626f64)
stage-cohort: SRR5946804_1.fastq.gz present (md5 3160b5c25d3cef6a274273c235ff251a)
stage-cohort: SRR5946804_2.fastq.gz present (md5 0dc09ca76fdf44593b4082148ddc692b)
stage-cohort: SRR5946816_1.fastq.gz present (md5 2dae1da903ac58497ce38a65b05b7c5c)
stage-cohort: SRR5946816_2.fastq.gz present (md5 c30956cbcbec3fc6ae59a4ff2dc14276)
stage-cohort: SRR5946828_1.fastq.gz present (md5 e1d3ce24695c0a4496866190f697cff9)
stage-cohort: SRR5946828_2.fastq.gz present (md5 743852eb6bc8d33ccadba9f20496ef1b)
stage-cohort: SRR5946840_1.fastq.gz present (md5 fbebd70185507e7ebf99dec6cdaff69f)
stage-cohort: SRR5946852_1.fastq.gz present (md5 4891bfb80bf9782e81dceeb884993904)
stage-cohort: SRR5946840_2.fastq.gz present (md5 750e1c6409ba76faa9834cd929ac171b)
stage-cohort: SRR5946864_1.fastq.gz present (md5 66d15f7577c38722628bc136e46816e5)
stage-cohort: SRR5946852_2.fastq.gz present (md5 f97aba8dc68bed2039fab405840d9e62)
stage-cohort: SRR5946864_2.fastq.gz present (md5 a57fcd4beea91e4e33ee607adc324007)
stage-cohort: SRR5946876_1.fastq.gz present (md5 b519474a74b4436725ffb19680d682b5)
stage-cohort: SRR5946888_1.fastq.gz present (md5 ee00a82c969e397bf0bce07a62f5bd70)
stage-cohort: SRR5946876_2.fastq.gz present (md5 434a65428620857f2a4dca53d4859701)
stage-cohort: SRR5946900_1.fastq.gz present (md5 8b49a0b77557aeb27a16ae531217186d)
stage-cohort: SRR5946888_2.fastq.gz present (md5 ee717f986a09a83390d8c7ad328e618a)
stage-cohort: SRR5946900_2.fastq.gz present (md5 1f82f3334cad9865cb2610f0d8c99aa8)
stage-cohort: SRR5946912_1.fastq.gz present (md5 fb3fda15b02221f486b2eefee1503c54)
stage-cohort: SRR5946912_2.fastq.gz present (md5 9d2f23cb9c238b67dfa2e3dc6117ac92)
stage-cohort: SRR5946924_1.fastq.gz present (md5 011eaaed3b1be3a7de8a05f7bf31735f)
stage-cohort: SRR5946936_1.fastq.gz present (md5 b7dd282fc806d12350332d5f60e3d227)
stage-cohort: SRR5946924_2.fastq.gz present (md5 da86ed1fb38e7645a75b79e4af5c0d74)
stage-cohort: SRR5946948_1.fastq.gz present (md5 305253fad4668430d8403b185e0bdb15)
stage-cohort: SRR5946936_2.fastq.gz present (md5 7788f9fadb47674857f89be4dd515b90)
stage-cohort: SRR5946948_2.fastq.gz present (md5 5716c3b6fdeb22c5de1c77159737bb93)
stage-cohort: SRR5946960_1.fastq.gz present (md5 b6d64e3bc87d716871f76e60cf20fdb8)
stage-cohort: SRR5946972_1.fastq.gz present (md5 5793f4fbd6a906a51ca8ab267bcd8fd5)
stage-cohort: SRR5946960_2.fastq.gz present (md5 49a76a2dbc3d5086c7efc58ef922c4b3)
stage-cohort: SRR5946972_2.fastq.gz present (md5 73d8060a097bee47b6407f7622e8dfb5)
stage-cohort: SRR5946984_1.fastq.gz present (md5 6fabca9d172c27a920d6af881e38a909)
stage-cohort: SRR5946984_2.fastq.gz present (md5 927d59a4afc35de6c1978ea45cbfe406)
stage-cohort: SRR5946996_1.fastq.gz present (md5 330edd528460b4ee1d9057b8104a65b2)
stage-cohort: SRR5946996_2.fastq.gz present (md5 a5f5ae46158e49fab911201a7f96af49)
stage-cohort: SRR5947008_1.fastq.gz present (md5 efe84be489062740717e8fbc9846004b)
stage-cohort: SRR5947008_2.fastq.gz present (md5 a038df532e684f056f5c69d0a32a58d9)
stage-cohort: SRR5947020_2.fastq.gz present (md5 e9b3c2d779cc49cf4e00c2dfda2602a6)
stage-cohort: SRR5947020_1.fastq.gz present (md5 68d228290192592402dd80bb631115d7)
stage-cohort: SRR5947032_1.fastq.gz present (md5 968efabf736dc074cf03182a9290316a)
stage-cohort: SRR5947032_2.fastq.gz present (md5 950ab18fa095337a97b8bcf4c06b5167)
stage-cohort: SRR5947044_1.fastq.gz present (md5 5622b101e54fea103c7b84b2471efaf5)
stage-cohort: SRR5947056_1.fastq.gz present (md5 56a84fa5d0fdbdccd3d4e8fa73530e73)
stage-cohort: SRR5947044_2.fastq.gz present (md5 0b0c2d2e49a41312fe88d9a62a55442a)
stage-cohort: SRR5947056_2.fastq.gz present (md5 c4d6c7294c5ddbfc3f11b4abc606aedb)
stage-cohort: SRR5947068_1.fastq.gz present (md5 2ade429227cda8af2b64ff9cd87ec062)
stage-cohort: SRR5947068_2.fastq.gz present (md5 a5284e6bb6a1a579aa8b623c280348cd)
stage-cohort: SRR5947080_1.fastq.gz present (md5 e46f9457ed9fcec43f7db2528aaa09ec)
stage-cohort: SRR5947080_2.fastq.gz present (md5 5739ea2957f71e30d851e451cd371bc7)
stage-cohort: SRR5947104_1.fastq.gz present (md5 7e6743a51707ac7d6f0c7f53376dd927)
stage-cohort: SRR5947104_2.fastq.gz staged (533293584 bytes, md5 fa50fcd9292d4d5679b6c2a6ae16faa1, sha256 16aae84a743865738db821610f5785e709f3588d92596bd7298a5c9a1f73854e) at 2026-10-08T05:48:34Z
stage-cohort: SRR5947092_1.fastq.gz staged (619480663 bytes, md5 655107341eec10da169905e22ed34545, sha256 58a7e06a50f8c4af43370a5b00312dd3be3595d79b5a9db99bb4dcf0bf82a4b9) at 2026-10-08T05:48:59Z
stage-cohort: SRR5947092_2.fastq.gz staged (628760130 bytes, md5 70bbe2a1c70132bce30e425532f1cea7, sha256 1c5c62b3255c649e7278b67a6ee291124cda5334697425770e06d0ca096bc861) at 2026-10-08T05:49:05Z
s3://aws-kraken2-942542972736-us-west-2/aws-kraken2/data/cohort/
ak2: [2026-10-08T05:49:06Z] stage-cohort: 3 files fetched and staged, 163 present
ak2-phase	2026-10-08T05:49:06Z	1791438546	push	no
ak2: [2026-10-08T05:49:06Z] pushed out/stage.log
ak2: [2026-10-08T05:49:07Z] pushed out/staged.tsv
ak2: [2026-10-08T05:49:07Z] stage-cohort rc=0
spawn: [2026-10-08T05:49:07Z] command exit rc=0
