Loading database information...ak2-timing	opts	0.002802	0.000017	0	0	0.000015	0.000000
ak2-timing	taxo	0.002829	0.091138	87774	0	0.015694	0.090218
ak2-timing	shard-load-10	0.164787	40.387351	41075	0	37.657150	36.477250
ak2-timing	rendezvous	41.015954	13.672079	1020	0	0.015824	0.005226
ak2-timing	connect	54.688047	0.022932	8	0	0.000000	0.001331
ak2-timing	hash	0.093999	54.616993	44040	0	37.682893	36.489141
 done.
15271512 sequences (2845.36 Mbp) processed in 15.174s (60385.2 Kseq/m, 11250.87 Mbp/m).
  14502211 sequences classified (94.96%)
  769301 sequences unclassified (5.04%)
ak2-sample	batch	0	name	0-SRR5935772	mode	parallel	s3client	sdk	rank	10	role	home	inflight	2	threads	16	start_s	54.711032	wall_s	15.701064	setup_s	0.000044	classify_s	15.174083	close_s	0.345723	report_s	0.166970	status	0	sequences	15271512	bases	2845360298	classified	14502211	place	lpt	weight	15271512
16518263 sequences (3051.28 Mbp) processed in 16.437s (60298.2 Kseq/m, 11138.39 Mbp/m).
  16141470 sequences classified (97.72%)
  376793 sequences unclassified (2.28%)
ak2-sample	batch	0	name	0-SRR5935741	mode	parallel	s3client	sdk	rank	10	role	home	inflight	2	threads	16	start_s	54.711035	wall_s	16.869963	setup_s	0.000042	classify_s	16.436585	close_s	0.233818	report_s	0.189611	status	0	sequences	16518263	bases	3051284850	classified	16141470	place	lpt	weight	16518263
12793053 sequences (2357.69 Mbp) processed in 12.155s (63147.9 Kseq/m, 11637.80 Mbp/m).
  12609886 sequences classified (98.57%)
  183167 sequences unclassified (1.43%)
ak2-sample	batch	0	name	0-SRR5935831	mode	parallel	s3client	sdk	rank	10	role	home	inflight	2	threads	16	start_s	70.412130	wall_s	12.516985	setup_s	0.000059	classify_s	12.155319	close_s	0.214025	report_s	0.141885	status	0	sequences	12793053	bases	2357685670	classified	12609886	place	lpt	weight	12793053
11458367 sequences (2115.94 Mbp) processed in 11.370s (60467.8 Kseq/m, 11166.16 Mbp/m).
  9654089 sequences classified (84.25%)
  1804278 sequences unclassified (15.75%)
ak2-sample	batch	0	name	0-SRR5935825	mode	parallel	s3client	sdk	rank	10	role	home	inflight	2	threads	16	start_s	71.581022	wall_s	12.027790	setup_s	0.000067	classify_s	11.369722	close_s	0.247260	report_s	0.391841	status	0	sequences	11458367	bases	2115935464	classified	9654089	place	lpt	weight	11458367
2823474 sequences (526.09 Mbp) processed in 3.195s (53023.1 Kseq/m, 9879.69 Mbp/m).
  2761157 sequences classified (97.79%)
  62317 sequences unclassified (2.21%)
ak2-sample	batch	0	name	0-SRR5935805	mode	parallel	s3client	sdk	rank	10	role	home	inflight	2	threads	16	start_s	83.608880	wall_s	3.669284	setup_s	0.000059	classify_s	3.194994	close_s	0.315936	report_s	0.154619	status	0	sequences	2823474	bases	526092284	classified	2761157	place	lpt	weight	2823474
9337913 sequences (1691.90 Mbp) processed in 6.603s (84850.4 Kseq/m, 15373.72 Mbp/m).
  8897092 sequences classified (95.28%)
  440821 sequences unclassified (4.72%)
ak2-sample	batch	0	name	0-SRR5935837	mode	parallel	s3client	sdk	rank	10	role	home	inflight	2	threads	16	start_s	82.929139	wall_s	7.184494	setup_s	0.000062	classify_s	6.603093	close_s	0.382127	report_s	0.189933	status	0	sequences	9337913	bases	1691901005	classified	8897092	place	lpt	weight	9337913
ak2-timing	batch-barrier-0	90.113656	5.758534	194	0	2.524275	0.379105
6552107 sequences (1182.80 Mbp) processed in 7.037s (55866.7 Kseq/m, 10085.14 Mbp/m).
  6331866 sequences classified (96.64%)
  220241 sequences unclassified (3.36%)
ak2-sample	batch	1	name	1-SRR5935750	mode	parallel	s3client	sdk	rank	10	role	home	inflight	2	threads	16	start_s	95.872227	wall_s	7.399247	setup_s	0.000048	classify_s	7.036871	close_s	0.234054	report_s	0.121924	status	0	sequences	6552107	bases	1182796919	classified	6331866	place	mod	weight	6552107
14120624 sequences (2649.39 Mbp) processed in 14.021s (60424.7 Kseq/m, 11337.24 Mbp/m).
  13394795 sequences classified (94.86%)
  725829 sequences unclassified (5.14%)
ak2-sample	batch	1	name	1-SRR5935766	mode	parallel	s3client	sdk	rank	10	role	home	inflight	2	threads	16	start_s	95.872218	wall_s	14.521306	setup_s	0.000056	classify_s	14.021368	close_s	0.279284	report_s	0.211597	status	0	sequences	14120624	bases	2649393059	classified	13394795	place	mod	weight	14120624
10128070 sequences (1876.81 Mbp) processed in 10.036s (60550.3 Kseq/m, 11220.45 Mbp/m).
  9942775 sequences classified (98.17%)
  185295 sequences unclassified (1.83%)
ak2-sample	batch	1	name	1-SRR5935782	mode	parallel	s3client	sdk	rank	10	role	home	inflight	2	threads	16	start_s	103.271541	wall_s	10.476950	setup_s	0.000115	classify_s	10.036018	close_s	0.307414	report_s	0.126821	status	0	sequences	10128070	bases	1876810820	classified	9942775	place	mod	weight	10128070
5072545 sequences (950.40 Mbp) processed in 5.295s (57483.0 Kseq/m, 10770.11 Mbp/m).
  4982177 sequences classified (98.22%)
  90368 sequences unclassified (1.78%)
ak2-sample	batch	1	name	1-SRR5935814	mode	parallel	s3client	sdk	rank	10	role	home	inflight	2	threads	16	start_s	113.748516	wall_s	5.720863	setup_s	0.000073	classify_s	5.294656	close_s	0.247450	report_s	0.173283	status	0	sequences	5072545	bases	950400325	classified	4982177	place	mod	weight	5072545
20086542 sequences (3689.65 Mbp) processed in 18.975s (63514.7 Kseq/m, 11666.86 Mbp/m).
  19142785 sequences classified (95.30%)
  943757 sequences unclassified (4.70%)
ak2-sample	batch	1	name	1-SRR5935798	mode	parallel	s3client	sdk	rank	10	role	home	inflight	2	threads	16	start_s	110.393550	wall_s	19.499348	setup_s	0.000063	classify_s	18.975012	close_s	0.283344	report_s	0.211809	status	0	sequences	20086542	bases	3689648337	classified	19142785	place	mod	weight	20086542
14303962 sequences (2635.98 Mbp) processed in 12.044s (71261.3 Kseq/m, 13132.26 Mbp/m).
  14029845 sequences classified (98.08%)
  274117 sequences unclassified (1.92%)
ak2-sample	batch	1	name	1-SRR5935830	mode	parallel	s3client	sdk	rank	10	role	home	inflight	2	threads	16	start_s	119.469482	wall_s	12.460642	setup_s	0.000069	classify_s	12.043528	close_s	0.267113	report_s	0.142468	status	0	sequences	14303962	bases	2635979010	classified	14029845	place	mod	weight	14303962
ak2-timing	batch-barrier-1	131.930145	8.779867	4	0	3.834038	0.498340
15271512 sequences (2845.36 Mbp) processed in 15.978s (57347.3 Kseq/m, 10684.84 Mbp/m).
  14502211 sequences classified (94.96%)
  769301 sequences unclassified (5.04%)
ak2-sample	batch	2	name	2-SRR5935772	mode	parallel	s3client	sdk	rank	10	role	home	inflight	2	threads	16	start_s	140.710054	wall_s	16.372581	setup_s	0.000061	classify_s	15.977931	close_s	0.231064	report_s	0.150338	status	0	sequences	15271512	bases	2845360298	classified	14502211	place	lpt	weight	15271512
16518263 sequences (3051.28 Mbp) processed in 16.427s (60333.7 Kseq/m, 11144.95 Mbp/m).
  16141470 sequences classified (97.72%)
  376793 sequences unclassified (2.28%)
ak2-sample	batch	2	name	2-SRR5935741	mode	parallel	s3client	sdk	rank	10	role	home	inflight	2	threads	16	start_s	140.710059	wall_s	17.016392	setup_s	0.000045	classify_s	16.426913	close_s	0.234113	report_s	0.346378	status	0	sequences	16518263	bases	3051284850	classified	16141470	place	lpt	weight	16518263
11458367 sequences (2115.94 Mbp) processed in 11.262s (61046.1 Kseq/m, 11272.94 Mbp/m).
  9654089 sequences classified (84.25%)
  1804278 sequences unclassified (15.75%)
ak2-sample	batch	2	name	2-SRR5935825	mode	parallel	s3client	sdk	rank	10	role	home	inflight	2	threads	16	start_s	157.726514	wall_s	11.756587	setup_s	0.000072	classify_s	11.262022	close_s	0.315423	report_s	0.161243	status	0	sequences	11458367	bases	2115935464	classified	9654089	place	lpt	weight	11458367
12793053 sequences (2357.69 Mbp) processed in 12.355s (62126.6 Kseq/m, 11449.57 Mbp/m).
  12609886 sequences classified (98.57%)
  183167 sequences unclassified (1.43%)
ak2-sample	batch	2	name	2-SRR5935831	mode	parallel	s3client	sdk	rank	10	role	home	inflight	2	threads	16	start_s	157.082656	wall_s	12.714455	setup_s	0.000061	classify_s	12.355146	close_s	0.217947	report_s	0.135772	status	0	sequences	12793053	bases	2357685670	classified	12609886	place	lpt	weight	12793053
2823474 sequences (526.09 Mbp) processed in 3.496s (48462.2 Kseq/m, 9029.87 Mbp/m).
  2761157 sequences classified (97.79%)
  62317 sequences unclassified (2.21%)
ak2-sample	batch	2	name	2-SRR5935805	mode	parallel	s3client	sdk	rank	10	role	home	inflight	2	threads	16	start_s	169.797175	wall_s	4.217822	setup_s	0.000077	classify_s	3.495681	close_s	0.447882	report_s	0.270494	status	0	sequences	2823474	bases	526092284	classified	2761157	place	lpt	weight	2823474
9337913 sequences (1691.90 Mbp) processed in 6.808s (82300.6 Kseq/m, 14911.73 Mbp/m).
  8897092 sequences classified (95.28%)
  440821 sequences unclassified (4.72%)
ak2-sample	batch	2	name	2-SRR5935837	mode	parallel	s3client	sdk	rank	10	role	home	inflight	2	threads	16	start_s	169.483120	wall_s	7.214611	setup_s	0.000055	classify_s	6.807667	close_s	0.239989	report_s	0.157548	status	0	sequences	9337913	bases	1691901005	classified	8897092	place	lpt	weight	9337913
ak2-timing	batch-barrier-2	176.697753	4.508290	1	0	1.156871	0.206872
ak2-timing	barrier	187.323047	0.495025	0	0	0.008557	0.019301
ak2-sample	batch	3	name	3-SRR5935740	mode	striped	s3client	sdk	rank	10	role	peer	inflight	1	threads	16	start_s	181.731640	wall_s	6.086477	setup_s	0.000052	classify_s	5.586640	close_s	0.000000	report_s	0.000000	status	0	sequences	0	bases	0	classified	0	place	-	weight	-
ak2-timing	batch-barrier-3	187.818125	0.513270	133	0	0.007410	0.000000
ak2-timing	barrier	194.704540	0.186423	0	0	0.015476	0.000381
ak2-sample	batch	4	name	4-SRR5935740	mode	striped	s3client	sdk	rank	10	role	peer	inflight	1	threads	16	start_s	189.121440	wall_s	5.769565	setup_s	0.000047	classify_s	5.579020	close_s	0.000000	report_s	0.000000	status	0	sequences	0	bases	0	classified	0	place	-	weight	-
ak2-timing	batch-barrier-4	194.891016	0.482677	2	0	0.005519	0.000389
ak2-timing	barrier	201.805416	0.187826	0	0	0.012908	0.000200
ak2-sample	batch	5	name	5-SRR5935740	mode	striped	s3client	sdk	rank	10	role	peer	inflight	1	threads	16	start_s	196.214555	wall_s	5.778730	setup_s	0.000047	classify_s	5.585954	close_s	0.000000	report_s	0.000000	status	0	sequences	0	bases	0	classified	0	place	-	weight	-
ak2-timing	batch-barrier-5	201.993295	0.846167	171	0	0.006268	0.000000
ak2-timing	batch-barrier-6	202.839479	7.103412	331	0	0.626295	0.154339
ak2-timing	batch-barrier-7	209.942909	7.103764	332	0	0.694917	0.082652
ak2-timing	batch-barrier-8	217.046692	7.203779	520	0	0.641515	0.126375
ak2-engine	shard	0	n	16	lo	185795573713	hi	204375131085	tail	302	full	false	empty_at	18579557374	keys	8480246031	batches	89910	probe_s	200.536989	tail_probes	0	wrap_probes	0
ak2-engine	rendezvous	puts	13	gets	500
ak2-engine	s3	client	sdk	put	31	get	500	create_multipart	18	upload_part	2163	complete_multipart	18	abort_multipart	0	part_bytes	18072138076
ak2-engine	s3	client	cli	put	0	get	0	create_multipart	0	upload_part	0	complete_multipart	0	abort_multipart	0	part_bytes	0
ak2-engine	load	seconds	40.387348	requests	1126	retries	0	bytes	74318296296
ak2-engine	route	transport	nodes	calls	5469	keys	8231397607	batches	87504	route_s	96.595898	wait_s	348.582393	gather_s	17.915235
ak2-engine	worker	scan_s	723.161462	lookup_s	463.097136	classify_s	620.701130
ak2-timing	total	0.000001	224.378693	11094191	0	1597.234488	112.340574
