Loading database information...ak2-timing	opts	0.002873	0.000018	0	0	0.000017	0.000000
ak2-timing	taxo	0.002898	0.095145	87791	0	0.021887	0.085237
ak2-engine	mem	t_s	15.0	rss_kib	26270260	hwm_kib	26270264	heap_inuse	395509760	sys	409983336	avail_kib	101282368
ak2-engine	mem	t_s	30.0	rss_kib	52703568	hwm_kib	52703568	heap_inuse	397680640	sys	409983336	avail_kib	74763228
ak2-timing	shard-load-7	0.180642	42.159146	40653	0	55.798494	72.940016
ak2-engine	mem	t_s	45.0	rss_kib	72970628	hwm_kib	72970632	heap_inuse	402030592	sys	418437480	avail_kib	54588436
ak2-engine	mem	t_s	60.0	rss_kib	72975020	hwm_kib	72975024	heap_inuse	406872064	sys	422631784	avail_kib	54853500
ak2-engine	mem	t_s	75.0	rss_kib	72977476	hwm_kib	72977480	heap_inuse	409509888	sys	422893928	avail_kib	54875908
ak2-timing	rendezvous	42.844936	33.114973	2714	0	0.060921	0.000000
ak2-timing	connect	75.959923	0.090963	863	0	0.009600	0.001406
ak2-timing	hash	0.098070	75.952831	46141	0	55.871028	72.955399
 done.
ak2-engine	mem	t_s	90.0	rss_kib	78337348	hwm_kib	78337348	heap_inuse	3085950976	sys	6004027288	avail_kib	48842284
16980616 sequences (3155.64 Mbp) processed in 16.903s (60276.7 Kseq/m, 11201.68 Mbp/m).
  16106690 sequences classified (94.85%)
  873926 sequences unclassified (5.15%)
ak2-sample	batch	0	name	0-SRR5935813	mode	parallel	s3client	sdk	rank	7	role	home	inflight	1	threads	16	start_s	76.050933	wall_s	17.307700	setup_s	0.000048	classify_s	16.902666	close_s	0.255563	report_s	0.135528	status	0	sequences	16980616	bases	3155638888	classified	16106690	place	lpt	weight	16980616
ak2-engine	mem	t_s	105.0	rss_kib	79159268	hwm_kib	79159432	heap_inuse	5764997120	sys	7084523800	avail_kib	48187744
14800056 sequences (2772.79 Mbp) processed in 14.887s (59649.6 Kseq/m, 11175.35 Mbp/m).
  14536791 sequences classified (98.22%)
  263265 sequences unclassified (1.78%)
ak2-sample	batch	0	name	0-SRR5935784	mode	parallel	s3client	sdk	rank	7	role	home	inflight	1	threads	16	start_s	93.358678	wall_s	15.275239	setup_s	0.000060	classify_s	14.887002	close_s	0.217008	report_s	0.163069	status	0	sequences	14800056	bases	2772790740	classified	14536791	place	lpt	weight	14800056
ak2-engine	mem	t_s	120.0	rss_kib	78899332	hwm_kib	79378668	heap_inuse	5496414208	sys	7106150680	avail_kib	48493544
13162386 sequences (2465.10 Mbp) processed in 13.405s (58912.7 Kseq/m, 11033.37 Mbp/m).
  12297712 sequences classified (93.43%)
  864674 sequences unclassified (6.57%)
ak2-sample	batch	0	name	0-SRR5935801	mode	parallel	s3client	sdk	rank	7	role	home	inflight	1	threads	16	start_s	108.633940	wall_s	13.779402	setup_s	0.000058	classify_s	13.405318	close_s	0.200292	report_s	0.160892	status	0	sequences	13162386	bases	2465096767	classified	12297712	place	lpt	weight	13162386
11220767 sequences (2068.35 Mbp) processed in 11.216s (60023.3 Kseq/m, 11064.23 Mbp/m).
  10523542 sequences classified (93.79%)
  697225 sequences unclassified (6.21%)
ak2-sample	batch	0	name	0-SRR5935829	mode	parallel	s3client	sdk	rank	7	role	home	inflight	1	threads	16	start_s	122.413366	wall_s	11.655027	setup_s	0.000050	classify_s	11.216421	close_s	0.264984	report_s	0.161407	status	0	sequences	11220767	bases	2068350513	classified	10523542	place	lpt	weight	11220767
ak2-engine	mem	t_s	135.1	rss_kib	77403928	hwm_kib	79378668	heap_inuse	3977461760	sys	7106511128	avail_kib	50040544
8877621 sequences (1663.95 Mbp) processed in 9.126s (58365.2 Kseq/m, 10939.47 Mbp/m).
  8212460 sequences classified (92.51%)
  665161 sequences unclassified (7.49%)
ak2-sample	batch	0	name	0-SRR5935818	mode	parallel	s3client	sdk	rank	7	role	home	inflight	1	threads	16	start_s	134.068416	wall_s	9.605642	setup_s	0.000055	classify_s	9.126284	close_s	0.235782	report_s	0.233647	status	0	sequences	8877621	bases	1663945574	classified	8212460	place	lpt	weight	8877621
6071697 sequences (1090.39 Mbp) processed in 6.024s (60479.4 Kseq/m, 10861.22 Mbp/m).
  5415115 sequences classified (89.19%)
  656582 sequences unclassified (10.81%)
ak2-engine	mem	t_s	150.1	rss_kib	78547844	hwm_kib	79378668	heap_inuse	4177920000	sys	7106773272	avail_kib	48914776
ak2-sample	batch	0	name	0-SRR5935755	mode	parallel	s3client	sdk	rank	7	role	home	inflight	1	threads	16	start_s	143.674083	wall_s	6.396044	setup_s	0.000068	classify_s	6.023571	close_s	0.215600	report_s	0.146007	status	0	sequences	6071697	bases	1090388750	classified	5415115	place	lpt	weight	6071697
ak2-timing	batch-barrier-0	150.070138	5.518566	3	0	1.399936	0.229567
3036382 sequences (569.20 Mbp) processed in 3.521s (51746.9 Kseq/m, 9700.54 Mbp/m).
  2817388 sequences classified (92.79%)
  218994 sequences unclassified (7.21%)
ak2-sample	batch	1	name	1-SRR5935747	mode	parallel	s3client	sdk	rank	7	role	home	inflight	1	threads	16	start_s	155.588729	wall_s	3.921746	setup_s	0.000054	classify_s	3.520654	close_s	0.204625	report_s	0.190498	status	0	sequences	3036382	bases	569204188	classified	2817388	place	mod	weight	3036382
ak2-engine	mem	t_s	165.1	rss_kib	78460524	hwm_kib	79378668	heap_inuse	4455694336	sys	7106773272	avail_kib	48868460
5174437 sequences (978.78 Mbp) processed in 5.775s (53756.4 Kseq/m, 10168.37 Mbp/m).
  5104140 sequences classified (98.64%)
  70297 sequences unclassified (1.36%)
ak2-sample	batch	1	name	1-SRR5935763	mode	parallel	s3client	sdk	rank	7	role	home	inflight	1	threads	16	start_s	159.510500	wall_s	6.140124	setup_s	0.000063	classify_s	5.775426	close_s	0.238991	report_s	0.121368	status	0	sequences	5174437	bases	978777662	classified	5104140	place	mod	weight	5174437
5948317 sequences (1093.47 Mbp) processed in 6.181s (57740.6 Kseq/m, 10614.35 Mbp/m).
  5682744 sequences classified (95.54%)
  265573 sequences unclassified (4.46%)
ak2-sample	batch	1	name	1-SRR5935779	mode	parallel	s3client	sdk	rank	7	role	home	inflight	1	threads	16	start_s	165.650648	wall_s	6.506300	setup_s	0.000064	classify_s	6.181071	close_s	0.194200	report_s	0.125496	status	0	sequences	5948317	bases	1093467848	classified	5682744	place	mod	weight	5948317
ak2-engine	mem	t_s	180.1	rss_kib	78482116	hwm_kib	79378668	heap_inuse	5024677888	sys	7106838808	avail_kib	48707144
11924297 sequences (2214.84 Mbp) processed in 12.059s (59330.0 Kseq/m, 11020.08 Mbp/m).
  11742476 sequences classified (98.48%)
  181821 sequences unclassified (1.52%)
ak2-sample	batch	1	name	1-SRR5935795	mode	parallel	s3client	sdk	rank	7	role	home	inflight	1	threads	16	start_s	172.156971	wall_s	12.414786	setup_s	0.000070	classify_s	12.058956	close_s	0.215625	report_s	0.133521	status	0	sequences	11924297	bases	2214843465	classified	11742476	place	mod	weight	11924297
ak2-engine	mem	t_s	195.1	rss_kib	78833948	hwm_kib	79378668	heap_inuse	5579210752	sys	7106838808	avail_kib	48168052
10067025 sequences (1870.49 Mbp) processed in 10.249s (58934.9 Kseq/m, 10950.34 Mbp/m).
  9884918 sequences classified (98.19%)
  182107 sequences unclassified (1.81%)
ak2-sample	batch	1	name	1-SRR5935811	mode	parallel	s3client	sdk	rank	7	role	home	inflight	1	threads	16	start_s	184.571784	wall_s	10.659869	setup_s	0.000067	classify_s	10.248968	close_s	0.268245	report_s	0.136629	status	0	sequences	10067025	bases	1870494351	classified	9884918	place	mod	weight	10067025
ak2-engine	mem	t_s	210.1	rss_kib	78575176	hwm_kib	79378668	heap_inuse	4344496128	sys	7106838808	avail_kib	48752812
16260968 sequences (3012.84 Mbp) processed in 16.096s (60615.2 Kseq/m, 11230.81 Mbp/m).
  15948766 sequences classified (98.08%)
  312202 sequences unclassified (1.92%)
ak2-sample	batch	1	name	1-SRR5935827	mode	parallel	s3client	sdk	rank	7	role	home	inflight	1	threads	16	start_s	195.231675	wall_s	16.478723	setup_s	0.000060	classify_s	16.095927	close_s	0.225082	report_s	0.149808	status	0	sequences	16260968	bases	3012837135	classified	15948766	place	mod	weight	16260968
ak2-engine	mem	t_s	225.1	rss_kib	78575864	hwm_kib	79378668	heap_inuse	5500190720	sys	7106838808	avail_kib	48954460
ak2-engine	mem	t_s	240.1	rss_kib	78575872	hwm_kib	79378668	heap_inuse	5509955584	sys	7106838808	avail_kib	49165488
ak2-timing	batch-barrier-1	211.710421	33.691190	7	0	16.160212	1.890596
ak2-engine	mem	t_s	255.1	rss_kib	78309416	hwm_kib	79378668	heap_inuse	3920306176	sys	7106838808	avail_kib	49249848
16980616 sequences (3155.64 Mbp) processed in 16.973s (60028.2 Kseq/m, 11155.50 Mbp/m).
  16106690 sequences classified (94.85%)
  873926 sequences unclassified (5.15%)
ak2-sample	batch	2	name	2-SRR5935813	mode	parallel	s3client	sdk	rank	7	role	home	inflight	1	threads	16	start_s	245.401660	wall_s	17.553266	setup_s	0.000056	classify_s	16.972638	close_s	0.328874	report_s	0.238758	status	0	sequences	16980616	bases	3155638888	classified	16106690	place	lpt	weight	16980616
ak2-engine	mem	t_s	270.1	rss_kib	78261484	hwm_kib	79378668	heap_inuse	4285177856	sys	7106904344	avail_kib	49200916
14800056 sequences (2772.79 Mbp) processed in 15.070s (58924.0 Kseq/m, 11039.41 Mbp/m).
  14536791 sequences classified (98.22%)
  263265 sequences unclassified (1.78%)
ak2-sample	batch	2	name	2-SRR5935784	mode	parallel	s3client	sdk	rank	7	role	home	inflight	1	threads	16	start_s	262.954952	wall_s	15.550827	setup_s	0.000053	classify_s	15.070319	close_s	0.255013	report_s	0.217368	status	0	sequences	14800056	bases	2772790740	classified	14536791	place	lpt	weight	14800056
ak2-engine	mem	t_s	285.1	rss_kib	78870356	hwm_kib	79378668	heap_inuse	5519204352	sys	7106904344	avail_kib	48446572
13162386 sequences (2465.10 Mbp) processed in 13.405s (58912.7 Kseq/m, 11033.38 Mbp/m).
  12297712 sequences classified (93.43%)
  864674 sequences unclassified (6.57%)
ak2-sample	batch	2	name	2-SRR5935801	mode	parallel	s3client	sdk	rank	7	role	home	inflight	1	threads	16	start_s	278.505804	wall_s	13.800518	setup_s	0.000065	classify_s	13.405302	close_s	0.235721	report_s	0.146729	status	0	sequences	13162386	bases	2465096767	classified	12297712	place	lpt	weight	13162386
ak2-engine	mem	t_s	300.1	rss_kib	78578832	hwm_kib	79378668	heap_inuse	4473020416	sys	7106904344	avail_kib	48717824
11220767 sequences (2068.35 Mbp) processed in 11.251s (59836.8 Kseq/m, 11029.85 Mbp/m).
  10523542 sequences classified (93.79%)
  697225 sequences unclassified (6.21%)
ak2-sample	batch	2	name	2-SRR5935829	mode	parallel	s3client	sdk	rank	7	role	home	inflight	1	threads	16	start_s	292.306350	wall_s	11.683612	setup_s	0.000054	classify_s	11.251380	close_s	0.254338	report_s	0.165536	status	0	sequences	11220767	bases	2068350513	classified	10523542	place	lpt	weight	11220767
8877621 sequences (1663.95 Mbp) processed in 9.149s (58217.7 Kseq/m, 10911.83 Mbp/m).
  8212460 sequences classified (92.51%)
  665161 sequences unclassified (7.49%)
ak2-sample	batch	2	name	2-SRR5935818	mode	parallel	s3client	sdk	rank	7	role	home	inflight	1	threads	16	start_s	303.989989	wall_s	9.599460	setup_s	0.000077	classify_s	9.149405	close_s	0.268083	report_s	0.171839	status	0	sequences	8877621	bases	1663945574	classified	8212460	place	lpt	weight	8877621
ak2-engine	mem	t_s	315.2	rss_kib	77715928	hwm_kib	79378668	heap_inuse	4336164864	sys	7106904344	avail_kib	49528948
6071697 sequences (1090.39 Mbp) processed in 6.040s (60314.4 Kseq/m, 10831.59 Mbp/m).
  5415115 sequences classified (89.19%)
  656582 sequences unclassified (10.81%)
ak2-sample	batch	2	name	2-SRR5935755	mode	parallel	s3client	sdk	rank	7	role	home	inflight	1	threads	16	start_s	313.589469	wall_s	6.383742	setup_s	0.000059	classify_s	6.040049	close_s	0.186527	report_s	0.145178	status	0	sequences	6071697	bases	1090388750	classified	5415115	place	lpt	weight	6071697
ak2-timing	batch-barrier-2	319.973232	5.470813	2	0	1.152358	0.198115
ak2-engine	mem	t_s	330.2	rss_kib	76003476	hwm_kib	79378668	heap_inuse	2776162304	sys	7106904344	avail_kib	51624920
ak2-timing	barrier	332.053057	0.402004	0	0	0.025495	0.000000
ak2-sample	batch	3	name	3-SRR5935740	mode	striped	s3client	sdk	rank	7	role	peer	inflight	1	threads	16	start_s	326.481330	wall_s	5.973772	setup_s	0.000043	classify_s	5.567649	close_s	0.000000	report_s	0.000000	status	0	sequences	0	bases	0	classified	0	place	-	weight	-
ak2-timing	batch-barrier-3	332.455111	0.502723	0	0	0.006241	0.000118
ak2-timing	barrier	339.298440	0.363517	0	0	0.019456	0.000000
ak2-sample	batch	4	name	4-SRR5935740	mode	striped	s3client	sdk	rank	7	role	peer	inflight	1	threads	16	start_s	333.718116	wall_s	5.943887	setup_s	0.000061	classify_s	5.576006	close_s	0.000000	report_s	0.000000	status	0	sequences	0	bases	0	classified	0	place	-	weight	-
ak2-timing	batch-barrier-4	339.662015	0.476928	2	0	0.007903	0.000000
ak2-engine	mem	t_s	345.2	rss_kib	75984188	hwm_kib	79378668	heap_inuse	2919563264	sys	7107166488	avail_kib	51122144
ak2-timing	barrier	346.512644	0.215130	0	0	0.020442	0.001843
ak2-sample	batch	5	name	5-SRR5935740	mode	striped	s3client	sdk	rank	7	role	peer	inflight	1	threads	16	start_s	340.936395	wall_s	5.791418	setup_s	0.000050	classify_s	5.572136	close_s	0.000000	report_s	0.000000	status	0	sequences	0	bases	0	classified	0	place	-	weight	-
ak2-timing	batch-barrier-5	346.727823	0.560297	8	0	0.000000	0.007094
ak2-timing	batch-barrier-6	347.288134	11.140029	2	0	0.684852	0.139125
ak2-engine	mem	t_s	360.2	rss_kib	76713256	hwm_kib	79378668	heap_inuse	4115521536	sys	7107166488	avail_kib	51011144
ak2-timing	batch-barrier-7	358.428183	9.147118	0	0	0.631324	0.147821
ak2-engine	mem	t_s	375.2	rss_kib	76713272	hwm_kib	79378668	heap_inuse	4117381120	sys	7107166488	avail_kib	51109144
ak2-timing	batch-barrier-8	367.575319	10.209532	4	0	0.709753	0.088546
ak2-engine	shard	0	n	16	lo	130056901599	hi	148636458971	tail	302	full	false	empty_at	18579557384	keys	8474658732	batches	89910	probe_s	210.517860	tail_probes	0	wrap_probes	0
ak2-engine	mem	t_s	377.8	rss_kib	76713272	hwm_kib	79378668	heap_inuse	4117618688	sys	7107166488	avail_kib	51103624
ak2-engine	rendezvous	puts	13	gets	897
ak2-engine	s3	client	sdk	put	31	get	897	create_multipart	18	upload_part	2058	complete_multipart	18	abort_multipart	0	part_bytes	17182220081
ak2-engine	s3	client	cli	put	0	get	0	create_multipart	0	upload_part	0	complete_multipart	0	abort_multipart	0	part_bytes	0
ak2-engine	load	seconds	42.159142	requests	1126	retries	0	bytes	74318296296
ak2-engine	route	transport	nodes	calls	5180	keys	7836667637	batches	82880	route_s	91.074028	wait_s	299.302849	gather_s	17.138377
ak2-engine	worker	scan_s	687.055741	lookup_s	407.518942	classify_s	600.577550
ak2-timing	total	0.000001	377.920917	6757100	0	1549.030737	139.977049
