Loading database information...ak2-timing	opts	0.003171	0.000016	0	0	0.000015	0.000000
ak2-timing	taxo	0.003194	0.115023	87826	0	0.023188	0.094919
ak2-engine	mem	t_s	15.0	rss_kib	33325848	hwm_kib	33327896	heap_inuse	403701760	sys	440195432	avail_kib	61579988
ak2-engine	mem	t_s	30.0	rss_kib	72611572	hwm_kib	72611576	heap_inuse	405479424	sys	440195432	avail_kib	22276720
ak2-timing	shard-load-5	0.331474	30.518104	42177	0	40.405008	41.034091
ak2-engine	mem	t_s	45.0	rss_kib	72978704	hwm_kib	72978708	heap_inuse	410517504	sys	444389736	avail_kib	22164624
ak2-engine	mem	t_s	60.0	rss_kib	72979740	hwm_kib	72979740	heap_inuse	411877376	sys	444389736	avail_kib	22390184
ak2-timing	rendezvous	31.293690	28.992910	3064	0	0.077774	0.026830
ak2-timing	connect	60.286615	0.022546	1	0	0.010973	0.000774
ak2-timing	hash	0.118278	60.190903	47084	0	40.495349	41.075328
 done.
18392491 sequences (3418.71 Mbp) processed in 10.184s (108363.6 Kseq/m, 20142.10 Mbp/m).
  18064386 sequences classified (98.22%)
  328105 sequences unclassified (1.78%)
ak2-sample	batch	0	name	0-SRR5935803	mode	parallel	s3client	sdk	rank	5	role	home	inflight	1	threads	16	start_s	60.309217	wall_s	10.772397	setup_s	0.000050	classify_s	10.183761	close_s	0.407270	report_s	0.172525	status	0	sequences	18392491	bases	3418705365	classified	18064386	place	lpt	weight	18392491
ak2-engine	mem	t_s	75.0	rss_kib	79246588	hwm_kib	79540384	heap_inuse	3437969408	sys	7189877032	avail_kib	15668316
14472574 sequences (2738.53 Mbp) processed in 8.196s (105948.2 Kseq/m, 20047.74 Mbp/m).
  14022498 sequences classified (96.89%)
  450076 sequences unclassified (3.11%)
ak2-sample	batch	0	name	0-SRR5935806	mode	parallel	s3client	sdk	rank	5	role	home	inflight	1	threads	16	start_s	71.081636	wall_s	8.591711	setup_s	0.000061	classify_s	8.196026	close_s	0.237299	report_s	0.150232	status	0	sequences	14472574	bases	2738529910	classified	14022498	place	lpt	weight	14472574
12325847 sequences (2261.51 Mbp) processed in 6.719s (110071.5 Kseq/m, 20195.60 Mbp/m).
  11791754 sequences classified (95.67%)
  534093 sequences unclassified (4.33%)
ak2-sample	batch	0	name	0-SRR5935742	mode	parallel	s3client	sdk	rank	5	role	home	inflight	1	threads	16	start_s	79.673377	wall_s	7.072910	setup_s	0.000056	classify_s	6.718825	close_s	0.206588	report_s	0.138421	status	0	sequences	12325847	bases	2261511731	classified	11791754	place	lpt	weight	12325847
ak2-engine	mem	t_s	90.0	rss_kib	78822916	hwm_kib	79540384	heap_inuse	4968751104	sys	7194284328	avail_kib	14705920
10896278 sequences (2024.82 Mbp) processed in 6.284s (104032.9 Kseq/m, 19332.12 Mbp/m).
  10712521 sequences classified (98.31%)
  183757 sequences unclassified (1.69%)
ak2-sample	batch	0	name	0-SRR5935819	mode	parallel	s3client	sdk	rank	5	role	home	inflight	1	threads	16	start_s	86.746306	wall_s	6.680905	setup_s	0.000041	classify_s	6.284324	close_s	0.206903	report_s	0.184200	status	0	sequences	10896278	bases	2024821947	classified	10712521	place	lpt	weight	10896278
9108174 sequences (1698.33 Mbp) processed in 5.069s (107804.1 Kseq/m, 20101.42 Mbp/m).
  8923230 sequences classified (97.97%)
  184944 sequences unclassified (2.03%)
ak2-sample	batch	0	name	0-SRR5935812	mode	parallel	s3client	sdk	rank	5	role	home	inflight	1	threads	16	start_s	93.427233	wall_s	5.524183	setup_s	0.000058	classify_s	5.069292	close_s	0.286646	report_s	0.161640	status	0	sequences	9108174	bases	1698332428	classified	8923230	place	lpt	weight	9108174
5174437 sequences (978.78 Mbp) processed in 3.023s (102703.5 Kseq/m, 19427.03 Mbp/m).
  5104140 sequences classified (98.64%)
  70297 sequences unclassified (1.36%)
ak2-sample	batch	0	name	0-SRR5935763	mode	parallel	s3client	sdk	rank	5	role	home	inflight	1	threads	16	start_s	98.951439	wall_s	3.401617	setup_s	0.000047	classify_s	3.022937	close_s	0.201782	report_s	0.172437	status	0	sequences	5174437	bases	978777662	classified	5104140	place	lpt	weight	5174437
ak2-timing	batch-barrier-0	102.353073	1.486853	2	0	0.187652	0.058148
ak2-engine	mem	t_s	105.0	rss_kib	77565656	hwm_kib	79540384	heap_inuse	4325720064	sys	7194284328	avail_kib	15048016
10492437 sequences (1984.14 Mbp) processed in 6.254s (100664.8 Kseq/m, 19035.92 Mbp/m).
  9889429 sequences classified (94.25%)
  603008 sequences unclassified (5.75%)
ak2-sample	batch	1	name	1-SRR5935745	mode	parallel	s3client	sdk	rank	5	role	home	inflight	1	threads	16	start_s	103.839968	wall_s	6.647020	setup_s	0.000130	classify_s	6.253884	close_s	0.215132	report_s	0.167806	status	0	sequences	10492437	bases	1984140901	classified	9889429	place	mod	weight	10492437
14191749 sequences (2646.88 Mbp) processed in 8.086s (105311.3 Kseq/m, 19641.42 Mbp/m).
  13987275 sequences classified (98.56%)
  204474 sequences unclassified (1.44%)
ak2-sample	batch	1	name	1-SRR5935761	mode	parallel	s3client	sdk	rank	5	role	home	inflight	1	threads	16	start_s	110.487014	wall_s	8.448620	setup_s	0.000049	classify_s	8.085600	close_s	0.210852	report_s	0.145423	status	0	sequences	14191749	bases	2646878118	classified	13987275	place	mod	weight	14191749
ak2-engine	mem	t_s	120.0	rss_kib	77761328	hwm_kib	79540384	heap_inuse	3204677632	sys	7194358056	avail_kib	14932124
8173049 sequences (1459.57 Mbp) processed in 4.712s (104063.0 Kseq/m, 18583.86 Mbp/m).
  7956066 sequences classified (97.35%)
  216983 sequences unclassified (2.65%)
ak2-sample	batch	1	name	1-SRR5935777	mode	parallel	s3client	sdk	rank	5	role	home	inflight	1	threads	16	start_s	118.935657	wall_s	5.108478	setup_s	0.000056	classify_s	4.712367	close_s	0.265189	report_s	0.124674	status	0	sequences	8173049	bases	1459565869	classified	7956066	place	mod	weight	8173049
1771479 sequences (333.19 Mbp) processed in 1.158s (91802.5 Kseq/m, 17266.59 Mbp/m).
  1476454 sequences classified (83.35%)
  295025 sequences unclassified (16.65%)
ak2-sample	batch	1	name	1-SRR5935793	mode	parallel	s3client	sdk	rank	5	role	home	inflight	1	threads	16	start_s	124.044154	wall_s	1.505217	setup_s	0.000056	classify_s	1.157799	close_s	0.199573	report_s	0.140217	status	0	sequences	1771479	bases	333187068	classified	1476454	place	mod	weight	1771479
1539039 sequences (293.66 Mbp) processed in 1.077s (85759.0 Kseq/m, 16363.32 Mbp/m).
  1494119 sequences classified (97.08%)
  44920 sequences unclassified (2.92%)
ak2-sample	batch	1	name	1-SRR5935809	mode	parallel	s3client	sdk	rank	5	role	home	inflight	1	threads	16	start_s	125.549394	wall_s	1.426528	setup_s	0.000051	classify_s	1.076767	close_s	0.220554	report_s	0.125325	status	0	sequences	1539039	bases	293657718	classified	1494119	place	mod	weight	1539039
11458367 sequences (2115.94 Mbp) processed in 6.324s (108710.6 Kseq/m, 20074.81 Mbp/m).
  9654089 sequences classified (84.25%)
  1804278 sequences unclassified (15.75%)
ak2-sample	batch	1	name	1-SRR5935825	mode	parallel	s3client	sdk	rank	5	role	home	inflight	1	threads	16	start_s	126.975952	wall_s	6.768140	setup_s	0.000065	classify_s	6.324150	close_s	0.219815	report_s	0.206611	status	0	sequences	11458367	bases	2115935464	classified	9654089	place	mod	weight	11458367
ak2-engine	mem	t_s	135.0	rss_kib	78848720	hwm_kib	79540384	heap_inuse	5256871936	sys	7194358056	avail_kib	14706876
ak2-engine	mem	t_s	150.0	rss_kib	78848452	hwm_kib	79540384	heap_inuse	5273247744	sys	7194358056	avail_kib	15522424
ak2-timing	batch-barrier-1	133.744115	23.878338	6	0	16.265203	1.942560
ak2-engine	mem	t_s	165.0	rss_kib	78731116	hwm_kib	79540384	heap_inuse	5075533824	sys	7194374440	avail_kib	16027864
18392491 sequences (3418.71 Mbp) processed in 10.076s (109518.1 Kseq/m, 20356.69 Mbp/m).
  18064386 sequences classified (98.22%)
  328105 sequences unclassified (1.78%)
ak2-sample	batch	2	name	2-SRR5935803	mode	parallel	s3client	sdk	rank	5	role	home	inflight	1	threads	16	start_s	157.622506	wall_s	10.468396	setup_s	0.000053	classify_s	10.076410	close_s	0.249737	report_s	0.133400	status	0	sequences	18392491	bases	3418705365	classified	18064386	place	lpt	weight	18392491
14472574 sequences (2738.53 Mbp) processed in 8.221s (105626.6 Kseq/m, 19986.88 Mbp/m).
  14022498 sequences classified (96.89%)
  450076 sequences unclassified (3.11%)
ak2-sample	batch	2	name	2-SRR5935806	mode	parallel	s3client	sdk	rank	5	role	home	inflight	1	threads	16	start_s	168.090925	wall_s	8.782589	setup_s	0.000049	classify_s	8.220985	close_s	0.364669	report_s	0.188706	status	0	sequences	14472574	bases	2738529910	classified	14022498	place	lpt	weight	14472574
ak2-engine	mem	t_s	180.0	rss_kib	78783612	hwm_kib	79540384	heap_inuse	5511036928	sys	7194374440	avail_kib	15319600
12325847 sequences (2261.51 Mbp) processed in 6.706s (110275.4 Kseq/m, 20233.01 Mbp/m).
  11791754 sequences classified (95.67%)
  534093 sequences unclassified (4.33%)
ak2-sample	batch	2	name	2-SRR5935742	mode	parallel	s3client	sdk	rank	5	role	home	inflight	1	threads	16	start_s	176.873541	wall_s	7.133404	setup_s	0.000052	classify_s	6.706402	close_s	0.264316	report_s	0.153466	status	0	sequences	12325847	bases	2261511731	classified	11791754	place	lpt	weight	12325847
10896278 sequences (2024.82 Mbp) processed in 6.267s (104326.9 Kseq/m, 19386.75 Mbp/m).
  10712521 sequences classified (98.31%)
  183757 sequences unclassified (1.69%)
ak2-sample	batch	2	name	2-SRR5935819	mode	parallel	s3client	sdk	rank	5	role	home	inflight	1	threads	16	start_s	184.006970	wall_s	6.692587	setup_s	0.000060	classify_s	6.266616	close_s	0.280143	report_s	0.140346	status	0	sequences	10896278	bases	2024821947	classified	10712521	place	lpt	weight	10896278
ak2-engine	mem	t_s	195.0	rss_kib	79186984	hwm_kib	79540384	heap_inuse	5810118656	sys	7195619624	avail_kib	14646416
9108174 sequences (1698.33 Mbp) processed in 5.081s (107550.4 Kseq/m, 20054.12 Mbp/m).
  8923230 sequences classified (97.97%)
  184944 sequences unclassified (2.03%)
ak2-sample	batch	2	name	2-SRR5935812	mode	parallel	s3client	sdk	rank	5	role	home	inflight	1	threads	16	start_s	190.699581	wall_s	5.490255	setup_s	0.000066	classify_s	5.081249	close_s	0.250159	report_s	0.152339	status	0	sequences	9108174	bases	1698332428	classified	8923230	place	lpt	weight	9108174
5174437 sequences (978.78 Mbp) processed in 3.029s (102496.5 Kseq/m, 19387.86 Mbp/m).
  5104140 sequences classified (98.64%)
  70297 sequences unclassified (1.36%)
ak2-sample	batch	2	name	2-SRR5935763	mode	parallel	s3client	sdk	rank	5	role	home	inflight	1	threads	16	start_s	196.189859	wall_s	3.506388	setup_s	0.000051	classify_s	3.029043	close_s	0.246202	report_s	0.226906	status	0	sequences	5174437	bases	978777662	classified	5104140	place	lpt	weight	5174437
ak2-timing	batch-barrier-2	199.696267	1.397652	0	0	0.115223	0.021876
ak2-timing	barrier	207.665134	1.656705	0	0	0.048578	0.000000
ak2-sample	batch	3	name	3-SRR5935740	mode	striped	s3client	sdk	rank	5	role	peer	inflight	1	threads	16	start_s	202.104020	wall_s	7.217865	setup_s	0.000048	classify_s	5.557098	close_s	0.000000	report_s	0.000000	status	0	sequences	0	bases	0	classified	0	place	-	weight	-
ak2-timing	batch-barrier-3	209.321895	0.571937	1	0	0.005725	0.000000
ak2-engine	mem	t_s	210.0	rss_kib	76987868	hwm_kib	79540384	heap_inuse	2625404928	sys	7195644200	avail_kib	17338804
ak2-timing	barrier	216.169892	0.186938	0	0	0.012191	0.000152
ak2-sample	batch	4	name	4-SRR5935740	mode	striped	s3client	sdk	rank	5	role	peer	inflight	1	threads	16	start_s	210.593389	wall_s	5.763496	setup_s	0.000045	classify_s	5.572126	close_s	0.000000	report_s	0.000000	status	0	sequences	0	bases	0	classified	0	place	-	weight	-
ak2-timing	batch-barrier-4	216.356895	0.502185	0	0	0.005848	0.000000
ak2-timing	barrier	223.255788	0.205486	0	0	0.020636	0.000000
ak2-sample	batch	5	name	5-SRR5935740	mode	striped	s3client	sdk	rank	5	role	peer	inflight	1	threads	16	start_s	217.692404	wall_s	5.768920	setup_s	0.000049	classify_s	5.559264	close_s	0.000000	report_s	0.000000	status	0	sequences	0	bases	0	classified	0	place	-	weight	-
ak2-timing	batch-barrier-5	223.461333	0.612316	3	0	0.006082	0.000000
ak2-engine	mem	t_s	225.0	rss_kib	76244360	hwm_kib	79540384	heap_inuse	3698188288	sys	7195644200	avail_kib	18769220
ak2-timing	batch-barrier-6	224.073672	7.102562	3	0	0.654268	0.098106
ak2-timing	batch-barrier-7	231.176256	7.130341	40	0	0.616065	0.120202
ak2-engine	mem	t_s	240.0	rss_kib	76244532	hwm_kib	79540384	heap_inuse	3700334592	sys	7195644200	avail_kib	18964896
ak2-timing	batch-barrier-8	238.306621	7.183331	2	0	0.617477	0.113085
ak2-engine	shard	0	n	16	lo	92897786856	hi	111477344228	tail	302	full	false	empty_at	18579557371	keys	8481868707	batches	89910	probe_s	176.967141	tail_probes	0	wrap_probes	0
ak2-engine	mem	t_s	245.5	rss_kib	76244532	hwm_kib	79540384	heap_inuse	3700629504	sys	7195644200	avail_kib	19063376
ak2-engine	rendezvous	puts	13	gets	679
ak2-engine	s3	client	sdk	put	31	get	679	create_multipart	18	upload_part	1954	complete_multipart	18	abort_multipart	0	part_bytes	16316237306
ak2-engine	s3	client	cli	put	0	get	0	create_multipart	0	upload_part	0	complete_multipart	0	abort_multipart	0	part_bytes	0
ak2-engine	load	seconds	30.518100	requests	1126	retries	0	bytes	74318296296
ak2-engine	route	transport	nodes	calls	5023	keys	7604277505	batches	80368	route_s	62.304901	wait_s	45.372963	gather_s	14.087841
ak2-engine	worker	scan_s	471.245482	lookup_s	121.768890	classify_s	417.512152
ak2-timing	total	0.000001	245.617201	11604051	0	1493.590051	105.919002
