Loading database information...ak2-timing	opts	0.003242	0.000019	0	0	0.000009	0.000009
ak2-timing	taxo	0.003270	0.093019	87843	0	0.024178	0.071949
ak2-engine	mem	t_s	15.0	rss_kib	40360260	hwm_kib	40360264	heap_inuse	406372352	sys	443079016	avail_kib	54594488
ak2-timing	shard-load-12	0.168561	27.603237	42504	0	36.721013	30.484053
ak2-engine	mem	t_s	30.0	rss_kib	72976744	hwm_kib	72976744	heap_inuse	408772608	sys	443865448	avail_kib	22028236
ak2-timing	rendezvous	28.244270	12.446232	214	0	0.002919	0.012904
ak2-timing	connect	40.690521	0.023990	0	0	0.000492	0.000409
ak2-timing	hash	0.096399	40.618129	44590	0	36.738548	30.498229
 done.
ak2-engine	mem	t_s	45.0	rss_kib	78250532	hwm_kib	78250532	heap_inuse	3543547904	sys	5922127736	avail_kib	17045388
16286650 sequences (3018.35 Mbp) processed in 9.055s (107912.6 Kseq/m, 19999.10 Mbp/m).
  15278935 sequences classified (93.81%)
  1007715 sequences unclassified (6.19%)
ak2-sample	batch	0	name	0-SRR5935757	mode	parallel	s3client	sdk	rank	12	role	home	inflight	1	threads	16	start_s	40.714566	wall_s	9.464159	setup_s	0.000046	classify_s	9.055470	close_s	0.245068	report_s	0.149736	status	0	sequences	16286650	bases	3018354004	classified	15278935	place	lpt	weight	16286650
15312868 sequences (2847.18 Mbp) processed in 8.478s (108375.2 Kseq/m, 20150.58 Mbp/m).
  13152387 sequences classified (85.89%)
  2160481 sequences unclassified (14.11%)
ak2-sample	batch	0	name	0-SRR5935759	mode	parallel	s3client	sdk	rank	12	role	home	inflight	1	threads	16	start_s	50.178753	wall_s	9.075177	setup_s	0.000054	classify_s	8.477698	close_s	0.402397	report_s	0.183102	status	0	sequences	15312868	bases	2847175138	classified	13152387	place	lpt	weight	15312868
ak2-engine	mem	t_s	60.0	rss_kib	77546340	hwm_kib	78732312	heap_inuse	3209510912	sys	6323384408	avail_kib	17548568
13817496 sequences (2535.87 Mbp) processed in 7.663s (108190.6 Kseq/m, 19855.75 Mbp/m).
  12277050 sequences classified (88.85%)
  1540446 sequences unclassified (11.15%)
ak2-sample	batch	0	name	0-SRR5935785	mode	parallel	s3client	sdk	rank	12	role	home	inflight	1	threads	16	start_s	59.253949	wall_s	8.149188	setup_s	0.000054	classify_s	7.662867	close_s	0.288848	report_s	0.183160	status	0	sequences	13817496	bases	2535866229	classified	12277050	place	lpt	weight	13817496
10590116 sequences (1935.91 Mbp) processed in 5.968s (106465.9 Kseq/m, 19462.32 Mbp/m).
  10426493 sequences classified (98.45%)
  163623 sequences unclassified (1.55%)
ak2-sample	batch	0	name	0-SRR5935765	mode	parallel	s3client	sdk	rank	12	role	home	inflight	1	threads	16	start_s	67.403168	wall_s	6.384484	setup_s	0.000052	classify_s	5.968175	close_s	0.239624	report_s	0.170823	status	0	sequences	10590116	bases	1935908855	classified	10426493	place	lpt	weight	10590116
ak2-engine	mem	t_s	75.0	rss_kib	78279600	hwm_kib	79114276	heap_inuse	5232484352	sys	6798811336	avail_kib	16722928
10067025 sequences (1870.49 Mbp) processed in 5.585s (108158.8 Kseq/m, 20096.35 Mbp/m).
  9884918 sequences classified (98.19%)
  182107 sequences unclassified (1.81%)
ak2-sample	batch	0	name	0-SRR5935811	mode	parallel	s3client	sdk	rank	12	role	home	inflight	1	threads	16	start_s	73.787675	wall_s	5.968121	setup_s	0.000049	classify_s	5.584579	close_s	0.241999	report_s	0.135642	status	0	sequences	10067025	bases	1870494351	classified	9884918	place	lpt	weight	10067025
1771479 sequences (333.19 Mbp) processed in 1.199s (88660.4 Kseq/m, 16675.61 Mbp/m).
  1476454 sequences classified (83.35%)
  295025 sequences unclassified (16.65%)
ak2-sample	batch	0	name	0-SRR5935793	mode	parallel	s3client	sdk	rank	12	role	home	inflight	1	threads	16	start_s	79.755823	wall_s	1.605993	setup_s	0.000048	classify_s	1.198830	close_s	0.206316	report_s	0.193295	status	0	sequences	1771479	bases	333187068	classified	1476454	place	lpt	weight	1771479
297656 sequences (54.18 Mbp) processed in 0.507s (35197.6 Kseq/m, 6406.31 Mbp/m).
  290837 sequences classified (97.71%)
  6819 sequences unclassified (2.29%)
ak2-sample	batch	0	name	0-SRR5935821	mode	parallel	s3client	sdk	rank	12	role	home	inflight	1	threads	16	start_s	81.361839	wall_s	0.856801	setup_s	0.000079	classify_s	0.507404	close_s	0.247194	report_s	0.101133	status	0	sequences	297656	bases	54176352	classified	290837	place	lpt	weight	297656
ak2-timing	batch-barrier-0	82.218662	2.549525	3	0	1.175564	0.124393
ak2-engine	mem	t_s	90.0	rss_kib	78498828	hwm_kib	79205604	heap_inuse	3962937344	sys	6958334184	avail_kib	16611408
14298074 sequences (2663.28 Mbp) processed in 8.039s (106714.5 Kseq/m, 19877.55 Mbp/m).
  14234512 sequences classified (99.56%)
  63562 sequences unclassified (0.44%)
ak2-sample	batch	1	name	1-SRR5935752	mode	parallel	s3client	sdk	rank	12	role	home	inflight	1	threads	16	start_s	84.768215	wall_s	8.417305	setup_s	0.000057	classify_s	8.039062	close_s	0.218243	report_s	0.156082	status	0	sequences	14298074	bases	2663280360	classified	14234512	place	mod	weight	14298074
15746753 sequences (2888.34 Mbp) processed in 8.723s (108307.1 Kseq/m, 19866.16 Mbp/m).
  14105631 sequences classified (89.58%)
  1641122 sequences unclassified (10.42%)
ak2-sample	batch	1	name	1-SRR5935768	mode	parallel	s3client	sdk	rank	12	role	home	inflight	1	threads	16	start_s	93.185544	wall_s	9.233299	setup_s	0.000062	classify_s	8.723391	close_s	0.307225	report_s	0.187989	status	0	sequences	15746753	bases	2888337209	classified	14105631	place	mod	weight	15746753
ak2-engine	mem	t_s	105.0	rss_kib	78421300	hwm_kib	79208696	heap_inuse	4756422656	sys	6966722792	avail_kib	16000820
14800056 sequences (2772.79 Mbp) processed in 8.678s (102333.8 Kseq/m, 19172.24 Mbp/m).
  14536791 sequences classified (98.22%)
  263265 sequences unclassified (1.78%)
ak2-sample	batch	1	name	1-SRR5935784	mode	parallel	s3client	sdk	rank	12	role	home	inflight	1	threads	16	start_s	102.418872	wall_s	9.127699	setup_s	0.031502	classify_s	8.677520	close_s	0.252356	report_s	0.158421	status	0	sequences	14800056	bases	2772790740	classified	14536791	place	mod	weight	14800056
ak2-engine	mem	t_s	120.0	rss_kib	78797280	hwm_kib	79208696	heap_inuse	4530921472	sys	6979375352	avail_kib	15844172
15080696 sequences (2770.85 Mbp) processed in 9.124s (99169.8 Kseq/m, 18220.94 Mbp/m).
  14478381 sequences classified (96.01%)
  602315 sequences unclassified (3.99%)
ak2-sample	batch	1	name	1-SRR5935800	mode	parallel	s3client	sdk	rank	12	role	home	inflight	1	threads	16	start_s	111.546596	wall_s	9.659051	setup_s	0.044826	classify_s	9.124163	close_s	0.279330	report_s	0.203288	status	0	sequences	15080696	bases	2770846238	classified	14478381	place	mod	weight	15080696
12244248 sequences (2292.24 Mbp) processed in 6.999s (104963.7 Kseq/m, 19650.19 Mbp/m).
  11933067 sequences classified (97.46%)
  311181 sequences unclassified (2.54%)
ak2-sample	batch	1	name	1-SRR5935816	mode	parallel	s3client	sdk	rank	12	role	home	inflight	1	threads	16	start_s	121.205669	wall_s	7.367049	setup_s	0.000061	classify_s	6.999134	close_s	0.229465	report_s	0.131799	status	0	sequences	12244248	bases	2292238030	classified	11933067	place	mod	weight	12244248
6882441 sequences (1244.79 Mbp) processed in 3.788s (109001.3 Kseq/m, 19714.42 Mbp/m).
  6619730 sequences classified (96.18%)
  262711 sequences unclassified (3.82%)
ak2-sample	batch	1	name	1-SRR5935832	mode	parallel	s3client	sdk	rank	12	role	home	inflight	1	threads	16	start_s	128.572744	wall_s	4.135850	setup_s	0.000049	classify_s	3.788455	close_s	0.190443	report_s	0.150171	status	0	sequences	6882441	bases	1244786679	classified	6619730	place	mod	weight	6882441
ak2-engine	mem	t_s	135.0	rss_kib	78724144	hwm_kib	79208696	heap_inuse	3374383104	sys	6979375352	avail_kib	16076604
ak2-timing	batch-barrier-1	132.708615	5.201606	4	0	0.712402	0.114355
16286650 sequences (3018.35 Mbp) processed in 9.048s (108001.8 Kseq/m, 20015.63 Mbp/m).
  15278935 sequences classified (93.81%)
  1007715 sequences unclassified (6.19%)
ak2-sample	batch	2	name	2-SRR5935757	mode	parallel	s3client	sdk	rank	12	role	home	inflight	1	threads	16	start_s	137.910269	wall_s	9.572653	setup_s	0.000045	classify_s	9.047992	close_s	0.328841	report_s	0.181590	status	0	sequences	16286650	bases	3018354004	classified	15278935	place	lpt	weight	16286650
ak2-engine	mem	t_s	150.0	rss_kib	78653092	hwm_kib	79208696	heap_inuse	4927897600	sys	7067803912	avail_kib	15972264
15312868 sequences (2847.18 Mbp) processed in 8.503s (108056.1 Kseq/m, 20091.25 Mbp/m).
  13152387 sequences classified (85.89%)
  2160481 sequences unclassified (14.11%)
ak2-sample	batch	2	name	2-SRR5935759	mode	parallel	s3client	sdk	rank	12	role	home	inflight	1	threads	16	start_s	147.482946	wall_s	8.998904	setup_s	0.000051	classify_s	8.502733	close_s	0.290919	report_s	0.193166	status	0	sequences	15312868	bases	2847175138	classified	13152387	place	lpt	weight	15312868
13817496 sequences (2535.87 Mbp) processed in 7.694s (107746.3 Kseq/m, 19774.22 Mbp/m).
  12277050 sequences classified (88.85%)
  1540446 sequences unclassified (11.15%)
ak2-sample	batch	2	name	2-SRR5935785	mode	parallel	s3client	sdk	rank	12	role	home	inflight	1	threads	16	start_s	156.481873	wall_s	8.073189	setup_s	0.000052	classify_s	7.694462	close_s	0.219270	report_s	0.145492	status	0	sequences	13817496	bases	2535866229	classified	12277050	place	lpt	weight	13817496
ak2-engine	mem	t_s	165.0	rss_kib	78565536	hwm_kib	79442448	heap_inuse	3405692928	sys	7223132456	avail_kib	16031524
10590116 sequences (1935.91 Mbp) processed in 5.985s (106171.3 Kseq/m, 19408.48 Mbp/m).
  10426493 sequences classified (98.45%)
  163623 sequences unclassified (1.55%)
ak2-sample	batch	2	name	2-SRR5935765	mode	parallel	s3client	sdk	rank	12	role	home	inflight	1	threads	16	start_s	164.555082	wall_s	6.472868	setup_s	0.000053	classify_s	5.984732	close_s	0.329283	report_s	0.153050	status	0	sequences	10590116	bases	1935908855	classified	10426493	place	lpt	weight	10590116
10067025 sequences (1870.49 Mbp) processed in 5.679s (106356.0 Kseq/m, 19761.38 Mbp/m).
  9884918 sequences classified (98.19%)
  182107 sequences unclassified (1.81%)
ak2-sample	batch	2	name	2-SRR5935811	mode	parallel	s3client	sdk	rank	12	role	home	inflight	1	threads	16	start_s	171.027972	wall_s	6.058106	setup_s	0.000052	classify_s	5.679243	close_s	0.226172	report_s	0.146606	status	0	sequences	10067025	bases	1870494351	classified	9884918	place	lpt	weight	10067025
1771479 sequences (333.19 Mbp) processed in 1.162s (91505.1 Kseq/m, 17210.65 Mbp/m).
  1476454 sequences classified (83.35%)
  295025 sequences unclassified (16.65%)
ak2-sample	batch	2	name	2-SRR5935793	mode	parallel	s3client	sdk	rank	12	role	home	inflight	1	threads	16	start_s	177.086103	wall_s	1.668307	setup_s	0.000051	classify_s	1.161562	close_s	0.245186	report_s	0.254241	status	0	sequences	1771479	bases	333187068	classified	1476454	place	lpt	weight	1771479
297656 sequences (54.18 Mbp) processed in 0.504s (35455.8 Kseq/m, 6453.31 Mbp/m).
  290837 sequences classified (97.71%)
  6819 sequences unclassified (2.29%)
ak2-sample	batch	2	name	2-SRR5935821	mode	parallel	s3client	sdk	rank	12	role	home	inflight	1	threads	16	start_s	178.754438	wall_s	0.902335	setup_s	0.000053	classify_s	0.503708	close_s	0.267729	report_s	0.129846	status	0	sequences	297656	bases	54176352	classified	290837	place	lpt	weight	297656
ak2-engine	mem	t_s	180.0	rss_kib	75233436	hwm_kib	79442448	heap_inuse	2038366208	sys	7223132456	avail_kib	17363392
ak2-timing	batch-barrier-2	179.656794	2.368479	2	0	0.591011	0.068912
ak2-timing	barrier	188.817004	1.221200	0	0	0.008464	0.000521
ak2-sample	batch	3	name	3-SRR5935740	mode	striped	s3client	sdk	rank	12	role	peer	inflight	1	threads	16	start_s	182.838616	wall_s	7.199648	setup_s	0.000503	classify_s	5.973004	close_s	0.000000	report_s	0.000000	status	0	sequences	0	bases	0	classified	0	place	-	weight	-
ak2-timing	batch-barrier-3	190.038273	0.554453	175	0	0.005541	0.000341
ak2-engine	mem	t_s	195.0	rss_kib	75243180	hwm_kib	79442448	heap_inuse	2396037120	sys	7223394600	avail_kib	19552912
ak2-timing	barrier	196.937090	0.136109	0	0	0.006781	0.000417
ak2-sample	batch	4	name	4-SRR5935740	mode	striped	s3client	sdk	rank	12	role	peer	inflight	1	threads	16	start_s	191.309487	wall_s	5.763769	setup_s	0.000046	classify_s	5.623425	close_s	0.000000	report_s	0.000000	status	0	sequences	0	bases	0	classified	0	place	-	weight	-
ak2-timing	batch-barrier-4	197.073266	0.526054	2	0	0.005823	0.000358
ak2-timing	barrier	204.137601	0.040046	0	0	0.000118	0.000007
ak2-sample	batch	5	name	5-SRR5935740	mode	striped	s3client	sdk	rank	12	role	peer	inflight	1	threads	16	start_s	198.408794	wall_s	5.768903	setup_s	0.000047	classify_s	5.724783	close_s	0.000000	report_s	0.000000	status	0	sequences	0	bases	0	classified	0	place	-	weight	-
ak2-timing	batch-barrier-5	204.177707	0.625715	0	0	0.005845	0.000359
ak2-engine	mem	t_s	210.0	rss_kib	76267260	hwm_kib	79442448	heap_inuse	3551264768	sys	7223394600	avail_kib	18696564
ak2-timing	batch-barrier-6	204.803443	7.114059	2	0	0.675005	0.087192
ak2-timing	batch-barrier-7	211.917526	7.166952	47	0	0.672500	0.077945
ak2-engine	mem	t_s	225.0	rss_kib	76267684	hwm_kib	79442448	heap_inuse	3553296384	sys	7223394600	avail_kib	18919236
ak2-timing	batch-barrier-8	219.084504	7.154969	60	0	0.632476	0.131620
ak2-engine	shard	0	n	16	lo	222954688456	hi	241534245827	tail	302	full	false	empty_at	18579557382	keys	8470448595	batches	89910	probe_s	180.931127	tail_probes	0	wrap_probes	0
ak2-engine	mem	t_s	226.2	rss_kib	76267684	hwm_kib	79442448	heap_inuse	3553492992	sys	7223394600	avail_kib	18940284
ak2-engine	rendezvous	puts	13	gets	384
ak2-engine	s3	client	sdk	put	33	get	384	create_multipart	20	upload_part	2335	complete_multipart	20	abort_multipart	0	part_bytes	19474620358
ak2-engine	s3	client	cli	put	0	get	0	create_multipart	0	upload_part	0	complete_multipart	0	abort_multipart	0	part_bytes	0
ak2-engine	load	seconds	27.603235	requests	1126	retries	0	bytes	74318296292
ak2-engine	route	transport	nodes	calls	5708	keys	8599684984	batches	91328	route_s	70.096000	wait_s	47.519793	gather_s	15.493241
ak2-engine	worker	scan_s	525.987448	lookup_s	133.112453	classify_s	464.984466
ak2-timing	total	0.000001	226.368034	11577152	0	1647.859057	101.618194
