Loading database information...ak2-timing	opts	0.003136	0.000015	0	0	0.000014	0.000000
ak2-timing	taxo	0.003158	0.091696	87845	0	0.000000	0.094568
ak2-timing	shard-load-7	0.157429	14.197319	24228	0	21.277554	20.105293
ak2-engine	mem	t_s	15.0	rss_kib	36686200	hwm_kib	36686204	heap_inuse	405176320	sys	439212392	avail_kib	58128808
ak2-engine	mem	t_s	30.0	rss_kib	36698764	hwm_kib	36698768	heap_inuse	419069952	sys	451864952	avail_kib	58527296
ak2-engine	mem	t_s	45.0	rss_kib	36709316	hwm_kib	36709320	heap_inuse	429801472	sys	460515704	avail_kib	58722008
ak2-engine	mem	t_s	60.0	rss_kib	36716096	hwm_kib	36716100	heap_inuse	436428800	sys	468937080	avail_kib	58710900
ak2-timing	rendezvous	14.774016	55.257852	18775	0	0.265164	0.106242
ak2-timing	connect	70.031883	0.132667	1367	0	0.092936	0.018538
ak2-timing	hash	0.094966	70.069607	46187	0	21.638124	20.242265
 done.
ak2-engine	mem	t_s	75.0	rss_kib	53573736	hwm_kib	53573780	heap_inuse	17057996800	sys	18172201272	avail_kib	41630620
5174437 sequences (978.78 Mbp) processed in 6.224s (49883.1 Kseq/m, 9435.71 Mbp/m).
  5104140 sequences classified (98.64%)
  70297 sequences unclassified (1.36%)
ak2-sample	batch	0	name	0-SRR5935763	mode	parallel	s3client	sdk	rank	7	role	home	inflight	6	threads	16	start_s	70.164613	wall_s	6.764825	setup_s	0.000069	classify_s	6.223873	close_s	0.385882	report_s	0.150344	status	0	sequences	5174437	bases	978777662	classified	5104140	place	lpt	weight	5174437
10834778 sequences (1957.59 Mbp) processed in 8.845s (73498.2 Kseq/m, 13279.37 Mbp/m).
  10642489 sequences classified (98.23%)
  192289 sequences unclassified (1.77%)
ak2-sample	batch	0	name	0-SRR5935760	mode	parallel	s3client	sdk	rank	7	role	home	inflight	6	threads	16	start_s	70.164641	wall_s	9.243188	setup_s	0.000065	classify_s	8.844939	close_s	0.271316	report_s	0.121036	status	0	sequences	10834778	bases	1957586977	classified	10642489	place	lpt	weight	10834778
16980616 sequences (3155.64 Mbp) processed in 12.145s (83889.7 Kseq/m, 15589.87 Mbp/m).
  16106690 sequences classified (94.85%)
  873926 sequences unclassified (5.15%)
ak2-sample	batch	0	name	0-SRR5935813	mode	parallel	s3client	sdk	rank	7	role	home	inflight	6	threads	16	start_s	70.164618	wall_s	12.785791	setup_s	0.000042	classify_s	12.144962	close_s	0.282806	report_s	0.345402	status	0	sequences	16980616	bases	3155638888	classified	16106690	place	lpt	weight	16980616
ak2-timing	batch-barrier-0	82.950428	0.905995	5	0	0.015646	0.010887
3036382 sequences (569.20 Mbp) processed in 3.025s (60227.8 Kseq/m, 11290.39 Mbp/m).
  2817388 sequences classified (92.79%)
  218994 sequences unclassified (7.21%)
ak2-sample	batch	1	name	1-SRR5935747	mode	parallel	s3client	sdk	rank	7	role	home	inflight	6	threads	16	start_s	83.856458	wall_s	3.419562	setup_s	0.000044	classify_s	3.024896	close_s	0.244570	report_s	0.143855	status	0	sequences	3036382	bases	569204188	classified	2817388	place	mod	weight	3036382
5948317 sequences (1093.47 Mbp) processed in 4.786s (74567.4 Kseq/m, 13707.59 Mbp/m).
  5682744 sequences classified (95.54%)
  265573 sequences unclassified (4.46%)
ak2-sample	batch	1	name	1-SRR5935779	mode	parallel	s3client	sdk	rank	7	role	home	inflight	6	threads	16	start_s	83.856465	wall_s	5.202525	setup_s	0.000041	classify_s	4.786259	close_s	0.277080	report_s	0.133471	status	0	sequences	5948317	bases	1093467848	classified	5682744	place	mod	weight	5948317
ak2-engine	mem	t_s	90.0	rss_kib	51418896	hwm_kib	55467108	heap_inuse	9170935808	sys	19934374616	avail_kib	40151560
10067025 sequences (1870.49 Mbp) processed in 6.904s (87494.8 Kseq/m, 16256.90 Mbp/m).
  9884918 sequences classified (98.19%)
  182107 sequences unclassified (1.81%)
ak2-sample	batch	1	name	1-SRR5935811	mode	parallel	s3client	sdk	rank	7	role	home	inflight	6	threads	16	start_s	83.856455	wall_s	7.707723	setup_s	0.000044	classify_s	6.903511	close_s	0.652988	report_s	0.145024	status	0	sequences	10067025	bases	1870494351	classified	9884918	place	mod	weight	10067025
ak2-timing	batch-barrier-1	91.564199	8.261758	18378	0	8.386787	1.582851
ak2-engine	mem	t_s	105.0	rss_kib	55555944	hwm_kib	55555944	heap_inuse	10050723840	sys	20005935848	avail_kib	39145084
5174437 sequences (978.78 Mbp) processed in 5.119s (60653.7 Kseq/m, 11473.02 Mbp/m).
  5104140 sequences classified (98.64%)
  70297 sequences unclassified (1.36%)
ak2-sample	batch	2	name	2-SRR5935763	mode	parallel	s3client	sdk	rank	7	role	home	inflight	6	threads	16	start_s	99.826010	wall_s	5.833762	setup_s	0.000045	classify_s	5.118674	close_s	0.550782	report_s	0.159385	status	0	sequences	5174437	bases	978777662	classified	5104140	place	lpt	weight	5174437
10834778 sequences (1957.59 Mbp) processed in 8.670s (74984.6 Kseq/m, 13547.94 Mbp/m).
  10642489 sequences classified (98.23%)
  192289 sequences unclassified (1.77%)
ak2-sample	batch	2	name	2-SRR5935760	mode	parallel	s3client	sdk	rank	7	role	home	inflight	6	threads	16	start_s	99.826029	wall_s	9.148159	setup_s	0.000040	classify_s	8.669600	close_s	0.300225	report_s	0.172462	status	0	sequences	10834778	bases	1957586977	classified	10642489	place	lpt	weight	10834778
16980616 sequences (3155.64 Mbp) processed in 11.511s (88511.9 Kseq/m, 16448.85 Mbp/m).
  16106690 sequences classified (94.85%)
  873926 sequences unclassified (5.15%)
ak2-sample	batch	2	name	2-SRR5935813	mode	parallel	s3client	sdk	rank	7	role	home	inflight	6	threads	16	start_s	99.826023	wall_s	12.077576	setup_s	0.000040	classify_s	11.510735	close_s	0.314782	report_s	0.239116	status	0	sequences	16980616	bases	3155638888	classified	16106690	place	lpt	weight	16980616
ak2-timing	batch-barrier-2	111.903623	2.667780	2	0	0.206661	0.197272
ak2-engine	mem	t_s	120.0	rss_kib	39342068	hwm_kib	55566552	heap_inuse	2203844608	sys	20005968616	avail_kib	51841496
ak2-timing	barrier	120.939880	0.405055	0	0	0.007029	0.000732
ak2-sample	batch	3	name	3-SRR5935740	mode	striped	s3client	sdk	rank	7	role	peer	inflight	1	threads	16	start_s	115.379294	wall_s	5.965695	setup_s	0.000043	classify_s	5.558041	close_s	0.000000	report_s	0.000000	status	0	sequences	0	bases	0	classified	0	place	-	weight	-
ak2-timing	batch-barrier-3	121.344997	0.900301	162	0	0.007383	0.000768
ak2-timing	barrier	128.983825	0.250073	0	0	0.011301	0.001161
ak2-sample	batch	4	name	4-SRR5935740	mode	striped	s3client	sdk	rank	7	role	peer	inflight	1	threads	16	start_s	123.411426	wall_s	5.822541	setup_s	0.000045	classify_s	5.570018	close_s	0.000000	report_s	0.000000	status	0	sequences	0	bases	0	classified	0	place	-	weight	-
ak2-timing	batch-barrier-4	129.233978	0.920834	36	0	0.008516	0.000000
ak2-engine	mem	t_s	135.0	rss_kib	38701020	hwm_kib	55566552	heap_inuse	1511309312	sys	20005968616	avail_kib	55735944
ak2-timing	barrier	136.903462	0.232688	0	0	0.009879	0.000000
ak2-sample	batch	5	name	5-SRR5935740	mode	striped	s3client	sdk	rank	7	role	peer	inflight	1	threads	16	start_s	131.345861	wall_s	5.790333	setup_s	0.000044	classify_s	5.555007	close_s	0.000000	report_s	0.000000	status	0	sequences	0	bases	0	classified	0	place	-	weight	-
ak2-timing	batch-barrier-5	137.136203	0.923731	82	0	0.008134	0.000000
ak2-timing	batch-barrier-6	138.059958	7.480215	385	0	0.331418	0.028895
ak2-engine	mem	t_s	150.0	rss_kib	39200252	hwm_kib	55566552	heap_inuse	2236358656	sys	20005968616	avail_kib	55972532
ak2-timing	batch-barrier-7	145.540197	6.477838	319	0	0.318259	0.049922
ak2-timing	batch-barrier-8	152.018064	7.514802	418	0	0.317058	0.050822
ak2-engine	shard	0	n	32	lo	65028450799	hi	74318229485	tail	302	full	false	empty_at	9289778685	keys	4238071866	batches	89910	probe_s	88.331502	tail_probes	0	wrap_probes	0
ak2-engine	mem	t_s	159.5	rss_kib	39201912	hwm_kib	55566552	heap_inuse	2238300160	sys	20005968616	avail_kib	56132944
ak2-engine	rendezvous	puts	13	gets	1360
ak2-engine	s3	client	sdk	put	22	get	1360	create_multipart	9	upload_part	872	complete_multipart	9	abort_multipart	0	part_bytes	7270202319
ak2-engine	s3	client	cli	put	0	get	0	create_multipart	0	upload_part	0	complete_multipart	0	abort_multipart	0	part_bytes	0
ak2-engine	load	seconds	14.197315	requests	572	retries	0	bytes	37159181552
ak2-engine	route	transport	nodes	calls	2255	keys	3388696282	batches	72160	route_s	33.376717	wait_s	477.872827	gather_s	6.801188
ak2-engine	worker	scan_s	262.008097	lookup_s	518.052224	classify_s	191.810180
ak2-timing	total	0.000001	159.601160	11335492	0	733.834312	74.707427
