Loading database information...ak2-timing	opts	0.002862	0.000023	0	0	0.000021	0.000000
ak2-timing	taxo	0.002894	0.104793	87794	0	0.012388	0.109404
ak2-engine	mem	t_s	15.0	rss_kib	21267732	hwm_kib	21267736	heap_inuse	393756672	sys	409794920	avail_kib	106420952
ak2-engine	mem	t_s	30.0	rss_kib	38507156	hwm_kib	38507156	heap_inuse	395157504	sys	409794920	avail_kib	89175444
ak2-engine	mem	t_s	45.0	rss_kib	55906268	hwm_kib	55906272	heap_inuse	396591104	sys	409794920	avail_kib	71801432
ak2-timing	shard-load-11	0.197787	55.828560	40482	0	54.997182	78.132187
ak2-engine	mem	t_s	60.0	rss_kib	72969368	hwm_kib	72969372	heap_inuse	400064512	sys	413989224	avail_kib	54719364
ak2-timing	rendezvous	56.479708	10.385758	564	0	0.013816	0.004052
ak2-timing	connect	66.865480	0.018336	3	0	0.000491	0.000697
ak2-timing	hash	0.107717	66.776112	42926	0	55.012854	78.151572
 done.
ak2-engine	mem	t_s	75.0	rss_kib	78347452	hwm_kib	78347452	heap_inuse	4203986944	sys	6050803608	avail_kib	48856376
16351397 sequences (3065.56 Mbp) processed in 17.502s (56055.4 Kseq/m, 10509.26 Mbp/m).
  16166849 sequences classified (98.87%)
  184548 sequences unclassified (1.13%)
ak2-sample	batch	0	name	0-SRR5935787	mode	parallel	s3client	sdk	rank	11	role	home	inflight	1	threads	16	start_s	66.883870	wall_s	17.944852	setup_s	0.000046	classify_s	17.502037	close_s	0.282189	report_s	0.153110	status	0	sequences	16351397	bases	3065557655	classified	16166849	place	lpt	weight	16351397
ak2-engine	mem	t_s	90.0	rss_kib	78349524	hwm_kib	78374904	heap_inuse	4153565184	sys	6053334936	avail_kib	49068800
15280552 sequences (2858.11 Mbp) processed in 16.245s (56439.1 Kseq/m, 10556.51 Mbp/m).
  13785544 sequences classified (90.22%)
  1495008 sequences unclassified (9.78%)
ak2-sample	batch	0	name	0-SRR5935810	mode	parallel	s3client	sdk	rank	11	role	home	inflight	1	threads	16	start_s	84.828750	wall_s	16.748500	setup_s	0.000081	classify_s	16.244631	close_s	0.274322	report_s	0.209904	status	0	sequences	15280552	bases	2858109884	classified	13785544	place	lpt	weight	15280552
ak2-engine	mem	t_s	105.0	rss_kib	78218812	hwm_kib	78665032	heap_inuse	4626751488	sys	6240473160	avail_kib	49323388
13404063 sequences (2484.45 Mbp) processed in 14.348s (56053.2 Kseq/m, 10389.47 Mbp/m).
  13071600 sequences classified (97.52%)
  332463 sequences unclassified (2.48%)
ak2-sample	batch	0	name	0-SRR5935794	mode	parallel	s3client	sdk	rank	11	role	home	inflight	1	threads	16	start_s	101.577275	wall_s	14.730827	setup_s	0.000070	classify_s	14.347875	close_s	0.240654	report_s	0.135243	status	0	sequences	13404063	bases	2484447317	classified	13071600	place	lpt	weight	13404063
ak2-engine	mem	t_s	120.0	rss_kib	78216364	hwm_kib	78945160	heap_inuse	4753252352	sys	6614237336	avail_kib	49115368
11073410 sequences (2024.07 Mbp) processed in 11.850s (56067.0 Kseq/m, 10248.32 Mbp/m).
  10832572 sequences classified (97.83%)
  240838 sequences unclassified (2.17%)
ak2-sample	batch	0	name	0-SRR5935788	mode	parallel	s3client	sdk	rank	11	role	home	inflight	1	threads	16	start_s	116.308129	wall_s	12.336279	setup_s	0.000076	classify_s	11.850183	close_s	0.269579	report_s	0.209768	status	0	sequences	11073410	bases	2024074094	classified	10832572	place	lpt	weight	11073410
ak2-engine	mem	t_s	135.0	rss_kib	78400916	hwm_kib	78945160	heap_inuse	5351301120	sys	6631014552	avail_kib	49180024
9090205 sequences (1661.37 Mbp) processed in 9.638s (56588.3 Kseq/m, 10342.36 Mbp/m).
  7439975 sequences classified (81.85%)
  1650230 sequences unclassified (18.15%)
ak2-sample	batch	0	name	0-SRR5935799	mode	parallel	s3client	sdk	rank	11	role	home	inflight	1	threads	16	start_s	128.644436	wall_s	10.057004	setup_s	0.000071	classify_s	9.638254	close_s	0.218604	report_s	0.177724	status	0	sequences	9090205	bases	1661371324	classified	7439975	place	lpt	weight	9090205
5166420 sequences (956.19 Mbp) processed in 5.390s (57513.9 Kseq/m, 10644.58 Mbp/m).
  4901709 sequences classified (94.88%)
  264711 sequences unclassified (5.12%)
ak2-sample	batch	0	name	0-SRR5935767	mode	parallel	s3client	sdk	rank	11	role	home	inflight	1	threads	16	start_s	138.701469	wall_s	5.762612	setup_s	0.000059	classify_s	5.389740	close_s	0.237949	report_s	0.128295	status	0	sequences	5166420	bases	956191777	classified	4901709	place	lpt	weight	5166420
ak2-timing	batch-barrier-0	144.464099	2.124728	4	0	0.249181	0.033429
ak2-engine	mem	t_s	150.0	rss_kib	78354880	hwm_kib	79029620	heap_inuse	3208568832	sys	6651170984	avail_kib	49058560
ak2-engine	mem	t_s	165.1	rss_kib	78593892	hwm_kib	79029620	heap_inuse	4120150016	sys	6651170984	avail_kib	49091420
18645445 sequences (3449.57 Mbp) processed in 19.396s (57676.9 Kseq/m, 10670.74 Mbp/m).
  18393099 sequences classified (98.65%)
  252346 sequences unclassified (1.35%)
ak2-sample	batch	1	name	1-SRR5935751	mode	parallel	s3client	sdk	rank	11	role	home	inflight	1	threads	16	start_s	146.588855	wall_s	19.805501	setup_s	0.000067	classify_s	19.396442	close_s	0.225115	report_s	0.175263	status	0	sequences	18645445	bases	3449573600	classified	18393099	place	mod	weight	18645445
5166420 sequences (956.19 Mbp) processed in 5.866s (52841.3 Kseq/m, 9779.78 Mbp/m).
  4901709 sequences classified (94.88%)
  264711 sequences unclassified (5.12%)
ak2-sample	batch	1	name	1-SRR5935767	mode	parallel	s3client	sdk	rank	11	role	home	inflight	1	threads	16	start_s	166.394385	wall_s	6.257851	setup_s	0.000066	classify_s	5.866342	close_s	0.239384	report_s	0.145179	status	0	sequences	5166420	bases	956191777	classified	4901709	place	mod	weight	5166420
2565282 sequences (465.56 Mbp) processed in 3.167s (48599.7 Kseq/m, 8820.17 Mbp/m).
  2508539 sequences classified (97.79%)
  56743 sequences unclassified (2.21%)
ak2-sample	batch	1	name	1-SRR5935783	mode	parallel	s3client	sdk	rank	11	role	home	inflight	1	threads	16	start_s	172.652264	wall_s	3.473381	setup_s	0.000070	classify_s	3.167035	close_s	0.180562	report_s	0.121873	status	0	sequences	2565282	bases	465562992	classified	2508539	place	mod	weight	2565282
ak2-engine	mem	t_s	180.1	rss_kib	78199120	hwm_kib	79029620	heap_inuse	3819364352	sys	6651433128	avail_kib	49346068
9090205 sequences (1661.37 Mbp) processed in 9.474s (57566.7 Kseq/m, 10521.17 Mbp/m).
  7439975 sequences classified (81.85%)
  1650230 sequences unclassified (18.15%)
ak2-sample	batch	1	name	1-SRR5935799	mode	parallel	s3client	sdk	rank	11	role	home	inflight	1	threads	16	start_s	176.125672	wall_s	9.897547	setup_s	0.000072	classify_s	9.474448	close_s	0.202000	report_s	0.196197	status	0	sequences	9090205	bases	1661371324	classified	7439975	place	mod	weight	9090205
7153468 sequences (1337.27 Mbp) processed in 8.138s (52743.6 Kseq/m, 9859.88 Mbp/m).
  6947959 sequences classified (97.13%)
  205509 sequences unclassified (2.87%)
ak2-sample	batch	1	name	1-SRR5935815	mode	parallel	s3client	sdk	rank	11	role	home	inflight	1	threads	16	start_s	186.023245	wall_s	8.478632	setup_s	0.000080	classify_s	8.137630	close_s	0.196251	report_s	0.136200	status	0	sequences	7153468	bases	1337267943	classified	6947959	place	mod	weight	7153468
ak2-engine	mem	t_s	195.1	rss_kib	78682760	hwm_kib	79029620	heap_inuse	3319947264	sys	6651564200	avail_kib	48706476
12793053 sequences (2357.69 Mbp) processed in 13.593s (56467.0 Kseq/m, 10406.54 Mbp/m).
  12609886 sequences classified (98.57%)
  183167 sequences unclassified (1.43%)
ak2-sample	batch	1	name	1-SRR5935831	mode	parallel	s3client	sdk	rank	11	role	home	inflight	1	threads	16	start_s	194.501906	wall_s	13.955555	setup_s	0.000072	classify_s	13.593481	close_s	0.228256	report_s	0.127606	status	0	sequences	12793053	bases	2357685670	classified	12609886	place	mod	weight	12793053
ak2-engine	mem	t_s	210.1	rss_kib	78903832	hwm_kib	79093000	heap_inuse	5158748160	sys	6769041592	avail_kib	48556420
ak2-engine	mem	t_s	225.1	rss_kib	78903840	hwm_kib	79093000	heap_inuse	5171707904	sys	6769041592	avail_kib	48849964
ak2-timing	batch-barrier-1	208.457484	28.391382	6	0	13.299005	1.922008
ak2-engine	mem	t_s	240.1	rss_kib	78098580	hwm_kib	79093000	heap_inuse	4470743040	sys	6769041592	avail_kib	49602404
16351397 sequences (3065.56 Mbp) processed in 17.521s (55995.7 Kseq/m, 10498.06 Mbp/m).
  16166849 sequences classified (98.87%)
  184548 sequences unclassified (1.13%)
ak2-sample	batch	2	name	2-SRR5935787	mode	parallel	s3client	sdk	rank	11	role	home	inflight	1	threads	16	start_s	236.848911	wall_s	17.868531	setup_s	0.000088	classify_s	17.520706	close_s	0.211565	report_s	0.128644	status	0	sequences	16351397	bases	3065557655	classified	16166849	place	lpt	weight	16351397
ak2-engine	mem	t_s	255.1	rss_kib	78779444	hwm_kib	79093000	heap_inuse	2639724544	sys	6769303736	avail_kib	48832944
ak2-engine	mem	t_s	270.1	rss_kib	78798260	hwm_kib	79093000	heap_inuse	5758656512	sys	6769303736	avail_kib	48727884
15280552 sequences (2858.11 Mbp) processed in 16.088s (56987.1 Kseq/m, 10659.01 Mbp/m).
  13785544 sequences classified (90.22%)
  1495008 sequences unclassified (9.78%)
ak2-sample	batch	2	name	2-SRR5935810	mode	parallel	s3client	sdk	rank	11	role	home	inflight	1	threads	16	start_s	254.717467	wall_s	16.529049	setup_s	0.000069	classify_s	16.088422	close_s	0.250450	report_s	0.168959	status	0	sequences	15280552	bases	2858109884	classified	13785544	place	lpt	weight	15280552
ak2-engine	mem	t_s	285.1	rss_kib	78922284	hwm_kib	79093000	heap_inuse	5593866240	sys	6874300632	avail_kib	48659924
13404063 sequences (2484.45 Mbp) processed in 14.435s (55714.9 Kseq/m, 10326.78 Mbp/m).
  13071600 sequences classified (97.52%)
  332463 sequences unclassified (2.48%)
ak2-sample	batch	2	name	2-SRR5935794	mode	parallel	s3client	sdk	rank	11	role	home	inflight	1	threads	16	start_s	271.246543	wall_s	15.061718	setup_s	0.000062	classify_s	14.434983	close_s	0.275781	report_s	0.343974	status	0	sequences	13404063	bases	2484447317	classified	13071600	place	lpt	weight	13404063
11073410 sequences (2024.07 Mbp) processed in 11.710s (56738.8 Kseq/m, 10371.11 Mbp/m).
  10832572 sequences classified (97.83%)
  240838 sequences unclassified (2.17%)
ak2-sample	batch	2	name	2-SRR5935788	mode	parallel	s3client	sdk	rank	11	role	home	inflight	1	threads	16	start_s	286.308286	wall_s	12.175364	setup_s	0.000067	classify_s	11.709878	close_s	0.305022	report_s	0.152940	status	0	sequences	11073410	bases	2024074094	classified	10832572	place	lpt	weight	11073410
ak2-engine	mem	t_s	300.1	rss_kib	78096144	hwm_kib	79368056	heap_inuse	4330323968	sys	7022027000	avail_kib	49115416
9090205 sequences (1661.37 Mbp) processed in 9.397s (58043.8 Kseq/m, 10608.38 Mbp/m).
  7439975 sequences classified (81.85%)
  1650230 sequences unclassified (18.15%)
ak2-sample	batch	2	name	2-SRR5935799	mode	parallel	s3client	sdk	rank	11	role	home	inflight	1	threads	16	start_s	298.483678	wall_s	9.882189	setup_s	0.000065	classify_s	9.396564	close_s	0.226777	report_s	0.236135	status	0	sequences	9090205	bases	1661371324	classified	7439975	place	lpt	weight	9090205
5166420 sequences (956.19 Mbp) processed in 5.730s (54101.7 Kseq/m, 10013.05 Mbp/m).
  4901709 sequences classified (94.88%)
  264711 sequences unclassified (5.12%)
ak2-sample	batch	2	name	2-SRR5935767	mode	parallel	s3client	sdk	rank	11	role	home	inflight	1	threads	16	start_s	308.365899	wall_s	6.115335	setup_s	0.000062	classify_s	5.729672	close_s	0.253343	report_s	0.125891	status	0	sequences	5166420	bases	956191777	classified	4901709	place	lpt	weight	5166420
ak2-engine	mem	t_s	315.1	rss_kib	78448308	hwm_kib	79368056	heap_inuse	3434405888	sys	7022027000	avail_kib	49114184
ak2-timing	batch-barrier-2	314.481254	2.077646	0	0	0.111694	0.013150
ak2-timing	barrier	323.162662	0.322329	0	0	0.014037	0.000000
ak2-sample	batch	3	name	3-SRR5935740	mode	striped	s3client	sdk	rank	11	role	peer	inflight	1	threads	16	start_s	317.511704	wall_s	5.973339	setup_s	0.000069	classify_s	5.646846	close_s	0.000000	report_s	0.000000	status	0	sequences	0	bases	0	classified	0	place	-	weight	-
ak2-timing	batch-barrier-3	323.485054	0.488609	0	0	0.005744	0.000000
ak2-engine	mem	t_s	330.1	rss_kib	76342500	hwm_kib	79368056	heap_inuse	3210076160	sys	7022027000	avail_kib	51348252
ak2-timing	barrier	330.399968	0.291920	0	0	0.002816	0.008467
ak2-sample	batch	4	name	4-SRR5935740	mode	striped	s3client	sdk	rank	11	role	peer	inflight	1	threads	16	start_s	324.748207	wall_s	5.943719	setup_s	0.000054	classify_s	5.647611	close_s	0.000000	report_s	0.000000	status	0	sequences	0	bases	0	classified	0	place	-	weight	-
ak2-timing	batch-barrier-4	330.691935	0.484896	0	0	0.005117	0.000495
ak2-timing	barrier	337.618055	0.139649	0	0	0.008196	0.000789
ak2-sample	batch	5	name	5-SRR5935740	mode	striped	s3client	sdk	rank	11	role	peer	inflight	1	threads	16	start_s	331.966446	wall_s	5.791307	setup_s	0.000057	classify_s	5.647533	close_s	0.000000	report_s	0.000000	status	0	sequences	0	bases	0	classified	0	place	-	weight	-
ak2-timing	batch-barrier-5	337.757765	0.593166	0	0	0.005930	0.000000
ak2-engine	mem	t_s	345.1	rss_kib	76482180	hwm_kib	79368056	heap_inuse	3104784384	sys	7022027000	avail_kib	51159080
ak2-timing	batch-barrier-6	338.350949	10.127862	1	0	0.694020	0.115571
ak2-timing	batch-barrier-7	348.478830	10.524718	1	0	0.706537	0.114250
ak2-engine	mem	t_s	360.1	rss_kib	76482188	hwm_kib	79368056	heap_inuse	3109085184	sys	7022027000	avail_kib	51340568
ak2-timing	batch-barrier-8	359.003566	10.172217	1	0	0.729373	0.088676
ak2-engine	shard	0	n	16	lo	204375131085	hi	222954688456	tail	302	full	false	empty_at	18579557371	keys	8467632093	batches	89910	probe_s	240.857166	tail_probes	0	wrap_probes	0
ak2-engine	mem	t_s	369.2	rss_kib	76482188	hwm_kib	79368056	heap_inuse	3109576704	sys	7022027000	avail_kib	51314752
ak2-engine	rendezvous	puts	13	gets	596
ak2-engine	s3	client	sdk	put	31	get	596	create_multipart	18	upload_part	2088	complete_multipart	18	abort_multipart	0	part_bytes	17458072545
ak2-engine	s3	client	cli	put	0	get	0	create_multipart	0	upload_part	0	complete_multipart	0	abort_multipart	0	part_bytes	0
ak2-engine	load	seconds	55.828556	requests	1126	retries	0	bytes	74318296292
ak2-engine	route	transport	nodes	calls	5206	keys	7865017556	batches	83296	route_s	98.386797	wait_s	315.200804	gather_s	18.374649
ak2-engine	worker	scan_s	729.219383	lookup_s	431.966831	classify_s	650.807065
ak2-timing	total	0.000001	369.318194	6883439	0	1611.375874	155.319551
