Loading database information...ak2-timing	opts	0.003229	0.000017	0	0	0.000016	0.000000
ak2-timing	taxo	0.003253	0.097062	87837	0	0.002127	0.097947
ak2-timing	shard-load-0	0.243438	14.657957	24370	0	19.939991	19.433189
ak2-engine	mem	t_s	15.0	rss_kib	36685360	hwm_kib	36685360	heap_inuse	405569536	sys	434174312	avail_kib	58188608
ak2-engine	mem	t_s	30.0	rss_kib	36699524	hwm_kib	36699528	heap_inuse	420478976	sys	447347048	avail_kib	58595448
ak2-engine	mem	t_s	45.0	rss_kib	36710648	hwm_kib	36710652	heap_inuse	431759360	sys	459999608	avail_kib	58746124
ak2-engine	mem	t_s	60.0	rss_kib	36718644	hwm_kib	36718648	heap_inuse	439820288	sys	468748664	avail_kib	58764360
ak2-timing	rendezvous	16.115983	58.183081	12157	0	0.183847	0.038435
ak2-timing	connect	74.299082	0.416716	6960	0	0.245364	0.047896
ak2-timing	hash	0.100402	74.615425	45350	0	20.370687	19.533681
 done.
ak2-engine	mem	t_s	75.0	rss_kib	39892972	hwm_kib	39893000	heap_inuse	3251642368	sys	3742813560	avail_kib	55386784
1539039 sequences (293.66 Mbp) processed in 2.573s (35890.6 Kseq/m, 6848.13 Mbp/m).
  1494119 sequences classified (97.08%)
  44920 sequences unclassified (2.92%)
ak2-sample	batch	0	name	0-SRR5935809	mode	parallel	s3client	sdk	rank	0	role	home	inflight	6	threads	16	start_s	74.715882	wall_s	3.001429	setup_s	0.000062	classify_s	2.572886	close_s	0.244507	report_s	0.180084	status	0	sequences	1539039	bases	293657718	classified	1494119	place	lpt	weight	1539039
10140194 sequences (1929.10 Mbp) processed in 8.230s (73925.0 Kseq/m, 14063.72 Mbp/m).
  10096895 sequences classified (99.57%)
  43299 sequences unclassified (0.43%)
ak2-sample	batch	0	name	0-SRR5935791	mode	parallel	s3client	sdk	rank	0	role	home	inflight	6	threads	16	start_s	74.715908	wall_s	9.167151	setup_s	0.000043	classify_s	8.230123	close_s	0.517949	report_s	0.414809	status	0	sequences	10140194	bases	1929101997	classified	10096895	place	lpt	weight	10140194
20770968 sequences (3886.70 Mbp) processed in 13.122s (94974.3 Kseq/m, 17771.75 Mbp/m).
  20594735 sequences classified (99.15%)
  176233 sequences unclassified (0.85%)
ak2-sample	batch	0	name	0-SRR5935823	mode	parallel	s3client	sdk	rank	0	role	home	inflight	6	threads	16	start_s	74.715900	wall_s	13.534179	setup_s	0.000067	classify_s	13.122050	close_s	0.259011	report_s	0.147510	status	0	sequences	20770968	bases	3886695944	classified	20594735	place	lpt	weight	20770968
ak2-timing	batch-barrier-0	88.250099	0.829912	17498	0	0.341191	0.008344
ak2-engine	mem	t_s	90.0	rss_kib	50631376	hwm_kib	52684176	heap_inuse	13818732544	sys	17187903544	avail_kib	43270048
7326365 sequences (1333.07 Mbp) processed in 9.077s (48430.5 Kseq/m, 8812.16 Mbp/m).
  6965607 sequences classified (95.08%)
  360758 sequences unclassified (4.92%)
ak2-sample	batch	1	name	1-SRR5935836	mode	parallel	s3client	sdk	rank	0	role	home	inflight	6	threads	16	start_s	89.080049	wall_s	9.481428	setup_s	0.000051	classify_s	9.076551	close_s	0.249159	report_s	0.148803	status	0	sequences	7326365	bases	1333066620	classified	6965607	place	mod	weight	7326365
10532910 sequences (1945.09 Mbp) processed in 10.424s (60626.4 Kseq/m, 11195.76 Mbp/m).
  9366399 sequences classified (88.93%)
  1166511 sequences unclassified (11.07%)
ak2-sample	batch	1	name	1-SRR5935740	mode	parallel	s3client	sdk	rank	0	role	home	inflight	6	threads	16	start_s	89.080062	wall_s	10.952809	setup_s	0.000050	classify_s	10.424085	close_s	0.328736	report_s	0.183084	status	0	sequences	10532910	bases	1945093294	classified	9366399	place	mod	weight	10532910
13253368 sequences (2414.15 Mbp) processed in 11.184s (71103.4 Kseq/m, 12951.77 Mbp/m).
  12329188 sequences classified (93.03%)
  924180 sequences unclassified (6.97%)
ak2-sample	batch	1	name	1-SRR5935804	mode	parallel	s3client	sdk	rank	0	role	home	inflight	6	threads	16	start_s	89.080063	wall_s	11.582782	setup_s	0.000062	classify_s	11.183736	close_s	0.229342	report_s	0.157472	status	0	sequences	13253368	bases	2414153428	classified	12329188	place	mod	weight	13253368
15271512 sequences (2845.36 Mbp) processed in 12.736s (71945.0 Kseq/m, 13404.66 Mbp/m).
  14502211 sequences classified (94.96%)
  769301 sequences unclassified (5.04%)
ak2-sample	batch	1	name	1-SRR5935772	mode	parallel	s3client	sdk	rank	0	role	home	inflight	6	threads	16	start_s	89.080055	wall_s	13.199791	setup_s	0.000076	classify_s	12.735987	close_s	0.296026	report_s	0.155686	status	0	sequences	15271512	bases	2845360298	classified	14502211	place	mod	weight	15271512
ak2-timing	batch-barrier-1	102.279864	2.513531	6261	0	0.308276	0.038824
ak2-engine	mem	t_s	105.0	rss_kib	58306352	hwm_kib	61535788	heap_inuse	17595408384	sys	26210685000	avail_kib	34063584
1539039 sequences (293.66 Mbp) processed in 2.879s (32079.6 Kseq/m, 6120.98 Mbp/m).
  1494119 sequences classified (97.08%)
  44920 sequences unclassified (2.92%)
ak2-sample	batch	2	name	2-SRR5935809	mode	parallel	s3client	sdk	rank	0	role	home	inflight	6	threads	16	start_s	104.793447	wall_s	3.379237	setup_s	0.000047	classify_s	2.878536	close_s	0.354510	report_s	0.142068	status	0	sequences	1539039	bases	293657718	classified	1494119	place	lpt	weight	1539039
10140194 sequences (1929.10 Mbp) processed in 8.123s (74904.4 Kseq/m, 14250.05 Mbp/m).
  10096895 sequences classified (99.57%)
  43299 sequences unclassified (0.43%)
ak2-sample	batch	2	name	2-SRR5935791	mode	parallel	s3client	sdk	rank	0	role	home	inflight	6	threads	16	start_s	104.793464	wall_s	8.639308	setup_s	0.000047	classify_s	8.122505	close_s	0.399947	report_s	0.112538	status	0	sequences	10140194	bases	1929101997	classified	10096895	place	lpt	weight	10140194
20770968 sequences (3886.70 Mbp) processed in 12.808s (97304.4 Kseq/m, 18207.76 Mbp/m).
  20594735 sequences classified (99.15%)
  176233 sequences unclassified (0.85%)
ak2-sample	batch	2	name	2-SRR5935823	mode	parallel	s3client	sdk	rank	0	role	home	inflight	6	threads	16	start_s	104.793451	wall_s	13.236395	setup_s	0.000044	classify_s	12.807824	close_s	0.279597	report_s	0.143289	status	0	sequences	20770968	bases	3886695944	classified	20594735	place	lpt	weight	20770968
ak2-timing	batch-barrier-2	118.029863	0.894818	1	0	0.000000	0.008079
ak2-engine	mem	t_s	120.0	rss_kib	43994568	hwm_kib	61535788	heap_inuse	5254774784	sys	26210791496	avail_kib	44184896
ak2-timing	barrier	125.885557	0.010202	0	0	0.001056	0.009199
10532910 sequences (1945.09 Mbp) processed in 5.647s (111921.1 Kseq/m, 20668.27 Mbp/m).
  9366399 sequences classified (88.93%)
  1166511 sequences unclassified (11.07%)
ak2-sample	batch	3	name	3-SRR5935740	mode	striped	s3client	sdk	rank	0	role	emitter	inflight	1	threads	16	start_s	120.236839	wall_s	6.056122	setup_s	0.000111	classify_s	5.646609	close_s	0.239369	report_s	0.157177	status	0	sequences	10532910	bases	1945093294	classified	9366399	place	-	weight	-
ak2-timing	batch-barrier-3	126.292985	0.845440	1	0	0.007815	0.000000
ak2-timing	barrier	133.774734	0.010109	0	0	0.010276	0.000022
10532910 sequences (1945.09 Mbp) processed in 5.747s (109972.0 Kseq/m, 20308.33 Mbp/m).
  9366399 sequences classified (88.93%)
  1166511 sequences unclassified (11.07%)
ak2-sample	batch	4	name	4-SRR5935740	mode	striped	s3client	sdk	rank	0	role	emitter	inflight	1	threads	16	start_s	128.026019	wall_s	6.190427	setup_s	0.000041	classify_s	5.746685	close_s	0.225986	report_s	0.205093	status	0	sequences	10532910	bases	1945093294	classified	9366399	place	-	weight	-
ak2-engine	mem	t_s	135.0	rss_kib	39874276	hwm_kib	61535788	heap_inuse	3287490560	sys	26210791496	avail_kib	52775868
ak2-timing	batch-barrier-4	134.216466	0.834689	2	0	0.008048	0.000000
ak2-timing	barrier	141.676537	0.010572	480	0	0.011604	0.000143
10532910 sequences (1945.09 Mbp) processed in 5.776s (109419.4 Kseq/m, 20206.29 Mbp/m).
  9366399 sequences classified (88.93%)
  1166511 sequences unclassified (11.07%)
ak2-sample	batch	5	name	5-SRR5935740	mode	striped	s3client	sdk	rank	0	role	emitter	inflight	1	threads	16	start_s	135.898522	wall_s	6.237919	setup_s	0.000044	classify_s	5.775707	close_s	0.280649	report_s	0.168158	status	0	sequences	10532910	bases	1945093294	classified	9366399	place	-	weight	-
ak2-timing	batch-barrier-5	142.136470	0.829690	291	0	0.009166	0.000847
10532910 sequences (1945.09 Mbp) processed in 5.763s (109658.0 Kseq/m, 20250.35 Mbp/m).
  9366399 sequences classified (88.93%)
  1166511 sequences unclassified (11.07%)
ak2-sample	batch	6	name	6-SRR5935740	mode	parallel	s3client	sdk	rank	0	role	home	inflight	6	threads	16	start_s	142.966188	wall_s	6.222703	setup_s	0.000050	classify_s	5.763140	close_s	0.284231	report_s	0.160158	status	0	sequences	10532910	bases	1945093294	classified	9366399	place	lpt	weight	10532910
ak2-engine	mem	t_s	150.0	rss_kib	42829816	hwm_kib	61535788	heap_inuse	4454948864	sys	26210791496	avail_kib	52372784
ak2-timing	batch-barrier-6	149.188914	0.857823	2	0	0.000930	0.007463
10532910 sequences (1945.09 Mbp) processed in 5.797s (109023.1 Kseq/m, 20133.10 Mbp/m).
  9366399 sequences classified (88.93%)
  1166511 sequences unclassified (11.07%)
ak2-sample	batch	7	name	7-SRR5935740	mode	parallel	s3client	sdk	rank	0	role	home	inflight	6	threads	16	start_s	150.046766	wall_s	6.252429	setup_s	0.000047	classify_s	5.796704	close_s	0.286885	report_s	0.153113	status	0	sequences	10532910	bases	1945093294	classified	9366399	place	lpt	weight	10532910
ak2-timing	batch-barrier-7	156.299212	0.813000	1	0	0.007929	0.000000
10532910 sequences (1945.09 Mbp) processed in 5.766s (109599.4 Kseq/m, 20239.51 Mbp/m).
  9366399 sequences classified (88.93%)
  1166511 sequences unclassified (11.07%)
ak2-sample	batch	8	name	8-SRR5935740	mode	parallel	s3client	sdk	rank	0	role	home	inflight	6	threads	16	start_s	157.112238	wall_s	6.261283	setup_s	0.000046	classify_s	5.766226	close_s	0.206891	report_s	0.272381	status	0	sequences	10532910	bases	1945093294	classified	9366399	place	lpt	weight	10532910
ak2-timing	batch-barrier-8	163.373542	0.841439	1	0	0.017387	0.000595
ak2-engine	shard	0	n	32	lo	0	hi	9289778685	tail	302	full	false	empty_at	9289778693	keys	4242315285	batches	89910	probe_s	93.156467	tail_probes	0	wrap_probes	0
ak2-engine	mem	t_s	164.2	rss_kib	43420244	hwm_kib	61535788	heap_inuse	4983881728	sys	26210791496	avail_kib	50581224
ak2-engine	rendezvous	puts	13	gets	1234
ak2-engine	s3	client	sdk	put	29	get	1234	create_multipart	16	upload_part	1818	complete_multipart	16	abort_multipart	0	part_bytes	15223241698
ak2-engine	s3	client	cli	put	0	get	0	create_multipart	0	upload_part	0	complete_multipart	0	abort_multipart	0	part_bytes	0
ak2-engine	load	seconds	14.657953	requests	572	retries	0	bytes	37159181548
ak2-engine	route	transport	nodes	calls	3801	keys	5749082094	batches	121632	route_s	53.055288	wait_s	640.959339	gather_s	11.987634
ak2-engine	worker	scan_s	426.692825	lookup_s	706.004493	classify_s	317.973172
ak2-timing	total	0.000001	164.282220	14917502	0	1115.212893	90.588592
