ak2: log tee up
ak2-phase	2026-10-07T01:31:40Z	1791336700	preamble	no
ak2: [2026-10-07T01:31:40Z] inherited $-=hBc (stub, as spawn started it: $-=hBc)
ak2: [2026-10-07T01:31:40Z] after set +e $-=hBc
ak2: [2026-10-07T01:31:40Z] gate=g2 run=20261007-013103-3b7fc1e
ak2: [2026-10-07T01:31:40Z] aws shim installed and self-tested (/tmp/ak2-bin/aws -> /usr/bin/aws)
ak2: [2026-10-07T01:31:40Z] imds region=us-west-2 az=us-west-2b instance=i-02cfccd8d4c0a255d type=r8gd.16xlarge ami=ami-09325776a00699513
ak2: [2026-10-07T01:31:40Z] bucket cookbook-942542972736-us-west-2 region=us-west-2
ak2: [2026-10-07T01:31:41Z] bucket cookbook-942542972736-us-west-2 payer=UNKNOWN
ak2: [2026-10-07T01:31:41Z] WARN: could not read Payer of cookbook-942542972736-us-west-2 from the instance (launch host verified it)
ak2: [2026-10-07T01:31:41Z] bucket kraken2-ncbi-refseq-complete-v205 region=us-west-2
ak2: [2026-10-07T01:31:41Z] bucket kraken2-ncbi-refseq-complete-v205 payer=BucketOwner
ak2: [2026-10-07T01:31:41Z] region assert passed
ak2: [2026-10-07T01:31:41Z] drop_caches_ok=true
ak2: [2026-10-07T01:31:42Z] preamble done; spec body starts
ak2-phase	2026-10-07T01:31:42Z	1791336702	body	no
ak2-phase	2026-10-07T01:31:42Z	1791336702	setup	no
ak2: [2026-10-07T01:32:12Z] perf perf version 6.1.188-233.386.amzn2023.aarch64; events usable: task-clock,context-switches,cpu-migrations,page-faults,major-faults,minor-faults,cycles,instructions,dTLB-loads,dTLB-load-misses,dtlb_walk,stall_backend,syscalls:sys_enter_futex
ak2: [2026-10-07T01:32:12Z] host: 64 CPUs; 518833360 kB; kernel 6.18.51-120.163.amzn2023.aarch64
ak2: [2026-10-07T01:32:12Z] thp enabled=[always [madvise] never] defrag=[always defer defer+madvise [madvise] never] shmem_enabled=[always within_size advise [never] deny force]
ak2: [2026-10-07T01:32:12Z] lscpu: Core(s) per socket: 64;Socket(s): 1;NUMA node(s): 1;
ak2: [2026-10-07T01:32:12Z] numa: available: 1 nodes (0);node 0 size: 506673 MB;
ak2: [2026-10-07T01:32:12Z] disks: nvme1n1   40G Amazon Elastic Block Store       vol022afa514f8fdf150;nvme0n1  1.7T Amazon EC2 NVMe Instance Storage AWS643B8E1D8C34F45BA;nvme2n1  1.7T Amazon EC2 NVMe Instance Storage AWS85B06B9F00D655A58;
log stripe unit (524288 bytes) is too large (maximum is 256KiB)
log stripe unit adjusted to 32KiB
ak2: [2026-10-07T01:32:15Z] storage: instance-store NVMe 2x ( 1.7T Amazon EC2 NVMe Instance Storage) mdadm RAID0 chunk 512K as md0; xfs noatime at /mnt/nvme; read_ahead_kb: md0=2048KiB nvme0n1=128KiB nvme2n1=128KiB; scheduler: md0= nvme0n1=[none]mq-deadlinekyberbfq nvme2n1=[none]mq-deadlinekyberbfq
ak2-phase	2026-10-07T01:32:15Z	1791336735	fetch-reads	no
ak2: [2026-10-07T01:32:16Z] staged s3://cookbook-942542972736-us-west-2/aws-kraken2/data/reads/SRR062634_8000000.SOURCE -> /mnt/nvme/reads/SRR062634_8000000.SOURCE (403 bytes)
ak2: [2026-10-07T01:32:20Z] staged s3://cookbook-942542972736-us-west-2/aws-kraken2/data/reads/SRR062634_8000000_1.fq -> /mnt/nvme/reads/SRR062634_8000000_1.fq (2093755239 bytes)
ak2: [2026-10-07T01:32:26Z] staged s3://cookbook-942542972736-us-west-2/aws-kraken2/data/reads/SRR062634_8000000_2.fq -> /mnt/nvme/reads/SRR062634_8000000_2.fq (2093755239 bytes)
ak2: [2026-10-07T01:32:30Z] staged s3://cookbook-942542972736-us-west-2/aws-kraken2/data/reads/SRR062634_8000000_1.fq.gz -> /mnt/nvme/reads/SRR062634_8000000_1.fq.gz (630707754 bytes)
ak2: [2026-10-07T01:32:32Z] staged s3://cookbook-942542972736-us-west-2/aws-kraken2/data/reads/SRR062634_8000000_2.fq.gz -> /mnt/nvme/reads/SRR062634_8000000_2.fq.gz (626133309 bytes)
ak2: [2026-10-07T01:32:56Z] reads SRR062634_8000000 verified against SOURCE
ak2: [2026-10-07T01:32:56Z] staged s3://cookbook-942542972736-us-west-2/aws-kraken2/data/reads/SRR062634_200000.SOURCE -> /mnt/nvme/reads/SRR062634_200000.SOURCE (400 bytes)
ak2: [2026-10-07T01:32:57Z] staged s3://cookbook-942542972736-us-west-2/aws-kraken2/data/reads/SRR062634_200000_1.fq -> /mnt/nvme/reads/SRR062634_200000_1.fq (51895574 bytes)
ak2: [2026-10-07T01:32:58Z] staged s3://cookbook-942542972736-us-west-2/aws-kraken2/data/reads/SRR062634_200000_2.fq -> /mnt/nvme/reads/SRR062634_200000_2.fq (51895574 bytes)
ak2: [2026-10-07T01:32:59Z] staged s3://cookbook-942542972736-us-west-2/aws-kraken2/data/reads/SRR062634_200000_1.fq.gz -> /mnt/nvme/reads/SRR062634_200000_1.fq.gz (15955195 bytes)
ak2: [2026-10-07T01:33:00Z] staged s3://cookbook-942542972736-us-west-2/aws-kraken2/data/reads/SRR062634_200000_2.fq.gz -> /mnt/nvme/reads/SRR062634_200000_2.fq.gz (15893511 bytes)
ak2: [2026-10-07T01:33:01Z] reads SRR062634_200000 verified against SOURCE
ak2: [2026-10-07T01:33:02Z] staged s3://cookbook-942542972736-us-west-2/aws-kraken2/data/reads/ERR478965_200000.SOURCE -> /mnt/nvme/reads/ERR478965_200000.SOURCE (400 bytes)
ak2: [2026-10-07T01:33:02Z] staged s3://cookbook-942542972736-us-west-2/aws-kraken2/data/reads/ERR478965_200000_1.fq -> /mnt/nvme/reads/ERR478965_200000_1.fq (47238491 bytes)
ak2: [2026-10-07T01:33:03Z] staged s3://cookbook-942542972736-us-west-2/aws-kraken2/data/reads/ERR478965_200000_2.fq -> /mnt/nvme/reads/ERR478965_200000_2.fq (47075003 bytes)
ak2: [2026-10-07T01:33:04Z] staged s3://cookbook-942542972736-us-west-2/aws-kraken2/data/reads/ERR478965_200000_1.fq.gz -> /mnt/nvme/reads/ERR478965_200000_1.fq.gz (13868909 bytes)
ak2: [2026-10-07T01:33:05Z] staged s3://cookbook-942542972736-us-west-2/aws-kraken2/data/reads/ERR478965_200000_2.fq.gz -> /mnt/nvme/reads/ERR478965_200000_2.fq.gz (13801673 bytes)
ak2: [2026-10-07T01:33:06Z] reads ERR478965_200000 verified against SOURCE
ak2: [2026-10-07T01:33:06Z] staged s3://cookbook-942542972736-us-west-2/aws-kraken2/data/reads/ERR598966_200000.SOURCE -> /mnt/nvme/reads/ERR598966_200000.SOURCE (400 bytes)
ak2: [2026-10-07T01:33:07Z] staged s3://cookbook-942542972736-us-west-2/aws-kraken2/data/reads/ERR598966_200000_1.fq -> /mnt/nvme/reads/ERR598966_200000_1.fq (51418954 bytes)
ak2: [2026-10-07T01:33:08Z] staged s3://cookbook-942542972736-us-west-2/aws-kraken2/data/reads/ERR598966_200000_2.fq -> /mnt/nvme/reads/ERR598966_200000_2.fq (51400840 bytes)
ak2: [2026-10-07T01:33:09Z] staged s3://cookbook-942542972736-us-west-2/aws-kraken2/data/reads/ERR598966_200000_1.fq.gz -> /mnt/nvme/reads/ERR598966_200000_1.fq.gz (14413175 bytes)
ak2: [2026-10-07T01:33:10Z] staged s3://cookbook-942542972736-us-west-2/aws-kraken2/data/reads/ERR598966_200000_2.fq.gz -> /mnt/nvme/reads/ERR598966_200000_2.fq.gz (14431235 bytes)
ak2: [2026-10-07T01:33:11Z] reads ERR598966_200000 verified against SOURCE
ak2: [2026-10-07T01:33:11Z] staged s3://cookbook-942542972736-us-west-2/aws-kraken2/data/reads/SRR28305653_200000.SOURCE -> /mnt/nvme/reads/SRR28305653_200000.SOURCE (422 bytes)
ak2: [2026-10-07T01:33:12Z] staged s3://cookbook-942542972736-us-west-2/aws-kraken2/data/reads/SRR28305653_200000_1.fq -> /mnt/nvme/reads/SRR28305653_200000_1.fq (72980506 bytes)
ak2: [2026-10-07T01:33:13Z] staged s3://cookbook-942542972736-us-west-2/aws-kraken2/data/reads/SRR28305653_200000_2.fq -> /mnt/nvme/reads/SRR28305653_200000_2.fq (72980506 bytes)
ak2: [2026-10-07T01:33:14Z] staged s3://cookbook-942542972736-us-west-2/aws-kraken2/data/reads/SRR28305653_200000_1.fq.gz -> /mnt/nvme/reads/SRR28305653_200000_1.fq.gz (9836969 bytes)
ak2: [2026-10-07T01:33:15Z] staged s3://cookbook-942542972736-us-west-2/aws-kraken2/data/reads/SRR28305653_200000_2.fq.gz -> /mnt/nvme/reads/SRR28305653_200000_2.fq.gz (10134869 bytes)
ak2: [2026-10-07T01:33:16Z] reads SRR28305653_200000 verified against SOURCE
ak2: [2026-10-07T01:34:04Z] subset SRR062634_2000000: derived_from SRR062634_8000000 (first 2000000 records per mate, head -n 8000000; gzip -6 -n);sha256 73b7b8af194f9d8e0082b62532f3d140a44e1d5848b2cded1ce54276c497ffd6 SRR062634_2000000_1.fq;sha256 bdd4b2d9a1e984dfa342bd104b92dec71f76171bc7753074d98d1d84a9f91e6b SRR062634_2000000_2.fq;sha256 fbc0808601a9f786ed370ee9d232e4cec29e9659c52d6e48ae945adc343054c7 SRR062634_2000000_1.fq.gz;sha256 877abfa949331c3dd50fd42b8a1504cc664ad8d105f92fa7e36f0220b53de4c2 SRR062634_2000000_2.fq.gz;
ak2: [2026-10-07T01:34:10Z] subset SRR062634_250000: derived_from SRR062634_8000000 (first 250000 records per mate, head -n 1000000; gzip -6 -n);sha256 74f5d102f0b7b07c2c39cad1d2dec1cb1ba17eadfab4afe1245e834b8fd853ba SRR062634_250000_1.fq;sha256 53515ddf6698925ffe55691d01ca9d7e44379f2b78aaf9ee4fb0f9e942c7d095 SRR062634_250000_2.fq;sha256 4944aeb4020b053480addc833c36460320628bb825cd4ee26588a14fe296dd0a SRR062634_250000_1.fq.gz;sha256 a3670a9303824efa026a15232c1591b224a50eec479152d466dba06b11768cba SRR062634_250000_2.fq.gz;
ak2: [2026-10-07T01:34:13Z] gzip -dc rate: /mnt/nvme/reads/SRR062634_2000000_1.fq.gz -> 521103409 bytes in 2.63 s (197.9 MB/s plain out)
ak2-phase	2026-10-07T01:34:13Z	1791336853	fetch-db	no
ak2: [2026-10-07T01:34:13Z] aws: aws-cli/2.36.47 Python/3.9.25 Linux/6.18.51-120.163.amzn2023.aarch64 source/aarch64.amzn.2023; s3 transfer client crt, target_bandwidth 25Gb/s, 64 MB parts
ak2: [2026-10-07T01:34:14Z] staged opts.k2d bytes=56 in 0.4 s (0.000 GB/s)
ak2: [2026-10-07T01:34:14Z] etag opts.k2d: {"ok": true, "file": "/mnt/nvme/db/RefSeqCompleteV205/opts.k2d", "size": 56, "etag": "24fb1753eb45d74643ef13f16562df6b", "computed": "24fb1753eb45d74643ef13f16562df6b", "part_bytes": 56, "parts": 1, "workers": 64, "seconds": 0.0, "read_gb_s": 0.0}
ak2: [2026-10-07T01:34:16Z] staged taxo.k2d bytes=179150665 in 1.8 s (0.097 GB/s)
ak2: [2026-10-07T01:34:16Z] etag taxo.k2d: {"ok": true, "file": "/mnt/nvme/db/RefSeqCompleteV205/taxo.k2d", "size": 179150665, "etag": "9ee988cb814f39881e29623b9c8007cd-22", "computed": "9ee988cb814f39881e29623b9c8007cd-22", "part_bytes": 8388608, "parts": 22, "workers": 64, "seconds": 0.036, "read_gb_s": 5.029}
ak2: [2026-10-07T01:43:38Z] staged hash.k2d bytes=1189091671800 in 561.6 s (2.117 GB/s)
ak2: [2026-10-07T01:46:09Z] etag hash.k2d: {"ok": true, "file": "/mnt/nvme/db/RefSeqCompleteV205/hash.k2d", "size": 1189091671800, "etag": "f80959f9556b50d76b3e744afdd3b22a-8860", "computed": "f80959f9556b50d76b3e744afdd3b22a-8860", "part_bytes": 134217728, "parts": 8860, "workers": 64, "seconds": 150.928, "read_gb_s": 7.879}
ak2: [2026-10-07T01:34:53Z] upstream: pin 2731b35f7abb26ec926517274f3d87e78d42fd76;describe 2.17.2-20-g2731b35;cxx g++ (g++ (GCC) 11.5.0 20240719 (Red Hat 11.5.0-5));version Kraken version 2.17.1;built 2026-10-07T01:34:33Z Linux aarch64;
ak2: [2026-10-07T01:34:53Z] madvrandom (diagnostic): pin 2731b35f7abb26ec926517274f3d87e78d42fd76;variant madvrandom (diagnostic; not the oracle or the baseline);patch upstream/madvrandom.patch;patch_sha256 b71f3a927c5b713a420cd0029c74c7ab7dc593739628623eae3a91ee1053efae;cxx g++ (g++ (GCC) 11.5.0 20240719 (Red Hat 11.5.0-5));version Kraken version 2.17.1;built 2026-10-07T01:34:53Z Linux aarch64;
g2: shell flags hBc
g2: plan=scripts/g2/nvme2.plan db=/mnt/nvme/db/RefSeqCompleteV205 ramdb= reads=/mnt/nvme/reads cold=true (ak2_drop_caches) thp=[always [madvise] never] defrag=[always defer defer+madvise [madvise] never] devs=md0,nvme0n1,nvme2n1
g2: results /home/ec2-user/ak2/repo/results/g2/g2-nvme2-20261007T014609Z
g2: plan line 10: read_ahead_kb now: md0=4 nvme0n1=4 nvme2n1=4 
ak2: [2026-10-07T01:46:14Z] drop_caches done; next phase is cold
ak2-phase	2026-10-07T01:46:14Z	1791337574	g2-1-mmap-SRR062634_250000-gz-cold-t8-r1	yes
g2: L11-run-mmap-SRR062634_250000-gz-cold-t8-r1 {"exit":0,"timed_out":false,"wall_s":124.85539,"load_s":0.221479,"classify_s":121.964,"offcpu_frac":0.7314,"ipc":1.85,"aqu":5.456,"majflt":9657979}
g2: plan line 12: read_ahead_kb now: md0=128 nvme0n1=128 nvme2n1=128 
ak2: [2026-10-07T01:48:27Z] drop_caches done; next phase is cold
ak2-phase	2026-10-07T01:48:27Z	1791337707	g2-2-mmap-SRR062634_250000-gz-cold-t8-r1	yes
g2: L13-run-mmap-SRR062634_250000-gz-cold-t8-r1 {"exit":0,"timed_out":false,"wall_s":230.827129,"load_s":0.241366,"classify_s":222.64,"offcpu_frac":0.8382,"ipc":2.3469,"aqu":7.767,"majflt":6584736}
g2: plan line 14: read_ahead_kb now: md0=4 nvme0n1=4 nvme2n1=4 
ak2: [2026-10-07T01:53:05Z] drop_caches done; next phase is cold
ak2-phase	2026-10-07T01:53:05Z	1791337985	g2-3-mmap-SRR062634_2000000-gz-cold-t64-r1	yes
g2: L15-run-mmap-SRR062634_2000000-gz-cold-t64-r1 {"exit":0,"timed_out":false,"wall_s":134.926454,"load_s":0.242144,"classify_s":120.42,"offcpu_frac":0.7469,"ipc":1.6061,"aqu":43.36,"majflt":63614941}
ak2: [2026-10-07T01:56:01Z] drop_caches done; next phase is cold
ak2-phase	2026-10-07T01:56:01Z	1791338161	g2-4-mmap-SRR062634_2000000-gz-cold-t16-r1	yes
g2: L15-run-mmap-SRR062634_2000000-gz-cold-t16-r1 {"exit":0,"timed_out":false,"wall_s":421.395799,"load_s":0.273329,"classify_s":406.984,"offcpu_frac":0.7214,"ipc":1.6953,"aqu":10.983,"majflt":63614964}
ak2-phase	2026-10-07T02:03:03Z	1791338583	g2-5-mmap-SRR062634_2000000-gz-warm-t64-r1	no
g2: L16-run-mmap-SRR062634_2000000-gz-warm-t64-r1 {"exit":0,"timed_out":false,"wall_s":36.107184,"load_s":0.023369,"classify_s":5.741,"offcpu_frac":0.7825,"ipc":1.154,"aqu":0.0,"majflt":0}
ak2-phase	2026-10-07T02:03:40Z	1791338620	g2-6-mmap-SRR062634_2000000-gz-warm-t8-r1	no
g2: L16-run-mmap-SRR062634_2000000-gz-warm-t8-r1 {"exit":0,"timed_out":false,"wall_s":22.862199,"load_s":0.018812,"classify_s":8.923,"offcpu_frac":0.139,"ipc":1.4958,"aqu":0.0,"majflt":0}
ak2-phase	2026-10-07T02:04:03Z	1791338643	g2-7-mmap-SRR062634_2000000-fq-warm-t64-r1	no
g2: L17-run-mmap-SRR062634_2000000-fq-warm-t64-r1 {"exit":0,"timed_out":false,"wall_s":15.331236,"load_s":0.017449,"classify_s":2.786,"offcpu_frac":0.3049,"ipc":0.6682,"aqu":0.739,"majflt":0}
ak2-phase	2026-10-07T02:04:19Z	1791338659	g2-8-mmap-SRR062634_2000000-fq-warm-t8-r1	no
g2: L17-run-mmap-SRR062634_2000000-fq-warm-t8-r1 {"exit":0,"timed_out":false,"wall_s":19.641219,"load_s":0.017602,"classify_s":7.104,"offcpu_frac":0.0191,"ipc":1.4576,"aqu":0.0,"majflt":0}
ak2: [2026-10-07T02:05:13Z] drop_caches done; next phase is cold
ak2-phase	2026-10-07T02:05:13Z	1791338713	g2-9-mmap-SRR062634_200000-gz-cold-t64-r1	yes
g2: L18-run-mmap-SRR062634_200000-gz-cold-t64-r1 {"exit":0,"timed_out":false,"wall_s":126.55151,"load_s":0.259038,"classify_s":123.757,"offcpu_frac":0.9727,"ipc":1.8548,"aqu":4.329,"majflt":7788824}
ak2: [2026-10-07T02:07:27Z] drop_caches done; next phase is cold
ak2-phase	2026-10-07T02:07:27Z	1791338847	g2-10-mmap-ERR478965_200000-gz-cold-t64-r1	yes
g2: L19-run-mmap-ERR478965_200000-gz-cold-t64-r1 {"exit":0,"timed_out":false,"wall_s":116.117659,"load_s":0.224758,"classify_s":113.59,"offcpu_frac":0.9753,"ipc":1.8165,"aqu":3.998,"majflt":6606371}
ak2: [2026-10-07T02:09:30Z] drop_caches done; next phase is cold
ak2-phase	2026-10-07T02:09:30Z	1791338970	g2-11-mmap-ERR598966_200000-gz-cold-t64-r1	yes
g2: L20-run-mmap-ERR598966_200000-gz-cold-t64-r1 {"exit":0,"timed_out":false,"wall_s":131.167062,"load_s":0.222883,"classify_s":128.226,"offcpu_frac":0.9727,"ipc":1.7502,"aqu":4.317,"majflt":8080592}
ak2: [2026-10-07T02:11:48Z] drop_caches done; next phase is cold
ak2-phase	2026-10-07T02:11:48Z	1791339108	g2-12-mmap-SRR28305653_200000-gz-cold-t64-r1	yes
g2: L21-run-mmap-SRR28305653_200000-gz-cold-t64-r1 {"exit":0,"timed_out":false,"wall_s":96.291056,"load_s":0.251318,"classify_s":93.506,"offcpu_frac":0.9617,"ipc":1.8562,"aqu":6.177,"majflt":8345415}
ak2-phase	2026-10-07T02:13:25Z	1791339205	g2-13-mmap-SRR062634_200000-gz-warm-t64-r1	no
g2: L22-run-mmap-SRR062634_200000-gz-warm-t64-r1 {"exit":0,"timed_out":false,"wall_s":119.250042,"load_s":0.01904,"classify_s":116.223,"offcpu_frac":0.9729,"ipc":1.7609,"aqu":4.306,"majflt":7311354}
ak2-phase	2026-10-07T02:15:25Z	1791339325	g2-14-mmap-ERR478965_200000-gz-warm-t64-r1	no
g2: L23-run-mmap-ERR478965_200000-gz-warm-t64-r1 {"exit":0,"timed_out":false,"wall_s":111.538585,"load_s":0.01912,"classify_s":108.343,"offcpu_frac":0.9746,"ipc":1.7364,"aqu":3.971,"majflt":6246592}
ak2-phase	2026-10-07T02:17:17Z	1791339437	g2-15-mmap-ERR598966_200000-gz-warm-t64-r1	no
g2: L24-run-mmap-ERR598966_200000-gz-warm-t64-r1 {"exit":0,"timed_out":false,"wall_s":122.661371,"load_s":0.018776,"classify_s":118.503,"offcpu_frac":0.9727,"ipc":1.6531,"aqu":4.339,"majflt":7464234}
ak2-phase	2026-10-07T02:19:20Z	1791339560	g2-16-mmap-SRR28305653_200000-gz-warm-t64-r1	no
g2: L25-run-mmap-SRR28305653_200000-gz-warm-t64-r1 {"exit":0,"timed_out":false,"wall_s":7.941685,"load_s":0.018696,"classify_s":2.08,"offcpu_frac":0.8843,"ipc":1.2274,"aqu":0.0,"majflt":0}
ak2: [2026-10-07T02:19:48Z] drop_caches done; next phase is cold
ak2-phase	2026-10-07T02:19:48Z	1791339588	g2-17-mmap-SRR062634_2000000-gz-cold-t64-r1	yes
g2: L26-profile-mmap-SRR062634_2000000-gz-cold-t64-r1 profile written (150 lines)
ak2-phase	2026-10-07T02:22:04Z	1791339724	g2-18-mmap-SRR062634_2000000-fq-warm-t64-r1	no
g2: L27-profile-mmap-SRR062634_2000000-fq-warm-t64-r1 profile written (150 lines)
ak2-phase	2026-10-07T02:22:40Z	1791339760	g2-19-mmap-SRR062634_2000000-fq-warm-t8-r1	no
g2: L28-profile-mmap-SRR062634_2000000-fq-warm-t8-r1 profile written (150 lines)
g2: plan line 29: read_ahead_kb now: md0=2048 nvme0n1=128 nvme2n1=128 
ak2: [2026-10-07T02:23:37Z] drop_caches done; next phase is cold
ak2-phase	2026-10-07T02:23:37Z	1791339817	g2-20-madv-SRR062634_2000000-gz-cold-t64-r1	yes
g2: L30-run-madv-SRR062634_2000000-gz-cold-t64-r1 {"exit":0,"timed_out":false,"wall_s":133.492066,"load_s":0.257906,"classify_s":119.922,"offcpu_frac":0.7488,"ipc":1.6261,"aqu":43.415,"majflt":63614963}
ak2: [2026-10-07T02:26:31Z] drop_caches done; next phase is cold
ak2-phase	2026-10-07T02:26:31Z	1791339991	g2-21-madv-SRR062634_2000000-gz-cold-t48-r1	yes
g2: L30-run-madv-SRR062634_2000000-gz-cold-t48-r1 {"exit":0,"timed_out":false,"wall_s":217.501916,"load_s":0.197519,"classify_s":204.212,"offcpu_frac":0.8103,"ipc":1.6738,"aqu":23.795,"majflt":63614968}
ak2: [2026-10-07T02:30:50Z] drop_caches done; next phase is cold
ak2-phase	2026-10-07T02:30:50Z	1791340250	g2-22-madv-SRR062634_2000000-gz-cold-t32-r1	yes
g2: L30-run-madv-SRR062634_2000000-gz-cold-t32-r1 {"exit":0,"timed_out":false,"wall_s":227.227166,"load_s":0.214871,"classify_s":213.861,"offcpu_frac":0.7292,"ipc":1.6916,"aqu":21.865,"majflt":63614963}
ak2: [2026-10-07T02:35:18Z] drop_caches done; next phase is cold
ak2-phase	2026-10-07T02:35:18Z	1791340518	g2-23-madv-SRR062634_2000000-gz-cold-t24-r1	yes
g2: L30-run-madv-SRR062634_2000000-gz-cold-t24-r1 {"exit":0,"timed_out":false,"wall_s":317.492256,"load_s":0.187284,"classify_s":304.349,"offcpu_frac":0.7515,"ipc":1.724,"aqu":14.936,"majflt":63614967}
ak2: [2026-10-07T02:41:16Z] drop_caches done; next phase is cold
ak2-phase	2026-10-07T02:41:16Z	1791340876	g2-24-madv-SRR062634_2000000-gz-cold-t16-r1	yes
g2: L30-run-madv-SRR062634_2000000-gz-cold-t16-r1 {"exit":0,"timed_out":false,"wall_s":418.708289,"load_s":0.225048,"classify_s":405.443,"offcpu_frac":0.7241,"ipc":1.7311,"aqu":11.004,"majflt":63614971}
ak2: [2026-10-07T02:48:55Z] drop_caches done; next phase is cold
ak2-phase	2026-10-07T02:48:55Z	1791341335	g2-25-madv-SRR062634_2000000-gz-cold-t12-r1	yes
g2: L30-run-madv-SRR062634_2000000-gz-cold-t12-r1 {"exit":0,"timed_out":false,"wall_s":591.345676,"load_s":0.30259,"classify_s":577.906,"offcpu_frac":0.7427,"ipc":1.7472,"aqu":7.651,"majflt":63614964}
ak2: [2026-10-07T02:59:27Z] drop_caches done; next phase is cold
ak2-phase	2026-10-07T02:59:27Z	1791341967	g2-26-madv-SRR062634_2000000-gz-cold-t8-r1	yes
g2: L30-run-madv-SRR062634_2000000-gz-cold-t8-r1 {"exit":0,"timed_out":false,"wall_s":805.963392,"load_s":0.210404,"classify_s":792.824,"offcpu_frac":0.7198,"ipc":1.7284,"aqu":5.533,"majflt":63614963}
ak2: [2026-10-07T03:13:34Z] drop_caches done; next phase is cold
ak2-phase	2026-10-07T03:13:34Z	1791342814	g2-27-madv-SRR062634_250000-gz-cold-t8-r1	yes
g2: L31-run-madv-SRR062634_250000-gz-cold-t8-r1 {"exit":0,"timed_out":false,"wall_s":125.062439,"load_s":0.280268,"classify_s":122.129,"offcpu_frac":0.7331,"ipc":1.8592,"aqu":5.454,"majflt":9657979}
ak2: [2026-10-07T03:15:48Z] drop_caches done; next phase is cold
ak2-phase	2026-10-07T03:15:48Z	1791342948	g2-28-madv-SRR062634_250000-gz-cold-t4-r1	yes
g2: L31-run-madv-SRR062634_250000-gz-cold-t4-r1 {"exit":0,"timed_out":false,"wall_s":240.236189,"load_s":0.213615,"classify_s":237.41,"offcpu_frac":0.7263,"ipc":1.8374,"aqu":2.787,"majflt":9657977}
ak2: [2026-10-07T03:19:56Z] drop_caches done; next phase is cold
ak2-phase	2026-10-07T03:19:56Z	1791343196	g2-29-madv-SRR062634_250000-gz-cold-t2-r1	yes
g2: L31-run-madv-SRR062634_250000-gz-cold-t2-r1 {"exit":0,"timed_out":false,"wall_s":473.668781,"load_s":0.206697,"classify_s":470.843,"offcpu_frac":0.7263,"ipc":1.8951,"aqu":1.399,"majflt":9657979}
ak2: [2026-10-07T03:27:59Z] drop_caches done; next phase is cold
ak2-phase	2026-10-07T03:27:59Z	1791343679	g2-30-madv-SRR062634_250000-gz-cold-t1-r1	yes
g2: L31-run-madv-SRR062634_250000-gz-cold-t1-r1 {"exit":0,"timed_out":false,"wall_s":911.591283,"load_s":0.29905,"classify_s":908.682,"offcpu_frac":0.7212,"ipc":1.9739,"aqu":0.726,"majflt":9657979}
ak2: [2026-10-07T03:43:19Z] drop_caches done; next phase is cold
ak2-phase	2026-10-07T03:43:19Z	1791344599	g2-31-mmap-SRR062634_200000-gz-cold-t64-r1	yes
g2: L32-run-mmap-SRR062634_200000-gz-cold-t64-r1 {"exit":0,"timed_out":false,"wall_s":1395.975199,"load_s":0.21084,"classify_s":1394.002,"offcpu_frac":0.9341,"ipc":1.0091,"aqu":23.347,"majflt":4626842}
g2: plan line 33: read_ahead_kb now: md0=128 nvme0n1=128 nvme2n1=128 
ak2: [2026-10-07T04:07:30Z] drop_caches done; next phase is cold
ak2-phase	2026-10-07T04:07:30Z	1791346050	g2-32-mmap-SRR062634_2000000-gz-cold-t64-r1	yes
g2: L34-run-mmap-SRR062634_2000000-gz-cold-t64-r1 {"exit":0,"timed_out":false,"wall_s":926.807037,"load_s":0.253887,"classify_s":913.55,"offcpu_frac":0.3455,"ipc":0.6623,"aqu":30.354,"majflt":43388463}
g2: 32 rungs, 0 skipped, 0 failures; /home/ec2-user/ak2/repo/results/g2/g2-nvme2-20261007T014609Z
ak2: [2026-10-07T04:23:01Z] g2 nvme2 rc=0
ak2-phase	2026-10-07T04:23:01Z	1791346981	push	no
ak2: [2026-10-07T04:23:01Z] spec body exit rc=0
ak2-phase	2026-10-07T04:23:01Z	1791346981	end	no
