spawn: shell options for --command: $-=ehB
spawn: errexit is ON. set -uo pipefail does NOT clear it; use set +e to opt out.
spawn: [2026-10-07T01:31:12Z] wrapper start
spawn: [2026-10-07T01:31:12Z] stage-in start
spawn: [2026-10-07T01:31:12Z] stage-in done rc=0
spawn: [2026-10-07T01:31:12Z] command start
ak2-stub: inherited $-=hBc
ak2-stub: imds region=us-west-2 expected=us-west-2 payload bucket cookbook-942542972736-us-west-2 region=us-west-2
ak2-stub: payload verified (sha256 e881322466a778b151fcf9a54d27dcd1207752bdd5d92579f32786dba9305219); exec
ak2: log tee up
ak2-phase	2026-10-07T01:31:13Z	1791336673	preamble	no
ak2: [2026-10-07T01:31:13Z] inherited $-=hBc (stub, as spawn started it: $-=hBc)
ak2: [2026-10-07T01:31:13Z] after set +e $-=hBc
ak2: [2026-10-07T01:31:13Z] gate=g2 run=20261007-013023-3b7fc1e
ak2: [2026-10-07T01:31:13Z] aws shim installed and self-tested (/tmp/ak2-bin/aws -> /usr/bin/aws)
ak2: [2026-10-07T01:31:13Z] imds region=us-west-2 az=us-west-2a instance=i-00cf89855d9941618 type=c8gd.8xlarge ami=ami-09325776a00699513
ak2: [2026-10-07T01:31:13Z] bucket cookbook-942542972736-us-west-2 region=us-west-2
ak2: [2026-10-07T01:31:13Z] bucket cookbook-942542972736-us-west-2 payer=UNKNOWN
ak2: [2026-10-07T01:31:13Z] WARN: could not read Payer of cookbook-942542972736-us-west-2 from the instance (launch host verified it)
ak2: [2026-10-07T01:31:13Z] bucket kraken2-ncbi-refseq-complete-v205 region=us-west-2
ak2: [2026-10-07T01:31:14Z] bucket kraken2-ncbi-refseq-complete-v205 payer=BucketOwner
ak2: [2026-10-07T01:31:14Z] region assert passed
ak2: [2026-10-07T01:31:14Z] drop_caches_ok=true
ak2: [2026-10-07T01:31:14Z] preamble done; spec body starts
ak2-phase	2026-10-07T01:31:14Z	1791336674	body	no
ak2-phase	2026-10-07T01:31:14Z	1791336674	setup	no
ak2: [2026-10-07T01:31:44Z] perf perf version 6.1.188-233.386.amzn2023.aarch64; events usable: task-clock,context-switches,cpu-migrations,page-faults,major-faults,minor-faults,cycles,instructions,dTLB-loads,dTLB-load-misses,dtlb_walk,stall_backend,syscalls:sys_enter_futex
ak2: [2026-10-07T01:31:44Z] host: 32 CPUs; 64644672 kB; kernel 6.18.51-120.163.amzn2023.aarch64
ak2: [2026-10-07T01:31:44Z] thp enabled=[always [madvise] never] defrag=[always defer defer+madvise [madvise] never] shmem_enabled=[always within_size advise [never] deny force]
ak2: [2026-10-07T01:31:44Z] lscpu: Core(s) per socket: 32;Socket(s): 1;NUMA node(s): 1;
ak2: [2026-10-07T01:31:44Z] numa: available: 1 nodes (0);node 0 size: 63129 MB;
ak2: [2026-10-07T01:31:44Z] disks: nvme1n1   40G Amazon Elastic Block Store       vol0ab9820be33cb5d35;nvme0n1  1.7T Amazon EC2 NVMe Instance Storage AWS1AB910E6B8D3820E9;
ak2: [2026-10-07T01:31:47Z] storage: instance-store NVMe 1x ( 1.7T Amazon EC2 NVMe Instance Storage)  xfs noatime at /mnt/nvme; read_ahead_kb: nvme0n1=128KiB; scheduler: nvme0n1=[none]mq-deadlinekyberbfq
ak2-phase	2026-10-07T01:31:47Z	1791336707	fetch-reads	no
ak2: [2026-10-07T01:31:47Z] staged s3://cookbook-942542972736-us-west-2/aws-kraken2/data/reads/SRR062634_8000000.SOURCE -> /mnt/nvme/reads/SRR062634_8000000.SOURCE (403 bytes)
ak2: [2026-10-07T01:31:53Z] staged s3://cookbook-942542972736-us-west-2/aws-kraken2/data/reads/SRR062634_8000000_1.fq -> /mnt/nvme/reads/SRR062634_8000000_1.fq (2093755239 bytes)
ak2: [2026-10-07T01:32:00Z] staged s3://cookbook-942542972736-us-west-2/aws-kraken2/data/reads/SRR062634_8000000_2.fq -> /mnt/nvme/reads/SRR062634_8000000_2.fq (2093755239 bytes)
ak2: [2026-10-07T01:32:04Z] staged s3://cookbook-942542972736-us-west-2/aws-kraken2/data/reads/SRR062634_8000000_1.fq.gz -> /mnt/nvme/reads/SRR062634_8000000_1.fq.gz (630707754 bytes)
ak2: [2026-10-07T01:32:07Z] staged s3://cookbook-942542972736-us-west-2/aws-kraken2/data/reads/SRR062634_8000000_2.fq.gz -> /mnt/nvme/reads/SRR062634_8000000_2.fq.gz (626133309 bytes)
ak2: [2026-10-07T01:32:31Z] reads SRR062634_8000000 verified against SOURCE
ak2: [2026-10-07T01:32:31Z] staged s3://cookbook-942542972736-us-west-2/aws-kraken2/data/reads/SRR062634_200000.SOURCE -> /mnt/nvme/reads/SRR062634_200000.SOURCE (400 bytes)
ak2: [2026-10-07T01:32:32Z] staged s3://cookbook-942542972736-us-west-2/aws-kraken2/data/reads/SRR062634_200000_1.fq -> /mnt/nvme/reads/SRR062634_200000_1.fq (51895574 bytes)
ak2: [2026-10-07T01:32:34Z] staged s3://cookbook-942542972736-us-west-2/aws-kraken2/data/reads/SRR062634_200000_2.fq -> /mnt/nvme/reads/SRR062634_200000_2.fq (51895574 bytes)
ak2: [2026-10-07T01:32:34Z] staged s3://cookbook-942542972736-us-west-2/aws-kraken2/data/reads/SRR062634_200000_1.fq.gz -> /mnt/nvme/reads/SRR062634_200000_1.fq.gz (15955195 bytes)
ak2: [2026-10-07T01:32:36Z] staged s3://cookbook-942542972736-us-west-2/aws-kraken2/data/reads/SRR062634_200000_2.fq.gz -> /mnt/nvme/reads/SRR062634_200000_2.fq.gz (15893511 bytes)
ak2: [2026-10-07T01:32:37Z] reads SRR062634_200000 verified against SOURCE
ak2: [2026-10-07T01:32:37Z] staged s3://cookbook-942542972736-us-west-2/aws-kraken2/data/reads/ERR478965_200000.SOURCE -> /mnt/nvme/reads/ERR478965_200000.SOURCE (400 bytes)
ak2: [2026-10-07T01:32:38Z] staged s3://cookbook-942542972736-us-west-2/aws-kraken2/data/reads/ERR478965_200000_1.fq -> /mnt/nvme/reads/ERR478965_200000_1.fq (47238491 bytes)
ak2: [2026-10-07T01:32:40Z] staged s3://cookbook-942542972736-us-west-2/aws-kraken2/data/reads/ERR478965_200000_2.fq -> /mnt/nvme/reads/ERR478965_200000_2.fq (47075003 bytes)
ak2: [2026-10-07T01:32:40Z] staged s3://cookbook-942542972736-us-west-2/aws-kraken2/data/reads/ERR478965_200000_1.fq.gz -> /mnt/nvme/reads/ERR478965_200000_1.fq.gz (13868909 bytes)
ak2: [2026-10-07T01:32:41Z] staged s3://cookbook-942542972736-us-west-2/aws-kraken2/data/reads/ERR478965_200000_2.fq.gz -> /mnt/nvme/reads/ERR478965_200000_2.fq.gz (13801673 bytes)
ak2: [2026-10-07T01:32:42Z] reads ERR478965_200000 verified against SOURCE
ak2: [2026-10-07T01:32:43Z] staged s3://cookbook-942542972736-us-west-2/aws-kraken2/data/reads/ERR598966_200000.SOURCE -> /mnt/nvme/reads/ERR598966_200000.SOURCE (400 bytes)
ak2: [2026-10-07T01:32:44Z] staged s3://cookbook-942542972736-us-west-2/aws-kraken2/data/reads/ERR598966_200000_1.fq -> /mnt/nvme/reads/ERR598966_200000_1.fq (51418954 bytes)
ak2: [2026-10-07T01:32:45Z] staged s3://cookbook-942542972736-us-west-2/aws-kraken2/data/reads/ERR598966_200000_2.fq -> /mnt/nvme/reads/ERR598966_200000_2.fq (51400840 bytes)
ak2: [2026-10-07T01:32:46Z] staged s3://cookbook-942542972736-us-west-2/aws-kraken2/data/reads/ERR598966_200000_1.fq.gz -> /mnt/nvme/reads/ERR598966_200000_1.fq.gz (14413175 bytes)
ak2: [2026-10-07T01:32:47Z] staged s3://cookbook-942542972736-us-west-2/aws-kraken2/data/reads/ERR598966_200000_2.fq.gz -> /mnt/nvme/reads/ERR598966_200000_2.fq.gz (14431235 bytes)
ak2: [2026-10-07T01:32:47Z] reads ERR598966_200000 verified against SOURCE
ak2: [2026-10-07T01:32:48Z] staged s3://cookbook-942542972736-us-west-2/aws-kraken2/data/reads/SRR28305653_200000.SOURCE -> /mnt/nvme/reads/SRR28305653_200000.SOURCE (422 bytes)
ak2: [2026-10-07T01:32:49Z] staged s3://cookbook-942542972736-us-west-2/aws-kraken2/data/reads/SRR28305653_200000_1.fq -> /mnt/nvme/reads/SRR28305653_200000_1.fq (72980506 bytes)
ak2: [2026-10-07T01:32:50Z] staged s3://cookbook-942542972736-us-west-2/aws-kraken2/data/reads/SRR28305653_200000_2.fq -> /mnt/nvme/reads/SRR28305653_200000_2.fq (72980506 bytes)
ak2: [2026-10-07T01:32:51Z] staged s3://cookbook-942542972736-us-west-2/aws-kraken2/data/reads/SRR28305653_200000_1.fq.gz -> /mnt/nvme/reads/SRR28305653_200000_1.fq.gz (9836969 bytes)
ak2: [2026-10-07T01:32:52Z] staged s3://cookbook-942542972736-us-west-2/aws-kraken2/data/reads/SRR28305653_200000_2.fq.gz -> /mnt/nvme/reads/SRR28305653_200000_2.fq.gz (10134869 bytes)
ak2: [2026-10-07T01:32:53Z] reads SRR28305653_200000 verified against SOURCE
ak2: [2026-10-07T01:33:41Z] subset SRR062634_2000000: derived_from SRR062634_8000000 (first 2000000 records per mate, head -n 8000000; gzip -6 -n);sha256 73b7b8af194f9d8e0082b62532f3d140a44e1d5848b2cded1ce54276c497ffd6 SRR062634_2000000_1.fq;sha256 bdd4b2d9a1e984dfa342bd104b92dec71f76171bc7753074d98d1d84a9f91e6b SRR062634_2000000_2.fq;sha256 fbc0808601a9f786ed370ee9d232e4cec29e9659c52d6e48ae945adc343054c7 SRR062634_2000000_1.fq.gz;sha256 877abfa949331c3dd50fd42b8a1504cc664ad8d105f92fa7e36f0220b53de4c2 SRR062634_2000000_2.fq.gz;
ak2: [2026-10-07T01:33:47Z] subset SRR062634_250000: derived_from SRR062634_8000000 (first 250000 records per mate, head -n 1000000; gzip -6 -n);sha256 74f5d102f0b7b07c2c39cad1d2dec1cb1ba17eadfab4afe1245e834b8fd853ba SRR062634_250000_1.fq;sha256 53515ddf6698925ffe55691d01ca9d7e44379f2b78aaf9ee4fb0f9e942c7d095 SRR062634_250000_2.fq;sha256 4944aeb4020b053480addc833c36460320628bb825cd4ee26588a14fe296dd0a SRR062634_250000_1.fq.gz;sha256 a3670a9303824efa026a15232c1591b224a50eec479152d466dba06b11768cba SRR062634_250000_2.fq.gz;
ak2: [2026-10-07T01:33:49Z] gzip -dc rate: /mnt/nvme/reads/SRR062634_2000000_1.fq.gz -> 521103409 bytes in 2.64 s (197.6 MB/s plain out)
ak2-phase	2026-10-07T01:33:49Z	1791336829	fetch-db	no
ak2: [2026-10-07T01:33:50Z] aws: aws-cli/2.36.47 Python/3.9.25 Linux/6.18.51-120.163.amzn2023.aarch64 source/aarch64.amzn.2023; s3 transfer client crt, target_bandwidth 15Gb/s, 64 MB parts
ak2: [2026-10-07T01:33:50Z] staged opts.k2d bytes=56 in 0.4 s (0.000 GB/s)
ak2: [2026-10-07T01:33:50Z] etag opts.k2d: {"ok": true, "file": "/mnt/nvme/db/RefSeqCompleteV205/opts.k2d", "size": 56, "etag": "24fb1753eb45d74643ef13f16562df6b", "computed": "24fb1753eb45d74643ef13f16562df6b", "part_bytes": 56, "parts": 1, "workers": 64, "seconds": 0.0, "read_gb_s": 0.0}
ak2: [2026-10-07T01:33:52Z] staged taxo.k2d bytes=179150665 in 1.1 s (0.156 GB/s)
ak2: [2026-10-07T01:33:52Z] etag taxo.k2d: {"ok": true, "file": "/mnt/nvme/db/RefSeqCompleteV205/taxo.k2d", "size": 179150665, "etag": "9ee988cb814f39881e29623b9c8007cd-22", "computed": "9ee988cb814f39881e29623b9c8007cd-22", "part_bytes": 8388608, "parts": 22, "workers": 64, "seconds": 0.03, "read_gb_s": 6.004}
ak2: [2026-10-07T01:52:02Z] staged hash.k2d bytes=1189091671800 in 1089.3 s (1.092 GB/s)
ak2: [2026-10-07T01:57:09Z] etag hash.k2d: {"ok": true, "file": "/mnt/nvme/db/RefSeqCompleteV205/hash.k2d", "size": 1189091671800, "etag": "f80959f9556b50d76b3e744afdd3b22a-8860", "computed": "f80959f9556b50d76b3e744afdd3b22a-8860", "part_bytes": 134217728, "parts": 8860, "workers": 64, "seconds": 307.015, "read_gb_s": 3.873}
ak2: [2026-10-07T01:34:30Z] upstream: pin 2731b35f7abb26ec926517274f3d87e78d42fd76;describe 2.17.2-20-g2731b35;cxx g++ (g++ (GCC) 11.5.0 20240719 (Red Hat 11.5.0-5));version Kraken version 2.17.1;built 2026-10-07T01:34:10Z Linux aarch64;
ak2: [2026-10-07T01:34:30Z] madvrandom (diagnostic): pin 2731b35f7abb26ec926517274f3d87e78d42fd76;variant madvrandom (diagnostic; not the oracle or the baseline);patch upstream/madvrandom.patch;patch_sha256 b71f3a927c5b713a420cd0029c74c7ab7dc593739628623eae3a91ee1053efae;cxx g++ (g++ (GCC) 11.5.0 20240719 (Red Hat 11.5.0-5));version Kraken version 2.17.1;built 2026-10-07T01:34:30Z Linux aarch64;
g2: shell flags hBc
g2: plan=scripts/g2/cfam.plan db=/mnt/nvme/db/RefSeqCompleteV205 ramdb= reads=/mnt/nvme/reads cold=true (ak2_drop_caches) thp=[always [madvise] never] defrag=[always defer defer+madvise [madvise] never] devs=nvme0n1
g2: results /home/ec2-user/ak2/repo/results/g2/g2-cfam-20261007T015709Z
ak2: [2026-10-07T01:57:16Z] drop_caches done; next phase is cold
ak2-phase	2026-10-07T01:57:16Z	1791338236	g2-1-madv-SRR062634_250000-gz-cold-t8-r1	yes
g2: L7-run-madv-SRR062634_250000-gz-cold-t8-r1 {"exit":0,"timed_out":false,"wall_s":125.894005,"load_s":0.230741,"classify_s":123.058,"offcpu_frac":0.7368,"ipc":1.7908,"aqu":5.521,"majflt":9657979}
ak2: [2026-10-07T01:59:30Z] drop_caches done; next phase is cold
ak2-phase	2026-10-07T01:59:30Z	1791338370	g2-2-mmap-SRR062634_250000-gz-cold-t8-r1	yes
g2: L8-run-mmap-SRR062634_250000-gz-cold-t8-r1 {"exit":0,"timed_out":false,"wall_s":394.024969,"load_s":0.2164,"classify_s":391.953,"offcpu_frac":0.8547,"ipc":2.1784,"aqu":6.729,"majflt":9622679}
g2: plan line 9: read_ahead_kb now: nvme0n1=4 
ak2: [2026-10-07T02:06:17Z] drop_caches done; next phase is cold
ak2-phase	2026-10-07T02:06:17Z	1791338777	g2-3-mmap-SRR062634_250000-gz-cold-t8-r1	yes
g2: L10-run-mmap-SRR062634_250000-gz-cold-t8-r1 {"exit":0,"timed_out":false,"wall_s":126.197125,"load_s":0.295677,"classify_s":123.168,"offcpu_frac":0.7359,"ipc":1.7904,"aqu":5.52,"majflt":9657983}
ak2: [2026-10-07T02:08:31Z] drop_caches done; next phase is cold
ak2-phase	2026-10-07T02:08:31Z	1791338911	g2-4-mmap-SRR062634_2000000-gz-cold-t64-r1	yes
g2: L11-run-mmap-SRR062634_2000000-gz-cold-t64-r1 {"exit":0,"timed_out":false,"wall_s":181.218588,"load_s":0.278057,"classify_s":176.971,"offcpu_frac":0.7674,"ipc":1.1642,"aqu":42.354,"majflt":71997097}
ak2: [2026-10-07T02:11:50Z] drop_caches done; next phase is cold
ak2-phase	2026-10-07T02:11:50Z	1791339110	g2-5-mmap-SRR062634_2000000-gz-cold-t32-r1	yes
g2: L11-run-mmap-SRR062634_2000000-gz-cold-t32-r1 {"exit":0,"timed_out":false,"wall_s":273.136164,"load_s":0.235823,"classify_s":268.947,"offcpu_frac":0.7248,"ipc":1.313,"aqu":21.713,"majflt":71927834}
ak2-phase	2026-10-07T02:16:24Z	1791339384	g2-6-mmap-SRR062634_2000000-gz-warm-t32-r1	no
g2: L12-run-mmap-SRR062634_2000000-gz-warm-t32-r1 {"exit":0,"timed_out":false,"wall_s":268.496603,"load_s":0.109429,"classify_s":264.5,"offcpu_frac":0.7272,"ipc":1.3234,"aqu":21.84,"majflt":71204154}
ak2: [2026-10-07T02:21:10Z] drop_caches done; next phase is cold
ak2-phase	2026-10-07T02:21:10Z	1791339670	g2-7-mmap-SRR062634_200000-gz-cold-t32-r1	yes
g2: L13-run-mmap-SRR062634_200000-gz-cold-t32-r1 {"exit":0,"timed_out":false,"wall_s":126.299502,"load_s":0.259361,"classify_s":123.562,"offcpu_frac":0.9472,"ipc":1.8057,"aqu":4.411,"majflt":7788824}
ak2: [2026-10-07T02:23:23Z] drop_caches done; next phase is cold
ak2-phase	2026-10-07T02:23:23Z	1791339803	g2-8-mmap-ERR478965_200000-gz-cold-t32-r1	yes
g2: L14-run-mmap-ERR478965_200000-gz-cold-t32-r1 {"exit":0,"timed_out":false,"wall_s":116.357112,"load_s":0.28466,"classify_s":113.787,"offcpu_frac":0.9516,"ipc":1.8093,"aqu":4.056,"majflt":6606371}
ak2: [2026-10-07T02:25:26Z] drop_caches done; next phase is cold
ak2-phase	2026-10-07T02:25:26Z	1791339926	g2-9-mmap-ERR598966_200000-gz-cold-t32-r1	yes
g2: L15-run-mmap-ERR598966_200000-gz-cold-t32-r1 {"exit":0,"timed_out":false,"wall_s":131.701388,"load_s":0.249366,"classify_s":128.798,"offcpu_frac":0.9463,"ipc":1.714,"aqu":4.391,"majflt":8080592}
ak2: [2026-10-07T02:27:45Z] drop_caches done; next phase is cold
ak2-phase	2026-10-07T02:27:45Z	1791340065	g2-10-mmap-SRR28305653_200000-gz-cold-t32-r1	yes
g2: L16-run-mmap-SRR28305653_200000-gz-cold-t32-r1 {"exit":0,"timed_out":false,"wall_s":96.89443,"load_s":0.242036,"classify_s":94.154,"offcpu_frac":0.9249,"ipc":1.8263,"aqu":6.281,"majflt":8345413}
ak2-phase	2026-10-07T02:29:22Z	1791340162	g2-11-mmap-SRR062634_200000-gz-warm-t32-r1	no
g2: L17-run-mmap-SRR062634_200000-gz-warm-t32-r1 {"exit":0,"timed_out":false,"wall_s":120.179727,"load_s":0.019811,"classify_s":117.401,"offcpu_frac":0.9462,"ipc":1.7217,"aqu":4.361,"majflt":7315358}
ak2-phase	2026-10-07T02:31:23Z	1791340283	g2-12-mmap-ERR478965_200000-gz-warm-t32-r1	no
g2: L18-run-mmap-ERR478965_200000-gz-warm-t32-r1 {"exit":0,"timed_out":false,"wall_s":112.773401,"load_s":0.035768,"classify_s":110.163,"offcpu_frac":0.951,"ipc":1.7006,"aqu":4.031,"majflt":6357248}
ak2-phase	2026-10-07T02:33:16Z	1791340396	g2-13-mmap-ERR598966_200000-gz-warm-t32-r1	no
g2: L19-run-mmap-ERR598966_200000-gz-warm-t32-r1 {"exit":0,"timed_out":false,"wall_s":127.086091,"load_s":0.018518,"classify_s":124.046,"offcpu_frac":0.9466,"ipc":1.6218,"aqu":4.386,"majflt":7775889}
ak2-phase	2026-10-07T02:35:23Z	1791340523	g2-14-mmap-SRR28305653_200000-gz-warm-t32-r1	no
g2: L20-run-mmap-SRR28305653_200000-gz-warm-t32-r1 {"exit":0,"timed_out":false,"wall_s":90.489501,"load_s":0.033486,"classify_s":87.621,"offcpu_frac":0.9221,"ipc":1.7298,"aqu":6.196,"majflt":7664465}
g2: plan line 21: read_ahead_kb now: nvme0n1=128 
ak2: [2026-10-07T02:37:09Z] drop_caches done; next phase is cold
ak2-phase	2026-10-07T02:37:09Z	1791340629	g2-15-mmap-SRR062634_2000000-gz-cold-t32-r1	yes
g2: L22-run-mmap-SRR062634_2000000-gz-cold-t32-r1 {"exit":-9,"timed_out":true,"wall_s":1801.797481,"load_s":0.290146,"classify_s":null,"offcpu_frac":null,"ipc":null,"aqu":31.397,"majflt":38}
g2: L22-run-mmap-SRR062634_2000000-gz-cold-t32-r1 timed out after 1800s: smaller thread counts on plan line 22 are skipped
g2: 15 rungs, 0 skipped, 0 failures; /home/ec2-user/ak2/repo/results/g2/g2-cfam-20261007T015709Z
ak2: [2026-10-07T03:07:16Z] g2 cfam rc=0
ak2-phase	2026-10-07T03:07:16Z	1791342436	push	no
spawn: [2026-10-07T03:07:17Z] command exit rc=0
