ak2: log tee up
ak2-phase	2026-10-08T05:24:05Z	1791437045	preamble	no
ak2: [2026-10-08T05:24:05Z] inherited $-=hBc (stub, as spawn started it: $-=hBc)
ak2: [2026-10-08T05:24:05Z] after set +e $-=hBc
ak2: [2026-10-08T05:24:05Z] gate=g3 run=20261008-052324-306f827-765d-n16-r9
ak2: [2026-10-08T05:24:05Z] aws shim installed and self-tested (/tmp/ak2-bin/aws -> /usr/bin/aws)
ak2: [2026-10-08T05:24:05Z] imds region=us-west-2 az=us-west-2a instance=i-0ad60788186f4a32b type=c8g.12xlarge ami=ami-09325776a00699513
ak2: [2026-10-08T05:24:05Z] bucket aws-kraken2-942542972736-us-west-2 region=us-west-2
ak2: [2026-10-08T05:24:06Z] bucket aws-kraken2-942542972736-us-west-2 payer=UNKNOWN
ak2: [2026-10-08T05:24:06Z] WARN: could not read Payer of aws-kraken2-942542972736-us-west-2 from the instance (launch host verified it)
ak2: [2026-10-08T05:24:06Z] bucket kraken2-ncbi-refseq-complete-v205 region=us-west-2
ak2: [2026-10-08T05:24:06Z] bucket kraken2-ncbi-refseq-complete-v205 payer=BucketOwner
ak2: [2026-10-08T05:24:06Z] region assert passed
ak2: [2026-10-08T05:24:06Z] drop_caches_ok=true
ak2: [2026-10-08T05:24:07Z] preamble done; spec body starts
ak2-phase	2026-10-08T05:24:07Z	1791437047	body	no
ak2: [2026-10-08T05:24:07Z] e3 cohort 20261008-052324-306f827-765d-n16 rank 9 of 16, commit 306f827; RODA kraken2-ncbi-refseq-complete-v205/Kraken2_RefSeqCompleteV205; samples aws-kraken2-942542972736-us-west-2/aws-kraken2/data/cohort; cohort 100
ak2-phase	2026-10-08T05:24:07Z	1791437047	setup	no
ak2: [2026-10-08T05:24:38Z] built 306f827679d55c2395743f532e6da71aeae1bc11; go version go1.27.1 linux/arm64; ip 172.31.21.12; nproc 48; mem_gib 92; threads 16, inflight 6
ak2-phase	2026-10-08T05:24:38Z	1791437078	manifest	no
ak2: [2026-10-08T05:24:39Z] staged s3://kraken2-ncbi-refseq-complete-v205/Kraken2_RefSeqCompleteV205/opts.k2d -> /home/ec2-user/ak2/db/roda/opts.k2d (56 bytes)
ak2: [2026-10-08T05:24:40Z] staged s3://kraken2-ncbi-refseq-complete-v205/Kraken2_RefSeqCompleteV205/taxo.k2d -> /home/ec2-user/ak2/db/roda/taxo.k2d (179150665 bytes)
ak2: [2026-10-08T05:24:40Z] RODA hash.k2d etag=f80959f9556b50d76b3e744afdd3b22a-8860 size=1189091671800
ak2: [2026-10-08T05:24:41Z] pushed out/rank9/c100.tsv
ak2: [2026-10-08T05:24:41Z] pushed out/rank9/placement.tsv
ak2: [2026-10-08T05:24:41Z] manifest c100: 306 lines in 9 batches; rank 9 reads 13 samples
ak2-phase	2026-10-08T05:24:41Z	1791437081	fetch	no
ak2: [2026-10-08T05:24:51Z] inputs staged and verified: 26 files, 15.08 GB
ak2: [2026-10-08T05:24:51Z] manifest c100: cohort: 306 samples in 9 batches check
ak2-phase	2026-10-08T05:24:51Z	1791437091	inv-c100	no
[c100] ak2-timing	taxo	0.003001	0.094414	87841	0	0.030069	0.067398
[c100] ak2-timing	shard-load-9	0.185572	27.487877	42320	0	38.264461	36.340959
[c100] ak2-timing	rendezvous	28.125578	15.834543	5286	0	0.021062	0.041473
[c100] ak2-timing	connect	43.960139	0.177924	4932	0	0.068697	0.017639
[c100] ak2-timing	hash	0.097477	44.040609	54367	0	38.356099	36.413208
[c100] ak2-sample	batch	0	name	0-SRR5935800	mode	parallel	s3client	sdk	rank	9	role	home	inflight	6	threads	16	start_s	44.138137	wall_s	140.007595	setup_s	0.000042	classify_s	140.007064	close_s	0.000000	report_s	0.000000	status	1	sequences	0	bases	0	classified	0	place	lpt	weight	15080696
[c100] ak2-sample	batch	0	name	0-SRR5935792	mode	parallel	s3client	sdk	rank	9	role	home	inflight	6	threads	16	start_s	44.138143	wall_s	163.718191	setup_s	0.000039	classify_s	163.717917	close_s	0.000000	report_s	0.000000	status	1	sequences	0	bases	0	classified	0	place	lpt	weight	11437813
[c100] ak2-sample	batch	0	name	0-SRR5935807	mode	parallel	s3client	sdk	rank	9	role	home	inflight	6	threads	16	start_s	44.138126	wall_s	163.755763	setup_s	0.000051	classify_s	163.755703	close_s	0.000000	report_s	0.000000	status	1	sequences	0	bases	0	classified	0	place	lpt	weight	16708997
[c100] ak2-sample	batch	0	name	0-SRR5935775	mode	parallel	s3client	sdk	rank	9	role	home	inflight	6	threads	16	start_s	44.138132	wall_s	163.760829	setup_s	0.000043	classify_s	163.760639	close_s	0.000000	report_s	0.000000	status	1	sequences	39434	bases	7276969	classified	39117	place	lpt	weight	13010149
[c100] ak2-sample	batch	0	name	0-SRR5935824	mode	parallel	s3client	sdk	rank	9	role	home	inflight	6	threads	16	start_s	44.138154	wall_s	175.294893	setup_s	0.000047	classify_s	175.294601	close_s	0.000000	report_s	0.000000	status	1	sequences	0	bases	0	classified	0	place	lpt	weight	8745078
[c100] ak2-sample	batch	0	name	0-SRR5935750	mode	parallel	s3client	sdk	rank	9	role	home	inflight	6	threads	16	start_s	44.138125	wall_s	182.406919	setup_s	0.000047	classify_s	182.406635	close_s	0.000000	report_s	0.000000	status	1	sequences	0	bases	0	classified	0	place	lpt	weight	6552107
Terminated
ak2: [2026-10-08T05:29:39Z] spec body exit rc=129 (SIGHUP)
ak2-phase	2026-10-08T05:29:39Z	1791437379	end	no
