Loading database information...ak2-timing	opts	0.002893	0.000023	0	0	0.000022	0.000000
ak2-timing	taxo	0.002925	0.105167	87779	0	0.022009	0.098876
ak2-engine	mem	t_s	15.0	rss_kib	25891048	hwm_kib	25891052	heap_inuse	394805248	sys	409745768	avail_kib	101767428
ak2-engine	mem	t_s	30.0	rss_kib	46591968	hwm_kib	46591972	heap_inuse	396550144	sys	409745768	avail_kib	81007232
ak2-engine	mem	t_s	45.0	rss_kib	67304756	hwm_kib	67304760	heap_inuse	398221312	sys	414005608	avail_kib	60257604
ak2-timing	shard-load-9	0.177914	48.691043	40629	0	34.996099	35.695766
ak2-engine	mem	t_s	60.0	rss_kib	72972208	hwm_kib	72972212	heap_inuse	403103744	sys	418199912	avail_kib	54821016
ak2-timing	rendezvous	49.345021	18.977427	1295	0	0.026894	0.006048
ak2-timing	connect	68.322462	0.028840	2	0	0.000578	0.000590
ak2-timing	hash	0.108176	68.243140	43829	0	35.038603	35.703397
 done.
ak2-engine	mem	t_s	75.0	rss_kib	78176872	hwm_kib	78176872	heap_inuse	3144581120	sys	5870264168	avail_kib	49097852
16708997 sequences (3043.02 Mbp) processed in 17.081s (58692.7 Kseq/m, 10689.04 Mbp/m).
  15000245 sequences classified (89.77%)
  1708752 sequences unclassified (10.23%)
ak2-sample	batch	0	name	0-SRR5935807	mode	parallel	s3client	sdk	rank	9	role	home	inflight	1	threads	16	start_s	68.351350	wall_s	17.548731	setup_s	0.000066	classify_s	17.081176	close_s	0.277623	report_s	0.168119	status	0	sequences	16708997	bases	3043023590	classified	15000245	place	lpt	weight	16708997
ak2-engine	mem	t_s	90.0	rss_kib	78196320	hwm_kib	78411072	heap_inuse	3170164736	sys	6079340456	avail_kib	49035328
15080696 sequences (2770.85 Mbp) processed in 16.271s (55610.9 Kseq/m, 10217.64 Mbp/m).
  14478381 sequences classified (96.01%)
  602315 sequences unclassified (3.99%)
ak2-sample	batch	0	name	0-SRR5935800	mode	parallel	s3client	sdk	rank	9	role	home	inflight	1	threads	16	start_s	85.900103	wall_s	16.633973	setup_s	0.000083	classify_s	16.270954	close_s	0.209917	report_s	0.145018	status	0	sequences	15080696	bases	2770846238	classified	14478381	place	lpt	weight	15080696
ak2-engine	mem	t_s	105.0	rss_kib	78267808	hwm_kib	78711516	heap_inuse	3805847552	sys	6297542744	avail_kib	49001948
13010149 sequences (2394.73 Mbp) processed in 13.750s (56770.3 Kseq/m, 10449.51 Mbp/m).
  12910203 sequences classified (99.23%)
  99946 sequences unclassified (0.77%)
ak2-sample	batch	0	name	0-SRR5935775	mode	parallel	s3client	sdk	rank	9	role	home	inflight	1	threads	16	start_s	102.534101	wall_s	14.147922	setup_s	0.000064	classify_s	13.750312	close_s	0.266075	report_s	0.125662	status	0	sequences	13010149	bases	2394732661	classified	12910203	place	lpt	weight	13010149
ak2-engine	mem	t_s	120.0	rss_kib	78184632	hwm_kib	78900100	heap_inuse	4403601408	sys	6594175128	avail_kib	49166184
11437813 sequences (2096.18 Mbp) processed in 11.887s (57732.4 Kseq/m, 10580.50 Mbp/m).
  10922134 sequences classified (95.49%)
  515679 sequences unclassified (4.51%)
ak2-sample	batch	0	name	0-SRR5935792	mode	parallel	s3client	sdk	rank	9	role	home	inflight	1	threads	16	start_s	116.682049	wall_s	12.364255	setup_s	0.000076	classify_s	11.887056	close_s	0.330341	report_s	0.137721	status	0	sequences	11437813	bases	2096182336	classified	10922134	place	lpt	weight	11437813
ak2-engine	mem	t_s	135.1	rss_kib	78438856	hwm_kib	78986536	heap_inuse	5358059520	sys	6732726456	avail_kib	48637396
8745078 sequences (1626.83 Mbp) processed in 9.601s (54651.0 Kseq/m, 10166.63 Mbp/m).
  8520266 sequences classified (97.43%)
  224812 sequences unclassified (2.57%)
ak2-sample	batch	0	name	0-SRR5935824	mode	parallel	s3client	sdk	rank	9	role	home	inflight	1	threads	16	start_s	129.046329	wall_s	10.004040	setup_s	0.000100	classify_s	9.601015	close_s	0.227364	report_s	0.166558	status	0	sequences	8745078	bases	1626833325	classified	8520266	place	lpt	weight	8745078
6552107 sequences (1182.80 Mbp) processed in 6.729s (58424.0 Kseq/m, 10546.79 Mbp/m).
  6331866 sequences classified (96.64%)
  220241 sequences unclassified (3.36%)
ak2-sample	batch	0	name	0-SRR5935750	mode	parallel	s3client	sdk	rank	9	role	home	inflight	1	threads	16	start_s	139.050396	wall_s	7.051090	setup_s	0.000075	classify_s	6.728856	close_s	0.191659	report_s	0.124298	status	0	sequences	6552107	bases	1182796919	classified	6331866	place	lpt	weight	6552107
ak2-timing	batch-barrier-0	146.101509	2.097784	2	0	0.258075	0.034221
ak2-engine	mem	t_s	150.1	rss_kib	78345188	hwm_kib	79058116	heap_inuse	4702404608	sys	6814273736	avail_kib	48912996
ak2-engine	mem	t_s	165.1	rss_kib	78894504	hwm_kib	79058116	heap_inuse	5934907392	sys	6923464936	avail_kib	48579836
18879904 sequences (3539.14 Mbp) processed in 20.014s (56599.2 Kseq/m, 10609.80 Mbp/m).
  18627146 sequences classified (98.66%)
  252758 sequences unclassified (1.34%)
ak2-sample	batch	1	name	1-SRR5935749	mode	parallel	s3client	sdk	rank	9	role	home	inflight	1	threads	16	start_s	148.199321	wall_s	20.481541	setup_s	0.000064	classify_s	20.014333	close_s	0.318701	report_s	0.140543	status	0	sequences	18879904	bases	3539135454	classified	18627146	place	mod	weight	18879904
ak2-engine	mem	t_s	180.1	rss_kib	78550632	hwm_kib	79058116	heap_inuse	4439810048	sys	6969704696	avail_kib	48791984
10590116 sequences (1935.91 Mbp) processed in 11.322s (56120.3 Kseq/m, 10258.99 Mbp/m).
  10426493 sequences classified (98.45%)
  163623 sequences unclassified (1.55%)
ak2-sample	batch	1	name	1-SRR5935765	mode	parallel	s3client	sdk	rank	9	role	home	inflight	1	threads	16	start_s	168.680891	wall_s	11.680691	setup_s	0.000072	classify_s	11.322224	close_s	0.209624	report_s	0.142562	status	0	sequences	10590116	bases	1935908855	classified	10426493	place	mod	weight	10590116
8486948 sequences (1613.12 Mbp) processed in 9.534s (53409.1 Kseq/m, 10151.52 Mbp/m).
  8270605 sequences classified (97.45%)
  216343 sequences unclassified (2.55%)
ak2-sample	batch	1	name	1-SRR5935781	mode	parallel	s3client	sdk	rank	9	role	home	inflight	1	threads	16	start_s	180.361612	wall_s	9.974016	setup_s	0.000070	classify_s	9.534268	close_s	0.209227	report_s	0.224768	status	0	sequences	8486948	bases	1613121343	classified	8270605	place	mod	weight	8486948
ak2-engine	mem	t_s	195.2	rss_kib	78742844	hwm_kib	79058116	heap_inuse	5506400256	sys	6969704696	avail_kib	48752304
8439357 sequences (1550.81 Mbp) processed in 9.341s (54210.5 Kseq/m, 9961.69 Mbp/m).
  8138623 sequences classified (96.44%)
  300734 sequences unclassified (3.56%)
ak2-sample	batch	1	name	1-SRR5935797	mode	parallel	s3client	sdk	rank	9	role	home	inflight	1	threads	16	start_s	190.335656	wall_s	9.760435	setup_s	0.000075	classify_s	9.340655	close_s	0.242987	report_s	0.166757	status	0	sequences	8439357	bases	1550811438	classified	8138623	place	mod	weight	8439357
ak2-engine	mem	t_s	210.2	rss_kib	78819664	hwm_kib	79060956	heap_inuse	5427445760	sys	6969737464	avail_kib	48539852
16980616 sequences (3155.64 Mbp) processed in 17.612s (57849.2 Kseq/m, 10750.57 Mbp/m).
  16106690 sequences classified (94.85%)
  873926 sequences unclassified (5.15%)
ak2-sample	batch	1	name	1-SRR5935813	mode	parallel	s3client	sdk	rank	9	role	home	inflight	1	threads	16	start_s	200.096119	wall_s	17.988535	setup_s	0.000071	classify_s	17.611940	close_s	0.202911	report_s	0.158807	status	0	sequences	16980616	bases	3155638888	classified	16106690	place	mod	weight	16980616
ak2-engine	mem	t_s	225.2	rss_kib	78714644	hwm_kib	79115180	heap_inuse	4258734080	sys	6969737464	avail_kib	48582436
11220767 sequences (2068.35 Mbp) processed in 11.072s (60803.5 Kseq/m, 11208.04 Mbp/m).
  10523542 sequences classified (93.79%)
  697225 sequences unclassified (6.21%)
ak2-sample	batch	1	name	1-SRR5935829	mode	parallel	s3client	sdk	rank	9	role	home	inflight	1	threads	16	start_s	218.084683	wall_s	11.461808	setup_s	0.000062	classify_s	11.072497	close_s	0.237532	report_s	0.139141	status	0	sequences	11220767	bases	2068350513	classified	10523542	place	mod	weight	11220767
ak2-timing	batch-barrier-1	229.546511	8.339775	0	0	1.243253	0.232259
ak2-engine	mem	t_s	240.2	rss_kib	78508548	hwm_kib	79115180	heap_inuse	4641652736	sys	6972424440	avail_kib	48902964
ak2-engine	mem	t_s	255.2	rss_kib	79031504	hwm_kib	79176088	heap_inuse	5285093376	sys	6972358904	avail_kib	48328856
16708997 sequences (3043.02 Mbp) processed in 17.146s (58471.4 Kseq/m, 10648.74 Mbp/m).
  15000245 sequences classified (89.77%)
  1708752 sequences unclassified (10.23%)
ak2-sample	batch	2	name	2-SRR5935807	mode	parallel	s3client	sdk	rank	9	role	home	inflight	1	threads	16	start_s	237.886333	wall_s	17.626776	setup_s	0.000063	classify_s	17.145816	close_s	0.263962	report_s	0.197087	status	0	sequences	16708997	bases	3043023590	classified	15000245	place	lpt	weight	16708997
ak2-engine	mem	t_s	270.2	rss_kib	78520072	hwm_kib	79176088	heap_inuse	5167030272	sys	6972358904	avail_kib	48873868
15080696 sequences (2770.85 Mbp) processed in 16.306s (55490.6 Kseq/m, 10195.54 Mbp/m).
  14478381 sequences classified (96.01%)
  602315 sequences unclassified (3.99%)
ak2-sample	batch	2	name	2-SRR5935800	mode	parallel	s3client	sdk	rank	9	role	home	inflight	1	threads	16	start_s	255.513136	wall_s	16.764242	setup_s	0.000076	classify_s	16.306230	close_s	0.238154	report_s	0.211765	status	0	sequences	15080696	bases	2770846238	classified	14478381	place	lpt	weight	15080696
ak2-engine	mem	t_s	285.2	rss_kib	78732504	hwm_kib	79176088	heap_inuse	5293973504	sys	6972358904	avail_kib	48748208
13010149 sequences (2394.73 Mbp) processed in 13.782s (56641.7 Kseq/m, 10425.85 Mbp/m).
  12910203 sequences classified (99.23%)
  99946 sequences unclassified (0.77%)
ak2-sample	batch	2	name	2-SRR5935775	mode	parallel	s3client	sdk	rank	9	role	home	inflight	1	threads	16	start_s	272.277409	wall_s	14.161474	setup_s	0.000065	classify_s	13.781516	close_s	0.232726	report_s	0.141699	status	0	sequences	13010149	bases	2394732661	classified	12910203	place	lpt	weight	13010149
11437813 sequences (2096.18 Mbp) processed in 11.949s (57430.9 Kseq/m, 10525.23 Mbp/m).
  10922134 sequences classified (95.49%)
  515679 sequences unclassified (4.51%)
ak2-sample	batch	2	name	2-SRR5935792	mode	parallel	s3client	sdk	rank	9	role	home	inflight	1	threads	16	start_s	286.438918	wall_s	12.329032	setup_s	0.000065	classify_s	11.949474	close_s	0.231771	report_s	0.138750	status	0	sequences	11437813	bases	2096182336	classified	10922134	place	lpt	weight	11437813
ak2-engine	mem	t_s	300.2	rss_kib	78308148	hwm_kib	79176088	heap_inuse	3813203968	sys	7022756088	avail_kib	48985648
8745078 sequences (1626.83 Mbp) processed in 9.500s (55234.6 Kseq/m, 10275.20 Mbp/m).
  8520266 sequences classified (97.43%)
  224812 sequences unclassified (2.57%)
ak2-sample	batch	2	name	2-SRR5935824	mode	parallel	s3client	sdk	rank	9	role	home	inflight	1	threads	16	start_s	298.767980	wall_s	9.907289	setup_s	0.000081	classify_s	9.499569	close_s	0.239931	report_s	0.158857	status	0	sequences	8745078	bases	1626833325	classified	8520266	place	lpt	weight	8745078
ak2-engine	mem	t_s	315.2	rss_kib	78829836	hwm_kib	79176088	heap_inuse	4238761984	sys	7022756088	avail_kib	48351656
6552107 sequences (1182.80 Mbp) processed in 6.765s (58109.5 Kseq/m, 10490.01 Mbp/m).
  6331866 sequences classified (96.64%)
  220241 sequences unclassified (3.36%)
ak2-sample	batch	2	name	2-SRR5935750	mode	parallel	s3client	sdk	rank	9	role	home	inflight	1	threads	16	start_s	308.675300	wall_s	7.123593	setup_s	0.000069	classify_s	6.765276	close_s	0.219626	report_s	0.132760	status	0	sequences	6552107	bases	1182796919	classified	6331866	place	lpt	weight	6552107
ak2-timing	batch-barrier-2	315.798918	2.056032	0	0	0.123937	0.004551
ak2-timing	barrier	324.595832	0.357163	0	0	0.020523	0.000020
ak2-sample	batch	3	name	3-SRR5935740	mode	striped	s3client	sdk	rank	9	role	peer	inflight	1	threads	16	start_s	318.979058	wall_s	5.973982	setup_s	0.000056	classify_s	5.612510	close_s	0.000000	report_s	0.000000	status	0	sequences	0	bases	0	classified	0	place	-	weight	-
ak2-timing	batch-barrier-3	324.953053	0.491260	1	0	0.005616	0.000402
ak2-engine	mem	t_s	330.2	rss_kib	75853548	hwm_kib	79176088	heap_inuse	2942509056	sys	7022756088	avail_kib	51385112
ak2-timing	barrier	331.826414	0.333478	0	0	0.020823	0.000000
ak2-sample	batch	4	name	4-SRR5935740	mode	striped	s3client	sdk	rank	9	role	peer	inflight	1	threads	16	start_s	326.215929	wall_s	5.944005	setup_s	0.000050	classify_s	5.606370	close_s	0.000000	report_s	0.000000	status	0	sequences	0	bases	0	classified	0	place	-	weight	-
ak2-timing	batch-barrier-4	332.159944	0.716184	1	0	0.000000	0.007134
ak2-timing	barrier	339.059593	0.166118	0	0	0.013620	0.000249
ak2-sample	batch	5	name	5-SRR5935740	mode	striped	s3client	sdk	rank	9	role	peer	inflight	1	threads	16	start_s	333.435044	wall_s	5.790719	setup_s	0.000053	classify_s	5.620348	close_s	0.000000	report_s	0.000000	status	0	sequences	0	bases	0	classified	0	place	-	weight	-
ak2-timing	batch-barrier-5	339.225777	0.586031	51	0	0.006449	0.000459
ak2-engine	mem	t_s	345.2	rss_kib	76245164	hwm_kib	79176088	heap_inuse	3706650624	sys	7022756088	avail_kib	51343064
ak2-timing	batch-barrier-6	339.811824	10.153763	2	0	0.707340	0.124260
ak2-engine	mem	t_s	360.2	rss_kib	76245172	hwm_kib	79176088	heap_inuse	3709607936	sys	7022756088	avail_kib	51615576
ak2-timing	batch-barrier-7	349.965607	10.444992	1	0	0.727640	0.098916
ak2-timing	batch-barrier-8	360.410618	10.152173	1	0	0.733350	0.084168
ak2-engine	shard	0	n	16	lo	167216016342	hi	185795573713	tail	302	full	false	empty_at	18579557375	keys	8474664069	batches	89910	probe_s	243.888002	tail_probes	0	wrap_probes	0
ak2-engine	mem	t_s	370.6	rss_kib	76245176	hwm_kib	79176088	heap_inuse	3711606784	sys	7022756088	avail_kib	51592916
ak2-engine	rendezvous	puts	13	gets	438
ak2-engine	s3	client	sdk	put	31	get	438	create_multipart	18	upload_part	2249	complete_multipart	18	abort_multipart	0	part_bytes	18831246565
ak2-engine	s3	client	cli	put	0	get	0	create_multipart	0	upload_part	0	complete_multipart	0	abort_multipart	0	part_bytes	0
ak2-engine	load	seconds	48.691039	requests	1126	retries	0	bytes	74318296292
ak2-engine	route	transport	nodes	calls	5741	keys	8639287715	batches	91856	route_s	105.593683	wait_s	335.442555	gather_s	20.247334
ak2-engine	worker	scan_s	790.894706	lookup_s	461.291524	classify_s	708.580671
ak2-timing	total	0.000001	370.706437	7441224	0	1720.525054	122.652945
