Loading database information...ak2-timing	opts	0.002841	0.000018	0	0	0.000017	0.000000
ak2-timing	taxo	0.002867	0.096384	87779	0	0.003784	0.107500
ak2-engine	mem	t_s	15.0	rss_kib	27072884	hwm_kib	27072888	heap_inuse	397557760	sys	416274792	avail_kib	229282448
ak2-engine	mem	t_s	30.0	rss_kib	54249532	hwm_kib	54249536	heap_inuse	399917056	sys	420534632	avail_kib	201969228
ak2-engine	mem	t_s	45.0	rss_kib	81430592	hwm_kib	81430596	heap_inuse	401932288	sys	424728936	avail_kib	174768096
ak2-engine	mem	t_s	60.0	rss_kib	108620308	hwm_kib	108620312	heap_inuse	404414464	sys	424728936	avail_kib	147554212
ak2-engine	mem	t_s	75.0	rss_kib	135801500	hwm_kib	135801504	heap_inuse	406601728	sys	424728936	avail_kib	120358164
ak2-timing	shard-load-2	0.172715	80.509673	77933	0	73.975850	71.709154
ak2-engine	mem	t_s	90.0	rss_kib	145555224	hwm_kib	145555228	heap_inuse	410370048	sys	428923240	avail_kib	110810356
ak2-timing	rendezvous	81.265479	10.425099	794	0	0.020458	0.000000
ak2-timing	connect	91.690590	0.012281	0	0	0.000555	0.000000
ak2-timing	hash	0.099282	91.603600	80669	0	74.011488	71.710069
 done.
ak2-engine	mem	t_s	105.0	rss_kib	156288356	hwm_kib	156686192	heap_inuse	10120118272	sys	12040371816	avail_kib	97519696
16260968 sequences (3012.84 Mbp) processed in 16.618s (58709.3 Kseq/m, 10877.68 Mbp/m).
  15948766 sequences classified (98.08%)
  312202 sequences unclassified (1.92%)
ak2-sample	batch	0	name	0-SRR5935827	mode	parallel	s3client	sdk	rank	2	role	home	inflight	2	threads	16	start_s	91.702914	wall_s	17.149851	setup_s	0.000041	classify_s	16.618448	close_s	0.208729	report_s	0.313780	status	0	sequences	16260968	bases	3012837135	classified	15948766	place	lpt	weight	16260968
20086542 sequences (3689.65 Mbp) processed in 19.943s (60433.1 Kseq/m, 11100.81 Mbp/m).
  19142785 sequences classified (95.30%)
  943757 sequences unclassified (4.70%)
ak2-sample	batch	0	name	0-SRR5935798	mode	parallel	s3client	sdk	rank	2	role	home	inflight	2	threads	16	start_s	91.702919	wall_s	20.331768	setup_s	0.000039	classify_s	19.942597	close_s	0.215828	report_s	0.158965	status	0	sequences	20086542	bases	3689648337	classified	19142785	place	lpt	weight	20086542
ak2-engine	mem	t_s	120.0	rss_kib	157503348	hwm_kib	157512420	heap_inuse	9818251264	sys	12798542904	avail_kib	96673772
15271512 sequences (2845.36 Mbp) processed in 15.384s (59560.9 Kseq/m, 11097.27 Mbp/m).
  14502211 sequences classified (94.96%)
  769301 sequences unclassified (5.04%)
ak2-sample	batch	0	name	0-SRR5935772	mode	parallel	s3client	sdk	rank	2	role	home	inflight	2	threads	16	start_s	108.852833	wall_s	15.843647	setup_s	0.000065	classify_s	15.384108	close_s	0.290022	report_s	0.156281	status	0	sequences	15271512	bases	2845360298	classified	14502211	place	lpt	weight	15271512
14261195 sequences (2665.70 Mbp) processed in 14.526s (58905.2 Kseq/m, 11010.53 Mbp/m).
  13980324 sequences classified (98.03%)
  280871 sequences unclassified (1.97%)
ak2-sample	batch	0	name	0-SRR5935817	mode	parallel	s3client	sdk	rank	2	role	home	inflight	2	threads	16	start_s	112.034752	wall_s	15.165373	setup_s	0.000069	classify_s	14.526260	close_s	0.484544	report_s	0.145896	status	0	sequences	14261195	bases	2665696979	classified	13980324	place	lpt	weight	14261195
ak2-engine	mem	t_s	135.0	rss_kib	157575700	hwm_kib	157575700	heap_inuse	9899843584	sys	13332489400	avail_kib	96185468
13162386 sequences (2465.10 Mbp) processed in 13.171s (59962.0 Kseq/m, 11229.88 Mbp/m).
  12297712 sequences classified (93.43%)
  864674 sequences unclassified (6.57%)
ak2-sample	batch	0	name	0-SRR5935801	mode	parallel	s3client	sdk	rank	2	role	home	inflight	2	threads	16	start_s	124.696568	wall_s	13.639383	setup_s	0.000064	classify_s	13.170738	close_s	0.269303	report_s	0.185984	status	0	sequences	13162386	bases	2465096767	classified	12297712	place	lpt	weight	13162386
11859598 sequences (2188.90 Mbp) processed in 11.851s (60041.8 Kseq/m, 11081.80 Mbp/m).
  10951240 sequences classified (92.34%)
  908358 sequences unclassified (7.66%)
ak2-sample	batch	0	name	0-SRR5935748	mode	parallel	s3client	sdk	rank	2	role	home	inflight	2	threads	16	start_s	127.200159	wall_s	12.304721	setup_s	0.000060	classify_s	11.851344	close_s	0.275615	report_s	0.161340	status	0	sequences	11859598	bases	2188903487	classified	10951240	place	lpt	weight	11859598
11073410 sequences (2024.07 Mbp) processed in 11.032s (60224.2 Kseq/m, 11008.18 Mbp/m).
  10832572 sequences classified (97.83%)
  240838 sequences unclassified (2.17%)
ak2-engine	mem	t_s	150.0	rss_kib	157535864	hwm_kib	157863796	heap_inuse	9555886080	sys	13749282072	avail_kib	95748484
ak2-sample	batch	0	name	0-SRR5935788	mode	parallel	s3client	sdk	rank	2	role	home	inflight	2	threads	16	start_s	138.336022	wall_s	11.751392	setup_s	0.000071	classify_s	11.032196	close_s	0.526771	report_s	0.185466	status	0	sequences	11073410	bases	2024074094	classified	10832572	place	lpt	weight	11073410
10590116 sequences (1935.91 Mbp) processed in 10.428s (60934.0 Kseq/m, 11138.95 Mbp/m).
  10426493 sequences classified (98.45%)
  163623 sequences unclassified (1.55%)
ak2-sample	batch	0	name	0-SRR5935765	mode	parallel	s3client	sdk	rank	2	role	home	inflight	2	threads	16	start_s	139.504960	wall_s	10.799750	setup_s	0.000074	classify_s	10.427786	close_s	0.219137	report_s	0.146529	status	0	sequences	10590116	bases	1935908855	classified	10426493	place	lpt	weight	10590116
8206591 sequences (1523.97 Mbp) processed in 8.901s (55317.8 Kseq/m, 10272.54 Mbp/m).
  7998445 sequences classified (97.46%)
  208146 sequences unclassified (2.54%)
ak2-sample	batch	0	name	0-SRR5935758	mode	parallel	s3client	sdk	rank	2	role	home	inflight	2	threads	16	start_s	150.304732	wall_s	9.313429	setup_s	0.000069	classify_s	8.901215	close_s	0.201982	report_s	0.204197	status	0	sequences	8206591	bases	1523967713	classified	7998445	place	lpt	weight	8206591
10067025 sequences (1870.49 Mbp) processed in 10.221s (59098.9 Kseq/m, 10980.81 Mbp/m).
  9884918 sequences classified (98.19%)
  182107 sequences unclassified (1.81%)
ak2-sample	batch	0	name	0-SRR5935811	mode	parallel	s3client	sdk	rank	2	role	home	inflight	2	threads	16	start_s	150.087444	wall_s	10.583165	setup_s	0.000061	classify_s	10.220526	close_s	0.235337	report_s	0.120723	status	0	sequences	10067025	bases	1870494351	classified	9884918	place	lpt	weight	10067025
3168882 sequences (592.65 Mbp) processed in 3.675s (51739.7 Kseq/m, 9676.42 Mbp/m).
  3127330 sequences classified (98.69%)
  41552 sequences unclassified (1.31%)
ak2-sample	batch	0	name	0-SRR5935776	mode	parallel	s3client	sdk	rank	2	role	home	inflight	2	threads	16	start_s	160.670635	wall_s	4.003120	setup_s	0.000070	classify_s	3.674798	close_s	0.217057	report_s	0.107329	status	0	sequences	3168882	bases	592648009	classified	3127330	place	lpt	weight	3168882
5166420 sequences (956.19 Mbp) processed in 5.027s (61664.6 Kseq/m, 11412.77 Mbp/m).
  4901709 sequences classified (94.88%)
  264711 sequences unclassified (5.12%)
ak2-engine	mem	t_s	165.1	rss_kib	156698028	hwm_kib	157863796	heap_inuse	6835961856	sys	13749691672	avail_kib	95761920
ak2-sample	batch	0	name	0-SRR5935767	mode	parallel	s3client	sdk	rank	2	role	home	inflight	2	threads	16	start_s	159.618283	wall_s	5.595104	setup_s	0.000096	classify_s	5.026959	close_s	0.263768	report_s	0.297770	status	0	sequences	5166420	bases	956191777	classified	4901709	place	lpt	weight	5166420
1085628 sequences (199.24 Mbp) processed in 0.936s (69589.5 Kseq/m, 12771.70 Mbp/m).
  1061820 sequences classified (97.81%)
  23808 sequences unclassified (2.19%)
ak2-sample	batch	0	name	0-SRR5935839	mode	parallel	s3client	sdk	rank	2	role	home	inflight	2	threads	16	start_s	164.673782	wall_s	1.362845	setup_s	0.000053	classify_s	0.936028	close_s	0.262648	report_s	0.161766	status	0	sequences	1085628	bases	199244471	classified	1061820	place	lpt	weight	1085628
ak2-timing	batch-barrier-0	166.036646	1.278718	0	0	0.435335	0.070255
6552107 sequences (1182.80 Mbp) processed in 7.149s (54992.7 Kseq/m, 9927.38 Mbp/m).
  6331866 sequences classified (96.64%)
  220241 sequences unclassified (3.36%)
ak2-sample	batch	1	name	1-SRR5935750	mode	parallel	s3client	sdk	rank	2	role	home	inflight	2	threads	16	start_s	167.315387	wall_s	7.636483	setup_s	0.000057	classify_s	7.148698	close_s	0.274559	report_s	0.206843	status	0	sequences	6552107	bases	1182796919	classified	6331866	place	mod	weight	6552107
ak2-engine	mem	t_s	180.1	rss_kib	156840372	hwm_kib	157863796	heap_inuse	10186915840	sys	13749888280	avail_kib	95608720
12325847 sequences (2261.51 Mbp) processed in 12.717s (58154.4 Kseq/m, 10670.00 Mbp/m).
  11791754 sequences classified (95.67%)
  534093 sequences unclassified (4.33%)
ak2-sample	batch	1	name	1-SRR5935742	mode	parallel	s3client	sdk	rank	2	role	home	inflight	2	threads	16	start_s	167.315415	wall_s	13.287615	setup_s	0.000043	classify_s	12.717032	close_s	0.332618	report_s	0.228196	status	0	sequences	12325847	bases	2261511731	classified	11791754	place	mod	weight	12325847
8206591 sequences (1523.97 Mbp) processed in 8.285s (59433.6 Kseq/m, 11036.85 Mbp/m).
  7998445 sequences classified (97.46%)
  208146 sequences unclassified (2.54%)
ak2-sample	batch	1	name	1-SRR5935758	mode	parallel	s3client	sdk	rank	2	role	home	inflight	2	threads	16	start_s	174.951895	wall_s	8.660983	setup_s	0.000065	classify_s	8.284796	close_s	0.231417	report_s	0.138627	status	0	sequences	8206591	bases	1523967713	classified	7998445	place	mod	weight	8206591
14120624 sequences (2649.39 Mbp) processed in 14.185s (59728.3 Kseq/m, 11206.56 Mbp/m).
  13394795 sequences classified (94.86%)
  725829 sequences unclassified (5.14%)
ak2-engine	mem	t_s	195.1	rss_kib	157318612	hwm_kib	157863796	heap_inuse	10442588160	sys	13749986584	avail_kib	94486916
ak2-sample	batch	1	name	1-SRR5935766	mode	parallel	s3client	sdk	rank	2	role	home	inflight	2	threads	16	start_s	180.603109	wall_s	14.605478	setup_s	0.000063	classify_s	14.184868	close_s	0.249148	report_s	0.162251	status	0	sequences	14120624	bases	2649393059	classified	13394795	place	mod	weight	14120624
12252617 sequences (2212.67 Mbp) processed in 11.624s (63244.6 Kseq/m, 11421.21 Mbp/m).
  10208851 sequences classified (83.32%)
  2043766 sequences unclassified (16.68%)
ak2-sample	batch	1	name	1-SRR5935774	mode	parallel	s3client	sdk	rank	2	role	home	inflight	2	threads	16	start_s	183.612949	wall_s	12.221813	setup_s	0.000077	classify_s	11.624027	close_s	0.391225	report_s	0.189449	status	0	sequences	12252617	bases	2212674525	classified	10208851	place	mod	weight	12252617
9202475 sequences (1711.99 Mbp) processed in 9.828s (56180.3 Kseq/m, 10451.55 Mbp/m).
  8810259 sequences classified (95.74%)
  392216 sequences unclassified (4.26%)
10128070 sequences (1876.81 Mbp) processed in 10.400s (58433.2 Kseq/m, 10828.13 Mbp/m).
  9942775 sequences classified (98.17%)
  185295 sequences unclassified (1.83%)
ak2-sample	batch	1	name	1-SRR5935782	mode	parallel	s3client	sdk	rank	2	role	home	inflight	2	threads	16	start_s	195.208614	wall_s	10.822795	setup_s	0.000052	classify_s	10.399643	close_s	0.266871	report_s	0.149880	status	0	sequences	10128070	bases	1876810820	classified	9942775	place	mod	weight	10128070
ak2-sample	batch	1	name	1-SRR5935790	mode	parallel	s3client	sdk	rank	2	role	home	inflight	2	threads	16	start_s	195.834835	wall_s	10.268268	setup_s	0.000090	classify_s	9.828157	close_s	0.202418	report_s	0.229031	status	0	sequences	9202475	bases	1711991411	classified	8810259	place	mod	weight	9202475
ak2-engine	mem	t_s	210.1	rss_kib	157030032	hwm_kib	157863796	heap_inuse	10509451264	sys	13750068504	avail_kib	94448116
14472574 sequences (2738.53 Mbp) processed in 15.971s (54371.1 Kseq/m, 10288.20 Mbp/m).
  14022498 sequences classified (96.89%)
  450076 sequences unclassified (3.11%)
ak2-sample	batch	1	name	1-SRR5935806	mode	parallel	s3client	sdk	rank	2	role	home	inflight	2	threads	16	start_s	206.103124	wall_s	16.403470	setup_s	0.000061	classify_s	15.970897	close_s	0.256155	report_s	0.167655	status	0	sequences	14472574	bases	2738529910	classified	14022498	place	mod	weight	14472574
ak2-engine	mem	t_s	225.1	rss_kib	157312388	hwm_kib	157863796	heap_inuse	9644990464	sys	13750134040	avail_kib	94796364
20086542 sequences (3689.65 Mbp) processed in 20.293s (59389.0 Kseq/m, 10909.02 Mbp/m).
  19142785 sequences classified (95.30%)
  943757 sequences unclassified (4.70%)
ak2-sample	batch	1	name	1-SRR5935798	mode	parallel	s3client	sdk	rank	2	role	home	inflight	2	threads	16	start_s	206.031431	wall_s	20.788871	setup_s	0.000060	classify_s	20.293197	close_s	0.302956	report_s	0.176999	status	0	sequences	20086542	bases	3689648337	classified	19142785	place	mod	weight	20086542
5072545 sequences (950.40 Mbp) processed in 4.867s (62534.7 Kseq/m, 11716.61 Mbp/m).
  4982177 sequences classified (98.22%)
  90368 sequences unclassified (1.78%)
ak2-sample	batch	1	name	1-SRR5935814	mode	parallel	s3client	sdk	rank	2	role	home	inflight	2	threads	16	start_s	222.506620	wall_s	5.320978	setup_s	0.000069	classify_s	4.866938	close_s	0.261840	report_s	0.186113	status	0	sequences	5072545	bases	950400325	classified	4982177	place	mod	weight	5072545
ak2-engine	mem	t_s	240.1	rss_kib	157322040	hwm_kib	157863796	heap_inuse	9891536896	sys	13750199576	avail_kib	94887556
13365245 sequences (2460.33 Mbp) processed in 13.102s (61204.7 Kseq/m, 11266.81 Mbp/m).
  13192260 sequences classified (98.71%)
  172985 sequences unclassified (1.29%)
ak2-sample	batch	1	name	1-SRR5935822	mode	parallel	s3client	sdk	rank	2	role	home	inflight	2	threads	16	start_s	226.820325	wall_s	13.570724	setup_s	0.000069	classify_s	13.102165	close_s	0.324148	report_s	0.137040	status	0	sequences	13365245	bases	2460327516	classified	13192260	place	mod	weight	13365245
14303962 sequences (2635.98 Mbp) processed in 13.951s (61515.9 Kseq/m, 11336.34 Mbp/m).
  14029845 sequences classified (98.08%)
  274117 sequences unclassified (1.92%)
ak2-sample	batch	1	name	1-SRR5935830	mode	parallel	s3client	sdk	rank	2	role	home	inflight	2	threads	16	start_s	227.827620	wall_s	14.420455	setup_s	0.000066	classify_s	13.951481	close_s	0.292188	report_s	0.168697	status	0	sequences	14303962	bases	2635979010	classified	14029845	place	mod	weight	14303962
14615323 sequences (2691.06 Mbp) processed in 8.839s (99211.9 Kseq/m, 18267.51 Mbp/m).
  14358414 sequences classified (98.24%)
  256909 sequences unclassified (1.76%)
ak2-sample	batch	1	name	1-SRR5935838	mode	parallel	s3client	sdk	rank	2	role	home	inflight	2	threads	16	start_s	240.391083	wall_s	9.219656	setup_s	0.000068	classify_s	8.838849	close_s	0.236199	report_s	0.137582	status	0	sequences	14615323	bases	2691062094	classified	14358414	place	mod	weight	14615323
ak2-timing	batch-barrier-1	249.610762	0.233950	1	0	0.000000	0.003914
ak2-engine	mem	t_s	255.1	rss_kib	156431552	hwm_kib	157863796	heap_inuse	8068923392	sys	13750461720	avail_kib	95160732
16260968 sequences (3012.84 Mbp) processed in 16.737s (58294.7 Kseq/m, 10800.86 Mbp/m).
  15948766 sequences classified (98.08%)
  312202 sequences unclassified (1.92%)
ak2-sample	batch	2	name	2-SRR5935827	mode	parallel	s3client	sdk	rank	2	role	home	inflight	2	threads	16	start_s	249.844746	wall_s	17.103998	setup_s	0.000050	classify_s	16.736647	close_s	0.212264	report_s	0.146514	status	0	sequences	16260968	bases	3012837135	classified	15948766	place	lpt	weight	16260968
ak2-engine	mem	t_s	270.1	rss_kib	155380180	hwm_kib	157863796	heap_inuse	8424333312	sys	13750461720	avail_kib	95702464
20086542 sequences (3689.65 Mbp) processed in 20.653s (58355.6 Kseq/m, 10719.20 Mbp/m).
  19142785 sequences classified (95.30%)
  943757 sequences unclassified (4.70%)
ak2-sample	batch	2	name	2-SRR5935798	mode	parallel	s3client	sdk	rank	2	role	home	inflight	2	threads	16	start_s	249.844760	wall_s	21.070030	setup_s	0.000100	classify_s	20.652561	close_s	0.223516	report_s	0.179262	status	0	sequences	20086542	bases	3689648337	classified	19142785	place	lpt	weight	20086542
15271512 sequences (2845.36 Mbp) processed in 15.657s (58524.3 Kseq/m, 10904.13 Mbp/m).
  14502211 sequences classified (94.96%)
  769301 sequences unclassified (5.04%)
ak2-sample	batch	2	name	2-SRR5935772	mode	parallel	s3client	sdk	rank	2	role	home	inflight	2	threads	16	start_s	266.948813	wall_s	16.159325	setup_s	0.000067	classify_s	15.656595	close_s	0.296803	report_s	0.192941	status	0	sequences	15271512	bases	2845360298	classified	14502211	place	lpt	weight	15271512
ak2-engine	mem	t_s	285.1	rss_kib	155977600	hwm_kib	157863796	heap_inuse	8240316416	sys	13750461720	avail_kib	95384232
14261195 sequences (2665.70 Mbp) processed in 14.388s (59469.6 Kseq/m, 11116.03 Mbp/m).
  13980324 sequences classified (98.03%)
  280871 sequences unclassified (1.97%)
ak2-sample	batch	2	name	2-SRR5935817	mode	parallel	s3client	sdk	rank	2	role	home	inflight	2	threads	16	start_s	270.914859	wall_s	14.828171	setup_s	0.000062	classify_s	14.388394	close_s	0.242164	report_s	0.187613	status	0	sequences	14261195	bases	2665696979	classified	13980324	place	lpt	weight	14261195
13162386 sequences (2465.10 Mbp) processed in 13.512s (58449.4 Kseq/m, 10946.60 Mbp/m).
  12297712 sequences classified (93.43%)
  864674 sequences unclassified (6.57%)
ak2-sample	batch	2	name	2-SRR5935801	mode	parallel	s3client	sdk	rank	2	role	home	inflight	2	threads	16	start_s	283.108211	wall_s	13.910102	setup_s	0.000061	classify_s	13.511571	close_s	0.220079	report_s	0.165169	status	0	sequences	13162386	bases	2465096767	classified	12297712	place	lpt	weight	13162386
11859598 sequences (2188.90 Mbp) processed in 11.971s (59440.1 Kseq/m, 10970.74 Mbp/m).
  10951240 sequences classified (92.34%)
  908358 sequences unclassified (7.66%)
ak2-sample	batch	2	name	2-SRR5935748	mode	parallel	s3client	sdk	rank	2	role	home	inflight	2	threads	16	start_s	285.743109	wall_s	12.428209	setup_s	0.000068	classify_s	11.971316	close_s	0.235997	report_s	0.188541	status	0	sequences	11859598	bases	2188903487	classified	10951240	place	lpt	weight	11859598
ak2-engine	mem	t_s	300.1	rss_kib	155892272	hwm_kib	157863796	heap_inuse	9435979776	sys	13750461720	avail_kib	95231844
11073410 sequences (2024.07 Mbp) processed in 11.186s (59395.7 Kseq/m, 10856.76 Mbp/m).
  10832572 sequences classified (97.83%)
  240838 sequences unclassified (2.17%)
ak2-sample	batch	2	name	2-SRR5935788	mode	parallel	s3client	sdk	rank	2	role	home	inflight	2	threads	16	start_s	297.018982	wall_s	11.917487	setup_s	0.000052	classify_s	11.186072	close_s	0.588248	report_s	0.136432	status	0	sequences	11073410	bases	2024074094	classified	10832572	place	lpt	weight	11073410
10590116 sequences (1935.91 Mbp) processed in 10.637s (59738.0 Kseq/m, 10920.30 Mbp/m).
  10426493 sequences classified (98.45%)
  163623 sequences unclassified (1.55%)
ak2-sample	batch	2	name	2-SRR5935765	mode	parallel	s3client	sdk	rank	2	role	home	inflight	2	threads	16	start_s	298.171395	wall_s	11.111558	setup_s	0.000053	classify_s	10.636568	close_s	0.278597	report_s	0.190162	status	0	sequences	10590116	bases	1935908855	classified	10426493	place	lpt	weight	10590116
ak2-engine	mem	t_s	315.2	rss_kib	157821700	hwm_kib	157863796	heap_inuse	11139334144	sys	13751510296	avail_kib	93547108
8206591 sequences (1523.97 Mbp) processed in 9.123s (53973.5 Kseq/m, 10022.90 Mbp/m).
  7998445 sequences classified (97.46%)
  208146 sequences unclassified (2.54%)
ak2-sample	batch	2	name	2-SRR5935758	mode	parallel	s3client	sdk	rank	2	role	home	inflight	2	threads	16	start_s	309.283030	wall_s	9.509177	setup_s	0.000067	classify_s	9.122915	close_s	0.232928	report_s	0.147465	status	0	sequences	8206591	bases	1523967713	classified	7998445	place	lpt	weight	8206591
10067025 sequences (1870.49 Mbp) processed in 10.082s (59908.8 Kseq/m, 11131.31 Mbp/m).
  9884918 sequences classified (98.19%)
  182107 sequences unclassified (1.81%)
ak2-sample	batch	2	name	2-SRR5935811	mode	parallel	s3client	sdk	rank	2	role	home	inflight	2	threads	16	start_s	308.936493	wall_s	10.510125	setup_s	0.000067	classify_s	10.082345	close_s	0.234348	report_s	0.186830	status	0	sequences	10067025	bases	1870494351	classified	9884918	place	lpt	weight	10067025
3168882 sequences (592.65 Mbp) processed in 3.695s (51456.4 Kseq/m, 9623.44 Mbp/m).
  3127330 sequences classified (98.69%)
  41552 sequences unclassified (1.31%)
ak2-sample	batch	2	name	2-SRR5935776	mode	parallel	s3client	sdk	rank	2	role	home	inflight	2	threads	16	start_s	319.446694	wall_s	4.079008	setup_s	0.000064	classify_s	3.695028	close_s	0.250003	report_s	0.130030	status	0	sequences	3168882	bases	592648009	classified	3127330	place	lpt	weight	3168882
5166420 sequences (956.19 Mbp) processed in 4.896s (63312.8 Kseq/m, 11717.81 Mbp/m).
  4901709 sequences classified (94.88%)
  264711 sequences unclassified (5.12%)
ak2-sample	batch	2	name	2-SRR5935767	mode	parallel	s3client	sdk	rank	2	role	home	inflight	2	threads	16	start_s	318.792278	wall_s	5.296124	setup_s	0.000070	classify_s	4.896093	close_s	0.208721	report_s	0.184685	status	0	sequences	5166420	bases	956191777	classified	4901709	place	lpt	weight	5166420
1085628 sequences (199.24 Mbp) processed in 0.929s (70116.1 Kseq/m, 12868.35 Mbp/m).
  1061820 sequences classified (97.81%)
  23808 sequences unclassified (2.19%)
ak2-sample	batch	2	name	2-SRR5935839	mode	parallel	s3client	sdk	rank	2	role	home	inflight	2	threads	16	start_s	323.525729	wall_s	1.277003	setup_s	0.000060	classify_s	0.928998	close_s	0.239747	report_s	0.105832	status	0	sequences	1085628	bases	199244471	classified	1061820	place	lpt	weight	1085628
ak2-timing	batch-barrier-2	324.802755	3.008705	0	0	0.534299	0.078439
ak2-engine	mem	t_s	330.2	rss_kib	149176776	hwm_kib	157863796	heap_inuse	3053215744	sys	13751510296	avail_kib	101168456
ak2-timing	barrier	333.976682	0.149692	0	0	0.005798	0.000371
ak2-sample	batch	3	name	3-SRR5935740	mode	striped	s3client	sdk	rank	2	role	peer	inflight	1	threads	16	start_s	328.203353	wall_s	5.923069	setup_s	0.000059	classify_s	5.767400	close_s	0.000000	report_s	0.000000	status	0	sequences	0	bases	0	classified	0	place	-	weight	-
ak2-timing	batch-barrier-3	334.126432	0.435928	0	0	0.004717	0.000302
ak2-timing	barrier	340.767460	0.008428	0	0	0.000036	0.000002
ak2-sample	batch	4	name	4-SRR5935740	mode	striped	s3client	sdk	rank	2	role	peer	inflight	1	threads	16	start_s	335.008584	wall_s	5.767353	setup_s	0.000051	classify_s	5.753094	close_s	0.000000	report_s	0.000000	status	0	sequences	0	bases	0	classified	0	place	-	weight	-
ak2-timing	batch-barrier-4	340.775948	0.622106	0	0	0.005083	0.000326
ak2-engine	mem	t_s	345.2	rss_kib	149737656	hwm_kib	157863796	heap_inuse	4398080000	sys	13751510296	avail_kib	103051576
ak2-timing	barrier	347.413458	0.025529	0	0	0.000085	0.000006
ak2-sample	batch	5	name	5-SRR5935740	mode	striped	s3client	sdk	rank	2	role	peer	inflight	1	threads	16	start_s	341.652470	wall_s	5.786568	setup_s	0.000049	classify_s	5.755302	close_s	0.000000	report_s	0.000000	status	0	sequences	0	bases	0	classified	0	place	-	weight	-
ak2-timing	batch-barrier-5	347.439047	0.638166	0	0	0.006170	0.000395
ak2-timing	batch-barrier-6	348.077228	6.984814	0	0	1.530929	0.177007
ak2-engine	mem	t_s	360.2	rss_kib	150363092	hwm_kib	157863796	heap_inuse	3110338560	sys	13751510296	avail_kib	103556276
ak2-timing	batch-barrier-7	355.062063	6.915120	0	0	1.664877	0.163270
ak2-timing	batch-barrier-8	361.977201	5.957590	0	0	1.387437	0.157763
ak2-engine	shard	0	n	8	lo	74318229485	hi	111477344228	tail	302	full	false	empty_at	37159114742	keys	16959420915	batches	89910	probe_s	453.875616	tail_probes	0	wrap_probes	0
ak2-engine	mem	t_s	367.9	rss_kib	150363092	hwm_kib	157863796	heap_inuse	3113435136	sys	13751510296	avail_kib	104078540
ak2-engine	rendezvous	puts	13	gets	237
ak2-engine	s3	client	sdk	put	52	get	237	create_multipart	39	upload_part	4542	complete_multipart	39	abort_multipart	0	part_bytes	37919161717
ak2-engine	s3	client	cli	put	0	get	0	create_multipart	0	upload_part	0	complete_multipart	0	abort_multipart	0	part_bytes	0
ak2-engine	load	seconds	80.509670	requests	2233	retries	0	bytes	148636525780
ak2-engine	route	transport	nodes	calls	11533	keys	17374266311	batches	92264	route_s	206.154428	wait_s	705.150056	gather_s	41.450873
ak2-engine	worker	scan_s	1587.052761	lookup_s	952.763310	classify_s	1377.988836
ak2-timing	total	0.000001	368.218171	17855278	0	3347.403974	214.435233
