Loading database information...ak2-timing	opts	0.003235	0.000019	0	0	0.000017	0.000000
ak2-timing	taxo	0.003262	0.094575	87861	0	0.019729	0.077799
ak2-engine	mem	t_s	15.0	rss_kib	36678388	hwm_kib	36678392	heap_inuse	402448384	sys	434821480	avail_kib	58223676
ak2-timing	shard-load-16	0.166481	15.188417	23690	0	19.327930	16.810405
ak2-engine	mem	t_s	30.0	rss_kib	36690284	hwm_kib	36690288	heap_inuse	410648576	sys	439085432	avail_kib	58580956
ak2-engine	mem	t_s	45.0	rss_kib	36693552	hwm_kib	36693556	heap_inuse	414302208	sys	443279736	avail_kib	58787300
ak2-timing	rendezvous	15.829734	29.462207	3980	0	0.063069	0.021067
ak2-timing	connect	45.291960	0.513522	10602	0	0.250474	0.072209
ak2-timing	hash	0.097893	45.707613	40006	0	19.653297	16.906843
 done.
8766123 sequences (1609.93 Mbp) processed in 8.525s (61698.4 Kseq/m, 11331.12 Mbp/m).
  8639469 sequences classified (98.56%)
  126654 sequences unclassified (1.44%)
ak2-sample	batch	0	name	0-SRR5935826	mode	parallel	s3client	sdk	rank	16	role	home	inflight	6	threads	16	start_s	45.805549	wall_s	9.012297	setup_s	0.000068	classify_s	8.524811	close_s	0.331466	report_s	0.150458	status	0	sequences	8766123	bases	1609927653	classified	8639469	place	lpt	weight	8766123
11859598 sequences (2188.90 Mbp) processed in 9.260s (76840.1 Kseq/m, 14182.23 Mbp/m).
  10951240 sequences classified (92.34%)
  908358 sequences unclassified (7.66%)
ak2-sample	batch	0	name	0-SRR5935748	mode	parallel	s3client	sdk	rank	16	role	home	inflight	6	threads	16	start_s	45.805563	wall_s	9.926051	setup_s	0.000063	classify_s	9.260479	close_s	0.463826	report_s	0.187297	status	0	sequences	11859598	bases	2188903487	classified	10951240	place	lpt	weight	11859598
15746753 sequences (2888.34 Mbp) processed in 11.354s (83211.3 Kseq/m, 15262.97 Mbp/m).
  14105631 sequences classified (89.58%)
  1641122 sequences unclassified (10.42%)
ak2-sample	batch	0	name	0-SRR5935768	mode	parallel	s3client	sdk	rank	16	role	home	inflight	6	threads	16	start_s	45.805554	wall_s	11.921178	setup_s	0.000065	classify_s	11.354293	close_s	0.321103	report_s	0.231532	status	0	sequences	15746753	bases	2888337209	classified	14105631	place	lpt	weight	15746753
ak2-timing	batch-barrier-0	57.726755	1.803409	4	0	0.180851	0.376246
ak2-engine	mem	t_s	60.0	rss_kib	50928116	hwm_kib	56111996	heap_inuse	6230302720	sys	20681939848	avail_kib	42890164
11073410 sequences (2024.07 Mbp) processed in 9.740s (68215.0 Kseq/m, 12468.80 Mbp/m).
  10832572 sequences classified (97.83%)
  240838 sequences unclassified (2.17%)
12062510 sequences (2207.30 Mbp) processed in 9.928s (72901.3 Kseq/m, 13340.09 Mbp/m).
  10926608 sequences classified (90.58%)
  1135902 sequences unclassified (9.42%)
ak2-sample	batch	1	name	1-SRR5935788	mode	parallel	s3client	sdk	rank	16	role	home	inflight	6	threads	16	start_s	59.530218	wall_s	10.226557	setup_s	0.000040	classify_s	9.739863	close_s	0.310805	report_s	0.169127	status	0	sequences	11073410	bases	2024074094	classified	10832572	place	mod	weight	11073410
ak2-sample	batch	1	name	1-SRR5935820	mode	parallel	s3client	sdk	rank	16	role	home	inflight	6	threads	16	start_s	59.530195	wall_s	10.352104	setup_s	0.000046	classify_s	9.927811	close_s	0.228506	report_s	0.179112	status	0	sequences	12062510	bases	2207297835	classified	10926608	place	mod	weight	12062510
16053448 sequences (2993.47 Mbp) processed in 11.597s (83058.9 Kseq/m, 15487.89 Mbp/m).
  15204484 sequences classified (94.71%)
  848964 sequences unclassified (5.29%)
ak2-sample	batch	1	name	1-SRR5935756	mode	parallel	s3client	sdk	rank	16	role	home	inflight	6	threads	16	start_s	59.530212	wall_s	12.143433	setup_s	0.000045	classify_s	11.596680	close_s	0.358096	report_s	0.175916	status	0	sequences	16053448	bases	2993468449	classified	15204484	place	mod	weight	16053448
ak2-engine	mem	t_s	75.0	rss_kib	55928724	hwm_kib	56111996	heap_inuse	17293656064	sys	20686265224	avail_kib	38683992
ak2-timing	batch-barrier-1	71.673668	3.825194	4	0	0.709553	0.082371
8766123 sequences (1609.93 Mbp) processed in 8.779s (59913.3 Kseq/m, 11003.28 Mbp/m).
  8639469 sequences classified (98.56%)
  126654 sequences unclassified (1.44%)
ak2-sample	batch	2	name	2-SRR5935826	mode	parallel	s3client	sdk	rank	16	role	home	inflight	6	threads	16	start_s	75.498913	wall_s	9.311916	setup_s	0.000047	classify_s	8.778808	close_s	0.249069	report_s	0.278776	status	0	sequences	8766123	bases	1609927653	classified	8639469	place	lpt	weight	8766123
11859598 sequences (2188.90 Mbp) processed in 9.945s (71554.1 Kseq/m, 13206.61 Mbp/m).
  10951240 sequences classified (92.34%)
  908358 sequences unclassified (7.66%)
ak2-sample	batch	2	name	2-SRR5935748	mode	parallel	s3client	sdk	rank	16	role	home	inflight	6	threads	16	start_s	75.498922	wall_s	10.490743	setup_s	0.000053	classify_s	9.944581	close_s	0.284825	report_s	0.246645	status	0	sequences	11859598	bases	2188903487	classified	10951240	place	lpt	weight	11859598
15746753 sequences (2888.34 Mbp) processed in 11.382s (83008.2 Kseq/m, 15225.71 Mbp/m).
  14105631 sequences classified (89.58%)
  1641122 sequences unclassified (10.42%)
ak2-sample	batch	2	name	2-SRR5935768	mode	parallel	s3client	sdk	rank	16	role	home	inflight	6	threads	16	start_s	75.498915	wall_s	12.021408	setup_s	0.000041	classify_s	11.382077	close_s	0.421023	report_s	0.203296	status	0	sequences	15746753	bases	2888337209	classified	14105631	place	lpt	weight	15746753
ak2-engine	mem	t_s	90.0	rss_kib	52540412	hwm_kib	56117596	heap_inuse	9869533184	sys	20689533832	avail_kib	38983832
ak2-timing	batch-barrier-2	87.520343	2.688696	4	0	0.171330	0.070576
ak2-timing	barrier	96.865390	0.120329	0	0	0.000930	0.000079
ak2-sample	batch	3	name	3-SRR5935740	mode	striped	s3client	sdk	rank	16	role	peer	inflight	1	threads	16	start_s	91.091816	wall_s	5.893953	setup_s	0.000054	classify_s	5.771112	close_s	0.000000	report_s	0.000000	status	0	sequences	0	bases	0	classified	0	place	-	weight	-
ak2-timing	batch-barrier-3	96.985777	0.861400	0	0	0.008033	0.000680
ak2-timing	barrier	104.831002	0.043677	0	0	0.000086	0.000007
ak2-sample	batch	4	name	4-SRR5935740	mode	striped	s3client	sdk	rank	16	role	peer	inflight	1	threads	16	start_s	99.051545	wall_s	5.823185	setup_s	0.000053	classify_s	5.776439	close_s	0.000000	report_s	0.000000	status	0	sequences	0	bases	0	classified	0	place	-	weight	-
ak2-engine	mem	t_s	105.0	rss_kib	39229928	hwm_kib	56117596	heap_inuse	2851504128	sys	20689795976	avail_kib	54973484
ak2-timing	batch-barrier-4	104.874739	0.908777	260	0	0.008470	0.000709
ak2-timing	barrier	112.733849	0.043086	0	0	0.000097	0.000008
ak2-sample	batch	5	name	5-SRR5935740	mode	striped	s3client	sdk	rank	16	role	peer	inflight	1	threads	16	start_s	106.986718	wall_s	5.790269	setup_s	0.000051	classify_s	5.744786	close_s	0.000000	report_s	0.000000	status	0	sequences	0	bases	0	classified	0	place	-	weight	-
ak2-timing	batch-barrier-5	112.776995	0.926759	3	0	0.000000	0.008648
ak2-engine	mem	t_s	120.0	rss_kib	39204500	hwm_kib	56117596	heap_inuse	2165743616	sys	20689795976	avail_kib	55894136
ak2-timing	batch-barrier-6	113.703779	7.469966	6	0	0.290877	0.098646
ak2-timing	batch-barrier-7	121.173771	6.481907	3	0	0.324019	0.063099
ak2-engine	mem	t_s	135.0	rss_kib	39204520	hwm_kib	56117596	heap_inuse	2169217024	sys	20689795976	avail_kib	56146512
ak2-timing	batch-barrier-8	127.655704	7.544169	2	0	0.338046	0.060883
ak2-engine	shard	0	n	32	lo	148636458971	hi	157926237656	tail	302	full	false	empty_at	9289778688	keys	4240370052	batches	89910	probe_s	91.963932	tail_probes	0	wrap_probes	0
ak2-engine	mem	t_s	135.2	rss_kib	39204520	hwm_kib	56117596	heap_inuse	2169225216	sys	20689795976	avail_kib	56152416
ak2-engine	rendezvous	puts	13	gets	803
ak2-engine	s3	client	sdk	put	22	get	803	create_multipart	9	upload_part	1179	complete_multipart	9	abort_multipart	0	part_bytes	9844158205
ak2-engine	s3	client	cli	put	0	get	0	create_multipart	0	upload_part	0	complete_multipart	0	abort_multipart	0	part_bytes	0
ak2-engine	load	seconds	15.188413	requests	572	retries	0	bytes	37159181548
ak2-engine	route	transport	nodes	calls	2955	keys	4438818794	batches	94560	route_s	39.566204	wait_s	735.363069	gather_s	8.533839
ak2-engine	worker	scan_s	323.137086	lookup_s	783.464965	classify_s	245.065947
ak2-timing	total	0.000001	135.269277	8997237	0	900.193082	74.861256
