Loading database information...ak2-timing	opts	0.002776	0.000018	0	0	0.000017	0.000000
ak2-timing	taxo	0.002801	0.093046	87784	0	0.025924	0.082165
ak2-engine	mem	t_s	15.0	rss_kib	26310840	hwm_kib	26310844	heap_inuse	397295616	sys	415816040	avail_kib	230021700
ak2-engine	mem	t_s	30.0	rss_kib	52715684	hwm_kib	52715688	heap_inuse	399753216	sys	420010344	avail_kib	203625160
ak2-engine	mem	t_s	45.0	rss_kib	79118260	hwm_kib	79118264	heap_inuse	401514496	sys	420010344	avail_kib	177199552
ak2-engine	mem	t_s	60.0	rss_kib	105531676	hwm_kib	105531676	heap_inuse	403873792	sys	420010344	avail_kib	150704780
ak2-engine	mem	t_s	75.0	rss_kib	131946888	hwm_kib	131946892	heap_inuse	406028288	sys	424466792	avail_kib	124231504
ak2-timing	shard-load-3	0.169705	83.065824	78007	0	113.034689	139.335479
ak2-engine	mem	t_s	90.0	rss_kib	145554520	hwm_kib	145554524	heap_inuse	409387008	sys	428661096	avail_kib	110746748
ak2-timing	rendezvous	84.018814	7.199345	585	0	0.007004	0.008483
ak2-timing	connect	91.218175	0.096658	292	0	0.000628	0.000775
ak2-timing	hash	0.095868	91.218977	80742	0	113.045606	139.356779
 done.
ak2-engine	mem	t_s	105.0	rss_kib	156558032	hwm_kib	156558032	heap_inuse	9760481280	sys	12090265192	avail_kib	97496776
16286650 sequences (3018.35 Mbp) processed in 16.716s (58460.0 Kseq/m, 10834.21 Mbp/m).
  15278935 sequences classified (93.81%)
  1007715 sequences unclassified (6.19%)
ak2-sample	batch	0	name	0-SRR5935757	mode	parallel	s3client	sdk	rank	3	role	home	inflight	2	threads	16	start_s	91.314879	wall_s	17.145238	setup_s	0.000049	classify_s	16.715686	close_s	0.248147	report_s	0.166905	status	0	sequences	16286650	bases	3018354004	classified	15278935	place	lpt	weight	16286650
18879904 sequences (3539.14 Mbp) processed in 19.334s (58589.5 Kseq/m, 10982.91 Mbp/m).
  18627146 sequences classified (98.66%)
  252758 sequences unclassified (1.34%)
ak2-sample	batch	0	name	0-SRR5935749	mode	parallel	s3client	sdk	rank	3	role	home	inflight	2	threads	16	start_s	91.314883	wall_s	19.801893	setup_s	0.000042	classify_s	19.334413	close_s	0.218080	report_s	0.241637	status	0	sequences	18879904	bases	3539135454	classified	18627146	place	lpt	weight	18879904
ak2-engine	mem	t_s	120.0	rss_kib	157310932	hwm_kib	157728660	heap_inuse	9265594368	sys	13135156344	avail_kib	96314348
15280552 sequences (2858.11 Mbp) processed in 15.211s (60274.5 Kseq/m, 11273.88 Mbp/m).
  13785544 sequences classified (90.22%)
  1495008 sequences unclassified (9.78%)
ak2-sample	batch	0	name	0-SRR5935810	mode	parallel	s3client	sdk	rank	3	role	home	inflight	2	threads	16	start_s	108.460343	wall_s	15.716554	setup_s	0.000059	classify_s	15.210961	close_s	0.254578	report_s	0.232042	status	0	sequences	15280552	bases	2858109884	classified	13785544	place	lpt	weight	15280552
14298074 sequences (2663.28 Mbp) processed in 14.207s (60383.5 Kseq/m, 11247.54 Mbp/m).
  14234512 sequences classified (99.56%)
  63562 sequences unclassified (0.44%)
ak2-sample	batch	0	name	0-SRR5935752	mode	parallel	s3client	sdk	rank	3	role	home	inflight	2	threads	16	start_s	111.116912	wall_s	14.626428	setup_s	0.000125	classify_s	14.207267	close_s	0.288041	report_s	0.126879	status	0	sequences	14298074	bases	2663280360	classified	14234512	place	lpt	weight	14298074
ak2-engine	mem	t_s	135.0	rss_kib	157422836	hwm_kib	157816556	heap_inuse	10081869824	sys	13567870184	avail_kib	95887020
13404063 sequences (2484.45 Mbp) processed in 13.522s (59474.8 Kseq/m, 11023.67 Mbp/m).
  13071600 sequences classified (97.52%)
  332463 sequences unclassified (2.48%)
ak2-sample	batch	0	name	0-SRR5935794	mode	parallel	s3client	sdk	rank	3	role	home	inflight	2	threads	16	start_s	124.177097	wall_s	13.964214	setup_s	0.000067	classify_s	13.522437	close_s	0.280481	report_s	0.154075	status	0	sequences	13404063	bases	2484447317	classified	13071600	place	lpt	weight	13404063
12325847 sequences (2261.51 Mbp) processed in 12.385s (59712.5 Kseq/m, 10955.88 Mbp/m).
  11791754 sequences classified (95.67%)
  534093 sequences unclassified (4.33%)
ak2-sample	batch	0	name	0-SRR5935742	mode	parallel	s3client	sdk	rank	3	role	home	inflight	2	threads	16	start_s	125.743366	wall_s	12.895420	setup_s	0.000064	classify_s	12.385196	close_s	0.220523	report_s	0.279826	status	0	sequences	12325847	bases	2261511731	classified	11791754	place	lpt	weight	12325847
ak2-engine	mem	t_s	150.0	rss_kib	157041496	hwm_kib	157816556	heap_inuse	10291888128	sys	13593625832	avail_kib	95926780
10140194 sequences (1929.10 Mbp) processed in 11.050s (55058.7 Kseq/m, 10474.54 Mbp/m).
  10096895 sequences classified (99.57%)
  43299 sequences unclassified (0.43%)
11689489 sequences (2123.44 Mbp) processed in 11.695s (59973.3 Kseq/m, 10894.38 Mbp/m).
  11327502 sequences classified (96.90%)
  361987 sequences unclassified (3.10%)
ak2-sample	batch	0	name	0-SRR5935791	mode	parallel	s3client	sdk	rank	3	role	home	inflight	2	threads	16	start_s	138.638863	wall_s	11.522367	setup_s	0.000079	classify_s	11.050230	close_s	0.341700	report_s	0.126136	status	0	sequences	10140194	bases	1929101997	classified	10096895	place	lpt	weight	10140194
ak2-sample	batch	0	name	0-SRR5935764	mode	parallel	s3client	sdk	rank	3	role	home	inflight	2	threads	16	start_s	138.141333	wall_s	12.095506	setup_s	0.000059	classify_s	11.694697	close_s	0.229886	report_s	0.161703	status	0	sequences	11689489	bases	2123440867	classified	11327502	place	lpt	weight	11689489
8326050 sequences (1540.09 Mbp) processed in 8.996s (55532.7 Kseq/m, 10272.04 Mbp/m).
  8094378 sequences classified (97.22%)
  231672 sequences unclassified (2.78%)
ak2-sample	batch	0	name	0-SRR5935828	mode	parallel	s3client	sdk	rank	3	role	home	inflight	2	threads	16	start_s	150.236867	wall_s	9.435198	setup_s	0.000059	classify_s	8.995828	close_s	0.218604	report_s	0.213011	status	0	sequences	8326050	bases	1540092338	classified	8094378	place	lpt	weight	8326050
10128070 sequences (1876.81 Mbp) processed in 10.661s (57003.0 Kseq/m, 10563.10 Mbp/m).
  9942775 sequences classified (98.17%)
  185295 sequences unclassified (1.83%)
ak2-sample	batch	0	name	0-SRR5935782	mode	parallel	s3client	sdk	rank	3	role	home	inflight	2	threads	16	start_s	150.161247	wall_s	11.028502	setup_s	0.000056	classify_s	10.660570	close_s	0.218783	report_s	0.142825	status	0	sequences	10128070	bases	1876810820	classified	9942775	place	lpt	weight	10128070
3036382 sequences (569.20 Mbp) processed in 3.466s (52565.2 Kseq/m, 9853.94 Mbp/m).
  2817388 sequences classified (92.79%)
  218994 sequences unclassified (7.21%)
ak2-engine	mem	t_s	165.0	rss_kib	156161956	hwm_kib	157816556	heap_inuse	9337012224	sys	13593691368	avail_kib	96342300
ak2-sample	batch	0	name	0-SRR5935747	mode	parallel	s3client	sdk	rank	3	role	home	inflight	2	threads	16	start_s	161.189772	wall_s	3.870564	setup_s	0.000069	classify_s	3.465849	close_s	0.230652	report_s	0.167391	status	0	sequences	3036382	bases	569204188	classified	2817388	place	lpt	weight	3036382
5948317 sequences (1093.47 Mbp) processed in 5.449s (65500.7 Kseq/m, 12040.88 Mbp/m).
  5682744 sequences classified (95.54%)
  265573 sequences unclassified (4.46%)
ak2-sample	batch	0	name	0-SRR5935779	mode	parallel	s3client	sdk	rank	3	role	home	inflight	2	threads	16	start_s	159.672664	wall_s	5.844919	setup_s	0.000064	classify_s	5.448779	close_s	0.215827	report_s	0.174752	status	0	sequences	5948317	bases	1093467848	classified	5682744	place	lpt	weight	5948317
ak2-timing	batch-barrier-0	165.517606	1.185165	0	0	0.280833	0.029314
201473 sequences (36.75 Mbp) processed in 0.881s (13728.8 Kseq/m, 2503.91 Mbp/m).
  197603 sequences classified (98.08%)
  3870 sequences unclassified (1.92%)
ak2-sample	batch	1	name	1-SRR5935743	mode	parallel	s3client	sdk	rank	3	role	home	inflight	2	threads	16	start_s	166.702820	wall_s	1.366068	setup_s	0.000044	classify_s	0.880514	close_s	0.316847	report_s	0.167887	status	0	sequences	201473	bases	36745424	classified	197603	place	mod	weight	201473
ak2-engine	mem	t_s	180.0	rss_kib	156657052	hwm_kib	157816556	heap_inuse	7241990144	sys	13593691368	avail_kib	95690216
15312868 sequences (2847.18 Mbp) processed in 15.712s (58477.0 Kseq/m, 10872.84 Mbp/m).
  13152387 sequences classified (85.89%)
  2160481 sequences unclassified (14.11%)
ak2-sample	batch	1	name	1-SRR5935759	mode	parallel	s3client	sdk	rank	3	role	home	inflight	2	threads	16	start_s	168.068956	wall_s	16.169443	setup_s	0.000060	classify_s	15.711671	close_s	0.252499	report_s	0.192587	status	0	sequences	15312868	bases	2847175138	classified	13152387	place	mod	weight	15312868
18645445 sequences (3449.57 Mbp) processed in 17.782s (62911.7 Kseq/m, 11639.23 Mbp/m).
  18393099 sequences classified (98.65%)
  252346 sequences unclassified (1.35%)
ak2-sample	batch	1	name	1-SRR5935751	mode	parallel	s3client	sdk	rank	3	role	home	inflight	2	threads	16	start_s	166.702797	wall_s	18.306937	setup_s	0.000080	classify_s	17.782485	close_s	0.239533	report_s	0.276192	status	0	sequences	18645445	bases	3449573600	classified	18393099	place	mod	weight	18645445
5166420 sequences (956.19 Mbp) processed in 5.269s (58827.6 Kseq/m, 10887.70 Mbp/m).
  4901709 sequences classified (94.88%)
  264711 sequences unclassified (5.12%)
ak2-sample	batch	1	name	1-SRR5935767	mode	parallel	s3client	sdk	rank	3	role	home	inflight	2	threads	16	start_s	184.238424	wall_s	5.704844	setup_s	0.000064	classify_s	5.269388	close_s	0.195116	report_s	0.233153	status	0	sequences	5166420	bases	956191777	classified	4901709	place	mod	weight	5166420
2565282 sequences (465.56 Mbp) processed in 2.974s (51756.3 Kseq/m, 9393.04 Mbp/m).
  2508539 sequences classified (97.79%)
  56743 sequences unclassified (2.21%)
ak2-sample	batch	1	name	1-SRR5935783	mode	parallel	s3client	sdk	rank	3	role	home	inflight	2	threads	16	start_s	189.943291	wall_s	3.523285	setup_s	0.000057	classify_s	2.973880	close_s	0.313319	report_s	0.231874	status	0	sequences	2565282	bases	465562992	classified	2508539	place	mod	weight	2565282
ak2-engine	mem	t_s	195.0	rss_kib	156613800	hwm_kib	157816556	heap_inuse	9509896192	sys	13593756904	avail_kib	95558860
13010149 sequences (2394.73 Mbp) processed in 12.448s (62710.3 Kseq/m, 11542.86 Mbp/m).
  12910203 sequences classified (99.23%)
  99946 sequences unclassified (0.77%)
ak2-sample	batch	1	name	1-SRR5935775	mode	parallel	s3client	sdk	rank	3	role	home	inflight	2	threads	16	start_s	185.009808	wall_s	12.817715	setup_s	0.000074	classify_s	12.447866	close_s	0.221551	report_s	0.142746	status	0	sequences	13010149	bases	2394732661	classified	12910203	place	mod	weight	13010149
10140194 sequences (1929.10 Mbp) processed in 10.594s (57428.1 Kseq/m, 10925.30 Mbp/m).
  10096895 sequences classified (99.57%)
  43299 sequences unclassified (0.43%)
ak2-sample	batch	1	name	1-SRR5935791	mode	parallel	s3client	sdk	rank	3	role	home	inflight	2	threads	16	start_s	193.466644	wall_s	11.027516	setup_s	0.000068	classify_s	10.594321	close_s	0.234665	report_s	0.192610	status	0	sequences	10140194	bases	1929101997	classified	10096895	place	mod	weight	10140194
9090205 sequences (1661.37 Mbp) processed in 8.946s (60965.7 Kseq/m, 11142.40 Mbp/m).
  7439975 sequences classified (81.85%)
  1650230 sequences unclassified (18.15%)
ak2-sample	batch	1	name	1-SRR5935799	mode	parallel	s3client	sdk	rank	3	role	home	inflight	2	threads	16	start_s	197.827599	wall_s	9.360116	setup_s	0.000062	classify_s	8.946210	close_s	0.213105	report_s	0.182208	status	0	sequences	9090205	bases	1661371324	classified	7439975	place	mod	weight	9090205
ak2-engine	mem	t_s	210.1	rss_kib	155818584	hwm_kib	157816556	heap_inuse	8299454464	sys	13593756904	avail_kib	96190240
7153468 sequences (1337.27 Mbp) processed in 7.761s (55303.1 Kseq/m, 10338.35 Mbp/m).
  6947959 sequences classified (97.13%)
  205509 sequences unclassified (2.87%)
ak2-sample	batch	1	name	1-SRR5935815	mode	parallel	s3client	sdk	rank	3	role	home	inflight	2	threads	16	start_s	207.187796	wall_s	8.185780	setup_s	0.000086	classify_s	7.761013	close_s	0.246191	report_s	0.162456	status	0	sequences	7153468	bases	1337267943	classified	6947959	place	mod	weight	7153468
16708997 sequences (3043.02 Mbp) processed in 15.891s (63088.4 Kseq/m, 11489.58 Mbp/m).
  15000245 sequences classified (89.77%)
  1708752 sequences unclassified (10.23%)
ak2-sample	batch	1	name	1-SRR5935807	mode	parallel	s3client	sdk	rank	3	role	home	inflight	2	threads	16	start_s	204.494224	wall_s	16.393979	setup_s	0.000065	classify_s	15.891042	close_s	0.293811	report_s	0.190012	status	0	sequences	16708997	bases	3043023590	classified	15000245	place	mod	weight	16708997
ak2-engine	mem	t_s	225.1	rss_kib	157364060	hwm_kib	157816556	heap_inuse	8165638144	sys	13594019048	avail_kib	95428636
12793053 sequences (2357.69 Mbp) processed in 13.303s (57700.8 Kseq/m, 10633.92 Mbp/m).
  12609886 sequences classified (98.57%)
  183167 sequences unclassified (1.43%)
ak2-sample	batch	1	name	1-SRR5935831	mode	parallel	s3client	sdk	rank	3	role	home	inflight	2	threads	16	start_s	220.888233	wall_s	13.700492	setup_s	0.000073	classify_s	13.302822	close_s	0.268553	report_s	0.123084	status	0	sequences	12793053	bases	2357685670	classified	12609886	place	mod	weight	12793053
1085628 sequences (199.24 Mbp) processed in 1.429s (45593.2 Kseq/m, 8367.68 Mbp/m).
  1061820 sequences classified (97.81%)
  23808 sequences unclassified (2.19%)
ak2-sample	batch	1	name	1-SRR5935839	mode	parallel	s3client	sdk	rank	3	role	home	inflight	2	threads	16	start_s	234.588750	wall_s	1.866002	setup_s	0.000066	classify_s	1.428673	close_s	0.277254	report_s	0.157498	status	0	sequences	1085628	bases	199244471	classified	1061820	place	mod	weight	1085628
20770968 sequences (3886.70 Mbp) processed in 20.757s (60040.4 Kseq/m, 11234.86 Mbp/m).
  20594735 sequences classified (99.15%)
  176233 sequences unclassified (0.85%)
ak2-sample	batch	1	name	1-SRR5935823	mode	parallel	s3client	sdk	rank	3	role	home	inflight	2	threads	16	start_s	215.373648	wall_s	21.224011	setup_s	0.000072	classify_s	20.756985	close_s	0.324075	report_s	0.136848	status	0	sequences	20770968	bases	3886695944	classified	20594735	place	mod	weight	20770968
ak2-engine	mem	t_s	240.1	rss_kib	156957464	hwm_kib	157816556	heap_inuse	8478064640	sys	13800338712	avail_kib	95609064
ak2-timing	batch-barrier-1	236.597688	12.640520	2	0	8.981643	0.955660
ak2-engine	mem	t_s	255.1	rss_kib	156504720	hwm_kib	157816556	heap_inuse	8215937024	sys	13800338712	avail_kib	96527120
16286650 sequences (3018.35 Mbp) processed in 17.325s (56403.0 Kseq/m, 10453.00 Mbp/m).
  15278935 sequences classified (93.81%)
  1007715 sequences unclassified (6.19%)
ak2-sample	batch	2	name	2-SRR5935757	mode	parallel	s3client	sdk	rank	3	role	home	inflight	2	threads	16	start_s	249.238249	wall_s	17.840745	setup_s	0.000055	classify_s	17.325293	close_s	0.279802	report_s	0.220578	status	0	sequences	16286650	bases	3018354004	classified	15278935	place	lpt	weight	16286650
18879904 sequences (3539.14 Mbp) processed in 19.126s (59227.7 Kseq/m, 11102.55 Mbp/m).
  18627146 sequences classified (98.66%)
  252758 sequences unclassified (1.34%)
ak2-sample	batch	2	name	2-SRR5935749	mode	parallel	s3client	sdk	rank	3	role	home	inflight	2	threads	16	start_s	249.238255	wall_s	19.711625	setup_s	0.000047	classify_s	19.126075	close_s	0.347508	report_s	0.228119	status	0	sequences	18879904	bases	3539135454	classified	18627146	place	lpt	weight	18879904
ak2-engine	mem	t_s	270.1	rss_kib	155690980	hwm_kib	157816556	heap_inuse	8254726144	sys	13800928536	avail_kib	96885712
15280552 sequences (2858.11 Mbp) processed in 15.273s (60030.7 Kseq/m, 11228.28 Mbp/m).
  13785544 sequences classified (90.22%)
  1495008 sequences unclassified (9.78%)
ak2-sample	batch	2	name	2-SRR5935810	mode	parallel	s3client	sdk	rank	3	role	home	inflight	2	threads	16	start_s	267.079668	wall_s	15.758814	setup_s	0.000049	classify_s	15.272745	close_s	0.235263	report_s	0.233181	status	0	sequences	15280552	bases	2858109884	classified	13785544	place	lpt	weight	15280552
14298074 sequences (2663.28 Mbp) processed in 14.510s (59121.9 Kseq/m, 11012.54 Mbp/m).
  14234512 sequences classified (99.56%)
  63562 sequences unclassified (0.44%)
ak2-sample	batch	2	name	2-SRR5935752	mode	parallel	s3client	sdk	rank	3	role	home	inflight	2	threads	16	start_s	268.949905	wall_s	15.145214	setup_s	0.000058	classify_s	14.510444	close_s	0.331892	report_s	0.294926	status	0	sequences	14298074	bases	2663280360	classified	14234512	place	lpt	weight	14298074
ak2-engine	mem	t_s	285.1	rss_kib	156167800	hwm_kib	157816556	heap_inuse	8848596992	sys	13800928536	avail_kib	95492644
13404063 sequences (2484.45 Mbp) processed in 13.469s (59712.9 Kseq/m, 11067.80 Mbp/m).
  13071600 sequences classified (97.52%)
  332463 sequences unclassified (2.48%)
ak2-sample	batch	2	name	2-SRR5935794	mode	parallel	s3client	sdk	rank	3	role	home	inflight	2	threads	16	start_s	282.838510	wall_s	13.917987	setup_s	0.000070	classify_s	13.468520	close_s	0.247481	report_s	0.195361	status	0	sequences	13404063	bases	2484447317	classified	13071600	place	lpt	weight	13404063
12325847 sequences (2261.51 Mbp) processed in 12.584s (58769.9 Kseq/m, 10782.93 Mbp/m).
  11791754 sequences classified (95.67%)
  534093 sequences unclassified (4.33%)
ak2-sample	batch	2	name	2-SRR5935742	mode	parallel	s3client	sdk	rank	3	role	home	inflight	2	threads	16	start_s	284.095186	wall_s	13.035087	setup_s	0.000064	classify_s	12.583840	close_s	0.279298	report_s	0.153111	status	0	sequences	12325847	bases	2261511731	classified	11791754	place	lpt	weight	12325847
ak2-engine	mem	t_s	300.1	rss_kib	157108060	hwm_kib	157816556	heap_inuse	9270525952	sys	13805909272	avail_kib	94155752
10140194 sequences (1929.10 Mbp) processed in 11.007s (55276.7 Kseq/m, 10516.00 Mbp/m).
  10096895 sequences classified (99.57%)
  43299 sequences unclassified (0.43%)
ak2-sample	batch	2	name	2-SRR5935791	mode	parallel	s3client	sdk	rank	3	role	home	inflight	2	threads	16	start_s	297.130299	wall_s	11.442573	setup_s	0.000068	classify_s	11.006666	close_s	0.295746	report_s	0.134128	status	0	sequences	10140194	bases	1929101997	classified	10096895	place	lpt	weight	10140194
11689489 sequences (2123.44 Mbp) processed in 11.875s (59061.7 Kseq/m, 10728.78 Mbp/m).
  11327502 sequences classified (96.90%)
  361987 sequences unclassified (3.10%)
ak2-sample	batch	2	name	2-SRR5935764	mode	parallel	s3client	sdk	rank	3	role	home	inflight	2	threads	16	start_s	296.756524	wall_s	12.308183	setup_s	0.000060	classify_s	11.875207	close_s	0.213318	report_s	0.210409	status	0	sequences	11689489	bases	2123440867	classified	11327502	place	lpt	weight	11689489
ak2-engine	mem	t_s	315.1	rss_kib	158002152	hwm_kib	158111616	heap_inuse	10642145280	sys	13805909272	avail_kib	92974916
8326050 sequences (1540.09 Mbp) processed in 9.006s (55469.8 Kseq/m, 10260.41 Mbp/m).
  8094378 sequences classified (97.22%)
  231672 sequences unclassified (2.78%)
ak2-sample	batch	2	name	2-SRR5935828	mode	parallel	s3client	sdk	rank	3	role	home	inflight	2	threads	16	start_s	309.064773	wall_s	9.405633	setup_s	0.000067	classify_s	9.006029	close_s	0.223123	report_s	0.168811	status	0	sequences	8326050	bases	1540092338	classified	8094378	place	lpt	weight	8326050
10128070 sequences (1876.81 Mbp) processed in 10.005s (60738.2 Kseq/m, 11255.26 Mbp/m).
  9942775 sequences classified (98.17%)
  185295 sequences unclassified (1.83%)
ak2-sample	batch	2	name	2-SRR5935782	mode	parallel	s3client	sdk	rank	3	role	home	inflight	2	threads	16	start_s	308.572892	wall_s	10.524888	setup_s	0.000066	classify_s	10.004977	close_s	0.270530	report_s	0.243118	status	0	sequences	10128070	bases	1876810820	classified	9942775	place	lpt	weight	10128070
3036382 sequences (569.20 Mbp) processed in 3.349s (54406.5 Kseq/m, 10199.11 Mbp/m).
  2817388 sequences classified (92.79%)
  218994 sequences unclassified (7.21%)
ak2-sample	batch	2	name	2-SRR5935747	mode	parallel	s3client	sdk	rank	3	role	home	inflight	2	threads	16	start_s	319.097858	wall_s	3.732078	setup_s	0.000076	classify_s	3.348552	close_s	0.222362	report_s	0.155038	status	0	sequences	3036382	bases	569204188	classified	2817388	place	lpt	weight	3036382
5948317 sequences (1093.47 Mbp) processed in 5.135s (69499.8 Kseq/m, 12776.02 Mbp/m).
  5682744 sequences classified (95.54%)
  265573 sequences unclassified (4.46%)
ak2-sample	batch	2	name	2-SRR5935779	mode	parallel	s3client	sdk	rank	3	role	home	inflight	2	threads	16	start_s	318.470435	wall_s	5.546112	setup_s	0.000063	classify_s	5.135251	close_s	0.219358	report_s	0.185980	status	0	sequences	5948317	bases	1093467848	classified	5682744	place	lpt	weight	5948317
ak2-timing	batch-barrier-2	324.016568	3.012918	1	0	0.601415	0.045166
ak2-engine	mem	t_s	330.1	rss_kib	149312016	hwm_kib	158111616	heap_inuse	3795255296	sys	13844776232	avail_kib	100632812
ak2-timing	barrier	333.120172	0.274945	0	0	0.024474	0.009619
ak2-sample	batch	3	name	3-SRR5935740	mode	striped	s3client	sdk	rank	3	role	peer	inflight	1	threads	16	start_s	327.414395	wall_s	5.980767	setup_s	0.000061	classify_s	5.699908	close_s	0.000000	report_s	0.000000	status	0	sequences	0	bases	0	classified	0	place	-	weight	-
ak2-timing	batch-barrier-3	333.395173	0.441015	82	0	0.004527	0.000370
ak2-timing	barrier	339.985650	0.058986	0	0	0.000085	0.000007
ak2-sample	batch	4	name	4-SRR5935740	mode	striped	s3client	sdk	rank	3	role	peer	inflight	1	threads	16	start_s	334.277748	wall_s	5.766942	setup_s	0.000051	classify_s	5.701784	close_s	0.000000	report_s	0.000000	status	0	sequences	0	bases	0	classified	0	place	-	weight	-
ak2-timing	batch-barrier-4	340.044699	0.619833	53	0	0.005337	0.000000
ak2-engine	mem	t_s	345.1	rss_kib	150101324	hwm_kib	158111616	heap_inuse	4631527424	sys	13844776232	avail_kib	102321660
ak2-timing	barrier	346.654693	0.053043	0	0	0.000167	0.000013
ak2-sample	batch	5	name	5-SRR5935740	mode	striped	s3client	sdk	rank	3	role	peer	inflight	1	threads	16	start_s	340.952473	wall_s	5.755302	setup_s	0.000047	classify_s	5.696376	close_s	0.000000	report_s	0.000000	status	0	sequences	0	bases	0	classified	0	place	-	weight	-
ak2-timing	batch-barrier-5	346.707786	0.645990	0	0	0.000000	0.008952
ak2-timing	batch-barrier-6	347.353794	7.037175	0	0	1.386350	0.283992
ak2-engine	mem	t_s	360.1	rss_kib	150430812	hwm_kib	158111616	heap_inuse	4293435392	sys	13844776232	avail_kib	103211884
ak2-timing	batch-barrier-7	354.390988	6.032230	0	0	1.402338	0.197686
ak2-timing	batch-barrier-8	360.423241	7.179902	1	0	1.524833	0.112509
ak2-engine	shard	0	n	8	lo	111477344228	hi	148636458971	tail	302	full	false	empty_at	37159114755	keys	16942824033	batches	89910	probe_s	447.301059	tail_probes	0	wrap_probes	0
ak2-engine	mem	t_s	367.6	rss_kib	150430816	hwm_kib	158111616	heap_inuse	4295024640	sys	13844776232	avail_kib	103838856
ak2-engine	rendezvous	puts	13	gets	296
ak2-engine	s3	client	sdk	put	50	get	296	create_multipart	37	upload_part	4311	complete_multipart	37	abort_multipart	0	part_bytes	36026884876
ak2-engine	s3	client	cli	put	0	get	0	create_multipart	0	upload_part	0	complete_multipart	0	abort_multipart	0	part_bytes	0
ak2-engine	load	seconds	83.065821	requests	2233	retries	0	bytes	148636525780
ak2-engine	route	transport	nodes	calls	10960	keys	16558854927	batches	87680	route_s	196.393236	wait_s	626.094102	gather_s	38.116768
ak2-engine	worker	scan_s	1503.582735	lookup_s	860.611781	classify_s	1321.310356
ak2-timing	total	0.000001	367.879573	17778397	0	3250.457375	265.105230
