Loading database information...ak2-timing	opts	0.003111	0.000016	0	0	0.000010	0.000005
ak2-timing	taxo	0.003135	0.091095	87833	0	0.059848	0.034019
ak2-timing	shard-load-20	0.164823	14.085380	24528	0	18.827453	15.119111
ak2-engine	mem	t_s	15.0	rss_kib	36687484	hwm_kib	36687484	heap_inuse	406904832	sys	440662376	avail_kib	58106228
ak2-engine	mem	t_s	30.0	rss_kib	36691388	hwm_kib	36691392	heap_inuse	412385280	sys	444856680	avail_kib	58611156
ak2-timing	rendezvous	14.692914	24.558641	7770	0	0.124158	0.023851
ak2-timing	connect	39.251572	0.823519	30786	0	0.824276	0.167414
ak2-timing	hash	0.094326	39.980794	64874	0	19.786745	15.314221
 done.
ak2-engine	mem	t_s	45.0	rss_kib	53385648	hwm_kib	53385648	heap_inuse	14773280768	sys	17980418296	avail_kib	41725660
12252617 sequences (2212.67 Mbp) processed in 9.547s (77000.1 Kseq/m, 13905.29 Mbp/m).
  10208851 sequences classified (83.32%)
  2043766 sequences unclassified (16.68%)
ak2-sample	batch	0	name	0-SRR5935774	mode	parallel	s3client	sdk	rank	20	role	home	inflight	6	threads	16	start_s	40.075194	wall_s	10.045692	setup_s	0.000063	classify_s	9.547481	close_s	0.285140	report_s	0.196423	status	0	sequences	12252617	bases	2212674525	classified	10208851	place	lpt	weight	12252617
10054299 sequences (1885.64 Mbp) processed in 10.345s (58315.4 Kseq/m, 10936.81 Mbp/m).
  9575405 sequences classified (95.24%)
  478894 sequences unclassified (4.76%)
ak2-sample	batch	0	name	0-SRR5935786	mode	parallel	s3client	sdk	rank	20	role	home	inflight	6	threads	16	start_s	40.075171	wall_s	10.796168	setup_s	0.000068	classify_s	10.344748	close_s	0.282555	report_s	0.158660	status	0	sequences	10054299	bases	1885642952	classified	9575405	place	lpt	weight	10054299
15280552 sequences (2858.11 Mbp) processed in 11.362s (80695.1 Kseq/m, 15093.40 Mbp/m).
  13785544 sequences classified (90.22%)
  1495008 sequences unclassified (9.78%)
ak2-sample	batch	0	name	0-SRR5935810	mode	parallel	s3client	sdk	rank	20	role	home	inflight	6	threads	16	start_s	40.075193	wall_s	11.773563	setup_s	0.000092	classify_s	11.361695	close_s	0.241160	report_s	0.153463	status	0	sequences	15280552	bases	2858109884	classified	13785544	place	lpt	weight	15280552
ak2-timing	batch-barrier-0	51.848780	1.317436	3	0	0.084746	0.329884
ak2-engine	mem	t_s	60.0	rss_kib	56078308	hwm_kib	56424900	heap_inuse	18192105472	sys	21052394456	avail_kib	38399192
8745078 sequences (1626.83 Mbp) processed in 8.456s (62052.4 Kseq/m, 11543.52 Mbp/m).
  8520266 sequences classified (97.43%)
  224812 sequences unclassified (2.57%)
ak2-sample	batch	1	name	1-SRR5935824	mode	parallel	s3client	sdk	rank	20	role	home	inflight	6	threads	16	start_s	53.166247	wall_s	8.949095	setup_s	0.000047	classify_s	8.455830	close_s	0.339674	report_s	0.145234	status	0	sequences	8745078	bases	1626833325	classified	8520266	place	mod	weight	8745078
11437813 sequences (2096.18 Mbp) processed in 9.029s (76008.0 Kseq/m, 13929.81 Mbp/m).
  10922134 sequences classified (95.49%)
  515679 sequences unclassified (4.51%)
10834778 sequences (1957.59 Mbp) processed in 9.271s (70118.7 Kseq/m, 12668.79 Mbp/m).
  10642489 sequences classified (98.23%)
  192289 sequences unclassified (1.77%)
ak2-sample	batch	1	name	1-SRR5935760	mode	parallel	s3client	sdk	rank	20	role	home	inflight	6	threads	16	start_s	53.166268	wall_s	9.862572	setup_s	0.000037	classify_s	9.271225	close_s	0.459715	report_s	0.125751	status	0	sequences	10834778	bases	1957586977	classified	10642489	place	mod	weight	10834778
ak2-sample	batch	1	name	1-SRR5935792	mode	parallel	s3client	sdk	rank	20	role	home	inflight	6	threads	16	start_s	53.166276	wall_s	9.864378	setup_s	0.000036	classify_s	9.028905	close_s	0.646968	report_s	0.180463	status	0	sequences	11437813	bases	2096182336	classified	10922134	place	mod	weight	11437813
ak2-timing	batch-barrier-1	63.030669	6.694641	3	0	4.086599	0.582838
ak2-engine	mem	t_s	75.0	rss_kib	56665692	hwm_kib	56665692	heap_inuse	13648601088	sys	21070384088	avail_kib	37755036
12252617 sequences (2212.67 Mbp) processed in 9.308s (78977.4 Kseq/m, 14262.36 Mbp/m).
  10208851 sequences classified (83.32%)
  2043766 sequences unclassified (16.68%)
ak2-sample	batch	2	name	2-SRR5935774	mode	parallel	s3client	sdk	rank	20	role	home	inflight	6	threads	16	start_s	69.725367	wall_s	9.767307	setup_s	0.000040	classify_s	9.308451	close_s	0.274527	report_s	0.167895	status	0	sequences	12252617	bases	2212674525	classified	10208851	place	lpt	weight	12252617
10054299 sequences (1885.64 Mbp) processed in 9.650s (62515.7 Kseq/m, 11724.57 Mbp/m).
  9575405 sequences classified (95.24%)
  478894 sequences unclassified (4.76%)
ak2-sample	batch	2	name	2-SRR5935786	mode	parallel	s3client	sdk	rank	20	role	home	inflight	6	threads	16	start_s	69.725360	wall_s	10.077945	setup_s	0.000051	classify_s	9.649697	close_s	0.266832	report_s	0.150991	status	0	sequences	10054299	bases	1885642952	classified	9575405	place	lpt	weight	10054299
15280552 sequences (2858.11 Mbp) processed in 11.481s (79854.1 Kseq/m, 14936.10 Mbp/m).
  13785544 sequences classified (90.22%)
  1495008 sequences unclassified (9.78%)
ak2-sample	batch	2	name	2-SRR5935810	mode	parallel	s3client	sdk	rank	20	role	home	inflight	6	threads	16	start_s	69.725363	wall_s	11.873933	setup_s	0.000046	classify_s	11.481350	close_s	0.223718	report_s	0.152552	status	0	sequences	15280552	bases	2858109884	classified	13785544	place	lpt	weight	15280552
ak2-timing	batch-barrier-2	81.599312	1.739413	1	0	0.117860	0.030761
ak2-engine	mem	t_s	90.0	rss_kib	39853048	hwm_kib	56786624	heap_inuse	2870534144	sys	21070498776	avail_kib	52413624
ak2-timing	barrier	90.210821	0.520157	0	0	0.017177	0.000000
ak2-sample	batch	3	name	3-SRR5935740	mode	striped	s3client	sdk	rank	20	role	peer	inflight	1	threads	16	start_s	84.656267	wall_s	6.074757	setup_s	0.000046	classify_s	5.552405	close_s	0.000000	report_s	0.000000	status	0	sequences	0	bases	0	classified	0	place	-	weight	-
ak2-timing	batch-barrier-3	90.731035	0.935304	0	0	0.007512	0.000392
ak2-timing	barrier	98.352788	0.267146	0	0	0.012379	0.000000
ak2-sample	batch	4	name	4-SRR5935740	mode	striped	s3client	sdk	rank	20	role	peer	inflight	1	threads	16	start_s	92.797192	wall_s	5.822786	setup_s	0.000045	classify_s	5.553036	close_s	0.000000	report_s	0.000000	status	0	sequences	0	bases	0	classified	0	place	-	weight	-
ak2-timing	batch-barrier-4	98.619987	0.903413	190	0	0.007967	0.000026
ak2-engine	mem	t_s	105.0	rss_kib	38717636	hwm_kib	56786624	heap_inuse	2028412928	sys	21070498776	avail_kib	56127812
ak2-timing	barrier	106.284314	0.237883	0	0	0.011501	0.000121
ak2-sample	batch	5	name	5-SRR5935740	mode	striped	s3client	sdk	rank	20	role	peer	inflight	1	threads	16	start_s	100.731584	wall_s	5.790657	setup_s	0.000047	classify_s	5.550494	close_s	0.000000	report_s	0.000000	status	0	sequences	0	bases	0	classified	0	place	-	weight	-
ak2-timing	batch-barrier-5	106.522249	0.878559	4	0	0.007353	0.000608
ak2-timing	batch-barrier-6	107.400832	7.486691	0	0	0.299819	0.063456
ak2-engine	mem	t_s	120.0	rss_kib	39227216	hwm_kib	56786624	heap_inuse	1836457984	sys	21070760920	avail_kib	56050332
ak2-timing	batch-barrier-7	114.887549	6.562811	1	0	0.323020	0.042872
ak2-timing	batch-barrier-8	121.450398	7.470637	0	0	0.336869	0.027184
ak2-engine	shard	0	n	32	lo	185795573713	hi	195085352399	tail	302	full	false	empty_at	9289778686	keys	4243041684	batches	89910	probe_s	91.317775	tail_probes	0	wrap_probes	0
ak2-engine	mem	t_s	128.9	rss_kib	39227216	hwm_kib	56786624	heap_inuse	1838309376	sys	21070760920	avail_kib	56134312
ak2-engine	rendezvous	puts	13	gets	800
ak2-engine	s3	client	sdk	put	22	get	800	create_multipart	9	upload_part	1109	complete_multipart	9	abort_multipart	0	part_bytes	9260424543
ak2-engine	s3	client	cli	put	0	get	0	create_multipart	0	upload_part	0	complete_multipart	0	abort_multipart	0	part_bytes	0
ak2-engine	load	seconds	14.085376	requests	572	retries	0	bytes	37159181552
ak2-engine	route	transport	nodes	calls	2805	keys	4224317943	batches	89760	route_s	39.529233	wait_s	706.527887	gather_s	8.634576
ak2-engine	worker	scan_s	316.585652	lookup_s	754.693403	classify_s	230.037134
ak2-timing	total	0.000001	128.989660	8152705	0	861.212537	71.314386
