ak2: log tee up
ak2-phase	2026-10-09T06:43:19Z	1791528199	preamble	no
ak2: [2026-10-09T06:43:19Z] inherited $-=hBc (stub, as spawn started it: $-=hBc)
ak2: [2026-10-09T06:43:19Z] after set +e $-=hBc
ak2: [2026-10-09T06:43:19Z] gate=g3 run=20261009-064231-4c67532-2a5c-n64-r12
ak2: [2026-10-09T06:43:19Z] aws shim installed and self-tested (/tmp/ak2-bin/aws -> /usr/bin/aws)
ak2: [2026-10-09T06:43:19Z] imds region=us-west-2 az=us-west-2b instance=i-0a19256c4496af0f9 type=c8gn.4xlarge ami=ami-09325776a00699513
ak2: [2026-10-09T06:43:19Z] bucket aws-kraken2-942542972736-us-west-2 region=us-west-2
ak2: [2026-10-09T06:43:20Z] bucket aws-kraken2-942542972736-us-west-2 payer=UNKNOWN
ak2: [2026-10-09T06:43:20Z] WARN: could not read Payer of aws-kraken2-942542972736-us-west-2 from the instance (launch host verified it)
ak2: [2026-10-09T06:43:20Z] bucket kraken2-ncbi-refseq-complete-v205 region=us-west-2
ak2: [2026-10-09T06:43:20Z] bucket kraken2-ncbi-refseq-complete-v205 payer=BucketOwner
ak2: [2026-10-09T06:43:20Z] region assert passed
ak2: [2026-10-09T06:43:20Z] drop_caches_ok=true
ak2: [2026-10-09T06:43:21Z] preamble done; spec body starts
ak2-phase	2026-10-09T06:43:21Z	1791528201	body	no
ak2-phase	2026-10-09T06:43:21Z	1791528201	setup	no
go: downloading github.com/aws/aws-sdk-go-v2/credentials v1.20.7
go: downloading github.com/aws/aws-sdk-go-v2/config v1.33.7
go: downloading github.com/aws/aws-sdk-go-v2 v1.47.1
go: downloading github.com/aws/aws-sdk-go-v2/service/s3 v1.114.1
go: downloading github.com/klauspost/compress v1.20.0
go: downloading github.com/aws/aws-sdk-go-v2/service/signin v1.10.2
go: downloading github.com/aws/aws-sdk-go-v2/feature/ec2/imds v1.20.1
go: downloading github.com/aws/aws-sdk-go-v2/service/sso v1.38.2
go: downloading github.com/aws/aws-sdk-go-v2/service/ssooidc v1.43.2
go: downloading github.com/aws/aws-sdk-go-v2/service/sts v1.51.2
go: downloading github.com/aws/smithy-go v1.28.1
go: downloading github.com/aws/aws-sdk-go-v2/aws/protocol/eventstream v1.7.20
go: downloading github.com/aws/aws-sdk-go-v2/internal/configsources v1.5.4
go: downloading github.com/aws/aws-sdk-go-v2/internal/v4a v1.5.4
go: downloading github.com/aws/aws-sdk-go-v2/service/internal/accept-encoding v1.13.19
go: downloading github.com/aws/aws-sdk-go-v2/service/internal/checksum v1.11.5
go: downloading github.com/aws/aws-sdk-go-v2/service/internal/presigned-url v1.14.4
go: downloading github.com/aws/aws-sdk-go-v2/service/internal/s3shared v1.20.4
go: downloading github.com/aws/aws-sdk-go-v2/internal/endpoints/v2 v2.8.4
ak2: [2026-10-09T06:43:52Z] rank 12 of 64; hash.k2d etag=f80959f9556b50d76b3e744afdd3b22a-8860 size=1189091671800; stages 1 16 32 64 x 60s
ak2-phase	2026-10-09T06:43:52Z	1791528232	rendezvous	no
ak2: [2026-10-09T06:45:49Z] rendezvous: all 64 ready; stages start at 1791528368 (19 s from now)
ak2-phase	2026-10-09T06:45:49Z	1791528349	stage-n1	no
ak2: [2026-10-09T06:46:08Z] stage n1: rank 12 waits
ak2-phase	2026-10-09T06:46:08Z	1791528368	stage-n16	no
probe-cont {"kind":"progress","label":"n16-r12","unix_s":1791528453.3704596,"elapsed_s":5.000144881,"bytes":25568477184,"gbps_cum":5.113547265631722,"gbps_interval":5.113547265631722,"requests":445,"retries":0,"complete":false}
probe-cont {"kind":"progress","label":"n16-r12","unix_s":1791528458.3704145,"elapsed_s":10.000099757,"bytes":54089744384,"gbps_cum":5.408920480631962,"gbps_interval":5.704304920211043,"requests":870,"retries":0,"complete":false}
probe-cont {"kind":"progress","label":"n16-r12","unix_s":1791528463.3704143,"elapsed_s":15.000099463,"bytes":81671487488,"gbps_cum":5.444729729256463,"gbps_interval":5.516348945161319,"requests":1281,"retries":0,"complete":false}
probe-cont {"kind":"progress","label":"n16-r12","unix_s":1791528468.370405,"elapsed_s":20.000089893,"bytes":109924319232,"gbps_cum":5.496191258143962,"gbps_interval":5.650577164004691,"requests":1702,"retries":0,"complete":false}
probe-cont {"kind":"progress","label":"n16-r12","unix_s":1791528473.3704102,"elapsed_s":25.000095389,"bytes":137975824384,"gbps_cum":5.51901191723889,"gbps_interval":5.610294863563886,"requests":2120,"retries":0,"complete":false}
probe-cont {"kind":"progress","label":"n16-r12","unix_s":1791528478.3706133,"elapsed_s":30.000298363,"bytes":166295764992,"gbps_cum":5.543137037500136,"gbps_interval":5.663758202468523,"requests":2542,"retries":0,"complete":false}
probe-cont {"kind":"progress","label":"n16-r12","unix_s":1791528483.3704093,"elapsed_s":35.000094426,"bytes":193944616960,"gbps_cum":5.541259820600006,"gbps_interval":5.52999594775672,"requests":2954,"retries":0,"complete":false}
probe-cont {"kind":"progress","label":"n16-r12","unix_s":1791528488.3704119,"elapsed_s":40.000096898,"bytes":222600101888,"gbps_cum":5.564989066292236,"gbps_interval":5.731094152147051,"requests":3381,"retries":0,"complete":false}
probe-cont {"kind":"progress","label":"n16-r12","unix_s":1791528493.3704102,"elapsed_s":45.000095468,"bytes":250785824768,"gbps_cum":5.573006504982556,"gbps_interval":5.63714618822381,"requests":3801,"retries":0,"complete":false}
probe-cont {"kind":"progress","label":"n16-r12","unix_s":1791528498.370414,"elapsed_s":50.000099324,"bytes":279374200832,"gbps_cum":5.587472917236799,"gbps_interval":5.717670803332276,"requests":4227,"retries":0,"complete":false}
probe-cont {"kind":"progress","label":"n16-r12","unix_s":1791528503.3704388,"elapsed_s":55.000124082,"bytes":307895468032,"gbps_cum":5.598086789276273,"gbps_interval":5.704225194958525,"requests":4652,"retries":0,"complete":false}
probe-cont {"kind":"progress","label":"n16-r12","unix_s":1791528508.3704112,"elapsed_s":60.000096408,"bytes":336618061824,"gbps_cum":5.61029201578279,"gbps_interval":5.744550553338403,"requests":5080,"retries":0,"complete":false}
probe-cont {"kind":"done","label":"n16-r12","unix_s":1791528508.3705595,"elapsed_s":60.000244556,"bytes":336618061824,"gbps_cum":5.610278163280225,"gbps_interval":0,"requests":5080,"retries":0,"complete":false,"workers":64,"chunk_mib":64,"object":"https://kraken2-ncbi-refseq-complete-v205.s3.us-west-2.amazonaws.com/Kraken2_RefSeqCompleteV205/hash.k2d","object_bytes":1189091671800,"stopped_by":"seconds"}
ak2-phase	2026-10-09T06:48:33Z	1791528513	stage-n32	no
probe-cont {"kind":"progress","label":"n32-r12","unix_s":1791528533.8309286,"elapsed_s":5.000078114,"bytes":28521267200,"gbps_cum":5.704164324981583,"gbps_interval":5.704164324981583,"requests":489,"retries":0,"complete":false}
probe-cont {"kind":"progress","label":"n32-r12","unix_s":1791528538.8309314,"elapsed_s":10.0000809,"bytes":58854473728,"gbps_cum":5.885399759915942,"gbps_interval":6.066637925269348,"requests":941,"retries":0,"complete":false}
probe-cont {"kind":"progress","label":"n32-r12","unix_s":1791528543.8309202,"elapsed_s":15.000069795,"bytes":90865401856,"gbps_cum":6.057665270750162,"gbps_interval":6.402199844885856,"requests":1418,"retries":0,"complete":false}
probe-cont {"kind":"progress","label":"n32-r12","unix_s":1791528548.8309245,"elapsed_s":20.000073981,"bytes":120863064064,"gbps_cum":6.043130849356832,"gbps_interval":5.999527418795645,"requests":1865,"retries":0,"complete":false}
probe-cont {"kind":"progress","label":"n32-r12","unix_s":1791528553.8309247,"elapsed_s":25.000074371,"bytes":150994944000,"gbps_cum":6.039779792621482,"gbps_interval":6.02637551714271,"requests":2314,"retries":0,"complete":false}
probe-cont {"kind":"progress","label":"n32-r12","unix_s":1791528558.8309243,"elapsed_s":30.000073861,"bytes":182804545536,"gbps_cum":6.093469848874116,"gbps_interval":6.361920956115937,"requests":2788,"retries":0,"complete":false}
probe-cont {"kind":"progress","label":"n32-r12","unix_s":1791528563.8309336,"elapsed_s":35.000082908,"bytes":213204860928,"gbps_cum":6.091553025414908,"gbps_interval":6.080052077153772,"requests":3241,"retries":0,"complete":false}
probe-cont {"kind":"progress","label":"n32-r12","unix_s":1791528568.8309565,"elapsed_s":40.000105949,"bytes":245148680192,"gbps_cum":6.128700771557049,"gbps_interval":6.388734412234081,"requests":3717,"retries":0,"complete":false}
probe-cont {"kind":"progress","label":"n32-r12","unix_s":1791528573.8309212,"elapsed_s":45.000070772,"bytes":275548995584,"gbps_cum":6.123301382793656,"gbps_interval":6.080105854376728,"requests":4170,"retries":0,"complete":false}
probe-cont {"kind":"progress","label":"n32-r12","unix_s":1791528578.8309455,"elapsed_s":50.000095005,"bytes":306687508480,"gbps_cum":6.133738514883448,"gbps_interval":6.227672396162964,"requests":4634,"retries":0,"complete":false}
probe-cont {"kind":"progress","label":"n32-r12","unix_s":1791528583.830937,"elapsed_s":55.000086232,"bytes":337893130240,"gbps_cum":6.143501826791827,"gbps_interval":6.241135302696002,"requests":5099,"retries":0,"complete":false}
probe-cont {"kind":"progress","label":"n32-r12","unix_s":1791528588.830933,"elapsed_s":60.000082462,"bytes":366213070848,"gbps_cum":6.103542792294237,"gbps_interval":5.663992392250264,"requests":5521,"retries":0,"complete":false}
probe-cont {"kind":"done","label":"n32-r12","unix_s":1791528588.8311405,"elapsed_s":60.000290151,"bytes":366213070848,"gbps_cum":6.103521665084756,"gbps_interval":0,"requests":5521,"retries":0,"complete":false,"workers":64,"chunk_mib":64,"object":"https://kraken2-ncbi-refseq-complete-v205.s3.us-west-2.amazonaws.com/Kraken2_RefSeqCompleteV205/hash.k2d","object_bytes":1189091671800,"stopped_by":"seconds"}
ak2-phase	2026-10-09T06:49:54Z	1791528594	stage-n64	no
probe-cont {"kind":"progress","label":"n64-r12","unix_s":1791528613.2909098,"elapsed_s":5.00008286,"bytes":27783069696,"gbps_cum":5.556521856519794,"gbps_interval":5.556521856519794,"requests":478,"retries":0,"complete":false}
probe-cont {"kind":"progress","label":"n64-r12","unix_s":1791528618.2909503,"elapsed_s":10.000123733,"bytes":56774098944,"gbps_cum":5.677339646973346,"gbps_interval":5.798158451973919,"requests":910,"retries":0,"complete":false}
probe-cont {"kind":"progress","label":"n64-r12","unix_s":1791528623.290898,"elapsed_s":15.000071416,"bytes":87174414336,"gbps_cum":5.811599952985183,"gbps_interval":6.0801266971976835,"requests":1363,"retries":0,"complete":false}
probe-cont {"kind":"progress","label":"n64-r12","unix_s":1791528628.290915,"elapsed_s":20.000088381,"bytes":117172076544,"gbps_cum":5.858577937851164,"gbps_interval":5.999512085255494,"requests":1810,"retries":0,"complete":false}
probe-cont {"kind":"progress","label":"n64-r12","unix_s":1791528633.2909138,"elapsed_s":25.000087064,"bytes":146297323520,"gbps_cum":5.851872561302693,"gbps_interval":5.825050929518414,"requests":2244,"retries":0,"complete":false}
probe-cont {"kind":"progress","label":"n64-r12","unix_s":1791528638.2908988,"elapsed_s":30.000071865,"bytes":177637163008,"gbps_cum":5.921224582639846,"gbps_interval":6.267986951026733,"requests":2711,"retries":0,"complete":false}
probe-cont {"kind":"progress","label":"n64-r12","unix_s":1791528643.2909245,"elapsed_s":35.000097698,"bytes":207030845440,"gbps_cum":5.915150501189324,"gbps_interval":5.878706113476994,"requests":3149,"retries":0,"complete":false}
probe-cont {"kind":"progress","label":"n64-r12","unix_s":1791528648.2909012,"elapsed_s":40.000074491,"bytes":237632487424,"gbps_cum":5.940801122194591,"gbps_interval":6.120356803824069,"requests":3605,"retries":0,"complete":false}
probe-cont {"kind":"progress","label":"n64-r12","unix_s":1791528653.2909014,"elapsed_s":45.000074621,"bytes":267764367360,"gbps_cum":5.950309407599149,"gbps_interval":6.026375830514228,"requests":4054,"retries":0,"complete":false}
probe-cont {"kind":"progress","label":"n64-r12","unix_s":1791528658.2909079,"elapsed_s":50.000081243,"bytes":296755396608,"gbps_cum":5.935098288456196,"gbps_interval":5.798198170466343,"requests":4486,"retries":0,"complete":false}
probe-cont {"kind":"progress","label":"n64-r12","unix_s":1791528663.290911,"elapsed_s":55.000084303,"bytes":327893909504,"gbps_cum":5.961698307544501,"gbps_interval":6.227698767848354,"requests":4950,"retries":0,"complete":false}
probe-cont {"kind":"progress","label":"n64-r12","unix_s":1791528668.2909129,"elapsed_s":60.00008594,"bytes":357287591936,"gbps_cum":5.954784669696759,"gbps_interval":5.878734561702304,"requests":5388,"retries":0,"complete":false}
probe-cont {"kind":"done","label":"n64-r12","unix_s":1791528668.2911716,"elapsed_s":60.000344813,"bytes":357287591936,"gbps_cum":5.954758977628211,"gbps_interval":0,"requests":5388,"retries":0,"complete":false,"workers":64,"chunk_mib":64,"object":"https://kraken2-ncbi-refseq-complete-v205.s3.us-west-2.amazonaws.com/Kraken2_RefSeqCompleteV205/hash.k2d","object_bytes":1189091671800,"stopped_by":"seconds"}
ak2-phase	2026-10-09T06:51:13Z	1791528673	push	no
ak2: [2026-10-09T06:51:14Z] pushed out/cont-12.jsonl
ak2: [2026-10-09T06:51:14Z] contention probe done FAIL=0
ak2: [2026-10-09T06:51:14Z] spec body exit rc=0
ak2-phase	2026-10-09T06:51:14Z	1791528674	end	no
