Loading database information...ak2-timing	opts	0.003024	0.000016	0	0	0.000000	0.000015
ak2-timing	taxo	0.003047	0.093663	87848	0	0.010470	0.086130
ak2-timing	shard-load-24	0.167003	14.668196	24060	0	19.493133	19.432889
ak2-engine	mem	t_s	15.0	rss_kib	36684196	hwm_kib	36684200	heap_inuse	404324352	sys	438892904	avail_kib	58183580
ak2-timing	rendezvous	15.308440	13.185883	1498	0	0.035707	0.002606
ak2-timing	connect	28.494338	0.515547	12703	0	0.219804	0.086856
ak2-timing	hash	0.096788	28.913123	40133	0	19.764233	19.522362
 done.
ak2-engine	mem	t_s	30.1	rss_kib	48369344	hwm_kib	48369544	heap_inuse	12749856768	sys	12913759304	avail_kib	46884484
9090205 sequences (1661.37 Mbp) processed in 8.553s (63767.2 Kseq/m, 11654.40 Mbp/m).
  7439975 sequences classified (81.85%)
  1650230 sequences unclassified (18.15%)
ak2-sample	batch	0	name	0-SRR5935799	mode	parallel	s3client	sdk	rank	24	role	home	inflight	6	threads	16	start_s	29.009964	wall_s	9.071100	setup_s	0.000045	classify_s	8.553186	close_s	0.289999	report_s	0.210303	status	0	sequences	9090205	bases	1661371324	classified	7439975	place	lpt	weight	9090205
12793053 sequences (2357.69 Mbp) processed in 10.207s (75204.7 Kseq/m, 13859.79 Mbp/m).
  12609886 sequences classified (98.57%)
  183167 sequences unclassified (1.43%)
ak2-sample	batch	0	name	0-SRR5935831	mode	parallel	s3client	sdk	rank	24	role	home	inflight	6	threads	16	start_s	29.009980	wall_s	10.753074	setup_s	0.000061	classify_s	10.206586	close_s	0.397777	report_s	0.142751	status	0	sequences	12793053	bases	2357685670	classified	12609886	place	lpt	weight	12793053
14800056 sequences (2772.79 Mbp) processed in 10.876s (81649.7 Kseq/m, 15297.07 Mbp/m).
  14536791 sequences classified (98.22%)
  263265 sequences unclassified (1.78%)
ak2-sample	batch	0	name	0-SRR5935784	mode	parallel	s3client	sdk	rank	24	role	home	inflight	6	threads	16	start_s	29.009981	wall_s	11.419493	setup_s	0.000058	classify_s	10.875769	close_s	0.282493	report_s	0.253688	status	0	sequences	14800056	bases	2772790740	classified	14536791	place	lpt	weight	14800056
ak2-timing	batch-barrier-0	40.429496	2.866654	3762	0	0.636112	0.325521
ak2-engine	mem	t_s	45.1	rss_kib	53572412	hwm_kib	56544120	heap_inuse	14117273600	sys	21171932152	avail_kib	39826092
8326050 sequences (1540.09 Mbp) processed in 7.663s (65189.4 Kseq/m, 12058.26 Mbp/m).
  8094378 sequences classified (97.22%)
  231672 sequences unclassified (2.78%)
ak2-sample	batch	1	name	1-SRR5935828	mode	parallel	s3client	sdk	rank	24	role	home	inflight	6	threads	16	start_s	43.296184	wall_s	8.226974	setup_s	0.000048	classify_s	7.663255	close_s	0.340966	report_s	0.213910	status	0	sequences	8326050	bases	1540092338	classified	8094378	place	mod	weight	8326050
11689489 sequences (2123.44 Mbp) processed in 9.001s (77923.9 Kseq/m, 14155.18 Mbp/m).
  11327502 sequences classified (96.90%)
  361987 sequences unclassified (3.10%)
ak2-sample	batch	1	name	1-SRR5935764	mode	parallel	s3client	sdk	rank	24	role	home	inflight	6	threads	16	start_s	43.296187	wall_s	9.681016	setup_s	0.000042	classify_s	9.000692	close_s	0.507510	report_s	0.163409	status	0	sequences	11689489	bases	2123440867	classified	11327502	place	mod	weight	11689489
14959235 sequences (2745.67 Mbp) processed in 10.851s (82717.6 Kseq/m, 15182.25 Mbp/m).
  13888405 sequences classified (92.84%)
  1070830 sequences unclassified (7.16%)
ak2-sample	batch	1	name	1-SRR5935796	mode	parallel	s3client	sdk	rank	24	role	home	inflight	6	threads	16	start_s	43.296193	wall_s	11.359466	setup_s	0.000038	classify_s	10.850828	close_s	0.302048	report_s	0.193892	status	0	sequences	14959235	bases	2745665723	classified	13888405	place	mod	weight	14959235
ak2-timing	batch-barrier-1	54.655678	3.780588	3	0	0.754874	0.133323
ak2-engine	mem	t_s	60.1	rss_kib	51277136	hwm_kib	56544120	heap_inuse	13038411776	sys	21172399096	avail_kib	40287604
9090205 sequences (1661.37 Mbp) processed in 7.766s (70232.1 Kseq/m, 12835.97 Mbp/m).
  7439975 sequences classified (81.85%)
  1650230 sequences unclassified (18.15%)
ak2-sample	batch	2	name	2-SRR5935799	mode	parallel	s3client	sdk	rank	24	role	home	inflight	6	threads	16	start_s	58.436312	wall_s	8.249117	setup_s	0.000044	classify_s	7.765854	close_s	0.257861	report_s	0.207169	status	0	sequences	9090205	bases	1661371324	classified	7439975	place	lpt	weight	9090205
12793053 sequences (2357.69 Mbp) processed in 9.938s (77238.1 Kseq/m, 14234.54 Mbp/m).
  12609886 sequences classified (98.57%)
  183167 sequences unclassified (1.43%)
ak2-sample	batch	2	name	2-SRR5935831	mode	parallel	s3client	sdk	rank	24	role	home	inflight	6	threads	16	start_s	58.436325	wall_s	10.778923	setup_s	0.000039	classify_s	9.937880	close_s	0.616031	report_s	0.219310	status	0	sequences	12793053	bases	2357685670	classified	12609886	place	lpt	weight	12793053
14800056 sequences (2772.79 Mbp) processed in 10.784s (82341.6 Kseq/m, 15426.70 Mbp/m).
  14536791 sequences classified (98.22%)
  263265 sequences unclassified (1.78%)
ak2-sample	batch	2	name	2-SRR5935784	mode	parallel	s3client	sdk	rank	24	role	home	inflight	6	threads	16	start_s	58.436315	wall_s	11.250285	setup_s	0.000041	classify_s	10.784382	close_s	0.248894	report_s	0.209141	status	0	sequences	14800056	bases	2772790740	classified	14536791	place	lpt	weight	14800056
ak2-timing	batch-barrier-2	69.686621	3.067942	4	0	0.751424	0.118946
ak2-engine	mem	t_s	75.1	rss_kib	51050424	hwm_kib	56544120	heap_inuse	8510717952	sys	21174586360	avail_kib	39664352
ak2-timing	barrier	79.672630	0.517751	0	0	0.015262	0.000455
ak2-sample	batch	3	name	3-SRR5935740	mode	striped	s3client	sdk	rank	24	role	peer	inflight	1	threads	16	start_s	74.115475	wall_s	6.074954	setup_s	0.000041	classify_s	5.554906	close_s	0.000000	report_s	0.000000	status	0	sequences	0	bases	0	classified	0	place	-	weight	-
ak2-timing	batch-barrier-3	80.190437	0.901946	0	0	0.000000	0.007904
ak2-timing	barrier	87.808763	0.270581	0	0	0.004071	0.009583
ak2-sample	batch	4	name	4-SRR5935740	mode	striped	s3client	sdk	rank	24	role	peer	inflight	1	threads	16	start_s	82.256532	wall_s	5.822854	setup_s	0.000047	classify_s	5.549670	close_s	0.000000	report_s	0.000000	status	0	sequences	0	bases	0	classified	0	place	-	weight	-
ak2-timing	batch-barrier-4	88.079403	1.012500	244	0	0.008229	0.000000
ak2-engine	mem	t_s	90.1	rss_kib	39120972	hwm_kib	56544120	heap_inuse	2761768960	sys	21174586360	avail_kib	54991644
ak2-timing	barrier	95.753614	0.227999	0	0	0.009343	0.000807
ak2-sample	batch	5	name	5-SRR5935740	mode	striped	s3client	sdk	rank	24	role	peer	inflight	1	threads	16	start_s	90.192538	wall_s	5.789123	setup_s	0.000031	classify_s	5.558851	close_s	0.000000	report_s	0.000000	status	0	sequences	0	bases	0	classified	0	place	-	weight	-
ak2-timing	batch-barrier-5	95.981671	0.920102	4	0	0.007392	0.000639
ak2-timing	batch-barrier-6	96.901792	7.523024	6	0	0.296732	0.071080
ak2-engine	mem	t_s	105.1	rss_kib	38959352	hwm_kib	56544120	heap_inuse	2360377344	sys	21174586360	avail_kib	56224344
ak2-timing	batch-barrier-7	104.424843	6.409122	35	0	0.314949	0.053797
ak2-timing	batch-barrier-8	110.833987	7.705753	3	0	0.278819	0.099457
ak2-engine	shard	0	n	32	lo	222954688456	hi	232244467142	tail	302	full	false	empty_at	9289778690	keys	4241846196	batches	89910	probe_s	89.544648	tail_probes	0	wrap_probes	0
ak2-engine	mem	t_s	118.5	rss_kib	38959388	hwm_kib	56544120	heap_inuse	2362654720	sys	21174586360	avail_kib	56450448
ak2-engine	rendezvous	puts	13	gets	690
ak2-engine	s3	client	sdk	put	22	get	690	create_multipart	9	upload_part	1194	complete_multipart	9	abort_multipart	0	part_bytes	9982935341
ak2-engine	s3	client	cli	put	0	get	0	create_multipart	0	upload_part	0	complete_multipart	0	abort_multipart	0	part_bytes	0
ak2-engine	load	seconds	14.668194	requests	572	retries	0	bytes	37159181552
ak2-engine	route	transport	nodes	calls	2863	keys	4312844692	batches	91616	route_s	39.941774	wait_s	687.490696	gather_s	8.418286
ak2-engine	worker	scan_s	314.151945	lookup_s	735.852489	classify_s	243.520545
ak2-timing	total	0.000001	118.605053	10282755	0	883.118708	76.548250
