Loading database information...ak2-timing	opts	0.003092	0.000016	2	0	0.000000	0.000040
ak2-timing	taxo	0.003116	0.114341	87820	0	0.028289	0.089071
ak2-engine	mem	t_s	15.0	rss_kib	38991272	hwm_kib	38991276	heap_inuse	406036480	sys	443935096	avail_kib	55806072
ak2-timing	shard-load-14	0.190663	29.762020	42915	0	44.637216	44.593812
ak2-engine	mem	t_s	30.0	rss_kib	72976696	hwm_kib	72976696	heap_inuse	407658496	sys	444459384	avail_kib	21898408
ak2-timing	rendezvous	31.092473	0.493442	140	0	0.006142	0.000000
ak2-timing	connect	31.585936	0.095268	877	0	0.016657	0.000000
ak2-timing	hash	0.117564	31.563661	45719	0	44.672724	44.596848
 done.
16180463 sequences (3026.48 Mbp) processed in 9.087s (106833.1 Kseq/m, 19982.65 Mbp/m).
  15739294 sequences classified (97.27%)
  441169 sequences unclassified (2.73%)
ak2-sample	batch	0	name	0-SRR5935770	mode	parallel	s3client	sdk	rank	14	role	home	inflight	1	threads	16	start_s	31.681259	wall_s	9.633429	setup_s	0.000045	classify_s	9.087331	close_s	0.327574	report_s	0.208739	status	0	sequences	16180463	bases	3026482353	classified	15739294	place	lpt	weight	16180463
ak2-engine	mem	t_s	45.0	rss_kib	78548864	hwm_kib	78548864	heap_inuse	5172379648	sys	6138040376	avail_kib	16393936
15500933 sequences (2889.47 Mbp) processed in 8.752s (106273.9 Kseq/m, 19810.11 Mbp/m).
  14777244 sequences classified (95.33%)
  723689 sequences unclassified (4.67%)
ak2-sample	batch	0	name	0-SRR5935808	mode	parallel	s3client	sdk	rank	14	role	home	inflight	1	threads	16	start_s	41.314710	wall_s	9.209914	setup_s	0.000058	classify_s	8.751501	close_s	0.223231	report_s	0.226483	status	0	sequences	15500933	bases	2889469649	classified	14777244	place	lpt	weight	15500933
13253368 sequences (2414.15 Mbp) processed in 7.165s (110983.1 Kseq/m, 20216.01 Mbp/m).
  12329188 sequences classified (93.03%)
  924180 sequences unclassified (6.97%)
ak2-sample	batch	0	name	0-SRR5935804	mode	parallel	s3client	sdk	rank	14	role	home	inflight	1	threads	16	start_s	50.524651	wall_s	7.607944	setup_s	0.000051	classify_s	7.165074	close_s	0.279393	report_s	0.152749	status	0	sequences	13253368	bases	2414153428	classified	12329188	place	lpt	weight	13253368
ak2-engine	mem	t_s	60.0	rss_kib	78381648	hwm_kib	79512580	heap_inuse	5182693376	sys	7172129064	avail_kib	15724900
11374148 sequences (2063.47 Mbp) processed in 6.269s (108861.6 Kseq/m, 19749.38 Mbp/m).
  10686284 sequences classified (93.95%)
  687864 sequences unclassified (6.05%)
ak2-sample	batch	0	name	0-SRR5935769	mode	parallel	s3client	sdk	rank	14	role	home	inflight	1	threads	16	start_s	58.132615	wall_s	6.687328	setup_s	0.000052	classify_s	6.268958	close_s	0.265854	report_s	0.141727	status	0	sequences	11374148	bases	2063466726	classified	10686284	place	lpt	weight	11374148
8439357 sequences (1550.81 Mbp) processed in 4.972s (101847.9 Kseq/m, 18715.52 Mbp/m).
  8138623 sequences classified (96.44%)
  300734 sequences unclassified (3.56%)
ak2-sample	batch	0	name	0-SRR5935797	mode	parallel	s3client	sdk	rank	14	role	home	inflight	1	threads	16	start_s	64.819969	wall_s	5.386158	setup_s	0.000049	classify_s	4.971741	close_s	0.255909	report_s	0.150500	status	0	sequences	8439357	bases	1550811438	classified	8138623	place	lpt	weight	8439357
7153468 sequences (1337.27 Mbp) processed in 4.179s (102710.7 Kseq/m, 19200.71 Mbp/m).
  6947959 sequences classified (97.13%)
  205509 sequences unclassified (2.87%)
ak2-sample	batch	0	name	0-SRR5935815	mode	parallel	s3client	sdk	rank	14	role	home	inflight	1	threads	16	start_s	70.206150	wall_s	4.640860	setup_s	0.000055	classify_s	4.178808	close_s	0.281068	report_s	0.174050	status	0	sequences	7153468	bases	1337267943	classified	6947959	place	lpt	weight	7153468
ak2-engine	mem	t_s	75.0	rss_kib	78821368	hwm_kib	79590772	heap_inuse	3841425408	sys	7356911960	avail_kib	15305364
ak2-timing	batch-barrier-0	74.847030	0.443236	3	0	0.040149	0.022481
10479816 sequences (1916.83 Mbp) processed in 5.709s (110148.2 Kseq/m, 20146.86 Mbp/m).
  9679024 sequences classified (92.36%)
  800792 sequences unclassified (7.64%)
ak2-sample	batch	1	name	1-SRR5935754	mode	parallel	s3client	sdk	rank	14	role	home	inflight	1	threads	16	start_s	75.290295	wall_s	6.190364	setup_s	0.000053	classify_s	5.708574	close_s	0.307071	report_s	0.161257	status	0	sequences	10479816	bases	1916830360	classified	9679024	place	mod	weight	10479816
ak2-engine	mem	t_s	90.0	rss_kib	79023360	hwm_kib	79590772	heap_inuse	3246055424	sys	7499657592	avail_kib	15364544
16180463 sequences (3026.48 Mbp) processed in 9.095s (106742.3 Kseq/m, 19965.67 Mbp/m).
  15739294 sequences classified (97.27%)
  441169 sequences unclassified (2.73%)
ak2-sample	batch	1	name	1-SRR5935770	mode	parallel	s3client	sdk	rank	14	role	home	inflight	1	threads	16	start_s	81.480682	wall_s	9.555916	setup_s	0.000056	classify_s	9.095061	close_s	0.265986	report_s	0.184966	status	0	sequences	16180463	bases	3026482353	classified	15739294	place	mod	weight	16180463
10054299 sequences (1885.64 Mbp) processed in 5.662s (106554.0 Kseq/m, 19983.77 Mbp/m).
  9575405 sequences classified (95.24%)
  478894 sequences unclassified (4.76%)
ak2-sample	batch	1	name	1-SRR5935786	mode	parallel	s3client	sdk	rank	14	role	home	inflight	1	threads	16	start_s	91.036617	wall_s	6.124248	setup_s	0.000047	classify_s	5.661522	close_s	0.311998	report_s	0.140656	status	0	sequences	10054299	bases	1885642952	classified	9575405	place	mod	weight	10054299
ak2-engine	mem	t_s	105.0	rss_kib	78892916	hwm_kib	79590772	heap_inuse	3962822656	sys	7499657592	avail_kib	15423200
16720060 sequences (3103.13 Mbp) processed in 9.293s (107947.8 Kseq/m, 20034.39 Mbp/m).
  16427692 sequences classified (98.25%)
  292368 sequences unclassified (1.75%)
ak2-sample	batch	1	name	1-SRR5935802	mode	parallel	s3client	sdk	rank	14	role	home	inflight	1	threads	16	start_s	97.160889	wall_s	9.809205	setup_s	0.000055	classify_s	9.293415	close_s	0.294365	report_s	0.213561	status	0	sequences	16720060	bases	3103131942	classified	16427692	place	mod	weight	16720060
8877621 sequences (1663.95 Mbp) processed in 5.026s (105985.4 Kseq/m, 19864.99 Mbp/m).
  8212460 sequences classified (92.51%)
  665161 sequences unclassified (7.49%)
ak2-sample	batch	1	name	1-SRR5935818	mode	parallel	s3client	sdk	rank	14	role	home	inflight	1	threads	16	start_s	106.970126	wall_s	5.459742	setup_s	0.000067	classify_s	5.025763	close_s	0.233237	report_s	0.190835	status	0	sequences	8877621	bases	1663945574	classified	8212460	place	mod	weight	8877621
12610038 sequences (2321.59 Mbp) processed in 7.050s (107318.9 Kseq/m, 19758.13 Mbp/m).
  12099380 sequences classified (95.95%)
  510658 sequences unclassified (4.05%)
ak2-sample	batch	1	name	1-SRR5935834	mode	parallel	s3client	sdk	rank	14	role	home	inflight	1	threads	16	start_s	112.429891	wall_s	7.531523	setup_s	0.000053	classify_s	7.050039	close_s	0.246904	report_s	0.225483	status	0	sequences	12610038	bases	2321592529	classified	12099380	place	mod	weight	12610038
ak2-engine	mem	t_s	120.0	rss_kib	78829808	hwm_kib	79590772	heap_inuse	3181191168	sys	7500779896	avail_kib	15434384
ak2-timing	batch-barrier-1	119.961434	9.379056	5	0	2.397393	0.381956
ak2-engine	mem	t_s	135.0	rss_kib	79339680	hwm_kib	79590772	heap_inuse	5608923136	sys	7504974200	avail_kib	15336572
16180463 sequences (3026.48 Mbp) processed in 9.134s (106287.5 Kseq/m, 19880.59 Mbp/m).
  15739294 sequences classified (97.27%)
  441169 sequences unclassified (2.73%)
ak2-sample	batch	2	name	2-SRR5935770	mode	parallel	s3client	sdk	rank	14	role	home	inflight	1	threads	16	start_s	129.340541	wall_s	9.547711	setup_s	0.000044	classify_s	9.133981	close_s	0.244950	report_s	0.159202	status	0	sequences	16180463	bases	3026482353	classified	15739294	place	lpt	weight	16180463
15500933 sequences (2889.47 Mbp) processed in 8.628s (107792.3 Kseq/m, 20093.15 Mbp/m).
  14777244 sequences classified (95.33%)
  723689 sequences unclassified (4.67%)
ak2-sample	batch	2	name	2-SRR5935808	mode	parallel	s3client	sdk	rank	14	role	home	inflight	1	threads	16	start_s	138.888276	wall_s	9.034882	setup_s	0.000040	classify_s	8.628226	close_s	0.241121	report_s	0.156792	status	0	sequences	15500933	bases	2889469649	classified	14777244	place	lpt	weight	15500933
ak2-engine	mem	t_s	150.0	rss_kib	78723572	hwm_kib	79590772	heap_inuse	5454618624	sys	7505006968	avail_kib	15395692
13253368 sequences (2414.15 Mbp) processed in 7.199s (110460.1 Kseq/m, 20120.74 Mbp/m).
  12329188 sequences classified (93.03%)
  924180 sequences unclassified (6.97%)
ak2-sample	batch	2	name	2-SRR5935804	mode	parallel	s3client	sdk	rank	14	role	home	inflight	1	threads	16	start_s	147.923178	wall_s	7.719563	setup_s	0.000060	classify_s	7.198999	close_s	0.325148	report_s	0.184334	status	0	sequences	13253368	bases	2414153428	classified	12329188	place	lpt	weight	13253368
11374148 sequences (2063.47 Mbp) processed in 6.270s (108840.2 Kseq/m, 19745.50 Mbp/m).
  10686284 sequences classified (93.95%)
  687864 sequences unclassified (6.05%)
ak2-sample	batch	2	name	2-SRR5935769	mode	parallel	s3client	sdk	rank	14	role	home	inflight	1	threads	16	start_s	155.642763	wall_s	6.727790	setup_s	0.000057	classify_s	6.270190	close_s	0.276970	report_s	0.169816	status	0	sequences	11374148	bases	2063466726	classified	10686284	place	lpt	weight	11374148
ak2-engine	mem	t_s	165.0	rss_kib	78467800	hwm_kib	79590772	heap_inuse	5510144000	sys	7505006968	avail_kib	15516656
8439357 sequences (1550.81 Mbp) processed in 5.006s (101160.3 Kseq/m, 18589.16 Mbp/m).
  8138623 sequences classified (96.44%)
  300734 sequences unclassified (3.56%)
ak2-sample	batch	2	name	2-SRR5935797	mode	parallel	s3client	sdk	rank	14	role	home	inflight	1	threads	16	start_s	162.370575	wall_s	5.422513	setup_s	0.000042	classify_s	5.005535	close_s	0.245109	report_s	0.163624	status	0	sequences	8439357	bases	1550811438	classified	8138623	place	lpt	weight	8439357
7153468 sequences (1337.27 Mbp) processed in 4.178s (102738.9 Kseq/m, 19206.00 Mbp/m).
  6947959 sequences classified (97.13%)
  205509 sequences unclassified (2.87%)
ak2-sample	batch	2	name	2-SRR5935815	mode	parallel	s3client	sdk	rank	14	role	home	inflight	1	threads	16	start_s	167.793111	wall_s	4.654023	setup_s	0.000053	classify_s	4.177658	close_s	0.310431	report_s	0.158919	status	0	sequences	7153468	bases	1337267943	classified	6947959	place	lpt	weight	7153468
ak2-timing	batch-barrier-2	172.447152	0.489015	0	0	0.000000	0.005286
ak2-engine	mem	t_s	180.0	rss_kib	76430708	hwm_kib	79590772	heap_inuse	3583066112	sys	7505015160	avail_kib	17597368
ak2-timing	barrier	179.170455	1.628542	12	0	0.033821	0.000000
ak2-sample	batch	3	name	3-SRR5935740	mode	striped	s3client	sdk	rank	14	role	peer	inflight	1	threads	16	start_s	173.494633	wall_s	7.304404	setup_s	0.000042	classify_s	5.671481	close_s	0.000000	report_s	0.000000	status	0	sequences	0	bases	0	classified	0	place	-	weight	-
ak2-timing	batch-barrier-3	180.799047	0.494949	141	0	0.005809	0.000000
ak2-timing	barrier	187.734401	0.099594	0	0	0.002367	0.000163
ak2-sample	batch	4	name	4-SRR5935740	mode	striped	s3client	sdk	rank	14	role	peer	inflight	1	threads	16	start_s	182.070514	wall_s	5.763531	setup_s	0.000053	classify_s	5.659271	close_s	0.000000	report_s	0.000000	status	0	sequences	0	bases	0	classified	0	place	-	weight	-
ak2-timing	batch-barrier-4	187.834053	0.565758	34	0	0.005725	0.000393
ak2-timing	barrier	194.845870	0.092585	0	0	0.000227	0.000016
ak2-sample	batch	5	name	5-SRR5935740	mode	striped	s3client	sdk	rank	14	role	peer	inflight	1	threads	16	start_s	189.169507	wall_s	5.768991	setup_s	0.000049	classify_s	5.672260	close_s	0.000000	report_s	0.000000	status	0	sequences	0	bases	0	classified	0	place	-	weight	-
ak2-engine	mem	t_s	195.0	rss_kib	76265888	hwm_kib	79590772	heap_inuse	3436601344	sys	7505015160	avail_kib	18592352
ak2-timing	batch-barrier-5	194.938508	0.631067	56	0	0.005710	0.000391
ak2-timing	batch-barrier-6	195.569597	7.157815	104	0	0.660855	0.088401
ak2-timing	batch-barrier-7	202.727446	7.140124	51	0	0.696230	0.066751
ak2-engine	mem	t_s	210.0	rss_kib	76266696	hwm_kib	79590772	heap_inuse	3439362048	sys	7505015160	avail_kib	18879972
ak2-timing	batch-barrier-8	209.867593	7.077167	12	0	0.668998	0.097312
ak2-engine	shard	0	n	16	lo	260113803199	hi	278693360570	tail	302	full	false	empty_at	18579557380	keys	8473287081	batches	89910	probe_s	179.710460	tail_probes	0	wrap_probes	0
ak2-engine	mem	t_s	216.9	rss_kib	76266700	hwm_kib	79590772	heap_inuse	3440132096	sys	7505015160	avail_kib	18971640
ak2-engine	rendezvous	puts	13	gets	293
ak2-engine	s3	client	sdk	put	31	get	293	create_multipart	18	upload_part	2301	complete_multipart	18	abort_multipart	0	part_bytes	19229712437
ak2-engine	s3	client	cli	put	0	get	0	create_multipart	0	upload_part	0	complete_multipart	0	abort_multipart	0	part_bytes	0
ak2-engine	load	seconds	29.762016	requests	1126	retries	0	bytes	74318296292
ak2-engine	route	transport	nodes	calls	5794	keys	8744465919	batches	92704	route_s	70.744247	wait_s	50.675857	gather_s	15.739292
ak2-engine	worker	scan_s	532.866958	lookup_s	137.163102	classify_s	480.416799
ak2-timing	total	0.000001	217.072896	12805980	0	1682.554769	115.643046
