make run: bucket aws-kraken2-942542972736-us-west-2 is in us-west-2
make run: run 20261007-195921-047e185-4425-n4-r2  task ak2-g3-20261007-195921-047e185-4425-n4-r2  ->  s3://aws-kraken2-942542972736-us-west-2/aws-kraken2/g3/20261007-195921-047e185-4425-n4-r2
make run: user data: 12414 of 16384 bytes after base64 decoding (refuse above 15360)
make run: plan: Instance: c8g.2xlarge (0 vCPU, 0 GiB)
make run: launched i-086b310fb062e4655 (c8g.2xlarge) in us-west-2
  | ak2: log tee up
  | ak2-phase	2026-10-07T20:00:13Z	1791403213	preamble	no
  | ak2: [2026-10-07T20:00:13Z] inherited $-=hBc (stub, as spawn started it: $-=hBc)
  | ak2: [2026-10-07T20:00:13Z] after set +e $-=hBc
  | ak2: [2026-10-07T20:00:13Z] gate=g3 run=20261007-195921-047e185-4425-n4-r2
  | ak2: [2026-10-07T20:00:13Z] aws shim installed and self-tested (/tmp/ak2-bin/aws -> /usr/bin/aws)
  | ak2: [2026-10-07T20:00:13Z] imds region=us-west-2 az=us-west-2a instance=i-086b310fb062e4655 type=c8g.2xlarge ami=ami-09325776a00699513
  | ak2: [2026-10-07T20:00:13Z] bucket aws-kraken2-942542972736-us-west-2 region=us-west-2
  | ak2: [2026-10-07T20:00:14Z] bucket aws-kraken2-942542972736-us-west-2 payer=UNKNOWN
  | ak2: [2026-10-07T20:00:14Z] WARN: could not read Payer of aws-kraken2-942542972736-us-west-2 from the instance (launch host verified it)
  | ak2: [2026-10-07T20:00:14Z] region assert passed
  | ak2: [2026-10-07T20:00:14Z] drop_caches_ok=true
  | ak2: [2026-10-07T20:00:14Z] preamble done; spec body starts
  | ak2-phase	2026-10-07T20:00:14Z	1791403214	body	no
  | ak2: [2026-10-07T20:00:14Z] cohort 20261007-195921-047e185-4425-n4 rank 2 of 4, commit 047e185
  | ak2-phase	2026-10-07T20:00:14Z	1791403214	setup	no
  | ak2: [2026-10-07T20:00:54Z] built 047e185903dc86f2cef544345cb590be1da2a022; go version go1.27.1 linux/arm64; private ip 172.31.27.225; nproc 8; mem_gib 15
  | ak2-phase	2026-10-07T20:00:54Z	1791403254	fetch	no
  | ak2: [2026-10-07T20:00:55Z] staged s3://aws-kraken2-942542972736-us-west-2/aws-kraken2/data/k2_standard_08_GB_20260626/opts.k2d -> /home/ec2-user/ak2/db/k2_standard_08_GB_20260626/opts.k2d (64 bytes)
  | ak2: [2026-10-07T20:00:55Z] staged aws-kraken2/data/k2_standard_08_GB_20260626/opts.k2d bytes=64 sha256=5d80247b7332536ff08f4afa0fbc29e897e0e178fdf4aa9c28e84028fdbcc235 object-metadata=5d80247b7332536ff08f4afa0fbc29e897e0e178fdf4aa9c28e84028fdbcc235
  | ak2: [2026-10-07T20:00:56Z] staged s3://aws-kraken2-942542972736-us-west-2/aws-kraken2/data/k2_standard_08_GB_20260626/taxo.k2d -> /home/ec2-user/ak2/db/k2_standard_08_GB_20260626/taxo.k2d (4818575 bytes)
  | ak2: [2026-10-07T20:00:56Z] staged aws-kraken2/data/k2_standard_08_GB_20260626/taxo.k2d bytes=4818575 sha256=65f9dd8c9a859dc613db5444160e989d275b386475486a013c6ca7f4dd09bc2e object-metadata=65f9dd8c9a859dc613db5444160e989d275b386475486a013c6ca7f4dd09bc2e
  | ak2: [2026-10-07T20:00:57Z] staged s3://aws-kraken2-942542972736-us-west-2/aws-kraken2/data/k2_standard_08_GB_20260626/SOURCE -> /home/ec2-user/ak2/db/k2_standard_08_GB_20260626/SOURCE (137 bytes)
  | ak2: [2026-10-07T20:00:57Z] staged aws-kraken2/data/k2_standard_08_GB_20260626/SOURCE bytes=137 sha256=2a5827a124b438ddd053330317aeaf07063d1868a537ea3cff7bd286421afd53 object-metadata=2a5827a124b438ddd053330317aeaf07063d1868a537ea3cff7bd286421afd53
  | ak2: [2026-10-07T20:00:58Z] staged s3://aws-kraken2-942542972736-us-west-2/aws-kraken2/data/reads/SRR062634_200000_1.fq -> /home/ec2-user/ak2/reads/SRR062634_200000_1.fq (51895574 bytes)
  | ak2: [2026-10-07T20:00:58Z] staged aws-kraken2/data/reads/SRR062634_200000_1.fq bytes=51895574 sha256=7a4a504d49771af64cefe8842bfffdedea13e07129111d4fcf4e52b4fe77c6b5 object-metadata=7a4a504d49771af64cefe8842bfffdedea13e07129111d4fcf4e52b4fe77c6b5
  | ak2: [2026-10-07T20:00:59Z] staged s3://aws-kraken2-942542972736-us-west-2/aws-kraken2/data/reads/SRR062634_200000_2.fq -> /home/ec2-user/ak2/reads/SRR062634_200000_2.fq (51895574 bytes)
  | ak2: [2026-10-07T20:00:59Z] staged aws-kraken2/data/reads/SRR062634_200000_2.fq bytes=51895574 sha256=e2665fb52aa4600891a93e86bd9cf7ff3f779b766017e261c106429b2ae854a1 object-metadata=e2665fb52aa4600891a93e86bd9cf7ff3f779b766017e261c106429b2ae854a1
  | ak2: [2026-10-07T20:01:00Z] staged s3://aws-kraken2-942542972736-us-west-2/aws-kraken2/data/reads/SRR062634_200000_1.fq.gz -> /home/ec2-user/ak2/reads/SRR062634_200000_1.fq.gz (15955195 bytes)
  | ak2: [2026-10-07T20:01:00Z] staged aws-kraken2/data/reads/SRR062634_200000_1.fq.gz bytes=15955195 sha256=4d13958862d7e45cb179acff08d11d327af24376570ddf17c71af527233df341 object-metadata=4d13958862d7e45cb179acff08d11d327af24376570ddf17c71af527233df341
  | ak2: [2026-10-07T20:01:01Z] staged s3://aws-kraken2-942542972736-us-west-2/aws-kraken2/data/reads/SRR062634_200000_2.fq.gz -> /home/ec2-user/ak2/reads/SRR062634_200000_2.fq.gz (15893511 bytes)
  | ak2: [2026-10-07T20:01:01Z] staged aws-kraken2/data/reads/SRR062634_200000_2.fq.gz bytes=15893511 sha256=df47311fd6f56471134ab66da08a52d525f92c62f8d596aa1f7c28c9a220d478 object-metadata=df47311fd6f56471134ab66da08a52d525f92c62f8d596aa1f7c28c9a220d478
  | ak2: [2026-10-07T20:01:02Z] staged s3://aws-kraken2-942542972736-us-west-2/aws-kraken2/data/reads/ERR478965_200000_1.fq -> /home/ec2-user/ak2/reads/ERR478965_200000_1.fq (47238491 bytes)
  | ak2: [2026-10-07T20:01:03Z] staged aws-kraken2/data/reads/ERR478965_200000_1.fq bytes=47238491 sha256=385a3f6e4e9ee725dafb3b041d112a456b5cad2aacba709aa857e1a7cfdd91be object-metadata=385a3f6e4e9ee725dafb3b041d112a456b5cad2aacba709aa857e1a7cfdd91be
  | ak2: [2026-10-07T20:01:03Z] staged s3://aws-kraken2-942542972736-us-west-2/aws-kraken2/data/reads/ERR478965_200000_2.fq -> /home/ec2-user/ak2/reads/ERR478965_200000_2.fq (47075003 bytes)
  | ak2: [2026-10-07T20:01:04Z] staged aws-kraken2/data/reads/ERR478965_200000_2.fq bytes=47075003 sha256=71e9a1e49147d0e26462615215f01748751d15e07101435fb99832e1ce217af7 object-metadata=71e9a1e49147d0e26462615215f01748751d15e07101435fb99832e1ce217af7
  | ak2: [2026-10-07T20:01:04Z] staged s3://aws-kraken2-942542972736-us-west-2/aws-kraken2/data/reads/ERR478965_200000_1.fq.gz -> /home/ec2-user/ak2/reads/ERR478965_200000_1.fq.gz (13868909 bytes)
  | ak2: [2026-10-07T20:01:05Z] staged aws-kraken2/data/reads/ERR478965_200000_1.fq.gz bytes=13868909 sha256=12909ad81dcec618f9129cba37b63bbe5d83ded76ffc251afb462de5794a22c9 object-metadata=12909ad81dcec618f9129cba37b63bbe5d83ded76ffc251afb462de5794a22c9
  | ak2: [2026-10-07T20:01:05Z] staged s3://aws-kraken2-942542972736-us-west-2/aws-kraken2/data/reads/ERR478965_200000_2.fq.gz -> /home/ec2-user/ak2/reads/ERR478965_200000_2.fq.gz (13801673 bytes)
  | ak2: [2026-10-07T20:01:06Z] staged aws-kraken2/data/reads/ERR478965_200000_2.fq.gz bytes=13801673 sha256=64b73612b72ce90efcd8af1e3a8ae85a92227b6367a136936ea3307c65bf99ae object-metadata=64b73612b72ce90efcd8af1e3a8ae85a92227b6367a136936ea3307c65bf99ae
  | ak2: [2026-10-07T20:01:06Z] staged s3://aws-kraken2-942542972736-us-west-2/aws-kraken2/data/reads/SRR28305653_200000_1.fq -> /home/ec2-user/ak2/reads/SRR28305653_200000_1.fq (72980506 bytes)
  | ak2: [2026-10-07T20:01:07Z] staged aws-kraken2/data/reads/SRR28305653_200000_1.fq bytes=72980506 sha256=ad584456e75ca74f07b02dbf23a48df85d547be65b4f4d02714c42f2cb69d946 object-metadata=ad584456e75ca74f07b02dbf23a48df85d547be65b4f4d02714c42f2cb69d946
  | ak2: [2026-10-07T20:01:07Z] staged s3://aws-kraken2-942542972736-us-west-2/aws-kraken2/data/reads/SRR28305653_200000_2.fq -> /home/ec2-user/ak2/reads/SRR28305653_200000_2.fq (72980506 bytes)
  | ak2: [2026-10-07T20:01:08Z] staged aws-kraken2/data/reads/SRR28305653_200000_2.fq bytes=72980506 sha256=d44fd1b8d7abbbe6f2d22490646e5daa20ee16ef36802ee619040cb080716b9a object-metadata=d44fd1b8d7abbbe6f2d22490646e5daa20ee16ef36802ee619040cb080716b9a
  | ak2: [2026-10-07T20:01:08Z] staged s3://aws-kraken2-942542972736-us-west-2/aws-kraken2/data/reads/SRR28305653_200000_1.fq.gz -> /home/ec2-user/ak2/reads/SRR28305653_200000_1.fq.gz (9836969 bytes)
  | ak2: [2026-10-07T20:01:09Z] staged aws-kraken2/data/reads/SRR28305653_200000_1.fq.gz bytes=9836969 sha256=08d2d9c25510c0d12668d484d4a92fca8cb566da302b2fbb831d69db6ec55cad object-metadata=08d2d9c25510c0d12668d484d4a92fca8cb566da302b2fbb831d69db6ec55cad
  | ak2: [2026-10-07T20:01:09Z] staged s3://aws-kraken2-942542972736-us-west-2/aws-kraken2/data/reads/SRR28305653_200000_2.fq.gz -> /home/ec2-user/ak2/reads/SRR28305653_200000_2.fq.gz (10134869 bytes)
  | ak2: [2026-10-07T20:01:10Z] staged aws-kraken2/data/reads/SRR28305653_200000_2.fq.gz bytes=10134869 sha256=4e512ea5f32865c34125f580f8681a73fa160d262d9483834a79c514ff760e5e object-metadata=4e512ea5f32865c34125f580f8681a73fa160d262d9483834a79c514ff760e5e
  | ak2: [2026-10-07T20:01:11Z] hash.k2d etag=9c11c6b05d131f2639992379c7041b93-954 size=8000000032 sha256-metadata=6c60e422b621b8116b7a3451fe25c682edfcf7c159c0ef757fb7de271b318d46
  | ak2-phase	2026-10-07T20:01:11Z	1791403271	case-pe-gz-S1	no
  | ak2: [2026-10-07T20:01:11Z] case pe-gz-S1: /home/ec2-user/ak2/repo/bin/aws-kraken2 --db /home/ec2-user/ak2/db/k2_standard_08_GB_20260626 --threads 8 --paired --output s3://aws-kraken2-942542972736-us-west-2/aws-kraken2/g3/20261007-195921-047e185-4425-n4/out/pe-gz-S1/output.txt --classified-out s3://aws-kraken2-942542972736-us-west-2/aws-kraken2/g3/20261007-195921-047e185-4425-n4/out/pe-gz-S1/cls#.fq --unclassified-out s3://aws-kraken2-942542972736-us-west-2/aws-kraken2/g3/20261007-195921-047e185-4425-n4/out/pe-gz-S1/uncls#.fq --report /home/ec2-user/ak2/eng-pe-gz-S1.report /home/ec2-user/ak2/reads/SRR062634_200000_1.fq.gz /home/ec2-user/ak2/reads/SRR062634_200000_2.fq.gz
  | ak2: [2026-10-07T20:01:28Z] case pe-gz-S1 rank 2 exit 0
  | [pe-gz-S1] ak2-timing	taxo	0.000076	0.003047	2602	0	0.003776	0.000000
  | [pe-gz-S1] ak2-timing	shard-load-2	0.086964	8.714868	1524	0	0.869981	0.947863
  | [pe-gz-S1] ak2-timing	rendezvous	9.513020	3.165985	5	0	0.001732	0.001838
  | [pe-gz-S1] ak2-timing	connect	12.679026	1.035687	4	0	0.000497	0.000527
  | [pe-gz-S1] ak2-timing	hash	0.003150	13.711592	2688	0	0.889858	0.951286
  | [pe-gz-S1] ak2-timing	setup	13.714747	0.000042	0	0	0.000028	0.000030
  | [pe-gz-S1] ak2-timing	classify	13.714793	1.041198	63990	0	0.673393	0.003490
  | [pe-gz-S1] ak2-timing	barrier	14.756057	2.168265	2	0	0.001293	0.000787
  | [pe-gz-S1] ak2-engine	shard	0	n	4	lo	1000000000	hi	1500000000	tail	302	full	false	empty_at	500000012	keys	163151	batches	7	probe_s	0.002879	tail_probes	0	wrap_probes	0
  | [pe-gz-S1] ak2-engine	node	rank	2	n	4	emitter	false	blocks_cut	7	blocks_mine	2	read_s	0.181557	window_wait_s	0.000000	send_s	1.554971	sent_bytes	23840657	emit_wait_s	0.000000	emit_s	0.000000
  | [pe-gz-S1] ak2-engine	rendezvous	requests	6
  | [pe-gz-S1] ak2-engine	load	seconds	8.714861	requests	48	retries	0	bytes	2000066808
  | [pe-gz-S1] ak2-engine	route	transport	local	calls	2	keys	124893	batches	8	route_s	0.001955	wait_s	0.002648	gather_s	0.000706
  | [pe-gz-S1] ak2-engine	worker	scan_s	0.140057	lookup_s	0.005310	classify_s	0.060269
  | [pe-gz-S1] ak2-timing	unmap	16.924382	0.003283	2	0	0.002097	0.001276
  | [pe-gz-S1] ak2-timing	total	0.000001	16.927678	69292	0	1.570647	0.956932
  | [pe-gz-S1 stderr] Loading database information...ak2-timing	opts	0.000043	0.000026	4	0	0.000028	0.000000
  | [pe-gz-S1 stderr]  done.
  | ak2: [2026-10-07T20:01:28Z] pushed out/rank2/eng-pe-gz-S1.stderr
  | ak2-phase	2026-10-07T20:01:28Z	1791403288	case-se-fq-S2	no
  | ak2: [2026-10-07T20:01:28Z] case se-fq-S2: /home/ec2-user/ak2/repo/bin/aws-kraken2 --db /home/ec2-user/ak2/db/k2_standard_08_GB_20260626 --threads 8 --report-zero-counts --output s3://aws-kraken2-942542972736-us-west-2/aws-kraken2/g3/20261007-195921-047e185-4425-n4/out/se-fq-S2/output.txt --report /home/ec2-user/ak2/eng-se-fq-S2.report /home/ec2-user/ak2/reads/ERR478965_200000_1.fq
  | ak2: [2026-10-07T20:01:43Z] case se-fq-S2 rank 2 exit 0
  | [se-fq-S2] ak2-timing	taxo	0.000077	0.004378	2585	0	0.006667	0.000000
  | [se-fq-S2] ak2-timing	shard-load-2	0.135044	8.140584	1572	0	0.824149	1.122693
  | [se-fq-S2] ak2-timing	rendezvous	8.775659	5.559854	71	0	0.008194	0.000000
  | [se-fq-S2] ak2-timing	connect	14.335534	0.507967	254	0	0.000933	0.000000
  | [se-fq-S2] ak2-timing	hash	0.004475	14.839049	2903	0	0.849702	1.122693
  | [se-fq-S2] ak2-timing	setup	14.843529	0.000043	0	0	0.000048	0.000000
  | [se-fq-S2] ak2-timing	classify	14.843576	0.094121	15448	0	0.083984	0.032454
  | [se-fq-S2] ak2-timing	barrier	14.937848	0.012495	0	0	0.000054	0.000067
  | [se-fq-S2] ak2-engine	shard	0	n	4	lo	1000000000	hi	1500000000	tail	302	full	false	empty_at	500000012	keys	69249	batches	6	probe_s	0.001976	tail_probes	0	wrap_probes	0
  | [se-fq-S2] ak2-engine	node	rank	2	n	4	emitter	false	blocks_cut	6	blocks_mine	1	read_s	0.025767	window_wait_s	0.000000	send_s	0.001830	sent_bytes	1351172	emit_wait_s	0.000000	emit_s	0.000000
  | [se-fq-S2] ak2-engine	rendezvous	requests	10
  | [se-fq-S2] ak2-engine	load	seconds	8.140576	requests	48	retries	0	bytes	2000066808
  | [se-fq-S2] ak2-engine	route	transport	local	calls	1	keys	49411	batches	4	route_s	0.000842	wait_s	0.001044	gather_s	0.000281
  | [se-fq-S2] ak2-engine	worker	scan_s	0.059433	lookup_s	0.002168	classify_s	0.014572
  | [se-fq-S2] ak2-timing	unmap	14.950383	0.003308	0	0	0.001526	0.001871
  | [se-fq-S2] ak2-timing	total	0.000001	14.953709	20965	0	0.942187	1.157207
  | [se-fq-S2 stderr] Loading database information...ak2-timing	opts	0.000044	0.000025	4	0	0.000025	0.000000
  | [se-fq-S2 stderr]  done.
  | ak2: [2026-10-07T20:01:43Z] pushed out/rank2/eng-se-fq-S2.stderr
  | ak2-phase	2026-10-07T20:01:43Z	1791403303	case-pe-fq-S3-conf	no
  | ak2: [2026-10-07T20:01:43Z] case pe-fq-S3-conf: /home/ec2-user/ak2/repo/bin/aws-kraken2 --db /home/ec2-user/ak2/db/k2_standard_08_GB_20260626 --threads 8 --paired --confidence 0.1 --use-names --output s3://aws-kraken2-942542972736-us-west-2/aws-kraken2/g3/20261007-195921-047e185-4425-n4/out/pe-fq-S3-conf/output.txt --classified-out s3://aws-kraken2-942542972736-us-west-2/aws-kraken2/g3/20261007-195921-047e185-4425-n4/out/pe-fq-S3-conf/cls#.fq --unclassified-out s3://aws-kraken2-942542972736-us-west-2/aws-kraken2/g3/20261007-195921-047e185-4425-n4/out/pe-fq-S3-conf/uncls#.fq --report /home/ec2-user/ak2/eng-pe-fq-S3-conf.report /home/ec2-user/ak2/reads/SRR28305653_200000_1.fq /home/ec2-user/ak2/reads/SRR28305653_200000_2.fq
  | ak2: [2026-10-07T20:01:57Z] case pe-fq-S3-conf rank 2 exit 0
  | [pe-fq-S3-conf] ak2-timing	taxo	0.000079	0.008300	2557	0	0.006325	0.000000
  | [pe-fq-S3-conf] ak2-timing	shard-load-2	0.079090	8.895134	1654	0	0.798260	0.975140
  | [pe-fq-S3-conf] ak2-timing	rendezvous	9.528593	1.990631	43	0	0.003484	0.004137
  | [pe-fq-S3-conf] ak2-timing	connect	11.519246	0.001713	3	0	0.000207	0.000246
  | [pe-fq-S3-conf] ak2-timing	hash	0.008414	11.512557	2723	0	0.817269	0.980591
  | [pe-fq-S3-conf] ak2-timing	setup	11.520975	0.000033	1	0	0.000016	0.000019
  | [pe-fq-S3-conf] ak2-timing	classify	11.521014	0.291544	85730	0	0.451608	0.075493
  | [pe-fq-S3-conf] ak2-timing	barrier	11.812637	2.025256	1	0	0.000227	0.000188
  | [pe-fq-S3-conf] ak2-engine	shard	0	n	4	lo	1000000000	hi	1500000000	tail	302	full	false	empty_at	500000012	keys	268403	batches	9	probe_s	0.004904	tail_probes	0	wrap_probes	0
  | [pe-fq-S3-conf] ak2-engine	node	rank	2	n	4	emitter	false	blocks_cut	9	blocks_mine	2	read_s	0.054833	window_wait_s	0.000000	send_s	0.080039	sent_bytes	39164135	emit_wait_s	0.000000	emit_s	0.000000
  | [pe-fq-S3-conf] ak2-engine	rendezvous	requests	5
  | [pe-fq-S3-conf] ak2-engine	load	seconds	8.895131	requests	48	retries	0	bytes	2000066808
  | [pe-fq-S3-conf] ak2-engine	route	transport	local	calls	2	keys	257422	batches	8	route_s	0.004098	wait_s	0.003380	gather_s	0.001688
  | [pe-fq-S3-conf] ak2-engine	worker	scan_s	0.252787	lookup_s	0.009167	classify_s	0.138500
  | [pe-fq-S3-conf] ak2-timing	unmap	13.837951	0.003445	1	0	0.001938	0.001602
  | [pe-fq-S3-conf] ak2-timing	total	0.000001	13.841409	91019	0	1.277586	1.057970
  | [pe-fq-S3-conf stderr] Loading database information...ak2-timing	opts	0.000045	0.000027	4	0	0.000028	0.000000
  | [pe-fq-S3-conf stderr]  done.
  | ak2: [2026-10-07T20:01:58Z] pushed out/rank2/eng-pe-fq-S3-conf.stderr
  | ak2-phase	2026-10-07T20:01:58Z	1791403318	case-pe-gz-S2-quick-mpa	no
  | ak2: [2026-10-07T20:01:58Z] case pe-gz-S2-quick-mpa: /home/ec2-user/ak2/repo/bin/aws-kraken2 --db /home/ec2-user/ak2/db/k2_standard_08_GB_20260626 --threads 8 --paired --quick --minimum-hit-groups 1 --use-mpa-style --output s3://aws-kraken2-942542972736-us-west-2/aws-kraken2/g3/20261007-195921-047e185-4425-n4/out/pe-gz-S2-quick-mpa/output.txt --report /home/ec2-user/ak2/eng-pe-gz-S2-quick-mpa.report /home/ec2-user/ak2/reads/ERR478965_200000_1.fq.gz /home/ec2-user/ak2/reads/ERR478965_200000_2.fq.gz
  | ak2: [2026-10-07T20:02:13Z] case pe-gz-S2-quick-mpa rank 2 exit 0
  | [pe-gz-S2-quick-mpa] ak2-timing	taxo	0.000104	0.006724	2545	0	0.000000	0.008239
  | [pe-gz-S2-quick-mpa] ak2-timing	shard-load-2	0.060866	6.778078	1414	0	0.662728	0.816997
  | [pe-gz-S2-quick-mpa] ak2-timing	rendezvous	7.485175	6.933086	51	0	0.008946	0.001342
  | [pe-gz-S2-quick-mpa] ak2-timing	connect	14.418288	0.001938	4	0	0.000200	0.000246
  | [pe-gz-S2-quick-mpa] ak2-timing	hash	0.006857	14.413379	2528	0	0.680156	0.827213
  | [pe-gz-S2-quick-mpa] ak2-timing	setup	14.420241	0.000029	0	0	0.000015	0.000017
  | [pe-gz-S2-quick-mpa] ak2-timing	classify	14.420276	1.024527	32469	0	0.499933	0.009211
  | [pe-gz-S2-quick-mpa] ak2-timing	barrier	15.445053	0.284606	151	0	0.003356	0.000000
  | [pe-gz-S2-quick-mpa] ak2-engine	shard	0	n	4	lo	1000000000	hi	1500000000	tail	302	full	false	empty_at	500000012	keys	137874	batches	6	probe_s	0.004015	tail_probes	0	wrap_probes	0
  | [pe-gz-S2-quick-mpa] ak2-engine	node	rank	2	n	4	emitter	false	blocks_cut	6	blocks_mine	1	read_s	0.161639	window_wait_s	0.000000	send_s	0.800716	sent_bytes	1239769	emit_wait_s	0.000000	emit_s	0.000000
  | [pe-gz-S2-quick-mpa] ak2-engine	rendezvous	requests	14
  | [pe-gz-S2-quick-mpa] ak2-engine	load	seconds	6.778066	requests	48	retries	0	bytes	2000066808
  | [pe-gz-S2-quick-mpa] ak2-engine	route	transport	local	calls	1	keys	98175	batches	4	route_s	0.001654	wait_s	0.001898	gather_s	0.000583
  | [pe-gz-S2-quick-mpa] ak2-engine	worker	scan_s	0.104711	lookup_s	0.004136	classify_s	0.014491
  | [pe-gz-S2-quick-mpa] ak2-timing	unmap	15.729712	0.003191	2	0	0.000000	0.003268
  | [pe-gz-S2-quick-mpa] ak2-timing	total	0.000001	15.732922	37789	0	1.183789	0.848109
  | [pe-gz-S2-quick-mpa stderr] Loading database information...ak2-timing	opts	0.000069	0.000028	5	0	0.000041	0.000000
  | [pe-gz-S2-quick-mpa stderr]  done.
  | ak2: [2026-10-07T20:02:14Z] pushed out/rank2/eng-pe-gz-S2-quick-mpa.stderr
  | ak2-phase	2026-10-07T20:02:14Z	1791403334	case-se-multi-q20	no
  | ak2: [2026-10-07T20:02:14Z] case se-multi-q20: /home/ec2-user/ak2/repo/bin/aws-kraken2 --db /home/ec2-user/ak2/db/k2_standard_08_GB_20260626 --threads 8 --minimum-base-quality 20 --output s3://aws-kraken2-942542972736-us-west-2/aws-kraken2/g3/20261007-195921-047e185-4425-n4/out/se-multi-q20/output.txt --classified-out s3://aws-kraken2-942542972736-us-west-2/aws-kraken2/g3/20261007-195921-047e185-4425-n4/out/se-multi-q20/cls.fq --unclassified-out s3://aws-kraken2-942542972736-us-west-2/aws-kraken2/g3/20261007-195921-047e185-4425-n4/out/se-multi-q20/uncls.fq --report /home/ec2-user/ak2/eng-se-multi-q20.report /home/ec2-user/ak2/reads/SRR062634_200000_1.fq /home/ec2-user/ak2/reads/ERR478965_200000_1.fq
  | ak2: [2026-10-07T20:02:26Z] case se-multi-q20 rank 2 exit 0
  | [se-multi-q20] ak2-timing	taxo	0.000079	0.002527	2587	0	0.003149	0.000000
  | [se-multi-q20] ak2-timing	shard-load-2	0.352104	6.768287	1474	0	0.800190	0.704604
  | [se-multi-q20] ak2-timing	rendezvous	7.695085	2.397100	12	0	0.000000	0.003858
  | [se-multi-q20] ak2-timing	connect	10.092208	0.112265	5	0	0.000000	0.000592
  | [se-multi-q20] ak2-timing	hash	0.002627	10.201861	2526	0	0.820200	0.712076
  | [se-multi-q20] ak2-timing	setup	10.204492	0.000037	1	0	0.000000	0.000036
  | [se-multi-q20] ak2-timing	classify	10.204533	1.393195	45083	0	0.201333	0.073022
  | [se-multi-q20] ak2-timing	barrier	11.597872	0.423459	0	0	0.000102	0.000078
  | [se-multi-q20] ak2-engine	shard	0	n	4	lo	1000000000	hi	1500000000	tail	302	full	false	empty_at	500000012	keys	136434	batches	13	probe_s	0.003144	tail_probes	0	wrap_probes	0
  | [se-multi-q20] ak2-engine	node	rank	2	n	4	emitter	false	blocks_cut	13	blocks_mine	3	read_s	0.046107	window_wait_s	1.172184	send_s	0.029791	sent_bytes	21834825	emit_wait_s	0.000000	emit_s	0.000000
  | [se-multi-q20] ak2-engine	rendezvous	requests	6
  | [se-multi-q20] ak2-engine	load	seconds	6.768282	requests	48	retries	0	bytes	2000066808
  | [se-multi-q20] ak2-engine	route	transport	local	calls	3	keys	102270	batches	12	route_s	0.001290	wait_s	0.002240	gather_s	0.000443
  | [se-multi-q20] ak2-engine	worker	scan_s	0.127798	lookup_s	0.003975	classify_s	0.050377
  | [se-multi-q20] ak2-timing	unmap	12.021373	0.003342	1	0	0.001951	0.001492
  | [se-multi-q20] ak2-timing	total	0.000001	12.024727	50214	0	1.026949	0.786803
  | [se-multi-q20 stderr] Loading database information...ak2-timing	opts	0.000043	0.000028	4	0	0.000028	0.000000
  | [se-multi-q20 stderr]  done.
  | ak2: [2026-10-07T20:02:26Z] pushed out/rank2/eng-se-multi-q20.stderr
  | ak2: [2026-10-07T20:02:26Z] rank 2 done: 0 failed case(s)
  | ak2: [2026-10-07T20:02:26Z] spec body exit rc=0
  | ak2-phase	2026-10-07T20:02:26Z	1791403346	end	no
make run: tag-objects: s3://aws-kraken2-942542972736-us-west-2/aws-kraken2/g3/20261007-195921-047e185-4425-n4-r2/: 12 objects, 11 tagged now, 1 already tagged, 0 failed
make run: run dir: results/g3/20261007-195921-047e185-4425-n4-r2  (task exit 0, state terminated, cost $0.014623)
orphans: other live ak2 instances (concurrent runs; informational, not this run's):
  us-west-2	i-003bb5b621c49a40a	running	c8g.2xlarge	2026-10-07T19:59:58+00:00	ak2-g3-20261007-195921-047e185-4425-n4-r0	ttl=1h	within TTL
  us-west-2	i-04e23d0245af2ad0f	shutting-down	c8g.2xlarge	2026-10-07T19:59:58+00:00	ak2-g3-20261007-195921-047e185-4425-n4-r1	ttl=1h	within TTL
orphans: this run's instance(s) and task ak2-g3-20261007-195921-047e185-4425-n4-r2 are gone (18 regions checked)
