make run: bucket aws-kraken2-942542972736-us-west-2 is in us-west-2
make run: run 20261007-195921-047e185-4425-n4-r0  task ak2-g3-20261007-195921-047e185-4425-n4-r0  ->  s3://aws-kraken2-942542972736-us-west-2/aws-kraken2/g3/20261007-195921-047e185-4425-n4-r0
make run: user data: 12417 of 16384 bytes after base64 decoding (refuse above 15360)
make run: plan: Instance: c8g.2xlarge (0 vCPU, 0 GiB)
make run: launched i-003bb5b621c49a40a (c8g.2xlarge) in us-west-2
  | ak2: log tee up
  | ak2-phase	2026-10-07T20:00:11Z	1791403211	preamble	no
  | ak2: [2026-10-07T20:00:11Z] inherited $-=hBc (stub, as spawn started it: $-=hBc)
  | ak2: [2026-10-07T20:00:11Z] after set +e $-=hBc
  | ak2: [2026-10-07T20:00:11Z] gate=g3 run=20261007-195921-047e185-4425-n4-r0
  | ak2: [2026-10-07T20:00:11Z] aws shim installed and self-tested (/tmp/ak2-bin/aws -> /usr/bin/aws)
  | ak2: [2026-10-07T20:00:11Z] imds region=us-west-2 az=us-west-2a instance=i-003bb5b621c49a40a type=c8g.2xlarge ami=ami-09325776a00699513
  | ak2: [2026-10-07T20:00:11Z] bucket aws-kraken2-942542972736-us-west-2 region=us-west-2
  | ak2: [2026-10-07T20:00:12Z] bucket aws-kraken2-942542972736-us-west-2 payer=UNKNOWN
  | ak2: [2026-10-07T20:00:12Z] WARN: could not read Payer of aws-kraken2-942542972736-us-west-2 from the instance (launch host verified it)
  | ak2: [2026-10-07T20:00:12Z] region assert passed
  | ak2: [2026-10-07T20:00:12Z] drop_caches_ok=true
  | ak2: [2026-10-07T20:00:12Z] preamble done; spec body starts
  | ak2-phase	2026-10-07T20:00:12Z	1791403212	body	no
  | ak2: [2026-10-07T20:00:12Z] cohort 20261007-195921-047e185-4425-n4 rank 0 of 4, commit 047e185
  | ak2-phase	2026-10-07T20:00:12Z	1791403212	setup	no
  | ak2: [2026-10-07T20:00:52Z] built 047e185903dc86f2cef544345cb590be1da2a022; go version go1.27.1 linux/arm64; private ip 172.31.21.16; nproc 8; mem_gib 15
  | ak2-phase	2026-10-07T20:00:52Z	1791403252	fetch	no
  | ak2: [2026-10-07T20:00:52Z] staged s3://aws-kraken2-942542972736-us-west-2/aws-kraken2/data/k2_standard_08_GB_20260626/opts.k2d -> /home/ec2-user/ak2/db/k2_standard_08_GB_20260626/opts.k2d (64 bytes)
  | ak2: [2026-10-07T20:00:53Z] staged aws-kraken2/data/k2_standard_08_GB_20260626/opts.k2d bytes=64 sha256=5d80247b7332536ff08f4afa0fbc29e897e0e178fdf4aa9c28e84028fdbcc235 object-metadata=5d80247b7332536ff08f4afa0fbc29e897e0e178fdf4aa9c28e84028fdbcc235
  | ak2: [2026-10-07T20:00:53Z] staged s3://aws-kraken2-942542972736-us-west-2/aws-kraken2/data/k2_standard_08_GB_20260626/taxo.k2d -> /home/ec2-user/ak2/db/k2_standard_08_GB_20260626/taxo.k2d (4818575 bytes)
  | ak2: [2026-10-07T20:00:53Z] staged aws-kraken2/data/k2_standard_08_GB_20260626/taxo.k2d bytes=4818575 sha256=65f9dd8c9a859dc613db5444160e989d275b386475486a013c6ca7f4dd09bc2e object-metadata=65f9dd8c9a859dc613db5444160e989d275b386475486a013c6ca7f4dd09bc2e
  | ak2: [2026-10-07T20:00:54Z] staged s3://aws-kraken2-942542972736-us-west-2/aws-kraken2/data/k2_standard_08_GB_20260626/SOURCE -> /home/ec2-user/ak2/db/k2_standard_08_GB_20260626/SOURCE (137 bytes)
  | ak2: [2026-10-07T20:00:54Z] staged aws-kraken2/data/k2_standard_08_GB_20260626/SOURCE bytes=137 sha256=2a5827a124b438ddd053330317aeaf07063d1868a537ea3cff7bd286421afd53 object-metadata=2a5827a124b438ddd053330317aeaf07063d1868a537ea3cff7bd286421afd53
  | ak2: [2026-10-07T20:00:55Z] staged s3://aws-kraken2-942542972736-us-west-2/aws-kraken2/data/reads/SRR062634_200000_1.fq -> /home/ec2-user/ak2/reads/SRR062634_200000_1.fq (51895574 bytes)
  | ak2: [2026-10-07T20:00:55Z] staged aws-kraken2/data/reads/SRR062634_200000_1.fq bytes=51895574 sha256=7a4a504d49771af64cefe8842bfffdedea13e07129111d4fcf4e52b4fe77c6b5 object-metadata=7a4a504d49771af64cefe8842bfffdedea13e07129111d4fcf4e52b4fe77c6b5
  | ak2: [2026-10-07T20:00:56Z] staged s3://aws-kraken2-942542972736-us-west-2/aws-kraken2/data/reads/SRR062634_200000_2.fq -> /home/ec2-user/ak2/reads/SRR062634_200000_2.fq (51895574 bytes)
  | ak2: [2026-10-07T20:00:56Z] staged aws-kraken2/data/reads/SRR062634_200000_2.fq bytes=51895574 sha256=e2665fb52aa4600891a93e86bd9cf7ff3f779b766017e261c106429b2ae854a1 object-metadata=e2665fb52aa4600891a93e86bd9cf7ff3f779b766017e261c106429b2ae854a1
  | ak2: [2026-10-07T20:00:57Z] staged s3://aws-kraken2-942542972736-us-west-2/aws-kraken2/data/reads/SRR062634_200000_1.fq.gz -> /home/ec2-user/ak2/reads/SRR062634_200000_1.fq.gz (15955195 bytes)
  | ak2: [2026-10-07T20:00:57Z] staged aws-kraken2/data/reads/SRR062634_200000_1.fq.gz bytes=15955195 sha256=4d13958862d7e45cb179acff08d11d327af24376570ddf17c71af527233df341 object-metadata=4d13958862d7e45cb179acff08d11d327af24376570ddf17c71af527233df341
  | ak2: [2026-10-07T20:00:58Z] staged s3://aws-kraken2-942542972736-us-west-2/aws-kraken2/data/reads/SRR062634_200000_2.fq.gz -> /home/ec2-user/ak2/reads/SRR062634_200000_2.fq.gz (15893511 bytes)
  | ak2: [2026-10-07T20:00:58Z] staged aws-kraken2/data/reads/SRR062634_200000_2.fq.gz bytes=15893511 sha256=df47311fd6f56471134ab66da08a52d525f92c62f8d596aa1f7c28c9a220d478 object-metadata=df47311fd6f56471134ab66da08a52d525f92c62f8d596aa1f7c28c9a220d478
  | ak2: [2026-10-07T20:00:59Z] staged s3://aws-kraken2-942542972736-us-west-2/aws-kraken2/data/reads/ERR478965_200000_1.fq -> /home/ec2-user/ak2/reads/ERR478965_200000_1.fq (47238491 bytes)
  | ak2: [2026-10-07T20:00:59Z] staged aws-kraken2/data/reads/ERR478965_200000_1.fq bytes=47238491 sha256=385a3f6e4e9ee725dafb3b041d112a456b5cad2aacba709aa857e1a7cfdd91be object-metadata=385a3f6e4e9ee725dafb3b041d112a456b5cad2aacba709aa857e1a7cfdd91be
  | ak2: [2026-10-07T20:01:00Z] staged s3://aws-kraken2-942542972736-us-west-2/aws-kraken2/data/reads/ERR478965_200000_2.fq -> /home/ec2-user/ak2/reads/ERR478965_200000_2.fq (47075003 bytes)
  | ak2: [2026-10-07T20:01:01Z] staged aws-kraken2/data/reads/ERR478965_200000_2.fq bytes=47075003 sha256=71e9a1e49147d0e26462615215f01748751d15e07101435fb99832e1ce217af7 object-metadata=71e9a1e49147d0e26462615215f01748751d15e07101435fb99832e1ce217af7
  | ak2: [2026-10-07T20:01:02Z] staged s3://aws-kraken2-942542972736-us-west-2/aws-kraken2/data/reads/ERR478965_200000_1.fq.gz -> /home/ec2-user/ak2/reads/ERR478965_200000_1.fq.gz (13868909 bytes)
  | ak2: [2026-10-07T20:01:02Z] staged aws-kraken2/data/reads/ERR478965_200000_1.fq.gz bytes=13868909 sha256=12909ad81dcec618f9129cba37b63bbe5d83ded76ffc251afb462de5794a22c9 object-metadata=12909ad81dcec618f9129cba37b63bbe5d83ded76ffc251afb462de5794a22c9
  | ak2: [2026-10-07T20:01:03Z] staged s3://aws-kraken2-942542972736-us-west-2/aws-kraken2/data/reads/ERR478965_200000_2.fq.gz -> /home/ec2-user/ak2/reads/ERR478965_200000_2.fq.gz (13801673 bytes)
  | ak2: [2026-10-07T20:01:03Z] staged aws-kraken2/data/reads/ERR478965_200000_2.fq.gz bytes=13801673 sha256=64b73612b72ce90efcd8af1e3a8ae85a92227b6367a136936ea3307c65bf99ae object-metadata=64b73612b72ce90efcd8af1e3a8ae85a92227b6367a136936ea3307c65bf99ae
  | ak2: [2026-10-07T20:01:04Z] staged s3://aws-kraken2-942542972736-us-west-2/aws-kraken2/data/reads/SRR28305653_200000_1.fq -> /home/ec2-user/ak2/reads/SRR28305653_200000_1.fq (72980506 bytes)
  | ak2: [2026-10-07T20:01:05Z] staged aws-kraken2/data/reads/SRR28305653_200000_1.fq bytes=72980506 sha256=ad584456e75ca74f07b02dbf23a48df85d547be65b4f4d02714c42f2cb69d946 object-metadata=ad584456e75ca74f07b02dbf23a48df85d547be65b4f4d02714c42f2cb69d946
  | ak2: [2026-10-07T20:01:05Z] staged s3://aws-kraken2-942542972736-us-west-2/aws-kraken2/data/reads/SRR28305653_200000_2.fq -> /home/ec2-user/ak2/reads/SRR28305653_200000_2.fq (72980506 bytes)
  | ak2: [2026-10-07T20:01:06Z] staged aws-kraken2/data/reads/SRR28305653_200000_2.fq bytes=72980506 sha256=d44fd1b8d7abbbe6f2d22490646e5daa20ee16ef36802ee619040cb080716b9a object-metadata=d44fd1b8d7abbbe6f2d22490646e5daa20ee16ef36802ee619040cb080716b9a
  | ak2: [2026-10-07T20:01:07Z] staged s3://aws-kraken2-942542972736-us-west-2/aws-kraken2/data/reads/SRR28305653_200000_1.fq.gz -> /home/ec2-user/ak2/reads/SRR28305653_200000_1.fq.gz (9836969 bytes)
  | ak2: [2026-10-07T20:01:07Z] staged aws-kraken2/data/reads/SRR28305653_200000_1.fq.gz bytes=9836969 sha256=08d2d9c25510c0d12668d484d4a92fca8cb566da302b2fbb831d69db6ec55cad object-metadata=08d2d9c25510c0d12668d484d4a92fca8cb566da302b2fbb831d69db6ec55cad
  | ak2: [2026-10-07T20:01:08Z] staged s3://aws-kraken2-942542972736-us-west-2/aws-kraken2/data/reads/SRR28305653_200000_2.fq.gz -> /home/ec2-user/ak2/reads/SRR28305653_200000_2.fq.gz (10134869 bytes)
  | ak2: [2026-10-07T20:01:08Z] staged aws-kraken2/data/reads/SRR28305653_200000_2.fq.gz bytes=10134869 sha256=4e512ea5f32865c34125f580f8681a73fa160d262d9483834a79c514ff760e5e object-metadata=4e512ea5f32865c34125f580f8681a73fa160d262d9483834a79c514ff760e5e
  | ak2: [2026-10-07T20:01:09Z] hash.k2d etag=9c11c6b05d131f2639992379c7041b93-954 size=8000000032 sha256-metadata=6c60e422b621b8116b7a3451fe25c682edfcf7c159c0ef757fb7de271b318d46
  | ak2-phase	2026-10-07T20:01:09Z	1791403269	case-pe-gz-S1	no
  | ak2: [2026-10-07T20:01:09Z] case pe-gz-S1: /home/ec2-user/ak2/repo/bin/aws-kraken2 --db /home/ec2-user/ak2/db/k2_standard_08_GB_20260626 --threads 8 --paired --output s3://aws-kraken2-942542972736-us-west-2/aws-kraken2/g3/20261007-195921-047e185-4425-n4/out/pe-gz-S1/output.txt --classified-out s3://aws-kraken2-942542972736-us-west-2/aws-kraken2/g3/20261007-195921-047e185-4425-n4/out/pe-gz-S1/cls#.fq --unclassified-out s3://aws-kraken2-942542972736-us-west-2/aws-kraken2/g3/20261007-195921-047e185-4425-n4/out/pe-gz-S1/uncls#.fq --report /home/ec2-user/ak2/eng-pe-gz-S1.report /home/ec2-user/ak2/reads/SRR062634_200000_1.fq.gz /home/ec2-user/ak2/reads/SRR062634_200000_2.fq.gz
  | ak2: [2026-10-07T20:01:32Z] case pe-gz-S1 rank 0 exit 0
  | [pe-gz-S1] ak2-timing	taxo	0.000080	0.002646	2622	0	0.000000	0.003261
  | [pe-gz-S1] ak2-timing	shard-load-0	0.198354	7.613220	1451	0	0.639790	0.882918
  | [pe-gz-S1] ak2-timing	rendezvous	9.163124	6.544731	75	0	0.004075	0.005752
  | [pe-gz-S1] ak2-timing	connect	15.707872	1.013656	256	0	0.000000	0.002999
  | [pe-gz-S1] ak2-timing	hash	0.002741	16.718835	2831	0	0.644752	0.907974
  | [pe-gz-S1] ak2-timing	setup	16.721582	0.000218	63	0	0.000000	0.000523
  | [pe-gz-S1] ak2-timing	classify	16.721809	2.200116	146539	0	0.711883	0.223305
  | [pe-gz-S1] ak2-timing	barrier	18.921973	0.000013	0	0	0.000006	0.000005
  | [pe-gz-S1] ak2-engine	shard	0	n	4	lo	0	hi	500000000	tail	302	full	false	empty_at	500000001	keys	162724	batches	7	probe_s	0.002852	tail_probes	0	wrap_probes	0
  | [pe-gz-S1] ak2-engine	node	rank	0	n	4	emitter	true	blocks_cut	7	blocks_mine	2	read_s	0.186798	window_wait_s	0.000001	send_s	0.000000	sent_bytes	0	emit_wait_s	0.221432	emit_s	1.972805
  | [pe-gz-S1] ak2-engine	rendezvous	requests	12
  | [pe-gz-S1] ak2-engine	load	seconds	7.613214	requests	48	retries	0	bytes	2000066808
  | [pe-gz-S1] ak2-engine	route	transport	local	calls	2	keys	212487	batches	8	route_s	0.002670	wait_s	0.003810	gather_s	0.000971
  | [pe-gz-S1] ak2-engine	worker	scan_s	0.239260	lookup_s	0.007452	classify_s	0.093340
  | [pe-gz-S1] ak2-timing	close	18.922057	4.292492	3	0	0.007467	0.006258
  | [pe-gz-S1] ak2-timing	report	23.214588	0.000488	1	0	0.000274	0.000230
  | [pe-gz-S1] ak2-timing	unmap	23.215080	0.003046	0	0	0.001702	0.001426
  | [pe-gz-S1] ak2-timing	total	0.000001	23.218138	152080	0	1.366187	1.143188
  | [pe-gz-S1 stderr] Loading database information...ak2-timing	opts	0.000047	0.000025	4	0	0.000000	0.000028
  | [pe-gz-S1 stderr]  done.
  | [pe-gz-S1 stderr] 200000 sequences (40.00 Mbp) processed in 2.200s (5454.3 Kseq/m, 1090.85 Mbp/m).
  | [pe-gz-S1 stderr]   159879 sequences classified (79.94%)
  | [pe-gz-S1 stderr]   40121 sequences unclassified (20.06%)
  | ak2: [2026-10-07T20:01:32Z] pushed out/rank0/eng-pe-gz-S1.stderr
  | ak2: [2026-10-07T20:01:33Z] pushed out/eng-pe-gz-S1.report
  | ak2-phase	2026-10-07T20:01:33Z	1791403293	case-se-fq-S2	no
  | ak2: [2026-10-07T20:01:33Z] case se-fq-S2: /home/ec2-user/ak2/repo/bin/aws-kraken2 --db /home/ec2-user/ak2/db/k2_standard_08_GB_20260626 --threads 8 --report-zero-counts --output s3://aws-kraken2-942542972736-us-west-2/aws-kraken2/g3/20261007-195921-047e185-4425-n4/out/se-fq-S2/output.txt --report /home/ec2-user/ak2/eng-se-fq-S2.report /home/ec2-user/ak2/reads/ERR478965_200000_1.fq
  | ak2: [2026-10-07T20:01:45Z] case se-fq-S2 rank 0 exit 0
  | [se-fq-S2] ak2-timing	taxo	0.000074	0.002497	2568	0	0.003405	0.000000
  | [se-fq-S2] ak2-timing	shard-load-0	0.078604	7.890513	1515	0	0.759773	0.487262
  | [se-fq-S2] ak2-timing	rendezvous	8.399881	1.758529	5	0	0.003250	0.000000
  | [se-fq-S2] ak2-timing	connect	10.158431	0.001593	5	0	0.000461	0.000000
  | [se-fq-S2] ak2-timing	hash	0.002587	10.157460	2558	0	0.780690	0.487262
  | [se-fq-S2] ak2-timing	setup	10.160052	0.000027	0	0	0.000027	0.000000
  | [se-fq-S2] ak2-timing	classify	10.160084	0.106570	34587	0	0.209192	0.016616
  | [se-fq-S2] ak2-timing	barrier	10.266767	0.000074	2	0	0.000049	0.000024
  | [se-fq-S2] ak2-engine	shard	0	n	4	lo	0	hi	500000000	tail	302	full	false	empty_at	500000001	keys	68731	batches	6	probe_s	0.002037	tail_probes	0	wrap_probes	0
  | [se-fq-S2] ak2-engine	node	rank	0	n	4	emitter	true	blocks_cut	6	blocks_mine	2	read_s	0.026401	window_wait_s	0.000000	send_s	0.000000	sent_bytes	0	emit_wait_s	0.100982	emit_s	0.005415
  | [se-fq-S2] ak2-engine	rendezvous	requests	5
  | [se-fq-S2] ak2-engine	load	seconds	7.890511	requests	48	retries	0	bytes	2000066808
  | [se-fq-S2] ak2-engine	route	transport	local	calls	2	keys	98283	batches	8	route_s	0.001448	wait_s	0.001807	gather_s	0.000441
  | [se-fq-S2] ak2-engine	worker	scan_s	0.125032	lookup_s	0.003697	classify_s	0.029910
  | [se-fq-S2] ak2-timing	close	10.266909	2.010530	1	0	0.002691	0.001362
  | [se-fq-S2] ak2-timing	report	12.277499	0.015193	307	0	0.014220	0.001094
  | [se-fq-S2] ak2-timing	unmap	12.292711	0.003231	1	0	0.000000	0.003241
  | [se-fq-S2] ak2-timing	total	0.000001	12.295958	40030	0	1.010573	0.509706
  | [se-fq-S2 stderr] Loading database information...ak2-timing	opts	0.000041	0.000025	4	0	0.000041	0.000000
  | [se-fq-S2 stderr]  done.
  | [se-fq-S2 stderr] 200000 sequences (18.13 Mbp) processed in 0.107s (112602.6 Kseq/m, 10206.47 Mbp/m).
  | [se-fq-S2 stderr]   37296 sequences classified (18.65%)
  | [se-fq-S2 stderr]   162704 sequences unclassified (81.35%)
  | ak2: [2026-10-07T20:01:45Z] pushed out/rank0/eng-se-fq-S2.stderr
  | ak2: [2026-10-07T20:01:46Z] pushed out/eng-se-fq-S2.report
  | ak2-phase	2026-10-07T20:01:46Z	1791403306	case-pe-fq-S3-conf	no
  | ak2: [2026-10-07T20:01:46Z] case pe-fq-S3-conf: /home/ec2-user/ak2/repo/bin/aws-kraken2 --db /home/ec2-user/ak2/db/k2_standard_08_GB_20260626 --threads 8 --paired --confidence 0.1 --use-names --output s3://aws-kraken2-942542972736-us-west-2/aws-kraken2/g3/20261007-195921-047e185-4425-n4/out/pe-fq-S3-conf/output.txt --classified-out s3://aws-kraken2-942542972736-us-west-2/aws-kraken2/g3/20261007-195921-047e185-4425-n4/out/pe-fq-S3-conf/cls#.fq --unclassified-out s3://aws-kraken2-942542972736-us-west-2/aws-kraken2/g3/20261007-195921-047e185-4425-n4/out/pe-fq-S3-conf/uncls#.fq --report /home/ec2-user/ak2/eng-pe-fq-S3-conf.report /home/ec2-user/ak2/reads/SRR28305653_200000_1.fq /home/ec2-user/ak2/reads/SRR28305653_200000_2.fq
  | ak2: [2026-10-07T20:02:02Z] case pe-fq-S3-conf rank 0 exit 0
  | [pe-fq-S3-conf] ak2-timing	taxo	0.000077	0.002620	2589	0	0.004124	0.000000
  | [pe-fq-S3-conf] ak2-timing	shard-load-0	0.151448	5.763827	1534	0	0.766700	0.631603
  | [pe-fq-S3-conf] ak2-timing	rendezvous	6.541689	1.781822	8	0	0.001600	0.001284
  | [pe-fq-S3-conf] ak2-timing	connect	8.323532	0.801409	271	0	0.002060	0.001653
  | [pe-fq-S3-conf] ak2-timing	hash	0.002712	9.122280	2833	0	0.785945	0.635977
  | [pe-fq-S3-conf] ak2-timing	setup	9.124999	0.000045	5	0	0.000066	0.000053
  | [pe-fq-S3-conf] ak2-timing	classify	9.125048	2.316815	176266	0	0.592118	0.233203
  | [pe-fq-S3-conf] ak2-timing	barrier	11.441918	0.000024	0	0	0.000014	0.000009
  | [pe-fq-S3-conf] ak2-engine	shard	0	n	4	lo	0	hi	500000000	tail	302	full	false	empty_at	500000001	keys	271188	batches	9	probe_s	0.004934	tail_probes	0	wrap_probes	0
  | [pe-fq-S3-conf] ak2-engine	node	rank	0	n	4	emitter	true	blocks_cut	9	blocks_mine	3	read_s	0.060958	window_wait_s	0.000001	send_s	0.000000	sent_bytes	0	emit_wait_s	0.217665	emit_s	2.098344
  | [pe-fq-S3-conf] ak2-engine	rendezvous	requests	5
  | [pe-fq-S3-conf] ak2-engine	load	seconds	5.763822	requests	48	retries	0	bytes	2000066808
  | [pe-fq-S3-conf] ak2-engine	route	transport	local	calls	3	keys	348547	batches	12	route_s	0.005028	wait_s	0.005481	gather_s	0.001779
  | [pe-fq-S3-conf] ak2-engine	worker	scan_s	0.343176	lookup_s	0.012290	classify_s	0.193174
  | [pe-fq-S3-conf] ak2-timing	close	11.442011	4.588067	3	0	0.004984	0.013273
  | [pe-fq-S3-conf] ak2-timing	report	16.030117	0.000276	2	0	0.000176	0.000112
  | [pe-fq-S3-conf] ak2-timing	unmap	16.030397	0.003165	0	0	0.001990	0.001264
  | [pe-fq-S3-conf] ak2-timing	total	0.000001	16.033575	181710	0	1.389727	0.883972
  | [pe-fq-S3-conf stderr] Loading database information...ak2-timing	opts	0.000045	0.000025	4	0	0.000027	0.000000
  | [pe-fq-S3-conf stderr]  done.
  | [pe-fq-S3-conf stderr] 200000 sequences (60.00 Mbp) processed in 2.317s (5179.5 Kseq/m, 1553.86 Mbp/m).
  | [pe-fq-S3-conf stderr]   26350 sequences classified (13.18%)
  | [pe-fq-S3-conf stderr]   173650 sequences unclassified (86.83%)
  | ak2: [2026-10-07T20:02:02Z] pushed out/rank0/eng-pe-fq-S3-conf.stderr
  | ak2: [2026-10-07T20:02:03Z] pushed out/eng-pe-fq-S3-conf.report
  | ak2-phase	2026-10-07T20:02:03Z	1791403323	case-pe-gz-S2-quick-mpa	no
  | ak2: [2026-10-07T20:02:03Z] case pe-gz-S2-quick-mpa: /home/ec2-user/ak2/repo/bin/aws-kraken2 --db /home/ec2-user/ak2/db/k2_standard_08_GB_20260626 --threads 8 --paired --quick --minimum-hit-groups 1 --use-mpa-style --output s3://aws-kraken2-942542972736-us-west-2/aws-kraken2/g3/20261007-195921-047e185-4425-n4/out/pe-gz-S2-quick-mpa/output.txt --report /home/ec2-user/ak2/eng-pe-gz-S2-quick-mpa.report /home/ec2-user/ak2/reads/ERR478965_200000_1.fq.gz /home/ec2-user/ak2/reads/ERR478965_200000_2.fq.gz
  | ak2: [2026-10-07T20:02:15Z] case pe-gz-S2-quick-mpa rank 0 exit 0
  | [pe-gz-S2-quick-mpa] ak2-timing	taxo	0.000074	0.002582	2582	0	0.003255	0.000000
  | [pe-gz-S2-quick-mpa] ak2-timing	shard-load-0	0.111127	6.451214	1499	0	0.848652	0.772597
  | [pe-gz-S2-quick-mpa] ak2-timing	rendezvous	7.219138	2.183293	45	0	0.002867	0.002544
  | [pe-gz-S2-quick-mpa] ak2-timing	connect	9.402457	1.095204	6	0	0.001340	0.001188
  | [pe-gz-S2-quick-mpa] ak2-timing	hash	0.002674	10.495041	2575	0	0.870876	0.777409
  | [pe-gz-S2-quick-mpa] ak2-timing	setup	10.497721	0.000033	25	0	0.000017	0.000015
  | [pe-gz-S2-quick-mpa] ak2-timing	classify	10.497758	0.285254	54099	0	0.624698	0.036984
  | [pe-gz-S2-quick-mpa] ak2-timing	barrier	10.783163	0.000062	3	0	0.000040	0.000022
  | [pe-gz-S2-quick-mpa] ak2-engine	shard	0	n	4	lo	0	hi	500000000	tail	302	full	false	empty_at	500000001	keys	137597	batches	6	probe_s	0.003933	tail_probes	0	wrap_probes	0
  | [pe-gz-S2-quick-mpa] ak2-engine	node	rank	0	n	4	emitter	true	blocks_cut	6	blocks_mine	2	read_s	0.160989	window_wait_s	0.000000	send_s	0.000000	sent_bytes	0	emit_wait_s	0.275903	emit_s	0.004538
  | [pe-gz-S2-quick-mpa] ak2-engine	rendezvous	requests	6
  | [pe-gz-S2-quick-mpa] ak2-engine	load	seconds	6.451209	requests	48	retries	0	bytes	2000066808
  | [pe-gz-S2-quick-mpa] ak2-engine	route	transport	local	calls	2	keys	196647	batches	8	route_s	0.002819	wait_s	0.003808	gather_s	0.001232
  | [pe-gz-S2-quick-mpa] ak2-engine	worker	scan_s	0.210370	lookup_s	0.007861	classify_s	0.029093
  | [pe-gz-S2-quick-mpa] ak2-timing	close	10.783292	1.336836	39	0	0.002532	0.001374
  | [pe-gz-S2-quick-mpa] ak2-timing	report	12.120162	0.003983	282	0	0.002633	0.001429
  | [pe-gz-S2-quick-mpa] ak2-timing	unmap	12.124153	0.003265	2	0	0.002130	0.001156
  | [pe-gz-S2-quick-mpa] ak2-timing	total	0.000001	12.127426	59644	0	1.506457	0.818490
  | [pe-gz-S2-quick-mpa stderr] Loading database information...ak2-timing	opts	0.000042	0.000025	4	0	0.000025	0.000000
  | [pe-gz-S2-quick-mpa stderr]  done.
  | [pe-gz-S2-quick-mpa stderr] 200000 sequences (36.17 Mbp) processed in 0.285s (42067.9 Kseq/m, 7609.00 Mbp/m).
  | [pe-gz-S2-quick-mpa stderr]   103444 sequences classified (51.72%)
  | [pe-gz-S2-quick-mpa stderr]   96556 sequences unclassified (48.28%)
  | ak2: [2026-10-07T20:02:15Z] pushed out/rank0/eng-pe-gz-S2-quick-mpa.stderr
  | ak2: [2026-10-07T20:02:16Z] pushed out/eng-pe-gz-S2-quick-mpa.report
  | ak2-phase	2026-10-07T20:02:16Z	1791403336	case-se-multi-q20	no
  | ak2: [2026-10-07T20:02:16Z] case se-multi-q20: /home/ec2-user/ak2/repo/bin/aws-kraken2 --db /home/ec2-user/ak2/db/k2_standard_08_GB_20260626 --threads 8 --minimum-base-quality 20 --output s3://aws-kraken2-942542972736-us-west-2/aws-kraken2/g3/20261007-195921-047e185-4425-n4/out/se-multi-q20/output.txt --classified-out s3://aws-kraken2-942542972736-us-west-2/aws-kraken2/g3/20261007-195921-047e185-4425-n4/out/se-multi-q20/cls.fq --unclassified-out s3://aws-kraken2-942542972736-us-west-2/aws-kraken2/g3/20261007-195921-047e185-4425-n4/out/se-multi-q20/uncls.fq --report /home/ec2-user/ak2/eng-se-multi-q20.report /home/ec2-user/ak2/reads/SRR062634_200000_1.fq /home/ec2-user/ak2/reads/ERR478965_200000_1.fq
  | ak2: [2026-10-07T20:02:29Z] case se-multi-q20 rank 0 exit 0
  | [se-multi-q20] ak2-timing	taxo	0.000076	0.002661	2602	0	0.003276	0.000000
  | [se-multi-q20] ak2-timing	shard-load-0	0.387504	5.771484	1492	0	0.653722	0.836689
  | [se-multi-q20] ak2-timing	rendezvous	6.732342	1.710305	25	0	0.001425	0.001771
  | [se-multi-q20] ak2-timing	connect	8.442666	0.001902	40	0	0.000733	0.000911
  | [se-multi-q20] ak2-timing	hash	0.002754	8.441844	2542	0	0.670809	0.840447
  | [se-multi-q20] ak2-timing	setup	8.444604	0.000038	0	0	0.000019	0.000024
  | [se-multi-q20] ak2-timing	classify	8.444649	1.816610	108928	0	0.387037	0.193269
  | [se-multi-q20] ak2-timing	barrier	10.261381	0.000074	0	0	0.000038	0.000037
  | [se-multi-q20] ak2-engine	shard	0	n	4	lo	0	hi	500000000	tail	302	full	false	empty_at	500000001	keys	135355	batches	13	probe_s	0.003167	tail_probes	0	wrap_probes	0
  | [se-multi-q20] ak2-engine	node	rank	0	n	4	emitter	true	blocks_cut	13	blocks_mine	4	read_s	0.051366	window_wait_s	0.000001	send_s	0.000000	sent_bytes	0	emit_wait_s	0.232835	emit_s	1.583308
  | [se-multi-q20] ak2-engine	rendezvous	requests	5
  | [se-multi-q20] ak2-engine	load	seconds	5.771480	requests	48	retries	0	bytes	2000066808
  | [se-multi-q20] ak2-engine	route	transport	local	calls	4	keys	181424	batches	16	route_s	0.002373	wait_s	0.003251	gather_s	0.000714
  | [se-multi-q20] ak2-engine	worker	scan_s	0.240181	lookup_s	0.006341	classify_s	0.088409
  | [se-multi-q20] ak2-timing	close	10.261515	2.704075	5	0	0.006691	0.006505
  | [se-multi-q20] ak2-timing	report	12.965621	0.001480	7	0	0.000773	0.000752
  | [se-multi-q20] ak2-timing	unmap	12.967106	0.003129	0	0	0.000000	0.003194
  | [se-multi-q20] ak2-timing	total	0.000001	12.970250	114089	0	1.068860	1.044365
  | [se-multi-q20 stderr] Loading database information...ak2-timing	opts	0.000043	0.000026	4	0	0.000026	0.000000
  | [se-multi-q20 stderr]  done.
  | [se-multi-q20 stderr] 400000 sequences (38.13 Mbp) processed in 1.817s (13211.4 Kseq/m, 1259.32 Mbp/m).
  | [se-multi-q20 stderr]   113399 sequences classified (28.35%)
  | [se-multi-q20 stderr]   286601 sequences unclassified (71.65%)
  | ak2: [2026-10-07T20:02:29Z] pushed out/rank0/eng-se-multi-q20.stderr
  | ak2: [2026-10-07T20:02:30Z] pushed out/eng-se-multi-q20.report
  | ak2-phase	2026-10-07T20:02:30Z	1791403350	upstream-fetch	no
  | ak2: [2026-10-07T20:03:13Z] staged s3://aws-kraken2-942542972736-us-west-2/aws-kraken2/data/k2_standard_08_GB_20260626/hash.k2d -> /home/ec2-user/ak2/db/k2_standard_08_GB_20260626/hash.k2d (8000000032 bytes)
  | ak2: [2026-10-07T20:03:19Z] staged aws-kraken2/data/k2_standard_08_GB_20260626/hash.k2d bytes=8000000032 sha256=6c60e422b621b8116b7a3451fe25c682edfcf7c159c0ef757fb7de271b318d46 object-metadata=6c60e422b621b8116b7a3451fe25c682edfcf7c159c0ef757fb7de271b318d46
  | ak2-phase	2026-10-07T20:03:19Z	1791403399	upstream-build	no
  | ak2: [2026-10-07T20:03:39Z] upstream: /home/ec2-user/ak2/repo/.oracle/2731b35f7abb26ec926517274f3d87e78d42fd76/kraken2 (pin 2731b35f7abb26ec926517274f3d87e78d42fd76 describe 2.17.2-20-g2731b35 cxx g++ (g++ (GCC) 11.5.0 20240719 (Red Hat 11.5.0-5)) version Kraken version 2.17.1 built 2026-10-07T20:03:39Z Linux aarch64 )
  | ak2-phase	2026-10-07T20:03:39Z	1791403419	upstream-pe-gz-S1	no
  | ak2: [2026-10-07T20:03:47Z] identity pe-gz-S1 cls_1.fq: upstream 027fd3adc3928d589047a48b5f8834464e798d05f6e43efe00aa98a58abc4887 engine 027fd3adc3928d589047a48b5f8834464e798d05f6e43efe00aa98a58abc4887 identical=yes
  | ak2: [2026-10-07T20:03:47Z] identity pe-gz-S1 cls_2.fq: upstream 534e3b98eb1e8422791f1b67a0b2fb034d98bb8c159a154a5c1224181b52d301 engine 534e3b98eb1e8422791f1b67a0b2fb034d98bb8c159a154a5c1224181b52d301 identical=yes
  | ak2: [2026-10-07T20:03:47Z] identity pe-gz-S1 output.txt: upstream 527068d2bc8e30eeb7f0cee9152649dc7cb370fbb65d538a322491ff6b6eb074 engine 527068d2bc8e30eeb7f0cee9152649dc7cb370fbb65d538a322491ff6b6eb074 identical=yes
  | ak2: [2026-10-07T20:03:47Z] identity pe-gz-S1 report: upstream cfee47733e08cf1eb37175342ca7278e6c76ab48ad63ed4a962aa682dc69eae0 engine cfee47733e08cf1eb37175342ca7278e6c76ab48ad63ed4a962aa682dc69eae0 identical=yes
  | ak2: [2026-10-07T20:03:47Z] identity pe-gz-S1 uncls_1.fq: upstream 11e6c4172010d9895a03eb796bf2daa0715f3b6d770913c6e71b88d19b478066 engine 11e6c4172010d9895a03eb796bf2daa0715f3b6d770913c6e71b88d19b478066 identical=yes
  | ak2: [2026-10-07T20:03:47Z] identity pe-gz-S1 uncls_2.fq: upstream 139ecfb51526a7207c3c0648bec17dddb503ae44763882d35f28480a9cad1d68 engine 139ecfb51526a7207c3c0648bec17dddb503ae44763882d35f28480a9cad1d68 identical=yes
  | ak2-phase	2026-10-07T20:03:47Z	1791403427	upstream-se-fq-S2	no
  | ak2: [2026-10-07T20:03:56Z] identity se-fq-S2 output.txt: upstream d7faba7da459fbdad2ab5cddbc74dff1ccd1e7eda1975b1b88b8a3ecafc1cbce engine d7faba7da459fbdad2ab5cddbc74dff1ccd1e7eda1975b1b88b8a3ecafc1cbce identical=yes
  | ak2: [2026-10-07T20:03:56Z] identity se-fq-S2 report: upstream d0c6df56a2b15c610d386b8f0f2239c5b32394ebd5e9c162d0d027d5c1001dcf engine d0c6df56a2b15c610d386b8f0f2239c5b32394ebd5e9c162d0d027d5c1001dcf identical=yes
  | ak2-phase	2026-10-07T20:03:56Z	1791403436	upstream-pe-fq-S3-conf	no
  | ak2: [2026-10-07T20:04:09Z] identity pe-fq-S3-conf cls_1.fq: upstream c608a4a03e9caebbdb22194e17ca54fa818e5df10c8f586697a725d7ead83be3 engine c608a4a03e9caebbdb22194e17ca54fa818e5df10c8f586697a725d7ead83be3 identical=yes
  | ak2: [2026-10-07T20:04:09Z] identity pe-fq-S3-conf cls_2.fq: upstream 251232011b7127c25b2b6ca678aa04556867b8b76863ec005995e136812c6c36 engine 251232011b7127c25b2b6ca678aa04556867b8b76863ec005995e136812c6c36 identical=yes
  | ak2: [2026-10-07T20:04:09Z] identity pe-fq-S3-conf output.txt: upstream 56645f43f4796630f5cca3fe6eb8bdd85dd45f99ae1bc890c3c07535c50b8389 engine 56645f43f4796630f5cca3fe6eb8bdd85dd45f99ae1bc890c3c07535c50b8389 identical=yes
  | ak2: [2026-10-07T20:04:09Z] identity pe-fq-S3-conf report: upstream f112b69939ae4072cfaad9fc2727bdde8a2cf113d2eed95239c73a6875c26ca9 engine f112b69939ae4072cfaad9fc2727bdde8a2cf113d2eed95239c73a6875c26ca9 identical=yes
  | ak2: [2026-10-07T20:04:09Z] identity pe-fq-S3-conf uncls_1.fq: upstream 241e1a8a676e1413c418e3abb2d210a948204d019b7751047990c87634776e30 engine 241e1a8a676e1413c418e3abb2d210a948204d019b7751047990c87634776e30 identical=yes
  | ak2: [2026-10-07T20:04:09Z] identity pe-fq-S3-conf uncls_2.fq: upstream 05044713282102e80f045618be94101a3e406ae8a6dd7549c665f0761cc53cca engine 05044713282102e80f045618be94101a3e406ae8a6dd7549c665f0761cc53cca identical=yes
  | ak2-phase	2026-10-07T20:04:09Z	1791403449	upstream-pe-gz-S2-quick-mpa	no
  | ak2: [2026-10-07T20:04:27Z] identity pe-gz-S2-quick-mpa output.txt: upstream 55b038c11626ecc0706902c287dbadac4c0bb437645e3a05d6d23c952cebb0e3 engine 55b038c11626ecc0706902c287dbadac4c0bb437645e3a05d6d23c952cebb0e3 identical=yes
  | ak2: [2026-10-07T20:04:27Z] identity pe-gz-S2-quick-mpa report: upstream df2fac168a4c6bbb4892fabc1561004018d27f0b5641d229eb63ce437bf6c356 engine df2fac168a4c6bbb4892fabc1561004018d27f0b5641d229eb63ce437bf6c356 identical=yes
  | ak2-phase	2026-10-07T20:04:27Z	1791403467	upstream-se-multi-q20	no
  | ak2: [2026-10-07T20:04:35Z] identity se-multi-q20 cls.fq: upstream e1a27f37e487563d5bccb4947cd66686edb7583dcd28593923c2042562bb150d engine e1a27f37e487563d5bccb4947cd66686edb7583dcd28593923c2042562bb150d identical=yes
  | ak2: [2026-10-07T20:04:35Z] identity se-multi-q20 output.txt: upstream c8f800c0bc74010bbbef2f793c40631c90cdbe01fa5dd55d9b3c7957d28bd446 engine c8f800c0bc74010bbbef2f793c40631c90cdbe01fa5dd55d9b3c7957d28bd446 identical=yes
  | ak2: [2026-10-07T20:04:35Z] identity se-multi-q20 report: upstream e7facea4bd7ae0adb3c31bd3c8eb7594e70b23b69b45b27da4b58ea8934f05e6 engine e7facea4bd7ae0adb3c31bd3c8eb7594e70b23b69b45b27da4b58ea8934f05e6 identical=yes
  | ak2: [2026-10-07T20:04:35Z] identity se-multi-q20 uncls.fq: upstream 99a4d82f7dadbb7483bc4888cab1cb80ad2486d542dd7a047e063c883bded952 engine 99a4d82f7dadbb7483bc4888cab1cb80ad2486d542dd7a047e063c883bded952 identical=yes
  | ak2: [2026-10-07T20:04:35Z] pushed out/identity.tsv
  | ak2: [2026-10-07T20:04:35Z] rank 0 done: 0 failure(s) (cases failed on rank 0 or files differing)
  | ak2: [2026-10-07T20:04:35Z] spec body exit rc=0
  | ak2-phase	2026-10-07T20:04:35Z	1791403475	end	no
make run: tag-objects: s3://aws-kraken2-942542972736-us-west-2/aws-kraken2/g3/20261007-195921-047e185-4425-n4-r0/: 18 objects, 17 tagged now, 1 already tagged, 0 failed
make run: run dir: results/g3/20261007-195921-047e185-4425-n4-r0  (task exit 0, state terminated, cost $0.030575)
orphans: this run's instance(s) and task ak2-g3-20261007-195921-047e185-4425-n4-r0 are gone (18 regions checked)
