ak2: log tee up
ak2-phase	2026-10-08T15:28:39Z	1791473319	preamble	no
ak2: [2026-10-08T15:28:39Z] inherited $-=hBc (stub, as spawn started it: $-=hBc)
ak2: [2026-10-08T15:28:39Z] after set +e $-=hBc
ak2: [2026-10-08T15:28:39Z] gate=g3 run=20261008-152754-c825453-0fc3-n16-r2
ak2: [2026-10-08T15:28:39Z] aws shim installed and self-tested (/tmp/ak2-bin/aws -> /usr/bin/aws)
ak2: [2026-10-08T15:28:39Z] imds region=us-west-2 az=us-west-2a instance=i-03dd3ae9306a3252a type=c8g.12xlarge ami=ami-09325776a00699513
ak2: [2026-10-08T15:28:39Z] bucket aws-kraken2-942542972736-us-west-2 region=us-west-2
ak2: [2026-10-08T15:28:40Z] bucket aws-kraken2-942542972736-us-west-2 payer=UNKNOWN
ak2: [2026-10-08T15:28:40Z] WARN: could not read Payer of aws-kraken2-942542972736-us-west-2 from the instance (launch host verified it)
ak2: [2026-10-08T15:28:40Z] bucket kraken2-ncbi-refseq-complete-v205 region=us-west-2
ak2: [2026-10-08T15:28:40Z] bucket kraken2-ncbi-refseq-complete-v205 payer=BucketOwner
ak2: [2026-10-08T15:28:40Z] region assert passed
ak2: [2026-10-08T15:28:40Z] drop_caches_ok=true
ak2: [2026-10-08T15:28:41Z] preamble done; spec body starts
ak2-phase	2026-10-08T15:28:41Z	1791473321	body	no
ak2: [2026-10-08T15:28:41Z] e3 cohort 20261008-152754-c825453-0fc3-n16 rank 2 of 16, commit c825453; RODA kraken2-ncbi-refseq-complete-v205/Kraken2_RefSeqCompleteV205; samples aws-kraken2-942542972736-us-west-2/aws-kraken2/data/cohort; cohort 100
ak2-phase	2026-10-08T15:28:41Z	1791473321	setup	no
ak2: [2026-10-08T15:29:19Z] built c8254539ee95ecfb2c4879cf0132cad93f30d3e2; go version go1.27.1 linux/arm64; ip 172.31.26.228; nproc 48; mem_gib 92; threads 16, inflight 1
ak2-phase	2026-10-08T15:29:19Z	1791473359	manifest	no
ak2: [2026-10-08T15:29:20Z] staged s3://kraken2-ncbi-refseq-complete-v205/Kraken2_RefSeqCompleteV205/opts.k2d -> /home/ec2-user/ak2/db/roda/opts.k2d (56 bytes)
ak2: [2026-10-08T15:29:21Z] staged s3://kraken2-ncbi-refseq-complete-v205/Kraken2_RefSeqCompleteV205/taxo.k2d -> /home/ec2-user/ak2/db/roda/taxo.k2d (179150665 bytes)
ak2: [2026-10-08T15:29:22Z] RODA hash.k2d etag=f80959f9556b50d76b3e744afdd3b22a-8860 size=1189091671800
ak2: [2026-10-08T15:29:22Z] pushed out/rank2/c100.tsv
ak2: [2026-10-08T15:29:23Z] pushed out/rank2/placement.tsv
ak2: [2026-10-08T15:29:23Z] manifest c100: 306 lines in 9 batches; rank 2 reads 14 samples
ak2-phase	2026-10-08T15:29:23Z	1791473363	fetch	no
ak2: [2026-10-08T15:29:35Z] inputs staged and verified: 28 files, 15.86 GB
ak2: [2026-10-08T15:29:35Z] manifest c100: cohort: 306 samples in 9 batches check
ak2-phase	2026-10-08T15:29:35Z	1791473375	inv-c100	no
[c100] ak2-timing	taxo	0.003334	0.098623	87829	0	0.013072	0.088532
[c100] ak2-engine	mem	t_s	15.0	rss_kib	39066992	hwm_kib	39069048	heap_inuse	405102592	sys	435030392	avail_kib	55957068
[c100] ak2-timing	shard-load-2	0.172127	28.368648	42347	0	40.403286	41.754916
[c100] ak2-engine	mem	t_s	30.0	rss_kib	72977376	hwm_kib	72977380	heap_inuse	409313280	sys	439486840	avail_kib	22047176
[c100] ak2-engine	mem	t_s	45.0	rss_kib	72980232	hwm_kib	72980236	heap_inuse	412950528	sys	439486840	avail_kib	22310252
[c100] ak2-timing	rendezvous	29.029102	29.062039	1723	0	0.042985	0.011246
[c100] ak2-timing	connect	58.091158	0.027674	870	0	0.011006	0.000554
[c100] ak2-timing	hash	0.102060	58.016785	46802	0	40.467133	41.772281
[c100] ak2-engine	mem	t_s	60.0	rss_kib	77354344	hwm_kib	77354348	heap_inuse	4495663104	sys	4998741672	avail_kib	17974836
[c100] ak2-sample	batch	0	name	0-SRR5935798	mode	parallel	s3client	sdk	rank	2	role	home	inflight	1	threads	16	start_s	58.118876	wall_s	11.569553	setup_s	0.000049	classify_s	11.076252	close_s	0.208126	report_s	0.271095	status	0	sequences	20086542	bases	3689648337	classified	19142785	place	lpt	weight	20086542
[c100] ak2-engine	mem	t_s	75.0	rss_kib	78495456	hwm_kib	78495456	heap_inuse	3560300544	sys	6082338728	avail_kib	16661672
[c100] ak2-sample	batch	0	name	0-SRR5935817	mode	parallel	s3client	sdk	rank	2	role	home	inflight	1	threads	16	start_s	69.688453	wall_s	8.299839	setup_s	0.000047	classify_s	7.849220	close_s	0.284698	report_s	0.157500	status	0	sequences	14261195	bases	2665696979	classified	13980324	place	lpt	weight	14261195
[c100] ak2-sample	batch	0	name	0-SRR5935820	mode	parallel	s3client	sdk	rank	2	role	home	inflight	1	threads	16	start_s	77.988316	wall_s	7.191601	setup_s	0.000058	classify_s	6.734054	close_s	0.236755	report_s	0.204612	status	0	sequences	12062510	bases	2207297835	classified	10926608	place	lpt	weight	12062510
[c100] ak2-engine	mem	t_s	90.0	rss_kib	78474052	hwm_kib	78910944	heap_inuse	4264296448	sys	6569304216	avail_kib	16403972
[c100] ak2-sample	batch	0	name	0-SRR5935745	mode	parallel	s3client	sdk	rank	2	role	home	inflight	1	threads	16	start_s	85.179943	wall_s	6.741487	setup_s	0.000049	classify_s	6.237043	close_s	0.343735	report_s	0.149911	status	0	sequences	10492437	bases	1984140901	classified	9889429	place	lpt	weight	10492437
[c100] ak2-sample	batch	0	name	0-SRR5935828	mode	parallel	s3client	sdk	rank	2	role	home	inflight	1	threads	16	start_s	91.921457	wall_s	5.098353	setup_s	0.000053	classify_s	4.685685	close_s	0.262004	report_s	0.143369	status	0	sequences	8326050	bases	1540092338	classified	8094378	place	lpt	weight	8326050
[c100] ak2-sample	batch	0	name	0-SRR5935814	mode	parallel	s3client	sdk	rank	2	role	home	inflight	1	threads	16	start_s	97.019837	wall_s	3.364954	setup_s	0.000062	classify_s	2.966269	close_s	0.257596	report_s	0.135891	status	0	sequences	5072545	bases	950400325	classified	4982177	place	lpt	weight	5072545
[c100] ak2-timing	batch-barrier-0	100.384812	0.952500	1	0	0.084589	0.007073
[c100] ak2-engine	mem	t_s	105.0	rss_kib	77750064	hwm_kib	79243984	heap_inuse	4711604224	sys	6955540728	avail_kib	16969268
[c100] ak2-sample	batch	1	name	1-SRR5935742	mode	parallel	s3client	sdk	rank	2	role	home	inflight	1	threads	16	start_s	101.337341	wall_s	8.705230	setup_s	0.036394	classify_s	8.264268	close_s	0.225500	report_s	0.169466	status	0	sequences	12325847	bases	2261511731	classified	11791754	place	mod	weight	12325847
[c100] ak2-sample	batch	1	name	1-SRR5935758	mode	parallel	s3client	sdk	rank	2	role	home	inflight	1	threads	16	start_s	110.042601	wall_s	5.951251	setup_s	0.021405	classify_s	5.519531	close_s	0.252564	report_s	0.152212	status	0	sequences	8206591	bases	1523967713	classified	7998445	place	mod	weight	8206591
[c100] ak2-engine	mem	t_s	120.0	rss_kib	78539092	hwm_kib	79243984	heap_inuse	5018787840	sys	6955540728	avail_kib	16237048
[c100] ak2-sample	batch	1	name	1-SRR5935774	mode	parallel	s3client	sdk	rank	2	role	home	inflight	1	threads	16	start_s	115.993876	wall_s	7.071821	setup_s	0.000055	classify_s	6.582807	close_s	0.257612	report_s	0.212961	status	0	sequences	12252617	bases	2212674525	classified	10208851	place	mod	weight	12252617
[c100] ak2-sample	batch	1	name	1-SRR5935790	mode	parallel	s3client	sdk	rank	2	role	home	inflight	1	threads	16	start_s	123.065719	wall_s	5.571742	setup_s	0.000054	classify_s	5.174428	close_s	0.226263	report_s	0.162615	status	0	sequences	9202475	bases	1711991411	classified	8810259	place	mod	weight	9202475
[c100] ak2-engine	mem	t_s	135.0	rss_kib	78648368	hwm_kib	79243984	heap_inuse	5540225024	sys	6955557112	avail_kib	16534928
[c100] ak2-sample	batch	1	name	1-SRR5935806	mode	parallel	s3client	sdk	rank	2	role	home	inflight	1	threads	16	start_s	128.637487	wall_s	8.743359	setup_s	0.000059	classify_s	8.224147	close_s	0.324301	report_s	0.186007	status	0	sequences	14472574	bases	2738529910	classified	14022498	place	mod	weight	14472574
[c100] ak2-sample	batch	1	name	1-SRR5935822	mode	parallel	s3client	sdk	rank	2	role	home	inflight	1	threads	16	start_s	137.380871	wall_s	8.776590	setup_s	0.000069	classify_s	8.368765	close_s	0.236555	report_s	0.164409	status	0	sequences	13365245	bases	2460327516	classified	13192260	place	mod	weight	13365245
[c100] ak2-engine	mem	t_s	150.0	rss_kib	79333488	hwm_kib	79333488	heap_inuse	5526732800	sys	7020245256	avail_kib	15778340
[c100] ak2-sample	batch	1	name	1-SRR5935838	mode	parallel	s3client	sdk	rank	2	role	home	inflight	1	threads	16	start_s	146.157481	wall_s	8.593847	setup_s	0.000057	classify_s	8.217922	close_s	0.230220	report_s	0.138526	status	0	sequences	14615323	bases	2691062094	classified	14358414	place	mod	weight	14615323
[c100] ak2-timing	batch-barrier-1	154.751350	0.433446	1	0	0.022549	0.010995
[c100] ak2-engine	mem	t_s	165.0	rss_kib	78934548	hwm_kib	79615764	heap_inuse	4136255488	sys	7330902344	avail_kib	15935908
[c100] ak2-sample	batch	2	name	2-SRR5935798	mode	parallel	s3client	sdk	rank	2	role	home	inflight	1	threads	16	start_s	155.184841	wall_s	11.538777	setup_s	0.000057	classify_s	11.069416	close_s	0.299856	report_s	0.154720	status	0	sequences	20086542	bases	3689648337	classified	19142785	place	lpt	weight	20086542
[c100] ak2-sample	batch	2	name	2-SRR5935817	mode	parallel	s3client	sdk	rank	2	role	home	inflight	1	threads	16	start_s	166.723643	wall_s	8.200945	setup_s	0.000060	classify_s	7.811121	close_s	0.228571	report_s	0.153156	status	0	sequences	14261195	bases	2665696979	classified	13980324	place	lpt	weight	14261195
[c100] ak2-engine	mem	t_s	180.0	rss_kib	78949752	hwm_kib	79637256	heap_inuse	3385073664	sys	7439044968	avail_kib	15578728
[c100] ak2-sample	batch	2	name	2-SRR5935820	mode	parallel	s3client	sdk	rank	2	role	home	inflight	1	threads	16	start_s	174.924615	wall_s	7.341675	setup_s	0.000070	classify_s	6.719266	close_s	0.287011	report_s	0.319374	status	0	sequences	12062510	bases	2207297835	classified	10926608	place	lpt	weight	12062510
[c100] ak2-sample	batch	2	name	2-SRR5935745	mode	parallel	s3client	sdk	rank	2	role	home	inflight	1	threads	16	start_s	182.266310	wall_s	6.727669	setup_s	0.000047	classify_s	6.326020	close_s	0.224230	report_s	0.166739	status	0	sequences	10492437	bases	1984140901	classified	9889429	place	lpt	weight	10492437
[c100] ak2-sample	batch	2	name	2-SRR5935828	mode	parallel	s3client	sdk	rank	2	role	home	inflight	1	threads	16	start_s	188.994000	wall_s	5.077864	setup_s	0.000060	classify_s	4.671684	close_s	0.258164	report_s	0.140760	status	0	sequences	8326050	bases	1540092338	classified	8094378	place	lpt	weight	8326050
[c100] ak2-engine	mem	t_s	195.0	rss_kib	78003884	hwm_kib	79637256	heap_inuse	4993351680	sys	7439053160	avail_kib	15756164
[c100] ak2-sample	batch	2	name	2-SRR5935814	mode	parallel	s3client	sdk	rank	2	role	home	inflight	1	threads	16	start_s	194.071885	wall_s	3.304037	setup_s	0.000049	classify_s	2.964128	close_s	0.205749	report_s	0.129033	status	0	sequences	5072545	bases	950400325	classified	4982177	place	lpt	weight	5072545
[c100] ak2-timing	batch-barrier-2	197.375940	2.253263	1	0	0.185875	0.057847
[c100] ak2-timing	barrier	207.213634	0.009942	0	0	0.000046	0.000004
[c100] ak2-sample	batch	3	name	3-SRR5935740	mode	striped	s3client	sdk	rank	2	role	peer	inflight	1	threads	16	start_s	200.086416	wall_s	7.137215	setup_s	0.000809	classify_s	7.121673	close_s	0.000000	report_s	0.000000	status	0	sequences	0	bases	0	classified	0	place	-	weight	-
[c100] ak2-timing	batch-barrier-3	207.223640	0.534321	182	0	0.005577	0.000374
[c100] ak2-engine	mem	t_s	210.0	rss_kib	74207976	hwm_kib	79637256	heap_inuse	1145585664	sys	7439053160	avail_kib	20307340
[c100] ak2-timing	barrier	214.248465	0.010112	0	0	0.000042	0.000003
[c100] ak2-sample	batch	4	name	4-SRR5935740	mode	striped	s3client	sdk	rank	2	role	peer	inflight	1	threads	16	start_s	208.494444	wall_s	5.764182	setup_s	0.000045	classify_s	5.749693	close_s	0.000000	report_s	0.000000	status	0	sequences	0	bases	0	classified	0	place	-	weight	-
[c100] ak2-timing	batch-barrier-4	214.258635	0.540185	0	0	0.005581	0.000374
[c100] ak2-timing	barrier	221.353816	0.009188	0	0	0.000047	0.000003
[c100] ak2-sample	batch	5	name	5-SRR5935740	mode	striped	s3client	sdk	rank	2	role	peer	inflight	1	threads	16	start_s	215.594026	wall_s	5.769034	setup_s	0.000053	classify_s	5.754733	close_s	0.000000	report_s	0.000000	status	0	sequences	0	bases	0	classified	0	place	-	weight	-
[c100] ak2-timing	batch-barrier-5	221.363068	0.622170	222	0	0.005973	0.000401
[c100] ak2-engine	mem	t_s	225.0	rss_kib	76359992	hwm_kib	79637256	heap_inuse	3815735296	sys	7439315304	avail_kib	18526244
[c100] ak2-timing	batch-barrier-6	221.985266	7.127370	217	0	0.708290	0.069957
[c100] ak2-timing	batch-barrier-7	229.112659	7.178146	203	0	0.729551	0.043979
[c100] ak2-engine	mem	t_s	240.0	rss_kib	76361920	hwm_kib	79637256	heap_inuse	3817791488	sys	7439315304	avail_kib	18883992
[c100] ak2-timing	batch-barrier-8	236.290829	7.104183	301	0	0.652694	0.129182
[c100] ak2-engine	shard	0	n	16	lo	37159114742	hi	55738672114	tail	302	full	false	empty_at	18579557378	keys	8492407860	batches	89910	probe_s	184.964198	tail_probes	0	wrap_probes	0
[c100] ak2-engine	mem	t_s	243.4	rss_kib	76362032	hwm_kib	79637256	heap_inuse	3817938944	sys	7439315304	avail_kib	18894168
[c100] ak2-engine	rendezvous	puts	13	gets	442
[c100] ak2-engine	s3	client	sdk	put	32	get	442	create_multipart	19	upload_part	2345	complete_multipart	19	abort_multipart	0	part_bytes	19562523091
[c100] ak2-engine	s3	client	cli	put	0	get	0	create_multipart	0	upload_part	0	complete_multipart	0	abort_multipart	0	part_bytes	0
[c100] ak2-engine	load	seconds	28.368643	requests	1126	retries	0	bytes	74318296296
[c100] ak2-engine	route	transport	nodes	calls	5966	keys	8986478366	batches	95456	route_s	73.123122	wait_s	52.115871	gather_s	16.170755
[c100] ak2-engine	worker	scan_s	550.849734	lookup_s	141.413802	classify_s	493.062465
[c100] ak2-timing	total	0.000001	243.525577	12157807	1	1726.690456	116.050694
ak2: [2026-10-08T15:33:40Z] inv c100 rank 2 exit 0
[c100 stderr] Loading database information...ak2-timing	opts	0.003304	0.000021	0	0	0.000020	0.000000
[c100 stderr]  done.
ak2: [2026-10-08T15:33:40Z] pushed out/rank2/eng-c100.stderr
ak2: [2026-10-08T15:33:40Z] rank 2 done (rc=0)
ak2: [2026-10-08T15:33:40Z] spec body exit rc=0
ak2-phase	2026-10-08T15:33:40Z	1791473620	end	no
