Loading database information...ak2-timing	opts	0.002839	0.000020	0	0	0.000020	0.000000
ak2-timing	taxo	0.002868	0.100488	87767	0	0.033730	0.074140
ak2-engine	mem	t_s	15.0	rss_kib	21454288	hwm_kib	21454288	heap_inuse	394240000	sys	409786728	avail_kib	106238612
ak2-engine	mem	t_s	30.0	rss_kib	42324936	hwm_kib	42324940	heap_inuse	395943936	sys	409786728	avail_kib	85354296
ak2-engine	mem	t_s	45.0	rss_kib	67730476	hwm_kib	67730476	heap_inuse	398073856	sys	413981032	avail_kib	59857888
ak2-timing	shard-load-14	0.179857	47.839502	40611	0	34.474377	36.508277
ak2-timing	rendezvous	48.408397	8.258031	4242	0	0.032807	0.034157
ak2-timing	connect	56.666447	0.273519	3378	0	0.170785	0.000000
ak2-timing	hash	0.103444	56.836551	50099	0	34.689261	36.546576
 done.
ak2-engine	mem	t_s	60.0	rss_kib	77595384	hwm_kib	77595384	heap_inuse	4829454336	sys	5285920488	avail_kib	49976628
16180463 sequences (3026.48 Mbp) processed in 17.468s (55577.7 Kseq/m, 10395.55 Mbp/m).
  15739294 sequences classified (97.27%)
  441169 sequences unclassified (2.73%)
ak2-sample	batch	0	name	0-SRR5935770	mode	parallel	s3client	sdk	rank	14	role	home	inflight	1	threads	16	start_s	56.940043	wall_s	17.880677	setup_s	0.000081	classify_s	17.467946	close_s	0.243142	report_s	0.158117	status	0	sequences	16180463	bases	3026482353	classified	15739294	place	lpt	weight	16180463
ak2-engine	mem	t_s	75.0	rss_kib	78442540	hwm_kib	78545452	heap_inuse	5280251904	sys	6243676120	avail_kib	48667604
ak2-engine	mem	t_s	90.0	rss_kib	78535520	hwm_kib	78545452	heap_inuse	5134000128	sys	6243692504	avail_kib	48902812
15500933 sequences (2889.47 Mbp) processed in 16.329s (56958.0 Kseq/m, 10617.33 Mbp/m).
  14777244 sequences classified (95.33%)
  723689 sequences unclassified (4.67%)
ak2-sample	batch	0	name	0-SRR5935808	mode	parallel	s3client	sdk	rank	14	role	home	inflight	1	threads	16	start_s	74.820752	wall_s	16.786358	setup_s	0.000064	classify_s	16.328799	close_s	0.215006	report_s	0.231855	status	0	sequences	15500933	bases	2889469649	classified	14777244	place	lpt	weight	15500933
ak2-engine	mem	t_s	105.1	rss_kib	78886720	hwm_kib	79195028	heap_inuse	5156945920	sys	6914429160	avail_kib	48460296
13253368 sequences (2414.15 Mbp) processed in 13.673s (58160.1 Kseq/m, 10594.09 Mbp/m).
  12329188 sequences classified (93.03%)
  924180 sequences unclassified (6.97%)
ak2-sample	batch	0	name	0-SRR5935804	mode	parallel	s3client	sdk	rank	14	role	home	inflight	1	threads	16	start_s	91.607144	wall_s	14.088571	setup_s	0.000069	classify_s	13.672643	close_s	0.215839	report_s	0.187761	status	0	sequences	13253368	bases	2414153428	classified	12329188	place	lpt	weight	13253368
11374148 sequences (2063.47 Mbp) processed in 12.003s (56857.5 Kseq/m, 10314.92 Mbp/m).
  10686284 sequences classified (93.95%)
  687864 sequences unclassified (6.05%)
ak2-sample	batch	0	name	0-SRR5935769	mode	parallel	s3client	sdk	rank	14	role	home	inflight	1	threads	16	start_s	105.695741	wall_s	12.437683	setup_s	0.000074	classify_s	12.002803	close_s	0.250753	report_s	0.171291	status	0	sequences	11374148	bases	2063466726	classified	10686284	place	lpt	weight	11374148
ak2-engine	mem	t_s	120.1	rss_kib	78061392	hwm_kib	79195028	heap_inuse	4765114368	sys	6914740456	avail_kib	49139528
8439357 sequences (1550.81 Mbp) processed in 9.013s (56180.0 Kseq/m, 10323.61 Mbp/m).
  8138623 sequences classified (96.44%)
  300734 sequences unclassified (3.56%)
ak2-sample	batch	0	name	0-SRR5935797	mode	parallel	s3client	sdk	rank	14	role	home	inflight	1	threads	16	start_s	118.133455	wall_s	9.381960	setup_s	0.000083	classify_s	9.013190	close_s	0.212351	report_s	0.147369	status	0	sequences	8439357	bases	1550811438	classified	8138623	place	lpt	weight	8439357
ak2-engine	mem	t_s	135.1	rss_kib	78853328	hwm_kib	79195028	heap_inuse	5351546880	sys	6915068136	avail_kib	48483888
7153468 sequences (1337.27 Mbp) processed in 7.386s (58108.9 Kseq/m, 10862.87 Mbp/m).
  6947959 sequences classified (97.13%)
  205509 sequences unclassified (2.87%)
ak2-sample	batch	0	name	0-SRR5935815	mode	parallel	s3client	sdk	rank	14	role	home	inflight	1	threads	16	start_s	127.515441	wall_s	7.820488	setup_s	0.000065	classify_s	7.386268	close_s	0.287498	report_s	0.139498	status	0	sequences	7153468	bases	1337267943	classified	6947959	place	lpt	weight	7153468
ak2-timing	batch-barrier-0	135.335951	0.447570	1	0	0.029308	0.020078
10479816 sequences (1916.83 Mbp) processed in 10.849s (57960.3 Kseq/m, 10601.34 Mbp/m).
  9679024 sequences classified (92.36%)
  800792 sequences unclassified (7.64%)
ak2-sample	batch	1	name	1-SRR5935754	mode	parallel	s3client	sdk	rank	14	role	home	inflight	1	threads	16	start_s	135.783549	wall_s	11.276169	setup_s	0.000048	classify_s	10.848607	close_s	0.233844	report_s	0.177500	status	0	sequences	10479816	bases	1916830360	classified	9679024	place	mod	weight	10479816
ak2-engine	mem	t_s	150.1	rss_kib	78215656	hwm_kib	79195028	heap_inuse	5001969664	sys	6915068136	avail_kib	49504028
16180463 sequences (3026.48 Mbp) processed in 17.322s (56046.8 Kseq/m, 10483.29 Mbp/m).
  15739294 sequences classified (97.27%)
  441169 sequences unclassified (2.73%)
ak2-sample	batch	1	name	1-SRR5935770	mode	parallel	s3client	sdk	rank	14	role	home	inflight	1	threads	16	start_s	147.059744	wall_s	17.740015	setup_s	0.000060	classify_s	17.321750	close_s	0.247043	report_s	0.159271	status	0	sequences	16180463	bases	3026482353	classified	15739294	place	mod	weight	16180463
ak2-engine	mem	t_s	165.1	rss_kib	78782124	hwm_kib	79195028	heap_inuse	1476280320	sys	6915330280	avail_kib	48745576
10054299 sequences (1885.64 Mbp) processed in 10.885s (55420.0 Kseq/m, 10393.79 Mbp/m).
  9575405 sequences classified (95.24%)
  478894 sequences unclassified (4.76%)
ak2-sample	batch	1	name	1-SRR5935786	mode	parallel	s3client	sdk	rank	14	role	home	inflight	1	threads	16	start_s	164.799785	wall_s	11.259789	setup_s	0.000061	classify_s	10.885208	close_s	0.193967	report_s	0.169185	status	0	sequences	10054299	bases	1885642952	classified	9575405	place	mod	weight	10054299
ak2-engine	mem	t_s	180.1	rss_kib	78183316	hwm_kib	79195028	heap_inuse	3541237760	sys	6915363048	avail_kib	49376976
16720060 sequences (3103.13 Mbp) processed in 17.556s (57144.1 Kseq/m, 10605.56 Mbp/m).
  16427692 sequences classified (98.25%)
  292368 sequences unclassified (1.75%)
ak2-sample	batch	1	name	1-SRR5935802	mode	parallel	s3client	sdk	rank	14	role	home	inflight	1	threads	16	start_s	176.059600	wall_s	18.008324	setup_s	0.000063	classify_s	17.555695	close_s	0.239098	report_s	0.204809	status	0	sequences	16720060	bases	3103131942	classified	16427692	place	mod	weight	16720060
ak2-engine	mem	t_s	195.1	rss_kib	77591500	hwm_kib	79195028	heap_inuse	4059045888	sys	6915363048	avail_kib	49742196
8877621 sequences (1663.95 Mbp) processed in 9.509s (56017.0 Kseq/m, 10499.35 Mbp/m).
  8212460 sequences classified (92.51%)
  665161 sequences unclassified (7.49%)
ak2-sample	batch	1	name	1-SRR5935818	mode	parallel	s3client	sdk	rank	14	role	home	inflight	1	threads	16	start_s	194.067952	wall_s	9.861336	setup_s	0.000070	classify_s	9.508847	close_s	0.200598	report_s	0.141485	status	0	sequences	8877621	bases	1663945574	classified	8212460	place	mod	weight	8877621
ak2-engine	mem	t_s	210.1	rss_kib	78613992	hwm_kib	79195028	heap_inuse	3143565312	sys	6915363048	avail_kib	48782712
12610038 sequences (2321.59 Mbp) processed in 12.554s (60269.8 Kseq/m, 11096.07 Mbp/m).
  12099380 sequences classified (95.95%)
  510658 sequences unclassified (4.05%)
ak2-sample	batch	1	name	1-SRR5935834	mode	parallel	s3client	sdk	rank	14	role	home	inflight	1	threads	16	start_s	203.929315	wall_s	12.962448	setup_s	0.000066	classify_s	12.553595	close_s	0.193049	report_s	0.206231	status	0	sequences	12610038	bases	2321592529	classified	12099380	place	mod	weight	12610038
ak2-engine	mem	t_s	225.1	rss_kib	78557196	hwm_kib	79195028	heap_inuse	4426235904	sys	6915363048	avail_kib	49058624
ak2-timing	batch-barrier-1	216.891787	8.394229	1	0	1.418343	0.148303
ak2-engine	mem	t_s	240.1	rss_kib	78819124	hwm_kib	79195028	heap_inuse	4375044096	sys	6915428584	avail_kib	48663396
16180463 sequences (3026.48 Mbp) processed in 17.385s (55841.7 Kseq/m, 10444.94 Mbp/m).
  15739294 sequences classified (97.27%)
  441169 sequences unclassified (2.73%)
ak2-sample	batch	2	name	2-SRR5935770	mode	parallel	s3client	sdk	rank	14	role	home	inflight	1	threads	16	start_s	225.286058	wall_s	17.798651	setup_s	0.000045	classify_s	17.385348	close_s	0.245950	report_s	0.156471	status	0	sequences	16180463	bases	3026482353	classified	15739294	place	lpt	weight	16180463
ak2-engine	mem	t_s	255.1	rss_kib	78775448	hwm_kib	79195028	heap_inuse	4107059200	sys	6915428584	avail_kib	48716724
15500933 sequences (2889.47 Mbp) processed in 16.350s (56884.0 Kseq/m, 10603.54 Mbp/m).
  14777244 sequences classified (95.33%)
  723689 sequences unclassified (4.67%)
ak2-sample	batch	2	name	2-SRR5935808	mode	parallel	s3client	sdk	rank	14	role	home	inflight	1	threads	16	start_s	243.084736	wall_s	16.764010	setup_s	0.000063	classify_s	16.350036	close_s	0.246285	report_s	0.158096	status	0	sequences	15500933	bases	2889469649	classified	14777244	place	lpt	weight	15500933
ak2-engine	mem	t_s	270.1	rss_kib	78608288	hwm_kib	79195028	heap_inuse	4441628672	sys	6915428584	avail_kib	49004932
13253368 sequences (2414.15 Mbp) processed in 13.825s (57520.1 Kseq/m, 10477.52 Mbp/m).
  12329188 sequences classified (93.03%)
  924180 sequences unclassified (6.97%)
ak2-sample	batch	2	name	2-SRR5935804	mode	parallel	s3client	sdk	rank	14	role	home	inflight	1	threads	16	start_s	259.848774	wall_s	14.205025	setup_s	0.000058	classify_s	13.824761	close_s	0.212570	report_s	0.155137	status	0	sequences	13253368	bases	2414153428	classified	12329188	place	lpt	weight	13253368
ak2-engine	mem	t_s	285.1	rss_kib	78476068	hwm_kib	79195028	heap_inuse	4986986496	sys	6915428584	avail_kib	48969744
11374148 sequences (2063.47 Mbp) processed in 12.059s (56593.8 Kseq/m, 10267.08 Mbp/m).
  10686284 sequences classified (93.95%)
  687864 sequences unclassified (6.05%)
ak2-sample	batch	2	name	2-SRR5935769	mode	parallel	s3client	sdk	rank	14	role	home	inflight	1	threads	16	start_s	274.053827	wall_s	12.451658	setup_s	0.000069	classify_s	12.058732	close_s	0.226758	report_s	0.153502	status	0	sequences	11374148	bases	2063466726	classified	10686284	place	lpt	weight	11374148
8439357 sequences (1550.81 Mbp) processed in 9.072s (55815.3 Kseq/m, 10256.59 Mbp/m).
  8138623 sequences classified (96.44%)
  300734 sequences unclassified (3.56%)
ak2-sample	batch	2	name	2-SRR5935797	mode	parallel	s3client	sdk	rank	14	role	home	inflight	1	threads	16	start_s	286.505521	wall_s	9.461187	setup_s	0.000070	classify_s	9.072088	close_s	0.222192	report_s	0.157093	status	0	sequences	8439357	bases	1550811438	classified	8138623	place	lpt	weight	8439357
ak2-engine	mem	t_s	300.1	rss_kib	78411476	hwm_kib	79274448	heap_inuse	3118022656	sys	7035040008	avail_kib	48997172
7153468 sequences (1337.27 Mbp) processed in 7.545s (56883.1 Kseq/m, 10633.72 Mbp/m).
  6947959 sequences classified (97.13%)
  205509 sequences unclassified (2.87%)
ak2-sample	batch	2	name	2-SRR5935815	mode	parallel	s3client	sdk	rank	14	role	home	inflight	1	threads	16	start_s	295.966737	wall_s	7.927064	setup_s	0.000056	classify_s	7.545436	close_s	0.226914	report_s	0.147441	status	0	sequences	7153468	bases	1337267943	classified	6947959	place	lpt	weight	7153468
ak2-timing	batch-barrier-2	303.893820	2.094498	1	0	0.115723	0.002494
ak2-timing	barrier	312.648768	0.253550	0	0	0.003100	0.000220
ak2-sample	batch	3	name	3-SRR5935740	mode	striped	s3client	sdk	rank	14	role	peer	inflight	1	threads	16	start_s	306.928800	wall_s	5.973568	setup_s	0.000069	classify_s	5.715854	close_s	0.000000	report_s	0.000000	status	0	sequences	0	bases	0	classified	0	place	-	weight	-
ak2-timing	batch-barrier-3	312.902381	0.558724	0	0	0.005653	0.000401
ak2-engine	mem	t_s	315.1	rss_kib	76837356	hwm_kib	79274448	heap_inuse	1122992128	sys	7035040008	avail_kib	50795160
ak2-timing	barrier	319.875122	0.234105	2	0	0.006469	0.000000
ak2-sample	batch	4	name	4-SRR5935740	mode	striped	s3client	sdk	rank	14	role	peer	inflight	1	threads	16	start_s	314.165823	wall_s	5.943447	setup_s	0.000055	classify_s	5.704710	close_s	0.000000	report_s	0.000000	status	0	sequences	0	bases	0	classified	0	place	-	weight	-
ak2-timing	batch-barrier-4	320.109285	0.507948	159	0	0.005716	0.000000
ak2-timing	barrier	327.074857	0.100193	0	0	0.002727	0.000193
ak2-sample	batch	5	name	5-SRR5935740	mode	striped	s3client	sdk	rank	14	role	peer	inflight	1	threads	16	start_s	321.383686	wall_s	5.791403	setup_s	0.000064	classify_s	5.687061	close_s	0.000000	report_s	0.000000	status	0	sequences	0	bases	0	classified	0	place	-	weight	-
ak2-timing	batch-barrier-5	327.175099	0.504655	2	0	0.005033	0.000355
ak2-engine	mem	t_s	330.1	rss_kib	76255540	hwm_kib	79274448	heap_inuse	3578339328	sys	7035040008	avail_kib	51262032
ak2-timing	batch-barrier-6	327.679770	11.114487	2	0	0.746477	0.091543
ak2-engine	mem	t_s	345.1	rss_kib	76255556	hwm_kib	79274448	heap_inuse	3579863040	sys	7035040008	avail_kib	51483444
ak2-timing	batch-barrier-7	338.794276	9.217998	2	0	0.704691	0.085630
ak2-timing	batch-barrier-8	348.012291	10.225625	2	0	0.732566	0.077606
ak2-engine	shard	0	n	16	lo	260113803199	hi	278693360570	tail	302	full	false	empty_at	18579557380	keys	8473287081	batches	89910	probe_s	241.432668	tail_probes	0	wrap_probes	0
ak2-engine	mem	t_s	358.2	rss_kib	76255564	hwm_kib	79274448	heap_inuse	3582386176	sys	7035040008	avail_kib	51579736
ak2-engine	rendezvous	puts	13	gets	331
ak2-engine	s3	client	sdk	put	31	get	331	create_multipart	18	upload_part	2301	complete_multipart	18	abort_multipart	0	part_bytes	19229712437
ak2-engine	s3	client	cli	put	0	get	0	create_multipart	0	upload_part	0	complete_multipart	0	abort_multipart	0	part_bytes	0
ak2-engine	load	seconds	47.839498	requests	1126	retries	0	bytes	74318296292
ak2-engine	route	transport	nodes	calls	5794	keys	8744465919	batches	92704	route_s	106.642119	wait_s	331.391436	gather_s	19.766313
ak2-engine	worker	scan_s	793.923881	lookup_s	457.805080	classify_s	720.409967
ak2-timing	total	0.000001	358.378987	7379920	0	1730.201601	122.496766
