ak2: log tee up
ak2-phase	2026-10-08T05:24:51Z	1791437091	preamble	no
ak2: [2026-10-08T05:24:51Z] inherited $-=hBc (stub, as spawn started it: $-=hBc)
ak2: [2026-10-08T05:24:51Z] after set +e $-=hBc
ak2: [2026-10-08T05:24:51Z] gate=g3 run=20261008-052413-306f827-5162-n16-r8
ak2: [2026-10-08T05:24:51Z] aws shim installed and self-tested (/tmp/ak2-bin/aws -> /usr/bin/aws)
ak2: [2026-10-08T05:24:51Z] imds region=us-west-2 az=us-west-2a instance=i-0cf88947feb1e23da type=c9g.12xlarge ami=ami-09325776a00699513
ak2: [2026-10-08T05:24:51Z] bucket aws-kraken2-942542972736-us-west-2 region=us-west-2
ak2: [2026-10-08T05:24:52Z] bucket aws-kraken2-942542972736-us-west-2 payer=UNKNOWN
ak2: [2026-10-08T05:24:52Z] WARN: could not read Payer of aws-kraken2-942542972736-us-west-2 from the instance (launch host verified it)
ak2: [2026-10-08T05:24:52Z] bucket kraken2-ncbi-refseq-complete-v205 region=us-west-2
ak2: [2026-10-08T05:24:52Z] bucket kraken2-ncbi-refseq-complete-v205 payer=BucketOwner
ak2: [2026-10-08T05:24:52Z] region assert passed
ak2: [2026-10-08T05:24:52Z] drop_caches_ok=true
ak2: [2026-10-08T05:24:53Z] preamble done; spec body starts
ak2-phase	2026-10-08T05:24:53Z	1791437093	body	no
ak2: [2026-10-08T05:24:53Z] e3 cohort 20261008-052413-306f827-5162-n16 rank 8 of 16, commit 306f827; RODA kraken2-ncbi-refseq-complete-v205/Kraken2_RefSeqCompleteV205; samples aws-kraken2-942542972736-us-west-2/aws-kraken2/data/cohort; cohort 100
ak2-phase	2026-10-08T05:24:53Z	1791437093	setup	no
ak2: [2026-10-08T05:25:19Z] built 306f827679d55c2395743f532e6da71aeae1bc11; go version go1.27.1 linux/arm64; ip 172.31.23.19; nproc 48; mem_gib 92; threads 16, inflight 6
ak2-phase	2026-10-08T05:25:19Z	1791437119	manifest	no
ak2: [2026-10-08T05:25:19Z] staged s3://kraken2-ncbi-refseq-complete-v205/Kraken2_RefSeqCompleteV205/opts.k2d -> /home/ec2-user/ak2/db/roda/opts.k2d (56 bytes)
ak2: [2026-10-08T05:25:20Z] staged s3://kraken2-ncbi-refseq-complete-v205/Kraken2_RefSeqCompleteV205/taxo.k2d -> /home/ec2-user/ak2/db/roda/taxo.k2d (179150665 bytes)
ak2: [2026-10-08T05:25:21Z] RODA hash.k2d etag=f80959f9556b50d76b3e744afdd3b22a-8860 size=1189091671800
ak2: [2026-10-08T05:25:21Z] pushed out/rank8/c100.tsv
ak2: [2026-10-08T05:25:21Z] pushed out/rank8/placement.tsv
ak2: [2026-10-08T05:25:21Z] manifest c100: 306 lines in 9 batches; rank 8 reads 12 samples
ak2-phase	2026-10-08T05:25:21Z	1791437121	fetch	no
ak2: [2026-10-08T05:25:29Z] inputs staged and verified: 24 files, 12.48 GB
ak2: [2026-10-08T05:25:29Z] manifest c100: cohort: 306 samples in 9 batches check
ak2-phase	2026-10-08T05:25:29Z	1791437129	inv-c100	no
[c100] ak2-timing	taxo	0.002601	0.087639	87830	0	0.025302	0.075532
[c100] ak2-timing	shard-load-8	0.143359	24.446668	41561	0	29.646682	21.355384
[c100] ak2-timing	rendezvous	24.999420	20.166560	1752	0	0.012282	0.009472
[c100] ak2-timing	connect	45.165989	0.007550	10	0	0.000733	0.000000
[c100] ak2-timing	hash	0.090256	45.083288	45174	0	29.671282	21.365470
Terminated
ak2: [2026-10-08T05:31:00Z] spec body exit rc=129 (SIGHUP)
ak2-phase	2026-10-08T05:31:00Z	1791437460	end	no
