ak2: log tee up
ak2-phase	2026-10-08T05:24:14Z	1791437054	preamble	no
ak2: [2026-10-08T05:24:14Z] inherited $-=hBc (stub, as spawn started it: $-=hBc)
ak2: [2026-10-08T05:24:14Z] after set +e $-=hBc
ak2: [2026-10-08T05:24:14Z] gate=g3 run=20261008-052324-306f827-765d-n16-r14
ak2: [2026-10-08T05:24:14Z] aws shim installed and self-tested (/tmp/ak2-bin/aws -> /usr/bin/aws)
ak2: [2026-10-08T05:24:14Z] imds region=us-west-2 az=us-west-2a instance=i-0a902283360ea6b10 type=c8g.12xlarge ami=ami-09325776a00699513
ak2: [2026-10-08T05:24:14Z] bucket aws-kraken2-942542972736-us-west-2 region=us-west-2
ak2: [2026-10-08T05:24:15Z] bucket aws-kraken2-942542972736-us-west-2 payer=UNKNOWN
ak2: [2026-10-08T05:24:15Z] WARN: could not read Payer of aws-kraken2-942542972736-us-west-2 from the instance (launch host verified it)
ak2: [2026-10-08T05:24:15Z] bucket kraken2-ncbi-refseq-complete-v205 region=us-west-2
ak2: [2026-10-08T05:24:15Z] bucket kraken2-ncbi-refseq-complete-v205 payer=BucketOwner
ak2: [2026-10-08T05:24:15Z] region assert passed
ak2: [2026-10-08T05:24:15Z] drop_caches_ok=true
ak2: [2026-10-08T05:24:16Z] preamble done; spec body starts
ak2-phase	2026-10-08T05:24:16Z	1791437056	body	no
ak2: [2026-10-08T05:24:16Z] e3 cohort 20261008-052324-306f827-765d-n16 rank 14 of 16, commit 306f827; RODA kraken2-ncbi-refseq-complete-v205/Kraken2_RefSeqCompleteV205; samples aws-kraken2-942542972736-us-west-2/aws-kraken2/data/cohort; cohort 100
ak2-phase	2026-10-08T05:24:16Z	1791437056	setup	no
ak2: [2026-10-08T05:24:52Z] built 306f827679d55c2395743f532e6da71aeae1bc11; go version go1.27.1 linux/arm64; ip 172.31.23.217; nproc 48; mem_gib 92; threads 16, inflight 6
ak2-phase	2026-10-08T05:24:52Z	1791437092	manifest	no
ak2: [2026-10-08T05:24:53Z] staged s3://kraken2-ncbi-refseq-complete-v205/Kraken2_RefSeqCompleteV205/opts.k2d -> /home/ec2-user/ak2/db/roda/opts.k2d (56 bytes)
ak2: [2026-10-08T05:24:54Z] staged s3://kraken2-ncbi-refseq-complete-v205/Kraken2_RefSeqCompleteV205/taxo.k2d -> /home/ec2-user/ak2/db/roda/taxo.k2d (179150665 bytes)
ak2: [2026-10-08T05:24:54Z] RODA hash.k2d etag=f80959f9556b50d76b3e744afdd3b22a-8860 size=1189091671800
ak2: [2026-10-08T05:24:54Z] pushed out/rank14/c100.tsv
ak2: [2026-10-08T05:24:55Z] pushed out/rank14/placement.tsv
ak2: [2026-10-08T05:24:55Z] manifest c100: 306 lines in 9 batches; rank 14 reads 12 samples
ak2-phase	2026-10-08T05:24:55Z	1791437095	fetch	no
ak2: [2026-10-08T05:25:04Z] inputs staged and verified: 24 files, 13.59 GB
ak2: [2026-10-08T05:25:04Z] manifest c100: cohort: 306 samples in 9 batches check
ak2-phase	2026-10-08T05:25:04Z	1791437104	inv-c100	no
[c100] ak2-timing	taxo	0.003241	0.094263	87846	0	0.002097	0.095360
[c100] ak2-timing	shard-load-14	0.193595	28.572019	42935	0	50.095328	53.811904
[c100] ak2-timing	rendezvous	29.247935	1.219431	408	0	0.000000	0.006840
[c100] ak2-timing	connect	30.467388	0.162863	11	0	0.000000	0.001433
[c100] ak2-timing	hash	0.097547	30.532716	45142	0	50.096436	53.834024
Hangup
ak2: [2026-10-08T05:30:29Z] spec body exit rc=129 (SIGHUP)
ak2-phase	2026-10-08T05:30:29Z	1791437429	end	no
