Loading database information...ak2-timing	opts	0.003257	0.000013	0	0	0.000000	0.000013
ak2-timing	taxo	0.003275	0.078256	87837	0	0.029701	0.062912
ak2-engine	mem	t_s	15.0	rss_kib	44828412	hwm_kib	44828416	heap_inuse	407617536	sys	444316008	avail_kib	49966872
ak2-timing	shard-load-2	0.168671	24.780361	42745	0	29.878909	23.026996
ak2-engine	mem	t_s	30.0	rss_kib	72980156	hwm_kib	72980160	heap_inuse	412278784	sys	444578152	avail_kib	21930736
ak2-engine	mem	t_s	45.0	rss_kib	72983412	hwm_kib	72983416	heap_inuse	416243712	sys	448772456	avail_kib	22248116
ak2-timing	rendezvous	26.034034	25.360488	2334	0	0.018670	0.029592
ak2-timing	connect	51.394534	0.020686	32	0	0.000000	0.006294
ak2-timing	hash	0.081616	51.333614	46949	0	29.899112	23.073720
 done.
ak2-engine	mem	t_s	60.0	rss_kib	78466736	hwm_kib	78466736	heap_inuse	4177715200	sys	6115622824	avail_kib	16854940
20086542 sequences (3689.65 Mbp) processed in 9.163s (131524.2 Kseq/m, 24159.36 Mbp/m).
  19142785 sequences classified (95.30%)
  943757 sequences unclassified (4.70%)
ak2-sample	batch	0	name	0-SRR5935798	mode	parallel	s3client	sdk	rank	2	role	home	inflight	1	threads	16	start_s	51.415264	wall_s	9.591047	setup_s	0.000031	classify_s	9.163278	close_s	0.270534	report_s	0.146566	status	0	sequences	20086542	bases	3689648337	classified	19142785	place	lpt	weight	20086542
14261195 sequences (2665.70 Mbp) processed in 6.497s (131701.2 Kseq/m, 24617.53 Mbp/m).
  13980324 sequences classified (98.03%)
  280871 sequences unclassified (1.97%)
ak2-sample	batch	0	name	0-SRR5935817	mode	parallel	s3client	sdk	rank	2	role	home	inflight	1	threads	16	start_s	61.006326	wall_s	6.914981	setup_s	0.000041	classify_s	6.497070	close_s	0.278402	report_s	0.132974	status	0	sequences	14261195	bases	2665696979	classified	13980324	place	lpt	weight	14261195
12062510 sequences (2207.30 Mbp) processed in 5.563s (130098.7 Kseq/m, 23806.54 Mbp/m).
  10926608 sequences classified (90.58%)
  1135902 sequences unclassified (9.42%)
ak2-sample	batch	0	name	0-SRR5935820	mode	parallel	s3client	sdk	rank	2	role	home	inflight	1	threads	16	start_s	67.921322	wall_s	5.927729	setup_s	0.000039	classify_s	5.563089	close_s	0.223158	report_s	0.129397	status	0	sequences	12062510	bases	2207297835	classified	10926608	place	lpt	weight	12062510
ak2-engine	mem	t_s	75.0	rss_kib	77736092	hwm_kib	79368320	heap_inuse	3127246848	sys	7002169592	avail_kib	16985952
10492437 sequences (1984.14 Mbp) processed in 5.839s (107812.4 Kseq/m, 20387.55 Mbp/m).
  9889429 sequences classified (94.25%)
  603008 sequences unclassified (5.75%)
ak2-sample	batch	0	name	0-SRR5935745	mode	parallel	s3client	sdk	rank	2	role	home	inflight	1	threads	16	start_s	73.849064	wall_s	6.237903	setup_s	0.005292	classify_s	5.839274	close_s	0.243828	report_s	0.141252	status	0	sequences	10492437	bases	1984140901	classified	9889429	place	lpt	weight	10492437
8326050 sequences (1540.09 Mbp) processed in 3.881s (128736.3 Kseq/m, 23812.71 Mbp/m).
  8094378 sequences classified (97.22%)
  231672 sequences unclassified (2.78%)
ak2-sample	batch	0	name	0-SRR5935828	mode	parallel	s3client	sdk	rank	2	role	home	inflight	1	threads	16	start_s	80.086981	wall_s	4.296180	setup_s	0.000038	classify_s	3.880513	close_s	0.271676	report_s	0.138431	status	0	sequences	8326050	bases	1540092338	classified	8094378	place	lpt	weight	8326050
5072545 sequences (950.40 Mbp) processed in 2.467s (123368.7 Kseq/m, 23114.56 Mbp/m).
  4982177 sequences classified (98.22%)
  90368 sequences unclassified (1.78%)
ak2-sample	batch	0	name	0-SRR5935814	mode	parallel	s3client	sdk	rank	2	role	home	inflight	1	threads	16	start_s	84.383177	wall_s	3.001523	setup_s	0.000048	classify_s	2.467018	close_s	0.403419	report_s	0.127217	status	0	sequences	5072545	bases	950400325	classified	4982177	place	lpt	weight	5072545
ak2-timing	batch-barrier-0	87.384712	0.861301	1	0	0.018607	0.000889
ak2-engine	mem	t_s	90.0	rss_kib	78748348	hwm_kib	79368320	heap_inuse	3964280832	sys	7002177784	avail_kib	16143672
12325847 sequences (2261.51 Mbp) processed in 5.567s (132844.3 Kseq/m, 24373.90 Mbp/m).
  11791754 sequences classified (95.67%)
  534093 sequences unclassified (4.33%)
ak2-sample	batch	1	name	1-SRR5935742	mode	parallel	s3client	sdk	rank	2	role	home	inflight	1	threads	16	start_s	88.246028	wall_s	5.972386	setup_s	0.000038	classify_s	5.567050	close_s	0.248656	report_s	0.149578	status	0	sequences	12325847	bases	2261511731	classified	11791754	place	mod	weight	12325847
8206591 sequences (1523.97 Mbp) processed in 7.461s (65992.8 Kseq/m, 12254.90 Mbp/m).
  7998445 sequences classified (97.46%)
  208146 sequences unclassified (2.54%)
ak2-sample	batch	1	name	1-SRR5935758	mode	parallel	s3client	sdk	rank	2	role	home	inflight	1	threads	16	start_s	94.218428	wall_s	8.025904	setup_s	0.044339	classify_s	7.461349	close_s	0.373186	report_s	0.142955	status	0	sequences	8206591	bases	1523967713	classified	7998445	place	mod	weight	8206591
ak2-engine	mem	t_s	105.0	rss_kib	78816324	hwm_kib	79525836	heap_inuse	5428969472	sys	7195337000	avail_kib	16242052
12252617 sequences (2212.67 Mbp) processed in 5.460s (134655.5 Kseq/m, 24317.16 Mbp/m).
  10208851 sequences classified (83.32%)
  2043766 sequences unclassified (16.68%)
ak2-sample	batch	1	name	1-SRR5935774	mode	parallel	s3client	sdk	rank	2	role	home	inflight	1	threads	16	start_s	102.244347	wall_s	5.824670	setup_s	0.000043	classify_s	5.459540	close_s	0.213347	report_s	0.139053	status	0	sequences	12252617	bases	2212674525	classified	10208851	place	mod	weight	12252617
9202475 sequences (1711.99 Mbp) processed in 4.284s (128894.2 Kseq/m, 23978.95 Mbp/m).
  8810259 sequences classified (95.74%)
  392216 sequences unclassified (4.26%)
ak2-sample	batch	1	name	1-SRR5935790	mode	parallel	s3client	sdk	rank	2	role	home	inflight	1	threads	16	start_s	108.069030	wall_s	4.663280	setup_s	0.000045	classify_s	4.283736	close_s	0.222596	report_s	0.150703	status	0	sequences	9202475	bases	1711991411	classified	8810259	place	mod	weight	9202475
14472574 sequences (2738.53 Mbp) processed in 6.796s (127768.0 Kseq/m, 24176.52 Mbp/m).
  14022498 sequences classified (96.89%)
  450076 sequences unclassified (3.11%)
ak2-sample	batch	1	name	1-SRR5935806	mode	parallel	s3client	sdk	rank	2	role	home	inflight	1	threads	16	start_s	112.732324	wall_s	7.167305	setup_s	0.000043	classify_s	6.796337	close_s	0.237112	report_s	0.127399	status	0	sequences	14472574	bases	2738529910	classified	14022498	place	mod	weight	14472574
ak2-engine	mem	t_s	120.0	rss_kib	78679700	hwm_kib	79525836	heap_inuse	4367810560	sys	7195353384	avail_kib	16372316
13365245 sequences (2460.33 Mbp) processed in 7.008s (114424.5 Kseq/m, 21063.72 Mbp/m).
  13192260 sequences classified (98.71%)
  172985 sequences unclassified (1.29%)
ak2-sample	batch	1	name	1-SRR5935822	mode	parallel	s3client	sdk	rank	2	role	home	inflight	1	threads	16	start_s	119.899643	wall_s	7.638896	setup_s	0.041187	classify_s	7.008243	close_s	0.250730	report_s	0.333737	status	0	sequences	13365245	bases	2460327516	classified	13192260	place	mod	weight	13365245
14615323 sequences (2691.06 Mbp) processed in 6.771s (129507.3 Kseq/m, 23845.67 Mbp/m).
  14358414 sequences classified (98.24%)
  256909 sequences unclassified (1.76%)
ak2-sample	batch	1	name	1-SRR5935838	mode	parallel	s3client	sdk	rank	2	role	home	inflight	1	threads	16	start_s	127.538552	wall_s	7.215845	setup_s	0.000035	classify_s	6.771197	close_s	0.319178	report_s	0.120344	status	0	sequences	14615323	bases	2691062094	classified	14358414	place	mod	weight	14615323
ak2-engine	mem	t_s	135.0	rss_kib	78961588	hwm_kib	79525836	heap_inuse	5194973184	sys	7195353384	avail_kib	15953436
ak2-timing	batch-barrier-1	134.754408	0.479975	3	0	0.017273	0.000109
20086542 sequences (3689.65 Mbp) processed in 9.125s (132082.5 Kseq/m, 24261.92 Mbp/m).
  19142785 sequences classified (95.30%)
  943757 sequences unclassified (4.70%)
ak2-sample	batch	2	name	2-SRR5935798	mode	parallel	s3client	sdk	rank	2	role	home	inflight	1	threads	16	start_s	135.234414	wall_s	9.495674	setup_s	0.000030	classify_s	9.124543	close_s	0.239621	report_s	0.121175	status	0	sequences	20086542	bases	3689648337	classified	19142785	place	lpt	weight	20086542
ak2-engine	mem	t_s	150.0	rss_kib	78926748	hwm_kib	79525836	heap_inuse	3413483520	sys	7195377960	avail_kib	16017800
14261195 sequences (2665.70 Mbp) processed in 6.492s (131801.8 Kseq/m, 24636.35 Mbp/m).
  13980324 sequences classified (98.03%)
  280871 sequences unclassified (1.97%)
ak2-sample	batch	2	name	2-SRR5935817	mode	parallel	s3client	sdk	rank	2	role	home	inflight	1	threads	16	start_s	144.730101	wall_s	6.965672	setup_s	0.000041	classify_s	6.492108	close_s	0.253720	report_s	0.213752	status	0	sequences	14261195	bases	2665696979	classified	13980324	place	lpt	weight	14261195
12062510 sequences (2207.30 Mbp) processed in 5.536s (130740.9 Kseq/m, 23924.05 Mbp/m).
  10926608 sequences classified (90.58%)
  1135902 sequences unclassified (9.42%)
ak2-sample	batch	2	name	2-SRR5935820	mode	parallel	s3client	sdk	rank	2	role	home	inflight	1	threads	16	start_s	151.695789	wall_s	5.913668	setup_s	0.000032	classify_s	5.535763	close_s	0.236310	report_s	0.130152	status	0	sequences	12062510	bases	2207297835	classified	10926608	place	lpt	weight	12062510
10492437 sequences (1984.14 Mbp) processed in 5.031s (125133.0 Kseq/m, 23662.90 Mbp/m).
  9889429 sequences classified (94.25%)
  603008 sequences unclassified (5.75%)
ak2-sample	batch	2	name	2-SRR5935745	mode	parallel	s3client	sdk	rank	2	role	home	inflight	1	threads	16	start_s	157.609473	wall_s	5.394280	setup_s	0.000031	classify_s	5.031018	close_s	0.211822	report_s	0.142921	status	0	sequences	10492437	bases	1984140901	classified	9889429	place	lpt	weight	10492437
ak2-engine	mem	t_s	165.0	rss_kib	78272684	hwm_kib	79525836	heap_inuse	4894179328	sys	7195435304	avail_kib	16364884
8326050 sequences (1540.09 Mbp) processed in 3.884s (128621.2 Kseq/m, 23791.41 Mbp/m).
  8094378 sequences classified (97.22%)
  231672 sequences unclassified (2.78%)
ak2-sample	batch	2	name	2-SRR5935828	mode	parallel	s3client	sdk	rank	2	role	home	inflight	1	threads	16	start_s	163.003768	wall_s	4.229524	setup_s	0.000039	classify_s	3.883987	close_s	0.224059	report_s	0.115961	status	0	sequences	8326050	bases	1540092338	classified	8094378	place	lpt	weight	8326050
5072545 sequences (950.40 Mbp) processed in 2.442s (124644.1 Kseq/m, 23353.52 Mbp/m).
  4982177 sequences classified (98.22%)
  90368 sequences unclassified (1.78%)
ak2-sample	batch	2	name	2-SRR5935814	mode	parallel	s3client	sdk	rank	2	role	home	inflight	1	threads	16	start_s	167.233304	wall_s	2.941080	setup_s	0.000040	classify_s	2.441774	close_s	0.312563	report_s	0.183000	status	0	sequences	5072545	bases	950400325	classified	4982177	place	lpt	weight	5072545
ak2-timing	batch-barrier-2	170.174397	2.446058	2	0	0.401914	0.029280
ak2-timing	barrier	178.525951	0.006141	0	0	0.000018	0.000002
ak2-sample	batch	3	name	3-SRR5935740	mode	striped	s3client	sdk	rank	2	role	peer	inflight	1	threads	16	start_s	173.048298	wall_s	5.483829	setup_s	0.000031	classify_s	5.474513	close_s	0.000000	report_s	0.000000	status	0	sequences	0	bases	0	classified	0	place	-	weight	-
ak2-timing	batch-barrier-3	178.532133	0.622353	1	0	0.003961	0.000278
ak2-engine	mem	t_s	180.0	rss_kib	76537004	hwm_kib	79525836	heap_inuse	3280805888	sys	7195697448	avail_kib	18157128
ak2-timing	barrier	184.634424	0.085159	0	0	0.002121	0.000149
ak2-sample	batch	4	name	4-SRR5935740	mode	striped	s3client	sdk	rank	2	role	peer	inflight	1	threads	16	start_s	179.895169	wall_s	4.824449	setup_s	0.000030	classify_s	4.736047	close_s	0.000000	report_s	0.000000	status	0	sequences	0	bases	0	classified	0	place	-	weight	-
ak2-timing	batch-barrier-4	184.719625	0.525400	2	0	0.003763	0.000264
ak2-timing	barrier	190.730735	0.020602	0	0	0.000057	0.000004
ak2-sample	batch	5	name	5-SRR5935740	mode	striped	s3client	sdk	rank	2	role	peer	inflight	1	threads	16	start_s	185.994717	wall_s	4.756651	setup_s	0.000030	classify_s	4.732940	close_s	0.000000	report_s	0.000000	status	0	sequences	0	bases	0	classified	0	place	-	weight	-
ak2-timing	batch-barrier-5	190.751375	0.504539	3	0	0.004549	0.000000
ak2-engine	mem	t_s	195.0	rss_kib	76484360	hwm_kib	79525836	heap_inuse	3272482816	sys	7195959592	avail_kib	18307184
ak2-timing	batch-barrier-6	191.255931	6.115635	2	0	0.559095	0.066582
ak2-timing	batch-barrier-7	197.371580	5.099494	1	0	0.551381	0.057998
ak2-timing	batch-barrier-8	202.471090	6.172732	0	0	0.546604	0.059769
ak2-engine	shard	0	n	16	lo	37159114742	hi	55738672114	tail	302	full	false	empty_at	18579557378	keys	8492407860	batches	89910	probe_s	163.095485	tail_probes	0	wrap_probes	0
ak2-engine	mem	t_s	208.6	rss_kib	76484236	hwm_kib	79525836	heap_inuse	3274670080	sys	7195959592	avail_kib	18588208
ak2-engine	rendezvous	puts	13	gets	480
ak2-engine	s3	client	sdk	put	32	get	480	create_multipart	19	upload_part	2345	complete_multipart	19	abort_multipart	0	part_bytes	19562523091
ak2-engine	s3	client	cli	put	0	get	0	create_multipart	0	upload_part	0	complete_multipart	0	abort_multipart	0	part_bytes	0
ak2-engine	load	seconds	24.780360	requests	1126	retries	0	bytes	74318296296
ak2-engine	route	transport	nodes	calls	5966	keys	8986478366	batches	95456	route_s	60.059705	wait_s	43.240904	gather_s	13.128363
ak2-engine	worker	scan_s	453.164832	lookup_s	116.430881	classify_s	386.930686
ak2-timing	total	0.000001	208.750193	12256647	0	1410.538753	99.154654
