Loading database information...ak2-timing	opts	0.003303	0.000018	0	0	0.000000	0.000017
ak2-timing	taxo	0.003329	0.114404	87844	0	0.031525	0.085870
ak2-engine	mem	t_s	15.0	rss_kib	40361232	hwm_kib	40361236	heap_inuse	404463616	sys	435214696	avail_kib	54655836
ak2-timing	shard-load-9	0.191424	27.109634	42218	0	35.005637	31.516777
ak2-engine	mem	t_s	30.0	rss_kib	72977212	hwm_kib	72977216	heap_inuse	408649728	sys	439409000	avail_kib	22033100
ak2-engine	mem	t_s	45.0	rss_kib	72978372	hwm_kib	72978376	heap_inuse	410361856	sys	439409000	avail_kib	22310608
ak2-timing	rendezvous	27.738405	24.179899	3302	0	0.133923	0.033231
ak2-timing	connect	51.918327	0.021569	390	0	0.021219	0.000000
ak2-timing	hash	0.117795	51.822123	47779	0	35.174024	31.552053
 done.
ak2-engine	mem	t_s	60.0	rss_kib	78369224	hwm_kib	78369224	heap_inuse	5635858432	sys	6032531352	avail_kib	17110988
16708997 sequences (3043.02 Mbp) processed in 8.996s (111442.0 Kseq/m, 20295.70 Mbp/m).
  15000245 sequences classified (89.77%)
  1708752 sequences unclassified (10.23%)
ak2-sample	batch	0	name	0-SRR5935807	mode	parallel	s3client	sdk	rank	9	role	home	inflight	1	threads	16	start_s	51.939965	wall_s	9.514974	setup_s	0.000064	classify_s	8.996066	close_s	0.301618	report_s	0.200347	status	0	sequences	16708997	bases	3043023590	classified	15000245	place	lpt	weight	16708997
15080696 sequences (2770.85 Mbp) processed in 8.779s (103070.2 Kseq/m, 18937.57 Mbp/m).
  14478381 sequences classified (96.01%)
  602315 sequences unclassified (3.99%)
ak2-sample	batch	0	name	0-SRR5935800	mode	parallel	s3client	sdk	rank	9	role	home	inflight	1	threads	16	start_s	61.454961	wall_s	9.170519	setup_s	0.000055	classify_s	8.778885	close_s	0.220927	report_s	0.163300	status	0	sequences	15080696	bases	2770846238	classified	14478381	place	lpt	weight	15080696
ak2-engine	mem	t_s	75.0	rss_kib	79095708	hwm_kib	79096012	heap_inuse	5587550208	sys	6986060024	avail_kib	16211204
13010149 sequences (2394.73 Mbp) processed in 7.052s (110700.7 Kseq/m, 20376.28 Mbp/m).
  12910203 sequences classified (99.23%)
  99946 sequences unclassified (0.77%)
ak2-sample	batch	0	name	0-SRR5935775	mode	parallel	s3client	sdk	rank	9	role	home	inflight	1	threads	16	start_s	70.625505	wall_s	7.590457	setup_s	0.000060	classify_s	7.051530	close_s	0.364927	report_s	0.169012	status	0	sequences	13010149	bases	2394732661	classified	12910203	place	lpt	weight	13010149
11437813 sequences (2096.18 Mbp) processed in 6.144s (111690.5 Kseq/m, 20469.27 Mbp/m).
  10922134 sequences classified (95.49%)
  515679 sequences unclassified (4.51%)
ak2-sample	batch	0	name	0-SRR5935792	mode	parallel	s3client	sdk	rank	9	role	home	inflight	1	threads	16	start_s	78.215985	wall_s	6.614012	setup_s	0.000095	classify_s	6.144379	close_s	0.258401	report_s	0.203123	status	0	sequences	11437813	bases	2096182336	classified	10922134	place	lpt	weight	11437813
ak2-engine	mem	t_s	90.0	rss_kib	78605012	hwm_kib	79167260	heap_inuse	4894883840	sys	7036461320	avail_kib	16427640
8745078 sequences (1626.83 Mbp) processed in 4.972s (105529.7 Kseq/m, 19631.53 Mbp/m).
  8520266 sequences classified (97.43%)
  224812 sequences unclassified (2.57%)
ak2-sample	batch	0	name	0-SRR5935824	mode	parallel	s3client	sdk	rank	9	role	home	inflight	1	threads	16	start_s	84.830020	wall_s	5.447701	setup_s	0.000051	classify_s	4.972105	close_s	0.324870	report_s	0.142830	status	0	sequences	8745078	bases	1626833325	classified	8520266	place	lpt	weight	8745078
6552107 sequences (1182.80 Mbp) processed in 3.895s (100928.2 Kseq/m, 18219.72 Mbp/m).
  6331866 sequences classified (96.64%)
  220241 sequences unclassified (3.36%)
ak2-sample	batch	0	name	0-SRR5935750	mode	parallel	s3client	sdk	rank	9	role	home	inflight	1	threads	16	start_s	90.277749	wall_s	4.296900	setup_s	0.000050	classify_s	3.895111	close_s	0.258749	report_s	0.137274	status	0	sequences	6552107	bases	1182796919	classified	6331866	place	lpt	weight	6552107
ak2-timing	batch-barrier-0	94.574667	0.448242	1	0	0.004630	0.000454
ak2-engine	mem	t_s	105.0	rss_kib	78847704	hwm_kib	79167260	heap_inuse	5692719104	sys	7036723464	avail_kib	16301552
18879904 sequences (3539.14 Mbp) processed in 10.264s (110364.8 Kseq/m, 20688.44 Mbp/m).
  18627146 sequences classified (98.66%)
  252758 sequences unclassified (1.34%)
ak2-sample	batch	1	name	1-SRR5935749	mode	parallel	s3client	sdk	rank	9	role	home	inflight	1	threads	16	start_s	95.022938	wall_s	11.196779	setup_s	0.000050	classify_s	10.264095	close_s	0.743226	report_s	0.182383	status	0	sequences	18879904	bases	3539135454	classified	18627146	place	mod	weight	18879904
10590116 sequences (1935.91 Mbp) processed in 5.971s (106409.7 Kseq/m, 19452.04 Mbp/m).
  10426493 sequences classified (98.45%)
  163623 sequences unclassified (1.55%)
ak2-sample	batch	1	name	1-SRR5935765	mode	parallel	s3client	sdk	rank	9	role	home	inflight	1	threads	16	start_s	106.219742	wall_s	6.501332	setup_s	0.000053	classify_s	5.971328	close_s	0.306976	report_s	0.217261	status	0	sequences	10590116	bases	1935908855	classified	10426493	place	mod	weight	10590116
8486948 sequences (1613.12 Mbp) processed in 4.992s (102011.2 Kseq/m, 19389.35 Mbp/m).
  8270605 sequences classified (97.45%)
  216343 sequences unclassified (2.55%)
ak2-sample	batch	1	name	1-SRR5935781	mode	parallel	s3client	sdk	rank	9	role	home	inflight	1	threads	16	start_s	112.721100	wall_s	5.375156	setup_s	0.000053	classify_s	4.991776	close_s	0.225769	report_s	0.152460	status	0	sequences	8486948	bases	1613121343	classified	8270605	place	mod	weight	8486948
ak2-engine	mem	t_s	120.0	rss_kib	78576448	hwm_kib	79229320	heap_inuse	3302793216	sys	7036723464	avail_kib	15908152
8439357 sequences (1550.81 Mbp) processed in 4.972s (101847.7 Kseq/m, 18715.48 Mbp/m).
  8138623 sequences classified (96.44%)
  300734 sequences unclassified (3.56%)
ak2-sample	batch	1	name	1-SRR5935797	mode	parallel	s3client	sdk	rank	9	role	home	inflight	1	threads	16	start_s	118.096281	wall_s	5.448380	setup_s	0.000049	classify_s	4.971751	close_s	0.308019	report_s	0.159980	status	0	sequences	8439357	bases	1550811438	classified	8138623	place	mod	weight	8439357
16980616 sequences (3155.64 Mbp) processed in 9.590s (106235.3 Kseq/m, 19742.53 Mbp/m).
  16106690 sequences classified (94.85%)
  873926 sequences unclassified (5.15%)
ak2-sample	batch	1	name	1-SRR5935813	mode	parallel	s3client	sdk	rank	9	role	home	inflight	1	threads	16	start_s	123.544699	wall_s	10.013699	setup_s	0.000050	classify_s	9.590380	close_s	0.240627	report_s	0.169644	status	0	sequences	16980616	bases	3155638888	classified	16106690	place	mod	weight	16980616
ak2-engine	mem	t_s	135.0	rss_kib	78388804	hwm_kib	79343212	heap_inuse	5320622080	sys	7057727752	avail_kib	16327076
11220767 sequences (2068.35 Mbp) processed in 6.149s (109481.9 Kseq/m, 20181.06 Mbp/m).
  10523542 sequences classified (93.79%)
  697225 sequences unclassified (6.21%)
ak2-sample	batch	1	name	1-SRR5935829	mode	parallel	s3client	sdk	rank	9	role	home	inflight	1	threads	16	start_s	133.558420	wall_s	6.546807	setup_s	0.000052	classify_s	6.149383	close_s	0.229755	report_s	0.155697	status	0	sequences	11220767	bases	2068350513	classified	10523542	place	mod	weight	11220767
ak2-timing	batch-barrier-1	140.105245	8.472565	3	0	1.792672	0.229505
ak2-engine	mem	t_s	150.0	rss_kib	77570268	hwm_kib	79435524	heap_inuse	4820803584	sys	7288631608	avail_kib	17260548
16708997 sequences (3043.02 Mbp) processed in 8.889s (112788.8 Kseq/m, 20540.96 Mbp/m).
  15000245 sequences classified (89.77%)
  1708752 sequences unclassified (10.23%)
ak2-sample	batch	2	name	2-SRR5935807	mode	parallel	s3client	sdk	rank	9	role	home	inflight	1	threads	16	start_s	148.577856	wall_s	9.326989	setup_s	0.000048	classify_s	8.888650	close_s	0.245496	report_s	0.175729	status	0	sequences	16708997	bases	3043023590	classified	15000245	place	lpt	weight	16708997
ak2-engine	mem	t_s	165.0	rss_kib	78442720	hwm_kib	79435524	heap_inuse	4962500608	sys	7288631608	avail_kib	16008132
15080696 sequences (2770.85 Mbp) processed in 8.791s (102933.4 Kseq/m, 18912.42 Mbp/m).
  14478381 sequences classified (96.01%)
  602315 sequences unclassified (3.99%)
ak2-sample	batch	2	name	2-SRR5935800	mode	parallel	s3client	sdk	rank	9	role	home	inflight	1	threads	16	start_s	157.904870	wall_s	9.417389	setup_s	0.000051	classify_s	8.790559	close_s	0.381488	report_s	0.237875	status	0	sequences	15080696	bases	2770846238	classified	14478381	place	lpt	weight	15080696
13010149 sequences (2394.73 Mbp) processed in 7.191s (108548.4 Kseq/m, 19980.12 Mbp/m).
  12910203 sequences classified (99.23%)
  99946 sequences unclassified (0.77%)
ak2-sample	batch	2	name	2-SRR5935775	mode	parallel	s3client	sdk	rank	9	role	home	inflight	1	threads	16	start_s	167.322284	wall_s	7.742435	setup_s	0.000049	classify_s	7.191348	close_s	0.424577	report_s	0.121460	status	0	sequences	13010149	bases	2394732661	classified	12910203	place	lpt	weight	13010149
ak2-engine	mem	t_s	180.0	rss_kib	78357516	hwm_kib	79435524	heap_inuse	4071235584	sys	7288893752	avail_kib	15936132
11437813 sequences (2096.18 Mbp) processed in 6.174s (111147.7 Kseq/m, 20369.78 Mbp/m).
  10922134 sequences classified (95.49%)
  515679 sequences unclassified (4.51%)
ak2-sample	batch	2	name	2-SRR5935792	mode	parallel	s3client	sdk	rank	9	role	home	inflight	1	threads	16	start_s	175.064739	wall_s	6.676804	setup_s	0.000043	classify_s	6.174388	close_s	0.270275	report_s	0.224070	status	0	sequences	11437813	bases	2096182336	classified	10922134	place	lpt	weight	11437813
8745078 sequences (1626.83 Mbp) processed in 4.971s (105546.5 Kseq/m, 19634.65 Mbp/m).
  8520266 sequences classified (97.43%)
  224812 sequences unclassified (2.57%)
ak2-sample	batch	2	name	2-SRR5935824	mode	parallel	s3client	sdk	rank	9	role	home	inflight	1	threads	16	start_s	181.741571	wall_s	5.454583	setup_s	0.000056	classify_s	4.971315	close_s	0.272387	report_s	0.202775	status	0	sequences	8745078	bases	1626833325	classified	8520266	place	lpt	weight	8745078
6552107 sequences (1182.80 Mbp) processed in 3.897s (100887.4 Kseq/m, 18212.35 Mbp/m).
  6331866 sequences classified (96.64%)
  220241 sequences unclassified (3.36%)
ak2-sample	batch	2	name	2-SRR5935750	mode	parallel	s3client	sdk	rank	9	role	home	inflight	1	threads	16	start_s	187.196176	wall_s	4.312103	setup_s	0.000054	classify_s	3.896686	close_s	0.283991	report_s	0.125514	status	0	sequences	6552107	bases	1182796919	classified	6331866	place	lpt	weight	6552107
ak2-timing	batch-barrier-2	191.508298	1.337188	1	0	0.037184	0.018605
ak2-engine	mem	t_s	195.0	rss_kib	76269284	hwm_kib	79435524	heap_inuse	1539506176	sys	7288893752	avail_kib	18173768
ak2-timing	barrier	199.102385	1.722432	0	0	0.040478	0.010659
ak2-sample	batch	3	name	3-SRR5935740	mode	striped	s3client	sdk	rank	9	role	peer	inflight	1	threads	16	start_s	193.537217	wall_s	7.287665	setup_s	0.000052	classify_s	5.560613	close_s	0.000000	report_s	0.000000	status	0	sequences	0	bases	0	classified	0	place	-	weight	-
ak2-timing	batch-barrier-3	200.824893	0.511583	207	0	0.000000	0.006218
ak2-timing	barrier	207.669268	0.190540	0	0	0.014553	0.000280
ak2-sample	batch	4	name	4-SRR5935740	mode	striped	s3client	sdk	rank	9	role	peer	inflight	1	threads	16	start_s	202.096271	wall_s	5.763588	setup_s	0.000050	classify_s	5.568883	close_s	0.000000	report_s	0.000000	status	0	sequences	0	bases	0	classified	0	place	-	weight	-
ak2-timing	batch-barrier-4	207.859869	0.518482	2	0	0.005591	0.000345
ak2-engine	mem	t_s	210.0	rss_kib	76683068	hwm_kib	79435524	heap_inuse	4148322304	sys	7288893752	avail_kib	18429736
ak2-timing	barrier	214.757762	0.206490	0	0	0.018536	0.000000
ak2-sample	batch	5	name	5-SRR5935740	mode	striped	s3client	sdk	rank	9	role	peer	inflight	1	threads	16	start_s	209.195421	wall_s	5.768886	setup_s	0.000048	classify_s	5.558186	close_s	0.000000	report_s	0.000000	status	0	sequences	0	bases	0	classified	0	place	-	weight	-
ak2-timing	batch-barrier-5	214.964317	0.597688	1	0	0.005542	0.000253
ak2-timing	batch-barrier-6	215.562028	7.186099	0	0	0.677866	0.096101
ak2-engine	mem	t_s	225.0	rss_kib	76341920	hwm_kib	79435524	heap_inuse	3650428928	sys	7288893752	avail_kib	18837408
ak2-timing	batch-barrier-7	222.748153	7.137321	0	0	0.694261	0.079849
ak2-timing	batch-barrier-8	229.885501	7.073430	2	0	0.649241	0.118211
ak2-engine	shard	0	n	16	lo	167216016342	hi	185795573713	tail	302	full	false	empty_at	18579557375	keys	8474664069	batches	89910	probe_s	179.419211	tail_probes	0	wrap_probes	0
ak2-engine	mem	t_s	237.0	rss_kib	76341928	hwm_kib	79435524	heap_inuse	3651747840	sys	7288893752	avail_kib	18970104
ak2-engine	rendezvous	puts	13	gets	408
ak2-engine	s3	client	sdk	put	31	get	408	create_multipart	18	upload_part	2249	complete_multipart	18	abort_multipart	0	part_bytes	18831246565
ak2-engine	s3	client	cli	put	0	get	0	create_multipart	0	upload_part	0	complete_multipart	0	abort_multipart	0	part_bytes	0
ak2-engine	load	seconds	27.109632	requests	1126	retries	0	bytes	74318296292
ak2-engine	route	transport	nodes	calls	5741	keys	8639287715	batches	91856	route_s	70.062561	wait_s	47.006898	gather_s	15.320570
ak2-engine	worker	scan_s	523.753606	lookup_s	132.393541	classify_s	470.089976
ak2-timing	total	0.000001	237.089755	10675728	0	1647.770164	101.673375
