Loading database information...ak2-timing	opts	0.002836	0.000017	0	0	0.000017	0.000000
ak2-timing	taxo	0.002861	0.094767	87780	0	0.022852	0.079123
ak2-engine	mem	t_s	15.0	rss_kib	26340092	hwm_kib	26340096	heap_inuse	398327808	sys	420542824	avail_kib	230019100
ak2-engine	mem	t_s	30.0	rss_kib	52749100	hwm_kib	52749100	heap_inuse	400621568	sys	420542824	avail_kib	203585272
ak2-engine	mem	t_s	45.0	rss_kib	79159820	hwm_kib	79159824	heap_inuse	402538496	sys	420542824	avail_kib	177074544
ak2-engine	mem	t_s	60.0	rss_kib	105571072	hwm_kib	105571076	heap_inuse	404865024	sys	420804968	avail_kib	150621012
ak2-engine	mem	t_s	75.0	rss_kib	131978192	hwm_kib	131978196	heap_inuse	407044096	sys	429193576	avail_kib	124172384
ak2-timing	shard-load-6	0.179598	83.579609	77995	0	117.746214	147.318203
ak2-timing	rendezvous	84.350212	3.982165	13645	0	0.173241	0.028789
ak2-timing	connect	88.332395	0.089743	2288	0	0.083092	0.000000
ak2-timing	hash	0.097656	88.324507	95925	0	118.014852	147.351176
 done.
ak2-engine	mem	t_s	90.0	rss_kib	153588260	hwm_kib	153588384	heap_inuse	8608587776	sys	8910072712	avail_kib	102371120
ak2-engine	mem	t_s	105.0	rss_kib	156853668	hwm_kib	156853668	heap_inuse	10220617728	sys	12402056888	avail_kib	97320672
16708997 sequences (3043.02 Mbp) processed in 17.105s (58609.3 Kseq/m, 10673.85 Mbp/m).
  15000245 sequences classified (89.77%)
  1708752 sequences unclassified (10.23%)
ak2-sample	batch	0	name	0-SRR5935807	mode	parallel	s3client	sdk	rank	6	role	home	inflight	2	threads	16	start_s	88.422202	wall_s	17.639594	setup_s	0.000050	classify_s	17.105486	close_s	0.342583	report_s	0.171945	status	0	sequences	16708997	bases	3043023590	classified	15000245	place	lpt	weight	16708997
18129553 sequences (3409.03 Mbp) processed in 18.127s (60007.4 Kseq/m, 11283.61 Mbp/m).
  17831449 sequences classified (98.36%)
  298104 sequences unclassified (1.64%)
ak2-sample	batch	0	name	0-SRR5935762	mode	parallel	s3client	sdk	rank	6	role	home	inflight	2	threads	16	start_s	88.422209	wall_s	18.712502	setup_s	0.000047	classify_s	18.127325	close_s	0.396572	report_s	0.172992	status	0	sequences	18129553	bases	3409028279	classified	17831449	place	lpt	weight	18129553
ak2-engine	mem	t_s	120.0	rss_kib	157192144	hwm_kib	157617008	heap_inuse	11044978688	sys	12959454296	avail_kib	96687892
15500933 sequences (2889.47 Mbp) processed in 15.266s (60924.4 Kseq/m, 11356.68 Mbp/m).
  14777244 sequences classified (95.33%)
  723689 sequences unclassified (4.67%)
14303962 sequences (2635.98 Mbp) processed in 14.472s (59302.6 Kseq/m, 10928.46 Mbp/m).
  14029845 sequences classified (98.08%)
  274117 sequences unclassified (1.92%)
ak2-sample	batch	0	name	0-SRR5935808	mode	parallel	s3client	sdk	rank	6	role	home	inflight	2	threads	16	start_s	106.061817	wall_s	15.875758	setup_s	0.000070	classify_s	15.265739	close_s	0.445671	report_s	0.154886	status	0	sequences	15500933	bases	2889469649	classified	14777244	place	lpt	weight	15500933
ak2-sample	batch	0	name	0-SRR5935830	mode	parallel	s3client	sdk	rank	6	role	home	inflight	2	threads	16	start_s	107.134773	wall_s	14.944915	setup_s	0.000050	classify_s	14.472187	close_s	0.322774	report_s	0.142115	status	0	sequences	14303962	bases	2635979010	classified	14029845	place	lpt	weight	14303962
ak2-engine	mem	t_s	135.0	rss_kib	157143556	hwm_kib	157617008	heap_inuse	10712793088	sys	13366686904	avail_kib	96452408
12244248 sequences (2292.24 Mbp) processed in 13.043s (56326.8 Kseq/m, 10544.91 Mbp/m).
  11933067 sequences classified (97.46%)
  311181 sequences unclassified (2.54%)
ak2-sample	batch	0	name	0-SRR5935816	mode	parallel	s3client	sdk	rank	6	role	home	inflight	2	threads	16	start_s	122.079712	wall_s	13.462302	setup_s	0.000058	classify_s	13.042714	close_s	0.244810	report_s	0.167467	status	0	sequences	12244248	bases	2292238030	classified	11933067	place	lpt	weight	12244248
13817496 sequences (2535.87 Mbp) processed in 13.893s (59673.8 Kseq/m, 10951.68 Mbp/m).
  12277050 sequences classified (88.85%)
  1540446 sequences unclassified (11.15%)
ak2-sample	batch	0	name	0-SRR5935785	mode	parallel	s3client	sdk	rank	6	role	home	inflight	2	threads	16	start_s	121.937589	wall_s	14.385408	setup_s	0.000060	classify_s	13.893026	close_s	0.288038	report_s	0.188642	status	0	sequences	13817496	bases	2535866229	classified	12277050	place	lpt	weight	13817496
11437813 sequences (2096.18 Mbp) processed in 11.056s (62072.9 Kseq/m, 11375.96 Mbp/m).
  10922134 sequences classified (95.49%)
  515679 sequences unclassified (4.51%)
ak2-sample	batch	0	name	0-SRR5935792	mode	parallel	s3client	sdk	rank	6	role	home	inflight	2	threads	16	start_s	135.542662	wall_s	11.531341	setup_s	0.000060	classify_s	11.055849	close_s	0.314682	report_s	0.152431	status	0	sequences	11437813	bases	2096182336	classified	10922134	place	lpt	weight	11437813
10479816 sequences (1916.83 Mbp) processed in 10.549s (59603.8 Kseq/m, 10901.94 Mbp/m).
  9679024 sequences classified (92.36%)
  800792 sequences unclassified (7.64%)
ak2-sample	batch	0	name	0-SRR5935754	mode	parallel	s3client	sdk	rank	6	role	home	inflight	2	threads	16	start_s	136.323077	wall_s	11.008305	setup_s	0.000068	classify_s	10.549479	close_s	0.243231	report_s	0.201510	status	0	sequences	10479816	bases	1916830360	classified	9679024	place	lpt	weight	10479816
ak2-engine	mem	t_s	150.0	rss_kib	156124524	hwm_kib	157894048	heap_inuse	9466200064	sys	13370209464	avail_kib	96459676
8486948 sequences (1613.12 Mbp) processed in 9.367s (54364.3 Kseq/m, 10333.08 Mbp/m).
  8270605 sequences classified (97.45%)
  216343 sequences unclassified (2.55%)
9230220 sequences (1688.15 Mbp) processed in 9.671s (57267.9 Kseq/m, 10473.96 Mbp/m).
  8736529 sequences classified (94.65%)
  493691 sequences unclassified (5.35%)
ak2-sample	batch	0	name	0-SRR5935781	mode	parallel	s3client	sdk	rank	6	role	home	inflight	2	threads	16	start_s	147.331409	wall_s	9.771154	setup_s	0.000069	classify_s	9.366745	close_s	0.239916	report_s	0.159155	status	0	sequences	8486948	bases	1613121343	classified	8270605	place	lpt	weight	8486948
ak2-sample	batch	0	name	0-SRR5935771	mode	parallel	s3client	sdk	rank	6	role	home	inflight	2	threads	16	start_s	147.074023	wall_s	10.200746	setup_s	0.000062	classify_s	9.670565	close_s	0.316645	report_s	0.202913	status	0	sequences	9230220	bases	1688151903	classified	8736529	place	lpt	weight	9230220
1513694 sequences (270.73 Mbp) processed in 2.185s (41564.5 Kseq/m, 7434.04 Mbp/m).
  1488159 sequences classified (98.31%)
  25535 sequences unclassified (1.69%)
ak2-sample	batch	0	name	0-SRR5935789	mode	parallel	s3client	sdk	rank	6	role	home	inflight	2	threads	16	start_s	157.274792	wall_s	2.666561	setup_s	0.000052	classify_s	2.185078	close_s	0.315770	report_s	0.163207	status	0	sequences	1513694	bases	270732465	classified	1488159	place	lpt	weight	1513694
297656 sequences (54.18 Mbp) processed in 0.595s (30039.1 Kseq/m, 5467.42 Mbp/m).
  290837 sequences classified (97.71%)
  6819 sequences unclassified (2.29%)
ak2-sample	batch	0	name	0-SRR5935821	mode	parallel	s3client	sdk	rank	6	role	home	inflight	2	threads	16	start_s	159.941375	wall_s	1.102026	setup_s	0.000062	classify_s	0.594537	close_s	0.366667	report_s	0.139549	status	0	sequences	297656	bases	54176352	classified	290837	place	lpt	weight	297656
7326365 sequences (1333.07 Mbp) processed in 5.577s (78820.4 Kseq/m, 14341.74 Mbp/m).
  6965607 sequences classified (95.08%)
  360758 sequences unclassified (4.92%)
ak2-sample	batch	0	name	0-SRR5935836	mode	parallel	s3client	sdk	rank	6	role	home	inflight	2	threads	16	start_s	157.102584	wall_s	5.970350	setup_s	0.000060	classify_s	5.577010	close_s	0.201860	report_s	0.184856	status	0	sequences	7326365	bases	1333066620	classified	6965607	place	lpt	weight	7326365
ak2-timing	batch-barrier-0	163.072952	0.284003	0	0	0.000000	0.016540
ak2-engine	mem	t_s	165.1	rss_kib	155120624	hwm_kib	157894048	heap_inuse	8344363008	sys	13370176696	avail_kib	97504808
10479816 sequences (1916.83 Mbp) processed in 11.007s (57124.8 Kseq/m, 10448.51 Mbp/m).
  9679024 sequences classified (92.36%)
  800792 sequences unclassified (7.64%)
ak2-sample	batch	1	name	1-SRR5935754	mode	parallel	s3client	sdk	rank	6	role	home	inflight	2	threads	16	start_s	163.356978	wall_s	11.397913	setup_s	0.000042	classify_s	11.007292	close_s	0.199380	report_s	0.151588	status	0	sequences	10479816	bases	1916830360	classified	9679024	place	mod	weight	10479816
11012615 sequences (2057.95 Mbp) processed in 11.417s (57873.3 Kseq/m, 10814.92 Mbp/m).
  10686469 sequences classified (97.04%)
  326146 sequences unclassified (2.96%)
ak2-sample	batch	1	name	1-SRR5935746	mode	parallel	s3client	sdk	rank	6	role	home	inflight	2	threads	16	start_s	163.357007	wall_s	11.990968	setup_s	0.000046	classify_s	11.417302	close_s	0.291324	report_s	0.274789	status	0	sequences	11012615	bases	2057953866	classified	10686469	place	mod	weight	11012615
ak2-engine	mem	t_s	180.1	rss_kib	157890372	hwm_kib	157894048	heap_inuse	7992664064	sys	13377975480	avail_kib	94718180
16180463 sequences (3026.48 Mbp) processed in 16.819s (57722.3 Kseq/m, 10796.69 Mbp/m).
  15739294 sequences classified (97.27%)
  441169 sequences unclassified (2.73%)
ak2-sample	batch	1	name	1-SRR5935770	mode	parallel	s3client	sdk	rank	6	role	home	inflight	2	threads	16	start_s	175.348011	wall_s	17.436090	setup_s	0.000091	classify_s	16.818941	close_s	0.370760	report_s	0.235184	status	0	sequences	16180463	bases	3026482353	classified	15739294	place	mod	weight	16180463
18129553 sequences (3409.03 Mbp) processed in 18.054s (60250.7 Kseq/m, 11329.37 Mbp/m).
  17831449 sequences classified (98.36%)
  298104 sequences unclassified (1.64%)
ak2-sample	batch	1	name	1-SRR5935762	mode	parallel	s3client	sdk	rank	6	role	home	inflight	2	threads	16	start_s	174.754920	wall_s	18.603123	setup_s	0.000066	classify_s	18.054110	close_s	0.242235	report_s	0.298181	status	0	sequences	18129553	bases	3409028279	classified	17831449	place	mod	weight	18129553
ak2-engine	mem	t_s	195.1	rss_kib	155860632	hwm_kib	158014052	heap_inuse	8611209216	sys	13802530088	avail_kib	96182584
10554303 sequences (1946.56 Mbp) processed in 10.950s (57831.4 Kseq/m, 10666.04 Mbp/m).
  10062971 sequences classified (95.34%)
  491332 sequences unclassified (4.66%)
10054299 sequences (1885.64 Mbp) processed in 10.506s (57422.5 Kseq/m, 10769.35 Mbp/m).
  9575405 sequences classified (95.24%)
  478894 sequences unclassified (4.76%)
ak2-sample	batch	1	name	1-SRR5935778	mode	parallel	s3client	sdk	rank	6	role	home	inflight	2	threads	16	start_s	192.784128	wall_s	11.405580	setup_s	0.000072	classify_s	10.950074	close_s	0.303446	report_s	0.140356	status	0	sequences	10554303	bases	1946564732	classified	10062971	place	mod	weight	10554303
ak2-sample	batch	1	name	1-SRR5935786	mode	parallel	s3client	sdk	rank	6	role	home	inflight	2	threads	16	start_s	193.358080	wall_s	10.981101	setup_s	0.000077	classify_s	10.505606	close_s	0.250889	report_s	0.214031	status	0	sequences	10054299	bases	1885642952	classified	9575405	place	mod	weight	10054299
ak2-engine	mem	t_s	210.1	rss_kib	157055412	hwm_kib	158014052	heap_inuse	7688200192	sys	13802530088	avail_kib	94736012
13404063 sequences (2484.45 Mbp) processed in 14.286s (56295.7 Kseq/m, 10434.42 Mbp/m).
  13071600 sequences classified (97.52%)
  332463 sequences unclassified (2.48%)
ak2-sample	batch	1	name	1-SRR5935794	mode	parallel	s3client	sdk	rank	6	role	home	inflight	2	threads	16	start_s	204.189734	wall_s	14.675157	setup_s	0.000062	classify_s	14.286069	close_s	0.248192	report_s	0.134110	status	0	sequences	13404063	bases	2484447317	classified	13071600	place	mod	weight	13404063
16720060 sequences (3103.13 Mbp) processed in 17.441s (57521.0 Kseq/m, 10675.51 Mbp/m).
  16427692 sequences classified (98.25%)
  292368 sequences unclassified (1.75%)
ak2-sample	batch	1	name	1-SRR5935802	mode	parallel	s3client	sdk	rank	6	role	home	inflight	2	threads	16	start_s	204.339245	wall_s	17.937756	setup_s	0.000067	classify_s	17.440654	close_s	0.276281	report_s	0.212377	status	0	sequences	16720060	bases	3103131942	classified	16427692	place	mod	weight	16720060
ak2-engine	mem	t_s	225.1	rss_kib	156431976	hwm_kib	158014052	heap_inuse	7777984512	sys	13827695912	avail_kib	94749088
8877621 sequences (1663.95 Mbp) processed in 9.441s (56422.0 Kseq/m, 10575.25 Mbp/m).
  8212460 sequences classified (92.51%)
  665161 sequences unclassified (7.49%)
ak2-sample	batch	1	name	1-SRR5935818	mode	parallel	s3client	sdk	rank	6	role	home	inflight	2	threads	16	start_s	222.277071	wall_s	9.923336	setup_s	0.000094	classify_s	9.440603	close_s	0.313392	report_s	0.159139	status	0	sequences	8877621	bases	1663945574	classified	8212460	place	mod	weight	8877621
15280552 sequences (2858.11 Mbp) processed in 14.738s (62208.1 Kseq/m, 11635.54 Mbp/m).
  13785544 sequences classified (90.22%)
  1495008 sequences unclassified (9.78%)
ak2-sample	batch	1	name	1-SRR5935810	mode	parallel	s3client	sdk	rank	6	role	home	inflight	2	threads	16	start_s	218.864965	wall_s	15.142524	setup_s	0.000070	classify_s	14.738171	close_s	0.234560	report_s	0.150523	status	0	sequences	15280552	bases	2858109884	classified	13785544	place	mod	weight	15280552
ak2-engine	mem	t_s	240.1	rss_kib	157337544	hwm_kib	158014052	heap_inuse	10377871360	sys	13827728680	avail_kib	94447252
8766123 sequences (1609.93 Mbp) processed in 8.391s (62683.9 Kseq/m, 11512.11 Mbp/m).
  8639469 sequences classified (98.56%)
  126654 sequences unclassified (1.44%)
ak2-sample	batch	1	name	1-SRR5935826	mode	parallel	s3client	sdk	rank	6	role	home	inflight	2	threads	16	start_s	232.200436	wall_s	8.824257	setup_s	0.000135	classify_s	8.390789	close_s	0.289751	report_s	0.137871	status	0	sequences	8766123	bases	1609927653	classified	8639469	place	mod	weight	8766123
12610038 sequences (2321.59 Mbp) processed in 9.880s (76580.8 Kseq/m, 14099.03 Mbp/m).
  12099380 sequences classified (95.95%)
  510658 sequences unclassified (4.05%)
ak2-sample	batch	1	name	1-SRR5935834	mode	parallel	s3client	sdk	rank	6	role	home	inflight	2	threads	16	start_s	234.007584	wall_s	10.356870	setup_s	0.000081	classify_s	9.879795	close_s	0.283394	report_s	0.184412	status	0	sequences	12610038	bases	2321592529	classified	12099380	place	mod	weight	12610038
ak2-timing	batch-barrier-1	244.364475	1.865934	2306	0	0.229457	0.058238
ak2-engine	mem	t_s	255.2	rss_kib	156323112	hwm_kib	158014052	heap_inuse	7830700032	sys	13827990824	avail_kib	95346300
16708997 sequences (3043.02 Mbp) processed in 16.845s (59517.2 Kseq/m, 10839.21 Mbp/m).
  15000245 sequences classified (89.77%)
  1708752 sequences unclassified (10.23%)
ak2-sample	batch	2	name	2-SRR5935807	mode	parallel	s3client	sdk	rank	6	role	home	inflight	2	threads	16	start_s	246.230455	wall_s	17.287421	setup_s	0.000054	classify_s	16.844528	close_s	0.256308	report_s	0.167749	status	0	sequences	16708997	bases	3043023590	classified	15000245	place	lpt	weight	16708997
18129553 sequences (3409.03 Mbp) processed in 19.019s (57193.5 Kseq/m, 10754.50 Mbp/m).
  17831449 sequences classified (98.36%)
  298104 sequences unclassified (1.64%)
ak2-sample	batch	2	name	2-SRR5935762	mode	parallel	s3client	sdk	rank	6	role	home	inflight	2	threads	16	start_s	246.230457	wall_s	19.657729	setup_s	0.000046	classify_s	19.019171	close_s	0.299965	report_s	0.328240	status	0	sequences	18129553	bases	3409028279	classified	17831449	place	lpt	weight	18129553
ak2-engine	mem	t_s	270.2	rss_kib	156786548	hwm_kib	158014052	heap_inuse	7797587968	sys	13828023592	avail_kib	95952844
15500933 sequences (2889.47 Mbp) processed in 15.487s (60055.0 Kseq/m, 11194.63 Mbp/m).
  14777244 sequences classified (95.33%)
  723689 sequences unclassified (4.67%)
ak2-sample	batch	2	name	2-SRR5935808	mode	parallel	s3client	sdk	rank	6	role	home	inflight	2	threads	16	start_s	263.517902	wall_s	15.867346	setup_s	0.000061	classify_s	15.486729	close_s	0.212426	report_s	0.158235	status	0	sequences	15500933	bases	2889469649	classified	14777244	place	lpt	weight	15500933
14303962 sequences (2635.98 Mbp) processed in 14.400s (59601.7 Kseq/m, 10983.58 Mbp/m).
  14029845 sequences classified (98.08%)
  274117 sequences unclassified (1.92%)
ak2-sample	batch	2	name	2-SRR5935830	mode	parallel	s3client	sdk	rank	6	role	home	inflight	2	threads	16	start_s	265.888280	wall_s	14.824118	setup_s	0.000061	classify_s	14.399561	close_s	0.243906	report_s	0.172494	status	0	sequences	14303962	bases	2635979010	classified	14029845	place	lpt	weight	14303962
ak2-engine	mem	t_s	285.2	rss_kib	157591716	hwm_kib	158014052	heap_inuse	7645954048	sys	13828023592	avail_kib	95658484
13817496 sequences (2535.87 Mbp) processed in 13.660s (60692.9 Kseq/m, 11138.71 Mbp/m).
  12277050 sequences classified (88.85%)
  1540446 sequences unclassified (11.15%)
ak2-sample	batch	2	name	2-SRR5935785	mode	parallel	s3client	sdk	rank	6	role	home	inflight	2	threads	16	start_s	279.385272	wall_s	14.118497	setup_s	0.000066	classify_s	13.659755	close_s	0.241427	report_s	0.201948	status	0	sequences	13817496	bases	2535866229	classified	12277050	place	lpt	weight	13817496
12244248 sequences (2292.24 Mbp) processed in 12.689s (57896.0 Kseq/m, 10838.67 Mbp/m).
  11933067 sequences classified (97.46%)
  311181 sequences unclassified (2.54%)
ak2-sample	batch	2	name	2-SRR5935816	mode	parallel	s3client	sdk	rank	6	role	home	inflight	2	threads	16	start_s	280.712621	wall_s	13.177216	setup_s	0.000061	classify_s	12.689221	close_s	0.289742	report_s	0.191168	status	0	sequences	12244248	bases	2292238030	classified	11933067	place	lpt	weight	12244248
ak2-engine	mem	t_s	300.2	rss_kib	157958416	hwm_kib	158014052	heap_inuse	10690584576	sys	13828023592	avail_kib	95343216
10479816 sequences (1916.83 Mbp) processed in 10.753s (58475.8 Kseq/m, 10695.62 Mbp/m).
  9679024 sequences classified (92.36%)
  800792 sequences unclassified (7.64%)
ak2-sample	batch	2	name	2-SRR5935754	mode	parallel	s3client	sdk	rank	6	role	home	inflight	2	threads	16	start_s	293.891246	wall_s	11.186160	setup_s	0.000076	classify_s	10.752984	close_s	0.241033	report_s	0.178056	status	0	sequences	10479816	bases	1916830360	classified	9679024	place	lpt	weight	10479816
11437813 sequences (2096.18 Mbp) processed in 11.305s (60707.3 Kseq/m, 11125.69 Mbp/m).
  10922134 sequences classified (95.49%)
  515679 sequences unclassified (4.51%)
ak2-sample	batch	2	name	2-SRR5935792	mode	parallel	s3client	sdk	rank	6	role	home	inflight	2	threads	16	start_s	293.503795	wall_s	11.786428	setup_s	0.000067	classify_s	11.304556	close_s	0.310601	report_s	0.162663	status	0	sequences	11437813	bases	2096182336	classified	10922134	place	lpt	weight	11437813
8486948 sequences (1613.12 Mbp) processed in 9.484s (53691.3 Kseq/m, 10205.15 Mbp/m).
  8270605 sequences classified (97.45%)
  216343 sequences unclassified (2.55%)
9230220 sequences (1688.15 Mbp) processed in 9.757s (56762.8 Kseq/m, 10381.58 Mbp/m).
  8736529 sequences classified (94.65%)
  493691 sequences unclassified (5.35%)
ak2-sample	batch	2	name	2-SRR5935781	mode	parallel	s3client	sdk	rank	6	role	home	inflight	2	threads	16	start_s	305.290251	wall_s	9.847589	setup_s	0.000096	classify_s	9.484163	close_s	0.213349	report_s	0.144559	status	0	sequences	8486948	bases	1613121343	classified	8270605	place	lpt	weight	8486948
ak2-engine	mem	t_s	315.2	rss_kib	156713144	hwm_kib	158014052	heap_inuse	7997087744	sys	13828056360	avail_kib	96155688
ak2-sample	batch	2	name	2-SRR5935771	mode	parallel	s3client	sdk	rank	6	role	home	inflight	2	threads	16	start_s	305.077429	wall_s	10.178250	setup_s	0.000047	classify_s	9.756621	close_s	0.225628	report_s	0.184957	status	0	sequences	9230220	bases	1688151903	classified	8736529	place	lpt	weight	9230220
1513694 sequences (270.73 Mbp) processed in 2.232s (40686.6 Kseq/m, 7277.02 Mbp/m).
  1488159 sequences classified (98.31%)
  25535 sequences unclassified (1.69%)
ak2-sample	batch	2	name	2-SRR5935789	mode	parallel	s3client	sdk	rank	6	role	home	inflight	2	threads	16	start_s	315.255732	wall_s	2.630245	setup_s	0.000059	classify_s	2.232225	close_s	0.247316	report_s	0.148116	status	0	sequences	1513694	bases	270732465	classified	1488159	place	lpt	weight	1513694
297656 sequences (54.18 Mbp) processed in 0.649s (27498.8 Kseq/m, 5005.06 Mbp/m).
  290837 sequences classified (97.71%)
  6819 sequences unclassified (2.29%)
ak2-sample	batch	2	name	2-SRR5935821	mode	parallel	s3client	sdk	rank	6	role	home	inflight	2	threads	16	start_s	317.886002	wall_s	1.064621	setup_s	0.000070	classify_s	0.649459	close_s	0.317042	report_s	0.096959	status	0	sequences	297656	bases	54176352	classified	290837	place	lpt	weight	297656
7326365 sequences (1333.07 Mbp) processed in 5.596s (78552.9 Kseq/m, 14293.07 Mbp/m).
  6965607 sequences classified (95.08%)
  360758 sequences unclassified (4.92%)
ak2-sample	batch	2	name	2-SRR5935836	mode	parallel	s3client	sdk	rank	6	role	home	inflight	2	threads	16	start_s	315.137862	wall_s	6.086920	setup_s	0.000062	classify_s	5.595999	close_s	0.277860	report_s	0.206335	status	0	sequences	7326365	bases	1333066620	classified	6965607	place	lpt	weight	7326365
ak2-timing	batch-barrier-2	321.224805	1.879425	0	0	0.294042	0.018561
ak2-timing	barrier	329.900619	0.084060	0	0	0.000093	0.000008
ak2-sample	batch	3	name	3-SRR5935740	mode	striped	s3client	sdk	rank	6	role	peer	inflight	1	threads	16	start_s	324.225203	wall_s	5.759515	setup_s	0.000053	classify_s	5.669799	close_s	0.000000	report_s	0.000000	status	0	sequences	0	bases	0	classified	0	place	-	weight	-
ak2-engine	mem	t_s	330.2	rss_kib	150100948	hwm_kib	158014052	heap_inuse	3961929728	sys	13828056360	avail_kib	102388728
ak2-timing	batch-barrier-3	329.984727	0.620739	1	0	0.005416	0.000465
ak2-timing	barrier	336.532448	0.101774	0	0	0.005216	0.000447
ak2-sample	batch	4	name	4-SRR5935740	mode	striped	s3client	sdk	rank	6	role	peer	inflight	1	threads	16	start_s	330.867377	wall_s	5.766878	setup_s	0.000046	classify_s	5.658940	close_s	0.000000	report_s	0.000000	status	0	sequences	0	bases	0	classified	0	place	-	weight	-
ak2-timing	batch-barrier-4	336.634264	0.491588	117	0	0.004409	0.000378
ak2-timing	barrier	343.187049	0.110255	0	0	0.005676	0.000000
ak2-sample	batch	5	name	5-SRR5935740	mode	striped	s3client	sdk	rank	6	role	peer	inflight	1	threads	16	start_s	337.510811	wall_s	5.786536	setup_s	0.000050	classify_s	5.670541	close_s	0.000000	report_s	0.000000	status	0	sequences	0	bases	0	classified	0	place	-	weight	-
ak2-timing	batch-barrier-5	343.297358	0.599170	1	0	0.006395	0.000000
ak2-engine	mem	t_s	345.2	rss_kib	150054044	hwm_kib	158014052	heap_inuse	4035575808	sys	13828056360	avail_kib	104080200
ak2-timing	batch-barrier-6	343.896547	6.917017	0	0	1.457313	0.152776
ak2-timing	batch-barrier-7	350.813586	7.064629	0	0	1.583511	0.179867
ak2-engine	mem	t_s	360.2	rss_kib	150054052	hwm_kib	158014052	heap_inuse	4037541888	sys	13828056360	avail_kib	104948584
ak2-timing	batch-barrier-8	357.878238	5.992963	3	0	1.306977	0.133368
ak2-engine	shard	0	n	8	lo	222954688456	hi	260113803199	tail	302	full	false	empty_at	37159114747	keys	16942146681	batches	89910	probe_s	447.734083	tail_probes	0	wrap_probes	0
ak2-engine	mem	t_s	363.9	rss_kib	150054052	hwm_kib	158014052	heap_inuse	4037779456	sys	13828056360	avail_kib	105095852
ak2-engine	rendezvous	puts	13	gets	201
ak2-engine	s3	client	sdk	put	51	get	201	create_multipart	38	upload_part	4495	complete_multipart	38	abort_multipart	0	part_bytes	37541091592
ak2-engine	s3	client	cli	put	0	get	0	create_multipart	0	upload_part	0	complete_multipart	0	abort_multipart	0	part_bytes	0
ak2-engine	load	seconds	83.579606	requests	2233	retries	0	bytes	148636525780
ak2-engine	route	transport	nodes	calls	11433	keys	17262716041	batches	91464	route_s	206.225867	wait_s	655.586552	gather_s	42.943487
ak2-engine	worker	scan_s	1587.322492	lookup_s	904.763647	classify_s	1357.321958
ak2-timing	total	0.000001	364.146604	16968780	0	3359.867266	287.687473
