ak2: log tee up
ak2-phase	2026-10-08T02:16:20Z	1791425780	preamble	no
ak2: [2026-10-08T02:16:20Z] inherited $-=hBc (stub, as spawn started it: $-=hBc)
ak2: [2026-10-08T02:16:20Z] after set +e $-=hBc
ak2: [2026-10-08T02:16:20Z] gate=g3 run=20261008-021537-cb0cea7-7e51-n8-r5
ak2: [2026-10-08T02:16:20Z] aws shim installed and self-tested (/tmp/ak2-bin/aws -> /usr/bin/aws)
ak2: [2026-10-08T02:16:20Z] imds region=us-west-2 az=us-west-2a instance=i-0ccee292b9f7ba9e5 type=x8g.4xlarge ami=ami-09325776a00699513
ak2: [2026-10-08T02:16:20Z] bucket aws-kraken2-942542972736-us-west-2 region=us-west-2
ak2: [2026-10-08T02:16:21Z] bucket aws-kraken2-942542972736-us-west-2 payer=UNKNOWN
ak2: [2026-10-08T02:16:21Z] WARN: could not read Payer of aws-kraken2-942542972736-us-west-2 from the instance (launch host verified it)
ak2: [2026-10-08T02:16:21Z] bucket kraken2-ncbi-refseq-complete-v205 region=us-west-2
ak2: [2026-10-08T02:16:22Z] bucket kraken2-ncbi-refseq-complete-v205 payer=BucketOwner
ak2: [2026-10-08T02:16:22Z] region assert passed
ak2: [2026-10-08T02:16:22Z] drop_caches_ok=true
ak2: [2026-10-08T02:16:22Z] preamble done; spec body starts
ak2-phase	2026-10-08T02:16:22Z	1791425782	body	no
ak2: [2026-10-08T02:16:22Z] cohort 20261008-021537-cb0cea7-7e51-n8 rank 5 of 8, commit cb0cea7; RODA kraken2-ncbi-refseq-complete-v205/Kraken2_RefSeqCompleteV205; samples aws-kraken2-942542972736-us-west-2/aws-kraken2/data/cohort
ak2-phase	2026-10-08T02:16:22Z	1791425782	setup	no
ak2: [2026-10-08T02:16:59Z] built cb0cea7015757d5bb2d326cd7174b28a27fe8918; go version go1.27.1 linux/arm64; ip 172.31.18.79; nproc 16; mem_gib 247
ak2-phase	2026-10-08T02:16:59Z	1791425819	fetch	no
ak2: [2026-10-08T02:17:00Z] staged s3://kraken2-ncbi-refseq-complete-v205/Kraken2_RefSeqCompleteV205/opts.k2d -> /home/ec2-user/ak2/db/roda/opts.k2d (56 bytes)
ak2: [2026-10-08T02:17:01Z] staged s3://kraken2-ncbi-refseq-complete-v205/Kraken2_RefSeqCompleteV205/taxo.k2d -> /home/ec2-user/ak2/db/roda/taxo.k2d (179150665 bytes)
ak2: [2026-10-08T02:17:01Z] RODA hash.k2d etag=f80959f9556b50d76b3e744afdd3b22a-8860 size=1189091671800
ak2: [2026-10-08T02:17:03Z] staged s3://aws-kraken2-942542972736-us-west-2/aws-kraken2/data/cohort/SRR5935740_1.fastq.gz -> /home/ec2-user/ak2/cohort/SRR5935740_1.fastq.gz (495118282 bytes)
ak2: [2026-10-08T02:17:05Z] staged s3://aws-kraken2-942542972736-us-west-2/aws-kraken2/data/cohort/SRR5935740_2.fastq.gz -> /home/ec2-user/ak2/cohort/SRR5935740_2.fastq.gz (502062672 bytes)
ak2: [2026-10-08T02:17:07Z] staged s3://aws-kraken2-942542972736-us-west-2/aws-kraken2/data/cohort/SRR5935741_1.fastq.gz -> /home/ec2-user/ak2/cohort/SRR5935741_1.fastq.gz (837416271 bytes)
ak2: [2026-10-08T02:17:10Z] staged s3://aws-kraken2-942542972736-us-west-2/aws-kraken2/data/cohort/SRR5935741_2.fastq.gz -> /home/ec2-user/ak2/cohort/SRR5935741_2.fastq.gz (827325968 bytes)
ak2: [2026-10-08T02:17:12Z] staged s3://aws-kraken2-942542972736-us-west-2/aws-kraken2/data/cohort/SRR5935742_1.fastq.gz -> /home/ec2-user/ak2/cohort/SRR5935742_1.fastq.gz (575178581 bytes)
ak2: [2026-10-08T02:17:14Z] staged s3://aws-kraken2-942542972736-us-west-2/aws-kraken2/data/cohort/SRR5935742_2.fastq.gz -> /home/ec2-user/ak2/cohort/SRR5935742_2.fastq.gz (583688553 bytes)
ak2: [2026-10-08T02:17:15Z] staged s3://aws-kraken2-942542972736-us-west-2/aws-kraken2/data/cohort/SRR5935743_1.fastq.gz -> /home/ec2-user/ak2/cohort/SRR5935743_1.fastq.gz (8679627 bytes)
ak2: [2026-10-08T02:17:16Z] staged s3://aws-kraken2-942542972736-us-west-2/aws-kraken2/data/cohort/SRR5935743_2.fastq.gz -> /home/ec2-user/ak2/cohort/SRR5935743_2.fastq.gz (8611159 bytes)
ak2: [2026-10-08T02:17:18Z] staged s3://aws-kraken2-942542972736-us-west-2/aws-kraken2/data/cohort/SRR5935744_1.fastq.gz -> /home/ec2-user/ak2/cohort/SRR5935744_1.fastq.gz (745495793 bytes)
ak2: [2026-10-08T02:17:20Z] staged s3://aws-kraken2-942542972736-us-west-2/aws-kraken2/data/cohort/SRR5935744_2.fastq.gz -> /home/ec2-user/ak2/cohort/SRR5935744_2.fastq.gz (755587542 bytes)
ak2: [2026-10-08T02:17:22Z] staged s3://aws-kraken2-942542972736-us-west-2/aws-kraken2/data/cohort/SRR5935745_1.fastq.gz -> /home/ec2-user/ak2/cohort/SRR5935745_1.fastq.gz (520125014 bytes)
ak2: [2026-10-08T02:17:25Z] staged s3://aws-kraken2-942542972736-us-west-2/aws-kraken2/data/cohort/SRR5935745_2.fastq.gz -> /home/ec2-user/ak2/cohort/SRR5935745_2.fastq.gz (524678126 bytes)
ak2: [2026-10-08T02:17:27Z] staged s3://aws-kraken2-942542972736-us-west-2/aws-kraken2/data/cohort/SRR5935746_1.fastq.gz -> /home/ec2-user/ak2/cohort/SRR5935746_1.fastq.gz (524886352 bytes)
ak2: [2026-10-08T02:17:29Z] staged s3://aws-kraken2-942542972736-us-west-2/aws-kraken2/data/cohort/SRR5935746_2.fastq.gz -> /home/ec2-user/ak2/cohort/SRR5935746_2.fastq.gz (523074338 bytes)
ak2: [2026-10-08T02:17:30Z] staged s3://aws-kraken2-942542972736-us-west-2/aws-kraken2/data/cohort/SRR5935747_1.fastq.gz -> /home/ec2-user/ak2/cohort/SRR5935747_1.fastq.gz (145394201 bytes)
ak2: [2026-10-08T02:17:31Z] staged s3://aws-kraken2-942542972736-us-west-2/aws-kraken2/data/cohort/SRR5935747_2.fastq.gz -> /home/ec2-user/ak2/cohort/SRR5935747_2.fastq.gz (147979881 bytes)
ak2: [2026-10-08T02:17:33Z] staged s3://aws-kraken2-942542972736-us-west-2/aws-kraken2/data/cohort/SRR5935748_1.fastq.gz -> /home/ec2-user/ak2/cohort/SRR5935748_1.fastq.gz (558312578 bytes)
ak2: [2026-10-08T02:17:35Z] staged s3://aws-kraken2-942542972736-us-west-2/aws-kraken2/data/cohort/SRR5935748_2.fastq.gz -> /home/ec2-user/ak2/cohort/SRR5935748_2.fastq.gz (574516567 bytes)
ak2: [2026-10-08T02:17:38Z] staged s3://aws-kraken2-942542972736-us-west-2/aws-kraken2/data/cohort/SRR5935749_1.fastq.gz -> /home/ec2-user/ak2/cohort/SRR5935749_1.fastq.gz (897225885 bytes)
ak2: [2026-10-08T02:17:41Z] staged s3://aws-kraken2-942542972736-us-west-2/aws-kraken2/data/cohort/SRR5935749_2.fastq.gz -> /home/ec2-user/ak2/cohort/SRR5935749_2.fastq.gz (893278004 bytes)
ak2: [2026-10-08T02:17:42Z] cohort samples staged and verified: SRR5935740 SRR5935741 SRR5935742 SRR5935743 SRR5935744 SRR5935745 SRR5935746 SRR5935747 SRR5935748 SRR5935749
ak2: [2026-10-08T02:17:43Z] pushed out/rank5/c10.tsv
ak2: [2026-10-08T02:17:43Z] manifest c1-parallel.tsv: cohort: 1 samples in 1 batches check
ak2: [2026-10-08T02:17:43Z] manifest c10.tsv: cohort: 50 samples in 5 batches check
ak2-phase	2026-10-08T02:17:43Z	1791425863	inv-c1-striped-sdk	no
ak2: [2026-10-08T02:19:20Z] inv c1-striped-sdk rank 5 exit 0
[c1-striped-sdk stderr] Loading database information...ak2-timing	opts	0.000033	0.000024	4	0	0.000031	0.000000
[c1-striped-sdk stderr]  done.
ak2: [2026-10-08T02:19:21Z] pushed out/rank5/eng-c1-striped-sdk.stderr
ak2-phase	2026-10-08T02:19:21Z	1791425961	inv-c1-striped-cli	no
ak2: [2026-10-08T02:21:02Z] inv c1-striped-cli rank 5 exit 0
[c1-striped-cli stderr] Loading database information...ak2-timing	opts	0.000038	0.000026	3	0	0.000026	0.000000
[c1-striped-cli stderr]  done.
ak2: [2026-10-08T02:21:03Z] pushed out/rank5/eng-c1-striped-cli.stderr
ak2-phase	2026-10-08T02:21:03Z	1791426063	inv-c1-parallel-sdk	no
ak2: [2026-10-08T02:22:35Z] inv c1-parallel-sdk rank 5 exit 0
[c1-parallel-sdk stderr] Loading database information...ak2-timing	opts	0.000083	0.000010	3	0	0.000010	0.000000
[c1-parallel-sdk stderr]  done.
ak2: [2026-10-08T02:22:36Z] pushed out/rank5/eng-c1-parallel-sdk.stderr
ak2-phase	2026-10-08T02:22:36Z	1791426156	inv-c10	no
ak2: [2026-10-08T02:27:01Z] inv c10 rank 5 exit 0
[c10 stderr] Loading database information...ak2-timing	opts	0.000443	0.000011	3	0	0.000000	0.000011
[c10 stderr]  done.
ak2: [2026-10-08T02:27:02Z] pushed out/rank5/eng-c10.stderr
ak2: [2026-10-08T02:27:02Z] rank 5 done (failed=0)
ak2: [2026-10-08T02:27:02Z] spec body exit rc=0
ak2-phase	2026-10-08T02:27:02Z	1791426422	end	no
