spawn: shell options for --command: $-=ehB
spawn: errexit is ON. set -uo pipefail does NOT clear it; use set +e to opt out.
spawn: [2026-10-06T21:04:53Z] wrapper start
spawn: [2026-10-06T21:04:53Z] stage-in start
spawn: [2026-10-06T21:04:53Z] stage-in done rc=0
spawn: [2026-10-06T21:04:53Z] command start
ak2-stub: inherited $-=hBc
ak2-stub: imds region=us-west-2 expected=us-west-2 payload bucket cookbook-942542972736-us-west-2 region=us-west-2
ak2-stub: payload verified (sha256 716585b8239785f28598e5a4bcbf1ca3be8df8f3b0d0a35f1351bc5a066832bf); exec
ak2: log tee up
ak2-phase	2026-10-06T21:04:53Z	1791320693	preamble	no
ak2: [2026-10-06T21:04:53Z] inherited $-=hBc (stub, as spawn started it: $-=hBc)
ak2: [2026-10-06T21:04:53Z] after set +e $-=hBc
ak2: [2026-10-06T21:04:53Z] gate=g2 run=20261006-210414-2058d42
ak2: [2026-10-06T21:04:53Z] aws shim installed and self-tested (/tmp/ak2-bin/aws -> /usr/bin/aws)
ak2: [2026-10-06T21:04:53Z] imds region=us-west-2 az=us-west-2b instance=i-0985c69f9d15b9169 type=r8gd.48xlarge ami=ami-09325776a00699513
ak2: [2026-10-06T21:04:53Z] bucket cookbook-942542972736-us-west-2 region=us-west-2
ak2: [2026-10-06T21:04:54Z] bucket cookbook-942542972736-us-west-2 payer=UNKNOWN
ak2: [2026-10-06T21:04:54Z] WARN: could not read Payer of cookbook-942542972736-us-west-2 from the instance (launch host verified it)
ak2: [2026-10-06T21:04:54Z] bucket kraken2-ncbi-refseq-complete-v205 region=us-west-2
ak2: [2026-10-06T21:04:54Z] bucket kraken2-ncbi-refseq-complete-v205 payer=BucketOwner
ak2: [2026-10-06T21:04:54Z] region assert passed
ak2: [2026-10-06T21:04:55Z] drop_caches_ok=true
ak2: [2026-10-06T21:04:55Z] preamble done; spec body starts
ak2-phase	2026-10-06T21:04:55Z	1791320695	body	no
ak2-phase	2026-10-06T21:04:55Z	1791320695	setup	no
ak2: [2026-10-06T21:05:28Z] perf perf version 6.1.188-233.386.amzn2023.aarch64; events usable: task-clock,context-switches,cpu-migrations,page-faults,major-faults,minor-faults,cycles,instructions,dTLB-loads,dTLB-load-misses,dtlb_walk,stall_backend,syscalls:sys_enter_futex
ak2: [2026-10-06T21:05:28Z] host: 192 CPUs; 1557294648 kB; kernel 6.18.51-120.163.amzn2023.aarch64
ak2: [2026-10-06T21:05:28Z] thp enabled=[always [madvise] never] defrag=[always defer defer+madvise [madvise] never] shmem_enabled=[always within_size advise [never] deny force]
ak2: [2026-10-06T21:05:28Z] lscpu: Core(s) per socket: 96;Socket(s): 2;NUMA node(s): 2;
ak2: [2026-10-06T21:05:28Z] numa: available: 2 nodes (0-1);node 0 size: 761855 MB;node 1 size: 758940 MB;
ak2: [2026-10-06T21:05:28Z] disks: nvme2n1   40G Amazon Elastic Block Store       vol03cc05fdf3da91c2a;nvme4n1  1.7T Amazon EC2 NVMe Instance Storage AWS85C587D96C7614897;nvme6n1  1.7T Amazon EC2 NVMe Instance Storage AWS22FE6E0A47A7CF371;nvme1n1  1.7T Amazon EC2 NVMe Instance Storage AWSA66370B90A29CBF6C;nvme0n1  1.7T Amazon EC2 NVMe Instance Storage AWS14E84F266C5987719;nvme3n1  1.7T Amazon EC2 NVMe Instance Storage AWS64AEA62AF77BB8CFF;nvme5n1  1.7T Amazon EC2 NVMe Instance Storage AWS43DFB92C97F9691A0;
log stripe unit (524288 bytes) is too large (maximum is 256KiB)
log stripe unit adjusted to 32KiB
ak2: [2026-10-06T21:05:33Z] storage: instance-store NVMe 6x ( 1.7T Amazon EC2 NVMe Instance Storage) mdadm RAID0 chunk 512K as md0; xfs noatime at /mnt/nvme; read_ahead_kb: md0=6144KiB nvme4n1=128KiB nvme6n1=128KiB nvme1n1=128KiB nvme0n1=128KiB nvme3n1=128KiB nvme5n1=128KiB; scheduler: md0= nvme4n1=[none]mq-deadlinekyberbfq nvme6n1=[none]mq-deadlinekyberbfq nvme1n1=[none]mq-deadlinekyberbfq nvme0n1=[none]mq-deadlinekyberbfq nvme3n1=[none]mq-deadlinekyberbfq nvme5n1=[none]mq-deadlinekyberbfq
ak2-phase	2026-10-06T21:05:33Z	1791320733	fetch-reads	no
ak2: [2026-10-06T21:05:33Z] staged s3://cookbook-942542972736-us-west-2/aws-kraken2/data/reads/SRR062634_8000000.SOURCE -> /mnt/nvme/reads/SRR062634_8000000.SOURCE (403 bytes)
ak2: [2026-10-06T21:05:39Z] staged s3://cookbook-942542972736-us-west-2/aws-kraken2/data/reads/SRR062634_8000000_1.fq -> /mnt/nvme/reads/SRR062634_8000000_1.fq (2093755239 bytes)
ak2: [2026-10-06T21:05:47Z] staged s3://cookbook-942542972736-us-west-2/aws-kraken2/data/reads/SRR062634_8000000_2.fq -> /mnt/nvme/reads/SRR062634_8000000_2.fq (2093755239 bytes)
ak2: [2026-10-06T21:05:51Z] staged s3://cookbook-942542972736-us-west-2/aws-kraken2/data/reads/SRR062634_8000000_1.fq.gz -> /mnt/nvme/reads/SRR062634_8000000_1.fq.gz (630707754 bytes)
ak2: [2026-10-06T21:05:54Z] staged s3://cookbook-942542972736-us-west-2/aws-kraken2/data/reads/SRR062634_8000000_2.fq.gz -> /mnt/nvme/reads/SRR062634_8000000_2.fq.gz (626133309 bytes)
ak2: [2026-10-06T21:06:19Z] reads SRR062634_8000000 verified against SOURCE
ak2: [2026-10-06T21:06:19Z] staged s3://cookbook-942542972736-us-west-2/aws-kraken2/data/reads/SRR062634_200000.SOURCE -> /mnt/nvme/reads/SRR062634_200000.SOURCE (400 bytes)
ak2: [2026-10-06T21:06:20Z] staged s3://cookbook-942542972736-us-west-2/aws-kraken2/data/reads/SRR062634_200000_1.fq -> /mnt/nvme/reads/SRR062634_200000_1.fq (51895574 bytes)
ak2: [2026-10-06T21:06:21Z] staged s3://cookbook-942542972736-us-west-2/aws-kraken2/data/reads/SRR062634_200000_2.fq -> /mnt/nvme/reads/SRR062634_200000_2.fq (51895574 bytes)
ak2: [2026-10-06T21:06:22Z] staged s3://cookbook-942542972736-us-west-2/aws-kraken2/data/reads/SRR062634_200000_1.fq.gz -> /mnt/nvme/reads/SRR062634_200000_1.fq.gz (15955195 bytes)
ak2: [2026-10-06T21:06:23Z] staged s3://cookbook-942542972736-us-west-2/aws-kraken2/data/reads/SRR062634_200000_2.fq.gz -> /mnt/nvme/reads/SRR062634_200000_2.fq.gz (15893511 bytes)
ak2: [2026-10-06T21:06:24Z] reads SRR062634_200000 verified against SOURCE
ak2: [2026-10-06T21:06:25Z] staged s3://cookbook-942542972736-us-west-2/aws-kraken2/data/reads/ERR478965_200000.SOURCE -> /mnt/nvme/reads/ERR478965_200000.SOURCE (400 bytes)
ak2: [2026-10-06T21:06:26Z] staged s3://cookbook-942542972736-us-west-2/aws-kraken2/data/reads/ERR478965_200000_1.fq -> /mnt/nvme/reads/ERR478965_200000_1.fq (47238491 bytes)
ak2: [2026-10-06T21:06:27Z] staged s3://cookbook-942542972736-us-west-2/aws-kraken2/data/reads/ERR478965_200000_2.fq -> /mnt/nvme/reads/ERR478965_200000_2.fq (47075003 bytes)
ak2: [2026-10-06T21:06:28Z] staged s3://cookbook-942542972736-us-west-2/aws-kraken2/data/reads/ERR478965_200000_1.fq.gz -> /mnt/nvme/reads/ERR478965_200000_1.fq.gz (13868909 bytes)
ak2: [2026-10-06T21:06:29Z] staged s3://cookbook-942542972736-us-west-2/aws-kraken2/data/reads/ERR478965_200000_2.fq.gz -> /mnt/nvme/reads/ERR478965_200000_2.fq.gz (13801673 bytes)
ak2: [2026-10-06T21:06:30Z] reads ERR478965_200000 verified against SOURCE
ak2: [2026-10-06T21:06:30Z] staged s3://cookbook-942542972736-us-west-2/aws-kraken2/data/reads/ERR598966_200000.SOURCE -> /mnt/nvme/reads/ERR598966_200000.SOURCE (400 bytes)
ak2: [2026-10-06T21:06:32Z] staged s3://cookbook-942542972736-us-west-2/aws-kraken2/data/reads/ERR598966_200000_1.fq -> /mnt/nvme/reads/ERR598966_200000_1.fq (51418954 bytes)
ak2: [2026-10-06T21:06:33Z] staged s3://cookbook-942542972736-us-west-2/aws-kraken2/data/reads/ERR598966_200000_2.fq -> /mnt/nvme/reads/ERR598966_200000_2.fq (51400840 bytes)
ak2: [2026-10-06T21:06:34Z] staged s3://cookbook-942542972736-us-west-2/aws-kraken2/data/reads/ERR598966_200000_1.fq.gz -> /mnt/nvme/reads/ERR598966_200000_1.fq.gz (14413175 bytes)
ak2: [2026-10-06T21:06:35Z] staged s3://cookbook-942542972736-us-west-2/aws-kraken2/data/reads/ERR598966_200000_2.fq.gz -> /mnt/nvme/reads/ERR598966_200000_2.fq.gz (14431235 bytes)
ak2: [2026-10-06T21:06:36Z] reads ERR598966_200000 verified against SOURCE
ak2: [2026-10-06T21:06:36Z] staged s3://cookbook-942542972736-us-west-2/aws-kraken2/data/reads/SRR28305653_200000.SOURCE -> /mnt/nvme/reads/SRR28305653_200000.SOURCE (422 bytes)
ak2: [2026-10-06T21:06:37Z] staged s3://cookbook-942542972736-us-west-2/aws-kraken2/data/reads/SRR28305653_200000_1.fq -> /mnt/nvme/reads/SRR28305653_200000_1.fq (72980506 bytes)
ak2: [2026-10-06T21:06:39Z] staged s3://cookbook-942542972736-us-west-2/aws-kraken2/data/reads/SRR28305653_200000_2.fq -> /mnt/nvme/reads/SRR28305653_200000_2.fq (72980506 bytes)
ak2: [2026-10-06T21:06:40Z] staged s3://cookbook-942542972736-us-west-2/aws-kraken2/data/reads/SRR28305653_200000_1.fq.gz -> /mnt/nvme/reads/SRR28305653_200000_1.fq.gz (9836969 bytes)
ak2: [2026-10-06T21:06:41Z] staged s3://cookbook-942542972736-us-west-2/aws-kraken2/data/reads/SRR28305653_200000_2.fq.gz -> /mnt/nvme/reads/SRR28305653_200000_2.fq.gz (10134869 bytes)
ak2: [2026-10-06T21:06:42Z] reads SRR28305653_200000 verified against SOURCE
ak2: [2026-10-06T21:06:52Z] gzip -dc rate: /mnt/nvme/reads/SRR062634_8000000_1.fq.gz -> 2093755239 bytes in 10.78 s (194.2 MB/s plain out)
ak2-phase	2026-10-06T21:06:52Z	1791320812	fetch-db	no
ak2: [2026-10-06T21:06:53Z] aws: aws-cli/2.36.47 Python/3.9.25 Linux/6.18.51-120.163.amzn2023.aarch64 source/aarch64.amzn.2023; s3 transfer client crt, target_bandwidth 50Gb/s, 64 MB parts
ak2: [2026-10-06T21:06:54Z] staged opts.k2d bytes=56 in 0.6 s (0.000 GB/s)
ak2: [2026-10-06T21:06:54Z] etag opts.k2d: {"ok": true, "file": "/mnt/nvme/db/RefSeqCompleteV205/opts.k2d", "size": 56, "etag": "24fb1753eb45d74643ef13f16562df6b", "computed": "24fb1753eb45d74643ef13f16562df6b", "part_bytes": 56, "parts": 1, "workers": 64, "seconds": 0.0, "read_gb_s": 0.0}
ak2: [2026-10-06T21:06:57Z] staged taxo.k2d bytes=179150665 in 3.0 s (0.059 GB/s)
ak2: [2026-10-06T21:06:57Z] etag taxo.k2d: {"ok": true, "file": "/mnt/nvme/db/RefSeqCompleteV205/taxo.k2d", "size": 179150665, "etag": "9ee988cb814f39881e29623b9c8007cd-22", "computed": "9ee988cb814f39881e29623b9c8007cd-22", "part_bytes": 8388608, "parts": 22, "workers": 64, "seconds": 0.039, "read_gb_s": 4.542}
ak2: [2026-10-06T21:15:20Z] staged hash.k2d bytes=1189091671800 in 503.1 s (2.364 GB/s)
ak2: [2026-10-06T21:15:54Z] etag hash.k2d: {"ok": true, "file": "/mnt/nvme/db/RefSeqCompleteV205/hash.k2d", "size": 1189091671800, "etag": "f80959f9556b50d76b3e744afdd3b22a-8860", "computed": "f80959f9556b50d76b3e744afdd3b22a-8860", "part_bytes": 134217728, "parts": 8860, "workers": 64, "seconds": 33.422, "read_gb_s": 35.578}
ak2: [2026-10-06T21:07:32Z] upstream: pin 2731b35f7abb26ec926517274f3d87e78d42fd76;describe 2.17.2-20-g2731b35;cxx g++ (g++ (GCC) 11.5.0 20240719 (Red Hat 11.5.0-5));version Kraken version 2.17.1;built 2026-10-06T21:07:13Z Linux aarch64;
ak2: [2026-10-06T21:07:32Z] madvrandom (diagnostic): pin 2731b35f7abb26ec926517274f3d87e78d42fd76;variant madvrandom (diagnostic; not the oracle or the baseline);patch upstream/madvrandom.patch;patch_sha256 b71f3a927c5b713a420cd0029c74c7ab7dc593739628623eae3a91ee1053efae;cxx g++ (g++ (GCC) 11.5.0 20240719 (Red Hat 11.5.0-5));version Kraken version 2.17.1;built 2026-10-06T21:07:32Z Linux aarch64;
g2: shell flags hBc
g2: plan=scripts/g2/ram-load.plan db=/mnt/nvme/db/RefSeqCompleteV205 ramdb= reads=/mnt/nvme/reads cold=true (ak2_drop_caches) thp=[always [madvise] never] defrag=[always defer defer+madvise [madvise] never] devs=md0,nvme4n1,nvme6n1,nvme1n1,nvme0n1,nvme3n1,nvme5n1
g2: results /home/ec2-user/ak2/repo/results/g2/g2-ram-load-20261006T211554Z
ak2: [2026-10-06T21:16:05Z] drop_caches done; next phase is cold
ak2-phase	2026-10-06T21:16:05Z	1791321365	g2-1-load-empty-cold-t64-r1	yes
g2: L9-run-load-empty-cold-t64-r1 {"exit":0,"timed_out":false,"wall_s":52.945495,"load_s":50.422885,"classify_s":0.009,"offcpu_frac":0.9399,"ipc":4.2391,"aqu":0.0,"majflt":110}
ak2: [2026-10-06T21:17:00Z] drop_caches done; next phase is cold
ak2-phase	2026-10-06T21:17:00Z	1791321420	g2-2-load-empty-cold-t64-r2	yes
g2: L9-run-load-empty-cold-t64-r2 {"exit":0,"timed_out":false,"wall_s":53.06927,"load_s":50.389136,"classify_s":0.008,"offcpu_frac":0.9323,"ipc":4.3875,"aqu":0.0,"majflt":102}
ak2-phase	2026-10-06T21:17:54Z	1791321474	g2-3-load-empty-warm-t64-r1	no
g2: L10-run-load-empty-warm-t64-r1 {"exit":0,"timed_out":false,"wall_s":52.648411,"load_s":49.939312,"classify_s":0.01,"offcpu_frac":0.9238,"ipc":4.2914,"aqu":0.0,"majflt":66}
g2: plan line 11: classifier env for the following lines: 'K2_DB_READ_THREADS=32'
ak2: [2026-10-06T21:18:48Z] drop_caches done; next phase is cold
ak2-phase	2026-10-06T21:18:48Z	1791321528	g2-4-load-empty-cold-t64-r1	yes
g2: L12-run-load-empty-cold-t64-r1 {"exit":0,"timed_out":false,"wall_s":53.151922,"load_s":50.357944,"classify_s":0.008,"offcpu_frac":0.8922,"ipc":4.0613,"aqu":0.0,"majflt":102}
g2: plan line 13: classifier env for the following lines: 'K2_DB_READ_THREADS=96'
ak2: [2026-10-06T21:19:43Z] drop_caches done; next phase is cold
ak2-phase	2026-10-06T21:19:43Z	1791321583	g2-5-load-empty-cold-t64-r1	yes
g2: L14-run-load-empty-cold-t64-r1 {"exit":0,"timed_out":false,"wall_s":53.333016,"load_s":50.478824,"classify_s":0.006,"offcpu_frac":0.9366,"ipc":4.086,"aqu":0.0,"majflt":108}
g2: plan line 15: classifier env for the following lines: ''
ak2: [2026-10-06T21:20:38Z] drop_caches done; next phase is cold
ak2-phase	2026-10-06T21:20:38Z	1791321638	g2-6-load-SRR062634_8000000-gz-cold-t64-r1	yes
g2: L16-run-load-SRR062634_8000000-gz-cold-t64-r1 {"exit":0,"timed_out":false,"wall_s":75.6728,"load_s":50.340748,"classify_s":22.317,"offcpu_frac":0.9228,"ipc":2.5622,"aqu":0.043,"majflt":112}
ak2-phase	2026-10-06T21:21:55Z	1791321715	g2-7-load-SRR062634_8000000-gz-warm-t64-r1	no
g2: L17-run-load-SRR062634_8000000-gz-warm-t64-r1 {"exit":0,"timed_out":false,"wall_s":74.358665,"load_s":49.090872,"classify_s":22.34,"offcpu_frac":0.922,"ipc":2.5342,"aqu":0.049,"majflt":65}
ak2-phase	2026-10-06T21:23:11Z	1791321791	g2-8-load-SRR062634_8000000-fq-warm-t64-r1	no
g2: L19-run-load-SRR062634_8000000-fq-warm-t64-r1 {"exit":0,"timed_out":false,"wall_s":53.963419,"load_s":49.14526,"classify_s":1.826,"offcpu_frac":0.3198,"ipc":2.7947,"aqu":3.245,"majflt":71}
ak2-phase	2026-10-06T21:24:06Z	1791321846	g2-9-load-SRR062634_8000000-gz-warm-t8-r1	no
g2: L20-run-load-SRR062634_8000000-gz-warm-t8-r1 {"exit":0,"timed_out":false,"wall_s":71.514111,"load_s":46.380978,"classify_s":22.194,"offcpu_frac":0.3806,"ipc":2.5592,"aqu":0.164,"majflt":70}
g2: 9 rungs, 0 skipped, 0 failures; /home/ec2-user/ak2/repo/results/g2/g2-ram-load-20261006T211554Z
ak2: [2026-10-06T21:25:25Z] g2 ram-load rc=0
ak2-phase	2026-10-06T21:25:25Z	1791321925	ramdb	no
ak2: [2026-10-06T21:28:08Z] etag tmpfs hash.k2d: {"ok": true, "file": "/mnt/ram/hash.k2d", "size": 1189091671800, "etag": "f80959f9556b50d76b3e744afdd3b22a-8860", "computed": "f80959f9556b50d76b3e744afdd3b22a-8860", "part_bytes": 134217728, "parts": 8860, "workers": 64, "seconds": 32.744, "read_gb_s": 36.315}
ak2: [2026-10-06T21:28:08Z] ramdb: /mnt/ram (tmpfs 1.2T 1.1T 43G 97% /mnt/ram); copy 130.5 s; ShmemHugePages 643706880 kB
ak2: [2026-10-06T21:28:08Z] numastat: MemFree 3211.72 2033.55 5245.28;Shmem 503643.51 630539.39 1134182.90;ShmemHugePages 0.00 628620.00 628620.00;
g2: shell flags hBc
g2: plan=scripts/g2/ram.plan db=/mnt/nvme/db/RefSeqCompleteV205 ramdb=/mnt/ram reads=/mnt/nvme/reads cold=true (ak2_drop_caches) thp=[always [madvise] never] defrag=[always defer defer+madvise [madvise] never] devs=md0,nvme4n1,nvme6n1,nvme1n1,nvme0n1,nvme3n1,nvme5n1
g2: results /home/ec2-user/ak2/repo/results/g2/g2-ram-20261006T212808Z
ak2-phase	2026-10-06T21:28:17Z	1791322097	g2-1-ram-SRR062634_8000000-gz-warm-t192-r1	no
g2: L10-run-ram-SRR062634_8000000-gz-warm-t192-r1 {"exit":0,"timed_out":false,"wall_s":26.763514,"load_s":0.237085,"classify_s":22.526,"offcpu_frac":0.9718,"ipc":2.3502,"aqu":0.0,"majflt":68}
ak2-phase	2026-10-06T21:28:45Z	1791322125	g2-2-ram-SRR062634_8000000-gz-warm-t128-r1	no
g2: L10-run-ram-SRR062634_8000000-gz-warm-t128-r1 {"exit":0,"timed_out":false,"wall_s":26.332636,"load_s":0.147192,"classify_s":22.319,"offcpu_frac":0.9566,"ipc":2.3012,"aqu":0.0,"majflt":0}
ak2-phase	2026-10-06T21:29:13Z	1791322153	g2-3-ram-SRR062634_8000000-gz-warm-t96-r1	no
g2: L10-run-ram-SRR062634_8000000-gz-warm-t96-r1 {"exit":0,"timed_out":false,"wall_s":25.314928,"load_s":0.139622,"classify_s":22.223,"offcpu_frac":0.9425,"ipc":2.3298,"aqu":0.0,"majflt":0}
ak2-phase	2026-10-06T21:29:39Z	1791322179	g2-4-ram-SRR062634_8000000-gz-warm-t64-r1	no
g2: L10-run-ram-SRR062634_8000000-gz-warm-t64-r1 {"exit":0,"timed_out":false,"wall_s":25.5518,"load_s":0.156573,"classify_s":22.326,"offcpu_frac":0.9136,"ipc":2.3075,"aqu":0.0,"majflt":0}
ak2-phase	2026-10-06T21:30:06Z	1791322206	g2-5-ram-SRR062634_8000000-gz-warm-t48-r1	no
g2: L10-run-ram-SRR062634_8000000-gz-warm-t48-r1 {"exit":0,"timed_out":false,"wall_s":25.603207,"load_s":0.137774,"classify_s":22.296,"offcpu_frac":0.8848,"ipc":2.3054,"aqu":0.0,"majflt":0}
ak2-phase	2026-10-06T21:30:33Z	1791322233	g2-6-ram-SRR062634_8000000-gz-warm-t32-r1	no
g2: L10-run-ram-SRR062634_8000000-gz-warm-t32-r1 {"exit":0,"timed_out":false,"wall_s":26.358927,"load_s":0.113648,"classify_s":22.292,"offcpu_frac":0.8275,"ipc":2.3041,"aqu":0.0,"majflt":0}
ak2-phase	2026-10-06T21:31:01Z	1791322261	g2-7-ram-SRR062634_8000000-gz-warm-t24-r1	no
g2: L10-run-ram-SRR062634_8000000-gz-warm-t24-r1 {"exit":0,"timed_out":false,"wall_s":26.556496,"load_s":0.171487,"classify_s":22.385,"offcpu_frac":0.7769,"ipc":2.372,"aqu":0.0,"majflt":0}
ak2-phase	2026-10-06T21:31:29Z	1791322289	g2-8-ram-SRR062634_8000000-gz-warm-t16-r1	no
g2: L10-run-ram-SRR062634_8000000-gz-warm-t16-r1 {"exit":0,"timed_out":false,"wall_s":26.252308,"load_s":0.136954,"classify_s":22.352,"offcpu_frac":0.6568,"ipc":2.3112,"aqu":0.0,"majflt":0}
ak2-phase	2026-10-06T21:31:57Z	1791322317	g2-9-ram-SRR062634_8000000-gz-warm-t12-r1	no
g2: L10-run-ram-SRR062634_8000000-gz-warm-t12-r1 {"exit":0,"timed_out":false,"wall_s":25.58845,"load_s":0.163208,"classify_s":22.292,"offcpu_frac":0.5486,"ipc":2.3488,"aqu":0.0,"majflt":0}
ak2-phase	2026-10-06T21:32:24Z	1791322344	g2-10-ram-SRR062634_8000000-gz-warm-t8-r1	no
g2: L10-run-ram-SRR062634_8000000-gz-warm-t8-r1 {"exit":0,"timed_out":false,"wall_s":25.755321,"load_s":0.100155,"classify_s":22.644,"offcpu_frac":0.3283,"ipc":2.3333,"aqu":0.0,"majflt":0}
ak2-phase	2026-10-06T21:32:51Z	1791322371	g2-11-ram-SRR062634_8000000-gz-warm-t4-r1	no
g2: L10-run-ram-SRR062634_8000000-gz-warm-t4-r1 {"exit":0,"timed_out":false,"wall_s":33.048263,"load_s":0.093886,"classify_s":29.987,"offcpu_frac":-0.0372,"ipc":2.2871,"aqu":0.0,"majflt":0}
ak2-phase	2026-10-06T21:33:25Z	1791322405	g2-12-ram-SRR062634_8000000-gz-warm-t2-r1	no
g2: L10-run-ram-SRR062634_8000000-gz-warm-t2-r1 {"exit":0,"timed_out":false,"wall_s":59.705371,"load_s":0.150368,"classify_s":56.782,"offcpu_frac":-0.0761,"ipc":2.3284,"aqu":0.01,"majflt":0}
ak2-phase	2026-10-06T21:34:26Z	1791322466	g2-13-ram-SRR062634_8000000-gz-warm-t1-r1	no
g2: L10-run-ram-SRR062634_8000000-gz-warm-t1-r1 {"exit":0,"timed_out":false,"wall_s":110.518538,"load_s":0.113692,"classify_s":107.058,"offcpu_frac":-0.0812,"ipc":2.4425,"aqu":0.011,"majflt":0}
ak2-phase	2026-10-06T21:36:18Z	1791322578	g2-14-ram-SRR062634_8000000-fq-warm-t192-r1	no
g2: L11-run-ram-SRR062634_8000000-fq-warm-t192-r1 {"exit":0,"timed_out":false,"wall_s":5.804538,"load_s":0.178047,"classify_s":2.456,"offcpu_frac":0.8016,"ipc":2.4549,"aqu":0.0,"majflt":0}
ak2-phase	2026-10-06T21:36:25Z	1791322585	g2-15-ram-SRR062634_8000000-fq-warm-t128-r1	no
g2: L11-run-ram-SRR062634_8000000-fq-warm-t128-r1 {"exit":0,"timed_out":false,"wall_s":5.414015,"load_s":0.17775,"classify_s":2.088,"offcpu_frac":0.6626,"ipc":2.5224,"aqu":0.0,"majflt":0}
ak2-phase	2026-10-06T21:36:32Z	1791322592	g2-16-ram-SRR062634_8000000-fq-warm-t96-r1	no
g2: L11-run-ram-SRR062634_8000000-fq-warm-t96-r1 {"exit":0,"timed_out":false,"wall_s":6.001518,"load_s":0.175143,"classify_s":1.969,"offcpu_frac":0.5228,"ipc":2.5072,"aqu":0.0,"majflt":0}
ak2-phase	2026-10-06T21:36:40Z	1791322600	g2-17-ram-SRR062634_8000000-fq-warm-t64-r1	no
g2: L11-run-ram-SRR062634_8000000-fq-warm-t64-r1 {"exit":0,"timed_out":false,"wall_s":5.204321,"load_s":0.148103,"classify_s":1.917,"offcpu_frac":0.2823,"ipc":2.5645,"aqu":0.0,"majflt":0}
ak2-phase	2026-10-06T21:36:46Z	1791322606	g2-18-ram-SRR062634_8000000-fq-warm-t48-r1	no
g2: L11-run-ram-SRR062634_8000000-fq-warm-t48-r1 {"exit":0,"timed_out":false,"wall_s":6.520278,"load_s":0.173808,"classify_s":2.412,"offcpu_frac":0.2174,"ipc":2.4842,"aqu":0.0,"majflt":0}
ak2-phase	2026-10-06T21:36:54Z	1791322614	g2-19-ram-SRR062634_8000000-fq-warm-t32-r1	no
g2: L11-run-ram-SRR062634_8000000-fq-warm-t32-r1 {"exit":0,"timed_out":false,"wall_s":6.535739,"load_s":0.129781,"classify_s":3.253,"offcpu_frac":0.1308,"ipc":2.4977,"aqu":0.0,"majflt":0}
ak2-phase	2026-10-06T21:37:02Z	1791322622	g2-20-ram-SRR062634_8000000-fq-warm-t24-r1	no
g2: L11-run-ram-SRR062634_8000000-fq-warm-t24-r1 {"exit":0,"timed_out":false,"wall_s":8.148473,"load_s":0.21198,"classify_s":4.017,"offcpu_frac":0.0837,"ipc":2.541,"aqu":0.0,"majflt":0}
ak2-phase	2026-10-06T21:37:12Z	1791322632	g2-21-ram-SRR062634_8000000-fq-warm-t16-r1	no
g2: L11-run-ram-SRR062634_8000000-fq-warm-t16-r1 {"exit":0,"timed_out":false,"wall_s":9.744457,"load_s":0.118142,"classify_s":5.842,"offcpu_frac":0.0356,"ipc":2.4903,"aqu":0.0,"majflt":0}
ak2-phase	2026-10-06T21:37:23Z	1791322643	g2-22-ram-SRR062634_8000000-fq-warm-t12-r1	no
g2: L11-run-ram-SRR062634_8000000-fq-warm-t12-r1 {"exit":0,"timed_out":false,"wall_s":11.624706,"load_s":0.148327,"classify_s":7.791,"offcpu_frac":0.0349,"ipc":2.4881,"aqu":0.0,"majflt":0}
ak2-phase	2026-10-06T21:37:36Z	1791322656	g2-23-ram-SRR062634_8000000-fq-warm-t8-r1	no
g2: L11-run-ram-SRR062634_8000000-fq-warm-t8-r1 {"exit":0,"timed_out":false,"wall_s":15.73706,"load_s":0.120415,"classify_s":11.796,"offcpu_frac":0.0192,"ipc":2.4308,"aqu":0.0,"majflt":0}
ak2-phase	2026-10-06T21:37:53Z	1791322673	g2-24-ram-SRR062634_8000000-fq-warm-t4-r1	no
g2: L11-run-ram-SRR062634_8000000-fq-warm-t4-r1 {"exit":0,"timed_out":false,"wall_s":26.258508,"load_s":0.122317,"classify_s":23.031,"offcpu_frac":0.0046,"ipc":2.4602,"aqu":0.0,"majflt":0}
ak2-phase	2026-10-06T21:38:21Z	1791322701	g2-25-ram-SRR062634_8000000-fq-warm-t2-r1	no
g2: L11-run-ram-SRR062634_8000000-fq-warm-t2-r1 {"exit":0,"timed_out":false,"wall_s":50.469139,"load_s":0.162797,"classify_s":46.812,"offcpu_frac":0.0013,"ipc":2.4146,"aqu":0.018,"majflt":0}
ak2-phase	2026-10-06T21:39:13Z	1791322753	g2-26-ram-SRR062634_8000000-fq-warm-t1-r1	no
g2: L11-run-ram-SRR062634_8000000-fq-warm-t1-r1 {"exit":0,"timed_out":false,"wall_s":85.776649,"load_s":0.130188,"classify_s":83.053,"offcpu_frac":0.0001,"ipc":2.6911,"aqu":0.007,"majflt":0}
ak2-phase	2026-10-06T21:40:40Z	1791322840	g2-27-ram-SRR062634_200000-gz-warm-t64-r1	no
g2: L12-run-ram-SRR062634_200000-gz-warm-t64-r1 {"exit":0,"timed_out":false,"wall_s":3.936854,"load_s":0.12196,"classify_s":1.219,"offcpu_frac":0.9207,"ipc":1.6481,"aqu":0.0,"majflt":0}
ak2-phase	2026-10-06T21:40:45Z	1791322845	g2-28-ram-SRR062634_200000-gz-warm-t64-r2	no
g2: L12-run-ram-SRR062634_200000-gz-warm-t64-r2 {"exit":0,"timed_out":false,"wall_s":4.701472,"load_s":0.022867,"classify_s":1.245,"offcpu_frac":0.9196,"ipc":1.5928,"aqu":0.0,"majflt":0}
ak2-phase	2026-10-06T21:40:50Z	1791322850	g2-29-ram-ERR478965_200000-gz-warm-t64-r1	no
g2: L13-run-ram-ERR478965_200000-gz-warm-t64-r1 {"exit":0,"timed_out":false,"wall_s":4.00695,"load_s":0.022616,"classify_s":1.242,"offcpu_frac":0.9217,"ipc":1.3866,"aqu":0.0,"majflt":0}
ak2-phase	2026-10-06T21:40:54Z	1791322854	g2-30-ram-ERR478965_200000-gz-warm-t64-r2	no
g2: L13-run-ram-ERR478965_200000-gz-warm-t64-r2 {"exit":0,"timed_out":false,"wall_s":4.872223,"load_s":0.022264,"classify_s":1.24,"offcpu_frac":0.9223,"ipc":1.4073,"aqu":0.0,"majflt":0}
ak2-phase	2026-10-06T21:41:00Z	1791322860	g2-31-ram-ERR598966_200000-gz-warm-t64-r1	no
g2: L14-run-ram-ERR598966_200000-gz-warm-t64-r1 {"exit":0,"timed_out":false,"wall_s":4.081866,"load_s":0.023002,"classify_s":1.31,"offcpu_frac":0.9204,"ipc":1.2874,"aqu":0.0,"majflt":0}
ak2-phase	2026-10-06T21:41:05Z	1791322865	g2-32-ram-ERR598966_200000-gz-warm-t64-r2	no
g2: L14-run-ram-ERR598966_200000-gz-warm-t64-r2 {"exit":0,"timed_out":false,"wall_s":4.931341,"load_s":0.022518,"classify_s":1.321,"offcpu_frac":0.9165,"ipc":1.2151,"aqu":0.0,"majflt":0}
ak2-phase	2026-10-06T21:41:10Z	1791322870	g2-33-ram-SRR28305653_200000-gz-warm-t64-r1	no
g2: L15-run-ram-SRR28305653_200000-gz-warm-t64-r1 {"exit":0,"timed_out":false,"wall_s":4.786462,"load_s":0.022241,"classify_s":1.158,"offcpu_frac":0.8915,"ipc":1.6871,"aqu":0.0,"majflt":0}
ak2-phase	2026-10-06T21:41:16Z	1791322876	g2-34-ram-SRR28305653_200000-gz-warm-t64-r2	no
g2: L15-run-ram-SRR28305653_200000-gz-warm-t64-r2 {"exit":0,"timed_out":false,"wall_s":4.73575,"load_s":0.022188,"classify_s":1.174,"offcpu_frac":0.8919,"ipc":1.6743,"aqu":0.0,"majflt":0}
ak2-phase	2026-10-06T21:41:21Z	1791322881	g2-35-ram-SRR062634_8000000-gz-warm-t64-r1	no
g2: L16-profile-ram-SRR062634_8000000-gz-warm-t64-r1 profile written (150 lines)
ak2-phase	2026-10-06T21:41:50Z	1791322910	g2-36-ram-SRR062634_8000000-fq-warm-t64-r1	no
g2: L17-profile-ram-SRR062634_8000000-fq-warm-t64-r1 profile written (150 lines)
ak2-phase	2026-10-06T21:41:56Z	1791322916	g2-37-ram-SRR062634_8000000-fq-warm-t8-r1	no
g2: L18-profile-ram-SRR062634_8000000-fq-warm-t8-r1 profile written (150 lines)
ak2-phase	2026-10-06T21:42:13Z	1791322933	g2-38-ram-SRR062634_8000000-gz-warm-t192-r1	no
g2: L19-run-ram-SRR062634_8000000-gz-warm-t192-r1 {"exit":0,"timed_out":false,"wall_s":25.730181,"load_s":0.125152,"classify_s":22.391,"offcpu_frac":0.9709,"ipc":2.2976,"aqu":0.0,"majflt":0}
ak2-phase	2026-10-06T21:42:40Z	1791322960	g2-39-ram-SRR062634_8000000-gz-warm-t128-r1	no
g2: L19-run-ram-SRR062634_8000000-gz-warm-t128-r1 {"exit":0,"timed_out":false,"wall_s":25.747613,"load_s":0.182059,"classify_s":22.483,"offcpu_frac":0.9574,"ipc":2.3281,"aqu":0.0,"majflt":0}
ak2-phase	2026-10-06T21:43:08Z	1791322988	g2-40-ram-SRR062634_8000000-gz-warm-t96-r1	no
g2: L19-run-ram-SRR062634_8000000-gz-warm-t96-r1 {"exit":0,"timed_out":false,"wall_s":26.388461,"load_s":0.112917,"classify_s":22.396,"offcpu_frac":0.9433,"ipc":2.3361,"aqu":0.0,"majflt":0}
ak2-phase	2026-10-06T21:43:35Z	1791323015	g2-41-ram-SRR062634_8000000-gz-warm-t64-r1	no
g2: L19-run-ram-SRR062634_8000000-gz-warm-t64-r1 {"exit":0,"timed_out":false,"wall_s":25.507293,"load_s":0.142359,"classify_s":22.22,"offcpu_frac":0.9149,"ipc":2.3535,"aqu":0.0,"majflt":0}
ak2-phase	2026-10-06T21:44:02Z	1791323042	g2-42-ram-SRR062634_8000000-gz-warm-t48-r1	no
g2: L19-run-ram-SRR062634_8000000-gz-warm-t48-r1 {"exit":0,"timed_out":false,"wall_s":26.337665,"load_s":0.152242,"classify_s":22.282,"offcpu_frac":0.8849,"ipc":2.3188,"aqu":0.0,"majflt":0}
ak2-phase	2026-10-06T21:44:30Z	1791323070	g2-43-ram-SRR062634_8000000-gz-warm-t32-r1	no
g2: L19-run-ram-SRR062634_8000000-gz-warm-t32-r1 {"exit":0,"timed_out":false,"wall_s":26.39442,"load_s":0.159173,"classify_s":22.334,"offcpu_frac":0.8282,"ipc":2.3097,"aqu":0.0,"majflt":0}
ak2-phase	2026-10-06T21:44:58Z	1791323098	g2-44-ram-SRR062634_8000000-gz-warm-t24-r1	no
g2: L19-run-ram-SRR062634_8000000-gz-warm-t24-r1 {"exit":0,"timed_out":false,"wall_s":25.554002,"load_s":0.148593,"classify_s":22.305,"offcpu_frac":0.7706,"ipc":2.3093,"aqu":0.0,"majflt":0}
ak2-phase	2026-10-06T21:45:25Z	1791323125	g2-45-ram-SRR062634_8000000-gz-warm-t16-r1	no
g2: L19-run-ram-SRR062634_8000000-gz-warm-t16-r1 {"exit":0,"timed_out":false,"wall_s":26.435141,"load_s":0.139956,"classify_s":22.379,"offcpu_frac":0.6623,"ipc":2.3508,"aqu":0.0,"majflt":0}
ak2-phase	2026-10-06T21:45:53Z	1791323153	g2-46-ram-SRR062634_8000000-gz-warm-t12-r1	no
g2: L19-run-ram-SRR062634_8000000-gz-warm-t12-r1 {"exit":0,"timed_out":false,"wall_s":26.524249,"load_s":0.188999,"classify_s":22.473,"offcpu_frac":0.5487,"ipc":2.336,"aqu":0.0,"majflt":0}
ak2-phase	2026-10-06T21:46:21Z	1791323181	g2-47-ram-SRR062634_8000000-gz-warm-t8-r1	no
g2: L19-run-ram-SRR062634_8000000-gz-warm-t8-r1 {"exit":0,"timed_out":false,"wall_s":25.766309,"load_s":0.121069,"classify_s":22.657,"offcpu_frac":0.324,"ipc":2.3183,"aqu":0.0,"majflt":0}
ak2-phase	2026-10-06T21:46:48Z	1791323208	g2-48-ram-SRR062634_8000000-gz-warm-t4-r1	no
g2: L19-run-ram-SRR062634_8000000-gz-warm-t4-r1 {"exit":0,"timed_out":false,"wall_s":33.198151,"load_s":0.13264,"classify_s":29.947,"offcpu_frac":-0.0257,"ipc":2.3176,"aqu":0.0,"majflt":0}
ak2-phase	2026-10-06T21:47:23Z	1791323243	g2-49-ram-SRR062634_8000000-gz-warm-t2-r1	no
g2: L19-run-ram-SRR062634_8000000-gz-warm-t2-r1 {"exit":0,"timed_out":false,"wall_s":61.497389,"load_s":0.161792,"classify_s":57.726,"offcpu_frac":-0.0756,"ipc":2.289,"aqu":0.011,"majflt":0}
ak2-phase	2026-10-06T21:48:26Z	1791323306	g2-50-ram-SRR062634_8000000-gz-warm-t1-r1	no
g2: L19-run-ram-SRR062634_8000000-gz-warm-t1-r1 {"exit":0,"timed_out":false,"wall_s":106.996797,"load_s":0.162037,"classify_s":104.3,"offcpu_frac":-0.084,"ipc":2.5014,"aqu":0.011,"majflt":0}
ak2-phase	2026-10-06T21:50:14Z	1791323414	g2-51-ram-SRR062634_8000000-fq-warm-t192-r1	no
g2: L20-run-ram-SRR062634_8000000-fq-warm-t192-r1 {"exit":0,"timed_out":false,"wall_s":5.687392,"load_s":0.130983,"classify_s":2.544,"offcpu_frac":0.8114,"ipc":2.4738,"aqu":0.641,"majflt":0}
ak2-phase	2026-10-06T21:50:21Z	1791323421	g2-52-ram-SRR062634_8000000-fq-warm-t128-r1	no
g2: L20-run-ram-SRR062634_8000000-fq-warm-t128-r1 {"exit":0,"timed_out":false,"wall_s":6.188166,"load_s":0.201847,"classify_s":2.144,"offcpu_frac":0.6607,"ipc":2.4443,"aqu":0.0,"majflt":0}
ak2-phase	2026-10-06T21:50:29Z	1791323429	g2-53-ram-SRR062634_8000000-fq-warm-t96-r1	no
g2: L20-run-ram-SRR062634_8000000-fq-warm-t96-r1 {"exit":0,"timed_out":false,"wall_s":5.258369,"load_s":0.112134,"classify_s":1.968,"offcpu_frac":0.5084,"ipc":2.4595,"aqu":0.0,"majflt":0}
ak2-phase	2026-10-06T21:50:36Z	1791323436	g2-54-ram-SRR062634_8000000-fq-warm-t64-r1	no
g2: L20-run-ram-SRR062634_8000000-fq-warm-t64-r1 {"exit":0,"timed_out":false,"wall_s":5.998607,"load_s":0.111998,"classify_s":2.012,"offcpu_frac":0.2678,"ipc":2.4419,"aqu":0.0,"majflt":0}
ak2-phase	2026-10-06T21:50:43Z	1791323443	g2-55-ram-SRR062634_8000000-fq-warm-t48-r1	no
g2: L20-run-ram-SRR062634_8000000-fq-warm-t48-r1 {"exit":0,"timed_out":false,"wall_s":5.493291,"load_s":0.096866,"classify_s":2.315,"offcpu_frac":0.2111,"ipc":2.5721,"aqu":0.0,"majflt":0}
ak2-phase	2026-10-06T21:50:50Z	1791323450	g2-56-ram-SRR062634_8000000-fq-warm-t32-r1	no
g2: L20-run-ram-SRR062634_8000000-fq-warm-t32-r1 {"exit":0,"timed_out":false,"wall_s":6.472748,"load_s":0.136104,"classify_s":3.268,"offcpu_frac":0.1061,"ipc":2.4337,"aqu":0.0,"majflt":0}
ak2-phase	2026-10-06T21:50:58Z	1791323458	g2-57-ram-SRR062634_8000000-fq-warm-t24-r1	no
g2: L20-run-ram-SRR062634_8000000-fq-warm-t24-r1 {"exit":0,"timed_out":false,"wall_s":8.288366,"load_s":0.171881,"classify_s":4.259,"offcpu_frac":0.0898,"ipc":2.4404,"aqu":0.0,"majflt":0}
ak2-phase	2026-10-06T21:51:08Z	1791323468	g2-58-ram-SRR062634_8000000-fq-warm-t16-r1	no
g2: L20-run-ram-SRR062634_8000000-fq-warm-t16-r1 {"exit":0,"timed_out":false,"wall_s":9.631464,"load_s":0.164924,"classify_s":5.836,"offcpu_frac":0.0434,"ipc":2.5139,"aqu":0.0,"majflt":0}
ak2-phase	2026-10-06T21:51:19Z	1791323479	g2-59-ram-SRR062634_8000000-fq-warm-t12-r1	no
g2: L20-run-ram-SRR062634_8000000-fq-warm-t12-r1 {"exit":0,"timed_out":false,"wall_s":10.959098,"load_s":0.072771,"classify_s":7.881,"offcpu_frac":0.0306,"ipc":2.4481,"aqu":0.0,"majflt":0}
ak2-phase	2026-10-06T21:51:31Z	1791323491	g2-60-ram-SRR062634_8000000-fq-warm-t8-r1	no
g2: L20-run-ram-SRR062634_8000000-fq-warm-t8-r1 {"exit":0,"timed_out":false,"wall_s":15.856319,"load_s":0.179854,"classify_s":11.836,"offcpu_frac":0.0203,"ipc":2.426,"aqu":0.0,"majflt":0}
ak2-phase	2026-10-06T21:51:48Z	1791323508	g2-61-ram-SRR062634_8000000-fq-warm-t4-r1	no
g2: L20-run-ram-SRR062634_8000000-fq-warm-t4-r1 {"exit":0,"timed_out":false,"wall_s":26.178088,"load_s":0.111756,"classify_s":22.976,"offcpu_frac":0.0034,"ipc":2.4659,"aqu":0.0,"majflt":0}
ak2-phase	2026-10-06T21:52:16Z	1791323536	g2-62-ram-SRR062634_8000000-fq-warm-t2-r1	no
g2: L20-run-ram-SRR062634_8000000-fq-warm-t2-r1 {"exit":0,"timed_out":false,"wall_s":46.898144,"load_s":0.141521,"classify_s":43.338,"offcpu_frac":0.0016,"ipc":2.6076,"aqu":0.024,"majflt":0}
ak2-phase	2026-10-06T21:53:04Z	1791323584	g2-63-ram-SRR062634_8000000-fq-warm-t1-r1	no
g2: L20-run-ram-SRR062634_8000000-fq-warm-t1-r1 {"exit":0,"timed_out":false,"wall_s":86.250649,"load_s":0.134597,"classify_s":83.593,"offcpu_frac":0.0001,"ipc":2.6735,"aqu":0.009,"majflt":0}
ak2-phase	2026-10-06T21:54:32Z	1791323672	g2-64-ram-SRR062634_8000000-gz-warm-t192-r1	no
g2: L21-run-ram-SRR062634_8000000-gz-warm-t192-r1 {"exit":0,"timed_out":false,"wall_s":25.623623,"load_s":0.11907,"classify_s":22.372,"offcpu_frac":0.971,"ipc":2.3002,"aqu":0.0,"majflt":0}
ak2-phase	2026-10-06T21:54:59Z	1791323699	g2-65-ram-SRR062634_8000000-gz-warm-t128-r1	no
g2: L21-run-ram-SRR062634_8000000-gz-warm-t128-r1 {"exit":0,"timed_out":false,"wall_s":25.474284,"load_s":0.138974,"classify_s":22.264,"offcpu_frac":0.9567,"ipc":2.3139,"aqu":0.0,"majflt":0}
ak2-phase	2026-10-06T21:55:26Z	1791323726	g2-66-ram-SRR062634_8000000-gz-warm-t96-r1	no
g2: L21-run-ram-SRR062634_8000000-gz-warm-t96-r1 {"exit":0,"timed_out":false,"wall_s":26.269877,"load_s":0.144961,"classify_s":22.365,"offcpu_frac":0.9423,"ipc":2.3002,"aqu":0.0,"majflt":0}
ak2-phase	2026-10-06T21:55:54Z	1791323754	g2-67-ram-SRR062634_8000000-gz-warm-t64-r1	no
g2: L21-run-ram-SRR062634_8000000-gz-warm-t64-r1 {"exit":0,"timed_out":false,"wall_s":25.512122,"load_s":0.126784,"classify_s":22.274,"offcpu_frac":0.9148,"ipc":2.3458,"aqu":0.0,"majflt":0}
ak2-phase	2026-10-06T21:56:21Z	1791323781	g2-68-ram-SRR062634_8000000-gz-warm-t48-r1	no
g2: L21-run-ram-SRR062634_8000000-gz-warm-t48-r1 {"exit":0,"timed_out":false,"wall_s":25.677469,"load_s":0.172255,"classify_s":22.339,"offcpu_frac":0.8848,"ipc":2.3007,"aqu":0.0,"majflt":0}
ak2-phase	2026-10-06T21:56:48Z	1791323808	g2-69-ram-SRR062634_8000000-gz-warm-t32-r1	no
g2: L21-run-ram-SRR062634_8000000-gz-warm-t32-r1 {"exit":0,"timed_out":false,"wall_s":25.63599,"load_s":0.121046,"classify_s":22.316,"offcpu_frac":0.8318,"ipc":2.367,"aqu":0.0,"majflt":0}
ak2-phase	2026-10-06T21:57:15Z	1791323835	g2-70-ram-SRR062634_8000000-gz-warm-t24-r1	no
g2: L21-run-ram-SRR062634_8000000-gz-warm-t24-r1 {"exit":0,"timed_out":false,"wall_s":26.478437,"load_s":0.073426,"classify_s":22.416,"offcpu_frac":0.7705,"ipc":2.3014,"aqu":0.0,"majflt":0}
ak2-phase	2026-10-06T21:57:43Z	1791323863	g2-71-ram-SRR062634_8000000-gz-warm-t16-r1	no
g2: L21-run-ram-SRR062634_8000000-gz-warm-t16-r1 {"exit":0,"timed_out":false,"wall_s":25.522193,"load_s":0.107329,"classify_s":22.277,"offcpu_frac":0.6615,"ipc":2.352,"aqu":0.0,"majflt":0}
ak2-phase	2026-10-06T21:58:10Z	1791323890	g2-72-ram-SRR062634_8000000-gz-warm-t12-r1	no
g2: L21-run-ram-SRR062634_8000000-gz-warm-t12-r1 {"exit":0,"timed_out":false,"wall_s":25.580207,"load_s":0.264805,"classify_s":22.385,"offcpu_frac":0.5415,"ipc":2.3045,"aqu":0.0,"majflt":0}
ak2-phase	2026-10-06T21:58:37Z	1791323917	g2-73-ram-SRR062634_8000000-gz-warm-t8-r1	no
g2: L21-run-ram-SRR062634_8000000-gz-warm-t8-r1 {"exit":0,"timed_out":false,"wall_s":25.953603,"load_s":0.218698,"classify_s":22.792,"offcpu_frac":0.3258,"ipc":2.3108,"aqu":0.0,"majflt":0}
ak2-phase	2026-10-06T21:59:04Z	1791323944	g2-74-ram-SRR062634_8000000-gz-warm-t4-r1	no
g2: L21-run-ram-SRR062634_8000000-gz-warm-t4-r1 {"exit":0,"timed_out":false,"wall_s":33.807009,"load_s":0.121969,"classify_s":30.011,"offcpu_frac":-0.048,"ipc":2.2678,"aqu":0.0,"majflt":0}
ak2-phase	2026-10-06T21:59:39Z	1791323979	g2-75-ram-SRR062634_8000000-fq-warm-t192-r1	no
g2: L22-run-ram-SRR062634_8000000-fq-warm-t192-r1 {"exit":0,"timed_out":false,"wall_s":5.717585,"load_s":0.151455,"classify_s":2.47,"offcpu_frac":0.8069,"ipc":2.4956,"aqu":0.0,"majflt":0}
ak2-phase	2026-10-06T21:59:47Z	1791323987	g2-76-ram-SRR062634_8000000-fq-warm-t128-r1	no
g2: L22-run-ram-SRR062634_8000000-fq-warm-t128-r1 {"exit":0,"timed_out":false,"wall_s":6.210127,"load_s":0.073983,"classify_s":2.159,"offcpu_frac":0.6576,"ipc":2.4302,"aqu":0.0,"majflt":0}
ak2-phase	2026-10-06T21:59:54Z	1791323994	g2-77-ram-SRR062634_8000000-fq-warm-t96-r1	no
g2: L22-run-ram-SRR062634_8000000-fq-warm-t96-r1 {"exit":0,"timed_out":false,"wall_s":5.22679,"load_s":0.150663,"classify_s":1.919,"offcpu_frac":0.5273,"ipc":2.5988,"aqu":0.0,"majflt":0}
ak2-phase	2026-10-06T22:00:01Z	1791324001	g2-78-ram-SRR062634_8000000-fq-warm-t64-r1	no
g2: L22-run-ram-SRR062634_8000000-fq-warm-t64-r1 {"exit":0,"timed_out":false,"wall_s":5.023313,"load_s":0.086763,"classify_s":1.978,"offcpu_frac":0.2735,"ipc":2.4615,"aqu":0.0,"majflt":0}
ak2-phase	2026-10-06T22:00:07Z	1791324007	g2-79-ram-SRR062634_8000000-fq-warm-t48-r1	no
g2: L22-run-ram-SRR062634_8000000-fq-warm-t48-r1 {"exit":0,"timed_out":false,"wall_s":5.559427,"load_s":0.152904,"classify_s":2.42,"offcpu_frac":0.2137,"ipc":2.4672,"aqu":0.0,"majflt":0}
ak2-phase	2026-10-06T22:00:14Z	1791324014	g2-80-ram-SRR062634_8000000-fq-warm-t32-r1	no
g2: L22-run-ram-SRR062634_8000000-fq-warm-t32-r1 {"exit":0,"timed_out":false,"wall_s":6.366803,"load_s":0.110604,"classify_s":3.091,"offcpu_frac":0.1035,"ipc":2.5376,"aqu":0.0,"majflt":0}
ak2-phase	2026-10-06T22:00:22Z	1791324022	g2-81-ram-SRR062634_8000000-fq-warm-t24-r1	no
g2: L22-run-ram-SRR062634_8000000-fq-warm-t24-r1 {"exit":0,"timed_out":false,"wall_s":7.072192,"load_s":0.135979,"classify_s":4.028,"offcpu_frac":0.0814,"ipc":2.5273,"aqu":0.0,"majflt":0}
ak2-phase	2026-10-06T22:00:31Z	1791324031	g2-82-ram-SRR062634_8000000-fq-warm-t16-r1	no
g2: L22-run-ram-SRR062634_8000000-fq-warm-t16-r1 {"exit":0,"timed_out":false,"wall_s":10.056832,"load_s":0.090153,"classify_s":6.025,"offcpu_frac":0.0464,"ipc":2.4413,"aqu":0.0,"majflt":0}
ak2-phase	2026-10-06T22:00:42Z	1791324042	g2-83-ram-SRR062634_8000000-fq-warm-t12-r1	no
g2: L22-run-ram-SRR062634_8000000-fq-warm-t12-r1 {"exit":0,"timed_out":false,"wall_s":11.621851,"load_s":0.125246,"classify_s":7.795,"offcpu_frac":0.0315,"ipc":2.4797,"aqu":0.0,"majflt":0}
ak2-phase	2026-10-06T22:00:56Z	1791324056	g2-84-ram-SRR062634_8000000-fq-warm-t8-r1	no
g2: L22-run-ram-SRR062634_8000000-fq-warm-t8-r1 {"exit":0,"timed_out":false,"wall_s":15.807404,"load_s":0.15094,"classify_s":11.815,"offcpu_frac":0.0162,"ipc":2.4192,"aqu":0.0,"majflt":0}
ak2-phase	2026-10-06T22:01:13Z	1791324073	g2-85-ram-SRR062634_8000000-fq-warm-t4-r1	no
g2: L22-run-ram-SRR062634_8000000-fq-warm-t4-r1 {"exit":0,"timed_out":false,"wall_s":26.329452,"load_s":0.083802,"classify_s":23.126,"offcpu_frac":0.0036,"ipc":2.4471,"aqu":0.0,"majflt":0}
g2: 85 rungs, 0 skipped, 0 failures; /home/ec2-user/ak2/repo/results/g2/g2-ram-20261006T212808Z
ak2: [2026-10-06T22:01:46Z] g2 ram rc=0
ak2-phase	2026-10-06T22:01:46Z	1791324106	push	no
spawn: [2026-10-06T22:01:47Z] command exit rc=0
