ak2: log tee up
ak2-phase	2026-10-08T05:44:02Z	1791438242	preamble	no
ak2: [2026-10-08T05:44:02Z] inherited $-=hBc (stub, as spawn started it: $-=hBc)
ak2: [2026-10-08T05:44:02Z] after set +e $-=hBc
ak2: [2026-10-08T05:44:02Z] gate=g3 run=20261008-054327-1a4dbfe-0536-n16-r6
ak2: [2026-10-08T05:44:02Z] aws shim installed and self-tested (/tmp/ak2-bin/aws -> /usr/bin/aws)
ak2: [2026-10-08T05:44:02Z] imds region=us-west-2 az=us-west-2a instance=i-0e96eaa7bd23dd1f3 type=c8g.16xlarge ami=ami-09325776a00699513
ak2: [2026-10-08T05:44:02Z] bucket aws-kraken2-942542972736-us-west-2 region=us-west-2
ak2: [2026-10-08T05:44:02Z] bucket aws-kraken2-942542972736-us-west-2 payer=UNKNOWN
ak2: [2026-10-08T05:44:02Z] WARN: could not read Payer of aws-kraken2-942542972736-us-west-2 from the instance (launch host verified it)
ak2: [2026-10-08T05:44:02Z] bucket kraken2-ncbi-refseq-complete-v205 region=us-west-2
ak2: [2026-10-08T05:44:03Z] bucket kraken2-ncbi-refseq-complete-v205 payer=BucketOwner
ak2: [2026-10-08T05:44:03Z] region assert passed
ak2: [2026-10-08T05:44:03Z] drop_caches_ok=true
ak2: [2026-10-08T05:44:04Z] preamble done; spec body starts
ak2-phase	2026-10-08T05:44:04Z	1791438244	body	no
ak2: [2026-10-08T05:44:04Z] e3 cohort 20261008-054327-1a4dbfe-0536-n16 rank 6 of 16, commit 1a4dbfe; RODA kraken2-ncbi-refseq-complete-v205/Kraken2_RefSeqCompleteV205; samples aws-kraken2-942542972736-us-west-2/aws-kraken2/data/cohort; cohort 100
ak2-phase	2026-10-08T05:44:04Z	1791438244	setup	no
ak2: [2026-10-08T05:44:40Z] built 1a4dbfe0bf36fd5744d2631453752d4e835af8b7; go version go1.27.1 linux/arm64; ip 172.31.27.253; nproc 64; mem_gib 123; threads 16, inflight 4
ak2-phase	2026-10-08T05:44:40Z	1791438280	manifest	no
ak2: [2026-10-08T05:44:41Z] staged s3://kraken2-ncbi-refseq-complete-v205/Kraken2_RefSeqCompleteV205/opts.k2d -> /home/ec2-user/ak2/db/roda/opts.k2d (56 bytes)
ak2: [2026-10-08T05:44:42Z] staged s3://kraken2-ncbi-refseq-complete-v205/Kraken2_RefSeqCompleteV205/taxo.k2d -> /home/ec2-user/ak2/db/roda/taxo.k2d (179150665 bytes)
ak2: [2026-10-08T05:44:42Z] RODA hash.k2d etag=f80959f9556b50d76b3e744afdd3b22a-8860 size=1189091671800
ak2: [2026-10-08T05:44:42Z] pushed out/rank6/c100.tsv
ak2: [2026-10-08T05:44:43Z] pushed out/rank6/placement.tsv
ak2: [2026-10-08T05:44:43Z] manifest c100: 306 lines in 9 batches; rank 6 reads 12 samples
ak2-phase	2026-10-08T05:44:43Z	1791438283	fetch	no
ak2: [2026-10-08T05:44:50Z] inputs staged and verified: 24 files, 13.30 GB
ak2: [2026-10-08T05:44:50Z] manifest c100: cohort: 306 samples in 9 batches check
ak2-phase	2026-10-08T05:44:50Z	1791438290	inv-c100	no
[c100] ak2-timing	taxo	0.003210	0.111651	87919	0	0.025167	0.090115
[c100] ak2-engine	mem	t_s	15.0	rss_kib	53071460	hwm_kib	53071464	heap_inuse	406675456	sys	444975480	avail_kib	73799844
[c100] ak2-timing	shard-load-6	0.182857	21.255053	42528	0	33.204457	27.016587
[c100] ak2-engine	mem	t_s	30.0	rss_kib	72979704	hwm_kib	72979708	heap_inuse	411418624	sys	449431928	avail_kib	54092564
[c100] ak2-engine	mem	t_s	45.0	rss_kib	72980196	hwm_kib	72980200	heap_inuse	412770304	sys	449431928	avail_kib	54373260
[c100] ak2-engine	mem	t_s	60.0	rss_kib	72980816	hwm_kib	72980820	heap_inuse	413409280	sys	449431928	avail_kib	54508808
[c100] ak2-engine	mem	t_s	75.0	rss_kib	72981420	hwm_kib	72981424	heap_inuse	414007296	sys	449431928	avail_kib	54585380
[c100] ak2-engine	mem	t_s	90.0	rss_kib	72982056	hwm_kib	72982060	heap_inuse	414654464	sys	449431928	avail_kib	54585640
[c100] ak2-engine	mem	t_s	105.0	rss_kib	72982908	hwm_kib	72982912	heap_inuse	415350784	sys	453626232	avail_kib	54600580
[c100] ak2-engine	mem	t_s	120.0	rss_kib	72983512	hwm_kib	72983512	heap_inuse	415973376	sys	453626232	avail_kib	54593496
[c100] ak2-engine	mem	t_s	135.0	rss_kib	72984584	hwm_kib	72984588	heap_inuse	189947904	sys	454535544	avail_kib	54593668
[c100] ak2-engine	mem	t_s	150.0	rss_kib	72984784	hwm_kib	72984784	heap_inuse	190373888	sys	454535544	avail_kib	54599384
[c100] ak2-engine	mem	t_s	165.0	rss_kib	72984828	hwm_kib	72984828	heap_inuse	190873600	sys	454535544	avail_kib	54621732
[c100] ak2-engine	mem	t_s	180.0	rss_kib	72984852	hwm_kib	72984852	heap_inuse	191381504	sys	454535544	avail_kib	54626300
[c100] ak2-engine	mem	t_s	195.0	rss_kib	72984900	hwm_kib	72984900	heap_inuse	191979520	sys	454535544	avail_kib	54615700
[c100] ak2-engine	mem	t_s	210.0	rss_kib	72984900	hwm_kib	72984900	heap_inuse	192520192	sys	454535544	avail_kib	54594032
[c100] ak2-engine	mem	t_s	225.0	rss_kib	72984908	hwm_kib	72984908	heap_inuse	193126400	sys	454535544	avail_kib	54621364
[c100] ak2-engine	mem	t_s	240.0	rss_kib	72984908	hwm_kib	72984908	heap_inuse	193683456	sys	454535544	avail_kib	54614684
[c100] ak2-engine	mem	t_s	255.0	rss_kib	72800160	hwm_kib	72980752	heap_inuse	187809792	sys	454568312	avail_kib	54810124
[c100] ak2-engine	mem	t_s	270.0	rss_kib	72800300	hwm_kib	72980752	heap_inuse	188227584	sys	454568312	avail_kib	54836972
[c100] ak2-engine	mem	t_s	285.0	rss_kib	72800408	hwm_kib	72980752	heap_inuse	188735488	sys	454568312	avail_kib	54834700
[c100] ak2-engine	mem	t_s	300.0	rss_kib	72800412	hwm_kib	72980752	heap_inuse	189382656	sys	454568312	avail_kib	54816968
[c100] ak2-engine	mem	t_s	315.0	rss_kib	72800416	hwm_kib	72980752	heap_inuse	189997056	sys	454568312	avail_kib	54824440
[c100] ak2-engine	mem	t_s	330.0	rss_kib	72800416	hwm_kib	72980752	heap_inuse	190627840	sys	454568312	avail_kib	54824204
[c100] ak2-engine	mem	t_s	345.0	rss_kib	72800440	hwm_kib	72980752	heap_inuse	191283200	sys	454568312	avail_kib	54825220
[c100] ak2-engine	mem	t_s	360.0	rss_kib	72800440	hwm_kib	72980752	heap_inuse	191946752	sys	454568312	avail_kib	54813832
[c100] ak2-engine	mem	t_s	375.0	rss_kib	72798428	hwm_kib	72980752	heap_inuse	187588608	sys	454576504	avail_kib	54833068
[c100] ak2-engine	mem	t_s	390.0	rss_kib	72798428	hwm_kib	72980752	heap_inuse	188014592	sys	454576504	avail_kib	54838900
[c100] ak2-engine	mem	t_s	405.0	rss_kib	72798428	hwm_kib	72980752	heap_inuse	188710912	sys	454576504	avail_kib	54804732
[c100] ak2-engine	mem	t_s	420.0	rss_kib	72798428	hwm_kib	72980752	heap_inuse	189251584	sys	454576504	avail_kib	54825608
[c100] ak2-engine	mem	t_s	435.0	rss_kib	72798432	hwm_kib	72980752	heap_inuse	189808640	sys	454576504	avail_kib	54838104
[c100] ak2-engine	mem	t_s	450.0	rss_kib	72798432	hwm_kib	72980752	heap_inuse	190423040	sys	454576504	avail_kib	54825592
[c100] ak2-engine	mem	t_s	465.0	rss_kib	72798432	hwm_kib	72980752	heap_inuse	191111168	sys	454576504	avail_kib	54831572
[c100] ak2-engine	mem	t_s	480.0	rss_kib	72798432	hwm_kib	72980752	heap_inuse	191791104	sys	454576504	avail_kib	54847860
[c100] ak2-engine	mem	t_s	495.0	rss_kib	72798540	hwm_kib	72980752	heap_inuse	187686912	sys	454592888	avail_kib	54840636
[c100] ak2-engine	mem	t_s	510.0	rss_kib	72798548	hwm_kib	72980752	heap_inuse	188227584	sys	454592888	avail_kib	54823068
[c100] ak2-engine	mem	t_s	525.0	rss_kib	72798552	hwm_kib	72980752	heap_inuse	188735488	sys	454592888	avail_kib	54792700
[c100] ak2-engine	mem	t_s	540.0	rss_kib	72798552	hwm_kib	72980752	heap_inuse	189284352	sys	454592888	avail_kib	54831084
[c100] ak2-engine	mem	t_s	555.0	rss_kib	72798552	hwm_kib	72980752	heap_inuse	189857792	sys	454592888	avail_kib	54836104
