Loading database information...ak2-timing	opts	0.003173	0.000019	0	0	0.000017	0.000000
ak2-timing	taxo	0.003200	0.117662	87837	0	0.023969	0.096700
ak2-timing	shard-load-15	0.201427	14.635541	24264	0	17.751050	15.047486
ak2-engine	mem	t_s	15.0	rss_kib	36684964	hwm_kib	36684972	heap_inuse	405331968	sys	439802216	avail_kib	58176304
ak2-engine	mem	t_s	30.0	rss_kib	36692180	hwm_kib	36692184	heap_inuse	413179904	sys	444258664	avail_kib	58566696
ak2-timing	rendezvous	15.261307	29.339202	2584	0	0.040771	0.029062
ak2-timing	connect	44.600527	0.067746	12	0	0.000917	0.000780
ak2-timing	hash	0.120971	44.547317	28727	0	17.805975	15.080988
 done.
ak2-engine	mem	t_s	45.0	rss_kib	40737408	hwm_kib	40737460	heap_inuse	4213440512	sys	4634902200	avail_kib	54551988
5948317 sequences (1093.47 Mbp) processed in 6.697s (53290.4 Kseq/m, 9796.27 Mbp/m).
  5682744 sequences classified (95.54%)
  265573 sequences unclassified (4.46%)
ak2-sample	batch	0	name	0-SRR5935779	mode	parallel	s3client	sdk	rank	15	role	home	inflight	6	threads	16	start_s	44.668326	wall_s	7.522449	setup_s	0.000047	classify_s	6.697253	close_s	0.517911	report_s	0.300616	status	0	sequences	5948317	bases	1093467848	classified	5682744	place	lpt	weight	5948317
11689489 sequences (2123.44 Mbp) processed in 9.376s (74802.9 Kseq/m, 13588.24 Mbp/m).
  11327502 sequences classified (96.90%)
  361987 sequences unclassified (3.10%)
ak2-sample	batch	0	name	0-SRR5935764	mode	parallel	s3client	sdk	rank	15	role	home	inflight	6	threads	16	start_s	44.668336	wall_s	10.083330	setup_s	0.000041	classify_s	9.376230	close_s	0.426343	report_s	0.271174	status	0	sequences	11689489	bases	2123440867	classified	11327502	place	lpt	weight	11689489
16053448 sequences (2993.47 Mbp) processed in 10.694s (90072.7 Kseq/m, 16795.75 Mbp/m).
  15204484 sequences classified (94.71%)
  848964 sequences unclassified (5.29%)
ak2-sample	batch	0	name	0-SRR5935756	mode	parallel	s3client	sdk	rank	15	role	home	inflight	6	threads	16	start_s	44.668329	wall_s	12.147363	setup_s	0.000039	classify_s	10.693665	close_s	1.293130	report_s	0.147752	status	0	sequences	16053448	bases	2993468449	classified	15204484	place	lpt	weight	16053448
ak2-timing	batch-barrier-0	56.815713	3.034727	4977	0	0.772665	0.094566
ak2-engine	mem	t_s	60.0	rss_kib	47022820	hwm_kib	55623824	heap_inuse	6877388800	sys	20140059384	avail_kib	43130300
6071697 sequences (1090.39 Mbp) processed in 6.660s (54703.0 Kseq/m, 9823.86 Mbp/m).
  5415115 sequences classified (89.19%)
  656582 sequences unclassified (10.81%)
ak2-sample	batch	1	name	1-SRR5935755	mode	parallel	s3client	sdk	rank	15	role	home	inflight	6	threads	16	start_s	59.850485	wall_s	7.167538	setup_s	0.000040	classify_s	6.659633	close_s	0.345904	report_s	0.150655	status	0	sequences	6071697	bases	1090388750	classified	5415115	place	mod	weight	6071697
10896278 sequences (2024.82 Mbp) processed in 8.654s (75546.9 Kseq/m, 14038.64 Mbp/m).
  10712521 sequences classified (98.31%)
  183757 sequences unclassified (1.69%)
ak2-sample	batch	1	name	1-SRR5935819	mode	parallel	s3client	sdk	rank	15	role	home	inflight	6	threads	16	start_s	59.850472	wall_s	9.521769	setup_s	0.000054	classify_s	8.653924	close_s	0.724334	report_s	0.137411	status	0	sequences	10896278	bases	2024821947	classified	10712521	place	mod	weight	10896278
16351397 sequences (3065.56 Mbp) processed in 11.812s (83058.4 Kseq/m, 15571.77 Mbp/m).
  16166849 sequences classified (98.87%)
  184548 sequences unclassified (1.13%)
ak2-sample	batch	1	name	1-SRR5935787	mode	parallel	s3client	sdk	rank	15	role	home	inflight	6	threads	16	start_s	59.850489	wall_s	12.238602	setup_s	0.000042	classify_s	11.811982	close_s	0.250144	report_s	0.169330	status	0	sequences	16351397	bases	3065557655	classified	16166849	place	mod	weight	16351397
ak2-engine	mem	t_s	75.0	rss_kib	51807928	hwm_kib	55763576	heap_inuse	12056698880	sys	20207729416	avail_kib	39899032
ak2-timing	batch-barrier-1	72.089114	3.868592	14749	0	0.784743	0.214184
5948317 sequences (1093.47 Mbp) processed in 5.278s (67613.9 Kseq/m, 12429.33 Mbp/m).
  5682744 sequences classified (95.54%)
  265573 sequences unclassified (4.46%)
ak2-sample	batch	2	name	2-SRR5935779	mode	parallel	s3client	sdk	rank	15	role	home	inflight	6	threads	16	start_s	75.957759	wall_s	5.921207	setup_s	0.000048	classify_s	5.278488	close_s	0.429372	report_s	0.207437	status	0	sequences	5948317	bases	1093467848	classified	5682744	place	lpt	weight	5948317
11689489 sequences (2123.44 Mbp) processed in 8.171s (85833.4 Kseq/m, 15591.97 Mbp/m).
  11327502 sequences classified (96.90%)
  361987 sequences unclassified (3.10%)
ak2-sample	batch	2	name	2-SRR5935764	mode	parallel	s3client	sdk	rank	15	role	home	inflight	6	threads	16	start_s	75.957767	wall_s	8.726126	setup_s	0.000060	classify_s	8.171289	close_s	0.385859	report_s	0.159503	status	0	sequences	11689489	bases	2123440867	classified	11327502	place	lpt	weight	11689489
16053448 sequences (2993.47 Mbp) processed in 10.476s (91941.5 Kseq/m, 17144.23 Mbp/m).
  15204484 sequences classified (94.71%)
  848964 sequences unclassified (5.29%)
ak2-sample	batch	2	name	2-SRR5935756	mode	parallel	s3client	sdk	rank	15	role	home	inflight	6	threads	16	start_s	75.957761	wall_s	10.929035	setup_s	0.000065	classify_s	10.476301	close_s	0.203315	report_s	0.237013	status	0	sequences	16053448	bases	2993468449	classified	15204484	place	lpt	weight	16053448
ak2-engine	mem	t_s	90.0	rss_kib	49281884	hwm_kib	56228380	heap_inuse	10754179072	sys	20569332584	avail_kib	40539092
ak2-timing	batch-barrier-2	86.886820	3.191543	3	0	0.408810	0.087679
ak2-timing	barrier	96.669787	0.208119	0	0	0.000934	0.000088
ak2-sample	batch	3	name	3-SRR5935740	mode	striped	s3client	sdk	rank	15	role	peer	inflight	1	threads	16	start_s	90.914313	wall_s	5.963645	setup_s	0.000052	classify_s	5.753097	close_s	0.000000	report_s	0.000000	status	0	sequences	0	bases	0	classified	0	place	-	weight	-
ak2-timing	batch-barrier-3	96.877966	0.879196	3	0	0.008633	0.000000
ak2-timing	barrier	104.692352	0.074505	0	0	0.000094	0.000009
ak2-sample	batch	4	name	4-SRR5935740	mode	striped	s3client	sdk	rank	15	role	peer	inflight	1	threads	16	start_s	98.943853	wall_s	5.823059	setup_s	0.000048	classify_s	5.746179	close_s	0.000000	report_s	0.000000	status	0	sequences	0	bases	0	classified	0	place	-	weight	-
ak2-engine	mem	t_s	105.0	rss_kib	39202548	hwm_kib	56228380	heap_inuse	1879318528	sys	20569332584	avail_kib	54551516
ak2-timing	batch-barrier-4	104.766921	0.867945	9	0	0.008523	0.000000
ak2-timing	barrier	112.625271	0.043852	0	0	0.000091	0.000008
ak2-sample	batch	5	name	5-SRR5935740	mode	striped	s3client	sdk	rank	15	role	peer	inflight	1	threads	16	start_s	106.878889	wall_s	5.790288	setup_s	0.000045	classify_s	5.744070	close_s	0.000000	report_s	0.000000	status	0	sequences	0	bases	0	classified	0	place	-	weight	-
ak2-timing	batch-barrier-5	112.669186	0.955322	0	0	0.008397	0.000000
ak2-engine	mem	t_s	120.0	rss_kib	39229396	hwm_kib	56228380	heap_inuse	1901969408	sys	20569332584	avail_kib	55765160
ak2-timing	batch-barrier-6	113.624530	7.484358	37	0	0.367224	0.017743
ak2-timing	batch-barrier-7	121.108918	6.403256	43	0	0.323157	0.064986
ak2-engine	mem	t_s	135.0	rss_kib	39229928	hwm_kib	56228380	heap_inuse	1906376704	sys	20569332584	avail_kib	56123060
ak2-timing	batch-barrier-8	127.512200	7.556021	90	0	0.335932	0.047886
ak2-engine	shard	0	n	32	lo	139346680285	hi	148636458971	tail	302	full	false	empty_at	9289778698	keys	4234232358	batches	89910	probe_s	92.379440	tail_probes	0	wrap_probes	0
ak2-engine	mem	t_s	135.1	rss_kib	39229928	hwm_kib	56228380	heap_inuse	1906393088	sys	20569332584	avail_kib	56124572
ak2-engine	rendezvous	puts	13	gets	860
ak2-engine	s3	client	sdk	put	22	get	860	create_multipart	9	upload_part	1014	complete_multipart	9	abort_multipart	0	part_bytes	8484727862
ak2-engine	s3	client	cli	put	0	get	0	create_multipart	0	upload_part	0	complete_multipart	0	abort_multipart	0	part_bytes	0
ak2-engine	load	seconds	14.635536	requests	572	retries	0	bytes	37159181552
ak2-engine	route	transport	nodes	calls	2666	keys	4014751840	batches	85312	route_s	37.139598	wait_s	573.199007	gather_s	7.907618
ak2-engine	worker	scan_s	290.021644	lookup_s	618.247932	classify_s	223.584004
ak2-timing	total	0.000001	135.137560	11455398	0	826.681858	75.673112
