ak2: log tee up
ak2-phase	2026-10-08T05:24:40Z	1791437080	preamble	no
ak2: [2026-10-08T05:24:40Z] inherited $-=hBc (stub, as spawn started it: $-=hBc)
ak2: [2026-10-08T05:24:40Z] after set +e $-=hBc
ak2: [2026-10-08T05:24:40Z] gate=g3 run=20261008-052413-306f827-5162-n16-r3
ak2: [2026-10-08T05:24:40Z] aws shim installed and self-tested (/tmp/ak2-bin/aws -> /usr/bin/aws)
ak2: [2026-10-08T05:24:40Z] imds region=us-west-2 az=us-west-2a instance=i-00676c0905c8dd20a type=c9g.12xlarge ami=ami-09325776a00699513
ak2: [2026-10-08T05:24:40Z] bucket aws-kraken2-942542972736-us-west-2 region=us-west-2
ak2: [2026-10-08T05:24:41Z] bucket aws-kraken2-942542972736-us-west-2 payer=UNKNOWN
ak2: [2026-10-08T05:24:41Z] WARN: could not read Payer of aws-kraken2-942542972736-us-west-2 from the instance (launch host verified it)
ak2: [2026-10-08T05:24:41Z] bucket kraken2-ncbi-refseq-complete-v205 region=us-west-2
ak2: [2026-10-08T05:24:41Z] bucket kraken2-ncbi-refseq-complete-v205 payer=BucketOwner
ak2: [2026-10-08T05:24:41Z] region assert passed
ak2: [2026-10-08T05:24:41Z] drop_caches_ok=true
ak2: [2026-10-08T05:24:42Z] preamble done; spec body starts
ak2-phase	2026-10-08T05:24:42Z	1791437082	body	no
ak2: [2026-10-08T05:24:42Z] e3 cohort 20261008-052413-306f827-5162-n16 rank 3 of 16, commit 306f827; RODA kraken2-ncbi-refseq-complete-v205/Kraken2_RefSeqCompleteV205; samples aws-kraken2-942542972736-us-west-2/aws-kraken2/data/cohort; cohort 100
ak2-phase	2026-10-08T05:24:42Z	1791437082	setup	no
ak2: [2026-10-08T05:25:12Z] built 306f827679d55c2395743f532e6da71aeae1bc11; go version go1.27.1 linux/arm64; ip 172.31.28.254; nproc 48; mem_gib 92; threads 16, inflight 6
ak2-phase	2026-10-08T05:25:12Z	1791437112	manifest	no
ak2: [2026-10-08T05:25:13Z] staged s3://kraken2-ncbi-refseq-complete-v205/Kraken2_RefSeqCompleteV205/opts.k2d -> /home/ec2-user/ak2/db/roda/opts.k2d (56 bytes)
ak2: [2026-10-08T05:25:13Z] staged s3://kraken2-ncbi-refseq-complete-v205/Kraken2_RefSeqCompleteV205/taxo.k2d -> /home/ec2-user/ak2/db/roda/taxo.k2d (179150665 bytes)
ak2: [2026-10-08T05:25:14Z] RODA hash.k2d etag=f80959f9556b50d76b3e744afdd3b22a-8860 size=1189091671800
ak2: [2026-10-08T05:25:14Z] pushed out/rank3/c100.tsv
ak2: [2026-10-08T05:25:14Z] pushed out/rank3/placement.tsv
ak2: [2026-10-08T05:25:14Z] manifest c100: 306 lines in 9 batches; rank 3 reads 15 samples
ak2-phase	2026-10-08T05:25:14Z	1791437114	fetch	no
ak2: [2026-10-08T05:25:24Z] inputs staged and verified: 30 files, 15.12 GB
ak2: [2026-10-08T05:25:24Z] manifest c100: cohort: 306 samples in 9 batches check
ak2-phase	2026-10-08T05:25:24Z	1791437124	inv-c100	no
[c100] ak2-timing	taxo	0.002492	0.077948	87841	0	0.016096	0.075674
[c100] ak2-timing	shard-load-3	0.144977	24.893786	42015	0	29.034720	19.909840
[c100] ak2-timing	rendezvous	25.468573	24.743036	2496	0	0.016480	0.011331
[c100] ak2-timing	connect	50.211620	0.091792	6	0	0.000538	0.000370
[c100] ak2-timing	hash	0.080475	50.222944	46392	0	29.063372	19.922091
Terminated
ak2: [2026-10-08T05:29:53Z] spec body exit rc=129 (SIGHUP)
ak2-phase	2026-10-08T05:29:53Z	1791437393	end	no
