Loading database information...ak2-timing	opts	0.003148	0.000016	0	0	0.000000	0.000015
ak2-timing	taxo	0.003171	0.094210	87770	0	0.010592	0.098365
ak2-engine	mem	t_s	15.0	rss_kib	26241760	hwm_kib	26241764	heap_inuse	398163968	sys	420542824	avail_kib	230121316
ak2-engine	mem	t_s	30.0	rss_kib	52466552	hwm_kib	52466556	heap_inuse	400441344	sys	420542824	avail_kib	203886776
ak2-engine	mem	t_s	45.0	rss_kib	78662292	hwm_kib	78662296	heap_inuse	402374656	sys	420542824	avail_kib	177595540
ak2-engine	mem	t_s	60.0	rss_kib	103774876	hwm_kib	103774876	heap_inuse	404643840	sys	424737128	avail_kib	152435924
ak2-engine	mem	t_s	75.0	rss_kib	129780356	hwm_kib	129780356	heap_inuse	406675456	sys	428931432	avail_kib	126361260
ak2-timing	shard-load-4	0.216433	84.632892	78128	0	119.423118	153.726943
ak2-timing	rendezvous	85.661282	1.911155	337	0	0.002945	0.003792
ak2-timing	connect	87.572455	0.096346	233	0	0.000611	0.000787
ak2-timing	hash	0.097407	87.571409	80588	0	119.438589	153.735094
 done.
ak2-engine	mem	t_s	90.0	rss_kib	154150832	hwm_kib	154150832	heap_inuse	8982339584	sys	9506413576	avail_kib	101481084
ak2-engine	mem	t_s	105.0	rss_kib	156470596	hwm_kib	156470596	heap_inuse	7290896384	sys	11871637048	avail_kib	97959048
16351397 sequences (3065.56 Mbp) processed in 17.087s (57416.1 Kseq/m, 10764.37 Mbp/m).
  16166849 sequences classified (98.87%)
  184548 sequences unclassified (1.13%)
ak2-sample	batch	0	name	0-SRR5935787	mode	parallel	s3client	sdk	rank	4	role	home	inflight	2	threads	16	start_s	87.668846	wall_s	17.575104	setup_s	0.000045	classify_s	17.087247	close_s	0.320299	report_s	0.160102	status	0	sequences	16351397	bases	3065557655	classified	16166849	place	lpt	weight	16351397
18645445 sequences (3449.57 Mbp) processed in 18.394s (60821.3 Kseq/m, 11252.49 Mbp/m).
  18393099 sequences classified (98.65%)
  252346 sequences unclassified (1.35%)
ak2-sample	batch	0	name	0-SRR5935751	mode	parallel	s3client	sdk	rank	4	role	home	inflight	2	threads	16	start_s	87.668850	wall_s	18.878432	setup_s	0.000039	classify_s	18.393659	close_s	0.310452	report_s	0.165077	status	0	sequences	18645445	bases	3449573600	classified	18393099	place	lpt	weight	18645445
ak2-engine	mem	t_s	120.1	rss_kib	157421792	hwm_kib	157744156	heap_inuse	7300268032	sys	13182850184	avail_kib	96780264
15312868 sequences (2847.18 Mbp) processed in 15.132s (60717.2 Kseq/m, 11289.36 Mbp/m).
  13152387 sequences classified (85.89%)
  2160481 sequences unclassified (14.11%)
ak2-sample	batch	0	name	0-SRR5935759	mode	parallel	s3client	sdk	rank	4	role	home	inflight	2	threads	16	start_s	105.243976	wall_s	15.634579	setup_s	0.000068	classify_s	15.131995	close_s	0.330817	report_s	0.158983	status	0	sequences	15312868	bases	2847175138	classified	13152387	place	lpt	weight	15312868
14472574 sequences (2738.53 Mbp) processed in 14.549s (59684.3 Kseq/m, 11293.58 Mbp/m).
  14022498 sequences classified (96.89%)
  450076 sequences unclassified (3.11%)
ak2-sample	batch	0	name	0-SRR5935806	mode	parallel	s3client	sdk	rank	4	role	home	inflight	2	threads	16	start_s	106.547356	wall_s	15.017629	setup_s	0.000065	classify_s	14.549135	close_s	0.253033	report_s	0.206377	status	0	sequences	14472574	bases	2738529910	classified	14022498	place	lpt	weight	14472574
13365245 sequences (2460.33 Mbp) processed in 13.568s (59104.3 Kseq/m, 10880.15 Mbp/m).
  13192260 sequences classified (98.71%)
  172985 sequences unclassified (1.29%)
ak2-sample	batch	0	name	0-SRR5935822	mode	parallel	s3client	sdk	rank	4	role	home	inflight	2	threads	16	start_s	120.878620	wall_s	14.049839	setup_s	0.000068	classify_s	13.567799	close_s	0.255844	report_s	0.219186	status	0	sequences	13365245	bases	2460327516	classified	13192260	place	lpt	weight	13365245
12610038 sequences (2321.59 Mbp) processed in 12.990s (58244.7 Kseq/m, 10723.23 Mbp/m).
  12099380 sequences classified (95.95%)
  510658 sequences unclassified (4.05%)
ak2-engine	mem	t_s	135.1	rss_kib	157242420	hwm_kib	158019892	heap_inuse	11047657472	sys	13569914088	avail_kib	95951956
ak2-sample	batch	0	name	0-SRR5935834	mode	parallel	s3client	sdk	rank	4	role	home	inflight	2	threads	16	start_s	121.565045	wall_s	13.598960	setup_s	0.000050	classify_s	12.990072	close_s	0.452697	report_s	0.146871	status	0	sequences	12610038	bases	2321592529	classified	12099380	place	lpt	weight	12610038
11374148 sequences (2063.47 Mbp) processed in 11.501s (59339.4 Kseq/m, 10765.19 Mbp/m).
  10686284 sequences classified (93.95%)
  687864 sequences unclassified (6.05%)
10492437 sequences (1984.14 Mbp) processed in 11.384s (55301.7 Kseq/m, 10457.65 Mbp/m).
  9889429 sequences classified (94.25%)
  603008 sequences unclassified (5.75%)
ak2-sample	batch	0	name	0-SRR5935769	mode	parallel	s3client	sdk	rank	4	role	home	inflight	2	threads	16	start_s	134.928483	wall_s	11.963011	setup_s	0.000060	classify_s	11.500777	close_s	0.291250	report_s	0.159240	status	0	sequences	11374148	bases	2063466726	classified	10686284	place	lpt	weight	11374148
ak2-sample	batch	0	name	0-SRR5935745	mode	parallel	s3client	sdk	rank	4	role	home	inflight	2	threads	16	start_s	135.164084	wall_s	11.792957	setup_s	0.000076	classify_s	11.383860	close_s	0.230038	report_s	0.168038	status	0	sequences	10492437	bases	1984140901	classified	9889429	place	lpt	weight	10492437
ak2-engine	mem	t_s	150.1	rss_kib	155943436	hwm_kib	158019892	heap_inuse	10016792576	sys	13570061544	avail_kib	96247068
8745078 sequences (1626.83 Mbp) processed in 9.648s (54384.8 Kseq/m, 10117.12 Mbp/m).
  8520266 sequences classified (97.43%)
  224812 sequences unclassified (2.57%)
ak2-sample	batch	0	name	0-SRR5935824	mode	parallel	s3client	sdk	rank	4	role	home	inflight	2	threads	16	start_s	146.957065	wall_s	10.014143	setup_s	0.000059	classify_s	9.648001	close_s	0.224100	report_s	0.133999	status	0	sequences	8745078	bases	1626833325	classified	8520266	place	lpt	weight	8745078
9202475 sequences (1711.99 Mbp) processed in 9.775s (56487.4 Kseq/m, 10508.69 Mbp/m).
  8810259 sequences classified (95.74%)
  392216 sequences unclassified (4.26%)
ak2-sample	batch	0	name	0-SRR5935790	mode	parallel	s3client	sdk	rank	4	role	home	inflight	2	threads	16	start_s	146.891513	wall_s	10.346428	setup_s	0.000060	classify_s	9.774716	close_s	0.313567	report_s	0.249705	status	0	sequences	9202475	bases	1711991411	classified	8810259	place	lpt	weight	9202475
2565282 sequences (465.56 Mbp) processed in 3.353s (45910.7 Kseq/m, 8332.16 Mbp/m).
  2508539 sequences classified (97.79%)
  56743 sequences unclassified (2.21%)
ak2-sample	batch	0	name	0-SRR5935783	mode	parallel	s3client	sdk	rank	4	role	home	inflight	2	threads	16	start_s	157.237970	wall_s	3.713998	setup_s	0.000080	classify_s	3.352526	close_s	0.223848	report_s	0.133940	status	0	sequences	2565282	bases	465562992	classified	2508539	place	lpt	weight	2565282
6552107 sequences (1182.80 Mbp) processed in 5.508s (71370.2 Kseq/m, 12883.86 Mbp/m).
  6331866 sequences classified (96.64%)
  220241 sequences unclassified (3.36%)
ak2-sample	batch	0	name	0-SRR5935750	mode	parallel	s3client	sdk	rank	4	role	home	inflight	2	threads	16	start_s	156.971234	wall_s	5.824314	setup_s	0.000056	classify_s	5.508275	close_s	0.181218	report_s	0.128908	status	0	sequences	6552107	bases	1182796919	classified	6331866	place	lpt	weight	6552107
ak2-timing	batch-barrier-0	162.795565	0.250605	1	0	0.003574	0.000591
ak2-engine	mem	t_s	165.1	rss_kib	155933692	hwm_kib	158019892	heap_inuse	9249652736	sys	13570356456	avail_kib	96041252
14298074 sequences (2663.28 Mbp) processed in 15.057s (56977.4 Kseq/m, 10613.10 Mbp/m).
  14234512 sequences classified (99.56%)
  63562 sequences unclassified (0.44%)
ak2-sample	batch	1	name	1-SRR5935752	mode	parallel	s3client	sdk	rank	4	role	home	inflight	2	threads	16	start_s	163.046195	wall_s	15.449381	setup_s	0.000051	classify_s	15.056568	close_s	0.239992	report_s	0.148546	status	0	sequences	14298074	bases	2663280360	classified	14234512	place	mod	weight	14298074
15328347 sequences (2853.53 Mbp) processed in 15.711s (58539.8 Kseq/m, 10897.78 Mbp/m).
  14998872 sequences classified (97.85%)
  329475 sequences unclassified (2.15%)
ak2-sample	batch	1	name	1-SRR5935744	mode	parallel	s3client	sdk	rank	4	role	home	inflight	2	threads	16	start_s	163.046198	wall_s	16.232471	setup_s	0.000039	classify_s	15.710683	close_s	0.306292	report_s	0.206028	status	0	sequences	15328347	bases	2853526686	classified	14998872	place	mod	weight	15328347
ak2-engine	mem	t_s	180.1	rss_kib	155788216	hwm_kib	158019892	heap_inuse	8137613312	sys	13573666024	avail_kib	96908332
10834778 sequences (1957.59 Mbp) processed in 10.314s (63032.0 Kseq/m, 11388.39 Mbp/m).
  10642489 sequences classified (98.23%)
  192289 sequences unclassified (1.77%)
ak2-sample	batch	1	name	1-SRR5935760	mode	parallel	s3client	sdk	rank	4	role	home	inflight	2	threads	16	start_s	178.495664	wall_s	10.950056	setup_s	0.000066	classify_s	10.313592	close_s	0.482819	report_s	0.143321	status	0	sequences	10834778	bases	1957586977	classified	10642489	place	mod	weight	10834778
3168882 sequences (592.65 Mbp) processed in 3.509s (54184.0 Kseq/m, 10133.56 Mbp/m).
  3127330 sequences classified (98.69%)
  41552 sequences unclassified (1.31%)
ak2-sample	batch	1	name	1-SRR5935776	mode	parallel	s3client	sdk	rank	4	role	home	inflight	2	threads	16	start_s	189.445820	wall_s	3.930236	setup_s	0.000063	classify_s	3.509023	close_s	0.292798	report_s	0.124508	status	0	sequences	3168882	bases	592648009	classified	3127330	place	mod	weight	3168882
15746753 sequences (2888.34 Mbp) processed in 15.155s (62341.3 Kseq/m, 11434.91 Mbp/m).
  14105631 sequences classified (89.58%)
  1641122 sequences unclassified (10.42%)
ak2-sample	batch	1	name	1-SRR5935768	mode	parallel	s3client	sdk	rank	4	role	home	inflight	2	threads	16	start_s	179.278790	wall_s	15.663842	setup_s	0.000074	classify_s	15.155363	close_s	0.258159	report_s	0.235170	status	0	sequences	15746753	bases	2888337209	classified	14105631	place	mod	weight	15746753
ak2-engine	mem	t_s	195.1	rss_kib	156026272	hwm_kib	158144836	heap_inuse	7135682560	sys	13574288616	avail_kib	96463808
11437813 sequences (2096.18 Mbp) processed in 11.582s (59255.2 Kseq/m, 10859.57 Mbp/m).
  10922134 sequences classified (95.49%)
  515679 sequences unclassified (4.51%)
ak2-sample	batch	1	name	1-SRR5935792	mode	parallel	s3client	sdk	rank	4	role	home	inflight	2	threads	16	start_s	194.942839	wall_s	12.063559	setup_s	0.000067	classify_s	11.581573	close_s	0.259490	report_s	0.213734	status	0	sequences	11437813	bases	2096182336	classified	10922134	place	mod	weight	11437813
14800056 sequences (2772.79 Mbp) processed in 14.236s (62379.4 Kseq/m, 11686.78 Mbp/m).
  14536791 sequences classified (98.22%)
  263265 sequences unclassified (1.78%)
ak2-sample	batch	1	name	1-SRR5935784	mode	parallel	s3client	sdk	rank	4	role	home	inflight	2	threads	16	start_s	193.376081	wall_s	14.712181	setup_s	0.000064	classify_s	14.235522	close_s	0.230192	report_s	0.216713	status	0	sequences	14800056	bases	2772790740	classified	14536791	place	mod	weight	14800056
ak2-engine	mem	t_s	210.1	rss_kib	156121024	hwm_kib	158144836	heap_inuse	8663465984	sys	13696095496	avail_kib	96326080
15080696 sequences (2770.85 Mbp) processed in 15.282s (59211.2 Kseq/m, 10879.14 Mbp/m).
  14478381 sequences classified (96.01%)
  602315 sequences unclassified (3.99%)
ak2-sample	batch	1	name	1-SRR5935800	mode	parallel	s3client	sdk	rank	4	role	home	inflight	2	threads	16	start_s	207.006475	wall_s	15.684376	setup_s	0.000071	classify_s	15.281609	close_s	0.246645	report_s	0.134110	status	0	sequences	15080696	bases	2770846238	classified	14478381	place	mod	weight	15080696
15500933 sequences (2889.47 Mbp) processed in 15.351s (60585.6 Kseq/m, 11293.53 Mbp/m).
  14777244 sequences classified (95.33%)
  723689 sequences unclassified (4.67%)
ak2-sample	batch	1	name	1-SRR5935808	mode	parallel	s3client	sdk	rank	4	role	home	inflight	2	threads	16	start_s	208.088340	wall_s	15.768603	setup_s	0.000065	classify_s	15.351102	close_s	0.245356	report_s	0.162111	status	0	sequences	15500933	bases	2889469649	classified	14777244	place	mod	weight	15500933
ak2-engine	mem	t_s	225.2	rss_kib	155052696	hwm_kib	158144836	heap_inuse	7984832512	sys	13864138024	avail_kib	96798820
8745078 sequences (1626.83 Mbp) processed in 9.015s (58201.8 Kseq/m, 10827.18 Mbp/m).
  8520266 sequences classified (97.43%)
  224812 sequences unclassified (2.57%)
ak2-sample	batch	1	name	1-SRR5935824	mode	parallel	s3client	sdk	rank	4	role	home	inflight	2	threads	16	start_s	223.857031	wall_s	9.737628	setup_s	0.000067	classify_s	9.015273	close_s	0.556895	report_s	0.156788	status	0	sequences	8745078	bases	1626833325	classified	8520266	place	mod	weight	8745078
12244248 sequences (2292.24 Mbp) processed in 11.655s (63031.4 Kseq/m, 11800.07 Mbp/m).
  11933067 sequences classified (97.46%)
  311181 sequences unclassified (2.54%)
ak2-sample	batch	1	name	1-SRR5935816	mode	parallel	s3client	sdk	rank	4	role	home	inflight	2	threads	16	start_s	222.690917	wall_s	12.132637	setup_s	0.000063	classify_s	11.655374	close_s	0.260314	report_s	0.208191	status	0	sequences	12244248	bases	2292238030	classified	11933067	place	mod	weight	12244248
6882441 sequences (1244.79 Mbp) processed in 4.175s (98905.7 Kseq/m, 17888.49 Mbp/m).
  6619730 sequences classified (96.18%)
  262711 sequences unclassified (3.82%)
ak2-sample	batch	1	name	1-SRR5935832	mode	parallel	s3client	sdk	rank	4	role	home	inflight	2	threads	16	start_s	233.594742	wall_s	4.561308	setup_s	0.000064	classify_s	4.175154	close_s	0.233816	report_s	0.145222	status	0	sequences	6882441	bases	1244786679	classified	6619730	place	mod	weight	6882441
ak2-engine	mem	t_s	240.2	rss_kib	153796676	hwm_kib	158144836	heap_inuse	5154103296	sys	13876790584	avail_kib	97664904
ak2-timing	batch-barrier-1	238.156070	7.186763	2	0	3.249475	0.421785
ak2-engine	mem	t_s	255.2	rss_kib	156093264	hwm_kib	158144836	heap_inuse	6732800000	sys	13876823352	avail_kib	96867236
16351397 sequences (3065.56 Mbp) processed in 17.325s (56628.0 Kseq/m, 10616.60 Mbp/m).
  16166849 sequences classified (98.87%)
  184548 sequences unclassified (1.13%)
ak2-sample	batch	2	name	2-SRR5935787	mode	parallel	s3client	sdk	rank	4	role	home	inflight	2	threads	16	start_s	245.342878	wall_s	17.672986	setup_s	0.000051	classify_s	17.325079	close_s	0.216330	report_s	0.123639	status	0	sequences	16351397	bases	3065557655	classified	16166849	place	lpt	weight	16351397
18645445 sequences (3449.57 Mbp) processed in 18.937s (59076.6 Kseq/m, 10929.70 Mbp/m).
  18393099 sequences classified (98.65%)
  252346 sequences unclassified (1.35%)
ak2-sample	batch	2	name	2-SRR5935751	mode	parallel	s3client	sdk	rank	4	role	home	inflight	2	threads	16	start_s	245.342881	wall_s	19.419597	setup_s	0.000050	classify_s	18.936881	close_s	0.272651	report_s	0.201791	status	0	sequences	18645445	bases	3449573600	classified	18393099	place	lpt	weight	18645445
ak2-engine	mem	t_s	270.2	rss_kib	157688564	hwm_kib	158144836	heap_inuse	8045731840	sys	13876823352	avail_kib	96087736
15312868 sequences (2847.18 Mbp) processed in 15.449s (59469.6 Kseq/m, 11057.40 Mbp/m).
  13152387 sequences classified (85.89%)
  2160481 sequences unclassified (14.11%)
ak2-sample	batch	2	name	2-SRR5935759	mode	parallel	s3client	sdk	rank	4	role	home	inflight	2	threads	16	start_s	263.015927	wall_s	15.923519	setup_s	0.000063	classify_s	15.449433	close_s	0.308227	report_s	0.153374	status	0	sequences	15312868	bases	2847175138	classified	13152387	place	lpt	weight	15312868
14472574 sequences (2738.53 Mbp) processed in 14.409s (60264.4 Kseq/m, 11403.35 Mbp/m).
  14022498 sequences classified (96.89%)
  450076 sequences unclassified (3.11%)
ak2-sample	batch	2	name	2-SRR5935806	mode	parallel	s3client	sdk	rank	4	role	home	inflight	2	threads	16	start_s	264.762541	wall_s	14.922532	setup_s	0.000064	classify_s	14.409085	close_s	0.277908	report_s	0.226136	status	0	sequences	14472574	bases	2738529910	classified	14022498	place	lpt	weight	14472574
ak2-engine	mem	t_s	285.2	rss_kib	157535328	hwm_kib	158144836	heap_inuse	9206808576	sys	13876823352	avail_kib	96502440
12610038 sequences (2321.59 Mbp) processed in 12.995s (58221.9 Kseq/m, 10719.03 Mbp/m).
  12099380 sequences classified (95.95%)
  510658 sequences unclassified (4.05%)
13365245 sequences (2460.33 Mbp) processed in 13.713s (58479.2 Kseq/m, 10765.08 Mbp/m).
  13192260 sequences classified (98.71%)
  172985 sequences unclassified (1.29%)
ak2-sample	batch	2	name	2-SRR5935822	mode	parallel	s3client	sdk	rank	4	role	home	inflight	2	threads	16	start_s	278.939473	wall_s	14.148009	setup_s	0.000069	classify_s	13.712828	close_s	0.285941	report_s	0.142245	status	0	sequences	13365245	bases	2460327516	classified	13192260	place	lpt	weight	13365245
ak2-sample	batch	2	name	2-SRR5935834	mode	parallel	s3client	sdk	rank	4	role	home	inflight	2	threads	16	start_s	279.685141	wall_s	13.444166	setup_s	0.000064	classify_s	12.995159	close_s	0.245027	report_s	0.194700	status	0	sequences	12610038	bases	2321592529	classified	12099380	place	lpt	weight	12610038
ak2-engine	mem	t_s	300.2	rss_kib	157576948	hwm_kib	158144836	heap_inuse	10577125376	sys	13877347640	avail_kib	95849420
10492437 sequences (1984.14 Mbp) processed in 11.253s (55945.7 Kseq/m, 10579.45 Mbp/m).
  9889429 sequences classified (94.25%)
  603008 sequences unclassified (5.75%)
ak2-sample	batch	2	name	2-SRR5935745	mode	parallel	s3client	sdk	rank	4	role	home	inflight	2	threads	16	start_s	293.129328	wall_s	11.643956	setup_s	0.000067	classify_s	11.252802	close_s	0.210309	report_s	0.170058	status	0	sequences	10492437	bases	1984140901	classified	9889429	place	lpt	weight	10492437
11374148 sequences (2063.47 Mbp) processed in 11.699s (58331.6 Kseq/m, 10582.37 Mbp/m).
  10686284 sequences classified (93.95%)
  687864 sequences unclassified (6.05%)
ak2-sample	batch	2	name	2-SRR5935769	mode	parallel	s3client	sdk	rank	4	role	home	inflight	2	threads	16	start_s	293.087510	wall_s	12.142394	setup_s	0.000057	classify_s	11.699463	close_s	0.174064	report_s	0.257802	status	0	sequences	11374148	bases	2063466726	classified	10686284	place	lpt	weight	11374148
9202475 sequences (1711.99 Mbp) processed in 9.541s (57871.6 Kseq/m, 10766.19 Mbp/m).
  8810259 sequences classified (95.74%)
  392216 sequences unclassified (4.26%)
ak2-sample	batch	2	name	2-SRR5935790	mode	parallel	s3client	sdk	rank	4	role	home	inflight	2	threads	16	start_s	304.773306	wall_s	9.940129	setup_s	0.000069	classify_s	9.540932	close_s	0.231607	report_s	0.158028	status	0	sequences	9202475	bases	1711991411	classified	8810259	place	lpt	weight	9202475
8745078 sequences (1626.83 Mbp) processed in 9.347s (56138.5 Kseq/m, 10443.35 Mbp/m).
  8520266 sequences classified (97.43%)
  224812 sequences unclassified (2.57%)
ak2-sample	batch	2	name	2-SRR5935824	mode	parallel	s3client	sdk	rank	4	role	home	inflight	2	threads	16	start_s	305.229938	wall_s	9.851362	setup_s	0.000068	classify_s	9.346615	close_s	0.264175	report_s	0.232313	status	0	sequences	8745078	bases	1626833325	classified	8520266	place	lpt	weight	8745078
ak2-engine	mem	t_s	315.2	rss_kib	157654612	hwm_kib	158144836	heap_inuse	8799739904	sys	13879706936	avail_kib	95795440
2565282 sequences (465.56 Mbp) processed in 3.165s (48629.6 Kseq/m, 8825.60 Mbp/m).
  2508539 sequences classified (97.79%)
  56743 sequences unclassified (2.21%)
ak2-sample	batch	2	name	2-SRR5935783	mode	parallel	s3client	sdk	rank	4	role	home	inflight	2	threads	16	start_s	315.081334	wall_s	3.460783	setup_s	0.000148	classify_s	3.165086	close_s	0.183448	report_s	0.108444	status	0	sequences	2565282	bases	465562992	classified	2508539	place	lpt	weight	2565282
6552107 sequences (1182.80 Mbp) processed in 5.504s (71424.1 Kseq/m, 12893.59 Mbp/m).
  6331866 sequences classified (96.64%)
  220241 sequences unclassified (3.36%)
ak2-sample	batch	2	name	2-SRR5935750	mode	parallel	s3client	sdk	rank	4	role	home	inflight	2	threads	16	start_s	314.713461	wall_s	5.918190	setup_s	0.000063	classify_s	5.504115	close_s	0.267332	report_s	0.140760	status	0	sequences	6552107	bases	1182796919	classified	6331866	place	lpt	weight	6552107
ak2-timing	batch-barrier-2	320.631668	1.958251	1	0	0.480481	0.011495
ak2-timing	barrier	329.444300	0.304838	0	0	0.034550	0.000000
ak2-sample	batch	3	name	3-SRR5935740	mode	striped	s3client	sdk	rank	4	role	peer	inflight	1	threads	16	start_s	323.791087	wall_s	5.958102	setup_s	0.000050	classify_s	5.647746	close_s	0.000000	report_s	0.000000	status	0	sequences	0	bases	0	classified	0	place	-	weight	-
ak2-timing	batch-barrier-3	329.749201	0.460820	0	0	0.004684	0.000000
ak2-engine	mem	t_s	330.2	rss_kib	150925060	hwm_kib	158144836	heap_inuse	3101982720	sys	13879706936	avail_kib	102376892
ak2-timing	barrier	336.278845	0.119803	0	0	0.009863	0.000000
ak2-sample	batch	4	name	4-SRR5935740	mode	striped	s3client	sdk	rank	4	role	peer	inflight	1	threads	16	start_s	330.631599	wall_s	5.767099	setup_s	0.000045	classify_s	5.641717	close_s	0.000000	report_s	0.000000	status	0	sequences	0	bases	0	classified	0	place	-	weight	-
ak2-timing	batch-barrier-4	336.398710	0.641410	0	0	0.004690	0.000388
ak2-timing	barrier	342.929722	0.132029	0	0	0.015674	0.000000
ak2-sample	batch	5	name	5-SRR5935740	mode	striped	s3client	sdk	rank	4	role	peer	inflight	1	threads	16	start_s	337.294670	wall_s	5.767124	setup_s	0.000047	classify_s	5.629469	close_s	0.000000	report_s	0.000000	status	0	sequences	0	bases	0	classified	0	place	-	weight	-
ak2-timing	batch-barrier-5	343.061804	0.602574	2	0	0.005206	0.000000
ak2-engine	mem	t_s	345.2	rss_kib	150580984	hwm_kib	158144836	heap_inuse	5045215232	sys	13879706936	avail_kib	104032020
ak2-timing	batch-barrier-6	343.664397	7.400033	1	0	1.510208	0.224069
ak2-timing	batch-barrier-7	351.064451	6.103045	0	0	1.330579	0.144337
ak2-engine	mem	t_s	360.2	rss_kib	150580988	hwm_kib	158144836	heap_inuse	5047287808	sys	13879706936	avail_kib	105032356
ak2-timing	batch-barrier-8	357.167518	7.051050	0	0	1.400226	0.193453
ak2-engine	shard	0	n	8	lo	148636458971	hi	185795573713	tail	302	full	false	empty_at	37159114746	keys	16955558952	batches	89910	probe_s	444.247084	tail_probes	0	wrap_probes	0
ak2-engine	mem	t_s	364.2	rss_kib	150580988	hwm_kib	158144836	heap_inuse	5047443456	sys	13879706936	avail_kib	105191424
ak2-engine	rendezvous	puts	13	gets	227
ak2-engine	s3	client	sdk	put	49	get	227	create_multipart	36	upload_part	4406	complete_multipart	36	abort_multipart	0	part_bytes	36836274006
ak2-engine	s3	client	cli	put	0	get	0	create_multipart	0	upload_part	0	complete_multipart	0	abort_multipart	0	part_bytes	0
ak2-engine	load	seconds	84.632890	requests	2233	retries	0	bytes	148636525776
ak2-engine	route	transport	nodes	calls	11242	keys	16962042969	batches	89936	route_s	198.981733	wait_s	656.201901	gather_s	39.332331
ak2-engine	worker	scan_s	1535.900155	lookup_s	894.531367	classify_s	1334.346747
ak2-timing	total	0.000001	364.492930	15709424	0	3321.158217	283.809533
