Loading database information...ak2-timing	opts	0.000044	0.000025	4	0	0.000025	0.000000
ak2-timing	taxo	0.000076	0.002740	2571	0	0.003459	0.000000
ak2-timing	shard-load-0	0.076893	11.568861	2257	0	1.742662	1.931891
ak2-timing	rendezvous	12.121895	1.152880	14	0	0.001124	0.001241
ak2-timing	connect	13.274797	0.000726	4	0	0.000125	0.000137
ak2-timing	hash	0.002836	13.272708	3359	0	1.752787	1.941223
 done.
ak2-timing	setup	13.275549	0.000026	0	0	0.000012	0.000014
ak2-timing	classify	13.275580	1.922385	151111	0	0.654689	0.187864
ak2-timing	barrier	15.198159	0.000030	0	0	0.000016	0.000014
ak2-engine	shard	0	n	2	lo	0	hi	1000000000	tail	302	full	false	empty_at	999999999	keys	271354	batches	13	probe_s	0.006642	tail_probes	0	wrap_probes	0
ak2-engine	node	rank	0	n	2	emitter	true	blocks_cut	13	blocks_mine	7	read_s	0.042046	window_wait_s	0.000001	send_s	0.000000	sent_bytes	0	emit_wait_s	0.250382	emit_s	1.671654
ak2-engine	rendezvous	requests	3
ak2-engine	route	transport	local	calls	7	keys	283694	batches	14	route_s	0.004461	wait_s	0.016416	gather_s	0.001399
ak2-engine	worker	scan_s	0.435365	lookup_s	0.022280	classify_s	0.159012
ak2-timing	close	15.198229	2.681952	4	0	0.001156	0.011164
400000 sequences (38.13 Mbp) processed in 1.922s (12484.5 Kseq/m, 1190.03 Mbp/m).
  113399 sequences classified (28.35%)
  286601 sequences unclassified (71.65%)
ak2-timing	report	17.880217	0.001470	11	0	0.000797	0.000707
ak2-timing	unmap	17.881694	0.006061	0	0	0.000000	0.006130
ak2-timing	total	0.000001	17.887775	157066	0	2.413171	2.147275
