ak2: log tee up
ak2-phase	2026-10-08T05:24:13Z	1791437053	preamble	no
ak2: [2026-10-08T05:24:13Z] inherited $-=hBc (stub, as spawn started it: $-=hBc)
ak2: [2026-10-08T05:24:13Z] after set +e $-=hBc
ak2: [2026-10-08T05:24:13Z] gate=g3 run=20261008-052324-306f827-765d-n16-r13
ak2: [2026-10-08T05:24:13Z] aws shim installed and self-tested (/tmp/ak2-bin/aws -> /usr/bin/aws)
ak2: [2026-10-08T05:24:13Z] imds region=us-west-2 az=us-west-2a instance=i-0b65ce9ae9979fffa type=c8g.12xlarge ami=ami-09325776a00699513
ak2: [2026-10-08T05:24:13Z] bucket aws-kraken2-942542972736-us-west-2 region=us-west-2
ak2: [2026-10-08T05:24:14Z] bucket aws-kraken2-942542972736-us-west-2 payer=UNKNOWN
ak2: [2026-10-08T05:24:14Z] WARN: could not read Payer of aws-kraken2-942542972736-us-west-2 from the instance (launch host verified it)
ak2: [2026-10-08T05:24:14Z] bucket kraken2-ncbi-refseq-complete-v205 region=us-west-2
ak2: [2026-10-08T05:24:15Z] bucket kraken2-ncbi-refseq-complete-v205 payer=BucketOwner
ak2: [2026-10-08T05:24:15Z] region assert passed
ak2: [2026-10-08T05:24:15Z] drop_caches_ok=true
ak2: [2026-10-08T05:24:15Z] preamble done; spec body starts
ak2-phase	2026-10-08T05:24:15Z	1791437055	body	no
ak2: [2026-10-08T05:24:15Z] e3 cohort 20261008-052324-306f827-765d-n16 rank 13 of 16, commit 306f827; RODA kraken2-ncbi-refseq-complete-v205/Kraken2_RefSeqCompleteV205; samples aws-kraken2-942542972736-us-west-2/aws-kraken2/data/cohort; cohort 100
ak2-phase	2026-10-08T05:24:15Z	1791437055	setup	no
ak2: [2026-10-08T05:24:52Z] built 306f827679d55c2395743f532e6da71aeae1bc11; go version go1.27.1 linux/arm64; ip 172.31.20.236; nproc 48; mem_gib 92; threads 16, inflight 6
ak2-phase	2026-10-08T05:24:52Z	1791437092	manifest	no
ak2: [2026-10-08T05:24:52Z] staged s3://kraken2-ncbi-refseq-complete-v205/Kraken2_RefSeqCompleteV205/opts.k2d -> /home/ec2-user/ak2/db/roda/opts.k2d (56 bytes)
ak2: [2026-10-08T05:24:54Z] staged s3://kraken2-ncbi-refseq-complete-v205/Kraken2_RefSeqCompleteV205/taxo.k2d -> /home/ec2-user/ak2/db/roda/taxo.k2d (179150665 bytes)
ak2: [2026-10-08T05:24:54Z] RODA hash.k2d etag=f80959f9556b50d76b3e744afdd3b22a-8860 size=1189091671800
ak2: [2026-10-08T05:24:55Z] pushed out/rank13/c100.tsv
ak2: [2026-10-08T05:24:55Z] pushed out/rank13/placement.tsv
ak2: [2026-10-08T05:24:55Z] manifest c100: 306 lines in 9 batches; rank 13 reads 12 samples
ak2-phase	2026-10-08T05:24:55Z	1791437095	fetch	no
ak2: [2026-10-08T05:25:04Z] inputs staged and verified: 24 files, 14.56 GB
ak2: [2026-10-08T05:25:04Z] manifest c100: cohort: 306 samples in 9 batches check
ak2-phase	2026-10-08T05:25:04Z	1791437104	inv-c100	no
[c100] ak2-timing	taxo	0.003182	0.097016	87827	0	0.011146	0.088763
[c100] ak2-timing	shard-load-13	0.168259	28.214414	42783	0	47.444574	47.623332
[c100] ak2-timing	rendezvous	28.810630	1.283432	382	0	0.007674	0.000000
[c100] ak2-timing	connect	30.094079	0.169150	27	0	0.001513	0.000000
[c100] ak2-timing	hash	0.100221	30.163026	45106	0	47.465783	47.627825
[c100] ak2-sample	batch	0	name	0-SRR5935766	mode	parallel	s3client	sdk	rank	13	role	home	inflight	6	threads	16	start_s	30.263396	wall_s	197.602382	setup_s	0.000074	classify_s	197.601425	close_s	0.000000	report_s	0.000000	status	1	sequences	38777	bases	7296635	classified	36843	place	lpt	weight	14120624
[c100] ak2-sample	batch	0	name	0-SRR5935740	mode	parallel	s3client	sdk	rank	13	role	home	inflight	6	threads	16	start_s	30.263342	wall_s	203.920002	setup_s	0.000036	classify_s	203.918233	close_s	0.000000	report_s	0.000000	status	1	sequences	116791	bases	21660524	classified	103969	place	lpt	weight	10532910
[c100] ak2-sample	batch	0	name	0-SRR5935744	mode	parallel	s3client	sdk	rank	13	role	home	inflight	6	threads	16	start_s	30.263321	wall_s	203.925203	setup_s	0.000055	classify_s	203.924329	close_s	0.000000	report_s	0.000000	status	1	sequences	115779	bases	21657499	classified	113394	place	lpt	weight	15328347
[c100] ak2-sample	batch	0	name	0-SRR5935836	mode	parallel	s3client	sdk	rank	13	role	home	inflight	6	threads	16	start_s	30.263320	wall_s	209.913350	setup_s	0.000051	classify_s	209.912505	close_s	0.000000	report_s	0.000000	status	1	sequences	118607	bases	21618082	classified	112866	place	lpt	weight	7326365
[c100] ak2-sample	batch	0	name	0-SRR5935781	mode	parallel	s3client	sdk	rank	13	role	home	inflight	6	threads	16	start_s	30.263348	wall_s	213.707454	setup_s	0.000040	classify_s	213.706787	close_s	0.000000	report_s	0.000000	status	1	sequences	114092	bases	21700924	classified	111186	place	lpt	weight	8486948
[c100] ak2-sample	batch	0	name	0-SRR5935827	mode	parallel	s3client	sdk	rank	13	role	home	inflight	6	threads	16	start_s	30.263378	wall_s	239.012510	setup_s	0.000070	classify_s	239.011831	close_s	0.000000	report_s	0.000000	status	1	sequences	77880	bases	14494899	classified	76444	place	lpt	weight	16260968
Terminated
ak2: [2026-10-08T05:29:44Z] spec body exit rc=129 (SIGHUP)
ak2-phase	2026-10-08T05:29:44Z	1791437384	end	no
