Loading database information...ak2-timing	opts	0.002717	0.000021	0	0	0.000019	0.000000
ak2-timing	taxo	0.002746	0.103303	87789	0	0.034978	0.084637
ak2-engine	mem	t_s	15.0	rss_kib	21739372	hwm_kib	21739376	heap_inuse	394682368	sys	410065256	avail_kib	105843524
ak2-engine	mem	t_s	30.0	rss_kib	39832680	hwm_kib	39832684	heap_inuse	396042240	sys	410065256	avail_kib	87774136
ak2-engine	mem	t_s	45.0	rss_kib	55714104	hwm_kib	55714108	heap_inuse	397443072	sys	414259560	avail_kib	71935824
ak2-timing	shard-load-8	0.174141	58.930841	40702	0	58.758965	79.235710
ak2-engine	mem	t_s	60.0	rss_kib	72968928	hwm_kib	72968932	heap_inuse	399949824	sys	414259560	avail_kib	54645012
ak2-timing	rendezvous	59.579396	13.569310	588	0	0.016916	0.008399
ak2-timing	connect	73.148721	0.022449	6	0	0.000459	0.000618
ak2-timing	hash	0.106162	73.065022	43099	0	58.789192	79.248052
 done.
ak2-engine	mem	t_s	75.0	rss_kib	76822852	hwm_kib	76822852	heap_inuse	4047118336	sys	4476558888	avail_kib	50867716
ak2-engine	mem	t_s	90.0	rss_kib	78238128	hwm_kib	78238128	heap_inuse	4725620736	sys	5892059000	avail_kib	49076536
16720060 sequences (3103.13 Mbp) processed in 17.801s (56357.0 Kseq/m, 10459.48 Mbp/m).
  16427692 sequences classified (98.25%)
  292368 sequences unclassified (1.75%)
ak2-sample	batch	0	name	0-SRR5935802	mode	parallel	s3client	sdk	rank	8	role	home	inflight	1	threads	16	start_s	73.171225	wall_s	18.277905	setup_s	0.000043	classify_s	17.800876	close_s	0.296326	report_s	0.172121	status	0	sequences	16720060	bases	3103131942	classified	16427692	place	lpt	weight	16720060
ak2-engine	mem	t_s	105.0	rss_kib	78296000	hwm_kib	78296000	heap_inuse	5156995072	sys	5892902776	avail_kib	49315116
14959235 sequences (2745.67 Mbp) processed in 15.595s (57553.5 Kseq/m, 10563.55 Mbp/m).
  13888405 sequences classified (92.84%)
  1070830 sequences unclassified (7.16%)
ak2-sample	batch	0	name	0-SRR5935796	mode	parallel	s3client	sdk	rank	8	role	home	inflight	1	threads	16	start_s	91.449160	wall_s	16.001941	setup_s	0.000069	classify_s	15.595137	close_s	0.222087	report_s	0.170774	status	0	sequences	14959235	bases	2745665723	classified	13888405	place	lpt	weight	14959235
ak2-engine	mem	t_s	120.0	rss_kib	78595360	hwm_kib	78595360	heap_inuse	3479281664	sys	6435946616	avail_kib	48841476
13365245 sequences (2460.33 Mbp) processed in 14.305s (56058.8 Kseq/m, 10319.53 Mbp/m).
  13192260 sequences classified (98.71%)
  172985 sequences unclassified (1.29%)
ak2-sample	batch	0	name	0-SRR5935822	mode	parallel	s3client	sdk	rank	8	role	home	inflight	1	threads	16	start_s	107.451128	wall_s	14.674742	setup_s	0.000058	classify_s	14.304884	close_s	0.232818	report_s	0.129565	status	0	sequences	13365245	bases	2460327516	classified	13192260	place	lpt	weight	13365245
11012615 sequences (2057.95 Mbp) processed in 11.946s (55312.6 Kseq/m, 10336.40 Mbp/m).
  10686469 sequences classified (97.04%)
  326146 sequences unclassified (2.96%)
ak2-sample	batch	0	name	0-SRR5935746	mode	parallel	s3client	sdk	rank	8	role	home	inflight	1	threads	16	start_s	122.125895	wall_s	12.299906	setup_s	0.000077	classify_s	11.945868	close_s	0.195986	report_s	0.150005	status	0	sequences	11012615	bases	2057953866	classified	10686469	place	lpt	weight	11012615
ak2-engine	mem	t_s	135.1	rss_kib	77643556	hwm_kib	78598004	heap_inuse	3075219456	sys	6435946616	avail_kib	49801912
9230220 sequences (1688.15 Mbp) processed in 9.844s (56261.7 Kseq/m, 10289.93 Mbp/m).
  8736529 sequences classified (94.65%)
  493691 sequences unclassified (5.35%)
ak2-sample	batch	0	name	0-SRR5935771	mode	parallel	s3client	sdk	rank	8	role	home	inflight	1	threads	16	start_s	134.425831	wall_s	10.246125	setup_s	0.000070	classify_s	9.843516	close_s	0.212863	report_s	0.177338	status	0	sequences	9230220	bases	1688151903	classified	8736529	place	lpt	weight	9230220
3036382 sequences (569.20 Mbp) processed in 3.557s (51212.0 Kseq/m, 9600.27 Mbp/m).
  2817388 sequences classified (92.79%)
  218994 sequences unclassified (7.21%)
ak2-sample	batch	0	name	0-SRR5935747	mode	parallel	s3client	sdk	rank	8	role	home	inflight	1	threads	16	start_s	144.671984	wall_s	4.047078	setup_s	0.000061	classify_s	3.557426	close_s	0.317092	report_s	0.165863	status	0	sequences	3036382	bases	569204188	classified	2817388	place	lpt	weight	3036382
ak2-engine	mem	t_s	150.1	rss_kib	78679708	hwm_kib	78679708	heap_inuse	3817144320	sys	6443876472	avail_kib	48911872
ak2-timing	batch-barrier-0	148.719084	4.300755	3	0	0.993319	0.105969
ak2-engine	mem	t_s	165.1	rss_kib	78848732	hwm_kib	78848732	heap_inuse	4047421440	sys	6922514664	avail_kib	48748792
11859598 sequences (2188.90 Mbp) processed in 12.870s (55290.3 Kseq/m, 10204.82 Mbp/m).
  10951240 sequences classified (92.34%)
  908358 sequences unclassified (7.66%)
ak2-sample	batch	1	name	1-SRR5935748	mode	parallel	s3client	sdk	rank	8	role	home	inflight	1	threads	16	start_s	153.019866	wall_s	13.310931	setup_s	0.000066	classify_s	12.869817	close_s	0.232842	report_s	0.192645	status	0	sequences	11859598	bases	2188903487	classified	10951240	place	mod	weight	11859598
11689489 sequences (2123.44 Mbp) processed in 12.417s (56486.4 Kseq/m, 10260.97 Mbp/m).
  11327502 sequences classified (96.90%)
  361987 sequences unclassified (3.10%)
ak2-sample	batch	1	name	1-SRR5935764	mode	parallel	s3client	sdk	rank	8	role	home	inflight	1	threads	16	start_s	166.330827	wall_s	12.836754	setup_s	0.000074	classify_s	12.416606	close_s	0.260018	report_s	0.149937	status	0	sequences	11689489	bases	2123440867	classified	11327502	place	mod	weight	11689489
ak2-engine	mem	t_s	180.1	rss_kib	78417960	hwm_kib	78959684	heap_inuse	4076568576	sys	6922514664	avail_kib	48676336
10716528 sequences (1994.96 Mbp) processed in 11.539s (55722.4 Kseq/m, 10373.14 Mbp/m).
  10376259 sequences classified (96.82%)
  340269 sequences unclassified (3.18%)
ak2-sample	batch	1	name	1-SRR5935780	mode	parallel	s3client	sdk	rank	8	role	home	inflight	1	threads	16	start_s	179.167611	wall_s	11.925470	setup_s	0.000063	classify_s	11.539191	close_s	0.234738	report_s	0.143549	status	0	sequences	10716528	bases	1994960359	classified	10376259	place	mod	weight	10716528
ak2-engine	mem	t_s	195.1	rss_kib	78246556	hwm_kib	79007744	heap_inuse	4064542720	sys	6922514664	avail_kib	49266808
14959235 sequences (2745.67 Mbp) processed in 15.810s (56771.4 Kseq/m, 10420.01 Mbp/m).
  13888405 sequences classified (92.84%)
  1070830 sequences unclassified (7.16%)
ak2-sample	batch	1	name	1-SRR5935796	mode	parallel	s3client	sdk	rank	8	role	home	inflight	1	threads	16	start_s	191.093108	wall_s	16.286584	setup_s	0.000071	classify_s	15.809963	close_s	0.231449	report_s	0.230232	status	0	sequences	14959235	bases	2745665723	classified	13888405	place	mod	weight	14959235
ak2-engine	mem	t_s	210.1	rss_kib	78062972	hwm_kib	79007744	heap_inuse	3249356800	sys	6922514664	avail_kib	49511724
9108174 sequences (1698.33 Mbp) processed in 9.761s (55986.0 Kseq/m, 10439.28 Mbp/m).
  8923230 sequences classified (97.97%)
  184944 sequences unclassified (2.03%)
ak2-sample	batch	1	name	1-SRR5935812	mode	parallel	s3client	sdk	rank	8	role	home	inflight	1	threads	16	start_s	207.379718	wall_s	10.241112	setup_s	0.000068	classify_s	9.761201	close_s	0.320687	report_s	0.151782	status	0	sequences	9108174	bases	1698332428	classified	8923230	place	mod	weight	9108174
ak2-engine	mem	t_s	225.1	rss_kib	78394268	hwm_kib	79007744	heap_inuse	3121807360	sys	6922612968	avail_kib	49005076
8326050 sequences (1540.09 Mbp) processed in 8.929s (55951.3 Kseq/m, 10349.47 Mbp/m).
  8094378 sequences classified (97.22%)
  231672 sequences unclassified (2.78%)
ak2-sample	batch	1	name	1-SRR5935828	mode	parallel	s3client	sdk	rank	8	role	home	inflight	1	threads	16	start_s	217.620859	wall_s	9.351576	setup_s	0.000065	classify_s	8.928533	close_s	0.205205	report_s	0.209788	status	0	sequences	8326050	bases	1540092338	classified	8094378	place	mod	weight	8326050
ak2-engine	mem	t_s	240.1	rss_kib	78392288	hwm_kib	79007744	heap_inuse	4358160384	sys	6922612968	avail_kib	49286496
ak2-timing	batch-barrier-1	226.972469	15.226164	3	0	4.623448	0.731369
ak2-engine	mem	t_s	255.1	rss_kib	78335644	hwm_kib	79007744	heap_inuse	5037596672	sys	6922612968	avail_kib	49264948
16720060 sequences (3103.13 Mbp) processed in 17.877s (56116.7 Kseq/m, 10414.89 Mbp/m).
  16427692 sequences classified (98.25%)
  292368 sequences unclassified (1.75%)
ak2-sample	batch	2	name	2-SRR5935802	mode	parallel	s3client	sdk	rank	8	role	home	inflight	1	threads	16	start_s	242.198679	wall_s	18.347502	setup_s	0.000051	classify_s	17.877086	close_s	0.314345	report_s	0.147369	status	0	sequences	16720060	bases	3103131942	classified	16427692	place	lpt	weight	16720060
ak2-engine	mem	t_s	270.1	rss_kib	78845832	hwm_kib	79007744	heap_inuse	5164777472	sys	6922612968	avail_kib	48620716
14959235 sequences (2745.67 Mbp) processed in 15.748s (56994.2 Kseq/m, 10460.90 Mbp/m).
  13888405 sequences classified (92.84%)
  1070830 sequences unclassified (7.16%)
ak2-sample	batch	2	name	2-SRR5935796	mode	parallel	s3client	sdk	rank	8	role	home	inflight	1	threads	16	start_s	260.546211	wall_s	16.191170	setup_s	0.000075	classify_s	15.748169	close_s	0.263072	report_s	0.165305	status	0	sequences	14959235	bases	2745665723	classified	13888405	place	lpt	weight	14959235
ak2-engine	mem	t_s	285.1	rss_kib	78466740	hwm_kib	79007744	heap_inuse	3492380672	sys	6922678504	avail_kib	49057112
13365245 sequences (2460.33 Mbp) processed in 14.230s (56353.2 Kseq/m, 10373.73 Mbp/m).
  13192260 sequences classified (98.71%)
  172985 sequences unclassified (1.29%)
ak2-sample	batch	2	name	2-SRR5935822	mode	parallel	s3client	sdk	rank	8	role	home	inflight	1	threads	16	start_s	276.737406	wall_s	14.613208	setup_s	0.000064	classify_s	14.230143	close_s	0.224941	report_s	0.150370	status	0	sequences	13365245	bases	2460327516	classified	13192260	place	lpt	weight	13365245
ak2-engine	mem	t_s	300.1	rss_kib	79055764	hwm_kib	79247732	heap_inuse	5516238848	sys	6923923688	avail_kib	48318992
11012615 sequences (2057.95 Mbp) processed in 11.870s (55665.1 Kseq/m, 10402.28 Mbp/m).
  10686469 sequences classified (97.04%)
  326146 sequences unclassified (2.96%)
ak2-sample	batch	2	name	2-SRR5935746	mode	parallel	s3client	sdk	rank	8	role	home	inflight	1	threads	16	start_s	291.350643	wall_s	12.387824	setup_s	0.000075	classify_s	11.870214	close_s	0.285780	report_s	0.223830	status	0	sequences	11012615	bases	2057953866	classified	10686469	place	lpt	weight	11012615
9230220 sequences (1688.15 Mbp) processed in 9.953s (55641.1 Kseq/m, 10176.42 Mbp/m).
  8736529 sequences classified (94.65%)
  493691 sequences unclassified (5.35%)
ak2-sample	batch	2	name	2-SRR5935771	mode	parallel	s3client	sdk	rank	8	role	home	inflight	1	threads	16	start_s	303.738495	wall_s	10.381380	setup_s	0.000073	classify_s	9.953312	close_s	0.214297	report_s	0.202004	status	0	sequences	9230220	bases	1688151903	classified	8736529	place	lpt	weight	9230220
ak2-engine	mem	t_s	315.1	rss_kib	77889196	hwm_kib	79247732	heap_inuse	3824828416	sys	6923923688	avail_kib	49464932
3036382 sequences (569.20 Mbp) processed in 3.609s (50473.3 Kseq/m, 9461.78 Mbp/m).
  2817388 sequences classified (92.79%)
  218994 sequences unclassified (7.21%)
ak2-sample	batch	2	name	2-SRR5935747	mode	parallel	s3client	sdk	rank	8	role	home	inflight	1	threads	16	start_s	314.119904	wall_s	3.965041	setup_s	0.000065	classify_s	3.609495	close_s	0.208208	report_s	0.141183	status	0	sequences	3036382	bases	569204188	classified	2817388	place	lpt	weight	3036382
ak2-timing	batch-barrier-2	318.084967	5.450621	0	0	0.902035	0.201042
ak2-timing	barrier	329.621155	0.166940	0	0	0.002834	0.000288
ak2-sample	batch	3	name	3-SRR5935740	mode	striped	s3client	sdk	rank	8	role	peer	inflight	1	threads	16	start_s	323.989853	wall_s	5.798292	setup_s	0.000050	classify_s	5.627282	close_s	0.000000	report_s	0.000000	status	0	sequences	0	bases	0	classified	0	place	-	weight	-
ak2-engine	mem	t_s	330.1	rss_kib	76240840	hwm_kib	79247732	heap_inuse	3662528512	sys	6923923688	avail_kib	51486436
ak2-timing	batch-barrier-3	329.788157	0.504150	3	0	0.000000	0.006659
ak2-timing	barrier	336.653943	0.341049	0	0	0.020864	0.000000
ak2-sample	batch	4	name	4-SRR5935740	mode	striped	s3client	sdk	rank	8	role	peer	inflight	1	threads	16	start_s	331.051424	wall_s	5.943613	setup_s	0.000068	classify_s	5.598202	close_s	0.000000	report_s	0.000000	status	0	sequences	0	bases	0	classified	0	place	-	weight	-
ak2-timing	batch-barrier-4	336.995050	0.542403	4	0	0.005518	0.000000
ak2-timing	barrier	343.881044	0.179769	0	0	0.013352	0.001341
ak2-sample	batch	5	name	5-SRR5935740	mode	striped	s3client	sdk	rank	8	role	peer	inflight	1	threads	16	start_s	338.269918	wall_s	5.790939	setup_s	0.000054	classify_s	5.606888	close_s	0.000000	report_s	0.000000	status	0	sequences	0	bases	0	classified	0	place	-	weight	-
ak2-timing	batch-barrier-5	344.060867	0.531838	3	0	0.005507	0.000553
ak2-engine	mem	t_s	345.1	rss_kib	76294432	hwm_kib	79247732	heap_inuse	3544645632	sys	6923923688	avail_kib	51330876
ak2-timing	batch-barrier-6	344.592723	11.102670	2	0	0.796691	0.052237
ak2-engine	mem	t_s	360.1	rss_kib	76294432	hwm_kib	79247732	heap_inuse	3546259456	sys	6923923688	avail_kib	51477732
ak2-timing	batch-barrier-7	355.695414	9.161600	0	0	0.655509	0.144698
ak2-engine	mem	t_s	375.1	rss_kib	76294440	hwm_kib	79247732	heap_inuse	3548217344	sys	6923923688	avail_kib	51519488
ak2-timing	batch-barrier-8	364.857035	10.304633	2	0	0.747876	0.075776
ak2-engine	shard	0	n	16	lo	148636458971	hi	167216016342	tail	302	full	false	empty_at	18579557372	keys	8480894883	batches	89910	probe_s	244.079357	tail_probes	0	wrap_probes	0
ak2-engine	mem	t_s	375.2	rss_kib	76294440	hwm_kib	79247732	heap_inuse	3548241920	sys	6923923688	avail_kib	51515928
ak2-engine	rendezvous	puts	13	gets	487
ak2-engine	s3	client	sdk	put	31	get	487	create_multipart	18	upload_part	2148	complete_multipart	18	abort_multipart	0	part_bytes	17957403705
ak2-engine	s3	client	cli	put	0	get	0	create_multipart	0	upload_part	0	complete_multipart	0	abort_multipart	0	part_bytes	0
ak2-engine	load	seconds	58.930837	requests	1126	retries	0	bytes	74318296292
ak2-engine	route	transport	nodes	calls	5383	keys	8095663616	batches	86128	route_s	101.368345	wait_s	320.948311	gather_s	19.387796
ak2-engine	worker	scan_s	756.136883	lookup_s	441.710570	classify_s	679.631830
ak2-timing	total	0.000001	375.304187	6560429	0	1656.542298	166.605212
