spawn: shell options for --command: $-=ehB
spawn: errexit is ON. set -uo pipefail does NOT clear it; use set +e to opt out.
spawn: [2026-10-08T05:11:08Z] wrapper start
spawn: [2026-10-08T05:11:08Z] stage-in start
spawn: [2026-10-08T05:11:08Z] stage-in done rc=0
spawn: [2026-10-08T05:11:08Z] command start
ak2-stub: inherited $-=hBc
ak2-stub: imds region=us-west-2 expected=us-west-2 payload bucket aws-kraken2-942542972736-us-west-2 region=us-west-2
ak2-stub: payload verified (sha256 f7cb1d57e35909387d83cf824daef0ee935dfe8fb9d324335e0452861a9266c8); exec
ak2: log tee up
ak2-phase	2026-10-08T05:11:08Z	1791436268	preamble	no
ak2: [2026-10-08T05:11:08Z] inherited $-=hBc (stub, as spawn started it: $-=hBc)
ak2: [2026-10-08T05:11:08Z] after set +e $-=hBc
ak2: [2026-10-08T05:11:08Z] gate=g3 run=20261008-051043-9c4a5c7-f7bd-n16-r0
ak2: [2026-10-08T05:11:08Z] aws shim installed and self-tested (/tmp/ak2-bin/aws -> /usr/bin/aws)
ak2: [2026-10-08T05:11:08Z] imds region=us-west-2 az=us-west-2a instance=i-04eabb781bb2bc76d type=c8g.12xlarge ami=ami-09325776a00699513
ak2: [2026-10-08T05:11:08Z] bucket aws-kraken2-942542972736-us-west-2 region=us-west-2
ak2: [2026-10-08T05:11:09Z] bucket aws-kraken2-942542972736-us-west-2 payer=UNKNOWN
ak2: [2026-10-08T05:11:09Z] WARN: could not read Payer of aws-kraken2-942542972736-us-west-2 from the instance (launch host verified it)
ak2: [2026-10-08T05:11:09Z] bucket kraken2-ncbi-refseq-complete-v205 region=us-west-2
ak2: [2026-10-08T05:11:09Z] bucket kraken2-ncbi-refseq-complete-v205 payer=BucketOwner
ak2: [2026-10-08T05:11:09Z] region assert passed
ak2: [2026-10-08T05:11:09Z] drop_caches_ok=true
ak2: [2026-10-08T05:11:10Z] preamble done; spec body starts
ak2-phase	2026-10-08T05:11:10Z	1791436270	body	no
ak2: [2026-10-08T05:11:10Z] e3 cohort 20261008-051043-9c4a5c7-f7bd-n16 rank 0 of 16, commit 9c4a5c7; RODA kraken2-ncbi-refseq-complete-v205/Kraken2_RefSeqCompleteV205; samples aws-kraken2-942542972736-us-west-2/aws-kraken2/data/cohort; cohort 100
ak2-phase	2026-10-08T05:11:10Z	1791436270	setup	no
ak2: [2026-10-08T05:11:47Z] built 9c4a5c762db39c86a6d09e95a503f1b19d310b10; go version go1.27.1 linux/arm64; ip 172.31.17.160; nproc 48; mem_gib 92; threads 16, inflight 6
ak2-phase	2026-10-08T05:11:47Z	1791436307	manifest	no
ak2: [2026-10-08T05:11:47Z] staged s3://kraken2-ncbi-refseq-complete-v205/Kraken2_RefSeqCompleteV205/opts.k2d -> /home/ec2-user/ak2/db/roda/opts.k2d (56 bytes)
ak2: [2026-10-08T05:11:49Z] staged s3://kraken2-ncbi-refseq-complete-v205/Kraken2_RefSeqCompleteV205/taxo.k2d -> /home/ec2-user/ak2/db/roda/taxo.k2d (179150665 bytes)
ak2: [2026-10-08T05:11:49Z] RODA hash.k2d etag=f80959f9556b50d76b3e744afdd3b22a-8860 size=1189091671800
ak2: [2026-10-08T05:11:50Z] pushed out/rank0/c100.tsv
ak2: [2026-10-08T05:11:50Z] pushed out/rank0/placement.tsv
ak2: [2026-10-08T05:11:50Z] manifest c100: 306 lines in 9 batches; rank 0 reads 13 samples
ak2-phase	2026-10-08T05:11:50Z	1791436310	fetch	no
ak2: [2026-10-08T05:12:02Z] ERROR: input fetch failed
spawn: [2026-10-08T05:12:03Z] command exit rc=1
