shell flags: hB
pin 2731b35f7abb26ec926517274f3d87e78d42fd76 (2.17.2-20-g2731b35)  db /Users/scttfrdmn/src/aws-kraken2/.cache/db/k2_viral_20260626  reads /Users/scttfrdmn/src/aws-kraken2/.cache/reads/SRR062634_200000  threads 4  work /Users/scttfrdmn/src/aws-kraken2/.cache/equiv-seqout/20261009T204209Z
decompression: inprocess; gzip /tmp/gnugzip/inst/bin/gzip: gzip 1.12
gzip -dc SRR062634_200000_1.fq.gz: exit 0 
gzip -dc r_1.multi.fq.gz: exit 0 
gzip -dc r_1.zeropad.fq.gz: exit 0 
gzip -dc r_1.garbage.fq.gz: exit 2  gzip: /Users/scttfrdmn/src/aws-kraken2/.cache/equiv-seqout/20261009T204209Z/r_1.garbage.fq.gz: decompression OK, trailing garbage ignored 
gzip -dc r_1.trunc.fq.gz: exit 1  gzip: /Users/scttfrdmn/src/aws-kraken2/.cache/equiv-seqout/20261009T204209Z/r_1.trunc.fq.gz: unexpected end of file 
gzip -dc SRR062634_200000_1.fq: exit 1  gzip: /Users/scttfrdmn/src/aws-kraken2/.cache/reads/SRR062634_200000_1.fq: not in gzip format 
bzip2 -dc r_1.fq.bz2: exit 0 
bzip2 -dc r_1.garbage.fq.bz2: exit 0  bzip2: /Users/scttfrdmn/src/aws-kraken2/.cache/equiv-seqout/20261009T204209Z/r_1.garbage.fq.bz2: trailing garbage after EOF ignored 
se_fq_plain: upstream exit 0 (expected 0); 200000 sequences (20.00 Mbp) processed in 0.253s (47452.4 Kseq/m, 4745.24 Mbp/m).  1099 sequences classified (0.55%)  198901 sequences unclassified (99.45%)
se_fq_gz_auto: upstream exit 0 (expected 0); 200000 sequences (20.00 Mbp) processed in 0.366s (32817.6 Kseq/m, 3281.76 Mbp/m).  1099 sequences classified (0.55%)  198901 sequences unclassified (99.45%)
se_fq_gz_flag: upstream exit 0 (expected 0); 200000 sequences (20.00 Mbp) processed in 0.366s (32754.6 Kseq/m, 3275.46 Mbp/m).  1099 sequences classified (0.55%)  198901 sequences unclassified (99.45%)
pe_fq_plain: upstream exit 0 (expected 0); 200000 sequences (40.00 Mbp) processed in 0.479s (25028.2 Kseq/m, 5005.63 Mbp/m).  2167 sequences classified (1.08%)  197833 sequences unclassified (98.92%)
pe_fq_gz_auto: upstream exit 0 (expected 0); 200000 sequences (40.00 Mbp) processed in 0.712s (16861.0 Kseq/m, 3372.21 Mbp/m).  2167 sequences classified (1.08%)  197833 sequences unclassified (98.92%)
se_fq_q20: upstream exit 0 (expected 0); 200000 sequences (20.00 Mbp) processed in 0.223s (53841.8 Kseq/m, 5384.18 Mbp/m).  826 sequences classified (0.41%)  199174 sequences unclassified (99.59%)
pe_fq_gz_q20: upstream exit 0 (expected 0); 200000 sequences (40.00 Mbp) processed in 0.657s (18259.0 Kseq/m, 3651.80 Mbp/m).  1614 sequences classified (0.81%)  198386 sequences unclassified (99.19%)
se_fa: upstream exit 0 (expected 0); 200000 sequences (20.00 Mbp) processed in 0.208s (57817.1 Kseq/m, 5781.71 Mbp/m).  1099 sequences classified (0.55%)  198901 sequences unclassified (99.45%)
se_fa_wrap: upstream exit 0 (expected 0); 200000 sequences (20.00 Mbp) processed in 0.208s (57780.9 Kseq/m, 5778.09 Mbp/m).  1099 sequences classified (0.55%)  198901 sequences unclassified (99.45%)
pe_fa_wrap_gz: upstream exit 0 (expected 0); 200000 sequences (40.00 Mbp) processed in 0.603s (19913.1 Kseq/m, 3982.62 Mbp/m).  2167 sequences classified (1.08%)  197833 sequences unclassified (98.92%)
pe_fa_plain: upstream exit 0 (expected 0); 200000 sequences (40.00 Mbp) processed in 0.403s (29808.6 Kseq/m, 5961.73 Mbp/m).  2167 sequences classified (1.08%)  197833 sequences unclassified (98.92%)
se_fq_crlf: upstream exit 0 (expected 0); 200000 sequences (20.00 Mbp) processed in 0.252s (47552.6 Kseq/m, 4755.26 Mbp/m).  1099 sequences classified (0.55%)  198901 sequences unclassified (99.45%)
pe_fq_crlf: upstream exit 0 (expected 0); 200000 sequences (40.00 Mbp) processed in 0.472s (25411.2 Kseq/m, 5082.25 Mbp/m).  2167 sequences classified (1.08%)  197833 sequences unclassified (98.92%)
pe_fq_slash_tab: upstream exit 0 (expected 0); 200000 sequences (40.00 Mbp) processed in 0.488s (24609.0 Kseq/m, 4921.80 Mbp/m).  2167 sequences classified (1.08%)  197833 sequences unclassified (98.92%)
se_fq_gz_multimember: upstream exit 0 (expected 0); 200000 sequences (20.00 Mbp) processed in 0.367s (32671.4 Kseq/m, 3267.14 Mbp/m).  1099 sequences classified (0.55%)  198901 sequences unclassified (99.45%)
pe_fq_gz_multimember: upstream exit 0 (expected 0); 200000 sequences (40.00 Mbp) processed in 0.718s (16715.2 Kseq/m, 3343.05 Mbp/m).  2167 sequences classified (1.08%)  197833 sequences unclassified (98.92%)
se_fq_gz_zeropad: upstream exit 0 (expected 0); 200000 sequences (20.00 Mbp) processed in 0.366s (32779.2 Kseq/m, 3277.92 Mbp/m).  1099 sequences classified (0.55%)  198901 sequences unclassified (99.45%)
se_fq_gz_garbage: upstream exit 0 (expected 0); 200000 sequences (20.00 Mbp) processed in 0.364s (32945.1 Kseq/m, 3294.51 Mbp/m).  1099 sequences classified (0.55%)  198901 sequences unclassified (99.45%)
se_fq_gz_truncated: upstream exit 0 (expected 0,65); 98762 sequences (9.88 Mbp) processed in 0.239s (24782.6 Kseq/m, 2478.24 Mbp/m).  560 sequences classified (0.57%)  98202 sequences unclassified (99.43%)
se_fq_gzflag_on_plain: upstream exit 0 (expected 0); 0 sequences (0.00 Mbp) processed in 0.000s (0.0 Kseq/m, 0.00 Mbp/m).  0 sequences classified (nan%)  0 sequences unclassified (nan%)
se_fq_bz2_auto: upstream exit 0 (expected 0); 200000 sequences (20.00 Mbp) processed in 0.955s (12568.8 Kseq/m, 1256.88 Mbp/m).  1099 sequences classified (0.55%)  198901 sequences unclassified (99.45%)
se_fq_bz2_flag: upstream exit 0 (expected 0); 200000 sequences (20.00 Mbp) processed in 0.950s (12638.0 Kseq/m, 1263.80 Mbp/m).  1099 sequences classified (0.55%)  198901 sequences unclassified (99.45%)
pe_fq_bz2_auto: upstream exit 0 (expected 0); 200000 sequences (40.00 Mbp) processed in 1.901s (6311.7 Kseq/m, 1262.34 Mbp/m).  2167 sequences classified (1.08%)  197833 sequences unclassified (98.92%)
se_fq_bz2_garbage: upstream exit 0 (expected 0); 200000 sequences (20.00 Mbp) processed in 0.952s (12602.2 Kseq/m, 1260.22 Mbp/m).  1099 sequences classified (0.55%)  198901 sequences unclassified (99.45%)
se_fq_malformed: upstream exit 65 (expected 65); classify: sequence reader - record 'SRR062634.1000' has 100 bases and 152 quality values, and 1 further malformed records; their bases were classified with the rest. 199999 records were classified and written to /Users/scttfrdmn/src/aws-kraken2/.cache/equiv-seqout/20261009T204209Z/se_fq_malformed.kraken
pe_fq_mate2_short: upstream exit 65 (expected 65); classify: the two mate files hold different numbers of records, so only the pairs up to the end of the shorter one were classified. 199990 records were classified and written to /Users/scttfrdmn/src/aws-kraken2/.cache/equiv-seqout/20261009T204209Z/pe_fq_mate2_short.kraken
pe_fq_mate1_short: upstream exit 65 (expected 65); classify: the two mate files hold different numbers of records, so only the pairs up to the end of the shorter one were classified. 199990 records were classified and written to /Users/scttfrdmn/src/aws-kraken2/.cache/equiv-seqout/20261009T204209Z/pe_fq_mate1_short.kraken
se_empty: upstream exit 0 (expected 0); 0 sequences (0.00 Mbp) processed in 0.000s (0.0 Kseq/m, 0.00 Mbp/m).  0 sequences classified (nan%)  0 sequences unclassified (nan%)
se_fq_no_final_newline: upstream exit 0 (expected 0); 200000 sequences (20.00 Mbp) processed in 0.248s (48375.6 Kseq/m, 4837.56 Mbp/m).  1099 sequences classified (0.55%)  198901 sequences unclassified (99.45%)
se_fa_no_final_newline: upstream exit 0 (expected 0); 200000 sequences (20.00 Mbp) processed in 0.206s (58258.6 Kseq/m, 5825.86 Mbp/m).  1099 sequences classified (0.55%)  198901 sequences unclassified (99.45%)
extra sample: /Users/scttfrdmn/src/aws-kraken2/.cache/reads/ERR478965_200000 (accession ERR478965 records_per_mate 200000 urls ftp.sra.ebi.ac.uk/vol1/fastq/ERR478/ERR478965/ERR478965_1.fastq.gz ftp.sra.ebi.ac.uk/vol1/fastq/ERR478/ERR478965/ERR478965_2.fastq.gz sha256 385a3f6e4e9ee725dafb3b041d112a456b5cad2aacba709aa857e1a7cfdd91be ERR478965_200000_1.fq sha256 71e9a1e49147d0e26462615215f01748751d15e07101435fb99832e1ce217af7 ERR478965_200000_2.fq fetched 2026-10-06T00:29:07Z )
ERR478965_se_fq_plain: upstream exit 0 (expected 0); 200000 sequences (18.13 Mbp) processed in 0.237s (50735.9 Kseq/m, 4598.78 Mbp/m).  396 sequences classified (0.20%)  199604 sequences unclassified (99.80%)
ERR478965_se_fq_gz_auto: upstream exit 0 (expected 0); 200000 sequences (18.13 Mbp) processed in 0.314s (38167.9 Kseq/m, 3459.60 Mbp/m).  396 sequences classified (0.20%)  199604 sequences unclassified (99.80%)
ERR478965_pe_fq_plain: upstream exit 0 (expected 0); 200000 sequences (36.17 Mbp) processed in 0.457s (26231.3 Kseq/m, 4744.57 Mbp/m).  482 sequences classified (0.24%)  199518 sequences unclassified (99.76%)
ERR478965_pe_fq_gz_auto: upstream exit 0 (expected 0); 200000 sequences (36.17 Mbp) processed in 0.601s (19973.6 Kseq/m, 3612.71 Mbp/m).  482 sequences classified (0.24%)  199518 sequences unclassified (99.76%)
cases: 34 recorded, 34 run, 34 expected
=== RUN   TestOracleSeqout
=== RUN   TestOracleSeqout/se_fq_plain
    oracle_test.go:318: se_fq_plain: 200000 records, 1099 classified, 0 id/len mismatches, 0 malformed, exit 0
=== RUN   TestOracleSeqout/se_fq_gz_auto
    oracle_test.go:318: se_fq_gz_auto: 200000 records, 1099 classified, 0 id/len mismatches, 0 malformed, exit 0
=== RUN   TestOracleSeqout/se_fq_gz_flag
    oracle_test.go:318: se_fq_gz_flag: 200000 records, 1099 classified, 0 id/len mismatches, 0 malformed, exit 0
=== RUN   TestOracleSeqout/pe_fq_plain
    oracle_test.go:318: pe_fq_plain: 200000 records, 2167 classified, 0 id/len mismatches, 0 malformed, exit 0
=== RUN   TestOracleSeqout/pe_fq_gz_auto
    oracle_test.go:318: pe_fq_gz_auto: 200000 records, 2167 classified, 0 id/len mismatches, 0 malformed, exit 0
=== RUN   TestOracleSeqout/se_fq_q20
    oracle_test.go:318: se_fq_q20: 200000 records, 826 classified, 0 id/len mismatches, 0 malformed, exit 0
=== RUN   TestOracleSeqout/pe_fq_gz_q20
    oracle_test.go:318: pe_fq_gz_q20: 200000 records, 1614 classified, 0 id/len mismatches, 0 malformed, exit 0
=== RUN   TestOracleSeqout/se_fa
    oracle_test.go:318: se_fa: 200000 records, 1099 classified, 0 id/len mismatches, 0 malformed, exit 0
=== RUN   TestOracleSeqout/se_fa_wrap
    oracle_test.go:318: se_fa_wrap: 200000 records, 1099 classified, 0 id/len mismatches, 0 malformed, exit 0
=== RUN   TestOracleSeqout/pe_fa_wrap_gz
    oracle_test.go:318: pe_fa_wrap_gz: 200000 records, 2167 classified, 0 id/len mismatches, 0 malformed, exit 0
=== RUN   TestOracleSeqout/pe_fa_plain
    oracle_test.go:318: pe_fa_plain: 200000 records, 2167 classified, 0 id/len mismatches, 0 malformed, exit 0
=== RUN   TestOracleSeqout/se_fq_crlf
    oracle_test.go:318: se_fq_crlf: 200000 records, 1099 classified, 0 id/len mismatches, 0 malformed, exit 0
=== RUN   TestOracleSeqout/pe_fq_crlf
    oracle_test.go:318: pe_fq_crlf: 200000 records, 2167 classified, 0 id/len mismatches, 0 malformed, exit 0
=== RUN   TestOracleSeqout/pe_fq_slash_tab
    oracle_test.go:318: pe_fq_slash_tab: 200000 records, 2167 classified, 0 id/len mismatches, 0 malformed, exit 0
=== RUN   TestOracleSeqout/se_fq_gz_multimember
    oracle_test.go:318: se_fq_gz_multimember: 200000 records, 1099 classified, 0 id/len mismatches, 0 malformed, exit 0
=== RUN   TestOracleSeqout/pe_fq_gz_multimember
    oracle_test.go:318: pe_fq_gz_multimember: 200000 records, 2167 classified, 0 id/len mismatches, 0 malformed, exit 0
=== RUN   TestOracleSeqout/se_fq_gz_zeropad
    oracle_test.go:318: se_fq_gz_zeropad: 200000 records, 1099 classified, 0 id/len mismatches, 0 malformed, exit 0
=== RUN   TestOracleSeqout/se_fq_gz_garbage
    oracle_test.go:318: se_fq_gz_garbage: 200000 records, 1099 classified, 0 id/len mismatches, 0 malformed, exit 0
=== RUN   TestOracleSeqout/se_fq_gz_truncated
    oracle_test.go:318: se_fq_gz_truncated: 98762 records, 560 classified, 0 id/len mismatches, 0 malformed, exit 0
=== RUN   TestOracleSeqout/se_fq_gzflag_on_plain
=== RUN   TestOracleSeqout/se_fq_bz2_auto
    oracle_test.go:318: se_fq_bz2_auto: 200000 records, 1099 classified, 0 id/len mismatches, 0 malformed, exit 0
=== RUN   TestOracleSeqout/se_fq_bz2_flag
    oracle_test.go:318: se_fq_bz2_flag: 200000 records, 1099 classified, 0 id/len mismatches, 0 malformed, exit 0
=== RUN   TestOracleSeqout/pe_fq_bz2_auto
    oracle_test.go:318: pe_fq_bz2_auto: 200000 records, 2167 classified, 0 id/len mismatches, 0 malformed, exit 0
=== RUN   TestOracleSeqout/se_fq_bz2_garbage
    oracle_test.go:318: se_fq_bz2_garbage: 200000 records, 1099 classified, 0 id/len mismatches, 0 malformed, exit 0
=== RUN   TestOracleSeqout/se_fq_malformed
    oracle_test.go:318: se_fq_malformed: 199999 records, 1099 classified, 0 id/len mismatches, 2 malformed, exit 65
=== RUN   TestOracleSeqout/pe_fq_mate2_short
    oracle_test.go:318: pe_fq_mate2_short: 199990 records, 2167 classified, 0 id/len mismatches, 0 malformed, exit 65
=== RUN   TestOracleSeqout/pe_fq_mate1_short
    oracle_test.go:318: pe_fq_mate1_short: 199990 records, 2167 classified, 0 id/len mismatches, 0 malformed, exit 65
=== RUN   TestOracleSeqout/se_empty
=== RUN   TestOracleSeqout/se_fq_no_final_newline
    oracle_test.go:318: se_fq_no_final_newline: 200000 records, 1099 classified, 0 id/len mismatches, 0 malformed, exit 0
=== RUN   TestOracleSeqout/se_fa_no_final_newline
    oracle_test.go:318: se_fa_no_final_newline: 200000 records, 1099 classified, 0 id/len mismatches, 0 malformed, exit 0
=== RUN   TestOracleSeqout/ERR478965_se_fq_plain
    oracle_test.go:318: ERR478965_se_fq_plain: 200000 records, 396 classified, 0 id/len mismatches, 0 malformed, exit 0
=== RUN   TestOracleSeqout/ERR478965_se_fq_gz_auto
    oracle_test.go:318: ERR478965_se_fq_gz_auto: 200000 records, 396 classified, 0 id/len mismatches, 0 malformed, exit 0
=== RUN   TestOracleSeqout/ERR478965_pe_fq_plain
    oracle_test.go:318: ERR478965_pe_fq_plain: 200000 records, 482 classified, 0 id/len mismatches, 0 malformed, exit 0
=== RUN   TestOracleSeqout/ERR478965_pe_fq_gz_auto
    oracle_test.go:318: ERR478965_pe_fq_gz_auto: 200000 records, 482 classified, 0 id/len mismatches, 0 malformed, exit 0
--- PASS: TestOracleSeqout (9.24s)
    --- PASS: TestOracleSeqout/se_fq_plain (0.08s)
    --- PASS: TestOracleSeqout/se_fq_gz_auto (0.17s)
    --- PASS: TestOracleSeqout/se_fq_gz_flag (0.17s)
    --- PASS: TestOracleSeqout/pe_fq_plain (0.14s)
    --- PASS: TestOracleSeqout/pe_fq_gz_auto (0.22s)
    --- PASS: TestOracleSeqout/se_fq_q20 (0.08s)
    --- PASS: TestOracleSeqout/pe_fq_gz_q20 (0.24s)
    --- PASS: TestOracleSeqout/se_fa (0.05s)
    --- PASS: TestOracleSeqout/se_fa_wrap (0.06s)
    --- PASS: TestOracleSeqout/pe_fa_wrap_gz (0.13s)
    --- PASS: TestOracleSeqout/pe_fa_plain (0.10s)
    --- PASS: TestOracleSeqout/se_fq_crlf (0.08s)
    --- PASS: TestOracleSeqout/pe_fq_crlf (0.15s)
    --- PASS: TestOracleSeqout/pe_fq_slash_tab (0.14s)
    --- PASS: TestOracleSeqout/se_fq_gz_multimember (0.17s)
    --- PASS: TestOracleSeqout/pe_fq_gz_multimember (0.24s)
    --- PASS: TestOracleSeqout/se_fq_gz_zeropad (0.17s)
    --- PASS: TestOracleSeqout/se_fq_gz_garbage (0.17s)
    --- PASS: TestOracleSeqout/se_fq_gz_truncated (0.09s)
    --- PASS: TestOracleSeqout/se_fq_gzflag_on_plain (0.00s)
    --- PASS: TestOracleSeqout/se_fq_bz2_auto (1.38s)
    --- PASS: TestOracleSeqout/se_fq_bz2_flag (1.37s)
    --- PASS: TestOracleSeqout/pe_fq_bz2_auto (1.42s)
    --- PASS: TestOracleSeqout/se_fq_bz2_garbage (1.37s)
    --- PASS: TestOracleSeqout/se_fq_malformed (0.07s)
    --- PASS: TestOracleSeqout/pe_fq_mate2_short (0.14s)
    --- PASS: TestOracleSeqout/pe_fq_mate1_short (0.14s)
    --- PASS: TestOracleSeqout/se_empty (0.00s)
    --- PASS: TestOracleSeqout/se_fq_no_final_newline (0.07s)
    --- PASS: TestOracleSeqout/se_fa_no_final_newline (0.06s)
    --- PASS: TestOracleSeqout/ERR478965_se_fq_plain (0.07s)
    --- PASS: TestOracleSeqout/ERR478965_se_fq_gz_auto (0.16s)
    --- PASS: TestOracleSeqout/ERR478965_pe_fq_plain (0.14s)
    --- PASS: TestOracleSeqout/ERR478965_pe_fq_gz_auto (0.20s)
PASS
ok  	github.com/scttfrdmn/aws-kraken2/internal/seqout	9.363s
go test seqout exit 0
=== RUN   TestOracleDecompress
--- PASS: TestOracleDecompress (3.41s)
PASS
ok  	github.com/scttfrdmn/aws-kraken2/internal/seqio	3.472s
go test seqio exit 0
result: PASS
