spawn: shell options for --command: $-=ehB
spawn: errexit is ON. set -uo pipefail does NOT clear it; use set +e to opt out.
spawn: [2026-10-08T05:05:12Z] wrapper start
spawn: [2026-10-08T05:05:12Z] stage-in start
spawn: [2026-10-08T05:05:12Z] stage-in done rc=0
spawn: [2026-10-08T05:05:12Z] command start
ak2-stub: inherited $-=hBc
ak2-stub: imds region=us-west-2 expected=us-west-2 payload bucket aws-kraken2-942542972736-us-west-2 region=us-west-2
ak2-stub: payload verified (sha256 e5968e160cf17aa8e00a2be74c3be85a2a29e0fd606d82659853ee315c6730f4); exec
ak2: log tee up
ak2-phase	2026-10-08T05:05:12Z	1791435912	preamble	no
ak2: [2026-10-08T05:05:12Z] inherited $-=hBc (stub, as spawn started it: $-=hBc)
ak2: [2026-10-08T05:05:12Z] after set +e $-=hBc
ak2: [2026-10-08T05:05:12Z] gate=g3 run=20261008-050436-8a6dbe6-b5de-n1-r0
ak2: [2026-10-08T05:05:12Z] aws shim installed and self-tested (/tmp/ak2-bin/aws -> /usr/bin/aws)
ak2: [2026-10-08T05:05:12Z] imds region=us-west-2 az=us-west-2a instance=i-044c4f5b0c43bf3a8 type=x8g.24xlarge ami=ami-09325776a00699513
ak2: [2026-10-08T05:05:12Z] bucket aws-kraken2-942542972736-us-west-2 region=us-west-2
ak2: [2026-10-08T05:05:13Z] bucket aws-kraken2-942542972736-us-west-2 payer=UNKNOWN
ak2: [2026-10-08T05:05:13Z] WARN: could not read Payer of aws-kraken2-942542972736-us-west-2 from the instance (launch host verified it)
ak2: [2026-10-08T05:05:13Z] bucket kraken2-ncbi-refseq-complete-v205 region=us-west-2
ak2: [2026-10-08T05:05:14Z] bucket kraken2-ncbi-refseq-complete-v205 payer=BucketOwner
ak2: [2026-10-08T05:05:14Z] region assert passed
ak2: [2026-10-08T05:05:14Z] drop_caches_ok=true
ak2: [2026-10-08T05:05:14Z] preamble done; spec body starts
ak2-phase	2026-10-08T05:05:14Z	1791435914	body	no
ak2: [2026-10-08T05:05:14Z] e2 cohort 20261008-050436-8a6dbe6-b5de-n1 rank 0 of 1, commit 8a6dbe6; RODA kraken2-ncbi-refseq-complete-v205/Kraken2_RefSeqCompleteV205; samples aws-kraken2-942542972736-us-west-2/aws-kraken2/data/cohort; cohort 100
ak2-phase	2026-10-08T05:05:14Z	1791435914	setup	no
ak2: [2026-10-08T05:05:50Z] built 8a6dbe61ab3ad3cae0bda631ba8d1136b09e1972; go version go1.27.1 linux/arm64; ip 172.31.31.58; nproc 96; mem_gib 1484; threads 16, inflight 12
ak2-phase	2026-10-08T05:05:50Z	1791435950	manifest	no
ak2: [2026-10-08T05:05:50Z] staged s3://kraken2-ncbi-refseq-complete-v205/Kraken2_RefSeqCompleteV205/opts.k2d -> /home/ec2-user/ak2/db/roda/opts.k2d (56 bytes)
ak2: [2026-10-08T05:05:52Z] staged s3://kraken2-ncbi-refseq-complete-v205/Kraken2_RefSeqCompleteV205/taxo.k2d -> /home/ec2-user/ak2/db/roda/taxo.k2d (179150665 bytes)
ak2: [2026-10-08T05:05:52Z] RODA hash.k2d etag=f80959f9556b50d76b3e744afdd3b22a-8860 size=1189091671800
ak2: [2026-10-08T05:05:53Z] pushed out/rank0/c100.tsv
ak2: [2026-10-08T05:05:53Z] pushed out/rank0/placement.tsv
ak2: [2026-10-08T05:05:53Z] manifest c100: 203 lines in 5 batches; rank 0 reads 100 samples
ak2-phase	2026-10-08T05:05:53Z	1791435953	fetch	no
ak2: [2026-10-08T05:07:22Z] ERROR: input fetch failed
spawn: [2026-10-08T05:07:23Z] command exit rc=1
