make run: bucket aws-kraken2-942542972736-us-west-2 is in us-west-2
make run: bucket kraken2-ncbi-refseq-complete-v205 is in us-west-2
make run: run 20261008-150917-a6b2c95-9214-n16-r7  task ak2-g3-20261008-150917-a6b2c95-9214-n16-r7  ->  s3://aws-kraken2-942542972736-us-west-2/aws-kraken2/g3/20261008-150917-a6b2c95-9214-n16-r7
make run: user data: 12653 of 16384 bytes after base64 decoding (refuse above 15360)
make run: plan: Instance: c8g.12xlarge (0 vCPU, 0 GiB)
make run: launched i-01db948b4bd8dcb60 (c8g.12xlarge) in us-west-2
  | ak2: log tee up
  | ak2-phase	2026-10-08T15:09:54Z	1791472194	preamble	no
  | ak2: [2026-10-08T15:09:54Z] inherited $-=hBc (stub, as spawn started it: $-=hBc)
  | ak2: [2026-10-08T15:09:54Z] after set +e $-=hBc
  | ak2: [2026-10-08T15:09:54Z] gate=g3 run=20261008-150917-a6b2c95-9214-n16-r7
  | ak2: [2026-10-08T15:09:54Z] aws shim installed and self-tested (/tmp/ak2-bin/aws -> /usr/bin/aws)
  | ak2: [2026-10-08T15:09:54Z] imds region=us-west-2 az=us-west-2a instance=i-01db948b4bd8dcb60 type=c8g.12xlarge ami=ami-09325776a00699513
  | ak2: [2026-10-08T15:09:54Z] bucket aws-kraken2-942542972736-us-west-2 region=us-west-2
  | ak2: [2026-10-08T15:09:55Z] bucket aws-kraken2-942542972736-us-west-2 payer=UNKNOWN
  | ak2: [2026-10-08T15:09:55Z] WARN: could not read Payer of aws-kraken2-942542972736-us-west-2 from the instance (launch host verified it)
  | ak2: [2026-10-08T15:09:55Z] bucket kraken2-ncbi-refseq-complete-v205 region=us-west-2
  | ak2: [2026-10-08T15:09:56Z] bucket kraken2-ncbi-refseq-complete-v205 payer=BucketOwner
  | ak2: [2026-10-08T15:09:56Z] region assert passed
  | ak2: [2026-10-08T15:09:56Z] drop_caches_ok=true
  | ak2: [2026-10-08T15:09:57Z] preamble done; spec body starts
  | ak2-phase	2026-10-08T15:09:57Z	1791472197	body	no
  | ak2: [2026-10-08T15:09:57Z] e3 cohort 20261008-150917-a6b2c95-9214-n16 rank 7 of 16, commit a6b2c95; RODA kraken2-ncbi-refseq-complete-v205/Kraken2_RefSeqCompleteV205; samples aws-kraken2-942542972736-us-west-2/aws-kraken2/data/cohort; cohort 100
  | ak2-phase	2026-10-08T15:09:57Z	1791472197	setup	no
  | ak2: [2026-10-08T15:10:35Z] built a6b2c95e321fbcb6096c941622994b6dd277e936; go version go1.27.1 linux/arm64; ip 172.31.20.53; nproc 48; mem_gib 92; threads 16, inflight 3
  | ak2-phase	2026-10-08T15:10:35Z	1791472235	manifest	no
  | ak2: [2026-10-08T15:10:36Z] staged s3://kraken2-ncbi-refseq-complete-v205/Kraken2_RefSeqCompleteV205/opts.k2d -> /home/ec2-user/ak2/db/roda/opts.k2d (56 bytes)
  | ak2: [2026-10-08T15:10:37Z] staged s3://kraken2-ncbi-refseq-complete-v205/Kraken2_RefSeqCompleteV205/taxo.k2d -> /home/ec2-user/ak2/db/roda/taxo.k2d (179150665 bytes)
  | ak2: [2026-10-08T15:10:38Z] RODA hash.k2d etag=f80959f9556b50d76b3e744afdd3b22a-8860 size=1189091671800
  | ak2: [2026-10-08T15:10:38Z] pushed out/rank7/c100.tsv
  | ak2: [2026-10-08T15:10:39Z] pushed out/rank7/placement.tsv
  | ak2: [2026-10-08T15:10:39Z] manifest c100: 306 lines in 9 batches; rank 7 reads 13 samples
  | ak2-phase	2026-10-08T15:10:39Z	1791472239	fetch	no
  | ak2: [2026-10-08T15:10:49Z] inputs staged and verified: 26 files, 12.83 GB
  | ak2: [2026-10-08T15:10:49Z] manifest c100: cohort: 306 samples in 9 batches check
  | ak2-phase	2026-10-08T15:10:49Z	1791472249	inv-c100	no
  | [c100] ak2-timing	taxo	0.003412	0.098207	87840	0	0.000726	0.100800
  | [c100] ak2-engine	mem	t_s	15.0	rss_kib	38487840	hwm_kib	38487844	heap_inuse	407060480	sys	440392040	avail_kib	56513052
  | [c100] ak2-timing	shard-load-7	0.176898	28.541744	42893	0	37.971785	41.407515
  | [c100] ak2-engine	mem	t_s	30.0	rss_kib	72978624	hwm_kib	72978628	heap_inuse	410124288	sys	444586344	avail_kib	22104380
  | [c100] ak2-engine	mem	t_s	45.0	rss_kib	72979412	hwm_kib	72979416	heap_inuse	411738112	sys	444586344	avail_kib	22331404
  | [c100] ak2-timing	rendezvous	29.174561	16.004339	2319	0	0.029085	0.019368
  | [c100] ak2-timing	connect	45.178920	0.545163	28417	0	0.572319	0.145929
  | [c100] ak2-timing	hash	0.101646	45.622475	75501	0	38.574363	41.587476
  | [c100] ak2-engine	mem	t_s	60.0	rss_kib	84467072	hwm_kib	84467076	heap_inuse	12421382144	sys	12579439608	avail_kib	10900348
  | [c100] ak2-engine	mem	t_s	75.0	rss_kib	84469328	hwm_kib	84469332	heap_inuse	12423692288	sys	12579439608	avail_kib	10879112
  | [c100] ak2-engine	mem	t_s	90.0	rss_kib	85462768	hwm_kib	85462768	heap_inuse	9808642048	sys	13593629928	avail_kib	9937872
  | [c100] ak2-engine	mem	t_s	105.0	rss_kib	85462768	hwm_kib	85462768	heap_inuse	9808658432	sys	13593629928	avail_kib	9949652
  | [c100] ak2-engine	mem	t_s	120.0	rss_kib	85462768	hwm_kib	85462768	heap_inuse	9808666624	sys	13593629928	avail_kib	9968716
  | [c100] ak2-engine	mem	t_s	135.0	rss_kib	85462768	hwm_kib	85462768	heap_inuse	9808683008	sys	13593629928	avail_kib	9968800
  | [c100] ak2-engine	mem	t_s	150.1	rss_kib	85462772	hwm_kib	85462772	heap_inuse	9808691200	sys	13593629928	avail_kib	9965596
  | [c100] ak2-engine	mem	t_s	165.1	rss_kib	85462772	hwm_kib	85462772	heap_inuse	9808707584	sys	13593629928	avail_kib	9967220
  | [c100] ak2-engine	mem	t_s	180.1	rss_kib	85463748	hwm_kib	85463748	heap_inuse	9812246528	sys	13593629928	avail_kib	9964412
  | [c100] ak2-engine	mem	t_s	195.1	rss_kib	85463748	hwm_kib	85463748	heap_inuse	9812262912	sys	13593629928	avail_kib	9954480
  | [c100] ak2-sample	batch	0	name	0-SRR5935801	mode	parallel	s3client	sdk	rank	7	role	home	inflight	3	threads	16	start_s	45.724174	wall_s	151.287238	setup_s	0.000066	classify_s	151.285452	close_s	0.000000	report_s	0.000000	status	1	sequences	268436	bases	50338954	classified	250909	place	lpt	weight	13162386
  | [c100] ak2-sample	batch	0	name	0-SRR5935813	mode	parallel	s3client	sdk	rank	7	role	home	inflight	3	threads	16	start_s	45.724175	wall_s	151.372649	setup_s	0.000071	classify_s	151.370972	close_s	0.000000	report_s	0.000000	status	1	sequences	192575	bases	35951621	classified	182863	place	lpt	weight	16980616
  | [c100] ak2-sample	batch	0	name	0-SRR5935784	mode	parallel	s3client	sdk	rank	7	role	home	inflight	3	threads	16	start_s	45.724177	wall_s	151.384411	setup_s	0.000066	classify_s	151.383232	close_s	0.000000	report_s	0.000000	status	1	sequences	229458	bases	43181478	classified	225466	place	lpt	weight	14800056
  | [c100] ak2-sample	batch	0	name	0-SRR5935829	mode	parallel	s3client	sdk	rank	7	role	home	inflight	3	threads	16	start_s	197.011443	wall_s	0.437535	setup_s	0.001666	classify_s	0.435859	close_s	0.000000	report_s	0.000000	status	1	sequences	0	bases	0	classified	0	place	lpt	weight	11220767
  | [c100] ak2-sample	batch	0	name	0-SRR5935755	mode	parallel	s3client	sdk	rank	7	role	home	inflight	3	threads	16	start_s	197.108615	wall_s	0.485220	setup_s	0.000053	classify_s	0.485157	close_s	0.000000	report_s	0.000000	status	1	sequences	0	bases	0	classified	0	place	lpt	weight	6071697
  | [c100] ak2-sample	batch	0	name	0-SRR5935818	mode	parallel	s3client	sdk	rank	7	role	home	inflight	3	threads	16	start_s	197.096865	wall_s	0.534964	setup_s	0.000062	classify_s	0.534899	close_s	0.000000	report_s	0.000000	status	1	sequences	0	bases	0	classified	0	place	lpt	weight	8877621
  | [c100] ak2-engine	mem	t_s	210.1	rss_kib	85886088	hwm_kib	85886088	heap_inuse	8325832704	sys	13942469848	avail_kib	9600972
  | [c100] ak2-engine	mem	t_s	225.1	rss_kib	85886280	hwm_kib	85886280	heap_inuse	8326176768	sys	13942731992	avail_kib	9580396
  | [c100] ak2-engine	mem	t_s	240.1	rss_kib	85886504	hwm_kib	85886504	heap_inuse	8326701056	sys	13942731992	avail_kib	9634776
  | [c100] ak2-engine	mem	t_s	255.1	rss_kib	85886640	hwm_kib	85886640	heap_inuse	8327118848	sys	13942731992	avail_kib	9630236
  | [c100] ak2-engine	mem	t_s	270.1	rss_kib	85886724	hwm_kib	85886724	heap_inuse	8327725056	sys	13942731992	avail_kib	9619716
  | [c100] ak2-engine	mem	t_s	285.1	rss_kib	85886724	hwm_kib	85886724	heap_inuse	8328265728	sys	13942731992	avail_kib	9620516
  | [c100] ak2-engine	mem	t_s	300.1	rss_kib	85886728	hwm_kib	85886728	heap_inuse	8328937472	sys	13942731992	avail_kib	9622960
  | [c100] ak2-engine	mem	t_s	315.1	rss_kib	85886728	hwm_kib	85886728	heap_inuse	8329543680	sys	13942731992	avail_kib	9618188
  | Terminated
  | ak2: [2026-10-08T15:16:11Z] spec body exit rc=129 (SIGHUP)
  | ak2-phase	2026-10-08T15:16:11Z	1791472571	end	no
make run: instance is shutting-down
make run: tag-objects: s3://aws-kraken2-942542972736-us-west-2/aws-kraken2/g3/20261008-150917-a6b2c95-9214-n16-r7/: 6 objects, 5 tagged now, 1 already tagged, 0 failed
make run: run dir: results/g3/20261008-150917-a6b2c95-9214-n16-r7  (task exit 99, state terminated, cost $0.207376)
orphans: this run's instance(s) and task ak2-g3-20261008-150917-a6b2c95-9214-n16-r7 are gone (18 regions checked)
