ak2: log tee up
ak2-phase	2026-10-08T05:24:17Z	1791437057	preamble	no
ak2: [2026-10-08T05:24:17Z] inherited $-=hBc (stub, as spawn started it: $-=hBc)
ak2: [2026-10-08T05:24:17Z] after set +e $-=hBc
ak2: [2026-10-08T05:24:17Z] gate=g3 run=20261008-052324-306f827-765d-n16-r15
ak2: [2026-10-08T05:24:17Z] aws shim installed and self-tested (/tmp/ak2-bin/aws -> /usr/bin/aws)
ak2: [2026-10-08T05:24:17Z] imds region=us-west-2 az=us-west-2a instance=i-05bcd7f31b61c9e98 type=c8g.12xlarge ami=ami-09325776a00699513
ak2: [2026-10-08T05:24:17Z] bucket aws-kraken2-942542972736-us-west-2 region=us-west-2
ak2: [2026-10-08T05:24:18Z] bucket aws-kraken2-942542972736-us-west-2 payer=UNKNOWN
ak2: [2026-10-08T05:24:18Z] WARN: could not read Payer of aws-kraken2-942542972736-us-west-2 from the instance (launch host verified it)
ak2: [2026-10-08T05:24:18Z] bucket kraken2-ncbi-refseq-complete-v205 region=us-west-2
ak2: [2026-10-08T05:24:18Z] bucket kraken2-ncbi-refseq-complete-v205 payer=BucketOwner
ak2: [2026-10-08T05:24:18Z] region assert passed
ak2: [2026-10-08T05:24:18Z] drop_caches_ok=true
ak2: [2026-10-08T05:24:19Z] preamble done; spec body starts
ak2-phase	2026-10-08T05:24:19Z	1791437059	body	no
ak2: [2026-10-08T05:24:19Z] e3 cohort 20261008-052324-306f827-765d-n16 rank 15 of 16, commit 306f827; RODA kraken2-ncbi-refseq-complete-v205/Kraken2_RefSeqCompleteV205; samples aws-kraken2-942542972736-us-west-2/aws-kraken2/data/cohort; cohort 100
ak2-phase	2026-10-08T05:24:19Z	1791437059	setup	no
ak2: [2026-10-08T05:24:54Z] built 306f827679d55c2395743f532e6da71aeae1bc11; go version go1.27.1 linux/arm64; ip 172.31.26.163; nproc 48; mem_gib 92; threads 16, inflight 6
ak2-phase	2026-10-08T05:24:54Z	1791437094	manifest	no
ak2: [2026-10-08T05:24:54Z] staged s3://kraken2-ncbi-refseq-complete-v205/Kraken2_RefSeqCompleteV205/opts.k2d -> /home/ec2-user/ak2/db/roda/opts.k2d (56 bytes)
ak2: [2026-10-08T05:24:55Z] staged s3://kraken2-ncbi-refseq-complete-v205/Kraken2_RefSeqCompleteV205/taxo.k2d -> /home/ec2-user/ak2/db/roda/taxo.k2d (179150665 bytes)
ak2: [2026-10-08T05:24:56Z] RODA hash.k2d etag=f80959f9556b50d76b3e744afdd3b22a-8860 size=1189091671800
ak2: [2026-10-08T05:24:56Z] pushed out/rank15/c100.tsv
ak2: [2026-10-08T05:24:56Z] pushed out/rank15/placement.tsv
ak2: [2026-10-08T05:24:56Z] manifest c100: 306 lines in 9 batches; rank 15 reads 13 samples
ak2-phase	2026-10-08T05:24:56Z	1791437096	fetch	no
ak2: [2026-10-08T05:25:06Z] inputs staged and verified: 26 files, 13.86 GB
ak2: [2026-10-08T05:25:06Z] manifest c100: cohort: 306 samples in 9 batches check
ak2-phase	2026-10-08T05:25:06Z	1791437106	inv-c100	no
[c100] ak2-timing	taxo	0.003124	0.112193	87911	0	0.034057	0.081818
[c100] ak2-timing	shard-load-15	0.189588	27.334795	42831	0	36.252112	32.407621
[c100] ak2-timing	rendezvous	27.989822	0.452647	299	0	0.003239	0.002899
[c100] ak2-timing	connect	28.442478	0.146426	19	0	0.000706	0.000632
[c100] ak2-timing	hash	0.115375	28.473539	44960	0	36.267832	32.414279
Terminated
ak2: [2026-10-08T05:29:51Z] spec body exit rc=129 (SIGHUP)
ak2-phase	2026-10-08T05:29:51Z	1791437391	end	no
